Traceback (most recent call last):
  File "C:\MyStuff\VS\MECup\backend\plc\endpoints.py", line 403, in scan_start
    manager.write_bit("M5", [1])
  File "C:\MyStuff\VS\MECup\backend\plc\connection.py", line 117, in write_bit
    raise e
  File "C:\MyStuff\VS\MECup\backend\plc\connection.py", line 113, in write_bit
    mc.write_bit(self._sock, device, value_list)
  File "C:\MyStuff\VS\MECup\backend\plc\mc_protocol_fixed.py", line 282, in write_bit
    raise e
  File "C:\MyStuff\VS\MECup\backend\plc\mc_protocol_fixed.py", line 277, in write_bit
    result = recv_PLC_data_wirte(s)
  File "C:\MyStuff\VS\MECup\backend\plc\mc_protocol_fixed.py", line 91, in recv_PLC_data_wirte
    raise ConnectionError("PLC Connection Closed")
ConnectionError: PLC Connection Closed
2026-02-08 08:05:49,121 [WARNING] [Inference] TensorRT or cuda-python not installed: No module named 'tensorrt'
2026-02-08 08:05:49,801 [INFO] [Inference] Using GPU
2026-02-08 08:05:49,801 [INFO] [Inference] Loading OpenVINO model from C:\MyStuff\VS\MECup\backend\inference\openvino_model\model.xml
2026-02-08 08:05:50,657 [INFO] [Inference] Using OpenVINO backend on GPU
2026-02-08 08:05:50,847 [INFO] [Inference] Model ready (openvino)
2026-02-08 08:05:51,682 [WARNING] [Inference] TensorRT or cuda-python not installed: No module named 'tensorrt'
2026-02-08 08:05:51,947 [INFO] [Inference] Using GPU
2026-02-08 08:05:51,949 [INFO] [Inference] Loading OpenVINO model from C:\MyStuff\VS\MECup\backend\inference\openvino_model\model.xml
2026-02-08 08:05:52,623 [INFO] [Inference] Using OpenVINO backend on GPU
2026-02-08 08:05:52,852 [INFO] [Inference] Model ready (openvino)
2026-02-08 08:05:52,862 [ERROR] Polling thread error: PLC disconnected: timed out
2026-02-08 08:05:55,939 [ERROR] Polling thread error: PLC disconnected: timed out
2026-02-08 08:05:59,016 [ERROR] Polling thread error: PLC disconnected: timed out
2026-02-08 08:06:02,093 [ERROR] Polling thread error: PLC disconnected: timed out
2026-02-08 08:06:05,179 [ERROR] Polling thread error: PLC disconnected: timed out
2026-02-08 08:06:08,273 [ERROR] Polling thread error: PLC disconnected: timed out
2026-02-08 08:06:11,371 [ERROR] Polling thread error: PLC disconnected: timed out
2026-02-08 08:06:14,459 [ERROR] Polling thread error: PLC disconnected: timed out
2026-02-08 08:06:17,550 [ERROR] Polling thread error: PLC disconnected: timed out
2026-02-08 08:06:20,637 [ERROR] Polling thread error: PLC disconnected: timed out
2026-02-08 08:06:23,723 [ERROR] Polling thread error: PLC disconnected: timed out
2026-02-08 08:06:26,822 [ERROR] Polling thread error: PLC disconnected: timed out
2026-02-08 08:06:29,900 [ERROR] Polling thread error: PLC disconnected: timed out
2026-02-08 08:06:32,986 [ERROR] Polling thread error: PLC disconnected: timed out
2026-02-08 08:06:36,081 [ERROR] Polling thread error: PLC disconnected: timed out
2026-02-08 08:06:39,182 [ERROR] Polling thread error: PLC disconnected: timed out
2026-02-08 08:06:42,275 [ERROR] Polling thread error: PLC disconnected: timed out
2026-02-08 08:06:45,351 [ERROR] Polling thread error: PLC disconnected: timed out
2026-02-08 08:06:48,428 [ERROR] Polling thread error: PLC disconnected: timed out
2026-02-08 08:06:51,505 [ERROR] Polling thread error: PLC disconnected: timed out
2026-02-08 08:06:54,582 [ERROR] Polling thread error: PLC disconnected: timed out
2026-02-08 08:06:57,662 [ERROR] Polling thread error: PLC disconnected: timed out
2026-02-08 08:07:00,740 [ERROR] Polling thread error: PLC disconnected: timed out
2026-02-08 08:07:03,816 [ERROR] Polling thread error: PLC disconnected: timed out
2026-02-08 08:07:06,894 [ERROR] Polling thread error: PLC disconnected: timed out
2026-02-08 08:07:09,971 [ERROR] Polling thread error: PLC disconnected: timed out
2026-02-08 08:07:13,048 [ERROR] Polling thread error: PLC disconnected: timed out
2026-02-08 08:07:16,125 [ERROR] Polling thread error: PLC disconnected: timed out
2026-02-08 08:07:19,203 [ERROR] Polling thread error: PLC disconnected: timed out
2026-02-08 08:07:22,280 [ERROR] Polling thread error: PLC disconnected: timed out
2026-02-08 08:07:25,357 [ERROR] Polling thread error: PLC disconnected: timed out
2026-02-08 08:07:28,434 [ERROR] Polling thread error: PLC disconnected: timed out
2026-02-08 08:07:31,511 [ERROR] Polling thread error: PLC disconnected: timed out
2026-02-08 08:07:34,588 [ERROR] Polling thread error: PLC disconnected: timed out
2026-02-08 08:07:37,666 [ERROR] Polling thread error: PLC disconnected: timed out
2026-02-08 08:07:40,742 [ERROR] Polling thread error: PLC disconnected: timed out
2026-02-08 08:07:43,819 [ERROR] Polling thread error: PLC disconnected: timed out
2026-02-08 08:07:46,896 [ERROR] Polling thread error: PLC disconnected: timed out
2026-02-08 08:07:49,973 [ERROR] Polling thread error: PLC disconnected: timed out
2026-02-08 08:07:53,056 [ERROR] Polling thread error: PLC disconnected: timed out
2026-02-08 08:07:56,152 [ERROR] Polling thread error: PLC disconnected: timed out
2026-02-08 08:07:59,252 [ERROR] Polling thread error: PLC disconnected: timed out
2026-02-08 08:08:02,340 [ERROR] Polling thread error: PLC disconnected: timed out
2026-02-08 08:08:05,431 [ERROR] Polling thread error: PLC disconnected: timed out
2026-02-08 08:08:08,526 [ERROR] Polling thread error: PLC disconnected: timed out
2026-02-08 08:08:11,631 [ERROR] Polling thread error: PLC disconnected: timed out
2026-02-08 08:08:14,722 [ERROR] Polling thread error: PLC disconnected: timed out
2026-02-08 08:08:17,812 [ERROR] Polling thread error: PLC disconnected: timed out
2026-02-08 08:08:20,903 [ERROR] Polling thread error: PLC disconnected: timed out
2026-02-08 08:08:24,005 [ERROR] Polling thread error: PLC disconnected: timed out
2026-02-08 08:08:27,104 [ERROR] Polling thread error: PLC disconnected: timed out
2026-02-08 08:08:30,208 [ERROR] Polling thread error: PLC disconnected: timed out
2026-02-08 08:08:33,292 [ERROR] Polling thread error: PLC disconnected: timed out
2026-02-08 08:08:36,379 [ERROR] Polling thread error: PLC disconnected: timed out
2026-02-08 08:08:39,486 [ERROR] Polling thread error: PLC disconnected: timed out
2026-02-08 08:08:42,590 [ERROR] Polling thread error: PLC disconnected: timed out
2026-02-08 08:08:45,695 [ERROR] Polling thread error: PLC disconnected: timed out
2026-02-08 08:08:48,785 [ERROR] Polling thread error: PLC disconnected: timed out
2026-02-08 08:08:51,881 [ERROR] Polling thread error: PLC disconnected: timed out
2026-02-08 08:08:54,974 [ERROR] Polling thread error: PLC disconnected: timed out
2026-02-08 08:08:58,076 [ERROR] Polling thread error: PLC disconnected: timed out
2026-02-08 08:09:01,167 [ERROR] Polling thread error: PLC disconnected: timed out
2026-02-08 08:09:04,253 [ERROR] Polling thread error: PLC disconnected: timed out
2026-02-08 08:09:07,349 [ERROR] Polling thread error: PLC disconnected: timed out
2026-02-08 08:09:10,441 [ERROR] Polling thread error: PLC disconnected: timed out
2026-02-08 08:09:13,528 [ERROR] Polling thread error: PLC disconnected: timed out
2026-02-08 08:09:16,624 [ERROR] Polling thread error: PLC disconnected: timed out
2026-02-08 08:09:19,710 [ERROR] Polling thread error: PLC disconnected: timed out
2026-02-08 08:09:22,803 [ERROR] Polling thread error: PLC disconnected: timed out
2026-02-08 08:09:25,895 [ERROR] Polling thread error: PLC disconnected: timed out
2026-02-08 08:09:28,995 [ERROR] Polling thread error: PLC disconnected: timed out
2026-02-08 08:09:32,096 [ERROR] Polling thread error: PLC disconnected: timed out
2026-02-08 08:09:35,198 [ERROR] Polling thread error: PLC disconnected: timed out
2026-02-08 08:09:38,290 [ERROR] Polling thread error: PLC disconnected: timed out
2026-02-08 08:09:41,385 [ERROR] Polling thread error: PLC disconnected: timed out
2026-02-08 08:09:44,472 [ERROR] Polling thread error: PLC disconnected: timed out
2026-02-08 08:09:47,566 [ERROR] Polling thread error: PLC disconnected: timed out
2026-02-08 08:09:50,651 [ERROR] Polling thread error: PLC disconnected: timed out
2026-02-08 08:09:53,753 [ERROR] Polling thread error: PLC disconnected: timed out
2026-02-08 08:09:56,835 [ERROR] Polling thread error: PLC disconnected: timed out
2026-02-08 08:09:59,928 [ERROR] Polling thread error: PLC disconnected: timed out
2026-02-08 08:10:03,018 [ERROR] Polling thread error: PLC disconnected: timed out
2026-02-08 08:10:06,114 [ERROR] Polling thread error: PLC disconnected: timed out
2026-02-08 08:10:09,212 [ERROR] Polling thread error: PLC disconnected: timed out
2026-02-08 08:10:12,302 [ERROR] Polling thread error: PLC disconnected: timed out
2026-02-08 08:10:15,397 [ERROR] Polling thread error: PLC disconnected: timed out
2026-02-08 08:10:18,484 [ERROR] Polling thread error: PLC disconnected: timed out
2026-02-08 08:10:21,572 [ERROR] Polling thread error: PLC disconnected: timed out
2026-02-08 08:10:24,665 [ERROR] Polling thread error: PLC disconnected: timed out
2026-02-08 08:10:27,761 [ERROR] Polling thread error: PLC disconnected: timed out
2026-02-08 08:10:30,852 [ERROR] Polling thread error: PLC disconnected: timed out
2026-02-08 08:10:33,938 [ERROR] Polling thread error: PLC disconnected: timed out
2026-02-08 08:10:37,040 [ERROR] Polling thread error: PLC disconnected: timed out
2026-02-08 08:10:40,136 [ERROR] Polling thread error: PLC disconnected: timed out
2026-02-08 08:10:43,226 [ERROR] Polling thread error: PLC disconnected: timed out
2026-02-08 08:10:46,314 [ERROR] Polling thread error: PLC disconnected: timed out
2026-02-08 08:10:49,402 [ERROR] Polling thread error: PLC disconnected: timed out
2026-02-08 08:10:52,501 [ERROR] Polling thread error: PLC disconnected: timed out
2026-02-08 08:10:55,588 [ERROR] Polling thread error: PLC disconnected: timed out
2026-02-08 08:10:58,683 [ERROR] Polling thread error: PLC disconnected: timed out
2026-02-08 08:11:01,777 [ERROR] Polling thread error: PLC disconnected: timed out
2026-02-08 08:11:04,867 [ERROR] Polling thread error: PLC disconnected: timed out
2026-02-08 08:11:07,945 [ERROR] Polling thread error: PLC disconnected: timed out
2026-02-08 08:11:11,023 [ERROR] Polling thread error: PLC disconnected: timed out
2026-02-08 08:11:14,101 [ERROR] Polling thread error: PLC disconnected: timed out
2026-02-08 08:11:17,177 [ERROR] Polling thread error: PLC disconnected: timed out
2026-02-08 08:11:20,254 [ERROR] Polling thread error: PLC disconnected: timed out
2026-02-08 08:11:23,332 [ERROR] Polling thread error: PLC disconnected: timed out
2026-02-08 08:11:26,408 [ERROR] Polling thread error: PLC disconnected: timed out
2026-02-08 08:11:29,487 [ERROR] Polling thread error: PLC disconnected: timed out
2026-02-08 08:11:32,565 [ERROR] Polling thread error: PLC disconnected: timed out
2026-02-08 08:11:35,643 [ERROR] Polling thread error: PLC disconnected: timed out
2026-02-08 08:11:38,719 [ERROR] Polling thread error: PLC disconnected: timed out
2026-02-08 08:11:41,796 [ERROR] Polling thread error: PLC disconnected: timed out
2026-02-08 08:11:44,873 [ERROR] Polling thread error: PLC disconnected: timed out
2026-02-08 08:11:47,958 [ERROR] Polling thread error: PLC disconnected: timed out
2026-02-08 08:11:51,035 [ERROR] Polling thread error: PLC disconnected: timed out
2026-02-08 08:11:54,111 [ERROR] Polling thread error: PLC disconnected: timed out
2026-02-08 08:11:57,188 [ERROR] Polling thread error: PLC disconnected: timed out
2026-02-08 08:12:00,265 [ERROR] Polling thread error: PLC disconnected: timed out
2026-02-08 08:12:03,342 [ERROR] Polling thread error: PLC disconnected: timed out
2026-02-08 08:12:06,419 [ERROR] Polling thread error: PLC disconnected: timed out
2026-02-08 08:12:09,496 [ERROR] Polling thread error: PLC disconnected: timed out
2026-02-08 08:12:12,574 [ERROR] Polling thread error: PLC disconnected: timed out
2026-02-08 08:12:15,651 [ERROR] Polling thread error: PLC disconnected: timed out
2026-02-08 08:12:18,728 [ERROR] Polling thread error: PLC disconnected: timed out
2026-02-08 08:12:21,805 [ERROR] Polling thread error: PLC disconnected: timed out
2026-02-08 08:12:24,883 [ERROR] Polling thread error: PLC disconnected: timed out
2026-02-08 08:12:27,959 [ERROR] Polling thread error: PLC disconnected: timed out
2026-02-08 08:12:31,036 [ERROR] Polling thread error: PLC disconnected: timed out
2026-02-08 08:12:34,115 [ERROR] Polling thread error: PLC disconnected: timed out
2026-02-08 08:12:37,193 [ERROR] Polling thread error: PLC disconnected: timed out
2026-02-08 08:12:40,273 [ERROR] Polling thread error: PLC disconnected: timed out
2026-02-08 08:12:43,350 [ERROR] Polling thread error: PLC disconnected: timed out
2026-02-08 08:12:46,427 [ERROR] Polling thread error: PLC disconnected: timed out
2026-02-08 08:12:49,504 [ERROR] Polling thread error: PLC disconnected: timed out
2026-02-08 08:12:52,582 [ERROR] Polling thread error: PLC disconnected: timed out
2026-02-08 08:12:55,658 [ERROR] Polling thread error: PLC disconnected: timed out
2026-02-08 08:12:58,735 [ERROR] Polling thread error: PLC disconnected: timed out
2026-02-08 08:13:01,813 [ERROR] Polling thread error: PLC disconnected: timed out
2026-02-08 08:13:04,890 [ERROR] Polling thread error: PLC disconnected: timed out
2026-02-08 08:13:07,966 [ERROR] Polling thread error: PLC disconnected: timed out
2026-02-08 08:13:11,045 [ERROR] Polling thread error: PLC disconnected: timed out
2026-02-08 08:13:14,122 [ERROR] Polling thread error: PLC disconnected: timed out
2026-02-08 08:13:17,200 [ERROR] Polling thread error: PLC disconnected: timed out
2026-02-08 08:13:20,277 [ERROR] Polling thread error: PLC disconnected: timed out
2026-02-08 08:13:23,354 [ERROR] Polling thread error: PLC disconnected: timed out
2026-02-08 08:13:26,432 [ERROR] Polling thread error: PLC disconnected: timed out
2026-02-08 08:13:29,509 [ERROR] Polling thread error: PLC disconnected: timed out
2026-02-08 08:13:32,586 [ERROR] Polling thread error: PLC disconnected: timed out
2026-02-08 08:13:35,663 [ERROR] Polling thread error: PLC disconnected: timed out
2026-02-08 08:13:38,741 [ERROR] Polling thread error: PLC disconnected: timed out
2026-02-08 08:13:41,817 [ERROR] Polling thread error: PLC disconnected: timed out
2026-02-08 08:13:44,895 [ERROR] Polling thread error: PLC disconnected: timed out
2026-02-08 08:13:47,973 [ERROR] Polling thread error: PLC disconnected: timed out
2026-02-08 08:13:51,050 [ERROR] Polling thread error: PLC disconnected: timed out
2026-02-08 08:13:54,150 [ERROR] Polling thread error: PLC disconnected: timed out
2026-02-08 08:13:57,253 [ERROR] Polling thread error: PLC disconnected: timed out
2026-02-08 08:14:00,348 [ERROR] Polling thread error: PLC disconnected: timed out
2026-02-08 08:14:03,437 [ERROR] Polling thread error: PLC disconnected: timed out
2026-02-08 08:14:06,524 [ERROR] Polling thread error: PLC disconnected: timed out
2026-02-08 08:14:09,619 [ERROR] Polling thread error: PLC disconnected: timed out
2026-02-08 08:14:12,703 [ERROR] Polling thread error: PLC disconnected: timed out
2026-02-08 08:14:15,788 [ERROR] Polling thread error: PLC disconnected: timed out
2026-02-08 08:14:18,866 [ERROR] Polling thread error: PLC disconnected: timed out
2026-02-08 08:14:21,944 [ERROR] Polling thread error: PLC disconnected: timed out
2026-02-08 08:14:25,020 [ERROR] Polling thread error: PLC disconnected: timed out
2026-02-08 08:14:28,098 [ERROR] Polling thread error: PLC disconnected: timed out
2026-02-08 08:14:31,175 [ERROR] Polling thread error: PLC disconnected: timed out
2026-02-08 08:14:34,252 [ERROR] Polling thread error: PLC disconnected: timed out
2026-02-08 08:14:37,330 [ERROR] Polling thread error: PLC disconnected: timed out
2026-02-08 08:14:40,407 [ERROR] Polling thread error: PLC disconnected: timed out
2026-02-08 08:14:43,484 [ERROR] Polling thread error: PLC disconnected: timed out
2026-02-08 08:14:46,560 [ERROR] Polling thread error: PLC disconnected: timed out
2026-02-08 08:14:49,638 [ERROR] Polling thread error: PLC disconnected: timed out
2026-02-08 08:14:52,716 [ERROR] Polling thread error: PLC disconnected: timed out
2026-02-08 08:14:55,794 [ERROR] Polling thread error: PLC disconnected: timed out
2026-02-08 08:14:58,872 [ERROR] Polling thread error: PLC disconnected: timed out
2026-02-08 08:15:01,949 [ERROR] Polling thread error: PLC disconnected: timed out
2026-02-08 08:15:05,028 [ERROR] Polling thread error: PLC disconnected: timed out
2026-02-08 08:15:08,104 [ERROR] Polling thread error: PLC disconnected: timed out
2026-02-08 08:15:11,183 [ERROR] Polling thread error: PLC disconnected: timed out
2026-02-08 08:15:14,260 [ERROR] Polling thread error: PLC disconnected: timed out
2026-02-08 08:15:17,338 [ERROR] Polling thread error: PLC disconnected: timed out
2026-02-08 08:15:20,416 [ERROR] Polling thread error: PLC disconnected: timed out
2026-02-08 08:15:23,493 [ERROR] Polling thread error: PLC disconnected: timed out
2026-02-08 08:15:26,571 [ERROR] Polling thread error: PLC disconnected: timed out
2026-02-08 08:15:29,646 [ERROR] Polling thread error: PLC disconnected: timed out
2026-02-08 08:15:32,724 [ERROR] Polling thread error: PLC disconnected: timed out
2026-02-08 08:15:35,801 [ERROR] Polling thread error: PLC disconnected: timed out
2026-02-08 08:15:38,877 [ERROR] Polling thread error: PLC disconnected: timed out
2026-02-08 08:15:41,954 [ERROR] Polling thread error: PLC disconnected: timed out
2026-02-08 08:15:45,032 [ERROR] Polling thread error: PLC disconnected: timed out
2026-02-08 08:15:48,109 [ERROR] Polling thread error: PLC disconnected: timed out
2026-02-08 08:15:51,186 [ERROR] Polling thread error: PLC disconnected: timed out
2026-02-08 08:15:54,262 [ERROR] Polling thread error: PLC disconnected: timed out
2026-02-08 08:15:57,339 [ERROR] Polling thread error: PLC disconnected: timed out
2026-02-08 08:16:00,417 [ERROR] Polling thread error: PLC disconnected: timed out
2026-02-08 08:16:03,494 [ERROR] Polling thread error: PLC disconnected: timed out
2026-02-08 08:16:06,572 [ERROR] Polling thread error: PLC disconnected: timed out
2026-02-08 08:16:09,649 [ERROR] Polling thread error: PLC disconnected: timed out
2026-02-08 08:16:12,727 [ERROR] Polling thread error: PLC disconnected: timed out
2026-02-08 08:16:15,805 [ERROR] Polling thread error: PLC disconnected: timed out
2026-02-08 08:16:18,883 [ERROR] Polling thread error: PLC disconnected: timed out
2026-02-08 08:16:21,961 [ERROR] Polling thread error: PLC disconnected: timed out
2026-02-08 08:16:25,041 [ERROR] Polling thread error: PLC disconnected: timed out
2026-02-08 08:16:28,119 [ERROR] Polling thread error: PLC disconnected: timed out
2026-02-08 08:16:31,197 [ERROR] Polling thread error: PLC disconnected: timed out
2026-02-08 08:16:34,273 [ERROR] Polling thread error: PLC disconnected: timed out
2026-02-08 08:16:37,351 [ERROR] Polling thread error: PLC disconnected: timed out
2026-02-08 08:16:40,429 [ERROR] Polling thread error: PLC disconnected: timed out
2026-02-08 08:16:43,505 [ERROR] Polling thread error: PLC disconnected: timed out
2026-02-08 08:16:46,582 [ERROR] Polling thread error: PLC disconnected: timed out
2026-02-08 08:16:49,660 [ERROR] Polling thread error: PLC disconnected: timed out
2026-02-08 08:16:52,736 [ERROR] Polling thread error: PLC disconnected: timed out
2026-02-08 08:16:55,815 [ERROR] Polling thread error: PLC disconnected: timed out
2026-02-08 08:16:58,893 [ERROR] Polling thread error: PLC disconnected: timed out
2026-02-08 08:17:01,971 [ERROR] Polling thread error: PLC disconnected: timed out
2026-02-08 08:17:05,048 [ERROR] Polling thread error: PLC disconnected: timed out
2026-02-08 08:17:08,125 [ERROR] Polling thread error: PLC disconnected: timed out
2026-02-08 08:17:11,201 [ERROR] Polling thread error: PLC disconnected: timed out
2026-02-08 08:17:14,278 [ERROR] Polling thread error: PLC disconnected: timed out
2026-02-08 08:17:17,354 [ERROR] Polling thread error: PLC disconnected: timed out
2026-02-08 08:17:20,432 [ERROR] Polling thread error: PLC disconnected: timed out
2026-02-08 08:17:23,508 [ERROR] Polling thread error: PLC disconnected: timed out
2026-02-08 08:17:26,585 [ERROR] Polling thread error: PLC disconnected: timed out
2026-02-08 08:17:29,663 [ERROR] Polling thread error: PLC disconnected: timed out
2026-02-08 08:17:32,739 [ERROR] Polling thread error: PLC disconnected: timed out
2026-02-08 08:17:35,816 [ERROR] Polling thread error: PLC disconnected: timed out
2026-02-08 08:17:38,892 [ERROR] Polling thread error: PLC disconnected: timed out
2026-02-08 08:17:41,969 [ERROR] Polling thread error: PLC disconnected: timed out
2026-02-08 08:17:45,046 [ERROR] Polling thread error: PLC disconnected: timed out
2026-02-08 08:17:48,123 [ERROR] Polling thread error: PLC disconnected: timed out
2026-02-08 08:17:51,199 [ERROR] Polling thread error: PLC disconnected: timed out
2026-02-08 08:17:54,277 [ERROR] Polling thread error: PLC disconnected: timed out
2026-02-08 08:17:57,355 [ERROR] Polling thread error: PLC disconnected: timed out
2026-02-08 08:18:00,431 [ERROR] Polling thread error: PLC disconnected: timed out
2026-02-08 08:18:03,508 [ERROR] Polling thread error: PLC disconnected: timed out
2026-02-08 08:18:06,585 [ERROR] Polling thread error: PLC disconnected: timed out
2026-02-08 08:18:09,662 [ERROR] Polling thread error: PLC disconnected: timed out
2026-02-08 08:18:12,740 [ERROR] Polling thread error: PLC disconnected: timed out
2026-02-08 08:18:15,817 [ERROR] Polling thread error: PLC disconnected: timed out
2026-02-08 08:18:18,896 [ERROR] Polling thread error: PLC disconnected: timed out
2026-02-08 08:18:21,973 [ERROR] Polling thread error: PLC disconnected: timed out
2026-02-08 08:18:25,050 [ERROR] Polling thread error: PLC disconnected: timed out
2026-02-08 08:18:28,128 [ERROR] Polling thread error: PLC disconnected: timed out
2026-02-08 08:18:31,205 [ERROR] Polling thread error: PLC disconnected: timed out
2026-02-08 08:18:34,281 [ERROR] Polling thread error: PLC disconnected: timed out
2026-02-08 08:18:37,358 [ERROR] Polling thread error: PLC disconnected: timed out
2026-02-08 08:18:40,434 [ERROR] Polling thread error: PLC disconnected: timed out
2026-02-08 08:18:43,511 [ERROR] Polling thread error: PLC disconnected: timed out
2026-02-08 08:18:46,588 [ERROR] Polling thread error: PLC disconnected: timed out
2026-02-08 08:18:49,665 [ERROR] Polling thread error: PLC disconnected: timed out
2026-02-08 08:18:52,743 [ERROR] Polling thread error: PLC disconnected: timed out
2026-02-08 08:18:55,821 [ERROR] Polling thread error: PLC disconnected: timed out
2026-02-08 08:18:58,899 [ERROR] Polling thread error: PLC disconnected: timed out
2026-02-08 08:19:17,165 [WARNING] [Inference] TensorRT or cuda-python not installed: No module named 'tensorrt'
2026-02-08 08:19:17,416 [INFO] [Inference] Using GPU
2026-02-08 08:19:17,416 [INFO] [Inference] Loading OpenVINO model from C:\MyStuff\VS\MECup\backend\inference\openvino_model\model.xml
2026-02-08 08:19:18,012 [INFO] [Inference] Using OpenVINO backend on GPU
2026-02-08 08:19:18,188 [INFO] [Inference] Model ready (openvino)
2026-02-08 08:19:18,981 [WARNING] [Inference] TensorRT or cuda-python not installed: No module named 'tensorrt'
2026-02-08 08:19:19,217 [INFO] [Inference] Using GPU
2026-02-08 08:19:19,218 [INFO] [Inference] Loading OpenVINO model from C:\MyStuff\VS\MECup\backend\inference\openvino_model\model.xml
2026-02-08 08:19:19,833 [INFO] [Inference] Using OpenVINO backend on GPU
2026-02-08 08:19:19,993 [INFO] [Inference] Model ready (openvino)
2026-02-08 08:19:20,201 [ERROR] Polling thread error: PLC disconnected: timed out
2026-02-08 08:19:23,278 [ERROR] Polling thread error: PLC disconnected: timed out
2026-02-08 08:19:26,355 [ERROR] Polling thread error: PLC disconnected: timed out
2026-02-08 08:19:29,443 [ERROR] Polling thread error: PLC disconnected: timed out
2026-02-08 08:19:32,526 [ERROR] Polling thread error: PLC disconnected: timed out
2026-02-08 08:19:35,612 [ERROR] Polling thread error: PLC disconnected: timed out
2026-02-08 08:19:38,704 [ERROR] Polling thread error: PLC disconnected: timed out
2026-02-08 08:19:41,797 [ERROR] Polling thread error: PLC disconnected: timed out
2026-02-08 08:19:44,897 [ERROR] Polling thread error: PLC disconnected: timed out
2026-02-08 08:19:47,994 [ERROR] Polling thread error: PLC disconnected: timed out
2026-02-08 08:19:51,092 [ERROR] Polling thread error: PLC disconnected: timed out
2026-02-08 08:19:54,178 [ERROR] Polling thread error: PLC disconnected: timed out
2026-02-08 08:19:57,270 [ERROR] Polling thread error: PLC disconnected: timed out
2026-02-08 08:20:00,364 [ERROR] Polling thread error: PLC disconnected: timed out
2026-02-08 08:20:03,467 [ERROR] Polling thread error: PLC disconnected: timed out
2026-02-08 08:20:06,569 [ERROR] Polling thread error: PLC disconnected: timed out
2026-02-08 08:20:09,667 [ERROR] Polling thread error: PLC disconnected: timed out
2026-02-08 08:20:12,761 [ERROR] Polling thread error: PLC disconnected: timed out
2026-02-08 08:20:15,860 [ERROR] Polling thread error: PLC disconnected: timed out
2026-02-08 08:20:18,969 [ERROR] Polling thread error: PLC disconnected: timed out
2026-02-08 08:20:22,064 [ERROR] Polling thread error: PLC disconnected: timed out
2026-02-08 08:20:25,153 [ERROR] Polling thread error: PLC disconnected: timed out
2026-02-08 08:20:28,253 [ERROR] Polling thread error: PLC disconnected: timed out
2026-02-08 08:20:31,339 [ERROR] Polling thread error: PLC disconnected: timed out
2026-02-08 08:20:34,433 [ERROR] Polling thread error: PLC disconnected: timed out
2026-02-08 08:20:37,527 [ERROR] Polling thread error: PLC disconnected: timed out
2026-02-08 08:20:40,613 [ERROR] Polling thread error: PLC disconnected: timed out
2026-02-08 08:20:43,713 [ERROR] Polling thread error: PLC disconnected: timed out
2026-02-08 08:20:46,812 [ERROR] Polling thread error: PLC disconnected: timed out
2026-02-08 08:20:49,905 [ERROR] Polling thread error: PLC disconnected: timed out
2026-02-08 08:20:53,002 [ERROR] Polling thread error: PLC disconnected: timed out
2026-02-08 08:20:56,100 [ERROR] Polling thread error: PLC disconnected: timed out
2026-02-08 08:20:59,190 [ERROR] Polling thread error: PLC disconnected: timed out
2026-02-08 08:21:02,281 [ERROR] Polling thread error: PLC disconnected: timed out
2026-02-08 08:21:05,368 [ERROR] Polling thread error: PLC disconnected: timed out
2026-02-08 08:21:08,457 [ERROR] Polling thread error: PLC disconnected: timed out
2026-02-08 08:42:26,609 [ERROR] Polling thread error: PLC disconnected: timed out
2026-02-08 08:42:29,704 [ERROR] Polling thread error: PLC disconnected: timed out
2026-02-08 08:42:32,808 [ERROR] Polling thread error: PLC disconnected: timed out
2026-02-08 08:42:35,905 [ERROR] Polling thread error: PLC disconnected: timed out
2026-02-08 08:42:39,003 [ERROR] Polling thread error: PLC disconnected: timed out
2026-02-08 08:42:42,094 [ERROR] Polling thread error: PLC disconnected: timed out
2026-02-08 08:42:45,184 [ERROR] Polling thread error: PLC disconnected: timed out
2026-02-08 08:42:48,276 [ERROR] Polling thread error: PLC disconnected: timed out
2026-02-08 08:42:51,363 [ERROR] Polling thread error: PLC disconnected: timed out
2026-02-08 08:42:54,462 [ERROR] Polling thread error: PLC disconnected: timed out
2026-02-08 09:35:27,300 [ERROR] Polling thread error: PLC disconnected: timed out
2026-02-08 09:35:28,405 [ERROR] Polling thread error: PLC disconnected: [WinError 10051] A socket operation was attempted to an unreachable network
2026-02-08 09:35:29,502 [ERROR] Polling thread error: PLC disconnected: [WinError 10051] A socket operation was attempted to an unreachable network
2026-02-08 09:35:30,607 [ERROR] Polling thread error: PLC disconnected: [WinError 10013] An attempt was made to access a socket in a way forbidden by its access permissions
2026-02-08 09:35:31,701 [ERROR] Polling thread error: PLC disconnected: [WinError 10013] An attempt was made to access a socket in a way forbidden by its access permissions
2026-02-08 09:35:32,789 [ERROR] Polling thread error: PLC disconnected: [WinError 10013] An attempt was made to access a socket in a way forbidden by its access permissions
2026-02-08 09:35:33,894 [ERROR] Polling thread error: PLC disconnected: [WinError 10013] An attempt was made to access a socket in a way forbidden by its access permissions
2026-02-08 09:35:34,976 [ERROR] Polling thread error: PLC disconnected: [WinError 10013] An attempt was made to access a socket in a way forbidden by its access permissions
2026-02-08 09:35:38,066 [ERROR] Polling thread error: PLC disconnected: timed out
2026-02-08 09:35:41,172 [ERROR] Polling thread error: PLC disconnected: timed out
2026-02-08 09:35:44,277 [ERROR] Polling thread error: PLC disconnected: timed out
2026-02-08 09:35:47,378 [ERROR] Polling thread error: PLC disconnected: timed out
2026-02-08 09:35:50,476 [ERROR] Polling thread error: PLC disconnected: timed out
2026-02-08 09:35:53,572 [ERROR] Polling thread error: PLC disconnected: timed out
2026-02-08 09:35:56,682 [ERROR] Polling thread error: PLC disconnected: timed out
2026-02-08 09:35:59,774 [ERROR] Polling thread error: PLC disconnected: timed out
2026-02-08 09:36:02,871 [ERROR] Polling thread error: PLC disconnected: timed out
2026-02-08 09:36:05,959 [ERROR] Polling thread error: PLC disconnected: timed out
2026-02-08 09:36:09,055 [ERROR] Polling thread error: PLC disconnected: timed out
2026-02-08 09:36:12,152 [ERROR] Polling thread error: PLC disconnected: timed out
2026-02-08 09:42:50,092 [ERROR] Polling thread error: [WinError 10054] An existing connection was forcibly closed by the remote host
2026-02-08 09:42:51,179 [ERROR] Polling thread error: PLC disconnected: [WinError 10013] An attempt was made to access a socket in a way forbidden by its access permissions
2026-02-08 09:42:52,256 [ERROR] Polling thread error: PLC disconnected: [WinError 10013] An attempt was made to access a socket in a way forbidden by its access permissions
2026-02-08 09:42:53,344 [ERROR] Polling thread error: PLC disconnected: [WinError 10013] An attempt was made to access a socket in a way forbidden by its access permissions
2026-02-08 09:42:54,433 [ERROR] Polling thread error: PLC disconnected: [WinError 10013] An attempt was made to access a socket in a way forbidden by its access permissions
2026-02-08 09:42:55,520 [ERROR] Polling thread error: PLC disconnected: [WinError 10013] An attempt was made to access a socket in a way forbidden by its access permissions
2026-02-08 09:42:56,607 [ERROR] Polling thread error: PLC disconnected: [WinError 10013] An attempt was made to access a socket in a way forbidden by its access permissions
2026-02-08 09:42:57,683 [ERROR] Polling thread error: PLC disconnected: [WinError 10013] An attempt was made to access a socket in a way forbidden by its access permissions
2026-02-08 09:42:58,764 [ERROR] Polling thread error: PLC Connection Closed
2026-02-08 09:42:59,852 [ERROR] Polling thread error: PLC Connection Closed
2026-02-08 09:43:00,940 [ERROR] Polling thread error: PLC Connection Closed
2026-02-08 09:43:02,027 [ERROR] Polling thread error: PLC Connection Closed
2026-02-08 09:43:03,108 [ERROR] Polling thread error: PLC Connection Closed
2026-02-08 09:43:04,197 [ERROR] Polling thread error: PLC Connection Closed
2026-02-08 09:43:07,275 [ERROR] Polling thread error: PLC disconnected: timed out
2026-02-08 09:43:08,356 [ERROR] Polling thread error: PLC Connection Closed
2026-02-08 09:43:09,443 [ERROR] Polling thread error: PLC Connection Closed
2026-02-08 09:43:12,520 [ERROR] Polling thread error: PLC disconnected: timed out
2026-02-08 09:43:13,600 [ERROR] Polling thread error: PLC Connection Closed
2026-02-08 09:43:14,693 [ERROR] Polling thread error: PLC Connection Closed
2026-02-08 09:43:17,771 [ERROR] Polling thread error: PLC disconnected: timed out
2026-02-08 09:43:18,853 [ERROR] Polling thread error: PLC Connection Closed
2026-02-08 09:43:21,931 [ERROR] Polling thread error: PLC disconnected: timed out
2026-02-08 09:43:23,018 [ERROR] Polling thread error: PLC Connection Closed
2026-02-08 09:43:26,096 [ERROR] Polling thread error: PLC disconnected: timed out
2026-02-08 09:43:27,189 [ERROR] Polling thread error: PLC Connection Closed
2026-02-08 09:43:28,271 [ERROR] Polling thread error: PLC Connection Closed
2026-02-08 09:43:29,353 [ERROR] Polling thread error: PLC Connection Closed
2026-02-08 09:43:30,441 [ERROR] Polling thread error: PLC Connection Closed
2026-02-08 09:43:36,519 [ERROR] Polling thread error: timed out
2026-02-08 09:43:37,608 [ERROR] Polling thread error: PLC Connection Closed
2026-02-08 09:43:40,683 [ERROR] Polling thread error: PLC disconnected: timed out
2026-02-08 09:47:34,756 [ERROR] Polling thread error: [WinError 10054] An existing connection was forcibly closed by the remote host
2026-02-08 09:47:37,853 [ERROR] Polling thread error: PLC disconnected: timed out
2026-02-08 09:47:40,953 [ERROR] Polling thread error: PLC disconnected: timed out
2026-02-08 09:47:44,040 [ERROR] Polling thread error: PLC disconnected: timed out
2026-02-08 09:47:47,138 [ERROR] Polling thread error: PLC disconnected: timed out
2026-02-08 09:47:50,234 [ERROR] Polling thread error: PLC disconnected: timed out
2026-02-08 09:47:53,341 [ERROR] Polling thread error: PLC disconnected: timed out
2026-02-08 09:47:56,436 [ERROR] Polling thread error: PLC disconnected: timed out
2026-02-08 09:47:59,531 [ERROR] Polling thread error: PLC disconnected: timed out
2026-02-08 09:48:09,206 [ERROR] Polling thread error: [WinError 10054] An existing connection was forcibly closed by the remote host
2026-02-08 09:50:34,383 [ERROR] Exception in callback _ProactorBasePipeTransport._call_connection_lost(None)
handle: <Handle _ProactorBasePipeTransport._call_connection_lost(None)>
Traceback (most recent call last):
  File "C:\Users\Mitansh\AppData\Local\Programs\Python\Python310\lib\asyncio\events.py", line 80, in _run
    self._context.run(self._callback, *self._args)
  File "C:\Users\Mitansh\AppData\Local\Programs\Python\Python310\lib\asyncio\proactor_events.py", line 165, in _call_connection_lost
    self._sock.shutdown(socket.SHUT_RDWR)
ConnectionResetError: [WinError 10054] An existing connection was forcibly closed by the remote host
2026-02-08 09:51:16,254 [ERROR] Exception in callback _ProactorBasePipeTransport._call_connection_lost(None)
handle: <Handle _ProactorBasePipeTransport._call_connection_lost(None)>
Traceback (most recent call last):
  File "C:\Users\Mitansh\AppData\Local\Programs\Python\Python310\lib\asyncio\events.py", line 80, in _run
    self._context.run(self._callback, *self._args)
  File "C:\Users\Mitansh\AppData\Local\Programs\Python\Python310\lib\asyncio\proactor_events.py", line 165, in _call_connection_lost
    self._sock.shutdown(socket.SHUT_RDWR)
ConnectionResetError: [WinError 10054] An existing connection was forcibly closed by the remote host
2026-02-08 09:55:26,711 [WARNING] [Inference] TensorRT or cuda-python not installed: No module named 'tensorrt'
2026-02-08 09:55:27,502 [INFO] [Inference] Using GPU
2026-02-08 09:55:27,503 [INFO] [Inference] Loading OpenVINO model from C:\MyStuff\VS\MECup\backend\inference\openvino_model\model.xml
2026-02-08 09:55:28,552 [INFO] [Inference] Using OpenVINO backend on GPU
2026-02-08 09:55:28,768 [INFO] [Inference] Model ready (openvino)
2026-02-08 09:55:29,682 [WARNING] [Inference] TensorRT or cuda-python not installed: No module named 'tensorrt'
2026-02-08 09:55:29,974 [INFO] [Inference] Using GPU
2026-02-08 09:55:29,974 [INFO] [Inference] Loading OpenVINO model from C:\MyStuff\VS\MECup\backend\inference\openvino_model\model.xml
2026-02-08 09:55:30,598 [INFO] [Inference] Using OpenVINO backend on GPU
2026-02-08 09:55:30,773 [INFO] [Inference] Model ready (openvino)
2026-02-08 09:56:11,916 [ERROR] Exception in callback _ProactorBasePipeTransport._call_connection_lost(None)
handle: <Handle _ProactorBasePipeTransport._call_connection_lost(None)>
Traceback (most recent call last):
  File "C:\Users\Mitansh\AppData\Local\Programs\Python\Python310\lib\asyncio\events.py", line 80, in _run
    self._context.run(self._callback, *self._args)
  File "C:\Users\Mitansh\AppData\Local\Programs\Python\Python310\lib\asyncio\proactor_events.py", line 165, in _call_connection_lost
    self._sock.shutdown(socket.SHUT_RDWR)
ConnectionResetError: [WinError 10054] An existing connection was forcibly closed by the remote host
2026-02-08 09:56:55,658 [ERROR] Exception in callback _ProactorBasePipeTransport._call_connection_lost(None)
handle: <Handle _ProactorBasePipeTransport._call_connection_lost(None)>
Traceback (most recent call last):
  File "C:\Users\Mitansh\AppData\Local\Programs\Python\Python310\lib\asyncio\events.py", line 80, in _run
    self._context.run(self._callback, *self._args)
  File "C:\Users\Mitansh\AppData\Local\Programs\Python\Python310\lib\asyncio\proactor_events.py", line 165, in _call_connection_lost
    self._sock.shutdown(socket.SHUT_RDWR)
ConnectionResetError: [WinError 10054] An existing connection was forcibly closed by the remote host
2026-02-08 09:58:06,821 [WARNING] [Inference] TensorRT or cuda-python not installed: No module named 'tensorrt'
2026-02-08 09:58:07,185 [INFO] [Inference] Using GPU
2026-02-08 09:58:07,185 [INFO] [Inference] Loading OpenVINO model from C:\MyStuff\VS\MECup\backend\inference\openvino_model\model.xml
2026-02-08 09:58:07,898 [INFO] [Inference] Using OpenVINO backend on GPU
2026-02-08 09:58:08,067 [INFO] [Inference] Model ready (openvino)
2026-02-08 10:01:17,025 [WARNING] [Inference] TensorRT or cuda-python not installed: No module named 'tensorrt'
2026-02-08 10:01:17,416 [INFO] [Inference] Using GPU
2026-02-08 10:01:17,416 [INFO] [Inference] Loading OpenVINO model from C:\MyStuff\VS\MECup\backend\inference\openvino_model\model.xml
2026-02-08 10:01:18,119 [INFO] [Inference] Using OpenVINO backend on GPU
2026-02-08 10:01:18,288 [INFO] [Inference] Model ready (openvino)
2026-02-08 10:01:19,042 [WARNING] [Inference] TensorRT or cuda-python not installed: No module named 'tensorrt'
2026-02-08 10:01:19,379 [INFO] [Inference] Using GPU
2026-02-08 10:01:19,379 [INFO] [Inference] Loading OpenVINO model from C:\MyStuff\VS\MECup\backend\inference\openvino_model\model.xml
2026-02-08 10:01:20,110 [INFO] [Inference] Using OpenVINO backend on GPU
2026-02-08 10:01:20,323 [INFO] [Inference] Model ready (openvino)
2026-02-08 10:04:54,879 [ERROR] Polling thread error: [WinError 10054] An existing connection was forcibly closed by the remote host
2026-02-08 10:04:59,415 [WARNING] [Inference] TensorRT or cuda-python not installed: No module named 'tensorrt'
2026-02-08 10:04:59,804 [INFO] [Inference] Using GPU
2026-02-08 10:04:59,804 [INFO] [Inference] Loading OpenVINO model from C:\MyStuff\VS\MECup\backend\inference\openvino_model\model.xml
2026-02-08 10:05:00,575 [INFO] [Inference] Using OpenVINO backend on GPU
2026-02-08 10:05:00,815 [INFO] [Inference] Model ready (openvino)
2026-02-08 10:05:00,841 [ERROR] Polling thread error: PLC Connection Closed
2026-02-08 10:05:01,740 [WARNING] [Inference] TensorRT or cuda-python not installed: No module named 'tensorrt'
2026-02-08 10:05:01,929 [ERROR] Polling thread error: PLC Connection Closed
2026-02-08 10:05:02,104 [INFO] [Inference] Using GPU
2026-02-08 10:05:02,104 [INFO] [Inference] Loading OpenVINO model from C:\MyStuff\VS\MECup\backend\inference\openvino_model\model.xml
2026-02-08 10:05:02,875 [INFO] [Inference] Using OpenVINO backend on GPU
2026-02-08 10:05:03,091 [INFO] [Inference] Model ready (openvino)
2026-02-08 10:05:08,031 [ERROR] Polling thread error: timed out
2026-02-08 10:05:10,055 [ERROR] Polling thread error: PLC Connection Closed
2026-02-08 10:05:10,061 [ERROR] Cycle Reset Error: PLC Connection Closed
2026-02-08 10:05:15,183 [ERROR] Grid One Error: timed out
2026-02-08 10:05:17,196 [ERROR] Polling thread error: PLC disconnected: timed out
2026-02-08 10:05:17,203 [ERROR] Grid One Error: PLC Connection Closed
2026-02-08 10:05:23,298 [ERROR] Polling thread error: timed out
2026-02-08 10:05:23,990 [ERROR] Grid One Error: PLC Connection Closed
2026-02-08 10:05:24,394 [ERROR] Polling thread error: PLC Connection Closed
2026-02-08 10:05:25,481 [ERROR] Polling thread error: PLC Connection Closed
2026-02-08 10:05:26,567 [ERROR] Polling thread error: PLC Connection Closed
2026-02-08 10:05:27,659 [ERROR] Polling thread error: PLC Connection Closed
2026-02-08 10:05:28,749 [ERROR] Polling thread error: PLC Connection Closed
2026-02-08 10:05:31,826 [ERROR] Polling thread error: PLC disconnected: timed out
2026-02-08 10:05:32,916 [ERROR] Polling thread error: PLC Connection Closed
2026-02-08 10:05:33,998 [ERROR] Polling thread error: PLC Connection Closed
2026-02-08 10:05:35,086 [ERROR] Polling thread error: PLC Connection Closed
2026-02-08 10:05:48,926 [WARNING] [Inference] TensorRT or cuda-python not installed: No module named 'tensorrt'
2026-02-08 10:05:49,288 [INFO] [Inference] Using GPU
2026-02-08 10:05:49,288 [INFO] [Inference] Loading OpenVINO model from C:\MyStuff\VS\MECup\backend\inference\openvino_model\model.xml
2026-02-08 10:05:49,984 [INFO] [Inference] Using OpenVINO backend on GPU
2026-02-08 10:05:50,157 [INFO] [Inference] Model ready (openvino)
2026-02-08 10:05:50,917 [WARNING] [Inference] TensorRT or cuda-python not installed: No module named 'tensorrt'
2026-02-08 10:05:51,274 [INFO] [Inference] Using GPU
2026-02-08 10:05:51,274 [INFO] [Inference] Loading OpenVINO model from C:\MyStuff\VS\MECup\backend\inference\openvino_model\model.xml
2026-02-08 10:05:52,011 [INFO] [Inference] Using OpenVINO backend on GPU
2026-02-08 10:05:52,170 [ERROR] Polling thread error: PLC disconnected: timed out
2026-02-08 10:05:52,181 [INFO] [Inference] Model ready (openvino)
2026-02-08 10:06:34,780 [ERROR] Camera save frame failed: name 'filepath' is not defined
2026-02-08 10:06:47,313 [ERROR] Camera save frame failed: name 'filepath' is not defined
2026-02-08 10:06:54,280 [ERROR] Polling thread error: [WinError 10054] An existing connection was forcibly closed by the remote host
2026-02-08 10:06:57,357 [ERROR] Polling thread error: PLC disconnected: timed out
2026-02-08 10:07:03,451 [ERROR] Polling thread error: timed out
2026-02-08 10:07:04,538 [ERROR] Polling thread error: PLC Connection Closed
2026-02-08 10:07:05,626 [ERROR] Polling thread error: PLC Connection Closed
2026-02-08 10:07:06,715 [ERROR] Polling thread error: PLC Connection Closed
2026-02-08 10:07:07,796 [ERROR] Polling thread error: PLC Connection Closed
2026-02-08 10:07:08,885 [ERROR] Polling thread error: PLC Connection Closed
2026-02-08 10:07:09,966 [ERROR] Polling thread error: PLC Connection Closed
2026-02-08 10:07:11,047 [ERROR] Polling thread error: PLC Connection Closed
2026-02-08 10:07:12,136 [ERROR] Polling thread error: PLC Connection Closed
2026-02-08 10:07:13,217 [ERROR] Polling thread error: PLC Connection Closed
2026-02-08 10:07:14,305 [ERROR] Polling thread error: PLC Connection Closed
2026-02-08 10:07:17,381 [ERROR] Polling thread error: PLC disconnected: timed out
2026-02-08 10:07:20,458 [ERROR] Polling thread error: PLC disconnected: timed out
2026-02-08 10:07:21,547 [ERROR] Polling thread error: PLC Connection Closed
2026-02-08 10:07:22,635 [ERROR] Polling thread error: PLC Connection Closed
2026-02-08 10:07:23,724 [ERROR] Polling thread error: PLC Connection Closed
2026-02-08 10:07:29,802 [ERROR] Polling thread error: timed out
2026-02-08 10:07:31,808 [ERROR] Polling thread error: PLC Connection Closed
2026-02-08 10:07:32,898 [ERROR] Polling thread error: PLC Connection Closed
2026-02-08 10:07:33,986 [ERROR] Polling thread error: PLC Connection Closed
2026-02-08 10:07:35,076 [ERROR] Polling thread error: PLC Connection Closed
2026-02-08 10:07:36,157 [ERROR] Polling thread error: PLC Connection Closed
2026-02-08 10:07:37,248 [ERROR] Polling thread error: PLC Connection Closed
2026-02-08 10:07:38,329 [ERROR] Polling thread error: PLC Connection Closed
2026-02-08 10:07:39,431 [ERROR] Polling thread error: PLC Connection Closed
2026-02-08 10:07:40,518 [ERROR] Polling thread error: PLC Connection Closed
2026-02-08 10:07:41,599 [ERROR] Polling thread error: PLC Connection Closed
2026-02-08 10:07:42,689 [ERROR] Polling thread error: PLC Connection Closed
2026-02-08 10:07:43,778 [ERROR] Polling thread error: PLC Connection Closed
2026-02-08 10:07:46,855 [ERROR] Polling thread error: PLC disconnected: timed out
2026-02-08 10:07:52,946 [ERROR] Polling thread error: timed out
2026-02-08 10:10:06,345 [WARNING] [Inference] TensorRT or cuda-python not installed: No module named 'tensorrt'
2026-02-08 10:10:06,699 [INFO] [Inference] Using GPU
2026-02-08 10:10:06,699 [INFO] [Inference] Loading OpenVINO model from C:\MyStuff\VS\MECup\backend\inference\openvino_model\model.xml
2026-02-08 10:10:07,396 [INFO] [Inference] Using OpenVINO backend on GPU
2026-02-08 10:10:07,602 [INFO] [Inference] Model ready (openvino)
2026-02-08 10:10:08,429 [WARNING] [Inference] TensorRT or cuda-python not installed: No module named 'tensorrt'
2026-02-08 10:10:08,762 [INFO] [Inference] Using GPU
2026-02-08 10:10:08,763 [INFO] [Inference] Loading OpenVINO model from C:\MyStuff\VS\MECup\backend\inference\openvino_model\model.xml
2026-02-08 10:10:09,498 [INFO] [Inference] Using OpenVINO backend on GPU
2026-02-08 10:10:09,684 [INFO] [Inference] Model ready (openvino)
2026-02-08 10:11:10,481 [ERROR] Camera save frame failed: name 'filepath' is not defined
2026-02-08 10:11:52,609 [ERROR] Polling thread error: timed out
2026-02-08 10:11:52,624 [ERROR] Servo Move Error: PLC Connection Closed
2026-02-08 10:12:33,211 [ERROR] Polling thread error: timed out
2026-02-08 10:12:38,544 [ERROR] Polling thread error: [WinError 10054] An existing connection was forcibly closed by the remote host
2026-02-08 10:12:40,562 [ERROR] Polling thread error: PLC Connection Closed
2026-02-08 10:12:41,660 [ERROR] Polling thread error: PLC Connection Closed
2026-02-08 10:12:42,760 [ERROR] Polling thread error: PLC Connection Closed
2026-02-08 10:12:43,851 [ERROR] Polling thread error: PLC Connection Closed
2026-02-08 10:12:44,950 [ERROR] Polling thread error: PLC Connection Closed
2026-02-08 10:12:51,051 [ERROR] Polling thread error: timed out
2026-02-08 10:12:52,137 [ERROR] Polling thread error: PLC Connection Closed
2026-02-08 10:12:58,245 [ERROR] Polling thread error: timed out
2026-02-08 10:13:03,263 [ERROR] Polling thread error: PLC Connection Closed
2026-02-08 10:13:04,351 [ERROR] Polling thread error: PLC Connection Closed
2026-02-08 10:13:10,455 [ERROR] Polling thread error: timed out
2026-02-08 10:13:11,552 [ERROR] Polling thread error: PLC Connection Closed
2026-02-08 10:13:12,639 [ERROR] Polling thread error: PLC Connection Closed
2026-02-08 10:13:13,734 [ERROR] Polling thread error: PLC Connection Closed
2026-02-08 10:13:14,824 [ERROR] Polling thread error: PLC Connection Closed
2026-02-08 10:13:15,917 [ERROR] Polling thread error: PLC Connection Closed
2026-02-08 10:13:17,014 [ERROR] Polling thread error: PLC Connection Closed
2026-02-08 10:13:18,119 [ERROR] Polling thread error: PLC Connection Closed
2026-02-08 10:13:19,224 [ERROR] Polling thread error: PLC Connection Closed
2026-02-08 10:13:20,316 [ERROR] Polling thread error: PLC Connection Closed
2026-02-08 10:13:21,413 [ERROR] Polling thread error: PLC Connection Closed
2026-02-08 10:13:24,507 [ERROR] Polling thread error: PLC disconnected: timed out
2026-02-08 10:13:25,595 [ERROR] Polling thread error: PLC Connection Closed
2026-02-08 10:13:26,696 [ERROR] Polling thread error: PLC Connection Closed
2026-02-08 10:13:27,785 [ERROR] Polling thread error: PLC Connection Closed
2026-02-08 10:15:33,590 [WARNING] [Inference] TensorRT or cuda-python not installed: No module named 'tensorrt'
2026-02-08 10:15:33,974 [INFO] [Inference] Using GPU
2026-02-08 10:15:33,974 [INFO] [Inference] Loading OpenVINO model from C:\MyStuff\VS\MECup\backend\inference\openvino_model\model.xml
2026-02-08 10:15:34,666 [INFO] [Inference] Using OpenVINO backend on GPU
2026-02-08 10:15:34,847 [INFO] [Inference] Model ready (openvino)
2026-02-08 10:15:35,642 [WARNING] [Inference] TensorRT or cuda-python not installed: No module named 'tensorrt'
2026-02-08 10:15:35,999 [INFO] [Inference] Using GPU
2026-02-08 10:15:35,999 [INFO] [Inference] Loading OpenVINO model from C:\MyStuff\VS\MECup\backend\inference\openvino_model\model.xml
2026-02-08 10:15:36,701 [INFO] [Inference] Using OpenVINO backend on GPU
2026-02-08 10:15:36,875 [INFO] [Inference] Model ready (openvino)
2026-02-08 10:16:18,266 [ERROR] Polling thread error: timed out
2026-02-08 10:16:20,269 [ERROR] Servo Move Error: PLC disconnected: timed out
2026-02-08 10:16:22,285 [ERROR] Polling thread error: PLC disconnected: timed out
2026-02-08 10:18:54,148 [ERROR] Polling thread error: [WinError 10054] An existing connection was forcibly closed by the remote host
2026-02-08 10:20:08,523 [ERROR] Exception in callback _ProactorBasePipeTransport._call_connection_lost(None)
handle: <Handle _ProactorBasePipeTransport._call_connection_lost(None)>
Traceback (most recent call last):
  File "C:\Users\Mitansh\AppData\Local\Programs\Python\Python310\lib\asyncio\events.py", line 80, in _run
    self._context.run(self._callback, *self._args)
  File "C:\Users\Mitansh\AppData\Local\Programs\Python\Python310\lib\asyncio\proactor_events.py", line 165, in _call_connection_lost
    self._sock.shutdown(socket.SHUT_RDWR)
ConnectionResetError: [WinError 10054] An existing connection was forcibly closed by the remote host
2026-02-08 10:24:54,688 [WARNING] [Inference] TensorRT or cuda-python not installed: No module named 'tensorrt'
2026-02-08 10:24:55,046 [INFO] [Inference] Using GPU
2026-02-08 10:24:55,047 [INFO] [Inference] Loading OpenVINO model from C:\MyStuff\VS\MECup\backend\inference\openvino_model\model.xml
2026-02-08 10:24:55,774 [INFO] [Inference] Using OpenVINO backend on GPU
2026-02-08 10:24:55,948 [INFO] [Inference] Model ready (openvino)
2026-02-08 10:24:56,927 [WARNING] [Inference] TensorRT or cuda-python not installed: No module named 'tensorrt'
2026-02-08 10:24:57,336 [INFO] [Inference] Using GPU
2026-02-08 10:24:57,336 [INFO] [Inference] Loading OpenVINO model from C:\MyStuff\VS\MECup\backend\inference\openvino_model\model.xml
2026-02-08 10:24:58,088 [INFO] [Inference] Using OpenVINO backend on GPU
2026-02-08 10:24:58,269 [INFO] [Inference] Model ready (openvino)
2026-02-08 10:39:42,455 [WARNING] [Inference] TensorRT or cuda-python not installed: No module named 'tensorrt'
2026-02-08 10:39:43,307 [INFO] [Inference] Using GPU
2026-02-08 10:39:43,307 [INFO] [Inference] Loading OpenVINO model from C:\MyStuff\VS\MECup\backend\inference\openvino_model\model.xml
2026-02-08 10:39:44,367 [INFO] [Inference] Using OpenVINO backend on GPU
2026-02-08 10:39:44,688 [INFO] [Inference] Model ready (openvino)
2026-02-08 10:39:45,608 [WARNING] [Inference] TensorRT or cuda-python not installed: No module named 'tensorrt'
2026-02-08 10:39:46,147 [INFO] [Inference] Using GPU
2026-02-08 10:39:46,147 [INFO] [Inference] Loading OpenVINO model from C:\MyStuff\VS\MECup\backend\inference\openvino_model\model.xml
2026-02-08 10:39:47,010 [INFO] [Inference] Using OpenVINO backend on GPU
2026-02-08 10:39:47,330 [INFO] [Inference] Model ready (openvino)
2026-02-08 12:07:34,933 [WARNING] [Inference] TensorRT or cuda-python not installed: No module named 'tensorrt'
2026-02-08 12:07:35,232 [INFO] [Inference] Using GPU
2026-02-08 12:07:35,232 [INFO] [Inference] Loading OpenVINO model from C:\MyStuff\VS\MECup\backend\inference\openvino_model\model.xml
2026-02-08 12:07:35,826 [INFO] [Inference] Using OpenVINO backend on GPU
2026-02-08 12:07:36,029 [INFO] [Inference] Model ready (openvino)
2026-02-08 12:07:36,868 [WARNING] [Inference] TensorRT or cuda-python not installed: No module named 'tensorrt'
2026-02-08 12:07:37,095 [INFO] [Inference] Using GPU
2026-02-08 12:07:37,095 [INFO] [Inference] Loading OpenVINO model from C:\MyStuff\VS\MECup\backend\inference\openvino_model\model.xml
2026-02-08 12:07:37,684 [INFO] [Inference] Using OpenVINO backend on GPU
2026-02-08 12:07:37,843 [INFO] [Inference] Model ready (openvino)
2026-02-08 12:08:48,435 [ERROR] Exception in callback _ProactorBasePipeTransport._call_connection_lost(None)
handle: <Handle _ProactorBasePipeTransport._call_connection_lost(None)>
Traceback (most recent call last):
  File "C:\Users\Mitansh\AppData\Local\Programs\Python\Python310\lib\asyncio\events.py", line 80, in _run
    self._context.run(self._callback, *self._args)
  File "C:\Users\Mitansh\AppData\Local\Programs\Python\Python310\lib\asyncio\proactor_events.py", line 165, in _call_connection_lost
    self._sock.shutdown(socket.SHUT_RDWR)
ConnectionResetError: [WinError 10054] An existing connection was forcibly closed by the remote host
2026-02-08 12:09:11,984 [ERROR] Exception in callback _ProactorBasePipeTransport._call_connection_lost(None)
handle: <Handle _ProactorBasePipeTransport._call_connection_lost(None)>
Traceback (most recent call last):
  File "C:\Users\Mitansh\AppData\Local\Programs\Python\Python310\lib\asyncio\events.py", line 80, in _run
    self._context.run(self._callback, *self._args)
  File "C:\Users\Mitansh\AppData\Local\Programs\Python\Python310\lib\asyncio\proactor_events.py", line 165, in _call_connection_lost
    self._sock.shutdown(socket.SHUT_RDWR)
ConnectionResetError: [WinError 10054] An existing connection was forcibly closed by the remote host
2026-02-08 12:09:23,497 [ERROR] Exception in callback _ProactorBasePipeTransport._call_connection_lost(None)
handle: <Handle _ProactorBasePipeTransport._call_connection_lost(None)>
Traceback (most recent call last):
  File "C:\Users\Mitansh\AppData\Local\Programs\Python\Python310\lib\asyncio\events.py", line 80, in _run
    self._context.run(self._callback, *self._args)
  File "C:\Users\Mitansh\AppData\Local\Programs\Python\Python310\lib\asyncio\proactor_events.py", line 165, in _call_connection_lost
    self._sock.shutdown(socket.SHUT_RDWR)
ConnectionResetError: [WinError 10054] An existing connection was forcibly closed by the remote host
2026-02-08 12:09:33,641 [ERROR] Exception in callback _ProactorBasePipeTransport._call_connection_lost(None)
handle: <Handle _ProactorBasePipeTransport._call_connection_lost(None)>
Traceback (most recent call last):
  File "C:\Users\Mitansh\AppData\Local\Programs\Python\Python310\lib\asyncio\events.py", line 80, in _run
    self._context.run(self._callback, *self._args)
  File "C:\Users\Mitansh\AppData\Local\Programs\Python\Python310\lib\asyncio\proactor_events.py", line 165, in _call_connection_lost
    self._sock.shutdown(socket.SHUT_RDWR)
ConnectionResetError: [WinError 10054] An existing connection was forcibly closed by the remote host
2026-02-08 12:10:22,790 [ERROR] Exception in callback _ProactorBasePipeTransport._call_connection_lost(None)
handle: <Handle _ProactorBasePipeTransport._call_connection_lost(None)>
Traceback (most recent call last):
  File "C:\Users\Mitansh\AppData\Local\Programs\Python\Python310\lib\asyncio\events.py", line 80, in _run
    self._context.run(self._callback, *self._args)
  File "C:\Users\Mitansh\AppData\Local\Programs\Python\Python310\lib\asyncio\proactor_events.py", line 165, in _call_connection_lost
    self._sock.shutdown(socket.SHUT_RDWR)
ConnectionResetError: [WinError 10054] An existing connection was forcibly closed by the remote host
2026-02-08 12:10:31,957 [ERROR] Exception in callback _ProactorBasePipeTransport._call_connection_lost(None)
handle: <Handle _ProactorBasePipeTransport._call_connection_lost(None)>
Traceback (most recent call last):
  File "C:\Users\Mitansh\AppData\Local\Programs\Python\Python310\lib\asyncio\events.py", line 80, in _run
    self._context.run(self._callback, *self._args)
  File "C:\Users\Mitansh\AppData\Local\Programs\Python\Python310\lib\asyncio\proactor_events.py", line 165, in _call_connection_lost
    self._sock.shutdown(socket.SHUT_RDWR)
ConnectionResetError: [WinError 10054] An existing connection was forcibly closed by the remote host
2026-02-08 12:11:03,401 [ERROR] Exception in callback _ProactorBasePipeTransport._call_connection_lost(None)
handle: <Handle _ProactorBasePipeTransport._call_connection_lost(None)>
Traceback (most recent call last):
  File "C:\Users\Mitansh\AppData\Local\Programs\Python\Python310\lib\asyncio\events.py", line 80, in _run
    self._context.run(self._callback, *self._args)
  File "C:\Users\Mitansh\AppData\Local\Programs\Python\Python310\lib\asyncio\proactor_events.py", line 165, in _call_connection_lost
    self._sock.shutdown(socket.SHUT_RDWR)
ConnectionResetError: [WinError 10054] An existing connection was forcibly closed by the remote host
2026-02-08 12:11:20,648 [ERROR] Exception in callback _ProactorBasePipeTransport._call_connection_lost(None)
handle: <Handle _ProactorBasePipeTransport._call_connection_lost(None)>
Traceback (most recent call last):
  File "C:\Users\Mitansh\AppData\Local\Programs\Python\Python310\lib\asyncio\events.py", line 80, in _run
    self._context.run(self._callback, *self._args)
  File "C:\Users\Mitansh\AppData\Local\Programs\Python\Python310\lib\asyncio\proactor_events.py", line 165, in _call_connection_lost
    self._sock.shutdown(socket.SHUT_RDWR)
ConnectionResetError: [WinError 10054] An existing connection was forcibly closed by the remote host
2026-02-08 12:15:29,362 [ERROR] Polling thread error: [WinError 10054] An existing connection was forcibly closed by the remote host
2026-02-08 12:15:32,461 [ERROR] Polling thread error: PLC disconnected: timed out
2026-02-08 12:15:35,561 [ERROR] Polling thread error: PLC disconnected: timed out
2026-02-08 12:15:38,657 [ERROR] Polling thread error: PLC disconnected: timed out
2026-02-08 12:15:41,745 [ERROR] Polling thread error: PLC disconnected: timed out
2026-02-08 12:15:44,835 [ERROR] Polling thread error: PLC disconnected: timed out
2026-02-08 12:15:47,938 [ERROR] Polling thread error: PLC disconnected: timed out
2026-02-08 12:15:51,033 [ERROR] Polling thread error: PLC disconnected: timed out
2026-02-08 12:15:54,131 [ERROR] Polling thread error: PLC disconnected: timed out
2026-02-08 12:15:57,229 [ERROR] Polling thread error: PLC disconnected: timed out
2026-02-08 12:16:00,326 [ERROR] Polling thread error: PLC disconnected: timed out
2026-02-08 12:16:03,409 [ERROR] Polling thread error: PLC disconnected: timed out
2026-02-08 12:16:06,506 [ERROR] Polling thread error: PLC disconnected: timed out
2026-02-08 12:16:09,596 [ERROR] Polling thread error: PLC disconnected: timed out
2026-02-08 12:16:12,702 [ERROR] Polling thread error: PLC disconnected: timed out
2026-02-08 12:16:15,790 [ERROR] Polling thread error: PLC disconnected: timed out
2026-02-08 12:16:18,887 [ERROR] Polling thread error: PLC disconnected: timed out
2026-02-08 12:16:21,986 [ERROR] Polling thread error: PLC disconnected: timed out
2026-02-08 12:16:25,087 [ERROR] Polling thread error: PLC disconnected: timed out
2026-02-08 12:16:28,187 [ERROR] Polling thread error: PLC disconnected: timed out
2026-02-08 12:16:31,281 [ERROR] Polling thread error: PLC disconnected: timed out
2026-02-08 12:16:34,384 [ERROR] Polling thread error: PLC disconnected: timed out
2026-02-08 12:16:37,477 [ERROR] Polling thread error: PLC disconnected: timed out
2026-02-08 12:16:40,562 [ERROR] Polling thread error: PLC disconnected: timed out
2026-02-08 12:16:43,658 [ERROR] Polling thread error: PLC disconnected: timed out
2026-02-08 12:16:46,746 [ERROR] Polling thread error: PLC disconnected: timed out
2026-02-08 12:16:49,844 [ERROR] Polling thread error: PLC disconnected: timed out
2026-02-08 12:16:52,939 [ERROR] Polling thread error: PLC disconnected: timed out
2026-02-08 12:16:56,027 [ERROR] Polling thread error: PLC disconnected: timed out
2026-02-08 12:16:59,133 [ERROR] Polling thread error: PLC disconnected: timed out
2026-02-08 12:17:02,220 [ERROR] Polling thread error: PLC disconnected: timed out
2026-02-08 12:17:05,312 [ERROR] Polling thread error: PLC disconnected: timed out
2026-02-08 12:17:08,390 [ERROR] Polling thread error: PLC disconnected: timed out
2026-02-08 12:17:11,470 [ERROR] Polling thread error: PLC disconnected: timed out
2026-02-08 12:17:14,548 [ERROR] Polling thread error: PLC disconnected: timed out
2026-02-08 12:17:17,626 [ERROR] Polling thread error: PLC disconnected: timed out
2026-02-08 12:17:20,705 [ERROR] Polling thread error: PLC disconnected: timed out
2026-02-08 12:17:23,783 [ERROR] Polling thread error: PLC disconnected: timed out
2026-02-08 12:17:26,863 [ERROR] Polling thread error: PLC disconnected: timed out
2026-02-08 12:17:29,942 [ERROR] Polling thread error: PLC disconnected: timed out
2026-02-08 12:17:33,021 [ERROR] Polling thread error: PLC disconnected: timed out
2026-02-08 12:17:36,100 [ERROR] Polling thread error: PLC disconnected: timed out
2026-02-08 12:17:39,179 [ERROR] Polling thread error: PLC disconnected: timed out
2026-02-08 12:17:42,259 [ERROR] Polling thread error: PLC disconnected: timed out
2026-02-08 12:17:45,339 [ERROR] Polling thread error: PLC disconnected: timed out
2026-02-08 12:17:48,423 [ERROR] Polling thread error: PLC disconnected: timed out
2026-02-08 12:17:51,503 [ERROR] Polling thread error: PLC disconnected: timed out
2026-02-08 12:17:54,595 [ERROR] Polling thread error: PLC disconnected: timed out
2026-02-08 12:17:57,673 [ERROR] Polling thread error: PLC disconnected: timed out
2026-02-08 12:18:00,752 [ERROR] Polling thread error: PLC disconnected: timed out
2026-02-08 12:18:03,834 [ERROR] Polling thread error: PLC disconnected: timed out
2026-02-08 12:18:06,913 [ERROR] Polling thread error: PLC disconnected: timed out
2026-02-08 12:18:09,991 [ERROR] Polling thread error: PLC disconnected: timed out
2026-02-08 12:18:13,069 [ERROR] Polling thread error: PLC disconnected: timed out
2026-02-08 12:18:16,148 [ERROR] Polling thread error: PLC disconnected: timed out
2026-02-08 12:18:19,227 [ERROR] Polling thread error: PLC disconnected: timed out
2026-02-08 12:18:22,307 [ERROR] Polling thread error: PLC disconnected: timed out
2026-02-08 12:18:25,386 [ERROR] Polling thread error: PLC disconnected: timed out
2026-02-08 12:18:28,465 [ERROR] Polling thread error: PLC disconnected: timed out
2026-02-08 12:18:31,545 [ERROR] Polling thread error: PLC disconnected: timed out
2026-02-08 12:18:34,624 [ERROR] Polling thread error: PLC disconnected: timed out
2026-02-08 12:18:37,701 [ERROR] Polling thread error: PLC disconnected: timed out
2026-02-08 12:18:40,782 [ERROR] Polling thread error: PLC disconnected: timed out
2026-02-08 12:36:56,100 [WARNING] [Inference] TensorRT or cuda-python not installed: No module named 'tensorrt'
2026-02-08 12:36:56,393 [INFO] [Inference] Using GPU
2026-02-08 12:36:56,393 [INFO] [Inference] Loading OpenVINO model from C:\MyStuff\VS\MECup\backend\inference\openvino_model\model.xml
2026-02-08 12:36:57,002 [INFO] [Inference] Using OpenVINO backend on GPU
2026-02-08 12:36:57,188 [INFO] [Inference] Model ready (openvino)
2026-02-08 12:36:58,012 [WARNING] [Inference] TensorRT or cuda-python not installed: No module named 'tensorrt'
2026-02-08 12:36:58,248 [INFO] [Inference] Using GPU
2026-02-08 12:36:58,248 [INFO] [Inference] Loading OpenVINO model from C:\MyStuff\VS\MECup\backend\inference\openvino_model\model.xml
2026-02-08 12:36:58,814 [INFO] [Inference] Using OpenVINO backend on GPU
2026-02-08 12:36:58,985 [INFO] [Inference] Model ready (openvino)
2026-02-08 12:36:59,198 [ERROR] Polling thread error: PLC disconnected: timed out
2026-02-08 12:37:02,277 [ERROR] Polling thread error: PLC disconnected: timed out
2026-02-08 12:37:05,354 [ERROR] Polling thread error: PLC disconnected: timed out
2026-02-08 12:37:08,452 [ERROR] Polling thread error: PLC disconnected: timed out
2026-02-08 12:37:11,543 [ERROR] Polling thread error: PLC disconnected: timed out
2026-02-08 12:37:14,645 [ERROR] Polling thread error: PLC disconnected: timed out
2026-02-08 12:37:17,732 [ERROR] Polling thread error: PLC disconnected: timed out
2026-02-08 12:37:20,834 [ERROR] Polling thread error: PLC disconnected: timed out
2026-02-08 12:37:23,926 [ERROR] Polling thread error: PLC disconnected: timed out
2026-02-08 12:39:09,936 [ERROR] Exception in callback _ProactorBasePipeTransport._call_connection_lost(None)
handle: <Handle _ProactorBasePipeTransport._call_connection_lost(None)>
Traceback (most recent call last):
  File "C:\Users\Mitansh\AppData\Local\Programs\Python\Python310\lib\asyncio\events.py", line 80, in _run
    self._context.run(self._callback, *self._args)
  File "C:\Users\Mitansh\AppData\Local\Programs\Python\Python310\lib\asyncio\proactor_events.py", line 165, in _call_connection_lost
    self._sock.shutdown(socket.SHUT_RDWR)
ConnectionResetError: [WinError 10054] An existing connection was forcibly closed by the remote host
2026-02-08 12:39:21,070 [ERROR] Exception in callback _ProactorBasePipeTransport._call_connection_lost(None)
handle: <Handle _ProactorBasePipeTransport._call_connection_lost(None)>
Traceback (most recent call last):
  File "C:\Users\Mitansh\AppData\Local\Programs\Python\Python310\lib\asyncio\events.py", line 80, in _run
    self._context.run(self._callback, *self._args)
  File "C:\Users\Mitansh\AppData\Local\Programs\Python\Python310\lib\asyncio\proactor_events.py", line 165, in _call_connection_lost
    self._sock.shutdown(socket.SHUT_RDWR)
ConnectionResetError: [WinError 10054] An existing connection was forcibly closed by the remote host
2026-02-08 12:39:31,786 [ERROR] Exception in callback _ProactorBasePipeTransport._call_connection_lost(None)
handle: <Handle _ProactorBasePipeTransport._call_connection_lost(None)>
Traceback (most recent call last):
  File "C:\Users\Mitansh\AppData\Local\Programs\Python\Python310\lib\asyncio\events.py", line 80, in _run
    self._context.run(self._callback, *self._args)
  File "C:\Users\Mitansh\AppData\Local\Programs\Python\Python310\lib\asyncio\proactor_events.py", line 165, in _call_connection_lost
    self._sock.shutdown(socket.SHUT_RDWR)
ConnectionResetError: [WinError 10054] An existing connection was forcibly closed by the remote host
2026-02-08 12:39:33,807 [ERROR] Exception in callback _ProactorBasePipeTransport._call_connection_lost(None)
handle: <Handle _ProactorBasePipeTransport._call_connection_lost(None)>
Traceback (most recent call last):
  File "C:\Users\Mitansh\AppData\Local\Programs\Python\Python310\lib\asyncio\events.py", line 80, in _run
    self._context.run(self._callback, *self._args)
  File "C:\Users\Mitansh\AppData\Local\Programs\Python\Python310\lib\asyncio\proactor_events.py", line 165, in _call_connection_lost
    self._sock.shutdown(socket.SHUT_RDWR)
ConnectionResetError: [WinError 10054] An existing connection was forcibly closed by the remote host
2026-02-08 12:39:38,872 [ERROR] Exception in callback _ProactorBasePipeTransport._call_connection_lost(None)
handle: <Handle _ProactorBasePipeTransport._call_connection_lost(None)>
Traceback (most recent call last):
  File "C:\Users\Mitansh\AppData\Local\Programs\Python\Python310\lib\asyncio\events.py", line 80, in _run
    self._context.run(self._callback, *self._args)
  File "C:\Users\Mitansh\AppData\Local\Programs\Python\Python310\lib\asyncio\proactor_events.py", line 165, in _call_connection_lost
    self._sock.shutdown(socket.SHUT_RDWR)
ConnectionResetError: [WinError 10054] An existing connection was forcibly closed by the remote host
2026-02-08 12:43:48,985 [WARNING] [Inference] TensorRT or cuda-python not installed: No module named 'tensorrt'
2026-02-08 12:43:49,303 [INFO] [Inference] Using GPU
2026-02-08 12:43:49,303 [INFO] [Inference] Loading OpenVINO model from C:\MyStuff\VS\MECup\backend\inference\openvino_model\model.xml
2026-02-08 12:43:49,914 [INFO] [Inference] Using OpenVINO backend on GPU
2026-02-08 12:43:50,098 [INFO] [Inference] Model ready (openvino)
2026-02-08 12:43:50,962 [WARNING] [Inference] TensorRT or cuda-python not installed: No module named 'tensorrt'
2026-02-08 12:43:51,202 [INFO] [Inference] Using GPU
2026-02-08 12:43:51,202 [INFO] [Inference] Loading OpenVINO model from C:\MyStuff\VS\MECup\backend\inference\openvino_model\model.xml
2026-02-08 12:43:51,835 [INFO] [Inference] Using OpenVINO backend on GPU
2026-02-08 12:43:52,022 [INFO] [Inference] Model ready (openvino)
2026-02-08 12:50:31,153 [WARNING] [Inference] TensorRT or cuda-python not installed: No module named 'tensorrt'
2026-02-08 12:50:31,419 [INFO] [Inference] Using GPU
2026-02-08 12:50:31,419 [INFO] [Inference] Loading OpenVINO model from C:\MyStuff\VS\MECup\backend\inference\openvino_model\model.xml
2026-02-08 12:50:31,984 [INFO] [Inference] Using OpenVINO backend on GPU
2026-02-08 12:50:32,149 [INFO] [Inference] Model ready (openvino)
2026-02-08 12:50:33,050 [WARNING] [Inference] TensorRT or cuda-python not installed: No module named 'tensorrt'
2026-02-08 12:50:33,284 [INFO] [Inference] Using GPU
2026-02-08 12:50:33,284 [INFO] [Inference] Loading OpenVINO model from C:\MyStuff\VS\MECup\backend\inference\openvino_model\model.xml
2026-02-08 12:50:33,885 [INFO] [Inference] Using OpenVINO backend on GPU
2026-02-08 12:50:34,074 [INFO] [Inference] Model ready (openvino)
2026-02-08 12:54:06,729 [WARNING] [Inference] TensorRT or cuda-python not installed: No module named 'tensorrt'
2026-02-08 12:54:06,993 [INFO] [Inference] Using GPU
2026-02-08 12:54:06,993 [INFO] [Inference] Loading OpenVINO model from C:\MyStuff\VS\MECup\backend\inference\openvino_model\model.xml
2026-02-08 12:54:07,577 [INFO] [Inference] Using OpenVINO backend on GPU
2026-02-08 12:54:07,746 [INFO] [Inference] Model ready (openvino)
2026-02-08 12:54:08,537 [WARNING] [Inference] TensorRT or cuda-python not installed: No module named 'tensorrt'
2026-02-08 12:54:08,767 [INFO] [Inference] Using GPU
2026-02-08 12:54:08,767 [INFO] [Inference] Loading OpenVINO model from C:\MyStuff\VS\MECup\backend\inference\openvino_model\model.xml
2026-02-08 12:54:09,327 [INFO] [Inference] Using OpenVINO backend on GPU
2026-02-08 12:54:09,497 [INFO] [Inference] Model ready (openvino)
2026-02-08 12:55:51,245 [WARNING] [Inference] TensorRT or cuda-python not installed: No module named 'tensorrt'
2026-02-08 12:55:51,489 [INFO] [Inference] Using GPU
2026-02-08 12:55:51,489 [INFO] [Inference] Loading OpenVINO model from C:\MyStuff\VS\MECup\backend\inference\openvino_model\model.xml
2026-02-08 12:55:52,084 [INFO] [Inference] Using OpenVINO backend on GPU
2026-02-08 12:55:52,272 [INFO] [Inference] Model ready (openvino)
2026-02-08 12:55:53,096 [WARNING] [Inference] TensorRT or cuda-python not installed: No module named 'tensorrt'
2026-02-08 12:55:53,343 [INFO] [Inference] Using GPU
2026-02-08 12:55:53,345 [INFO] [Inference] Loading OpenVINO model from C:\MyStuff\VS\MECup\backend\inference\openvino_model\model.xml
2026-02-08 12:55:53,943 [INFO] [Inference] Using OpenVINO backend on GPU
2026-02-08 12:55:54,141 [INFO] [Inference] Model ready (openvino)
2026-02-08 15:04:36,587 [WARNING] [Inference] TensorRT or cuda-python not installed: No module named 'tensorrt'
2026-02-08 15:04:37,182 [INFO] [Inference] Using GPU
2026-02-08 15:04:37,182 [INFO] [Inference] Loading OpenVINO model from C:\MyStuff\VS\MECup\backend\inference\openvino_model\model.xml
2026-02-08 15:04:38,421 [INFO] [Inference] Using OpenVINO backend on GPU
2026-02-08 15:04:38,600 [INFO] [Inference] Model ready (openvino)
2026-02-08 15:04:40,630 [WARNING] [Inference] TensorRT or cuda-python not installed: No module named 'tensorrt'
2026-02-08 15:04:41,137 [INFO] [Inference] Using GPU
2026-02-08 15:04:41,137 [INFO] [Inference] Loading OpenVINO model from C:\MyStuff\VS\MECup\backend\inference\openvino_model\model.xml
2026-02-08 15:04:42,925 [INFO] [Inference] Using OpenVINO backend on GPU
2026-02-08 15:04:43,114 [INFO] [Inference] Model ready (openvino)
2026-02-08 15:07:45,336 [ERROR] Polling thread error: [WinError 10054] An existing connection was forcibly closed by the remote host
2026-02-08 15:10:57,984 [WARNING] [Inference] TensorRT or cuda-python not installed: No module named 'tensorrt'
2026-02-08 15:10:58,597 [INFO] [Inference] Using GPU
2026-02-08 15:10:58,597 [INFO] [Inference] Loading OpenVINO model from C:\MyStuff\VS\MECup\backend\inference\openvino_model\model.xml
2026-02-08 15:10:59,876 [INFO] [Inference] Using OpenVINO backend on GPU
2026-02-08 15:11:00,062 [INFO] [Inference] Model ready (openvino)
2026-02-08 15:11:01,907 [WARNING] [Inference] TensorRT or cuda-python not installed: No module named 'tensorrt'
2026-02-08 15:11:02,399 [INFO] [Inference] Using GPU
2026-02-08 15:11:02,401 [INFO] [Inference] Loading OpenVINO model from C:\MyStuff\VS\MECup\backend\inference\openvino_model\model.xml
2026-02-08 15:11:03,651 [INFO] [Inference] Using OpenVINO backend on GPU
2026-02-08 15:11:03,830 [INFO] [Inference] Model ready (openvino)
2026-02-08 15:29:58,509 [WARNING] [Inference] TensorRT or cuda-python not installed: No module named 'tensorrt'
2026-02-08 15:29:59,084 [INFO] [Inference] Using GPU
2026-02-08 15:29:59,085 [INFO] [Inference] Loading OpenVINO model from C:\MyStuff\VS\MECup\backend\inference\openvino_model\model.xml
2026-02-08 15:30:00,628 [INFO] [Inference] Using OpenVINO backend on GPU
2026-02-08 15:30:00,834 [INFO] [Inference] Model ready (openvino)
2026-02-08 15:30:03,114 [WARNING] [Inference] TensorRT or cuda-python not installed: No module named 'tensorrt'
2026-02-08 15:30:03,628 [INFO] [Inference] Using GPU
2026-02-08 15:30:03,630 [INFO] [Inference] Loading OpenVINO model from C:\MyStuff\VS\MECup\backend\inference\openvino_model\model.xml
2026-02-08 15:30:05,335 [INFO] [Inference] Using OpenVINO backend on GPU
2026-02-08 15:30:05,525 [INFO] [Inference] Model ready (openvino)
2026-02-08 15:31:48,339 [ERROR] Polling thread error: [WinError 10054] An existing connection was forcibly closed by the remote host
2026-02-08 15:32:39,710 [WARNING] [Inference] TensorRT or cuda-python not installed: No module named 'tensorrt'
2026-02-08 15:32:40,326 [INFO] [Inference] Using GPU
2026-02-08 15:32:40,327 [INFO] [Inference] Loading OpenVINO model from C:\MyStuff\VS\MECup\backend\inference\openvino_model\model.xml
2026-02-08 15:32:41,897 [INFO] [Inference] Using OpenVINO backend on GPU
2026-02-08 15:32:42,140 [INFO] [Inference] Model ready (openvino)
2026-02-08 15:32:44,447 [WARNING] [Inference] TensorRT or cuda-python not installed: No module named 'tensorrt'
2026-02-08 15:32:44,945 [INFO] [Inference] Using GPU
2026-02-08 15:32:44,946 [INFO] [Inference] Loading OpenVINO model from C:\MyStuff\VS\MECup\backend\inference\openvino_model\model.xml
2026-02-08 15:32:46,667 [INFO] [Inference] Using OpenVINO backend on GPU
2026-02-08 15:32:46,861 [INFO] [Inference] Model ready (openvino)
2026-02-08 15:34:31,287 [ERROR] Monitor Log Error: [Errno 13] Permission denied: 'C:\\MyStuff\\VS\\MECup\\backend\\captured_images\\scan_20260208_153357\\register_monitor.csv'
2026-02-08 15:34:32,501 [ERROR] Monitor Log Error: [Errno 13] Permission denied: 'C:\\MyStuff\\VS\\MECup\\backend\\captured_images\\scan_20260208_153357\\register_monitor.csv'
2026-02-08 15:34:33,712 [ERROR] Monitor Log Error: [Errno 13] Permission denied: 'C:\\MyStuff\\VS\\MECup\\backend\\captured_images\\scan_20260208_153357\\register_monitor.csv'
2026-02-08 15:34:34,906 [ERROR] Monitor Log Error: [Errno 13] Permission denied: 'C:\\MyStuff\\VS\\MECup\\backend\\captured_images\\scan_20260208_153357\\register_monitor.csv'
2026-02-08 15:34:36,097 [ERROR] Monitor Log Error: [Errno 13] Permission denied: 'C:\\MyStuff\\VS\\MECup\\backend\\captured_images\\scan_20260208_153357\\register_monitor.csv'
2026-02-08 15:34:37,311 [ERROR] Monitor Log Error: [Errno 13] Permission denied: 'C:\\MyStuff\\VS\\MECup\\backend\\captured_images\\scan_20260208_153357\\register_monitor.csv'
2026-02-08 15:34:38,512 [ERROR] Monitor Log Error: [Errno 13] Permission denied: 'C:\\MyStuff\\VS\\MECup\\backend\\captured_images\\scan_20260208_153357\\register_monitor.csv'
2026-02-08 15:34:39,707 [ERROR] Monitor Log Error: [Errno 13] Permission denied: 'C:\\MyStuff\\VS\\MECup\\backend\\captured_images\\scan_20260208_153357\\register_monitor.csv'
2026-02-08 15:34:40,917 [ERROR] Monitor Log Error: [Errno 13] Permission denied: 'C:\\MyStuff\\VS\\MECup\\backend\\captured_images\\scan_20260208_153357\\register_monitor.csv'
2026-02-08 15:34:42,118 [ERROR] Monitor Log Error: [Errno 13] Permission denied: 'C:\\MyStuff\\VS\\MECup\\backend\\captured_images\\scan_20260208_153357\\register_monitor.csv'
2026-02-08 15:34:43,338 [ERROR] Monitor Log Error: [Errno 13] Permission denied: 'C:\\MyStuff\\VS\\MECup\\backend\\captured_images\\scan_20260208_153357\\register_monitor.csv'
2026-02-08 15:34:44,559 [ERROR] Monitor Log Error: [Errno 13] Permission denied: 'C:\\MyStuff\\VS\\MECup\\backend\\captured_images\\scan_20260208_153357\\register_monitor.csv'
2026-02-08 15:34:45,755 [ERROR] Monitor Log Error: [Errno 13] Permission denied: 'C:\\MyStuff\\VS\\MECup\\backend\\captured_images\\scan_20260208_153357\\register_monitor.csv'
2026-02-08 15:34:46,951 [ERROR] Monitor Log Error: [Errno 13] Permission denied: 'C:\\MyStuff\\VS\\MECup\\backend\\captured_images\\scan_20260208_153357\\register_monitor.csv'
2026-02-08 15:34:48,153 [ERROR] Monitor Log Error: [Errno 13] Permission denied: 'C:\\MyStuff\\VS\\MECup\\backend\\captured_images\\scan_20260208_153357\\register_monitor.csv'
2026-02-08 15:34:49,351 [ERROR] Monitor Log Error: [Errno 13] Permission denied: 'C:\\MyStuff\\VS\\MECup\\backend\\captured_images\\scan_20260208_153357\\register_monitor.csv'
2026-02-08 15:34:50,555 [ERROR] Monitor Log Error: [Errno 13] Permission denied: 'C:\\MyStuff\\VS\\MECup\\backend\\captured_images\\scan_20260208_153357\\register_monitor.csv'
2026-02-08 15:34:51,921 [ERROR] Monitor Log Error: [Errno 13] Permission denied: 'C:\\MyStuff\\VS\\MECup\\backend\\captured_images\\scan_20260208_153357\\register_monitor.csv'
2026-02-08 15:34:53,281 [ERROR] Monitor Log Error: [Errno 13] Permission denied: 'C:\\MyStuff\\VS\\MECup\\backend\\captured_images\\scan_20260208_153357\\register_monitor.csv'
2026-02-08 15:34:54,480 [ERROR] Monitor Log Error: [Errno 13] Permission denied: 'C:\\MyStuff\\VS\\MECup\\backend\\captured_images\\scan_20260208_153357\\register_monitor.csv'
2026-02-08 15:34:55,677 [ERROR] Monitor Log Error: [Errno 13] Permission denied: 'C:\\MyStuff\\VS\\MECup\\backend\\captured_images\\scan_20260208_153357\\register_monitor.csv'
2026-02-08 15:34:56,890 [ERROR] Monitor Log Error: [Errno 13] Permission denied: 'C:\\MyStuff\\VS\\MECup\\backend\\captured_images\\scan_20260208_153357\\register_monitor.csv'
2026-02-08 15:34:58,091 [ERROR] Monitor Log Error: [Errno 13] Permission denied: 'C:\\MyStuff\\VS\\MECup\\backend\\captured_images\\scan_20260208_153357\\register_monitor.csv'
2026-02-08 15:34:59,284 [ERROR] Monitor Log Error: [Errno 13] Permission denied: 'C:\\MyStuff\\VS\\MECup\\backend\\captured_images\\scan_20260208_153357\\register_monitor.csv'
2026-02-08 15:35:00,498 [ERROR] Monitor Log Error: [Errno 13] Permission denied: 'C:\\MyStuff\\VS\\MECup\\backend\\captured_images\\scan_20260208_153357\\register_monitor.csv'
2026-02-08 15:35:01,694 [ERROR] Monitor Log Error: [Errno 13] Permission denied: 'C:\\MyStuff\\VS\\MECup\\backend\\captured_images\\scan_20260208_153357\\register_monitor.csv'
2026-02-08 15:35:02,918 [ERROR] Monitor Log Error: [Errno 13] Permission denied: 'C:\\MyStuff\\VS\\MECup\\backend\\captured_images\\scan_20260208_153357\\register_monitor.csv'
2026-02-08 15:35:04,120 [ERROR] Monitor Log Error: [Errno 13] Permission denied: 'C:\\MyStuff\\VS\\MECup\\backend\\captured_images\\scan_20260208_153357\\register_monitor.csv'
2026-02-08 15:35:05,335 [ERROR] Monitor Log Error: [Errno 13] Permission denied: 'C:\\MyStuff\\VS\\MECup\\backend\\captured_images\\scan_20260208_153357\\register_monitor.csv'
2026-02-08 15:35:06,525 [ERROR] Monitor Log Error: [Errno 13] Permission denied: 'C:\\MyStuff\\VS\\MECup\\backend\\captured_images\\scan_20260208_153357\\register_monitor.csv'
2026-02-08 15:35:07,720 [ERROR] Monitor Log Error: [Errno 13] Permission denied: 'C:\\MyStuff\\VS\\MECup\\backend\\captured_images\\scan_20260208_153357\\register_monitor.csv'
2026-02-08 15:35:08,913 [ERROR] Monitor Log Error: [Errno 13] Permission denied: 'C:\\MyStuff\\VS\\MECup\\backend\\captured_images\\scan_20260208_153357\\register_monitor.csv'
2026-02-08 15:35:10,109 [ERROR] Monitor Log Error: [Errno 13] Permission denied: 'C:\\MyStuff\\VS\\MECup\\backend\\captured_images\\scan_20260208_153357\\register_monitor.csv'
2026-02-08 15:35:11,321 [ERROR] Monitor Log Error: [Errno 13] Permission denied: 'C:\\MyStuff\\VS\\MECup\\backend\\captured_images\\scan_20260208_153357\\register_monitor.csv'
2026-02-08 15:35:12,525 [ERROR] Monitor Log Error: [Errno 13] Permission denied: 'C:\\MyStuff\\VS\\MECup\\backend\\captured_images\\scan_20260208_153357\\register_monitor.csv'
2026-02-08 15:35:13,735 [ERROR] Monitor Log Error: [Errno 13] Permission denied: 'C:\\MyStuff\\VS\\MECup\\backend\\captured_images\\scan_20260208_153357\\register_monitor.csv'
2026-02-08 15:35:14,925 [ERROR] Monitor Log Error: [Errno 13] Permission denied: 'C:\\MyStuff\\VS\\MECup\\backend\\captured_images\\scan_20260208_153357\\register_monitor.csv'
2026-02-08 15:35:16,123 [ERROR] Monitor Log Error: [Errno 13] Permission denied: 'C:\\MyStuff\\VS\\MECup\\backend\\captured_images\\scan_20260208_153357\\register_monitor.csv'
2026-02-08 15:35:17,330 [ERROR] Monitor Log Error: [Errno 13] Permission denied: 'C:\\MyStuff\\VS\\MECup\\backend\\captured_images\\scan_20260208_153357\\register_monitor.csv'
2026-02-08 15:35:18,531 [ERROR] Monitor Log Error: [Errno 13] Permission denied: 'C:\\MyStuff\\VS\\MECup\\backend\\captured_images\\scan_20260208_153357\\register_monitor.csv'
2026-02-08 15:35:19,749 [ERROR] Monitor Log Error: [Errno 13] Permission denied: 'C:\\MyStuff\\VS\\MECup\\backend\\captured_images\\scan_20260208_153357\\register_monitor.csv'
2026-02-08 15:35:20,965 [ERROR] Monitor Log Error: [Errno 13] Permission denied: 'C:\\MyStuff\\VS\\MECup\\backend\\captured_images\\scan_20260208_153357\\register_monitor.csv'
2026-02-08 15:35:22,172 [ERROR] Monitor Log Error: [Errno 13] Permission denied: 'C:\\MyStuff\\VS\\MECup\\backend\\captured_images\\scan_20260208_153357\\register_monitor.csv'
2026-02-08 15:35:23,379 [ERROR] Monitor Log Error: [Errno 13] Permission denied: 'C:\\MyStuff\\VS\\MECup\\backend\\captured_images\\scan_20260208_153357\\register_monitor.csv'
2026-02-08 15:35:24,572 [ERROR] Monitor Log Error: [Errno 13] Permission denied: 'C:\\MyStuff\\VS\\MECup\\backend\\captured_images\\scan_20260208_153357\\register_monitor.csv'
2026-02-08 15:35:25,771 [ERROR] Monitor Log Error: [Errno 13] Permission denied: 'C:\\MyStuff\\VS\\MECup\\backend\\captured_images\\scan_20260208_153357\\register_monitor.csv'
2026-02-08 15:35:27,132 [ERROR] Monitor Log Error: [Errno 13] Permission denied: 'C:\\MyStuff\\VS\\MECup\\backend\\captured_images\\scan_20260208_153357\\register_monitor.csv'
2026-02-08 15:35:28,488 [ERROR] Monitor Log Error: [Errno 13] Permission denied: 'C:\\MyStuff\\VS\\MECup\\backend\\captured_images\\scan_20260208_153357\\register_monitor.csv'
2026-02-08 15:35:29,683 [ERROR] Monitor Log Error: [Errno 13] Permission denied: 'C:\\MyStuff\\VS\\MECup\\backend\\captured_images\\scan_20260208_153357\\register_monitor.csv'
2026-02-08 15:35:30,892 [ERROR] Monitor Log Error: [Errno 13] Permission denied: 'C:\\MyStuff\\VS\\MECup\\backend\\captured_images\\scan_20260208_153357\\register_monitor.csv'
2026-02-08 15:35:32,086 [ERROR] Monitor Log Error: [Errno 13] Permission denied: 'C:\\MyStuff\\VS\\MECup\\backend\\captured_images\\scan_20260208_153357\\register_monitor.csv'
2026-02-08 15:35:33,285 [ERROR] Monitor Log Error: [Errno 13] Permission denied: 'C:\\MyStuff\\VS\\MECup\\backend\\captured_images\\scan_20260208_153357\\register_monitor.csv'
2026-02-08 15:35:34,486 [ERROR] Monitor Log Error: [Errno 13] Permission denied: 'C:\\MyStuff\\VS\\MECup\\backend\\captured_images\\scan_20260208_153357\\register_monitor.csv'
2026-02-08 15:35:35,681 [ERROR] Monitor Log Error: [Errno 13] Permission denied: 'C:\\MyStuff\\VS\\MECup\\backend\\captured_images\\scan_20260208_153357\\register_monitor.csv'
2026-02-08 15:35:36,876 [ERROR] Monitor Log Error: [Errno 13] Permission denied: 'C:\\MyStuff\\VS\\MECup\\backend\\captured_images\\scan_20260208_153357\\register_monitor.csv'
2026-02-08 15:35:38,073 [ERROR] Monitor Log Error: [Errno 13] Permission denied: 'C:\\MyStuff\\VS\\MECup\\backend\\captured_images\\scan_20260208_153357\\register_monitor.csv'
2026-02-08 15:35:39,269 [ERROR] Monitor Log Error: [Errno 13] Permission denied: 'C:\\MyStuff\\VS\\MECup\\backend\\captured_images\\scan_20260208_153357\\register_monitor.csv'
2026-02-08 15:35:40,480 [ERROR] Monitor Log Error: [Errno 13] Permission denied: 'C:\\MyStuff\\VS\\MECup\\backend\\captured_images\\scan_20260208_153357\\register_monitor.csv'
2026-02-08 15:35:41,689 [ERROR] Monitor Log Error: [Errno 13] Permission denied: 'C:\\MyStuff\\VS\\MECup\\backend\\captured_images\\scan_20260208_153357\\register_monitor.csv'
2026-02-08 15:35:42,897 [ERROR] Monitor Log Error: [Errno 13] Permission denied: 'C:\\MyStuff\\VS\\MECup\\backend\\captured_images\\scan_20260208_153357\\register_monitor.csv'
2026-02-08 15:35:44,103 [ERROR] Monitor Log Error: [Errno 13] Permission denied: 'C:\\MyStuff\\VS\\MECup\\backend\\captured_images\\scan_20260208_153357\\register_monitor.csv'
2026-02-08 15:35:45,312 [ERROR] Monitor Log Error: [Errno 13] Permission denied: 'C:\\MyStuff\\VS\\MECup\\backend\\captured_images\\scan_20260208_153357\\register_monitor.csv'
2026-02-08 15:35:46,521 [ERROR] Monitor Log Error: [Errno 13] Permission denied: 'C:\\MyStuff\\VS\\MECup\\backend\\captured_images\\scan_20260208_153357\\register_monitor.csv'
2026-02-08 15:35:47,727 [ERROR] Monitor Log Error: [Errno 13] Permission denied: 'C:\\MyStuff\\VS\\MECup\\backend\\captured_images\\scan_20260208_153357\\register_monitor.csv'
2026-02-08 15:35:48,943 [ERROR] Monitor Log Error: [Errno 13] Permission denied: 'C:\\MyStuff\\VS\\MECup\\backend\\captured_images\\scan_20260208_153357\\register_monitor.csv'
2026-02-08 15:35:50,142 [ERROR] Monitor Log Error: [Errno 13] Permission denied: 'C:\\MyStuff\\VS\\MECup\\backend\\captured_images\\scan_20260208_153357\\register_monitor.csv'
2026-02-08 15:35:51,362 [ERROR] Monitor Log Error: [Errno 13] Permission denied: 'C:\\MyStuff\\VS\\MECup\\backend\\captured_images\\scan_20260208_153357\\register_monitor.csv'
2026-02-08 15:35:52,595 [ERROR] Monitor Log Error: [Errno 13] Permission denied: 'C:\\MyStuff\\VS\\MECup\\backend\\captured_images\\scan_20260208_153357\\register_monitor.csv'
2026-02-08 15:35:53,805 [ERROR] Monitor Log Error: [Errno 13] Permission denied: 'C:\\MyStuff\\VS\\MECup\\backend\\captured_images\\scan_20260208_153357\\register_monitor.csv'
2026-02-08 15:35:55,010 [ERROR] Monitor Log Error: [Errno 13] Permission denied: 'C:\\MyStuff\\VS\\MECup\\backend\\captured_images\\scan_20260208_153357\\register_monitor.csv'
2026-02-08 15:35:56,211 [ERROR] Monitor Log Error: [Errno 13] Permission denied: 'C:\\MyStuff\\VS\\MECup\\backend\\captured_images\\scan_20260208_153357\\register_monitor.csv'
2026-02-08 15:35:57,420 [ERROR] Monitor Log Error: [Errno 13] Permission denied: 'C:\\MyStuff\\VS\\MECup\\backend\\captured_images\\scan_20260208_153357\\register_monitor.csv'
2026-02-08 15:35:58,620 [ERROR] Monitor Log Error: [Errno 13] Permission denied: 'C:\\MyStuff\\VS\\MECup\\backend\\captured_images\\scan_20260208_153357\\register_monitor.csv'
2026-02-08 15:35:59,821 [ERROR] Monitor Log Error: [Errno 13] Permission denied: 'C:\\MyStuff\\VS\\MECup\\backend\\captured_images\\scan_20260208_153357\\register_monitor.csv'
2026-02-08 15:36:01,017 [ERROR] Monitor Log Error: [Errno 13] Permission denied: 'C:\\MyStuff\\VS\\MECup\\backend\\captured_images\\scan_20260208_153357\\register_monitor.csv'
2026-02-08 15:36:02,380 [ERROR] Monitor Log Error: [Errno 13] Permission denied: 'C:\\MyStuff\\VS\\MECup\\backend\\captured_images\\scan_20260208_153357\\register_monitor.csv'
2026-02-08 15:36:03,736 [ERROR] Monitor Log Error: [Errno 13] Permission denied: 'C:\\MyStuff\\VS\\MECup\\backend\\captured_images\\scan_20260208_153357\\register_monitor.csv'
2026-02-08 15:36:04,951 [ERROR] Monitor Log Error: [Errno 13] Permission denied: 'C:\\MyStuff\\VS\\MECup\\backend\\captured_images\\scan_20260208_153357\\register_monitor.csv'
2026-02-08 15:36:06,182 [ERROR] Monitor Log Error: [Errno 13] Permission denied: 'C:\\MyStuff\\VS\\MECup\\backend\\captured_images\\scan_20260208_153357\\register_monitor.csv'
2026-02-08 15:36:07,403 [ERROR] Monitor Log Error: [Errno 13] Permission denied: 'C:\\MyStuff\\VS\\MECup\\backend\\captured_images\\scan_20260208_153357\\register_monitor.csv'
2026-02-08 15:36:08,611 [ERROR] Monitor Log Error: [Errno 13] Permission denied: 'C:\\MyStuff\\VS\\MECup\\backend\\captured_images\\scan_20260208_153357\\register_monitor.csv'
2026-02-08 15:36:09,814 [ERROR] Monitor Log Error: [Errno 13] Permission denied: 'C:\\MyStuff\\VS\\MECup\\backend\\captured_images\\scan_20260208_153357\\register_monitor.csv'
2026-02-08 15:36:11,039 [ERROR] Monitor Log Error: [Errno 13] Permission denied: 'C:\\MyStuff\\VS\\MECup\\backend\\captured_images\\scan_20260208_153357\\register_monitor.csv'
2026-02-08 15:36:12,296 [ERROR] Monitor Log Error: [Errno 13] Permission denied: 'C:\\MyStuff\\VS\\MECup\\backend\\captured_images\\scan_20260208_153357\\register_monitor.csv'
2026-02-08 15:36:13,514 [ERROR] Monitor Log Error: [Errno 13] Permission denied: 'C:\\MyStuff\\VS\\MECup\\backend\\captured_images\\scan_20260208_153357\\register_monitor.csv'
2026-02-08 15:36:14,717 [ERROR] Monitor Log Error: [Errno 13] Permission denied: 'C:\\MyStuff\\VS\\MECup\\backend\\captured_images\\scan_20260208_153357\\register_monitor.csv'
2026-02-08 15:36:15,926 [ERROR] Monitor Log Error: [Errno 13] Permission denied: 'C:\\MyStuff\\VS\\MECup\\backend\\captured_images\\scan_20260208_153357\\register_monitor.csv'
2026-02-08 15:36:17,151 [ERROR] Monitor Log Error: [Errno 13] Permission denied: 'C:\\MyStuff\\VS\\MECup\\backend\\captured_images\\scan_20260208_153357\\register_monitor.csv'
2026-02-08 15:36:18,368 [ERROR] Monitor Log Error: [Errno 13] Permission denied: 'C:\\MyStuff\\VS\\MECup\\backend\\captured_images\\scan_20260208_153357\\register_monitor.csv'
2026-02-08 15:36:19,583 [ERROR] Monitor Log Error: [Errno 13] Permission denied: 'C:\\MyStuff\\VS\\MECup\\backend\\captured_images\\scan_20260208_153357\\register_monitor.csv'
2026-02-08 15:36:20,785 [ERROR] Monitor Log Error: [Errno 13] Permission denied: 'C:\\MyStuff\\VS\\MECup\\backend\\captured_images\\scan_20260208_153357\\register_monitor.csv'
2026-02-08 15:36:22,012 [ERROR] Monitor Log Error: [Errno 13] Permission denied: 'C:\\MyStuff\\VS\\MECup\\backend\\captured_images\\scan_20260208_153357\\register_monitor.csv'
2026-02-08 15:36:23,215 [ERROR] Monitor Log Error: [Errno 13] Permission denied: 'C:\\MyStuff\\VS\\MECup\\backend\\captured_images\\scan_20260208_153357\\register_monitor.csv'
2026-02-08 15:36:24,420 [ERROR] Monitor Log Error: [Errno 13] Permission denied: 'C:\\MyStuff\\VS\\MECup\\backend\\captured_images\\scan_20260208_153357\\register_monitor.csv'
2026-02-08 15:36:25,615 [ERROR] Monitor Log Error: [Errno 13] Permission denied: 'C:\\MyStuff\\VS\\MECup\\backend\\captured_images\\scan_20260208_153357\\register_monitor.csv'
2026-02-08 15:36:26,817 [ERROR] Monitor Log Error: [Errno 13] Permission denied: 'C:\\MyStuff\\VS\\MECup\\backend\\captured_images\\scan_20260208_153357\\register_monitor.csv'
2026-02-08 15:36:28,027 [ERROR] Monitor Log Error: [Errno 13] Permission denied: 'C:\\MyStuff\\VS\\MECup\\backend\\captured_images\\scan_20260208_153357\\register_monitor.csv'
2026-02-08 15:36:29,226 [ERROR] Monitor Log Error: [Errno 13] Permission denied: 'C:\\MyStuff\\VS\\MECup\\backend\\captured_images\\scan_20260208_153357\\register_monitor.csv'
2026-02-08 15:36:30,435 [ERROR] Monitor Log Error: [Errno 13] Permission denied: 'C:\\MyStuff\\VS\\MECup\\backend\\captured_images\\scan_20260208_153357\\register_monitor.csv'
2026-02-08 15:36:31,644 [ERROR] Monitor Log Error: [Errno 13] Permission denied: 'C:\\MyStuff\\VS\\MECup\\backend\\captured_images\\scan_20260208_153357\\register_monitor.csv'
2026-02-08 15:36:32,838 [ERROR] Monitor Log Error: [Errno 13] Permission denied: 'C:\\MyStuff\\VS\\MECup\\backend\\captured_images\\scan_20260208_153357\\register_monitor.csv'
2026-02-08 15:36:34,045 [ERROR] Monitor Log Error: [Errno 13] Permission denied: 'C:\\MyStuff\\VS\\MECup\\backend\\captured_images\\scan_20260208_153357\\register_monitor.csv'
2026-02-08 15:36:35,249 [ERROR] Monitor Log Error: [Errno 13] Permission denied: 'C:\\MyStuff\\VS\\MECup\\backend\\captured_images\\scan_20260208_153357\\register_monitor.csv'
2026-02-08 15:36:36,462 [ERROR] Monitor Log Error: [Errno 13] Permission denied: 'C:\\MyStuff\\VS\\MECup\\backend\\captured_images\\scan_20260208_153357\\register_monitor.csv'
2026-02-08 15:36:37,825 [ERROR] Monitor Log Error: [Errno 13] Permission denied: 'C:\\MyStuff\\VS\\MECup\\backend\\captured_images\\scan_20260208_153357\\register_monitor.csv'
2026-02-08 15:36:39,196 [ERROR] Monitor Log Error: [Errno 13] Permission denied: 'C:\\MyStuff\\VS\\MECup\\backend\\captured_images\\scan_20260208_153357\\register_monitor.csv'
2026-02-08 15:36:40,391 [ERROR] Monitor Log Error: [Errno 13] Permission denied: 'C:\\MyStuff\\VS\\MECup\\backend\\captured_images\\scan_20260208_153357\\register_monitor.csv'
2026-02-08 15:36:41,629 [ERROR] Monitor Log Error: [Errno 13] Permission denied: 'C:\\MyStuff\\VS\\MECup\\backend\\captured_images\\scan_20260208_153357\\register_monitor.csv'
2026-02-08 15:36:42,842 [ERROR] Monitor Log Error: [Errno 13] Permission denied: 'C:\\MyStuff\\VS\\MECup\\backend\\captured_images\\scan_20260208_153357\\register_monitor.csv'
2026-02-08 15:36:44,042 [ERROR] Monitor Log Error: [Errno 13] Permission denied: 'C:\\MyStuff\\VS\\MECup\\backend\\captured_images\\scan_20260208_153357\\register_monitor.csv'
2026-02-08 15:36:45,257 [ERROR] Monitor Log Error: [Errno 13] Permission denied: 'C:\\MyStuff\\VS\\MECup\\backend\\captured_images\\scan_20260208_153357\\register_monitor.csv'
2026-02-08 15:36:46,469 [ERROR] Monitor Log Error: [Errno 13] Permission denied: 'C:\\MyStuff\\VS\\MECup\\backend\\captured_images\\scan_20260208_153357\\register_monitor.csv'
2026-02-08 15:36:47,707 [ERROR] Monitor Log Error: [Errno 13] Permission denied: 'C:\\MyStuff\\VS\\MECup\\backend\\captured_images\\scan_20260208_153357\\register_monitor.csv'
2026-02-08 15:36:48,906 [ERROR] Monitor Log Error: [Errno 13] Permission denied: 'C:\\MyStuff\\VS\\MECup\\backend\\captured_images\\scan_20260208_153357\\register_monitor.csv'
2026-02-08 15:36:50,122 [ERROR] Monitor Log Error: [Errno 13] Permission denied: 'C:\\MyStuff\\VS\\MECup\\backend\\captured_images\\scan_20260208_153357\\register_monitor.csv'
2026-02-08 15:36:51,354 [ERROR] Monitor Log Error: [Errno 13] Permission denied: 'C:\\MyStuff\\VS\\MECup\\backend\\captured_images\\scan_20260208_153357\\register_monitor.csv'
2026-02-08 15:36:52,563 [ERROR] Monitor Log Error: [Errno 13] Permission denied: 'C:\\MyStuff\\VS\\MECup\\backend\\captured_images\\scan_20260208_153357\\register_monitor.csv'
2026-02-08 15:36:53,770 [ERROR] Monitor Log Error: [Errno 13] Permission denied: 'C:\\MyStuff\\VS\\MECup\\backend\\captured_images\\scan_20260208_153357\\register_monitor.csv'
2026-02-08 15:55:00,464 [ERROR] Polling thread error: [WinError 10054] An existing connection was forcibly closed by the remote host
2026-02-08 15:55:01,560 [ERROR] Polling thread error: PLC disconnected: [WinError 10051] A socket operation was attempted to an unreachable network
2026-02-08 16:13:27,690 [ERROR] Polling thread error: [WinError 10054] An existing connection was forcibly closed by the remote host
2026-02-08 16:32:09,323 [ERROR] Polling thread error: [WinError 10054] An existing connection was forcibly closed by the remote host
2026-02-08 16:32:12,413 [ERROR] Polling thread error: PLC disconnected: timed out
2026-02-08 16:32:15,508 [ERROR] Polling thread error: PLC disconnected: timed out
2026-02-08 16:32:18,590 [ERROR] Polling thread error: PLC disconnected: timed out
2026-02-08 16:32:21,706 [ERROR] Polling thread error: PLC disconnected: timed out
2026-02-08 16:32:24,804 [ERROR] Polling thread error: PLC disconnected: timed out
2026-02-08 16:32:27,905 [ERROR] Polling thread error: PLC disconnected: timed out
2026-02-08 16:32:30,998 [ERROR] Polling thread error: PLC disconnected: timed out
2026-02-08 16:32:34,082 [ERROR] Polling thread error: PLC disconnected: timed out
2026-02-08 16:32:37,159 [ERROR] Polling thread error: PLC disconnected: timed out
2026-02-08 16:41:59,778 [WARNING] [Inference] TensorRT or cuda-python not installed: No module named 'tensorrt'
2026-02-08 16:42:00,103 [INFO] [Inference] Using GPU
2026-02-08 16:42:00,103 [INFO] [Inference] Loading OpenVINO model from C:\MyStuff\VS\MECup\backend\inference\openvino_model\model.xml
2026-02-08 16:42:00,687 [INFO] [Inference] Using OpenVINO backend on GPU
2026-02-08 16:42:00,867 [INFO] [Inference] Model ready (openvino)
2026-02-08 16:42:01,680 [WARNING] [Inference] TensorRT or cuda-python not installed: No module named 'tensorrt'
2026-02-08 16:42:01,933 [INFO] [Inference] Using GPU
2026-02-08 16:42:01,933 [INFO] [Inference] Loading OpenVINO model from C:\MyStuff\VS\MECup\backend\inference\openvino_model\model.xml
2026-02-08 16:42:02,537 [INFO] [Inference] Using OpenVINO backend on GPU
2026-02-08 16:42:02,730 [INFO] [Inference] Model ready (openvino)
2026-02-08 16:42:02,876 [ERROR] Polling thread error: PLC disconnected: timed out
2026-02-08 16:42:05,953 [ERROR] Polling thread error: PLC disconnected: timed out
2026-02-08 16:42:09,050 [ERROR] Polling thread error: PLC disconnected: timed out
2026-02-08 16:44:32,259 [WARNING] [Inference] TensorRT or cuda-python not installed: No module named 'tensorrt'
2026-02-08 16:44:32,551 [INFO] [Inference] Using GPU
2026-02-08 16:44:32,551 [INFO] [Inference] Loading OpenVINO model from C:\MyStuff\VS\MECup\backend\inference\openvino_model\model.xml
2026-02-08 16:44:33,146 [INFO] [Inference] Using OpenVINO backend on GPU
2026-02-08 16:44:33,326 [INFO] [Inference] Model ready (openvino)
2026-02-08 16:44:34,191 [WARNING] [Inference] TensorRT or cuda-python not installed: No module named 'tensorrt'
2026-02-08 16:44:34,435 [INFO] [Inference] Using GPU
2026-02-08 16:44:34,435 [INFO] [Inference] Loading OpenVINO model from C:\MyStuff\VS\MECup\backend\inference\openvino_model\model.xml
2026-02-08 16:44:35,022 [INFO] [Inference] Using OpenVINO backend on GPU
2026-02-08 16:44:35,205 [INFO] [Inference] Model ready (openvino)
2026-02-08 16:47:50,039 [ERROR] Polling thread error: [WinError 10054] An existing connection was forcibly closed by the remote host
2026-02-08 16:47:53,117 [ERROR] Polling thread error: PLC disconnected: timed out
2026-02-08 16:47:56,198 [ERROR] Polling thread error: PLC disconnected: timed out
2026-02-08 16:47:59,275 [ERROR] Polling thread error: PLC disconnected: timed out
2026-02-08 16:48:02,354 [ERROR] Polling thread error: PLC disconnected: timed out
2026-02-08 16:48:05,435 [ERROR] Polling thread error: PLC disconnected: timed out
2026-02-08 16:48:08,514 [ERROR] Polling thread error: PLC disconnected: timed out
2026-02-08 16:48:11,593 [ERROR] Polling thread error: PLC disconnected: timed out
2026-02-08 16:48:14,673 [ERROR] Polling thread error: PLC disconnected: timed out
2026-02-08 16:48:17,752 [ERROR] Polling thread error: PLC disconnected: timed out
2026-02-08 16:48:20,832 [ERROR] Polling thread error: PLC disconnected: timed out
2026-02-08 16:48:23,912 [ERROR] Polling thread error: PLC disconnected: timed out
2026-02-08 16:48:26,992 [ERROR] Polling thread error: PLC disconnected: timed out
2026-02-08 16:48:30,070 [ERROR] Polling thread error: PLC disconnected: timed out
2026-02-08 16:48:33,154 [ERROR] Polling thread error: PLC disconnected: timed out
2026-02-08 16:48:36,235 [ERROR] Polling thread error: PLC disconnected: timed out
2026-02-08 16:48:39,313 [ERROR] Polling thread error: PLC disconnected: timed out
2026-02-08 16:48:42,393 [ERROR] Polling thread error: PLC disconnected: timed out
2026-02-08 16:48:45,473 [ERROR] Polling thread error: PLC disconnected: timed out
2026-02-08 16:48:48,552 [ERROR] Polling thread error: PLC disconnected: timed out
2026-02-08 16:48:51,633 [ERROR] Polling thread error: PLC disconnected: timed out
2026-02-08 16:48:54,713 [ERROR] Polling thread error: PLC disconnected: timed out
2026-02-08 16:48:57,793 [ERROR] Polling thread error: PLC disconnected: timed out
2026-02-08 16:49:00,902 [ERROR] Polling thread error: PLC disconnected: timed out
2026-02-08 16:49:03,985 [ERROR] Polling thread error: PLC disconnected: timed out
2026-02-08 16:49:07,085 [ERROR] Polling thread error: PLC disconnected: timed out
2026-02-08 16:49:10,174 [ERROR] Polling thread error: PLC disconnected: timed out
2026-02-08 16:49:13,265 [ERROR] Polling thread error: PLC disconnected: timed out
2026-02-08 16:49:16,373 [ERROR] Polling thread error: PLC disconnected: timed out
2026-02-08 16:49:19,473 [ERROR] Polling thread error: PLC disconnected: timed out
2026-02-08 16:49:22,560 [ERROR] Polling thread error: PLC disconnected: timed out
2026-02-08 16:49:25,658 [ERROR] Polling thread error: PLC disconnected: timed out
2026-02-08 16:49:28,749 [ERROR] Polling thread error: PLC disconnected: timed out
2026-02-08 16:49:31,839 [ERROR] Polling thread error: PLC disconnected: timed out
2026-02-08 16:49:34,930 [ERROR] Polling thread error: PLC disconnected: timed out
2026-02-08 16:49:38,023 [ERROR] Polling thread error: PLC disconnected: timed out
2026-02-08 16:49:41,128 [ERROR] Polling thread error: PLC disconnected: timed out
2026-02-08 16:49:44,211 [ERROR] Polling thread error: PLC disconnected: timed out
2026-02-08 16:49:47,323 [ERROR] Polling thread error: PLC disconnected: timed out
2026-02-08 16:49:50,419 [ERROR] Polling thread error: PLC disconnected: timed out
2026-02-08 16:49:53,512 [ERROR] Polling thread error: PLC disconnected: timed out
2026-02-08 16:49:56,605 [ERROR] Polling thread error: PLC disconnected: timed out
2026-02-08 16:49:59,714 [ERROR] Polling thread error: PLC disconnected: timed out
2026-02-08 16:50:02,807 [ERROR] Polling thread error: PLC disconnected: timed out
2026-02-08 16:50:05,906 [ERROR] Polling thread error: PLC disconnected: timed out
2026-02-08 16:50:09,010 [ERROR] Polling thread error: PLC disconnected: timed out
2026-02-08 16:50:12,100 [ERROR] Polling thread error: PLC disconnected: timed out
2026-02-08 16:50:15,199 [ERROR] Polling thread error: PLC disconnected: timed out
2026-02-08 16:50:18,299 [ERROR] Polling thread error: PLC disconnected: timed out
2026-02-08 16:50:21,392 [ERROR] Polling thread error: PLC disconnected: timed out
2026-02-08 16:50:24,491 [ERROR] Polling thread error: PLC disconnected: timed out
2026-02-08 16:50:27,581 [ERROR] Polling thread error: PLC disconnected: timed out
2026-02-08 16:50:30,660 [ERROR] Polling thread error: PLC disconnected: timed out
2026-02-08 16:50:33,754 [ERROR] Polling thread error: PLC disconnected: timed out
2026-02-08 16:50:36,847 [ERROR] Polling thread error: PLC disconnected: timed out
2026-02-08 16:50:39,947 [ERROR] Polling thread error: PLC disconnected: timed out
2026-02-08 16:50:43,054 [ERROR] Polling thread error: PLC disconnected: timed out
2026-02-08 16:50:46,153 [ERROR] Polling thread error: PLC disconnected: timed out
2026-02-08 16:50:49,243 [ERROR] Polling thread error: PLC disconnected: timed out
2026-02-08 16:50:52,339 [ERROR] Polling thread error: PLC disconnected: timed out
2026-02-08 16:50:55,452 [ERROR] Polling thread error: PLC disconnected: timed out
2026-02-08 16:50:58,545 [ERROR] Polling thread error: PLC disconnected: timed out
2026-02-08 16:51:01,635 [ERROR] Polling thread error: PLC disconnected: timed out
2026-02-08 16:51:04,728 [ERROR] Polling thread error: PLC disconnected: timed out
2026-02-08 16:51:07,825 [ERROR] Polling thread error: PLC disconnected: timed out
2026-02-08 16:51:10,924 [ERROR] Polling thread error: PLC disconnected: timed out
2026-02-08 16:51:14,012 [ERROR] Polling thread error: PLC disconnected: timed out
2026-02-08 16:51:17,092 [ERROR] Polling thread error: PLC disconnected: timed out
2026-02-08 16:51:20,174 [ERROR] Polling thread error: PLC disconnected: timed out
2026-02-08 16:51:23,253 [ERROR] Polling thread error: PLC disconnected: timed out
2026-02-08 16:51:26,332 [ERROR] Polling thread error: PLC disconnected: timed out
2026-02-08 16:51:29,411 [ERROR] Polling thread error: PLC disconnected: timed out
2026-02-08 16:51:32,491 [ERROR] Polling thread error: PLC disconnected: timed out
2026-02-08 16:51:35,574 [ERROR] Polling thread error: PLC disconnected: timed out
2026-02-08 16:51:38,655 [ERROR] Polling thread error: PLC disconnected: timed out
2026-02-08 16:51:41,733 [ERROR] Polling thread error: PLC disconnected: timed out
2026-02-08 16:51:44,814 [ERROR] Polling thread error: PLC disconnected: timed out
2026-02-08 16:51:47,897 [ERROR] Polling thread error: PLC disconnected: timed out
2026-02-08 16:51:50,976 [ERROR] Polling thread error: PLC disconnected: timed out
2026-02-08 16:51:54,055 [ERROR] Polling thread error: PLC disconnected: timed out
2026-02-08 16:51:57,133 [ERROR] Polling thread error: PLC disconnected: timed out
2026-02-08 16:52:00,217 [ERROR] Polling thread error: PLC disconnected: timed out
2026-02-08 16:52:03,295 [ERROR] Polling thread error: PLC disconnected: timed out
2026-02-08 16:52:06,375 [ERROR] Polling thread error: PLC disconnected: timed out
2026-02-08 16:52:09,455 [ERROR] Polling thread error: PLC disconnected: timed out
2026-02-08 16:52:12,532 [ERROR] Polling thread error: PLC disconnected: timed out
2026-02-08 16:52:15,612 [ERROR] Polling thread error: PLC disconnected: timed out
2026-02-08 16:52:18,690 [ERROR] Polling thread error: PLC disconnected: timed out
2026-02-08 16:52:21,769 [ERROR] Polling thread error: PLC disconnected: timed out
2026-02-08 16:52:24,850 [ERROR] Polling thread error: PLC disconnected: timed out
2026-02-08 16:52:27,928 [ERROR] Polling thread error: PLC disconnected: timed out
2026-02-08 16:52:31,008 [ERROR] Polling thread error: PLC disconnected: timed out
2026-02-08 16:52:34,085 [ERROR] Polling thread error: PLC disconnected: timed out
2026-02-08 16:52:37,168 [ERROR] Polling thread error: PLC disconnected: timed out
2026-02-08 16:52:40,248 [ERROR] Polling thread error: PLC disconnected: timed out
2026-02-08 16:52:43,325 [ERROR] Polling thread error: PLC disconnected: timed out
2026-02-08 16:52:46,403 [ERROR] Polling thread error: PLC disconnected: timed out
2026-02-08 16:52:49,484 [ERROR] Polling thread error: PLC disconnected: timed out
2026-02-08 16:52:52,563 [ERROR] Polling thread error: PLC disconnected: timed out
2026-02-08 16:52:55,643 [ERROR] Polling thread error: PLC disconnected: timed out
2026-02-08 16:52:58,724 [ERROR] Polling thread error: PLC disconnected: timed out
2026-02-08 16:53:01,802 [ERROR] Polling thread error: PLC disconnected: timed out
2026-02-08 16:53:04,882 [ERROR] Polling thread error: PLC disconnected: timed out
2026-02-08 16:53:07,960 [ERROR] Polling thread error: PLC disconnected: timed out
2026-02-08 16:53:11,041 [ERROR] Polling thread error: PLC disconnected: timed out
2026-02-08 16:53:14,120 [ERROR] Polling thread error: PLC disconnected: timed out
2026-02-08 16:53:17,200 [ERROR] Polling thread error: PLC disconnected: timed out
2026-02-08 16:53:20,278 [ERROR] Polling thread error: PLC disconnected: timed out
2026-02-08 16:53:23,358 [ERROR] Polling thread error: PLC disconnected: timed out
2026-02-08 16:53:26,437 [ERROR] Polling thread error: PLC disconnected: timed out
2026-02-08 16:53:29,516 [ERROR] Polling thread error: PLC disconnected: timed out
2026-02-08 16:53:32,592 [ERROR] Polling thread error: PLC disconnected: timed out
2026-02-08 16:53:35,673 [ERROR] Polling thread error: PLC disconnected: timed out
2026-02-08 16:53:38,752 [ERROR] Polling thread error: PLC disconnected: timed out
2026-02-08 16:53:41,832 [ERROR] Polling thread error: PLC disconnected: timed out
2026-02-08 16:53:44,910 [ERROR] Polling thread error: PLC disconnected: timed out
2026-02-08 16:53:47,990 [ERROR] Polling thread error: PLC disconnected: timed out
2026-02-08 16:53:51,070 [ERROR] Polling thread error: PLC disconnected: timed out
2026-02-08 16:53:54,151 [ERROR] Polling thread error: PLC disconnected: timed out
2026-02-08 16:53:57,230 [ERROR] Polling thread error: PLC disconnected: timed out
2026-02-08 16:54:00,309 [ERROR] Polling thread error: PLC disconnected: timed out
2026-02-08 16:54:03,389 [ERROR] Polling thread error: PLC disconnected: timed out
2026-02-08 16:54:06,469 [ERROR] Polling thread error: PLC disconnected: timed out
2026-02-08 16:54:09,550 [ERROR] Polling thread error: PLC disconnected: timed out
2026-02-08 16:54:12,630 [ERROR] Polling thread error: PLC disconnected: timed out
2026-02-08 16:54:15,709 [ERROR] Polling thread error: PLC disconnected: timed out
2026-02-08 16:54:18,790 [ERROR] Polling thread error: PLC disconnected: timed out
2026-02-08 16:54:21,875 [ERROR] Polling thread error: PLC disconnected: timed out
2026-02-08 16:54:24,953 [ERROR] Polling thread error: PLC disconnected: timed out
2026-02-08 16:54:28,032 [ERROR] Polling thread error: PLC disconnected: timed out
2026-02-08 16:54:31,109 [ERROR] Polling thread error: PLC disconnected: timed out
2026-02-08 16:54:34,188 [ERROR] Polling thread error: PLC disconnected: timed out
2026-02-08 16:54:37,286 [ERROR] Polling thread error: PLC disconnected: timed out
2026-02-08 16:54:40,366 [ERROR] Polling thread error: PLC disconnected: timed out
2026-02-08 16:54:43,445 [ERROR] Polling thread error: PLC disconnected: timed out
2026-02-08 16:54:46,522 [ERROR] Polling thread error: PLC disconnected: timed out
2026-02-08 16:54:49,601 [ERROR] Polling thread error: PLC disconnected: timed out
2026-02-08 16:54:52,680 [ERROR] Polling thread error: PLC disconnected: timed out
2026-02-08 16:54:55,759 [ERROR] Polling thread error: PLC disconnected: timed out
2026-02-08 16:54:58,839 [ERROR] Polling thread error: PLC disconnected: timed out
2026-02-08 16:55:01,922 [ERROR] Polling thread error: PLC disconnected: timed out
2026-02-08 16:55:05,002 [ERROR] Polling thread error: PLC disconnected: timed out
2026-02-08 16:55:08,082 [ERROR] Polling thread error: PLC disconnected: timed out
2026-02-08 16:55:11,163 [ERROR] Polling thread error: PLC disconnected: timed out
2026-02-08 16:55:14,242 [ERROR] Polling thread error: PLC disconnected: timed out
2026-02-08 16:55:17,322 [ERROR] Polling thread error: PLC disconnected: timed out
2026-02-08 16:55:22,925 [WARNING] [Inference] TensorRT or cuda-python not installed: No module named 'tensorrt'
2026-02-08 16:55:23,458 [INFO] [Inference] Using GPU
2026-02-08 16:55:23,458 [INFO] [Inference] Loading OpenVINO model from C:\MyStuff\VS\MECup\backend\inference\openvino_model\model.xml
2026-02-08 16:55:24,767 [INFO] [Inference] Using OpenVINO backend on GPU
2026-02-08 16:55:24,958 [INFO] [Inference] Model ready (openvino)
2026-02-08 16:55:26,994 [ERROR] Polling thread error: PLC disconnected: timed out
2026-02-08 16:55:27,037 [WARNING] [Inference] TensorRT or cuda-python not installed: No module named 'tensorrt'
2026-02-08 16:55:27,618 [INFO] [Inference] Using GPU
2026-02-08 16:55:27,618 [INFO] [Inference] Loading OpenVINO model from C:\MyStuff\VS\MECup\backend\inference\openvino_model\model.xml
2026-02-08 16:55:28,897 [INFO] [Inference] Using OpenVINO backend on GPU
2026-02-08 16:55:29,078 [INFO] [Inference] Model ready (openvino)
2026-02-08 16:55:30,073 [ERROR] Polling thread error: PLC disconnected: timed out
2026-02-08 16:55:33,151 [ERROR] Polling thread error: PLC disconnected: timed out
2026-02-08 16:55:36,229 [ERROR] Polling thread error: PLC disconnected: timed out
2026-02-08 16:55:39,308 [ERROR] Polling thread error: PLC disconnected: timed out
2026-02-08 16:55:42,389 [ERROR] Polling thread error: PLC disconnected: timed out
2026-02-08 16:55:45,469 [ERROR] Polling thread error: PLC disconnected: timed out
2026-02-08 16:55:48,549 [ERROR] Polling thread error: PLC disconnected: timed out
2026-02-08 16:55:51,630 [ERROR] Polling thread error: PLC disconnected: timed out
2026-02-08 16:55:54,716 [ERROR] Polling thread error: PLC disconnected: timed out
2026-02-08 16:55:57,796 [ERROR] Polling thread error: PLC disconnected: timed out
2026-02-08 16:56:00,878 [ERROR] Polling thread error: PLC disconnected: timed out
2026-02-08 16:56:03,958 [ERROR] Polling thread error: PLC disconnected: timed out
2026-02-08 16:56:07,038 [ERROR] Polling thread error: PLC disconnected: timed out
2026-02-08 16:56:10,116 [ERROR] Polling thread error: PLC disconnected: timed out
2026-02-08 16:56:13,198 [ERROR] Polling thread error: PLC disconnected: timed out
2026-02-08 16:56:16,277 [ERROR] Polling thread error: PLC disconnected: timed out
2026-02-08 16:56:19,358 [ERROR] Polling thread error: PLC disconnected: timed out
2026-02-08 16:56:22,437 [ERROR] Polling thread error: PLC disconnected: timed out
2026-02-08 16:56:25,517 [ERROR] Polling thread error: PLC disconnected: timed out
2026-02-08 16:56:28,597 [ERROR] Polling thread error: PLC disconnected: timed out
2026-02-08 16:56:31,676 [ERROR] Polling thread error: PLC disconnected: timed out
2026-02-08 16:56:34,756 [ERROR] Polling thread error: PLC disconnected: timed out
2026-02-08 16:56:37,834 [ERROR] Polling thread error: PLC disconnected: timed out
2026-02-08 16:56:40,912 [ERROR] Polling thread error: PLC disconnected: timed out
2026-02-08 16:56:43,993 [ERROR] Polling thread error: PLC disconnected: timed out
2026-02-08 16:56:47,072 [ERROR] Polling thread error: PLC disconnected: timed out
2026-02-08 16:56:50,151 [ERROR] Polling thread error: PLC disconnected: timed out
2026-02-08 16:56:53,230 [ERROR] Polling thread error: PLC disconnected: timed out
2026-02-08 16:56:56,308 [ERROR] Polling thread error: PLC disconnected: timed out
2026-02-08 16:56:59,386 [ERROR] Polling thread error: PLC disconnected: timed out
2026-02-08 16:57:02,466 [ERROR] Polling thread error: PLC disconnected: timed out
2026-02-08 16:57:05,545 [ERROR] Polling thread error: PLC disconnected: timed out
2026-02-08 16:57:08,628 [ERROR] Polling thread error: PLC disconnected: timed out
2026-02-08 16:57:11,707 [ERROR] Polling thread error: PLC disconnected: timed out
2026-02-08 16:57:14,785 [ERROR] Polling thread error: PLC disconnected: timed out
2026-02-08 16:57:17,866 [ERROR] Polling thread error: PLC disconnected: timed out
2026-02-08 16:57:20,945 [ERROR] Polling thread error: PLC disconnected: timed out
2026-02-08 16:57:24,022 [ERROR] Polling thread error: PLC disconnected: timed out
2026-02-08 16:57:27,101 [ERROR] Polling thread error: PLC disconnected: timed out
2026-02-08 16:57:30,179 [ERROR] Polling thread error: PLC disconnected: timed out
2026-02-08 16:57:33,257 [ERROR] Polling thread error: PLC disconnected: timed out
2026-02-08 16:57:36,335 [ERROR] Polling thread error: PLC disconnected: timed out
2026-02-08 16:57:39,414 [ERROR] Polling thread error: PLC disconnected: timed out
2026-02-08 16:57:42,492 [ERROR] Polling thread error: PLC disconnected: timed out
2026-02-08 16:57:45,572 [ERROR] Polling thread error: PLC disconnected: timed out
2026-02-08 16:57:48,652 [ERROR] Polling thread error: PLC disconnected: timed out
2026-02-08 16:57:51,729 [ERROR] Polling thread error: PLC disconnected: timed out
2026-02-08 17:35:10,998 [WARNING] [Inference] TensorRT or cuda-python not installed: No module named 'tensorrt'
2026-02-08 17:35:11,522 [INFO] [Inference] Using GPU
2026-02-08 17:35:11,523 [INFO] [Inference] Loading OpenVINO model from C:\MyStuff\VS\MECup\backend\inference\openvino_model\model.xml
2026-02-08 17:35:12,941 [INFO] [Inference] Using OpenVINO backend on GPU
2026-02-08 17:35:13,122 [INFO] [Inference] Model ready (openvino)
2026-02-08 17:35:14,903 [WARNING] [Inference] TensorRT or cuda-python not installed: No module named 'tensorrt'
2026-02-08 17:35:15,151 [ERROR] Polling thread error: PLC disconnected: timed out
2026-02-08 17:35:15,383 [INFO] [Inference] Using GPU
2026-02-08 17:35:15,384 [INFO] [Inference] Loading OpenVINO model from C:\MyStuff\VS\MECup\backend\inference\openvino_model\model.xml
2026-02-08 17:35:16,800 [INFO] [Inference] Using OpenVINO backend on GPU
2026-02-08 17:35:16,982 [INFO] [Inference] Model ready (openvino)
2026-02-08 17:35:18,228 [ERROR] Polling thread error: PLC disconnected: timed out
2026-02-08 17:35:21,307 [ERROR] Polling thread error: PLC disconnected: timed out
2026-02-08 17:35:24,386 [ERROR] Polling thread error: PLC disconnected: timed out
2026-02-08 17:35:27,466 [ERROR] Polling thread error: PLC disconnected: timed out
2026-02-08 17:35:30,549 [ERROR] Polling thread error: PLC disconnected: timed out
2026-02-08 17:35:33,627 [ERROR] Polling thread error: PLC disconnected: timed out
2026-02-08 17:35:36,705 [ERROR] Polling thread error: PLC disconnected: timed out
2026-02-08 17:35:39,785 [ERROR] Polling thread error: PLC disconnected: timed out
2026-02-08 17:35:42,864 [ERROR] Polling thread error: PLC disconnected: timed out
2026-02-08 17:35:45,951 [ERROR] Polling thread error: PLC disconnected: timed out
2026-02-08 17:35:49,029 [ERROR] Polling thread error: PLC disconnected: timed out
2026-02-08 17:35:52,106 [ERROR] Polling thread error: PLC disconnected: timed out
2026-02-08 17:35:55,186 [ERROR] Polling thread error: PLC disconnected: timed out
2026-02-08 17:35:58,267 [ERROR] Polling thread error: PLC disconnected: timed out
2026-02-08 17:36:01,348 [ERROR] Polling thread error: PLC disconnected: timed out
2026-02-08 18:37:15,778 [ERROR] Polling thread error: PLC disconnected: timed out
2026-02-08 18:37:18,856 [ERROR] Polling thread error: PLC disconnected: timed out
2026-02-08 18:37:21,935 [ERROR] Polling thread error: PLC disconnected: timed out
2026-02-08 18:37:25,013 [ERROR] Polling thread error: PLC disconnected: timed out
2026-02-08 18:38:48,645 [WARNING] [Inference] TensorRT or cuda-python not installed: No module named 'tensorrt'
2026-02-08 18:38:49,264 [INFO] [Inference] Using GPU
2026-02-08 18:38:49,265 [INFO] [Inference] Loading OpenVINO model from C:\MyStuff\VS\MECup\backend\inference\openvino_model\model.xml
2026-02-08 18:38:50,567 [INFO] [Inference] Using OpenVINO backend on GPU
2026-02-08 18:38:50,750 [INFO] [Inference] Model ready (openvino)
2026-02-08 18:38:52,571 [WARNING] [Inference] TensorRT or cuda-python not installed: No module named 'tensorrt'
2026-02-08 18:38:52,769 [ERROR] Polling thread error: PLC disconnected: timed out
2026-02-08 18:38:53,067 [INFO] [Inference] Using GPU
2026-02-08 18:38:53,067 [INFO] [Inference] Loading OpenVINO model from C:\MyStuff\VS\MECup\backend\inference\openvino_model\model.xml
2026-02-08 18:38:54,663 [INFO] [Inference] Using OpenVINO backend on GPU
2026-02-08 18:38:54,860 [INFO] [Inference] Model ready (openvino)
2026-02-08 18:38:55,867 [ERROR] Polling thread error: PLC disconnected: timed out
2026-02-08 18:38:58,955 [ERROR] Polling thread error: PLC disconnected: timed out
2026-02-08 18:39:02,041 [ERROR] Polling thread error: PLC disconnected: timed out
2026-02-08 18:39:05,145 [ERROR] Polling thread error: PLC disconnected: timed out
2026-02-08 18:39:08,244 [ERROR] Polling thread error: PLC disconnected: timed out
2026-02-08 18:39:11,338 [ERROR] Polling thread error: PLC disconnected: timed out
2026-02-08 18:39:14,435 [ERROR] Polling thread error: PLC disconnected: timed out
2026-02-08 18:39:17,523 [ERROR] Polling thread error: PLC disconnected: timed out
2026-02-08 18:39:20,619 [ERROR] Polling thread error: PLC disconnected: timed out
2026-02-08 18:39:23,704 [ERROR] Polling thread error: PLC disconnected: timed out
2026-02-08 18:39:26,801 [ERROR] Polling thread error: PLC disconnected: timed out
2026-02-08 18:39:29,892 [ERROR] Polling thread error: PLC disconnected: timed out
2026-02-08 18:39:32,996 [ERROR] Polling thread error: PLC disconnected: timed out
2026-02-08 18:39:36,079 [ERROR] Polling thread error: PLC disconnected: timed out
2026-02-08 18:39:39,171 [ERROR] Polling thread error: PLC disconnected: timed out
2026-02-08 18:39:42,267 [ERROR] Polling thread error: PLC disconnected: timed out
2026-02-08 18:39:45,363 [ERROR] Polling thread error: PLC disconnected: timed out
2026-02-08 18:39:48,460 [ERROR] Polling thread error: PLC disconnected: timed out
2026-02-08 18:39:51,558 [ERROR] Polling thread error: PLC disconnected: timed out
2026-02-08 18:39:54,660 [ERROR] Polling thread error: PLC disconnected: timed out
2026-02-08 18:39:57,762 [ERROR] Polling thread error: PLC disconnected: timed out
2026-02-08 18:40:00,862 [ERROR] Polling thread error: PLC disconnected: timed out
2026-02-08 18:40:03,970 [ERROR] Polling thread error: PLC disconnected: timed out
2026-02-08 18:40:07,071 [ERROR] Polling thread error: PLC disconnected: timed out
2026-02-08 18:40:10,180 [ERROR] Polling thread error: PLC disconnected: timed out
2026-02-08 18:40:13,278 [ERROR] Polling thread error: PLC disconnected: timed out
2026-02-08 18:40:16,369 [ERROR] Polling thread error: PLC disconnected: timed out
2026-02-08 18:40:19,473 [ERROR] Polling thread error: PLC disconnected: timed out
2026-02-08 18:40:22,563 [ERROR] Polling thread error: PLC disconnected: timed out
2026-02-08 18:40:25,653 [ERROR] Polling thread error: PLC disconnected: timed out
2026-02-08 18:40:28,746 [ERROR] Polling thread error: PLC disconnected: timed out
2026-02-08 18:40:31,850 [ERROR] Polling thread error: PLC disconnected: timed out
2026-02-08 18:40:34,948 [ERROR] Polling thread error: PLC disconnected: timed out
2026-02-08 18:40:38,048 [ERROR] Polling thread error: PLC disconnected: timed out
2026-02-08 18:40:41,143 [ERROR] Polling thread error: PLC disconnected: timed out
2026-02-08 18:40:44,245 [ERROR] Polling thread error: PLC disconnected: timed out
2026-02-08 18:40:47,879 [WARNING] [Inference] TensorRT or cuda-python not installed: No module named 'tensorrt'
2026-02-08 18:40:48,403 [INFO] [Inference] Using GPU
2026-02-08 18:40:48,404 [INFO] [Inference] Loading OpenVINO model from C:\MyStuff\VS\MECup\backend\inference\openvino_model\model.xml
2026-02-08 18:40:50,063 [INFO] [Inference] Using OpenVINO backend on GPU
2026-02-08 18:40:50,265 [INFO] [Inference] Model ready (openvino)
2026-02-08 18:40:52,096 [WARNING] [Inference] TensorRT or cuda-python not installed: No module named 'tensorrt'
2026-02-08 18:40:52,300 [ERROR] Polling thread error: PLC disconnected: timed out
2026-02-08 18:40:52,657 [INFO] [Inference] Using GPU
2026-02-08 18:40:52,659 [INFO] [Inference] Loading OpenVINO model from C:\MyStuff\VS\MECup\backend\inference\openvino_model\model.xml
2026-02-08 18:40:54,246 [INFO] [Inference] Using OpenVINO backend on GPU
2026-02-08 18:40:54,435 [INFO] [Inference] Model ready (openvino)
2026-02-08 18:40:55,399 [ERROR] Polling thread error: PLC disconnected: timed out
2026-02-08 18:40:58,495 [ERROR] Polling thread error: PLC disconnected: timed out
2026-02-08 18:41:01,592 [ERROR] Polling thread error: PLC disconnected: timed out
2026-02-08 18:41:04,704 [ERROR] Polling thread error: PLC disconnected: timed out
2026-02-08 18:41:07,802 [ERROR] Polling thread error: PLC disconnected: timed out
2026-02-08 18:41:10,904 [ERROR] Polling thread error: PLC disconnected: timed out
2026-02-08 18:41:14,005 [ERROR] Polling thread error: PLC disconnected: timed out
2026-02-08 18:41:17,097 [ERROR] Polling thread error: PLC disconnected: timed out
2026-02-08 18:41:20,197 [ERROR] Polling thread error: PLC disconnected: timed out
2026-02-08 18:41:23,288 [ERROR] Polling thread error: PLC disconnected: timed out
2026-02-08 18:41:26,376 [ERROR] Polling thread error: PLC disconnected: timed out
2026-02-08 18:41:29,471 [ERROR] Polling thread error: PLC disconnected: timed out
2026-02-08 18:41:32,574 [ERROR] Polling thread error: PLC disconnected: timed out
2026-02-08 18:41:35,671 [ERROR] Polling thread error: PLC disconnected: timed out
2026-02-08 18:41:38,767 [ERROR] Polling thread error: PLC disconnected: timed out
2026-02-08 18:41:41,861 [ERROR] Polling thread error: PLC disconnected: timed out
2026-02-08 18:41:44,963 [ERROR] Polling thread error: PLC disconnected: timed out
2026-02-08 18:41:48,061 [ERROR] Polling thread error: PLC disconnected: timed out
2026-02-08 18:41:51,152 [ERROR] Polling thread error: PLC disconnected: timed out
2026-02-08 18:41:54,253 [ERROR] Polling thread error: PLC disconnected: timed out
2026-02-08 18:41:57,354 [ERROR] Polling thread error: PLC disconnected: timed out
2026-02-08 18:42:00,439 [ERROR] Polling thread error: PLC disconnected: timed out
2026-02-08 18:42:03,540 [ERROR] Polling thread error: PLC disconnected: timed out
2026-02-08 18:42:06,623 [ERROR] Polling thread error: PLC disconnected: timed out
2026-02-08 18:42:09,720 [ERROR] Polling thread error: PLC disconnected: timed out
2026-02-08 18:42:12,817 [ERROR] Polling thread error: PLC disconnected: timed out
2026-02-08 18:42:15,914 [ERROR] Polling thread error: PLC disconnected: timed out
2026-02-08 18:42:19,011 [ERROR] Polling thread error: PLC disconnected: timed out
2026-02-08 18:42:22,116 [ERROR] Polling thread error: PLC disconnected: timed out
2026-02-08 18:42:25,197 [ERROR] Polling thread error: PLC disconnected: timed out
2026-02-08 18:42:28,291 [ERROR] Polling thread error: PLC disconnected: timed out
2026-02-08 18:42:31,392 [ERROR] Polling thread error: PLC disconnected: timed out
2026-02-08 18:42:34,495 [ERROR] Polling thread error: PLC disconnected: timed out
2026-02-08 18:42:37,585 [ERROR] Polling thread error: PLC disconnected: timed out
2026-02-08 18:42:40,680 [ERROR] Polling thread error: PLC disconnected: timed out
2026-02-08 18:42:43,773 [ERROR] Polling thread error: PLC disconnected: timed out
2026-02-08 18:42:46,871 [ERROR] Polling thread error: PLC disconnected: timed out
2026-02-08 18:42:49,967 [ERROR] Polling thread error: PLC disconnected: timed out
2026-02-08 18:42:53,071 [ERROR] Polling thread error: PLC disconnected: timed out
2026-02-08 18:42:56,172 [ERROR] Polling thread error: PLC disconnected: timed out
2026-02-08 18:42:59,287 [ERROR] Polling thread error: PLC disconnected: timed out
2026-02-08 18:43:02,375 [ERROR] Polling thread error: PLC disconnected: timed out
2026-02-08 18:43:05,478 [ERROR] Polling thread error: PLC disconnected: timed out
2026-02-08 18:43:08,585 [ERROR] Polling thread error: PLC disconnected: timed out
2026-02-08 18:43:11,679 [ERROR] Polling thread error: PLC disconnected: timed out
2026-02-08 18:43:14,773 [ERROR] Polling thread error: PLC disconnected: timed out
2026-02-08 18:43:17,869 [ERROR] Polling thread error: PLC disconnected: timed out
2026-02-08 18:43:20,972 [ERROR] Polling thread error: PLC disconnected: timed out
2026-02-08 18:43:24,070 [ERROR] Polling thread error: PLC disconnected: timed out
2026-02-08 18:43:27,164 [ERROR] Polling thread error: PLC disconnected: timed out
2026-02-08 18:43:30,265 [ERROR] Polling thread error: PLC disconnected: timed out
2026-02-08 18:43:33,359 [ERROR] Polling thread error: PLC disconnected: timed out
2026-02-08 18:43:36,464 [ERROR] Polling thread error: PLC disconnected: timed out
2026-02-08 18:43:39,557 [ERROR] Polling thread error: PLC disconnected: timed out
2026-02-08 18:43:42,659 [ERROR] Polling thread error: PLC disconnected: timed out
2026-02-08 18:43:45,764 [ERROR] Polling thread error: PLC disconnected: timed out
2026-02-08 18:43:48,855 [ERROR] Polling thread error: PLC disconnected: timed out
2026-02-08 18:43:51,956 [ERROR] Polling thread error: PLC disconnected: timed out
2026-02-08 18:43:55,053 [ERROR] Polling thread error: PLC disconnected: timed out
2026-02-08 18:43:58,156 [ERROR] Polling thread error: PLC disconnected: timed out
2026-02-08 18:44:01,265 [ERROR] Polling thread error: PLC disconnected: timed out
2026-02-08 18:44:04,362 [ERROR] Polling thread error: PLC disconnected: timed out
2026-02-08 18:44:07,459 [ERROR] Polling thread error: PLC disconnected: timed out
2026-02-08 18:44:10,548 [ERROR] Polling thread error: PLC disconnected: timed out
2026-02-08 18:44:13,655 [ERROR] Polling thread error: PLC disconnected: timed out
2026-02-08 18:44:16,759 [ERROR] Polling thread error: PLC disconnected: timed out
2026-02-08 18:44:19,855 [ERROR] Polling thread error: PLC disconnected: timed out
2026-02-08 18:44:22,952 [ERROR] Polling thread error: PLC disconnected: timed out
2026-02-08 18:44:26,053 [ERROR] Polling thread error: PLC disconnected: timed out
2026-02-08 18:44:29,160 [ERROR] Polling thread error: PLC disconnected: timed out
2026-02-08 18:44:32,253 [ERROR] Polling thread error: PLC disconnected: timed out
2026-02-08 18:44:35,350 [ERROR] Polling thread error: PLC disconnected: timed out
2026-02-08 18:44:38,437 [ERROR] Polling thread error: PLC disconnected: timed out
2026-02-08 18:44:41,530 [ERROR] Polling thread error: PLC disconnected: timed out
2026-02-08 18:44:44,635 [ERROR] Polling thread error: PLC disconnected: timed out
2026-02-08 18:44:47,736 [ERROR] Polling thread error: PLC disconnected: timed out
2026-02-08 18:44:50,841 [ERROR] Polling thread error: PLC disconnected: timed out
2026-02-08 18:44:53,927 [ERROR] Polling thread error: PLC disconnected: timed out
2026-02-08 18:44:57,006 [ERROR] Polling thread error: PLC disconnected: timed out
2026-02-08 18:45:00,086 [ERROR] Polling thread error: PLC disconnected: timed out
2026-02-08 18:45:03,166 [ERROR] Polling thread error: PLC disconnected: timed out
2026-02-08 18:45:06,247 [ERROR] Polling thread error: PLC disconnected: timed out
2026-02-08 18:45:09,327 [ERROR] Polling thread error: PLC disconnected: timed out
2026-02-08 18:45:12,406 [ERROR] Polling thread error: PLC disconnected: timed out
2026-02-08 18:45:15,485 [ERROR] Polling thread error: PLC disconnected: timed out
2026-02-08 18:45:18,563 [ERROR] Polling thread error: PLC disconnected: timed out
2026-02-08 18:45:21,642 [ERROR] Polling thread error: PLC disconnected: timed out
2026-02-08 18:45:24,722 [ERROR] Polling thread error: PLC disconnected: timed out
2026-02-08 18:45:27,801 [ERROR] Polling thread error: PLC disconnected: timed out
2026-02-08 18:45:30,883 [ERROR] Polling thread error: PLC disconnected: timed out
2026-02-08 18:45:33,962 [ERROR] Polling thread error: PLC disconnected: timed out
2026-02-08 18:45:37,039 [ERROR] Polling thread error: PLC disconnected: timed out
2026-02-08 18:45:40,118 [ERROR] Polling thread error: PLC disconnected: timed out
2026-02-08 18:45:43,198 [ERROR] Polling thread error: PLC disconnected: timed out
2026-02-08 18:45:46,277 [ERROR] Polling thread error: PLC disconnected: timed out
2026-02-08 18:45:49,368 [ERROR] Polling thread error: PLC disconnected: timed out
2026-02-08 18:45:52,467 [ERROR] Polling thread error: PLC disconnected: timed out
2026-02-08 18:45:55,555 [ERROR] Polling thread error: PLC disconnected: timed out
2026-02-08 18:45:58,634 [ERROR] Polling thread error: PLC disconnected: timed out
2026-02-08 18:46:01,733 [ERROR] Polling thread error: PLC disconnected: timed out
2026-02-08 18:46:04,834 [ERROR] Polling thread error: PLC disconnected: timed out
2026-02-08 18:46:07,939 [ERROR] Polling thread error: PLC disconnected: timed out
2026-02-08 18:46:11,026 [ERROR] Polling thread error: PLC disconnected: timed out
2026-02-08 18:46:14,123 [ERROR] Polling thread error: PLC disconnected: timed out
2026-02-08 18:46:17,219 [ERROR] Polling thread error: PLC disconnected: timed out
2026-02-08 18:46:20,319 [ERROR] Polling thread error: PLC disconnected: timed out
2026-02-08 18:46:23,401 [ERROR] Polling thread error: PLC disconnected: timed out
2026-02-08 18:46:26,478 [ERROR] Polling thread error: PLC disconnected: timed out
2026-02-08 18:46:29,557 [ERROR] Polling thread error: PLC disconnected: timed out
2026-02-08 18:46:32,635 [ERROR] Polling thread error: PLC disconnected: timed out
2026-02-08 18:46:35,713 [ERROR] Polling thread error: PLC disconnected: timed out
2026-02-08 18:46:38,798 [ERROR] Polling thread error: PLC disconnected: timed out
2026-02-08 18:46:41,876 [ERROR] Polling thread error: PLC disconnected: timed out
2026-02-08 18:46:44,956 [ERROR] Polling thread error: PLC disconnected: timed out
2026-02-08 18:46:48,034 [ERROR] Polling thread error: PLC disconnected: timed out
2026-02-08 18:46:51,113 [ERROR] Polling thread error: PLC disconnected: timed out
2026-02-08 18:46:54,190 [ERROR] Polling thread error: PLC disconnected: timed out
2026-02-08 18:46:57,268 [ERROR] Polling thread error: PLC disconnected: timed out
2026-02-08 18:47:00,346 [ERROR] Polling thread error: PLC disconnected: timed out
2026-02-08 18:47:03,443 [ERROR] Polling thread error: PLC disconnected: timed out
2026-02-08 18:47:06,542 [ERROR] Polling thread error: PLC disconnected: timed out
2026-02-08 18:47:09,636 [ERROR] Polling thread error: PLC disconnected: timed out
2026-02-08 18:47:12,729 [ERROR] Polling thread error: PLC disconnected: timed out
2026-02-08 18:47:15,828 [ERROR] Polling thread error: PLC disconnected: timed out
2026-02-08 18:47:18,936 [ERROR] Polling thread error: PLC disconnected: timed out
2026-02-08 18:47:22,025 [ERROR] Polling thread error: PLC disconnected: timed out
2026-02-08 18:47:25,124 [ERROR] Polling thread error: PLC disconnected: timed out
2026-02-08 18:47:28,213 [ERROR] Polling thread error: PLC disconnected: timed out
2026-02-08 18:47:31,313 [ERROR] Polling thread error: PLC disconnected: timed out
2026-02-08 18:47:34,405 [ERROR] Polling thread error: PLC disconnected: timed out
2026-02-08 18:47:37,506 [ERROR] Polling thread error: PLC disconnected: timed out
2026-02-08 18:47:40,605 [ERROR] Polling thread error: PLC disconnected: timed out
2026-02-08 18:47:43,711 [ERROR] Polling thread error: PLC disconnected: timed out
2026-02-08 18:47:46,805 [ERROR] Polling thread error: PLC disconnected: timed out
2026-02-08 18:47:49,905 [ERROR] Polling thread error: PLC disconnected: timed out
2026-02-08 18:47:52,991 [ERROR] Polling thread error: PLC disconnected: timed out
2026-02-08 18:47:56,088 [ERROR] Polling thread error: PLC disconnected: timed out
2026-02-08 18:47:59,182 [ERROR] Polling thread error: PLC disconnected: timed out
2026-02-08 18:48:02,275 [ERROR] Polling thread error: PLC disconnected: timed out
2026-02-08 18:48:05,373 [ERROR] Polling thread error: PLC disconnected: timed out
2026-02-08 18:48:08,453 [ERROR] Polling thread error: PLC disconnected: timed out
2026-02-08 18:48:11,531 [ERROR] Polling thread error: PLC disconnected: timed out
2026-02-08 18:48:14,608 [ERROR] Polling thread error: PLC disconnected: timed out
2026-02-08 18:48:17,686 [ERROR] Polling thread error: PLC disconnected: timed out
2026-02-08 18:48:20,764 [ERROR] Polling thread error: PLC disconnected: timed out
2026-02-08 18:48:23,842 [ERROR] Polling thread error: PLC disconnected: timed out
2026-02-08 18:48:26,920 [ERROR] Polling thread error: PLC disconnected: timed out
2026-02-08 18:48:29,998 [ERROR] Polling thread error: PLC disconnected: timed out
2026-02-08 18:48:33,085 [ERROR] Polling thread error: PLC disconnected: timed out
2026-02-08 18:48:36,178 [ERROR] Polling thread error: PLC disconnected: timed out
2026-02-08 18:48:39,272 [ERROR] Polling thread error: PLC disconnected: timed out
2026-02-08 18:48:42,367 [ERROR] Polling thread error: PLC disconnected: timed out
2026-02-08 18:48:45,446 [ERROR] Polling thread error: PLC disconnected: timed out
2026-02-08 18:48:48,526 [ERROR] Polling thread error: PLC disconnected: timed out
2026-02-08 18:48:51,602 [ERROR] Polling thread error: PLC disconnected: timed out
2026-02-08 18:48:54,683 [ERROR] Polling thread error: PLC disconnected: timed out
2026-02-08 18:48:57,767 [ERROR] Polling thread error: PLC disconnected: timed out
2026-02-08 18:49:00,872 [ERROR] Polling thread error: PLC disconnected: timed out
2026-02-08 18:49:03,970 [ERROR] Polling thread error: PLC disconnected: timed out
2026-02-08 18:49:07,075 [ERROR] Polling thread error: PLC disconnected: timed out
2026-02-08 18:49:10,171 [ERROR] Polling thread error: PLC disconnected: timed out
2026-02-08 18:49:13,260 [ERROR] Polling thread error: PLC disconnected: timed out
2026-02-08 18:49:16,355 [ERROR] Polling thread error: PLC disconnected: timed out
2026-02-08 18:49:19,442 [ERROR] Polling thread error: PLC disconnected: timed out
2026-02-08 18:49:22,556 [ERROR] Polling thread error: PLC disconnected: timed out
2026-02-08 18:49:25,635 [ERROR] Polling thread error: PLC disconnected: timed out
2026-02-08 18:49:28,713 [ERROR] Polling thread error: PLC disconnected: timed out
2026-02-08 18:49:31,790 [ERROR] Polling thread error: PLC disconnected: timed out
2026-02-08 18:49:34,868 [ERROR] Polling thread error: PLC disconnected: timed out
2026-02-08 18:49:37,947 [ERROR] Polling thread error: PLC disconnected: timed out
2026-02-08 18:49:41,026 [ERROR] Polling thread error: PLC disconnected: timed out
2026-02-08 18:49:44,103 [ERROR] Polling thread error: PLC disconnected: timed out
2026-02-08 18:49:47,182 [ERROR] Polling thread error: PLC disconnected: timed out
2026-02-08 18:49:50,264 [ERROR] Polling thread error: PLC disconnected: timed out
2026-02-08 18:49:53,344 [ERROR] Polling thread error: PLC disconnected: timed out
2026-02-08 18:49:56,426 [ERROR] Polling thread error: PLC disconnected: timed out
2026-02-08 18:49:59,505 [ERROR] Polling thread error: PLC disconnected: timed out
2026-02-08 18:50:02,584 [ERROR] Polling thread error: PLC disconnected: timed out
2026-02-08 18:50:05,666 [ERROR] Polling thread error: PLC disconnected: timed out
2026-02-08 18:50:08,746 [ERROR] Polling thread error: PLC disconnected: timed out
2026-02-08 18:50:11,824 [ERROR] Polling thread error: PLC disconnected: timed out
2026-02-08 18:50:14,904 [ERROR] Polling thread error: PLC disconnected: timed out
2026-02-08 18:50:17,981 [ERROR] Polling thread error: PLC disconnected: timed out
2026-02-08 18:50:21,060 [ERROR] Polling thread error: PLC disconnected: timed out
2026-02-08 18:50:24,139 [ERROR] Polling thread error: PLC disconnected: timed out
2026-02-08 18:50:27,218 [ERROR] Polling thread error: PLC disconnected: timed out
2026-02-08 18:50:30,298 [ERROR] Polling thread error: PLC disconnected: timed out
2026-02-08 18:50:33,378 [ERROR] Polling thread error: PLC disconnected: timed out
2026-02-08 18:50:36,456 [ERROR] Polling thread error: PLC disconnected: timed out
2026-02-08 18:50:39,534 [ERROR] Polling thread error: PLC disconnected: timed out
2026-02-08 18:50:42,614 [ERROR] Polling thread error: PLC disconnected: timed out
2026-02-08 18:50:45,692 [ERROR] Polling thread error: PLC disconnected: timed out
2026-02-08 18:50:48,785 [ERROR] Polling thread error: PLC disconnected: timed out
2026-02-08 18:50:51,878 [ERROR] Polling thread error: PLC disconnected: timed out
2026-02-08 18:50:54,956 [ERROR] Polling thread error: PLC disconnected: timed out
2026-02-08 18:50:58,037 [ERROR] Polling thread error: PLC disconnected: timed out
2026-02-08 18:51:01,116 [ERROR] Polling thread error: PLC disconnected: timed out
2026-02-08 18:51:04,196 [ERROR] Polling thread error: PLC disconnected: timed out
2026-02-08 18:51:07,274 [ERROR] Polling thread error: PLC disconnected: timed out
2026-02-08 18:51:10,352 [ERROR] Polling thread error: PLC disconnected: timed out
2026-02-08 18:51:13,434 [ERROR] Polling thread error: PLC disconnected: timed out
2026-02-08 18:51:16,514 [ERROR] Polling thread error: PLC disconnected: timed out
2026-02-08 18:51:19,592 [ERROR] Polling thread error: PLC disconnected: timed out
2026-02-08 18:51:22,672 [ERROR] Polling thread error: PLC disconnected: timed out
2026-02-08 18:51:25,750 [ERROR] Polling thread error: PLC disconnected: timed out
2026-02-08 18:51:28,829 [ERROR] Polling thread error: PLC disconnected: timed out
2026-02-08 18:51:31,914 [ERROR] Polling thread error: PLC disconnected: timed out
2026-02-08 18:51:34,994 [ERROR] Polling thread error: PLC disconnected: timed out
2026-02-08 18:51:38,073 [ERROR] Polling thread error: PLC disconnected: timed out
2026-02-08 18:51:41,151 [ERROR] Polling thread error: PLC disconnected: timed out
2026-02-08 18:51:44,229 [ERROR] Polling thread error: PLC disconnected: timed out
2026-02-08 18:51:47,308 [ERROR] Polling thread error: PLC disconnected: timed out
2026-02-08 18:51:50,387 [ERROR] Polling thread error: PLC disconnected: timed out
2026-02-08 18:51:53,467 [ERROR] Polling thread error: PLC disconnected: timed out
2026-02-08 18:51:56,544 [ERROR] Polling thread error: PLC disconnected: timed out
2026-02-08 18:51:59,623 [ERROR] Polling thread error: PLC disconnected: timed out
2026-02-08 18:52:02,718 [ERROR] Polling thread error: PLC disconnected: timed out
2026-02-08 18:52:05,817 [ERROR] Polling thread error: PLC disconnected: timed out
2026-02-08 18:52:08,896 [ERROR] Polling thread error: PLC disconnected: timed out
2026-02-08 18:52:12,004 [ERROR] Polling thread error: PLC disconnected: timed out
2026-02-08 18:52:15,083 [ERROR] Polling thread error: PLC disconnected: timed out
2026-02-08 18:52:18,162 [ERROR] Polling thread error: PLC disconnected: timed out
2026-02-08 18:52:21,240 [ERROR] Polling thread error: PLC disconnected: timed out
2026-02-08 18:52:24,319 [ERROR] Polling thread error: PLC disconnected: timed out
2026-02-08 18:52:27,398 [ERROR] Polling thread error: PLC disconnected: timed out
2026-02-08 18:52:30,478 [ERROR] Polling thread error: PLC disconnected: timed out
2026-02-08 18:52:33,557 [ERROR] Polling thread error: PLC disconnected: timed out
2026-02-08 18:52:36,636 [ERROR] Polling thread error: PLC disconnected: timed out
2026-02-08 18:52:39,713 [ERROR] Polling thread error: PLC disconnected: timed out
2026-02-08 18:52:42,792 [ERROR] Polling thread error: PLC disconnected: timed out
2026-02-08 18:52:45,871 [ERROR] Polling thread error: PLC disconnected: timed out
2026-02-08 18:52:48,950 [ERROR] Polling thread error: PLC disconnected: timed out
2026-02-08 18:52:52,030 [ERROR] Polling thread error: PLC disconnected: timed out
2026-02-08 18:52:55,109 [ERROR] Polling thread error: PLC disconnected: timed out
2026-02-08 18:52:58,187 [ERROR] Polling thread error: PLC disconnected: timed out
2026-02-08 18:53:01,266 [ERROR] Polling thread error: PLC disconnected: timed out
2026-02-08 18:53:04,344 [ERROR] Polling thread error: PLC disconnected: timed out
2026-02-08 18:53:07,423 [ERROR] Polling thread error: PLC disconnected: timed out
2026-02-08 18:53:10,506 [ERROR] Polling thread error: PLC disconnected: timed out
2026-02-08 18:53:13,600 [ERROR] Polling thread error: PLC disconnected: timed out
2026-02-08 18:53:16,678 [ERROR] Polling thread error: PLC disconnected: timed out
2026-02-08 18:53:19,758 [ERROR] Polling thread error: PLC disconnected: timed out
2026-02-08 18:53:22,835 [ERROR] Polling thread error: PLC disconnected: timed out
2026-02-08 18:53:25,915 [ERROR] Polling thread error: PLC disconnected: timed out
2026-02-08 18:53:28,996 [ERROR] Polling thread error: PLC disconnected: timed out
2026-02-08 18:53:32,087 [ERROR] Polling thread error: PLC disconnected: timed out
2026-02-08 18:53:35,167 [ERROR] Polling thread error: PLC disconnected: timed out
2026-02-08 18:53:38,244 [ERROR] Polling thread error: PLC disconnected: timed out
2026-02-08 18:53:41,333 [ERROR] Polling thread error: PLC disconnected: timed out
2026-02-08 18:53:44,414 [ERROR] Polling thread error: PLC disconnected: timed out
2026-02-08 18:53:47,493 [ERROR] Polling thread error: PLC disconnected: timed out
2026-02-08 18:53:50,591 [ERROR] Polling thread error: PLC disconnected: timed out
2026-02-08 18:53:53,688 [ERROR] Polling thread error: PLC disconnected: timed out
2026-02-08 18:53:56,769 [ERROR] Polling thread error: PLC disconnected: timed out
2026-02-08 18:53:59,861 [ERROR] Polling thread error: PLC disconnected: timed out
2026-02-08 18:54:02,963 [ERROR] Polling thread error: PLC disconnected: timed out
2026-02-08 18:54:06,061 [ERROR] Polling thread error: PLC disconnected: timed out
2026-02-08 18:54:09,160 [ERROR] Polling thread error: PLC disconnected: timed out
2026-02-08 18:54:12,241 [ERROR] Polling thread error: PLC disconnected: timed out
2026-02-08 18:54:15,326 [ERROR] Polling thread error: PLC disconnected: timed out
2026-02-08 18:54:18,421 [ERROR] Polling thread error: PLC disconnected: timed out
2026-02-08 18:54:21,502 [ERROR] Polling thread error: PLC disconnected: timed out
2026-02-08 18:54:24,579 [ERROR] Polling thread error: PLC disconnected: timed out
2026-02-08 18:54:27,680 [ERROR] Polling thread error: PLC disconnected: timed out
2026-02-08 18:54:30,778 [ERROR] Polling thread error: PLC disconnected: timed out
2026-02-08 18:54:33,857 [ERROR] Polling thread error: PLC disconnected: timed out
2026-02-08 18:54:36,934 [ERROR] Polling thread error: PLC disconnected: timed out
2026-02-08 18:54:40,012 [ERROR] Polling thread error: PLC disconnected: timed out
2026-02-08 18:54:43,095 [ERROR] Polling thread error: PLC disconnected: timed out
2026-02-08 18:54:46,188 [ERROR] Polling thread error: PLC disconnected: timed out
2026-02-08 18:54:49,278 [ERROR] Polling thread error: PLC disconnected: timed out
2026-02-08 18:54:52,368 [ERROR] Polling thread error: PLC disconnected: timed out
2026-02-08 18:54:55,445 [ERROR] Polling thread error: PLC disconnected: timed out
2026-02-08 18:54:58,549 [ERROR] Polling thread error: PLC disconnected: timed out
2026-02-08 18:55:01,627 [ERROR] Polling thread error: PLC disconnected: timed out
2026-02-08 18:55:04,727 [ERROR] Polling thread error: PLC disconnected: timed out
2026-02-08 18:55:07,827 [ERROR] Polling thread error: PLC disconnected: timed out
2026-02-08 18:55:10,924 [ERROR] Polling thread error: PLC disconnected: timed out
2026-02-08 18:55:14,022 [ERROR] Polling thread error: PLC disconnected: timed out
2026-02-08 18:55:17,114 [ERROR] Polling thread error: PLC disconnected: timed out
2026-02-08 18:55:20,210 [ERROR] Polling thread error: PLC disconnected: timed out
2026-02-08 18:55:23,308 [ERROR] Polling thread error: PLC disconnected: timed out
2026-02-08 18:55:26,404 [ERROR] Polling thread error: PLC disconnected: timed out
2026-02-08 18:55:29,501 [ERROR] Polling thread error: PLC disconnected: timed out
2026-02-08 18:55:32,598 [ERROR] Polling thread error: PLC disconnected: timed out
2026-02-08 18:55:35,687 [ERROR] Polling thread error: PLC disconnected: timed out
2026-02-08 18:55:38,798 [ERROR] Polling thread error: PLC disconnected: timed out
2026-02-08 18:55:41,888 [ERROR] Polling thread error: PLC disconnected: timed out
2026-02-08 18:55:44,984 [ERROR] Polling thread error: PLC disconnected: timed out
2026-02-08 18:55:48,080 [ERROR] Polling thread error: PLC disconnected: timed out
2026-02-08 18:55:51,183 [ERROR] Polling thread error: PLC disconnected: timed out
2026-02-08 18:55:54,286 [ERROR] Polling thread error: PLC disconnected: timed out
2026-02-08 18:55:57,389 [ERROR] Polling thread error: PLC disconnected: timed out
2026-02-08 18:56:00,491 [ERROR] Polling thread error: PLC disconnected: timed out
2026-02-08 18:56:03,585 [ERROR] Polling thread error: PLC disconnected: timed out
2026-02-08 18:56:06,675 [ERROR] Polling thread error: PLC disconnected: timed out
2026-02-08 18:56:09,772 [ERROR] Polling thread error: PLC disconnected: timed out
2026-02-08 18:56:12,871 [ERROR] Polling thread error: PLC disconnected: timed out
2026-02-08 18:56:15,962 [ERROR] Polling thread error: PLC disconnected: timed out
2026-02-08 18:56:19,060 [ERROR] Polling thread error: PLC disconnected: timed out
2026-02-08 18:56:22,160 [ERROR] Polling thread error: PLC disconnected: timed out
2026-02-08 18:56:25,268 [ERROR] Polling thread error: PLC disconnected: timed out
2026-02-08 18:56:28,362 [ERROR] Polling thread error: PLC disconnected: timed out
2026-02-08 18:56:31,468 [ERROR] Polling thread error: PLC disconnected: timed out
2026-02-08 18:56:34,563 [ERROR] Polling thread error: PLC disconnected: timed out
2026-02-08 18:56:37,668 [ERROR] Polling thread error: PLC disconnected: timed out
2026-02-08 18:56:40,763 [ERROR] Polling thread error: PLC disconnected: timed out
2026-02-08 18:56:43,872 [ERROR] Polling thread error: PLC disconnected: timed out
2026-02-08 18:56:46,963 [ERROR] Polling thread error: PLC disconnected: timed out
2026-02-08 18:56:50,063 [ERROR] Polling thread error: PLC disconnected: timed out
2026-02-08 18:56:53,158 [ERROR] Polling thread error: PLC disconnected: timed out
2026-02-08 18:56:56,259 [ERROR] Polling thread error: PLC disconnected: timed out
2026-02-08 18:56:59,383 [ERROR] Polling thread error: PLC disconnected: timed out
2026-02-08 18:57:02,482 [ERROR] Polling thread error: PLC disconnected: timed out
2026-02-08 18:57:05,586 [ERROR] Polling thread error: PLC disconnected: timed out
2026-02-08 18:57:08,702 [ERROR] Polling thread error: PLC disconnected: timed out
2026-02-08 18:57:11,802 [ERROR] Polling thread error: PLC disconnected: timed out
2026-02-08 18:57:14,907 [ERROR] Polling thread error: PLC disconnected: timed out
2026-02-08 18:57:18,003 [ERROR] Polling thread error: PLC disconnected: timed out
2026-02-08 18:57:21,113 [ERROR] Polling thread error: PLC disconnected: timed out
2026-02-08 18:57:24,227 [ERROR] Polling thread error: PLC disconnected: timed out
2026-02-08 18:57:27,322 [ERROR] Polling thread error: PLC disconnected: timed out
2026-02-08 18:57:30,423 [ERROR] Polling thread error: PLC disconnected: timed out
2026-02-08 18:57:33,528 [ERROR] Polling thread error: PLC disconnected: timed out
2026-02-08 18:57:36,621 [ERROR] Polling thread error: PLC disconnected: timed out
2026-02-08 18:57:39,713 [ERROR] Polling thread error: PLC disconnected: timed out
2026-02-08 18:57:42,811 [ERROR] Polling thread error: PLC disconnected: timed out
2026-02-08 18:57:45,889 [ERROR] Polling thread error: PLC disconnected: timed out
2026-02-08 18:57:48,968 [ERROR] Polling thread error: PLC disconnected: timed out
2026-02-08 18:57:52,061 [ERROR] Polling thread error: PLC disconnected: timed out
2026-02-08 18:57:55,141 [ERROR] Polling thread error: PLC disconnected: timed out
2026-02-08 18:57:58,219 [ERROR] Polling thread error: PLC disconnected: timed out
2026-02-08 18:58:01,300 [ERROR] Polling thread error: PLC disconnected: timed out
2026-02-08 18:58:04,378 [ERROR] Polling thread error: PLC disconnected: timed out
2026-02-08 18:58:07,458 [ERROR] Polling thread error: PLC disconnected: timed out
2026-02-08 18:58:10,538 [ERROR] Polling thread error: PLC disconnected: timed out
2026-02-08 18:58:13,616 [ERROR] Polling thread error: PLC disconnected: timed out
2026-02-08 18:58:16,696 [ERROR] Polling thread error: PLC disconnected: timed out
2026-02-08 18:58:19,777 [ERROR] Polling thread error: PLC disconnected: timed out
2026-02-08 18:58:22,856 [ERROR] Polling thread error: PLC disconnected: timed out
2026-02-08 18:58:25,936 [ERROR] Polling thread error: PLC disconnected: timed out
2026-02-08 18:58:29,016 [ERROR] Polling thread error: PLC disconnected: timed out
2026-02-08 18:58:32,093 [ERROR] Polling thread error: PLC disconnected: timed out
2026-02-08 18:58:35,179 [ERROR] Polling thread error: PLC disconnected: timed out
2026-02-08 18:58:38,259 [ERROR] Polling thread error: PLC disconnected: timed out
2026-02-08 18:58:41,337 [ERROR] Polling thread error: PLC disconnected: timed out
2026-02-08 18:58:44,417 [ERROR] Polling thread error: PLC disconnected: timed out
2026-02-08 18:58:47,494 [ERROR] Polling thread error: PLC disconnected: timed out
2026-02-08 18:58:50,571 [ERROR] Polling thread error: PLC disconnected: timed out
2026-02-08 18:58:53,651 [ERROR] Polling thread error: PLC disconnected: timed out
2026-02-08 18:58:56,729 [ERROR] Polling thread error: PLC disconnected: timed out
2026-02-08 18:58:59,807 [ERROR] Polling thread error: PLC disconnected: timed out
2026-02-08 18:59:02,888 [ERROR] Polling thread error: PLC disconnected: timed out
2026-02-08 18:59:05,967 [ERROR] Polling thread error: PLC disconnected: timed out
2026-02-08 18:59:09,048 [ERROR] Polling thread error: PLC disconnected: timed out
2026-02-08 18:59:12,125 [ERROR] Polling thread error: PLC disconnected: timed out
2026-02-08 18:59:15,207 [ERROR] Polling thread error: PLC disconnected: timed out
2026-02-08 18:59:18,285 [ERROR] Polling thread error: PLC disconnected: timed out
2026-02-08 18:59:21,365 [ERROR] Polling thread error: PLC disconnected: timed out
2026-02-08 18:59:24,443 [ERROR] Polling thread error: PLC disconnected: timed out
2026-02-08 18:59:27,523 [ERROR] Polling thread error: PLC disconnected: timed out
2026-02-08 18:59:30,601 [ERROR] Polling thread error: PLC disconnected: timed out
2026-02-08 18:59:33,679 [ERROR] Polling thread error: PLC disconnected: timed out
2026-02-08 18:59:36,758 [ERROR] Polling thread error: PLC disconnected: timed out
2026-02-08 18:59:39,837 [ERROR] Polling thread error: PLC disconnected: timed out
2026-02-08 18:59:42,917 [ERROR] Polling thread error: PLC disconnected: timed out
2026-02-08 18:59:45,996 [ERROR] Polling thread error: PLC disconnected: timed out
2026-02-08 18:59:49,075 [ERROR] Polling thread error: PLC disconnected: timed out
2026-02-08 18:59:52,153 [ERROR] Polling thread error: PLC disconnected: timed out
2026-02-08 18:59:55,231 [ERROR] Polling thread error: PLC disconnected: timed out
2026-02-08 18:59:58,309 [ERROR] Polling thread error: PLC disconnected: timed out
2026-02-08 19:00:01,388 [ERROR] Polling thread error: PLC disconnected: timed out
2026-02-08 19:00:04,468 [ERROR] Polling thread error: PLC disconnected: timed out
2026-02-08 19:00:07,547 [ERROR] Polling thread error: PLC disconnected: timed out
2026-02-08 19:00:10,626 [ERROR] Polling thread error: PLC disconnected: timed out
2026-02-08 19:00:13,712 [ERROR] Polling thread error: PLC disconnected: timed out
2026-02-08 19:00:16,792 [ERROR] Polling thread error: PLC disconnected: timed out
2026-02-08 19:00:19,870 [ERROR] Polling thread error: PLC disconnected: timed out
2026-02-08 19:00:22,948 [ERROR] Polling thread error: PLC disconnected: timed out
2026-02-08 19:00:26,027 [ERROR] Polling thread error: PLC disconnected: timed out
2026-02-08 19:00:29,106 [ERROR] Polling thread error: PLC disconnected: timed out
2026-02-08 19:00:32,187 [ERROR] Polling thread error: PLC disconnected: timed out
2026-02-08 19:00:35,268 [ERROR] Polling thread error: PLC disconnected: timed out
2026-02-08 19:00:38,348 [ERROR] Polling thread error: PLC disconnected: timed out
2026-02-08 19:00:41,427 [ERROR] Polling thread error: PLC disconnected: timed out
2026-02-08 19:00:44,505 [ERROR] Polling thread error: PLC disconnected: timed out
2026-02-08 19:00:47,585 [ERROR] Polling thread error: PLC disconnected: timed out
2026-02-08 19:00:50,664 [ERROR] Polling thread error: PLC disconnected: timed out
2026-02-08 19:00:53,743 [ERROR] Polling thread error: PLC disconnected: timed out
2026-02-08 19:00:56,825 [ERROR] Polling thread error: PLC disconnected: timed out
2026-02-08 19:00:59,904 [ERROR] Polling thread error: PLC disconnected: timed out
2026-02-08 19:01:02,984 [ERROR] Polling thread error: PLC disconnected: timed out
2026-02-08 19:01:06,064 [ERROR] Polling thread error: PLC disconnected: timed out
2026-02-08 19:01:09,142 [ERROR] Polling thread error: PLC disconnected: timed out
2026-02-08 19:01:12,221 [ERROR] Polling thread error: PLC disconnected: timed out
2026-02-08 19:01:15,300 [ERROR] Polling thread error: PLC disconnected: timed out
2026-02-08 19:01:18,377 [ERROR] Polling thread error: PLC disconnected: timed out
2026-02-08 19:01:21,457 [ERROR] Polling thread error: PLC disconnected: timed out
2026-02-08 19:01:24,534 [ERROR] Polling thread error: PLC disconnected: timed out
2026-02-08 19:01:27,610 [ERROR] Polling thread error: PLC disconnected: timed out
2026-02-08 19:01:30,688 [ERROR] Polling thread error: PLC disconnected: timed out
2026-02-08 19:01:33,769 [ERROR] Polling thread error: PLC disconnected: timed out
2026-02-08 19:01:36,850 [ERROR] Polling thread error: PLC disconnected: timed out
2026-02-08 19:01:39,927 [ERROR] Polling thread error: PLC disconnected: timed out
2026-02-08 19:01:43,005 [ERROR] Polling thread error: PLC disconnected: timed out
2026-02-08 19:01:46,085 [ERROR] Polling thread error: PLC disconnected: timed out
2026-02-08 19:01:49,163 [ERROR] Polling thread error: PLC disconnected: timed out
2026-02-08 19:01:52,241 [ERROR] Polling thread error: PLC disconnected: timed out
2026-02-08 19:01:55,322 [ERROR] Polling thread error: PLC disconnected: timed out
2026-02-08 19:01:58,400 [ERROR] Polling thread error: PLC disconnected: timed out
2026-02-08 19:02:01,483 [ERROR] Polling thread error: PLC disconnected: timed out
2026-02-08 19:02:04,562 [ERROR] Polling thread error: PLC disconnected: timed out
2026-02-08 19:02:07,644 [ERROR] Polling thread error: PLC disconnected: timed out
2026-02-08 19:02:10,721 [ERROR] Polling thread error: PLC disconnected: timed out
2026-02-08 19:02:13,803 [ERROR] Polling thread error: PLC disconnected: timed out
2026-02-08 19:02:16,886 [ERROR] Polling thread error: PLC disconnected: timed out
2026-02-08 19:02:19,968 [ERROR] Polling thread error: PLC disconnected: timed out
2026-02-08 19:02:23,049 [ERROR] Polling thread error: PLC disconnected: timed out
2026-02-08 19:02:26,127 [ERROR] Polling thread error: PLC disconnected: timed out
2026-02-08 19:02:29,209 [ERROR] Polling thread error: PLC disconnected: timed out
2026-02-08 19:02:32,293 [ERROR] Polling thread error: PLC disconnected: timed out
2026-02-08 19:02:35,373 [ERROR] Polling thread error: PLC disconnected: timed out
2026-02-08 19:02:38,453 [ERROR] Polling thread error: PLC disconnected: timed out
2026-02-08 19:02:41,532 [ERROR] Polling thread error: PLC disconnected: timed out
2026-02-08 19:02:44,610 [ERROR] Polling thread error: PLC disconnected: timed out
2026-02-08 19:02:47,690 [ERROR] Polling thread error: PLC disconnected: timed out
2026-02-08 19:02:50,768 [ERROR] Polling thread error: PLC disconnected: timed out
2026-02-08 19:02:53,849 [ERROR] Polling thread error: PLC disconnected: timed out
2026-02-08 19:02:56,927 [ERROR] Polling thread error: PLC disconnected: timed out
2026-02-08 19:03:00,008 [ERROR] Polling thread error: PLC disconnected: timed out
2026-02-08 19:03:03,086 [ERROR] Polling thread error: PLC disconnected: timed out
2026-02-08 19:03:06,166 [ERROR] Polling thread error: PLC disconnected: timed out
2026-02-08 19:03:09,245 [ERROR] Polling thread error: PLC disconnected: timed out
2026-02-08 19:03:12,326 [ERROR] Polling thread error: PLC disconnected: timed out
2026-02-08 19:03:15,404 [ERROR] Polling thread error: PLC disconnected: timed out
2026-02-08 19:03:18,484 [ERROR] Polling thread error: PLC disconnected: timed out
2026-02-08 19:03:21,561 [ERROR] Polling thread error: PLC disconnected: timed out
2026-02-08 19:03:24,641 [ERROR] Polling thread error: PLC disconnected: timed out
2026-02-08 19:03:27,721 [ERROR] Polling thread error: PLC disconnected: timed out
2026-02-08 19:03:30,801 [ERROR] Polling thread error: PLC disconnected: timed out
2026-02-08 19:03:33,881 [ERROR] Polling thread error: PLC disconnected: timed out
2026-02-08 19:03:36,961 [ERROR] Polling thread error: PLC disconnected: timed out
2026-02-08 19:03:40,039 [ERROR] Polling thread error: PLC disconnected: timed out
2026-02-08 19:03:43,117 [ERROR] Polling thread error: PLC disconnected: timed out
2026-02-08 19:03:46,197 [ERROR] Polling thread error: PLC disconnected: timed out
2026-02-08 19:03:49,275 [ERROR] Polling thread error: PLC disconnected: timed out
2026-02-08 19:03:52,353 [ERROR] Polling thread error: PLC disconnected: timed out
2026-02-08 19:03:55,439 [ERROR] Polling thread error: PLC disconnected: timed out
2026-02-08 19:03:58,517 [ERROR] Polling thread error: PLC disconnected: timed out
2026-02-08 19:04:01,596 [ERROR] Polling thread error: PLC disconnected: timed out
2026-02-08 19:04:04,675 [ERROR] Polling thread error: PLC disconnected: timed out
2026-02-08 19:04:07,752 [ERROR] Polling thread error: PLC disconnected: timed out
2026-02-08 19:04:10,832 [ERROR] Polling thread error: PLC disconnected: timed out
2026-02-08 19:04:13,914 [ERROR] Polling thread error: PLC disconnected: timed out
2026-02-08 19:04:16,994 [ERROR] Polling thread error: PLC disconnected: timed out
2026-02-08 19:04:20,072 [ERROR] Polling thread error: PLC disconnected: timed out
2026-02-08 19:04:23,152 [ERROR] Polling thread error: PLC disconnected: timed out
2026-02-08 19:04:26,233 [ERROR] Polling thread error: PLC disconnected: timed out
2026-02-08 19:04:29,314 [ERROR] Polling thread error: PLC disconnected: timed out
2026-02-08 19:04:32,391 [ERROR] Polling thread error: PLC disconnected: timed out
2026-02-08 19:04:35,471 [ERROR] Polling thread error: PLC disconnected: timed out
2026-02-08 19:04:38,551 [ERROR] Polling thread error: PLC disconnected: timed out
2026-02-08 19:04:41,631 [ERROR] Polling thread error: PLC disconnected: timed out
2026-02-08 19:04:44,711 [ERROR] Polling thread error: PLC disconnected: timed out
2026-02-08 19:04:47,791 [ERROR] Polling thread error: PLC disconnected: timed out
2026-02-08 19:04:50,872 [ERROR] Polling thread error: PLC disconnected: timed out
2026-02-08 19:04:53,950 [ERROR] Polling thread error: PLC disconnected: timed out
2026-02-08 19:04:57,028 [ERROR] Polling thread error: PLC disconnected: timed out
2026-02-08 19:05:00,106 [ERROR] Polling thread error: PLC disconnected: timed out
2026-02-08 19:05:03,185 [ERROR] Polling thread error: PLC disconnected: timed out
2026-02-08 19:05:06,268 [ERROR] Polling thread error: PLC disconnected: timed out
2026-02-08 19:05:09,346 [ERROR] Polling thread error: PLC disconnected: timed out
2026-02-08 19:05:12,426 [ERROR] Polling thread error: PLC disconnected: timed out
2026-02-08 19:05:15,505 [ERROR] Polling thread error: PLC disconnected: timed out
2026-02-08 19:05:18,584 [ERROR] Polling thread error: PLC disconnected: timed out
2026-02-08 19:05:21,663 [ERROR] Polling thread error: PLC disconnected: timed out
2026-02-08 19:05:24,742 [ERROR] Polling thread error: PLC disconnected: timed out
2026-02-08 19:05:27,826 [ERROR] Polling thread error: PLC disconnected: timed out
2026-02-08 19:05:30,903 [ERROR] Polling thread error: PLC disconnected: timed out
2026-02-08 19:05:33,983 [ERROR] Polling thread error: PLC disconnected: timed out
2026-02-08 19:05:37,063 [ERROR] Polling thread error: PLC disconnected: timed out
2026-02-08 19:05:40,141 [ERROR] Polling thread error: PLC disconnected: timed out
2026-02-08 19:05:43,221 [ERROR] Polling thread error: PLC disconnected: timed out
2026-02-08 19:05:46,302 [ERROR] Polling thread error: PLC disconnected: timed out
2026-02-08 19:05:49,382 [ERROR] Polling thread error: PLC disconnected: timed out
2026-02-08 19:05:52,464 [ERROR] Polling thread error: PLC disconnected: timed out
2026-02-08 19:05:55,544 [ERROR] Polling thread error: PLC disconnected: timed out
2026-02-08 19:05:58,628 [ERROR] Polling thread error: PLC disconnected: timed out
2026-02-08 19:06:01,708 [ERROR] Polling thread error: PLC disconnected: timed out
2026-02-08 19:06:04,789 [ERROR] Polling thread error: PLC disconnected: timed out
2026-02-08 19:06:07,867 [ERROR] Polling thread error: PLC disconnected: timed out
2026-02-08 19:06:10,945 [ERROR] Polling thread error: PLC disconnected: timed out
2026-02-08 19:06:14,023 [ERROR] Polling thread error: PLC disconnected: timed out
2026-02-08 19:06:17,102 [ERROR] Polling thread error: PLC disconnected: timed out
2026-02-08 19:06:20,181 [ERROR] Polling thread error: PLC disconnected: timed out
2026-02-08 19:06:23,260 [ERROR] Polling thread error: PLC disconnected: timed out
2026-02-08 19:06:26,350 [ERROR] Polling thread error: PLC disconnected: timed out
2026-02-08 19:06:29,428 [ERROR] Polling thread error: PLC disconnected: timed out
2026-02-08 19:06:32,513 [ERROR] Polling thread error: PLC disconnected: timed out
2026-02-08 19:06:35,592 [ERROR] Polling thread error: PLC disconnected: timed out
2026-02-08 19:06:38,671 [ERROR] Polling thread error: PLC disconnected: timed out
2026-02-08 19:06:41,751 [ERROR] Polling thread error: PLC disconnected: timed out
2026-02-08 19:06:44,828 [ERROR] Polling thread error: PLC disconnected: timed out
2026-02-08 19:06:47,908 [ERROR] Polling thread error: PLC disconnected: timed out
2026-02-08 19:06:50,990 [ERROR] Polling thread error: PLC disconnected: timed out
2026-02-08 19:06:54,073 [ERROR] Polling thread error: PLC disconnected: timed out
2026-02-08 19:06:57,155 [ERROR] Polling thread error: PLC disconnected: timed out
2026-02-08 19:07:00,236 [ERROR] Polling thread error: PLC disconnected: timed out
2026-02-08 19:07:03,316 [ERROR] Polling thread error: PLC disconnected: timed out
2026-02-08 19:07:06,394 [ERROR] Polling thread error: PLC disconnected: timed out
2026-02-08 19:07:09,473 [ERROR] Polling thread error: PLC disconnected: timed out
2026-02-08 19:07:12,553 [ERROR] Polling thread error: PLC disconnected: timed out
2026-02-08 19:07:15,631 [ERROR] Polling thread error: PLC disconnected: timed out
2026-02-08 19:07:18,709 [ERROR] Polling thread error: PLC disconnected: timed out
2026-02-08 19:07:21,786 [ERROR] Polling thread error: PLC disconnected: timed out
2026-02-08 19:07:24,866 [ERROR] Polling thread error: PLC disconnected: timed out
2026-02-08 19:07:27,944 [ERROR] Polling thread error: PLC disconnected: timed out
2026-02-08 19:07:31,023 [ERROR] Polling thread error: PLC disconnected: timed out
2026-02-08 19:07:34,102 [ERROR] Polling thread error: PLC disconnected: timed out
2026-02-08 19:07:37,182 [ERROR] Polling thread error: PLC disconnected: timed out
2026-02-08 19:07:40,265 [ERROR] Polling thread error: PLC disconnected: timed out
2026-02-08 19:07:43,346 [ERROR] Polling thread error: PLC disconnected: timed out
2026-02-08 19:07:46,425 [ERROR] Polling thread error: PLC disconnected: timed out
2026-02-08 19:07:49,503 [ERROR] Polling thread error: PLC disconnected: timed out
2026-02-08 19:07:52,583 [ERROR] Polling thread error: PLC disconnected: timed out
2026-02-08 19:07:55,661 [ERROR] Polling thread error: PLC disconnected: timed out
2026-02-08 19:07:58,741 [ERROR] Polling thread error: PLC disconnected: timed out
2026-02-08 19:08:01,819 [ERROR] Polling thread error: PLC disconnected: timed out
2026-02-08 19:08:04,904 [ERROR] Polling thread error: PLC disconnected: timed out
2026-02-08 19:08:07,984 [ERROR] Polling thread error: PLC disconnected: timed out
2026-02-08 19:08:11,063 [ERROR] Polling thread error: PLC disconnected: timed out
2026-02-08 19:08:14,141 [ERROR] Polling thread error: PLC disconnected: timed out
2026-02-08 19:08:17,218 [ERROR] Polling thread error: PLC disconnected: timed out
2026-02-08 19:08:20,297 [ERROR] Polling thread error: PLC disconnected: timed out
2026-02-08 19:08:23,374 [ERROR] Polling thread error: PLC disconnected: timed out
2026-02-08 19:08:26,455 [ERROR] Polling thread error: PLC disconnected: timed out
2026-02-08 19:08:29,535 [ERROR] Polling thread error: PLC disconnected: timed out
2026-02-08 19:08:32,616 [ERROR] Polling thread error: PLC disconnected: timed out
2026-02-08 19:08:35,695 [ERROR] Polling thread error: PLC disconnected: timed out
2026-02-08 19:08:38,774 [ERROR] Polling thread error: PLC disconnected: timed out
2026-02-08 19:08:41,855 [ERROR] Polling thread error: PLC disconnected: timed out
2026-02-08 19:08:44,934 [ERROR] Polling thread error: PLC disconnected: timed out
2026-02-08 19:08:48,013 [ERROR] Polling thread error: PLC disconnected: timed out
2026-02-08 19:08:51,093 [ERROR] Polling thread error: PLC disconnected: timed out
2026-02-08 19:08:54,173 [ERROR] Polling thread error: PLC disconnected: timed out
2026-02-08 19:08:57,253 [ERROR] Polling thread error: PLC disconnected: timed out
2026-02-08 19:09:00,334 [ERROR] Polling thread error: PLC disconnected: timed out
2026-02-08 19:09:03,413 [ERROR] Polling thread error: PLC disconnected: timed out
2026-02-08 19:09:06,494 [ERROR] Polling thread error: PLC disconnected: timed out
2026-02-08 19:09:09,574 [ERROR] Polling thread error: PLC disconnected: timed out
2026-02-08 19:09:12,654 [ERROR] Polling thread error: PLC disconnected: timed out
2026-02-08 19:09:15,732 [ERROR] Polling thread error: PLC disconnected: timed out
2026-02-08 19:09:18,810 [ERROR] Polling thread error: PLC disconnected: timed out
2026-02-08 19:09:21,890 [ERROR] Polling thread error: PLC disconnected: timed out
2026-02-08 19:09:24,969 [ERROR] Polling thread error: PLC disconnected: timed out
2026-02-08 19:09:28,048 [ERROR] Polling thread error: PLC disconnected: timed out
2026-02-08 19:09:31,127 [ERROR] Polling thread error: PLC disconnected: timed out
2026-02-08 19:09:34,206 [ERROR] Polling thread error: PLC disconnected: timed out
2026-02-08 19:09:37,284 [ERROR] Polling thread error: PLC disconnected: timed out
2026-02-08 19:09:40,363 [ERROR] Polling thread error: PLC disconnected: timed out
2026-02-08 19:09:43,445 [ERROR] Polling thread error: PLC disconnected: timed out
2026-02-08 19:09:46,525 [ERROR] Polling thread error: PLC disconnected: timed out
2026-02-08 19:09:49,606 [ERROR] Polling thread error: PLC disconnected: timed out
2026-02-08 19:09:52,684 [ERROR] Polling thread error: PLC disconnected: timed out
2026-02-08 19:09:55,763 [ERROR] Polling thread error: PLC disconnected: timed out
2026-02-08 19:09:58,841 [ERROR] Polling thread error: PLC disconnected: timed out
2026-02-08 19:10:01,921 [ERROR] Polling thread error: PLC disconnected: timed out
2026-02-08 19:10:04,999 [ERROR] Polling thread error: PLC disconnected: timed out
2026-02-08 19:10:08,078 [ERROR] Polling thread error: PLC disconnected: timed out
2026-02-08 19:10:11,163 [ERROR] Polling thread error: PLC disconnected: timed out
2026-02-08 19:10:14,243 [ERROR] Polling thread error: PLC disconnected: timed out
2026-02-08 19:10:17,323 [ERROR] Polling thread error: PLC disconnected: timed out
2026-02-08 19:10:20,402 [ERROR] Polling thread error: PLC disconnected: timed out
2026-02-08 19:10:23,480 [ERROR] Polling thread error: PLC disconnected: timed out
2026-02-08 19:10:26,560 [ERROR] Polling thread error: PLC disconnected: timed out
2026-02-08 19:10:29,640 [ERROR] Polling thread error: PLC disconnected: timed out
2026-02-08 19:10:32,721 [ERROR] Polling thread error: PLC disconnected: timed out
2026-02-08 19:10:35,799 [ERROR] Polling thread error: PLC disconnected: timed out
2026-02-08 19:10:38,879 [ERROR] Polling thread error: PLC disconnected: timed out
2026-02-08 19:10:41,959 [ERROR] Polling thread error: PLC disconnected: timed out
2026-02-08 19:10:45,037 [ERROR] Polling thread error: PLC disconnected: timed out
2026-02-08 19:10:48,115 [ERROR] Polling thread error: PLC disconnected: timed out
2026-02-08 19:10:51,195 [ERROR] Polling thread error: PLC disconnected: timed out
2026-02-08 19:10:54,273 [ERROR] Polling thread error: PLC disconnected: timed out
2026-02-08 19:10:57,351 [ERROR] Polling thread error: PLC disconnected: timed out
2026-02-08 19:11:00,429 [ERROR] Polling thread error: PLC disconnected: timed out
2026-02-08 19:22:22,035 [ERROR] Polling thread error: PLC disconnected: timed out
2026-02-08 19:22:25,112 [ERROR] Polling thread error: PLC disconnected: timed out
2026-02-08 19:22:28,191 [ERROR] Polling thread error: PLC disconnected: timed out
2026-02-08 19:22:31,270 [ERROR] Polling thread error: PLC disconnected: timed out
2026-02-08 19:22:34,349 [ERROR] Polling thread error: PLC disconnected: timed out
2026-02-08 19:22:37,429 [ERROR] Polling thread error: PLC disconnected: timed out
2026-02-08 19:22:40,507 [ERROR] Polling thread error: PLC disconnected: timed out
2026-02-08 19:22:43,587 [ERROR] Polling thread error: PLC disconnected: timed out
2026-02-08 19:22:46,667 [ERROR] Polling thread error: PLC disconnected: timed out
2026-02-08 19:22:49,749 [ERROR] Polling thread error: PLC disconnected: timed out
2026-02-08 19:22:52,826 [ERROR] Polling thread error: PLC disconnected: timed out
2026-02-08 19:22:55,904 [ERROR] Polling thread error: PLC disconnected: timed out
2026-02-08 19:22:58,982 [ERROR] Polling thread error: PLC disconnected: timed out
2026-02-08 19:23:02,061 [ERROR] Polling thread error: PLC disconnected: timed out
2026-02-08 19:23:05,139 [ERROR] Polling thread error: PLC disconnected: timed out
2026-02-08 19:23:08,221 [ERROR] Polling thread error: PLC disconnected: timed out
2026-02-08 19:23:11,299 [ERROR] Polling thread error: PLC disconnected: timed out
2026-02-08 19:23:14,378 [ERROR] Polling thread error: PLC disconnected: timed out
2026-02-08 19:23:17,458 [ERROR] Polling thread error: PLC disconnected: timed out
2026-02-08 19:23:20,537 [ERROR] Polling thread error: PLC disconnected: timed out
2026-02-08 19:23:23,615 [ERROR] Polling thread error: PLC disconnected: timed out
2026-02-08 19:23:26,694 [ERROR] Polling thread error: PLC disconnected: timed out
2026-02-08 19:23:29,772 [ERROR] Polling thread error: PLC disconnected: timed out
2026-02-08 19:23:32,852 [ERROR] Polling thread error: PLC disconnected: timed out
2026-02-08 19:23:35,931 [ERROR] Polling thread error: PLC disconnected: timed out
2026-02-08 19:23:39,009 [ERROR] Polling thread error: PLC disconnected: timed out
2026-02-08 19:23:42,090 [ERROR] Polling thread error: PLC disconnected: timed out
2026-02-08 19:23:45,169 [ERROR] Polling thread error: PLC disconnected: timed out
2026-02-08 19:23:48,248 [ERROR] Polling thread error: PLC disconnected: timed out
2026-02-08 19:23:51,327 [ERROR] Polling thread error: PLC disconnected: timed out
2026-02-08 19:23:54,406 [ERROR] Polling thread error: PLC disconnected: timed out
2026-02-08 19:23:57,485 [ERROR] Polling thread error: PLC disconnected: timed out
2026-02-08 19:24:00,567 [ERROR] Polling thread error: PLC disconnected: timed out
2026-02-08 19:24:03,647 [ERROR] Polling thread error: PLC disconnected: timed out
2026-02-08 19:24:06,726 [ERROR] Polling thread error: PLC disconnected: timed out
2026-02-08 19:24:09,807 [ERROR] Polling thread error: PLC disconnected: timed out
2026-02-08 19:24:12,886 [ERROR] Polling thread error: PLC disconnected: timed out
2026-02-08 19:24:15,965 [ERROR] Polling thread error: PLC disconnected: timed out
2026-02-08 19:24:19,045 [ERROR] Polling thread error: PLC disconnected: timed out
2026-02-08 19:24:22,126 [ERROR] Polling thread error: PLC disconnected: timed out
2026-02-08 19:24:25,204 [ERROR] Polling thread error: PLC disconnected: timed out
2026-02-08 19:24:28,288 [ERROR] Polling thread error: PLC disconnected: timed out
2026-02-08 19:24:31,366 [ERROR] Polling thread error: PLC disconnected: timed out
2026-02-08 19:24:34,444 [ERROR] Polling thread error: PLC disconnected: timed out
2026-02-08 19:24:37,523 [ERROR] Polling thread error: PLC disconnected: timed out
2026-02-08 19:24:40,601 [ERROR] Polling thread error: PLC disconnected: timed out
2026-02-08 19:24:43,679 [ERROR] Polling thread error: PLC disconnected: timed out
2026-02-08 19:24:46,756 [ERROR] Polling thread error: PLC disconnected: timed out
2026-02-08 19:24:49,834 [ERROR] Polling thread error: PLC disconnected: timed out
2026-02-08 19:24:52,912 [ERROR] Polling thread error: PLC disconnected: timed out
2026-02-08 19:24:55,989 [ERROR] Polling thread error: PLC disconnected: timed out
2026-02-08 19:24:59,068 [ERROR] Polling thread error: PLC disconnected: timed out
2026-02-08 19:25:02,146 [ERROR] Polling thread error: PLC disconnected: timed out
2026-02-08 19:25:05,224 [ERROR] Polling thread error: PLC disconnected: timed out
2026-02-08 19:25:08,301 [ERROR] Polling thread error: PLC disconnected: timed out
2026-02-08 19:25:11,378 [ERROR] Polling thread error: PLC disconnected: timed out
2026-02-08 19:25:14,457 [ERROR] Polling thread error: PLC disconnected: timed out
2026-02-08 19:25:17,535 [ERROR] Polling thread error: PLC disconnected: timed out
2026-02-08 19:25:20,613 [ERROR] Polling thread error: PLC disconnected: timed out
2026-02-08 19:25:23,692 [ERROR] Polling thread error: PLC disconnected: timed out
2026-02-08 19:25:26,769 [ERROR] Polling thread error: PLC disconnected: timed out
2026-02-08 19:25:29,848 [ERROR] Polling thread error: PLC disconnected: timed out
2026-02-08 19:25:32,927 [ERROR] Polling thread error: PLC disconnected: timed out
2026-02-08 19:25:36,004 [ERROR] Polling thread error: PLC disconnected: timed out
2026-02-08 19:25:39,086 [ERROR] Polling thread error: PLC disconnected: timed out
2026-02-08 19:25:42,169 [ERROR] Polling thread error: PLC disconnected: timed out
2026-02-08 19:25:45,248 [ERROR] Polling thread error: PLC disconnected: timed out
2026-02-08 19:25:48,328 [ERROR] Polling thread error: PLC disconnected: timed out
2026-02-08 19:25:51,409 [ERROR] Polling thread error: PLC disconnected: timed out
2026-02-08 19:25:54,488 [ERROR] Polling thread error: PLC disconnected: timed out
2026-02-08 19:25:57,568 [ERROR] Polling thread error: PLC disconnected: timed out
2026-02-08 19:26:00,646 [ERROR] Polling thread error: PLC disconnected: timed out
2026-02-08 19:26:03,725 [ERROR] Polling thread error: PLC disconnected: timed out
2026-02-08 19:26:06,802 [ERROR] Polling thread error: PLC disconnected: timed out
2026-02-08 19:26:09,882 [ERROR] Polling thread error: PLC disconnected: timed out
2026-02-08 19:26:12,958 [ERROR] Polling thread error: PLC disconnected: timed out
2026-02-08 19:26:16,039 [ERROR] Polling thread error: PLC disconnected: timed out
2026-02-08 19:26:19,122 [ERROR] Polling thread error: PLC disconnected: timed out
2026-02-08 19:26:22,200 [ERROR] Polling thread error: PLC disconnected: timed out
2026-02-08 19:26:25,280 [ERROR] Polling thread error: PLC disconnected: timed out
2026-02-08 19:26:28,360 [ERROR] Polling thread error: PLC disconnected: timed out
2026-02-08 19:26:31,439 [ERROR] Polling thread error: PLC disconnected: timed out
2026-02-08 19:26:34,518 [ERROR] Polling thread error: PLC disconnected: timed out
2026-02-08 19:26:37,596 [ERROR] Polling thread error: PLC disconnected: timed out
2026-02-08 19:26:40,676 [ERROR] Polling thread error: PLC disconnected: timed out
2026-02-08 19:26:43,766 [ERROR] Polling thread error: PLC disconnected: timed out
2026-02-08 19:26:46,845 [ERROR] Polling thread error: PLC disconnected: timed out
2026-02-08 19:26:49,926 [ERROR] Polling thread error: PLC disconnected: timed out
2026-02-08 19:26:53,005 [ERROR] Polling thread error: PLC disconnected: timed out
2026-02-08 19:26:56,087 [ERROR] Polling thread error: PLC disconnected: timed out
2026-02-08 19:26:59,167 [ERROR] Polling thread error: PLC disconnected: timed out
2026-02-08 19:27:02,246 [ERROR] Polling thread error: PLC disconnected: timed out
2026-02-08 19:27:05,325 [ERROR] Polling thread error: PLC disconnected: timed out
2026-02-08 19:27:08,403 [ERROR] Polling thread error: PLC disconnected: timed out
2026-02-08 19:27:11,482 [ERROR] Polling thread error: PLC disconnected: timed out
2026-02-08 19:27:14,561 [ERROR] Polling thread error: PLC disconnected: timed out
2026-02-08 19:27:17,640 [ERROR] Polling thread error: PLC disconnected: timed out
2026-02-08 19:27:20,722 [ERROR] Polling thread error: PLC disconnected: timed out
2026-02-08 19:27:23,801 [ERROR] Polling thread error: PLC disconnected: timed out
2026-02-08 19:27:26,879 [ERROR] Polling thread error: PLC disconnected: timed out
2026-02-08 19:27:29,956 [ERROR] Polling thread error: PLC disconnected: timed out
2026-02-08 19:27:33,035 [ERROR] Polling thread error: PLC disconnected: timed out
2026-02-08 19:27:36,116 [ERROR] Polling thread error: PLC disconnected: timed out
2026-02-08 19:27:39,195 [ERROR] Polling thread error: PLC disconnected: timed out
2026-02-08 19:27:42,275 [ERROR] Polling thread error: PLC disconnected: timed out
2026-02-08 19:27:45,352 [ERROR] Polling thread error: PLC disconnected: timed out
2026-02-08 19:27:48,433 [ERROR] Polling thread error: PLC disconnected: timed out
2026-02-08 19:27:51,512 [ERROR] Polling thread error: PLC disconnected: timed out
2026-02-08 19:27:54,593 [ERROR] Polling thread error: PLC disconnected: timed out
2026-02-08 19:27:57,673 [ERROR] Polling thread error: PLC disconnected: timed out
2026-02-08 19:28:00,751 [ERROR] Polling thread error: PLC disconnected: timed out
2026-02-08 19:28:03,831 [ERROR] Polling thread error: PLC disconnected: timed out
2026-02-08 19:28:06,911 [ERROR] Polling thread error: PLC disconnected: timed out
2026-02-08 19:28:09,991 [ERROR] Polling thread error: PLC disconnected: timed out
2026-02-08 19:28:13,069 [ERROR] Polling thread error: PLC disconnected: timed out
2026-02-08 19:28:16,148 [ERROR] Polling thread error: PLC disconnected: timed out
2026-02-08 19:28:19,225 [ERROR] Polling thread error: PLC disconnected: timed out
2026-02-08 19:28:22,315 [ERROR] Polling thread error: PLC disconnected: timed out
2026-02-08 19:28:25,393 [ERROR] Polling thread error: PLC disconnected: timed out
2026-02-08 19:28:28,473 [ERROR] Polling thread error: PLC disconnected: timed out
2026-02-08 19:28:31,552 [ERROR] Polling thread error: PLC disconnected: timed out
2026-02-08 19:28:34,631 [ERROR] Polling thread error: PLC disconnected: timed out
2026-02-08 19:28:37,709 [ERROR] Polling thread error: PLC disconnected: timed out
2026-02-08 19:28:40,787 [ERROR] Polling thread error: PLC disconnected: timed out
2026-02-08 19:28:43,865 [ERROR] Polling thread error: PLC disconnected: timed out
2026-02-08 19:28:46,943 [ERROR] Polling thread error: PLC disconnected: timed out
2026-02-08 19:28:50,022 [ERROR] Polling thread error: PLC disconnected: timed out
2026-02-08 19:28:53,102 [ERROR] Polling thread error: PLC disconnected: timed out
2026-02-08 19:28:56,180 [ERROR] Polling thread error: PLC disconnected: timed out
2026-02-08 19:28:59,260 [ERROR] Polling thread error: PLC disconnected: timed out
2026-02-08 19:29:02,339 [ERROR] Polling thread error: PLC disconnected: timed out
2026-02-08 19:29:05,419 [ERROR] Polling thread error: PLC disconnected: timed out
2026-02-08 19:29:08,501 [ERROR] Polling thread error: PLC disconnected: timed out
2026-02-08 19:29:11,583 [ERROR] Polling thread error: PLC disconnected: timed out
2026-02-08 19:29:14,661 [ERROR] Polling thread error: PLC disconnected: timed out
2026-02-08 19:29:17,743 [ERROR] Polling thread error: PLC disconnected: timed out
2026-02-08 19:29:20,821 [ERROR] Polling thread error: PLC disconnected: timed out
2026-02-08 19:29:23,903 [ERROR] Polling thread error: PLC disconnected: timed out
2026-02-08 19:29:26,982 [ERROR] Polling thread error: PLC disconnected: timed out
2026-02-08 19:29:30,063 [ERROR] Polling thread error: PLC disconnected: timed out
2026-02-08 19:29:33,140 [ERROR] Polling thread error: PLC disconnected: timed out
2026-02-08 19:29:36,219 [ERROR] Polling thread error: PLC disconnected: timed out
2026-02-08 19:29:39,297 [ERROR] Polling thread error: PLC disconnected: timed out
2026-02-08 19:29:42,375 [ERROR] Polling thread error: PLC disconnected: timed out
2026-02-08 19:29:45,452 [ERROR] Polling thread error: PLC disconnected: timed out
2026-02-08 19:29:48,530 [ERROR] Polling thread error: PLC disconnected: timed out
2026-02-08 19:29:51,608 [ERROR] Polling thread error: PLC disconnected: timed out
2026-02-08 19:29:54,687 [ERROR] Polling thread error: PLC disconnected: timed out
2026-02-08 19:29:57,765 [ERROR] Polling thread error: PLC disconnected: timed out
2026-02-08 19:30:00,843 [ERROR] Polling thread error: PLC disconnected: timed out
2026-02-08 19:30:03,924 [ERROR] Polling thread error: PLC disconnected: timed out
2026-02-08 19:30:07,001 [ERROR] Polling thread error: PLC disconnected: timed out
2026-02-08 19:30:10,078 [ERROR] Polling thread error: PLC disconnected: timed out
2026-02-08 19:30:13,176 [ERROR] Polling thread error: PLC disconnected: timed out
2026-02-08 19:30:16,278 [ERROR] Polling thread error: PLC disconnected: timed out
2026-02-08 19:30:19,383 [ERROR] Polling thread error: PLC disconnected: timed out
2026-02-08 19:30:22,474 [ERROR] Polling thread error: PLC disconnected: timed out
2026-02-08 19:30:25,572 [ERROR] Polling thread error: PLC disconnected: timed out
2026-02-08 19:30:28,669 [ERROR] Polling thread error: PLC disconnected: timed out
2026-02-08 19:30:31,765 [ERROR] Polling thread error: PLC disconnected: timed out
2026-02-08 19:30:34,856 [ERROR] Polling thread error: PLC disconnected: timed out
2026-02-08 19:30:37,954 [ERROR] Polling thread error: PLC disconnected: timed out
2026-02-08 19:30:41,050 [ERROR] Polling thread error: PLC disconnected: timed out
2026-02-08 19:30:44,151 [ERROR] Polling thread error: PLC disconnected: timed out
2026-02-08 19:30:47,253 [ERROR] Polling thread error: PLC disconnected: timed out
2026-02-08 19:30:50,354 [ERROR] Polling thread error: PLC disconnected: timed out
2026-02-08 19:30:53,455 [ERROR] Polling thread error: PLC disconnected: timed out
2026-02-08 19:30:56,561 [ERROR] Polling thread error: PLC disconnected: timed out
2026-02-08 19:30:59,653 [ERROR] Polling thread error: PLC disconnected: timed out
2026-02-08 19:31:02,750 [ERROR] Polling thread error: PLC disconnected: timed out
2026-02-08 19:31:05,851 [ERROR] Polling thread error: PLC disconnected: timed out
2026-02-08 19:31:08,943 [ERROR] Polling thread error: PLC disconnected: timed out
2026-02-08 19:31:12,077 [ERROR] Polling thread error: PLC disconnected: timed out
2026-02-08 19:31:15,175 [ERROR] Polling thread error: PLC disconnected: timed out
2026-02-08 19:31:18,287 [ERROR] Polling thread error: PLC disconnected: timed out
2026-02-08 19:31:21,388 [ERROR] Polling thread error: PLC disconnected: timed out
2026-02-08 19:31:24,477 [ERROR] Polling thread error: PLC disconnected: timed out
2026-02-08 19:31:27,583 [ERROR] Polling thread error: PLC disconnected: timed out
2026-02-08 19:31:30,678 [ERROR] Polling thread error: PLC disconnected: timed out
2026-02-08 19:31:33,777 [ERROR] Polling thread error: PLC disconnected: timed out
2026-02-08 19:31:36,882 [ERROR] Polling thread error: PLC disconnected: timed out
2026-02-08 19:31:39,978 [ERROR] Polling thread error: PLC disconnected: timed out
2026-02-08 19:31:43,065 [ERROR] Polling thread error: PLC disconnected: timed out
2026-02-08 19:31:46,159 [ERROR] Polling thread error: PLC disconnected: timed out
2026-02-08 19:31:49,260 [ERROR] Polling thread error: PLC disconnected: timed out
2026-02-08 19:31:52,365 [ERROR] Polling thread error: PLC disconnected: timed out
2026-02-08 19:31:55,467 [ERROR] Polling thread error: PLC disconnected: timed out
2026-02-08 19:31:58,563 [ERROR] Polling thread error: PLC disconnected: timed out
2026-02-08 19:32:01,667 [ERROR] Polling thread error: PLC disconnected: timed out
2026-02-08 19:32:04,763 [ERROR] Polling thread error: PLC disconnected: timed out
2026-02-08 19:32:07,865 [ERROR] Polling thread error: PLC disconnected: timed out
2026-02-08 19:32:10,965 [ERROR] Polling thread error: PLC disconnected: timed out
2026-02-08 19:32:14,063 [ERROR] Polling thread error: PLC disconnected: timed out
2026-02-08 19:32:17,157 [ERROR] Polling thread error: PLC disconnected: timed out
2026-02-08 19:32:20,256 [ERROR] Polling thread error: PLC disconnected: timed out
2026-02-08 19:32:23,350 [ERROR] Polling thread error: PLC disconnected: timed out
2026-02-08 19:32:26,451 [ERROR] Polling thread error: PLC disconnected: timed out
2026-02-08 19:32:29,538 [ERROR] Polling thread error: PLC disconnected: timed out
2026-02-08 19:32:32,647 [ERROR] Polling thread error: PLC disconnected: timed out
2026-02-08 19:32:35,747 [ERROR] Polling thread error: PLC disconnected: timed out
2026-02-08 19:32:38,849 [ERROR] Polling thread error: PLC disconnected: timed out
2026-02-08 19:32:41,957 [ERROR] Polling thread error: PLC disconnected: timed out
2026-02-08 19:32:45,053 [ERROR] Polling thread error: PLC disconnected: timed out
2026-02-08 19:32:48,155 [ERROR] Polling thread error: PLC disconnected: timed out
2026-02-08 19:32:51,272 [ERROR] Polling thread error: PLC disconnected: timed out
2026-02-08 19:32:54,372 [ERROR] Polling thread error: PLC disconnected: timed out
2026-02-08 19:32:57,488 [ERROR] Polling thread error: PLC disconnected: timed out
2026-02-08 19:33:00,591 [ERROR] Polling thread error: PLC disconnected: timed out
2026-02-08 19:33:03,684 [ERROR] Polling thread error: PLC disconnected: timed out
2026-02-08 19:33:06,773 [ERROR] Polling thread error: PLC disconnected: timed out
2026-02-08 19:33:09,851 [ERROR] Polling thread error: PLC disconnected: timed out
2026-02-08 19:33:12,933 [ERROR] Polling thread error: PLC disconnected: timed out
2026-02-08 19:33:16,012 [ERROR] Polling thread error: PLC disconnected: timed out
2026-02-08 19:33:19,092 [ERROR] Polling thread error: PLC disconnected: timed out
2026-02-08 19:33:22,172 [ERROR] Polling thread error: PLC disconnected: timed out
2026-02-08 19:33:25,250 [ERROR] Polling thread error: PLC disconnected: timed out
2026-02-08 19:33:28,328 [ERROR] Polling thread error: PLC disconnected: timed out
2026-02-08 19:33:31,407 [ERROR] Polling thread error: PLC disconnected: timed out
2026-02-08 19:33:34,485 [ERROR] Polling thread error: PLC disconnected: timed out
2026-02-08 19:33:37,565 [ERROR] Polling thread error: PLC disconnected: timed out
2026-02-08 19:33:40,644 [ERROR] Polling thread error: PLC disconnected: timed out
2026-02-08 19:33:43,725 [ERROR] Polling thread error: PLC disconnected: timed out
2026-02-08 19:33:46,803 [ERROR] Polling thread error: PLC disconnected: timed out
2026-02-08 19:33:49,882 [ERROR] Polling thread error: PLC disconnected: timed out
2026-02-08 19:33:52,961 [ERROR] Polling thread error: PLC disconnected: timed out
2026-02-08 19:33:56,039 [ERROR] Polling thread error: PLC disconnected: timed out
2026-02-08 19:33:59,125 [ERROR] Polling thread error: PLC disconnected: timed out
2026-02-08 19:34:02,203 [ERROR] Polling thread error: PLC disconnected: timed out
2026-02-08 19:34:05,282 [ERROR] Polling thread error: PLC disconnected: timed out
2026-02-08 19:34:08,360 [ERROR] Polling thread error: PLC disconnected: timed out
2026-02-08 19:34:11,442 [ERROR] Polling thread error: PLC disconnected: timed out
2026-02-08 19:34:14,519 [ERROR] Polling thread error: PLC disconnected: timed out
2026-02-08 19:34:17,599 [ERROR] Polling thread error: PLC disconnected: timed out
2026-02-08 19:34:20,676 [ERROR] Polling thread error: PLC disconnected: timed out
2026-02-08 19:34:23,755 [ERROR] Polling thread error: PLC disconnected: timed out
2026-02-08 19:34:26,834 [ERROR] Polling thread error: PLC disconnected: timed out
2026-02-08 19:34:29,913 [ERROR] Polling thread error: PLC disconnected: timed out
2026-02-08 19:34:33,019 [ERROR] Polling thread error: PLC disconnected: timed out
2026-02-08 19:34:36,122 [ERROR] Polling thread error: PLC disconnected: timed out
2026-02-08 19:34:39,223 [ERROR] Polling thread error: PLC disconnected: timed out
2026-02-08 19:34:42,323 [ERROR] Polling thread error: PLC disconnected: timed out
2026-02-08 19:34:45,421 [ERROR] Polling thread error: PLC disconnected: timed out
2026-02-08 19:34:48,513 [ERROR] Polling thread error: PLC disconnected: timed out
2026-02-08 19:34:51,608 [ERROR] Polling thread error: PLC disconnected: timed out
2026-02-08 19:34:54,708 [ERROR] Polling thread error: PLC disconnected: timed out
2026-02-08 19:34:57,815 [ERROR] Polling thread error: PLC disconnected: timed out
2026-02-08 19:35:00,908 [ERROR] Polling thread error: PLC disconnected: timed out
2026-02-08 19:35:04,013 [ERROR] Polling thread error: PLC disconnected: timed out
2026-02-08 19:35:07,126 [ERROR] Polling thread error: PLC disconnected: timed out
2026-02-08 19:35:10,224 [ERROR] Polling thread error: PLC disconnected: timed out
2026-02-08 19:35:13,320 [ERROR] Polling thread error: PLC disconnected: timed out
2026-02-08 19:35:16,421 [ERROR] Polling thread error: PLC disconnected: timed out
2026-02-08 19:35:19,519 [ERROR] Polling thread error: PLC disconnected: timed out
2026-02-08 19:35:22,612 [ERROR] Polling thread error: PLC disconnected: timed out
2026-02-08 19:35:25,719 [ERROR] Polling thread error: PLC disconnected: timed out
2026-02-08 19:35:31,435 [WARNING] [Inference] TensorRT or cuda-python not installed: No module named 'tensorrt'
2026-02-08 19:35:31,995 [INFO] [Inference] Using GPU
2026-02-08 19:35:31,995 [INFO] [Inference] Loading OpenVINO model from C:\MyStuff\VS\MECup\backend\inference\openvino_model\model.xml
2026-02-08 19:35:33,360 [INFO] [Inference] Using OpenVINO backend on GPU
2026-02-08 19:35:33,543 [INFO] [Inference] Model ready (openvino)
2026-02-08 19:35:35,569 [WARNING] [Inference] TensorRT or cuda-python not installed: No module named 'tensorrt'
2026-02-08 19:35:35,570 [ERROR] Polling thread error: PLC disconnected: timed out
2026-02-08 19:35:36,067 [INFO] [Inference] Using GPU
2026-02-08 19:35:36,067 [INFO] [Inference] Loading OpenVINO model from C:\MyStuff\VS\MECup\backend\inference\openvino_model\model.xml
2026-02-08 19:35:37,798 [INFO] [Inference] Using OpenVINO backend on GPU
2026-02-08 19:35:38,002 [INFO] [Inference] Model ready (openvino)
2026-02-08 19:35:38,657 [ERROR] Polling thread error: PLC disconnected: timed out
2026-02-08 19:35:41,749 [ERROR] Polling thread error: PLC disconnected: timed out
2026-02-08 19:35:44,846 [ERROR] Polling thread error: PLC disconnected: timed out
2026-02-08 19:35:47,932 [ERROR] Polling thread error: PLC disconnected: timed out
2026-02-08 19:35:51,029 [ERROR] Polling thread error: PLC disconnected: timed out
2026-02-08 19:35:54,114 [ERROR] Polling thread error: PLC disconnected: timed out
2026-02-08 19:35:57,218 [ERROR] Polling thread error: PLC disconnected: timed out
2026-02-08 19:36:00,315 [ERROR] Polling thread error: PLC disconnected: timed out
2026-02-08 19:36:03,413 [ERROR] Polling thread error: PLC disconnected: timed out
2026-02-08 19:36:06,513 [ERROR] Polling thread error: PLC disconnected: timed out
2026-02-08 19:36:09,599 [ERROR] Polling thread error: PLC disconnected: timed out
2026-02-08 19:36:12,690 [ERROR] Polling thread error: PLC disconnected: timed out
2026-02-08 19:36:15,780 [ERROR] Polling thread error: PLC disconnected: timed out
2026-02-08 19:36:18,866 [ERROR] Polling thread error: PLC disconnected: timed out
2026-02-08 19:36:21,960 [ERROR] Polling thread error: PLC disconnected: timed out
2026-02-08 19:36:25,053 [ERROR] Polling thread error: PLC disconnected: timed out
2026-02-08 19:36:28,141 [ERROR] Polling thread error: PLC disconnected: timed out
2026-02-08 19:36:31,237 [ERROR] Polling thread error: PLC disconnected: timed out
2026-02-08 19:36:34,336 [ERROR] Polling thread error: PLC disconnected: timed out
2026-02-08 19:36:37,422 [ERROR] Polling thread error: PLC disconnected: timed out
2026-02-08 19:36:40,523 [ERROR] Polling thread error: PLC disconnected: timed out
2026-02-08 19:36:43,624 [ERROR] Polling thread error: PLC disconnected: timed out
2026-02-08 19:36:46,727 [ERROR] Polling thread error: PLC disconnected: timed out
2026-02-08 19:36:49,828 [ERROR] Polling thread error: PLC disconnected: timed out
2026-02-08 19:36:52,931 [ERROR] Polling thread error: PLC disconnected: timed out
2026-02-08 19:36:56,037 [ERROR] Polling thread error: PLC disconnected: timed out
2026-02-08 19:36:59,117 [ERROR] Polling thread error: PLC disconnected: timed out
2026-02-08 19:37:02,197 [ERROR] Polling thread error: PLC disconnected: timed out
2026-02-08 19:37:05,296 [ERROR] Polling thread error: PLC disconnected: timed out
2026-02-08 19:37:08,393 [ERROR] Polling thread error: PLC disconnected: timed out
2026-02-08 19:37:11,472 [ERROR] Polling thread error: PLC disconnected: timed out
2026-02-08 19:37:14,550 [ERROR] Polling thread error: PLC disconnected: timed out
2026-02-08 19:37:17,626 [ERROR] Polling thread error: PLC disconnected: timed out
2026-02-08 19:37:20,705 [ERROR] Polling thread error: PLC disconnected: timed out
2026-02-08 19:37:23,783 [ERROR] Polling thread error: PLC disconnected: timed out
2026-02-08 19:37:26,861 [ERROR] Polling thread error: PLC disconnected: timed out
2026-02-08 19:37:29,941 [ERROR] Polling thread error: PLC disconnected: timed out
2026-02-08 19:37:33,023 [ERROR] Polling thread error: PLC disconnected: timed out
2026-02-08 19:37:36,102 [ERROR] Polling thread error: PLC disconnected: timed out
2026-02-08 19:37:39,182 [ERROR] Polling thread error: PLC disconnected: timed out
2026-02-08 19:37:42,261 [ERROR] Polling thread error: PLC disconnected: timed out
2026-02-08 19:37:45,341 [ERROR] Polling thread error: PLC disconnected: timed out
2026-02-08 19:37:48,420 [ERROR] Polling thread error: PLC disconnected: timed out
2026-02-08 19:37:51,500 [ERROR] Polling thread error: PLC disconnected: timed out
2026-02-08 19:37:54,583 [ERROR] Polling thread error: PLC disconnected: timed out
2026-02-08 19:37:57,660 [ERROR] Polling thread error: PLC disconnected: timed out
2026-02-08 19:38:00,738 [ERROR] Polling thread error: PLC disconnected: timed out
2026-02-08 19:38:03,816 [ERROR] Polling thread error: PLC disconnected: timed out
2026-02-08 19:38:06,896 [ERROR] Polling thread error: PLC disconnected: timed out
2026-02-08 19:38:09,975 [ERROR] Polling thread error: PLC disconnected: timed out
2026-02-08 19:38:13,057 [ERROR] Polling thread error: PLC disconnected: timed out
2026-02-08 19:38:16,135 [ERROR] Polling thread error: PLC disconnected: timed out
2026-02-08 19:38:19,215 [ERROR] Polling thread error: PLC disconnected: timed out
2026-02-08 19:38:22,294 [ERROR] Polling thread error: PLC disconnected: timed out
2026-02-08 19:38:25,374 [ERROR] Polling thread error: PLC disconnected: timed out
2026-02-08 19:38:28,452 [ERROR] Polling thread error: PLC disconnected: timed out
2026-02-08 19:38:31,534 [ERROR] Polling thread error: PLC disconnected: timed out
2026-02-08 19:38:34,613 [ERROR] Polling thread error: PLC disconnected: timed out
2026-02-08 19:38:37,693 [ERROR] Polling thread error: PLC disconnected: timed out
2026-02-08 19:38:40,771 [ERROR] Polling thread error: PLC disconnected: timed out
2026-02-08 19:38:43,849 [ERROR] Polling thread error: PLC disconnected: timed out
2026-02-08 19:38:46,927 [ERROR] Polling thread error: PLC disconnected: timed out
2026-02-08 19:38:50,007 [ERROR] Polling thread error: PLC disconnected: timed out
2026-02-08 19:38:53,088 [ERROR] Polling thread error: PLC disconnected: timed out
2026-02-08 19:38:56,168 [ERROR] Polling thread error: PLC disconnected: timed out
2026-02-08 19:38:59,247 [ERROR] Polling thread error: PLC disconnected: timed out
2026-02-08 19:39:02,326 [ERROR] Polling thread error: PLC disconnected: timed out
2026-02-08 19:39:05,404 [ERROR] Polling thread error: PLC disconnected: timed out
2026-02-08 19:39:08,483 [ERROR] Polling thread error: PLC disconnected: timed out
2026-02-08 19:39:11,561 [ERROR] Polling thread error: PLC disconnected: timed out
2026-02-08 19:39:14,641 [ERROR] Polling thread error: PLC disconnected: timed out
2026-02-08 19:39:17,721 [ERROR] Polling thread error: PLC disconnected: timed out
2026-02-08 19:39:20,800 [ERROR] Polling thread error: PLC disconnected: timed out
2026-02-08 19:39:23,879 [ERROR] Polling thread error: PLC disconnected: timed out
2026-02-08 19:39:26,960 [ERROR] Polling thread error: PLC disconnected: timed out
2026-02-08 19:39:30,042 [ERROR] Polling thread error: PLC disconnected: timed out
2026-02-08 19:39:33,123 [ERROR] Polling thread error: PLC disconnected: timed out
2026-02-08 19:39:36,202 [ERROR] Polling thread error: PLC disconnected: timed out
2026-02-08 19:39:39,280 [ERROR] Polling thread error: PLC disconnected: timed out
2026-02-08 19:39:42,356 [ERROR] Polling thread error: PLC disconnected: timed out
2026-02-08 19:39:45,435 [ERROR] Polling thread error: PLC disconnected: timed out
2026-02-08 19:39:48,515 [ERROR] Polling thread error: PLC disconnected: timed out
2026-02-08 19:39:51,595 [ERROR] Polling thread error: PLC disconnected: timed out
2026-02-08 19:39:54,674 [ERROR] Polling thread error: PLC disconnected: timed out
2026-02-08 19:39:57,751 [ERROR] Polling thread error: PLC disconnected: timed out
2026-02-08 19:40:00,831 [ERROR] Polling thread error: PLC disconnected: timed out
2026-02-08 19:40:03,912 [ERROR] Polling thread error: PLC disconnected: timed out
2026-02-08 19:40:06,994 [ERROR] Polling thread error: PLC disconnected: timed out
2026-02-08 19:40:10,071 [ERROR] Polling thread error: PLC disconnected: timed out
2026-02-08 19:40:13,153 [ERROR] Polling thread error: PLC disconnected: timed out
2026-02-08 19:40:16,231 [ERROR] Polling thread error: PLC disconnected: timed out
2026-02-08 19:40:19,308 [ERROR] Polling thread error: PLC disconnected: timed out
2026-02-08 19:40:22,386 [ERROR] Polling thread error: PLC disconnected: timed out
2026-02-08 19:40:25,464 [ERROR] Polling thread error: PLC disconnected: timed out
2026-02-08 19:40:28,544 [ERROR] Polling thread error: PLC disconnected: timed out
2026-02-08 19:40:31,622 [ERROR] Polling thread error: PLC disconnected: timed out
2026-02-08 19:40:34,703 [ERROR] Polling thread error: PLC disconnected: timed out
2026-02-08 19:40:37,782 [ERROR] Polling thread error: PLC disconnected: timed out
2026-02-08 19:40:40,860 [ERROR] Polling thread error: PLC disconnected: timed out
2026-02-08 19:40:43,938 [ERROR] Polling thread error: PLC disconnected: timed out
2026-02-08 19:40:47,017 [ERROR] Polling thread error: PLC disconnected: timed out
2026-02-08 19:40:50,096 [ERROR] Polling thread error: PLC disconnected: timed out
2026-02-08 19:40:53,175 [ERROR] Polling thread error: PLC disconnected: timed out
2026-02-08 19:40:56,253 [ERROR] Polling thread error: PLC disconnected: timed out
2026-02-08 19:40:59,336 [ERROR] Polling thread error: PLC disconnected: timed out
2026-02-08 19:41:02,419 [ERROR] Polling thread error: PLC disconnected: timed out
2026-02-08 19:41:05,501 [ERROR] Polling thread error: PLC disconnected: timed out
2026-02-08 19:41:08,584 [ERROR] Polling thread error: PLC disconnected: timed out
2026-02-08 19:41:11,663 [ERROR] Polling thread error: PLC disconnected: timed out
2026-02-08 19:41:14,741 [ERROR] Polling thread error: PLC disconnected: timed out
2026-02-08 19:41:17,833 [ERROR] Polling thread error: PLC disconnected: timed out
2026-02-08 19:41:20,911 [ERROR] Polling thread error: PLC disconnected: timed out
2026-02-08 19:41:23,990 [ERROR] Polling thread error: PLC disconnected: timed out
2026-02-08 19:41:27,067 [ERROR] Polling thread error: PLC disconnected: timed out
2026-02-08 19:41:30,148 [ERROR] Polling thread error: PLC disconnected: timed out
2026-02-08 19:41:33,227 [ERROR] Polling thread error: PLC disconnected: timed out
2026-02-08 19:41:36,306 [ERROR] Polling thread error: PLC disconnected: timed out
2026-02-08 19:41:39,386 [ERROR] Polling thread error: PLC disconnected: timed out
2026-02-08 19:41:42,468 [ERROR] Polling thread error: PLC disconnected: timed out
2026-02-08 19:41:45,547 [ERROR] Polling thread error: PLC disconnected: timed out
2026-02-08 19:41:48,627 [ERROR] Polling thread error: PLC disconnected: timed out
2026-02-08 19:41:51,704 [ERROR] Polling thread error: PLC disconnected: timed out
2026-02-08 19:41:54,782 [ERROR] Polling thread error: PLC disconnected: timed out
2026-02-08 19:41:57,862 [ERROR] Polling thread error: PLC disconnected: timed out
2026-02-08 19:42:00,942 [ERROR] Polling thread error: PLC disconnected: timed out
2026-02-08 19:42:04,021 [ERROR] Polling thread error: PLC disconnected: timed out
2026-02-08 19:42:07,099 [ERROR] Polling thread error: PLC disconnected: timed out
2026-02-08 19:42:10,177 [ERROR] Polling thread error: PLC disconnected: timed out
2026-02-08 19:42:13,256 [ERROR] Polling thread error: PLC disconnected: timed out
2026-02-08 19:42:16,334 [ERROR] Polling thread error: PLC disconnected: timed out
2026-02-08 19:42:19,412 [ERROR] Polling thread error: PLC disconnected: timed out
2026-02-08 19:42:22,491 [ERROR] Polling thread error: PLC disconnected: timed out
2026-02-08 19:42:25,568 [ERROR] Polling thread error: PLC disconnected: timed out
2026-02-08 19:42:28,649 [ERROR] Polling thread error: PLC disconnected: timed out
2026-02-08 19:42:31,727 [ERROR] Polling thread error: PLC disconnected: timed out
2026-02-08 19:42:34,805 [ERROR] Polling thread error: PLC disconnected: timed out
2026-02-08 19:42:37,885 [ERROR] Polling thread error: PLC disconnected: timed out
2026-02-08 19:42:40,965 [ERROR] Polling thread error: PLC disconnected: timed out
2026-02-08 19:42:44,043 [ERROR] Polling thread error: PLC disconnected: timed out
2026-02-08 19:42:47,121 [ERROR] Polling thread error: PLC disconnected: timed out
2026-02-08 19:42:50,199 [ERROR] Polling thread error: PLC disconnected: timed out
2026-02-08 19:42:53,282 [ERROR] Polling thread error: PLC disconnected: timed out
2026-02-08 19:42:56,360 [ERROR] Polling thread error: PLC disconnected: timed out
2026-02-08 19:42:59,439 [ERROR] Polling thread error: PLC disconnected: timed out
2026-02-08 19:43:02,519 [ERROR] Polling thread error: PLC disconnected: timed out
2026-02-08 19:43:05,600 [ERROR] Polling thread error: PLC disconnected: timed out
2026-02-08 19:43:08,684 [ERROR] Polling thread error: PLC disconnected: timed out
2026-02-08 19:43:11,762 [ERROR] Polling thread error: PLC disconnected: timed out
2026-02-08 19:43:14,841 [ERROR] Polling thread error: PLC disconnected: timed out
2026-02-08 19:43:17,922 [ERROR] Polling thread error: PLC disconnected: timed out
2026-02-08 19:43:20,999 [ERROR] Polling thread error: PLC disconnected: timed out
2026-02-08 19:43:24,077 [ERROR] Polling thread error: PLC disconnected: timed out
2026-02-08 19:43:27,156 [ERROR] Polling thread error: PLC disconnected: timed out
2026-02-08 19:43:30,237 [ERROR] Polling thread error: PLC disconnected: timed out
2026-02-08 19:43:33,316 [ERROR] Polling thread error: PLC disconnected: timed out
2026-02-08 19:43:36,397 [ERROR] Polling thread error: PLC disconnected: timed out
2026-02-08 19:43:39,477 [ERROR] Polling thread error: PLC disconnected: timed out
2026-02-08 19:43:42,555 [ERROR] Polling thread error: PLC disconnected: timed out
2026-02-08 19:43:45,634 [ERROR] Polling thread error: PLC disconnected: timed out
2026-02-08 19:43:48,717 [ERROR] Polling thread error: PLC disconnected: timed out
2026-02-08 19:43:51,795 [ERROR] Polling thread error: PLC disconnected: timed out
2026-02-08 19:43:54,874 [ERROR] Polling thread error: PLC disconnected: timed out
2026-02-08 19:43:57,953 [ERROR] Polling thread error: PLC disconnected: timed out
2026-02-08 19:44:01,032 [ERROR] Polling thread error: PLC disconnected: timed out
2026-02-08 19:44:04,109 [ERROR] Polling thread error: PLC disconnected: timed out
2026-02-08 19:44:07,187 [ERROR] Polling thread error: PLC disconnected: timed out
2026-02-08 19:44:10,269 [ERROR] Polling thread error: PLC disconnected: timed out
2026-02-08 19:44:19,785 [WARNING] [Inference] TensorRT or cuda-python not installed: No module named 'tensorrt'
2026-02-08 19:44:20,404 [INFO] [Inference] Using GPU
2026-02-08 19:44:20,405 [INFO] [Inference] Loading OpenVINO model from C:\MyStuff\VS\MECup\backend\inference\openvino_model\model.xml
2026-02-08 19:44:21,766 [INFO] [Inference] Using OpenVINO backend on GPU
2026-02-08 19:44:21,945 [INFO] [Inference] Model ready (openvino)
2026-02-08 19:44:23,981 [ERROR] Polling thread error: PLC disconnected: timed out
2026-02-08 19:44:24,100 [WARNING] [Inference] TensorRT or cuda-python not installed: No module named 'tensorrt'
2026-02-08 19:44:24,585 [INFO] [Inference] Using GPU
2026-02-08 19:44:24,585 [INFO] [Inference] Loading OpenVINO model from C:\MyStuff\VS\MECup\backend\inference\openvino_model\model.xml
2026-02-08 19:44:25,942 [INFO] [Inference] Using OpenVINO backend on GPU
2026-02-08 19:44:26,121 [INFO] [Inference] Model ready (openvino)
2026-02-08 19:44:27,057 [ERROR] Polling thread error: PLC disconnected: timed out
2026-02-08 19:44:30,135 [ERROR] Polling thread error: PLC disconnected: timed out
2026-02-08 19:44:33,214 [ERROR] Polling thread error: PLC disconnected: timed out
2026-02-08 19:44:36,292 [ERROR] Polling thread error: PLC disconnected: timed out
2026-02-08 19:50:21,763 [WARNING] [Inference] TensorRT or cuda-python not installed: No module named 'tensorrt'
2026-02-08 19:50:22,301 [INFO] [Inference] Using GPU
2026-02-08 19:50:22,302 [INFO] [Inference] Loading OpenVINO model from C:\MyStuff\VS\MECup\backend\inference\openvino_model\model.xml
2026-02-08 19:50:23,865 [INFO] [Inference] Using OpenVINO backend on GPU
2026-02-08 19:50:24,090 [INFO] [Inference] Model ready (openvino)
2026-02-08 19:50:26,126 [ERROR] Polling thread error: PLC disconnected: timed out
2026-02-08 19:50:26,620 [WARNING] [Inference] TensorRT or cuda-python not installed: No module named 'tensorrt'
2026-02-08 19:50:27,187 [INFO] [Inference] Using GPU
2026-02-08 19:50:27,188 [INFO] [Inference] Loading OpenVINO model from C:\MyStuff\VS\MECup\backend\inference\openvino_model\model.xml
2026-02-08 19:50:29,139 [INFO] [Inference] Using OpenVINO backend on GPU
2026-02-08 19:50:29,204 [ERROR] Polling thread error: PLC disconnected: timed out
2026-02-08 19:50:29,345 [INFO] [Inference] Model ready (openvino)
2026-02-08 19:50:32,284 [ERROR] Polling thread error: PLC disconnected: timed out
2026-02-08 19:50:35,364 [ERROR] Polling thread error: PLC disconnected: timed out
2026-02-08 19:50:38,450 [ERROR] Polling thread error: PLC disconnected: timed out
2026-02-08 19:50:41,534 [ERROR] Polling thread error: PLC disconnected: timed out
2026-02-08 19:50:44,613 [ERROR] Polling thread error: PLC disconnected: timed out
2026-02-08 19:50:47,692 [ERROR] Polling thread error: PLC disconnected: timed out
2026-02-08 19:50:50,770 [ERROR] Polling thread error: PLC disconnected: timed out
2026-02-08 19:50:53,852 [ERROR] Polling thread error: PLC disconnected: timed out
2026-02-08 19:50:56,932 [ERROR] Polling thread error: PLC disconnected: timed out
2026-02-08 19:51:00,011 [ERROR] Polling thread error: PLC disconnected: timed out
2026-02-08 19:51:03,090 [ERROR] Polling thread error: PLC disconnected: timed out
2026-02-08 19:51:06,171 [ERROR] Polling thread error: PLC disconnected: timed out
2026-02-08 19:51:09,249 [ERROR] Polling thread error: PLC disconnected: timed out
2026-02-08 19:51:12,327 [ERROR] Polling thread error: PLC disconnected: timed out
2026-02-08 19:51:15,405 [ERROR] Polling thread error: PLC disconnected: timed out
2026-02-08 19:51:18,484 [ERROR] Polling thread error: PLC disconnected: timed out
2026-02-08 19:51:21,562 [ERROR] Polling thread error: PLC disconnected: timed out
2026-02-08 19:51:24,640 [ERROR] Polling thread error: PLC disconnected: timed out
2026-02-08 19:51:27,718 [ERROR] Polling thread error: PLC disconnected: timed out
2026-02-08 19:51:30,797 [ERROR] Polling thread error: PLC disconnected: timed out
2026-02-08 19:51:33,875 [ERROR] Polling thread error: PLC disconnected: timed out
2026-02-08 19:51:36,956 [ERROR] Polling thread error: PLC disconnected: timed out
2026-02-08 19:51:40,035 [ERROR] Polling thread error: PLC disconnected: timed out
2026-02-08 19:51:43,113 [ERROR] Polling thread error: PLC disconnected: timed out
2026-02-08 19:51:46,191 [ERROR] Polling thread error: PLC disconnected: timed out
2026-02-08 19:51:49,271 [ERROR] Polling thread error: PLC disconnected: timed out
2026-02-08 19:51:52,351 [ERROR] Polling thread error: PLC disconnected: timed out
2026-02-08 19:51:55,435 [ERROR] Polling thread error: PLC disconnected: timed out
2026-02-08 19:51:58,517 [ERROR] Polling thread error: PLC disconnected: timed out
2026-02-08 19:52:01,599 [ERROR] Polling thread error: PLC disconnected: timed out
2026-02-08 19:52:04,681 [ERROR] Polling thread error: PLC disconnected: timed out
2026-02-08 19:52:07,763 [ERROR] Polling thread error: PLC disconnected: timed out
2026-02-08 19:52:10,844 [ERROR] Polling thread error: PLC disconnected: timed out
2026-02-08 19:52:13,923 [ERROR] Polling thread error: PLC disconnected: timed out
2026-02-08 19:52:17,002 [ERROR] Polling thread error: PLC disconnected: timed out
2026-02-08 19:52:20,081 [ERROR] Polling thread error: PLC disconnected: timed out
2026-02-08 19:52:23,160 [ERROR] Polling thread error: PLC disconnected: timed out
2026-02-08 19:52:26,239 [ERROR] Polling thread error: PLC disconnected: timed out
2026-02-08 19:52:29,318 [ERROR] Polling thread error: PLC disconnected: timed out
2026-02-08 19:52:32,396 [ERROR] Polling thread error: PLC disconnected: timed out
2026-02-08 19:52:35,476 [ERROR] Polling thread error: PLC disconnected: timed out
2026-02-08 19:52:38,555 [ERROR] Polling thread error: PLC disconnected: timed out
2026-02-08 19:52:41,636 [ERROR] Polling thread error: PLC disconnected: timed out
2026-02-08 19:52:44,716 [ERROR] Polling thread error: PLC disconnected: timed out
2026-02-08 19:52:47,800 [ERROR] Polling thread error: PLC disconnected: timed out
2026-02-08 19:52:50,879 [ERROR] Polling thread error: PLC disconnected: timed out
2026-02-08 19:52:53,960 [ERROR] Polling thread error: PLC disconnected: timed out
2026-02-08 19:52:57,039 [ERROR] Polling thread error: PLC disconnected: timed out
2026-02-08 19:53:00,119 [ERROR] Polling thread error: PLC disconnected: timed out
2026-02-08 19:53:03,197 [ERROR] Polling thread error: PLC disconnected: timed out
2026-02-08 19:53:06,276 [ERROR] Polling thread error: PLC disconnected: timed out
2026-02-08 19:53:09,355 [ERROR] Polling thread error: PLC disconnected: timed out
2026-02-08 19:53:12,433 [ERROR] Polling thread error: PLC disconnected: timed out
2026-02-08 19:53:15,514 [ERROR] Polling thread error: PLC disconnected: timed out
2026-02-08 19:53:18,594 [ERROR] Polling thread error: PLC disconnected: timed out
2026-02-08 19:53:21,673 [ERROR] Polling thread error: PLC disconnected: timed out
2026-02-08 19:53:24,750 [ERROR] Polling thread error: PLC disconnected: timed out
2026-02-08 19:53:27,829 [ERROR] Polling thread error: PLC disconnected: timed out
2026-02-08 19:53:30,908 [ERROR] Polling thread error: PLC disconnected: timed out
2026-02-08 19:53:33,989 [ERROR] Polling thread error: PLC disconnected: timed out
2026-02-08 19:53:37,072 [ERROR] Polling thread error: PLC disconnected: timed out
2026-02-08 19:53:40,150 [ERROR] Polling thread error: PLC disconnected: timed out
2026-02-08 19:53:43,228 [ERROR] Polling thread error: PLC disconnected: timed out
2026-02-08 19:53:46,307 [ERROR] Polling thread error: PLC disconnected: timed out
2026-02-08 19:53:49,386 [ERROR] Polling thread error: PLC disconnected: timed out
2026-02-08 19:53:52,464 [ERROR] Polling thread error: PLC disconnected: timed out
2026-02-08 19:53:55,543 [ERROR] Polling thread error: PLC disconnected: timed out
2026-02-08 19:53:58,626 [ERROR] Polling thread error: PLC disconnected: timed out
2026-02-08 19:54:01,705 [ERROR] Polling thread error: PLC disconnected: timed out
2026-02-08 19:54:04,784 [ERROR] Polling thread error: PLC disconnected: timed out
2026-02-08 19:54:07,865 [ERROR] Polling thread error: PLC disconnected: timed out
2026-02-08 19:54:10,943 [ERROR] Polling thread error: PLC disconnected: timed out
2026-02-08 19:54:14,021 [ERROR] Polling thread error: PLC disconnected: timed out
2026-02-08 19:54:17,099 [ERROR] Polling thread error: PLC disconnected: timed out
2026-02-08 19:54:20,178 [ERROR] Polling thread error: PLC disconnected: timed out
2026-02-08 19:54:23,257 [ERROR] Polling thread error: PLC disconnected: timed out
2026-02-08 19:54:26,335 [ERROR] Polling thread error: PLC disconnected: timed out
2026-02-08 19:54:29,418 [ERROR] Polling thread error: PLC disconnected: timed out
2026-02-08 19:54:32,505 [ERROR] Polling thread error: PLC disconnected: timed out
2026-02-08 19:54:35,583 [ERROR] Polling thread error: PLC disconnected: timed out
2026-02-08 19:54:38,662 [ERROR] Polling thread error: PLC disconnected: timed out
2026-02-08 19:54:41,742 [ERROR] Polling thread error: PLC disconnected: timed out
2026-02-08 19:54:44,821 [ERROR] Polling thread error: PLC disconnected: timed out
2026-02-08 19:54:47,901 [ERROR] Polling thread error: PLC disconnected: timed out
2026-02-08 19:54:50,982 [ERROR] Polling thread error: PLC disconnected: timed out
2026-02-08 19:54:54,067 [ERROR] Polling thread error: PLC disconnected: timed out
2026-02-08 19:54:57,146 [ERROR] Polling thread error: PLC disconnected: timed out
2026-02-08 19:55:00,226 [ERROR] Polling thread error: PLC disconnected: timed out
2026-02-08 19:55:03,306 [ERROR] Polling thread error: PLC disconnected: timed out
2026-02-08 19:55:06,391 [ERROR] Polling thread error: PLC disconnected: timed out
2026-02-08 19:55:09,471 [ERROR] Polling thread error: PLC disconnected: timed out
2026-02-08 19:55:12,550 [ERROR] Polling thread error: PLC disconnected: timed out
2026-02-08 19:55:15,635 [ERROR] Polling thread error: PLC disconnected: timed out
2026-02-08 19:55:18,714 [ERROR] Polling thread error: PLC disconnected: timed out
2026-02-08 19:55:21,797 [ERROR] Polling thread error: PLC disconnected: timed out
2026-02-08 19:55:24,879 [ERROR] Polling thread error: PLC disconnected: timed out
2026-02-08 19:55:27,957 [ERROR] Polling thread error: PLC disconnected: timed out
2026-02-08 19:55:31,036 [ERROR] Polling thread error: PLC disconnected: timed out
2026-02-08 19:55:34,116 [ERROR] Polling thread error: PLC disconnected: timed out
2026-02-08 19:55:37,195 [ERROR] Polling thread error: PLC disconnected: timed out
2026-02-08 19:55:40,274 [ERROR] Polling thread error: PLC disconnected: timed out
2026-02-08 19:55:43,352 [ERROR] Polling thread error: PLC disconnected: timed out
2026-02-08 19:55:46,429 [ERROR] Polling thread error: PLC disconnected: timed out
2026-02-08 19:55:49,509 [ERROR] Polling thread error: PLC disconnected: timed out
2026-02-08 19:55:52,588 [ERROR] Polling thread error: PLC disconnected: timed out
2026-02-08 19:55:55,667 [ERROR] Polling thread error: PLC disconnected: timed out
2026-02-08 19:55:58,748 [ERROR] Polling thread error: PLC disconnected: timed out
2026-02-08 19:56:01,827 [ERROR] Polling thread error: PLC disconnected: timed out
2026-02-08 20:00:42,693 [ERROR] Polling thread error: PLC disconnected: timed out
2026-02-08 20:00:45,773 [ERROR] Polling thread error: PLC disconnected: timed out
2026-02-08 20:00:48,851 [ERROR] Polling thread error: PLC disconnected: timed out
2026-02-08 20:00:51,930 [ERROR] Polling thread error: PLC disconnected: timed out
2026-02-08 20:00:55,010 [ERROR] Polling thread error: PLC disconnected: timed out
2026-02-08 20:03:43,008 [ERROR] Polling thread error: PLC disconnected: timed out
2026-02-08 20:03:46,087 [ERROR] Polling thread error: PLC disconnected: timed out
2026-02-08 20:03:49,165 [ERROR] Polling thread error: PLC disconnected: timed out
2026-02-08 20:03:52,242 [ERROR] Polling thread error: PLC disconnected: timed out
2026-02-08 20:03:55,321 [ERROR] Polling thread error: PLC disconnected: timed out
2026-02-08 20:03:58,401 [ERROR] Polling thread error: PLC disconnected: timed out
2026-02-08 20:04:01,479 [ERROR] Polling thread error: PLC disconnected: timed out
2026-02-08 20:04:04,556 [ERROR] Polling thread error: PLC disconnected: timed out
2026-02-08 20:04:07,638 [ERROR] Polling thread error: PLC disconnected: timed out
2026-02-08 20:04:10,715 [ERROR] Polling thread error: PLC disconnected: timed out
2026-02-08 20:04:13,794 [ERROR] Polling thread error: PLC disconnected: timed out
2026-02-08 20:04:16,872 [ERROR] Polling thread error: PLC disconnected: timed out
2026-02-08 20:04:19,953 [ERROR] Polling thread error: PLC disconnected: timed out
2026-02-08 20:04:23,032 [ERROR] Polling thread error: PLC disconnected: timed out
2026-02-08 20:04:26,115 [ERROR] Polling thread error: PLC disconnected: timed out
2026-02-08 20:04:29,194 [ERROR] Polling thread error: PLC disconnected: timed out
2026-02-08 20:04:32,276 [ERROR] Polling thread error: PLC disconnected: timed out
2026-02-08 20:04:35,355 [ERROR] Polling thread error: PLC disconnected: timed out
2026-02-08 20:04:38,437 [ERROR] Polling thread error: PLC disconnected: timed out
2026-02-08 20:04:41,520 [ERROR] Polling thread error: PLC disconnected: timed out
2026-02-08 20:04:44,598 [ERROR] Polling thread error: PLC disconnected: timed out
2026-02-08 20:04:47,686 [ERROR] Polling thread error: PLC disconnected: timed out
2026-02-08 20:04:50,765 [ERROR] Polling thread error: PLC disconnected: timed out
2026-02-08 20:04:53,845 [ERROR] Polling thread error: PLC disconnected: timed out
2026-02-08 20:04:56,923 [ERROR] Polling thread error: PLC disconnected: timed out
2026-02-08 20:05:00,003 [ERROR] Polling thread error: PLC disconnected: timed out
2026-02-08 20:05:03,081 [ERROR] Polling thread error: PLC disconnected: timed out
2026-02-08 20:05:06,162 [ERROR] Polling thread error: PLC disconnected: timed out
2026-02-08 20:05:09,244 [ERROR] Polling thread error: PLC disconnected: timed out
2026-02-08 20:05:12,323 [ERROR] Polling thread error: PLC disconnected: timed out
2026-02-08 20:05:15,403 [ERROR] Polling thread error: PLC disconnected: timed out
2026-02-08 20:05:18,484 [ERROR] Polling thread error: PLC disconnected: timed out
2026-02-08 20:05:21,563 [ERROR] Polling thread error: PLC disconnected: timed out
2026-02-08 20:05:24,642 [ERROR] Polling thread error: PLC disconnected: timed out
2026-02-08 20:05:27,723 [ERROR] Polling thread error: PLC disconnected: timed out
2026-02-08 20:05:30,802 [ERROR] Polling thread error: PLC disconnected: timed out
2026-02-08 20:05:33,885 [ERROR] Polling thread error: PLC disconnected: timed out
2026-02-08 20:05:36,964 [ERROR] Polling thread error: PLC disconnected: timed out
2026-02-08 20:05:40,042 [ERROR] Polling thread error: PLC disconnected: timed out
2026-02-08 20:05:43,121 [ERROR] Polling thread error: PLC disconnected: timed out
2026-02-08 20:05:46,202 [ERROR] Polling thread error: PLC disconnected: timed out
2026-02-08 20:12:36,015 [ERROR] Polling thread error: PLC disconnected: timed out
2026-02-08 20:12:39,092 [ERROR] Polling thread error: PLC disconnected: timed out
2026-02-08 20:12:42,170 [ERROR] Polling thread error: PLC disconnected: timed out
2026-02-08 20:12:45,248 [ERROR] Polling thread error: PLC disconnected: timed out
2026-02-08 20:12:48,324 [ERROR] Polling thread error: PLC disconnected: timed out
2026-02-08 20:12:51,403 [ERROR] Polling thread error: PLC disconnected: timed out
2026-02-08 20:12:54,482 [ERROR] Polling thread error: PLC disconnected: timed out
2026-02-08 20:12:57,562 [ERROR] Polling thread error: PLC disconnected: timed out
2026-02-08 20:13:00,644 [ERROR] Polling thread error: PLC disconnected: timed out
2026-02-08 20:13:03,723 [ERROR] Polling thread error: PLC disconnected: timed out
2026-02-08 20:13:06,802 [ERROR] Polling thread error: PLC disconnected: timed out
2026-02-08 20:13:09,879 [ERROR] Polling thread error: PLC disconnected: timed out
2026-02-08 20:13:12,957 [ERROR] Polling thread error: PLC disconnected: timed out
2026-02-08 20:13:16,037 [ERROR] Polling thread error: PLC disconnected: timed out
2026-02-08 20:13:19,117 [ERROR] Polling thread error: PLC disconnected: timed out
2026-02-08 20:13:22,196 [ERROR] Polling thread error: PLC disconnected: timed out
2026-02-08 20:13:25,274 [ERROR] Polling thread error: PLC disconnected: timed out
2026-02-08 20:13:28,354 [ERROR] Polling thread error: PLC disconnected: timed out
2026-02-08 20:13:31,435 [ERROR] Polling thread error: PLC disconnected: timed out
2026-02-08 20:13:34,516 [ERROR] Polling thread error: PLC disconnected: timed out
2026-02-08 20:13:37,598 [ERROR] Polling thread error: PLC disconnected: timed out
2026-02-08 20:13:40,689 [ERROR] Polling thread error: PLC disconnected: timed out
2026-02-08 20:13:43,769 [ERROR] Polling thread error: PLC disconnected: timed out
2026-02-08 20:13:46,849 [ERROR] Polling thread error: PLC disconnected: timed out
2026-02-08 20:13:49,932 [ERROR] Polling thread error: PLC disconnected: timed out
2026-02-08 20:13:53,012 [ERROR] Polling thread error: PLC disconnected: timed out
2026-02-08 20:13:56,092 [ERROR] Polling thread error: PLC disconnected: timed out
2026-02-08 20:13:59,171 [ERROR] Polling thread error: PLC disconnected: timed out
2026-02-08 20:14:02,252 [ERROR] Polling thread error: PLC disconnected: timed out
2026-02-08 20:14:05,329 [ERROR] Polling thread error: PLC disconnected: timed out
2026-02-08 20:14:08,408 [ERROR] Polling thread error: PLC disconnected: timed out
2026-02-08 20:14:11,490 [ERROR] Polling thread error: PLC disconnected: timed out
2026-02-08 20:14:14,570 [ERROR] Polling thread error: PLC disconnected: timed out
2026-02-08 20:14:17,651 [ERROR] Polling thread error: PLC disconnected: timed out
2026-02-08 20:14:20,730 [ERROR] Polling thread error: PLC disconnected: timed out
2026-02-08 20:14:23,809 [ERROR] Polling thread error: PLC disconnected: timed out
2026-02-08 20:14:26,889 [ERROR] Polling thread error: PLC disconnected: timed out
2026-02-08 20:14:29,969 [ERROR] Polling thread error: PLC disconnected: timed out
2026-02-08 20:14:33,050 [ERROR] Polling thread error: PLC disconnected: timed out
2026-02-08 20:14:36,129 [ERROR] Polling thread error: PLC disconnected: timed out
2026-02-08 20:14:39,207 [ERROR] Polling thread error: PLC disconnected: timed out
2026-02-08 20:14:42,285 [ERROR] Polling thread error: PLC disconnected: timed out
2026-02-08 20:14:45,363 [ERROR] Polling thread error: PLC disconnected: timed out
2026-02-08 20:14:48,441 [ERROR] Polling thread error: PLC disconnected: timed out
2026-02-08 20:14:51,522 [ERROR] Polling thread error: PLC disconnected: timed out
2026-02-08 20:14:54,600 [ERROR] Polling thread error: PLC disconnected: timed out
2026-02-08 20:14:57,680 [ERROR] Polling thread error: PLC disconnected: timed out
2026-02-08 20:15:00,759 [ERROR] Polling thread error: PLC disconnected: timed out
2026-02-08 20:15:03,844 [ERROR] Polling thread error: PLC disconnected: timed out
2026-02-08 20:15:06,924 [ERROR] Polling thread error: PLC disconnected: timed out
2026-02-08 20:15:10,002 [ERROR] Polling thread error: PLC disconnected: timed out
2026-02-08 20:15:13,083 [ERROR] Polling thread error: PLC disconnected: timed out
2026-02-08 20:15:16,165 [ERROR] Polling thread error: PLC disconnected: timed out
2026-02-08 20:15:19,244 [ERROR] Polling thread error: PLC disconnected: timed out
2026-02-08 20:15:22,325 [ERROR] Polling thread error: PLC disconnected: timed out
2026-02-08 20:15:25,402 [ERROR] Polling thread error: PLC disconnected: timed out
2026-02-08 20:15:28,483 [ERROR] Polling thread error: PLC disconnected: timed out
2026-02-08 20:15:31,564 [ERROR] Polling thread error: PLC disconnected: timed out
2026-02-08 20:15:34,644 [ERROR] Polling thread error: PLC disconnected: timed out
2026-02-08 20:15:37,723 [ERROR] Polling thread error: PLC disconnected: timed out
2026-02-08 20:15:40,801 [ERROR] Polling thread error: PLC disconnected: timed out
2026-02-08 20:15:43,894 [ERROR] Polling thread error: PLC disconnected: timed out
2026-02-08 20:15:46,971 [ERROR] Polling thread error: PLC disconnected: timed out
2026-02-08 20:15:50,050 [ERROR] Polling thread error: PLC disconnected: timed out
2026-02-08 20:15:53,129 [ERROR] Polling thread error: PLC disconnected: timed out
2026-02-08 20:15:56,209 [ERROR] Polling thread error: PLC disconnected: timed out
2026-02-08 20:15:59,287 [ERROR] Polling thread error: PLC disconnected: timed out
2026-02-08 20:16:02,365 [ERROR] Polling thread error: PLC disconnected: timed out
2026-02-08 20:16:05,443 [ERROR] Polling thread error: PLC disconnected: timed out
2026-02-08 20:16:08,521 [ERROR] Polling thread error: PLC disconnected: timed out
2026-02-08 20:16:11,599 [ERROR] Polling thread error: PLC disconnected: timed out
2026-02-08 20:16:14,678 [ERROR] Polling thread error: PLC disconnected: timed out
2026-02-08 20:16:17,758 [ERROR] Polling thread error: PLC disconnected: timed out
2026-02-08 20:16:20,836 [ERROR] Polling thread error: PLC disconnected: timed out
2026-02-08 20:16:23,915 [ERROR] Polling thread error: PLC disconnected: timed out
2026-02-08 20:16:26,994 [ERROR] Polling thread error: PLC disconnected: timed out
2026-02-08 20:16:30,073 [ERROR] Polling thread error: PLC disconnected: timed out
2026-02-08 20:16:33,152 [ERROR] Polling thread error: PLC disconnected: timed out
2026-02-08 20:16:36,232 [ERROR] Polling thread error: PLC disconnected: timed out
2026-02-08 20:16:39,312 [ERROR] Polling thread error: PLC disconnected: timed out
2026-02-08 20:16:42,392 [ERROR] Polling thread error: PLC disconnected: timed out
2026-02-08 20:16:45,473 [ERROR] Polling thread error: PLC disconnected: timed out
2026-02-08 20:16:48,552 [ERROR] Polling thread error: PLC disconnected: timed out
2026-02-08 20:16:51,631 [ERROR] Polling thread error: PLC disconnected: timed out
2026-02-08 20:16:54,712 [ERROR] Polling thread error: PLC disconnected: timed out
2026-02-08 20:16:57,792 [ERROR] Polling thread error: PLC disconnected: timed out
2026-02-08 20:17:00,872 [ERROR] Polling thread error: PLC disconnected: timed out
2026-02-08 20:17:03,950 [ERROR] Polling thread error: PLC disconnected: timed out
2026-02-08 20:17:07,030 [ERROR] Polling thread error: PLC disconnected: timed out
2026-02-08 20:17:10,109 [ERROR] Polling thread error: PLC disconnected: timed out
2026-02-08 20:17:13,187 [ERROR] Polling thread error: PLC disconnected: timed out
2026-02-08 20:17:16,265 [ERROR] Polling thread error: PLC disconnected: timed out
2026-02-08 20:17:19,345 [ERROR] Polling thread error: PLC disconnected: timed out
2026-02-08 20:17:22,425 [ERROR] Polling thread error: PLC disconnected: timed out
2026-02-08 20:17:25,503 [ERROR] Polling thread error: PLC disconnected: timed out
2026-02-08 20:17:28,584 [ERROR] Polling thread error: PLC disconnected: timed out
2026-02-08 20:17:31,661 [ERROR] Polling thread error: PLC disconnected: timed out
2026-02-08 20:17:34,742 [ERROR] Polling thread error: PLC disconnected: timed out
2026-02-08 20:17:37,821 [ERROR] Polling thread error: PLC disconnected: timed out
2026-02-08 20:17:40,901 [ERROR] Polling thread error: PLC disconnected: timed out
2026-02-08 20:17:43,979 [ERROR] Polling thread error: PLC disconnected: timed out
2026-02-08 20:17:47,057 [ERROR] Polling thread error: PLC disconnected: timed out
2026-02-08 20:17:50,136 [ERROR] Polling thread error: PLC disconnected: timed out
2026-02-08 20:17:53,215 [ERROR] Polling thread error: PLC disconnected: timed out
2026-02-08 20:17:56,295 [ERROR] Polling thread error: PLC disconnected: timed out
2026-02-08 20:17:59,374 [ERROR] Polling thread error: PLC disconnected: timed out
2026-02-08 20:18:02,453 [ERROR] Polling thread error: PLC disconnected: timed out
2026-02-08 20:18:05,532 [ERROR] Polling thread error: PLC disconnected: timed out
2026-02-08 20:18:08,613 [ERROR] Polling thread error: PLC disconnected: timed out
2026-02-08 20:18:11,691 [ERROR] Polling thread error: PLC disconnected: timed out
2026-02-08 20:18:14,769 [ERROR] Polling thread error: PLC disconnected: timed out
2026-02-08 20:18:17,848 [ERROR] Polling thread error: PLC disconnected: timed out
2026-02-08 20:18:20,926 [ERROR] Polling thread error: PLC disconnected: timed out
2026-02-08 20:18:24,007 [ERROR] Polling thread error: PLC disconnected: timed out
2026-02-08 20:18:27,087 [ERROR] Polling thread error: PLC disconnected: timed out
2026-02-08 20:18:30,176 [ERROR] Polling thread error: PLC disconnected: timed out
2026-02-08 20:18:33,256 [ERROR] Polling thread error: PLC disconnected: timed out
2026-02-08 20:18:36,334 [ERROR] Polling thread error: PLC disconnected: timed out
2026-02-08 20:18:39,412 [ERROR] Polling thread error: PLC disconnected: timed out
2026-02-08 20:18:42,491 [ERROR] Polling thread error: PLC disconnected: timed out
2026-02-08 20:18:45,568 [ERROR] Polling thread error: PLC disconnected: timed out
2026-02-08 20:18:48,648 [ERROR] Polling thread error: PLC disconnected: timed out
2026-02-08 20:18:51,725 [ERROR] Polling thread error: PLC disconnected: timed out
2026-02-08 20:18:54,808 [ERROR] Polling thread error: PLC disconnected: timed out
2026-02-08 20:18:57,912 [ERROR] Polling thread error: PLC disconnected: timed out
2026-02-08 20:19:01,011 [ERROR] Polling thread error: PLC disconnected: timed out
2026-02-08 20:19:04,112 [ERROR] Polling thread error: PLC disconnected: timed out
2026-02-08 20:19:07,211 [ERROR] Polling thread error: PLC disconnected: timed out
2026-02-08 20:19:10,301 [ERROR] Polling thread error: PLC disconnected: timed out
2026-02-08 20:19:13,398 [ERROR] Polling thread error: PLC disconnected: timed out
2026-02-08 20:19:16,476 [ERROR] Polling thread error: PLC disconnected: timed out
2026-02-08 21:30:45,652 [WARNING] [Inference] TensorRT or cuda-python not installed: No module named 'tensorrt'
2026-02-08 21:30:46,248 [INFO] [Inference] Using GPU
2026-02-08 21:30:46,248 [INFO] [Inference] Loading OpenVINO model from C:\MyStuff\VS\MECup\backend\inference\openvino_model\model.xml
2026-02-08 21:30:47,734 [INFO] [Inference] Using OpenVINO backend on GPU
2026-02-08 21:30:47,943 [INFO] [Inference] Model ready (openvino)
2026-02-08 21:30:49,986 [ERROR] Polling thread error: PLC disconnected: timed out
2026-02-08 21:30:50,108 [WARNING] [Inference] TensorRT or cuda-python not installed: No module named 'tensorrt'
2026-02-08 21:30:50,711 [INFO] [Inference] Using GPU
2026-02-08 21:30:50,712 [INFO] [Inference] Loading OpenVINO model from C:\MyStuff\VS\MECup\backend\inference\openvino_model\model.xml
2026-02-08 21:30:52,583 [INFO] [Inference] Using OpenVINO backend on GPU
2026-02-08 21:30:52,800 [INFO] [Inference] Model ready (openvino)
2026-02-08 21:30:53,063 [ERROR] Polling thread error: PLC disconnected: timed out
2026-02-08 21:30:56,143 [ERROR] Polling thread error: PLC disconnected: timed out
2026-02-08 21:30:59,221 [ERROR] Polling thread error: PLC disconnected: timed out
2026-02-08 21:31:02,298 [ERROR] Polling thread error: PLC disconnected: timed out
2026-02-08 21:31:05,378 [ERROR] Polling thread error: PLC disconnected: timed out
2026-02-08 21:31:08,456 [ERROR] Polling thread error: PLC disconnected: timed out
2026-02-08 21:31:11,535 [ERROR] Polling thread error: PLC disconnected: timed out
2026-02-08 21:31:14,613 [ERROR] Polling thread error: PLC disconnected: timed out
2026-02-08 21:31:17,692 [ERROR] Polling thread error: PLC disconnected: timed out
2026-02-08 21:31:20,769 [ERROR] Polling thread error: PLC disconnected: timed out
2026-02-08 21:31:23,847 [ERROR] Polling thread error: PLC disconnected: timed out
2026-02-08 21:31:26,925 [ERROR] Polling thread error: PLC disconnected: timed out
2026-02-08 21:31:30,004 [ERROR] Polling thread error: PLC disconnected: timed out
2026-02-08 21:31:33,083 [ERROR] Polling thread error: PLC disconnected: timed out
2026-02-08 21:31:36,162 [ERROR] Polling thread error: PLC disconnected: timed out
2026-02-08 21:31:39,241 [ERROR] Polling thread error: PLC disconnected: timed out
2026-02-08 21:31:42,319 [ERROR] Polling thread error: PLC disconnected: timed out
2026-02-08 21:31:45,398 [ERROR] Polling thread error: PLC disconnected: timed out
2026-02-08 21:31:48,476 [ERROR] Polling thread error: PLC disconnected: timed out
2026-02-08 21:31:51,554 [ERROR] Polling thread error: PLC disconnected: timed out
2026-02-08 21:31:54,633 [ERROR] Polling thread error: PLC disconnected: timed out
2026-02-08 21:31:57,712 [ERROR] Polling thread error: PLC disconnected: timed out
2026-02-08 21:32:00,790 [ERROR] Polling thread error: PLC disconnected: timed out
2026-02-08 21:32:03,870 [ERROR] Polling thread error: PLC disconnected: timed out
2026-02-08 21:32:06,949 [ERROR] Polling thread error: PLC disconnected: timed out
2026-02-08 21:32:10,027 [ERROR] Polling thread error: PLC disconnected: timed out
2026-02-08 21:32:13,108 [ERROR] Polling thread error: PLC disconnected: timed out
2026-02-08 21:32:16,187 [ERROR] Polling thread error: PLC disconnected: timed out
2026-02-08 21:32:19,268 [ERROR] Polling thread error: PLC disconnected: timed out
2026-02-08 21:32:22,348 [ERROR] Polling thread error: PLC disconnected: timed out
2026-02-08 21:32:25,427 [ERROR] Polling thread error: PLC disconnected: timed out
2026-02-08 21:32:28,507 [ERROR] Polling thread error: PLC disconnected: timed out
2026-02-08 21:32:31,586 [ERROR] Polling thread error: PLC disconnected: timed out
2026-02-08 21:32:34,664 [ERROR] Polling thread error: PLC disconnected: timed out
2026-02-08 21:32:37,747 [ERROR] Polling thread error: PLC disconnected: timed out
2026-02-08 21:32:40,826 [ERROR] Polling thread error: PLC disconnected: timed out
2026-02-08 21:32:43,904 [ERROR] Polling thread error: PLC disconnected: timed out
2026-02-08 21:32:46,982 [ERROR] Polling thread error: PLC disconnected: timed out
2026-02-08 21:32:50,061 [ERROR] Polling thread error: PLC disconnected: timed out
2026-02-08 21:32:53,161 [ERROR] Polling thread error: PLC disconnected: timed out
2026-02-08 21:32:56,258 [ERROR] Polling thread error: PLC disconnected: timed out
2026-02-08 21:32:59,348 [ERROR] Polling thread error: PLC disconnected: timed out
2026-02-08 21:33:02,439 [ERROR] Polling thread error: PLC disconnected: timed out
2026-02-08 21:33:05,540 [ERROR] Polling thread error: PLC disconnected: timed out
2026-02-08 21:33:08,631 [ERROR] Polling thread error: PLC disconnected: timed out
2026-02-08 21:33:11,723 [ERROR] Polling thread error: PLC disconnected: timed out
2026-02-08 21:33:14,828 [ERROR] Polling thread error: PLC disconnected: timed out
2026-02-08 21:33:17,926 [ERROR] Polling thread error: PLC disconnected: timed out
2026-02-08 21:33:21,020 [ERROR] Polling thread error: PLC disconnected: timed out
2026-02-08 21:33:24,117 [ERROR] Polling thread error: PLC disconnected: timed out
2026-02-08 21:33:27,213 [ERROR] Polling thread error: PLC disconnected: timed out
2026-02-08 21:33:30,319 [ERROR] Polling thread error: PLC disconnected: timed out
2026-02-08 21:33:33,414 [ERROR] Polling thread error: PLC disconnected: timed out
2026-02-08 21:33:36,513 [ERROR] Polling thread error: PLC disconnected: timed out
2026-02-08 21:33:39,609 [ERROR] Polling thread error: PLC disconnected: timed out
2026-02-08 21:33:42,698 [ERROR] Polling thread error: PLC disconnected: timed out
2026-02-08 21:33:45,778 [ERROR] Polling thread error: PLC disconnected: timed out
2026-02-08 21:34:42,263 [ERROR] Polling thread error: PLC disconnected: timed out
2026-02-08 21:34:43,351 [ERROR] Polling thread error: PLC disconnected: [WinError 10051] A socket operation was attempted to an unreachable network
2026-02-08 22:35:15,658 [ERROR] Polling thread error: PLC disconnected: timed out
2026-02-08 22:35:18,735 [ERROR] Polling thread error: PLC disconnected: timed out
2026-02-08 22:35:21,813 [ERROR] Polling thread error: PLC disconnected: timed out
2026-02-08 22:35:24,889 [ERROR] Polling thread error: PLC disconnected: timed out
2026-02-08 22:35:27,966 [ERROR] Polling thread error: PLC disconnected: timed out
2026-02-08 22:44:09,266 [ERROR] Polling thread error: PLC disconnected: timed out
2026-02-08 22:57:51,191 [ERROR] Polling thread error: PLC disconnected: timed out
2026-02-08 22:57:54,270 [ERROR] Polling thread error: PLC disconnected: timed out
2026-02-08 22:58:24,267 [WARNING] [Inference] TensorRT or cuda-python not installed: No module named 'tensorrt'
2026-02-08 22:58:24,813 [INFO] [Inference] Using GPU
2026-02-08 22:58:24,813 [INFO] [Inference] Loading OpenVINO model from C:\MyStuff\VS\MECup\backend\inference\openvino_model\model.xml
2026-02-08 22:58:26,076 [INFO] [Inference] Using OpenVINO backend on GPU
2026-02-08 22:58:26,257 [INFO] [Inference] Model ready (openvino)
2026-02-08 22:58:28,120 [WARNING] [Inference] TensorRT or cuda-python not installed: No module named 'tensorrt'
2026-02-08 22:58:28,276 [ERROR] Polling thread error: PLC disconnected: timed out
2026-02-08 22:58:28,559 [INFO] [Inference] Using GPU
2026-02-08 22:58:28,559 [INFO] [Inference] Loading OpenVINO model from C:\MyStuff\VS\MECup\backend\inference\openvino_model\model.xml
2026-02-08 22:58:29,933 [INFO] [Inference] Using OpenVINO backend on GPU
2026-02-08 22:58:30,120 [INFO] [Inference] Model ready (openvino)
2026-02-08 22:58:31,352 [ERROR] Polling thread error: PLC disconnected: timed out
2026-02-08 22:58:34,430 [ERROR] Polling thread error: PLC disconnected: timed out
2026-02-08 22:58:37,507 [ERROR] Polling thread error: PLC disconnected: timed out
2026-02-08 22:58:40,586 [ERROR] Polling thread error: PLC disconnected: timed out
2026-02-08 22:58:43,663 [ERROR] Polling thread error: PLC disconnected: timed out
2026-02-08 22:58:46,739 [ERROR] Polling thread error: PLC disconnected: timed out
2026-02-08 22:58:49,818 [ERROR] Polling thread error: PLC disconnected: timed out
2026-02-08 22:58:52,895 [ERROR] Polling thread error: PLC disconnected: timed out
2026-02-08 22:58:55,974 [ERROR] Polling thread error: PLC disconnected: timed out
2026-02-08 22:58:59,051 [ERROR] Polling thread error: PLC disconnected: timed out
2026-02-08 22:59:02,130 [ERROR] Polling thread error: PLC disconnected: timed out
2026-02-08 22:59:05,208 [ERROR] Polling thread error: PLC disconnected: timed out
2026-02-08 22:59:08,286 [ERROR] Polling thread error: PLC disconnected: timed out
2026-02-08 22:59:11,362 [ERROR] Polling thread error: PLC disconnected: timed out
2026-02-08 22:59:14,441 [ERROR] Polling thread error: PLC disconnected: timed out
2026-02-08 22:59:17,520 [ERROR] Polling thread error: PLC disconnected: timed out
2026-02-08 22:59:20,600 [ERROR] Polling thread error: PLC disconnected: timed out
2026-02-08 22:59:23,676 [ERROR] Polling thread error: PLC disconnected: timed out
2026-02-08 22:59:26,754 [ERROR] Polling thread error: PLC disconnected: timed out
2026-02-08 22:59:29,831 [ERROR] Polling thread error: PLC disconnected: timed out
2026-02-08 22:59:32,910 [ERROR] Polling thread error: PLC disconnected: timed out
2026-02-08 22:59:35,989 [ERROR] Polling thread error: PLC disconnected: timed out
2026-02-08 22:59:39,067 [ERROR] Polling thread error: PLC disconnected: timed out
2026-02-08 22:59:42,148 [ERROR] Polling thread error: PLC disconnected: timed out
2026-02-08 22:59:45,228 [ERROR] Polling thread error: PLC disconnected: timed out
2026-02-08 22:59:48,306 [ERROR] Polling thread error: PLC disconnected: timed out
2026-02-08 22:59:51,385 [ERROR] Polling thread error: PLC disconnected: timed out
2026-02-08 22:59:54,463 [ERROR] Polling thread error: PLC disconnected: timed out
2026-02-08 22:59:57,542 [ERROR] Polling thread error: PLC disconnected: timed out
2026-02-08 23:00:00,619 [ERROR] Polling thread error: PLC disconnected: timed out
2026-02-08 23:00:03,699 [ERROR] Polling thread error: PLC disconnected: timed out
2026-02-08 23:00:06,776 [ERROR] Polling thread error: PLC disconnected: timed out
2026-02-08 23:00:09,857 [ERROR] Polling thread error: PLC disconnected: timed out
2026-02-08 23:00:12,940 [ERROR] Polling thread error: PLC disconnected: timed out
2026-02-08 23:00:16,020 [ERROR] Polling thread error: PLC disconnected: timed out
2026-02-08 23:00:19,099 [ERROR] Polling thread error: PLC disconnected: timed out
2026-02-08 23:00:22,178 [ERROR] Polling thread error: PLC disconnected: timed out
2026-02-08 23:00:25,258 [ERROR] Polling thread error: PLC disconnected: timed out
2026-02-08 23:00:28,338 [ERROR] Polling thread error: PLC disconnected: timed out
2026-02-08 23:00:31,417 [ERROR] Polling thread error: PLC disconnected: timed out
2026-02-08 23:00:34,495 [ERROR] Polling thread error: PLC disconnected: timed out
2026-02-08 23:00:37,576 [ERROR] Polling thread error: PLC disconnected: timed out
2026-02-08 23:00:40,656 [ERROR] Polling thread error: PLC disconnected: timed out
2026-02-08 23:00:43,735 [ERROR] Polling thread error: PLC disconnected: timed out
2026-02-08 23:00:46,813 [ERROR] Polling thread error: PLC disconnected: timed out
2026-02-08 23:00:49,913 [ERROR] Polling thread error: PLC disconnected: timed out
2026-02-08 23:00:53,022 [ERROR] Polling thread error: PLC disconnected: timed out
2026-02-08 23:00:56,117 [ERROR] Polling thread error: PLC disconnected: timed out
2026-02-08 23:00:59,221 [ERROR] Polling thread error: PLC disconnected: timed out
2026-02-08 23:01:02,321 [ERROR] Polling thread error: PLC disconnected: timed out
2026-02-08 23:01:05,410 [ERROR] Polling thread error: PLC disconnected: timed out
2026-02-08 23:01:08,498 [ERROR] Polling thread error: PLC disconnected: timed out
2026-02-08 23:01:11,598 [ERROR] Polling thread error: PLC disconnected: timed out
2026-02-08 23:01:14,705 [ERROR] Polling thread error: PLC disconnected: timed out
2026-02-08 23:01:17,798 [ERROR] Polling thread error: PLC disconnected: timed out
2026-02-08 23:01:20,899 [ERROR] Polling thread error: PLC disconnected: timed out
2026-02-08 23:01:24,005 [ERROR] Polling thread error: PLC disconnected: timed out
2026-02-08 23:01:27,104 [ERROR] Polling thread error: PLC disconnected: timed out
2026-02-08 23:01:30,202 [ERROR] Polling thread error: PLC disconnected: timed out
2026-02-08 23:01:33,292 [ERROR] Polling thread error: PLC disconnected: timed out
2026-02-08 23:01:36,378 [ERROR] Polling thread error: PLC disconnected: timed out
2026-02-08 23:01:39,471 [ERROR] Polling thread error: PLC disconnected: timed out
2026-02-08 23:01:42,568 [ERROR] Polling thread error: PLC disconnected: timed out
2026-02-08 23:01:45,659 [ERROR] Polling thread error: PLC disconnected: timed out
2026-02-08 23:01:48,750 [ERROR] Polling thread error: PLC disconnected: timed out
2026-02-08 23:01:51,842 [ERROR] Polling thread error: PLC disconnected: timed out
2026-02-08 23:01:54,946 [ERROR] Polling thread error: PLC disconnected: timed out
2026-02-08 23:01:58,045 [ERROR] Polling thread error: PLC disconnected: timed out
2026-02-08 23:02:01,155 [ERROR] Polling thread error: PLC disconnected: timed out
2026-02-08 23:02:04,250 [ERROR] Polling thread error: PLC disconnected: timed out
2026-02-08 23:02:07,350 [ERROR] Polling thread error: PLC disconnected: timed out
2026-02-08 23:02:10,436 [ERROR] Polling thread error: PLC disconnected: timed out
2026-02-08 23:02:13,534 [ERROR] Polling thread error: PLC disconnected: timed out
2026-02-08 23:02:16,636 [ERROR] Polling thread error: PLC disconnected: timed out
2026-02-08 23:02:19,737 [ERROR] Polling thread error: PLC disconnected: timed out
2026-02-08 23:02:22,832 [ERROR] Polling thread error: PLC disconnected: timed out
2026-02-08 23:02:25,924 [ERROR] Polling thread error: PLC disconnected: timed out
2026-02-08 23:02:29,027 [ERROR] Polling thread error: PLC disconnected: timed out
2026-02-08 23:02:32,125 [ERROR] Polling thread error: PLC disconnected: timed out
2026-02-08 23:02:35,225 [ERROR] Polling thread error: PLC disconnected: timed out
2026-02-08 23:02:38,318 [ERROR] Polling thread error: PLC disconnected: timed out
2026-02-08 23:02:41,405 [ERROR] Polling thread error: PLC disconnected: timed out
2026-02-08 23:02:44,503 [ERROR] Polling thread error: PLC disconnected: timed out
2026-02-08 23:02:47,609 [ERROR] Polling thread error: PLC disconnected: timed out
2026-02-08 23:02:50,706 [ERROR] Polling thread error: PLC disconnected: timed out
2026-02-08 23:02:53,798 [ERROR] Polling thread error: PLC disconnected: timed out
2026-02-08 23:02:56,898 [ERROR] Polling thread error: PLC disconnected: timed out
2026-02-08 23:02:59,988 [ERROR] Polling thread error: PLC disconnected: timed out
2026-02-08 23:03:03,080 [ERROR] Polling thread error: PLC disconnected: timed out
2026-02-08 23:03:06,174 [ERROR] Polling thread error: PLC disconnected: timed out
2026-02-08 23:03:09,264 [ERROR] Polling thread error: PLC disconnected: timed out
2026-02-08 23:03:12,366 [ERROR] Polling thread error: PLC disconnected: timed out
2026-02-08 23:03:15,462 [ERROR] Polling thread error: PLC disconnected: timed out
2026-02-08 23:03:18,559 [ERROR] Polling thread error: PLC disconnected: timed out
2026-02-08 23:03:21,665 [ERROR] Polling thread error: PLC disconnected: timed out
2026-02-08 23:03:24,760 [ERROR] Polling thread error: PLC disconnected: timed out
2026-02-08 23:08:27,908 [WARNING] [Inference] TensorRT or cuda-python not installed: No module named 'tensorrt'
2026-02-08 23:08:28,437 [INFO] [Inference] Using GPU
2026-02-08 23:08:28,438 [INFO] [Inference] Loading OpenVINO model from C:\MyStuff\VS\MECup\backend\inference\openvino_model\model.xml
2026-02-08 23:08:29,776 [INFO] [Inference] Using OpenVINO backend on GPU
2026-02-08 23:08:29,957 [INFO] [Inference] Model ready (openvino)
2026-02-08 23:08:31,828 [WARNING] [Inference] TensorRT or cuda-python not installed: No module named 'tensorrt'
2026-02-08 23:08:32,277 [INFO] [Inference] Using GPU
2026-02-08 23:08:32,278 [INFO] [Inference] Loading OpenVINO model from C:\MyStuff\VS\MECup\backend\inference\openvino_model\model.xml
2026-02-08 23:08:33,622 [INFO] [Inference] Using OpenVINO backend on GPU
2026-02-08 23:08:33,806 [INFO] [Inference] Model ready (openvino)
2026-02-08 23:10:35,196 [WARNING] [Inference] TensorRT or cuda-python not installed: No module named 'tensorrt'
2026-02-08 23:10:35,736 [INFO] [Inference] Using GPU
2026-02-08 23:10:35,737 [INFO] [Inference] Loading OpenVINO model from C:\MyStuff\VS\MECup\backend\inference\openvino_model\model.xml
2026-02-08 23:10:37,130 [INFO] [Inference] Using OpenVINO backend on GPU
2026-02-08 23:10:37,308 [INFO] [Inference] Model ready (openvino)
2026-02-08 23:10:39,522 [WARNING] [Inference] TensorRT or cuda-python not installed: No module named 'tensorrt'
2026-02-08 23:10:40,098 [INFO] [Inference] Using GPU
2026-02-08 23:10:40,099 [INFO] [Inference] Loading OpenVINO model from C:\MyStuff\VS\MECup\backend\inference\openvino_model\model.xml
2026-02-08 23:10:41,485 [INFO] [Inference] Using OpenVINO backend on GPU
2026-02-08 23:10:41,669 [INFO] [Inference] Model ready (openvino)
2026-02-08 23:12:33,539 [WARNING] [Inference] TensorRT or cuda-python not installed: No module named 'tensorrt'
2026-02-08 23:12:34,176 [INFO] [Inference] Using GPU
2026-02-08 23:12:34,177 [INFO] [Inference] Loading OpenVINO model from C:\MyStuff\VS\MECup\backend\inference\openvino_model\model.xml
2026-02-08 23:12:35,580 [INFO] [Inference] Using OpenVINO backend on GPU
2026-02-08 23:12:35,759 [INFO] [Inference] Model ready (openvino)
2026-02-08 23:12:38,100 [WARNING] [Inference] TensorRT or cuda-python not installed: No module named 'tensorrt'
2026-02-08 23:12:38,573 [INFO] [Inference] Using GPU
2026-02-08 23:12:38,573 [INFO] [Inference] Loading OpenVINO model from C:\MyStuff\VS\MECup\backend\inference\openvino_model\model.xml
2026-02-08 23:12:39,967 [INFO] [Inference] Using OpenVINO backend on GPU
2026-02-08 23:12:40,148 [INFO] [Inference] Model ready (openvino)
2026-02-08 23:13:41,247 [WARNING] [Inference] TensorRT or cuda-python not installed: No module named 'tensorrt'
2026-02-08 23:13:41,824 [INFO] [Inference] Using GPU
2026-02-08 23:13:41,825 [INFO] [Inference] Loading OpenVINO model from C:\MyStuff\VS\MECup\backend\inference\openvino_model\model.xml
2026-02-08 23:13:43,160 [INFO] [Inference] Using OpenVINO backend on GPU
2026-02-08 23:13:43,346 [INFO] [Inference] Model ready (openvino)
2026-02-08 23:13:45,435 [WARNING] [Inference] TensorRT or cuda-python not installed: No module named 'tensorrt'
2026-02-08 23:13:45,923 [INFO] [Inference] Using GPU
2026-02-08 23:13:45,924 [INFO] [Inference] Loading OpenVINO model from C:\MyStuff\VS\MECup\backend\inference\openvino_model\model.xml
2026-02-08 23:13:47,335 [INFO] [Inference] Using OpenVINO backend on GPU
2026-02-08 23:13:47,520 [INFO] [Inference] Model ready (openvino)
2026-02-08 23:23:45,702 [WARNING] [Inference] TensorRT or cuda-python not installed: No module named 'tensorrt'
2026-02-08 23:23:46,225 [INFO] [Inference] Using GPU
2026-02-08 23:23:46,225 [INFO] [Inference] Loading OpenVINO model from C:\MyStuff\VS\MECup\backend\inference\openvino_model\model.xml
2026-02-08 23:23:47,583 [INFO] [Inference] Using OpenVINO backend on GPU
2026-02-08 23:23:47,782 [INFO] [Inference] Model ready (openvino)
2026-02-08 23:23:49,818 [WARNING] [Inference] TensorRT or cuda-python not installed: No module named 'tensorrt'
2026-02-08 23:23:50,277 [INFO] [Inference] Using GPU
2026-02-08 23:23:50,278 [INFO] [Inference] Loading OpenVINO model from C:\MyStuff\VS\MECup\backend\inference\openvino_model\model.xml
2026-02-08 23:23:51,737 [INFO] [Inference] Using OpenVINO backend on GPU
2026-02-08 23:23:51,915 [INFO] [Inference] Model ready (openvino)
2026-02-08 23:24:11,688 [WARNING] [Inference] TensorRT or cuda-python not installed: No module named 'tensorrt'
2026-02-08 23:24:12,263 [INFO] [Inference] Using GPU
2026-02-08 23:24:12,263 [INFO] [Inference] Loading OpenVINO model from C:\MyStuff\VS\MECup\backend\inference\openvino_model\model.xml
2026-02-08 23:24:13,653 [INFO] [Inference] Using OpenVINO backend on GPU
2026-02-08 23:24:13,837 [INFO] [Inference] Model ready (openvino)
2026-02-08 23:24:15,855 [WARNING] [Inference] TensorRT or cuda-python not installed: No module named 'tensorrt'
2026-02-08 23:24:16,409 [INFO] [Inference] Using GPU
2026-02-08 23:24:16,410 [INFO] [Inference] Loading OpenVINO model from C:\MyStuff\VS\MECup\backend\inference\openvino_model\model.xml
2026-02-08 23:24:18,262 [INFO] [Inference] Using OpenVINO backend on GPU
2026-02-08 23:24:18,476 [INFO] [Inference] Model ready (openvino)
2026-02-08 23:27:46,712 [ERROR] Polling thread error: [WinError 10054] An existing connection was forcibly closed by the remote host
2026-02-08 23:27:49,791 [ERROR] Polling thread error: PLC disconnected: timed out
2026-02-08 23:27:52,868 [ERROR] Polling thread error: PLC disconnected: timed out
2026-02-08 23:27:55,948 [ERROR] Polling thread error: PLC disconnected: timed out
2026-02-08 23:27:59,027 [ERROR] Polling thread error: PLC disconnected: timed out
2026-02-08 23:59:27,265 [ERROR] Polling thread error: PLC disconnected: timed out
2026-02-08 23:59:30,342 [ERROR] Polling thread error: PLC disconnected: timed out
2026-02-08 23:59:33,419 [ERROR] Polling thread error: PLC disconnected: timed out
2026-02-08 23:59:36,496 [ERROR] Polling thread error: PLC disconnected: timed out
2026-02-08 23:59:39,574 [ERROR] Polling thread error: PLC disconnected: timed out
2026-02-08 23:59:42,654 [ERROR] Polling thread error: PLC disconnected: timed out
2026-02-08 23:59:45,734 [ERROR] Polling thread error: PLC disconnected: timed out
2026-02-08 23:59:48,811 [ERROR] Polling thread error: PLC disconnected: timed out
2026-02-08 23:59:51,889 [ERROR] Polling thread error: PLC disconnected: timed out
2026-02-08 23:59:54,968 [ERROR] Polling thread error: PLC disconnected: timed out
2026-02-08 23:59:58,045 [ERROR] Polling thread error: PLC disconnected: timed out
2026-02-09 00:00:01,125 [ERROR] Polling thread error: PLC disconnected: timed out
2026-02-09 00:00:04,202 [ERROR] Polling thread error: PLC disconnected: timed out
2026-02-09 00:00:07,279 [ERROR] Polling thread error: PLC disconnected: timed out
2026-02-09 00:00:10,357 [ERROR] Polling thread error: PLC disconnected: timed out
2026-02-09 00:00:13,434 [ERROR] Polling thread error: PLC disconnected: timed out
2026-02-09 00:00:16,515 [ERROR] Polling thread error: PLC disconnected: timed out
2026-02-09 00:00:19,593 [ERROR] Polling thread error: PLC disconnected: timed out
2026-02-09 00:00:22,672 [ERROR] Polling thread error: PLC disconnected: timed out
2026-02-09 00:00:25,750 [ERROR] Polling thread error: PLC disconnected: timed out
2026-02-09 00:00:28,830 [ERROR] Polling thread error: PLC disconnected: timed out
2026-02-09 00:00:31,908 [ERROR] Polling thread error: PLC disconnected: timed out
2026-02-09 00:00:34,985 [ERROR] Polling thread error: PLC disconnected: timed out
2026-02-09 00:00:38,063 [ERROR] Polling thread error: PLC disconnected: timed out
2026-02-09 00:00:41,142 [ERROR] Polling thread error: PLC disconnected: timed out
2026-02-09 00:00:44,220 [ERROR] Polling thread error: PLC disconnected: timed out
2026-02-09 00:00:47,298 [ERROR] Polling thread error: PLC disconnected: timed out
2026-02-09 00:00:50,375 [ERROR] Polling thread error: PLC disconnected: timed out
2026-02-09 00:00:53,452 [ERROR] Polling thread error: PLC disconnected: timed out
2026-02-09 00:00:56,531 [ERROR] Polling thread error: PLC disconnected: timed out
2026-02-09 00:00:59,609 [ERROR] Polling thread error: PLC disconnected: timed out
2026-02-09 00:01:02,689 [ERROR] Polling thread error: PLC disconnected: timed out
2026-02-09 00:01:05,769 [ERROR] Polling thread error: PLC disconnected: timed out
2026-02-09 00:01:08,849 [ERROR] Polling thread error: PLC disconnected: timed out
2026-02-09 00:01:11,928 [ERROR] Polling thread error: PLC disconnected: timed out
2026-02-09 00:01:15,008 [ERROR] Polling thread error: PLC disconnected: timed out
2026-02-09 00:01:18,087 [ERROR] Polling thread error: PLC disconnected: timed out
2026-02-09 00:01:21,165 [ERROR] Polling thread error: PLC disconnected: timed out
2026-02-09 00:01:24,245 [ERROR] Polling thread error: PLC disconnected: timed out
2026-02-09 00:01:27,324 [ERROR] Polling thread error: PLC disconnected: timed out
2026-02-09 00:01:30,403 [ERROR] Polling thread error: PLC disconnected: timed out
2026-02-09 00:01:33,481 [ERROR] Polling thread error: PLC disconnected: timed out
2026-02-09 00:01:36,560 [ERROR] Polling thread error: PLC disconnected: timed out
2026-02-09 00:01:39,638 [ERROR] Polling thread error: PLC disconnected: timed out
2026-02-09 00:01:42,715 [ERROR] Polling thread error: PLC disconnected: timed out
2026-02-09 00:01:45,793 [ERROR] Polling thread error: PLC disconnected: timed out
2026-02-09 00:01:48,873 [ERROR] Polling thread error: PLC disconnected: timed out
2026-02-09 00:01:51,950 [ERROR] Polling thread error: PLC disconnected: timed out
2026-02-09 00:01:55,028 [ERROR] Polling thread error: PLC disconnected: timed out
2026-02-09 00:01:58,106 [ERROR] Polling thread error: PLC disconnected: timed out
2026-02-09 00:02:01,187 [ERROR] Polling thread error: PLC disconnected: timed out
2026-02-09 00:02:04,265 [ERROR] Polling thread error: PLC disconnected: timed out
2026-02-09 00:02:07,344 [ERROR] Polling thread error: PLC disconnected: timed out
2026-02-09 00:02:10,425 [ERROR] Polling thread error: PLC disconnected: timed out
2026-02-09 00:02:13,505 [ERROR] Polling thread error: PLC disconnected: timed out
2026-02-09 00:02:16,583 [ERROR] Polling thread error: PLC disconnected: timed out
2026-02-09 00:02:19,664 [ERROR] Polling thread error: PLC disconnected: timed out
2026-02-09 00:02:22,749 [ERROR] Polling thread error: PLC disconnected: timed out
2026-02-09 00:02:25,826 [ERROR] Polling thread error: PLC disconnected: timed out
2026-02-09 00:02:28,905 [ERROR] Polling thread error: PLC disconnected: timed out
2026-02-09 00:02:31,984 [ERROR] Polling thread error: PLC disconnected: timed out
2026-02-09 00:02:35,064 [ERROR] Polling thread error: PLC disconnected: timed out
2026-02-09 00:02:38,144 [ERROR] Polling thread error: PLC disconnected: timed out
2026-02-09 00:02:41,224 [ERROR] Polling thread error: PLC disconnected: timed out
2026-02-09 00:02:44,301 [ERROR] Polling thread error: PLC disconnected: timed out
2026-02-09 00:02:47,378 [ERROR] Polling thread error: PLC disconnected: timed out
2026-02-09 00:02:50,458 [ERROR] Polling thread error: PLC disconnected: timed out
2026-02-09 00:02:53,538 [ERROR] Polling thread error: PLC disconnected: timed out
2026-02-09 00:02:56,618 [ERROR] Polling thread error: PLC disconnected: timed out
2026-02-09 00:02:59,699 [ERROR] Polling thread error: PLC disconnected: timed out
2026-02-09 00:03:02,777 [ERROR] Polling thread error: PLC disconnected: timed out
2026-02-09 00:03:05,856 [ERROR] Polling thread error: PLC disconnected: timed out
2026-02-09 00:03:08,934 [ERROR] Polling thread error: PLC disconnected: timed out
2026-02-09 00:03:12,015 [ERROR] Polling thread error: PLC disconnected: timed out
2026-02-09 00:03:15,093 [ERROR] Polling thread error: PLC disconnected: timed out
2026-02-09 00:03:18,172 [ERROR] Polling thread error: PLC disconnected: timed out
2026-02-09 00:03:21,250 [ERROR] Polling thread error: PLC disconnected: timed out
2026-02-09 00:03:24,328 [ERROR] Polling thread error: PLC disconnected: timed out
2026-02-09 00:03:27,407 [ERROR] Polling thread error: PLC disconnected: timed out
2026-02-09 00:03:30,487 [ERROR] Polling thread error: PLC disconnected: timed out
2026-02-09 00:03:33,568 [ERROR] Polling thread error: PLC disconnected: timed out
2026-02-09 00:03:36,647 [ERROR] Polling thread error: PLC disconnected: timed out
2026-02-09 00:03:39,725 [ERROR] Polling thread error: PLC disconnected: timed out
2026-02-09 00:03:42,805 [ERROR] Polling thread error: PLC disconnected: timed out
2026-02-09 00:03:45,884 [ERROR] Polling thread error: PLC disconnected: timed out
2026-02-09 00:03:48,965 [ERROR] Polling thread error: PLC disconnected: timed out
2026-02-09 00:03:52,043 [ERROR] Polling thread error: PLC disconnected: timed out
2026-02-09 00:03:55,124 [ERROR] Polling thread error: PLC disconnected: timed out
2026-02-09 00:03:58,209 [ERROR] Polling thread error: PLC disconnected: timed out
2026-02-09 00:04:01,287 [ERROR] Polling thread error: PLC disconnected: timed out
2026-02-09 00:04:04,365 [ERROR] Polling thread error: PLC disconnected: timed out
2026-02-09 00:04:07,442 [ERROR] Polling thread error: PLC disconnected: timed out
2026-02-09 00:04:10,522 [ERROR] Polling thread error: PLC disconnected: timed out
2026-02-09 00:04:13,603 [ERROR] Polling thread error: PLC disconnected: timed out
2026-02-09 00:17:28,059 [WARNING] [Inference] TensorRT or cuda-python not installed: No module named 'tensorrt'
2026-02-09 00:17:29,376 [INFO] [Inference] Using GPU
2026-02-09 00:17:29,377 [INFO] [Inference] Loading OpenVINO model from C:\MyStuff\VS\MECup\backend\inference\openvino_model\model.xml
2026-02-09 00:17:31,600 [INFO] [Inference] Using OpenVINO backend on GPU
2026-02-09 00:17:31,810 [INFO] [Inference] Model ready (openvino)
2026-02-09 00:17:33,845 [ERROR] Polling thread error: PLC disconnected: timed out
2026-02-09 00:17:34,077 [WARNING] [Inference] TensorRT or cuda-python not installed: No module named 'tensorrt'
2026-02-09 00:17:34,562 [INFO] [Inference] Using GPU
2026-02-09 00:17:34,562 [INFO] [Inference] Loading OpenVINO model from C:\MyStuff\VS\MECup\backend\inference\openvino_model\model.xml
2026-02-09 00:17:36,769 [INFO] [Inference] Using OpenVINO backend on GPU
2026-02-09 00:17:36,938 [ERROR] Polling thread error: PLC disconnected: timed out
2026-02-09 00:17:36,956 [INFO] [Inference] Model ready (openvino)
2026-02-09 00:17:40,035 [ERROR] Polling thread error: PLC disconnected: timed out
2026-02-09 00:17:43,130 [ERROR] Polling thread error: PLC disconnected: timed out
2026-02-09 00:17:46,228 [ERROR] Polling thread error: PLC disconnected: timed out
2026-02-09 00:17:49,321 [ERROR] Polling thread error: PLC disconnected: timed out
2026-02-09 00:17:52,430 [ERROR] Polling thread error: PLC disconnected: timed out
2026-02-09 00:17:55,527 [ERROR] Polling thread error: PLC disconnected: timed out
2026-02-09 00:17:58,627 [ERROR] Polling thread error: PLC disconnected: timed out
2026-02-09 00:18:01,730 [ERROR] Polling thread error: PLC disconnected: timed out
2026-02-09 00:18:04,824 [ERROR] Polling thread error: PLC disconnected: timed out
2026-02-09 00:18:07,922 [ERROR] Polling thread error: PLC disconnected: timed out
2026-02-09 00:18:11,007 [ERROR] Polling thread error: PLC disconnected: timed out
2026-02-09 00:18:14,092 [ERROR] Polling thread error: PLC disconnected: timed out
2026-02-09 00:18:17,182 [ERROR] Polling thread error: PLC disconnected: timed out
2026-02-09 00:18:20,264 [ERROR] Polling thread error: PLC disconnected: timed out
2026-02-09 00:18:23,342 [ERROR] Polling thread error: PLC disconnected: timed out
2026-02-09 00:18:26,420 [ERROR] Polling thread error: PLC disconnected: timed out
2026-02-09 00:18:29,498 [ERROR] Polling thread error: PLC disconnected: timed out
2026-02-09 00:18:32,575 [ERROR] Polling thread error: PLC disconnected: timed out
2026-02-09 00:18:35,653 [ERROR] Polling thread error: PLC disconnected: timed out
2026-02-09 00:18:38,732 [ERROR] Polling thread error: PLC disconnected: timed out
2026-02-09 00:18:41,810 [ERROR] Polling thread error: PLC disconnected: timed out
2026-02-09 00:18:44,890 [ERROR] Polling thread error: PLC disconnected: timed out
2026-02-09 00:18:47,969 [ERROR] Polling thread error: PLC disconnected: timed out
2026-02-09 00:18:51,049 [ERROR] Polling thread error: PLC disconnected: timed out
2026-02-09 00:18:54,126 [ERROR] Polling thread error: PLC disconnected: timed out
2026-02-09 00:18:57,204 [ERROR] Polling thread error: PLC disconnected: timed out
2026-02-09 00:19:00,284 [ERROR] Polling thread error: PLC disconnected: timed out
2026-02-09 00:19:03,363 [ERROR] Polling thread error: PLC disconnected: timed out
2026-02-09 00:19:06,441 [ERROR] Polling thread error: PLC disconnected: timed out
2026-02-09 00:19:09,520 [ERROR] Polling thread error: PLC disconnected: timed out
2026-02-09 00:19:12,599 [ERROR] Polling thread error: PLC disconnected: timed out
2026-02-09 00:19:15,678 [ERROR] Polling thread error: PLC disconnected: timed out
2026-02-09 00:19:18,786 [ERROR] Polling thread error: PLC disconnected: timed out
2026-02-09 00:19:21,888 [ERROR] Polling thread error: PLC disconnected: timed out
2026-02-09 00:19:24,983 [ERROR] Polling thread error: PLC disconnected: timed out
2026-02-09 00:19:28,081 [ERROR] Polling thread error: PLC disconnected: timed out
2026-02-09 00:19:31,169 [ERROR] Polling thread error: PLC disconnected: timed out
2026-02-09 00:19:34,269 [ERROR] Polling thread error: PLC disconnected: timed out
2026-02-09 00:19:37,359 [ERROR] Polling thread error: PLC disconnected: timed out
2026-02-09 00:19:40,453 [ERROR] Polling thread error: PLC disconnected: timed out
2026-02-09 00:19:43,546 [ERROR] Polling thread error: PLC disconnected: timed out
2026-02-09 00:19:46,637 [ERROR] Polling thread error: PLC disconnected: timed out
2026-02-09 00:19:49,734 [ERROR] Polling thread error: PLC disconnected: timed out
2026-02-09 00:19:52,834 [ERROR] Polling thread error: PLC disconnected: timed out
2026-02-09 00:19:55,928 [ERROR] Polling thread error: PLC disconnected: timed out
2026-02-09 00:19:59,019 [ERROR] Polling thread error: PLC disconnected: timed out
2026-02-09 00:20:02,104 [ERROR] Polling thread error: PLC disconnected: timed out
2026-02-09 00:20:05,195 [ERROR] Polling thread error: PLC disconnected: timed out
2026-02-09 01:36:51,082 [ERROR] Polling thread error: PLC disconnected: [WinError 10051] A socket operation was attempted to an unreachable network
2026-02-09 01:36:52,174 [ERROR] Polling thread error: PLC disconnected: [WinError 10051] A socket operation was attempted to an unreachable network
2026-02-09 07:08:08,559 [ERROR] Polling thread error: PLC disconnected: timed out
2026-02-09 07:08:11,651 [ERROR] Polling thread error: PLC disconnected: timed out
2026-02-09 07:08:14,732 [ERROR] Polling thread error: PLC disconnected: timed out
2026-02-09 07:08:17,809 [ERROR] Polling thread error: PLC disconnected: timed out
2026-02-09 07:08:25,234 [WARNING] [Inference] TensorRT or cuda-python not installed: No module named 'tensorrt'
2026-02-09 07:08:25,824 [INFO] [Inference] Using GPU
2026-02-09 07:08:25,825 [INFO] [Inference] Loading OpenVINO model from C:\MyStuff\VS\MECup\backend\inference\openvino_model\model.xml
2026-02-09 07:08:27,250 [INFO] [Inference] Using OpenVINO backend on GPU
2026-02-09 07:08:27,440 [INFO] [Inference] Model ready (openvino)
2026-02-09 07:08:29,451 [WARNING] [Inference] TensorRT or cuda-python not installed: No module named 'tensorrt'
2026-02-09 07:08:29,470 [ERROR] Polling thread error: PLC disconnected: timed out
2026-02-09 07:08:29,934 [INFO] [Inference] Using GPU
2026-02-09 07:08:29,935 [INFO] [Inference] Loading OpenVINO model from C:\MyStuff\VS\MECup\backend\inference\openvino_model\model.xml
2026-02-09 07:08:31,380 [INFO] [Inference] Using OpenVINO backend on GPU
2026-02-09 07:08:31,562 [INFO] [Inference] Model ready (openvino)
2026-02-09 07:08:32,549 [ERROR] Polling thread error: PLC disconnected: timed out
2026-02-09 07:08:35,651 [ERROR] Polling thread error: PLC disconnected: timed out
2026-02-09 07:08:38,748 [ERROR] Polling thread error: PLC disconnected: timed out
2026-02-09 07:08:41,842 [ERROR] Polling thread error: PLC disconnected: timed out
2026-02-09 07:08:44,927 [ERROR] Polling thread error: PLC disconnected: timed out
2026-02-09 07:08:48,018 [ERROR] Polling thread error: PLC disconnected: timed out
2026-02-09 07:08:51,125 [ERROR] Polling thread error: PLC disconnected: timed out
2026-02-09 07:08:54,221 [ERROR] Polling thread error: PLC disconnected: timed out
2026-02-09 07:08:56,234 [ERROR] Cycle Reset Error: PLC disconnected: timed out
2026-02-09 07:08:58,239 [ERROR] Polling thread error: PLC disconnected: timed out
2026-02-09 07:09:01,340 [ERROR] Polling thread error: PLC disconnected: timed out
2026-02-09 07:09:04,428 [ERROR] Polling thread error: PLC disconnected: timed out
2026-02-09 07:09:07,524 [ERROR] Polling thread error: PLC disconnected: timed out
2026-02-09 07:09:10,630 [ERROR] Polling thread error: PLC disconnected: timed out
2026-02-09 07:09:13,727 [ERROR] Polling thread error: PLC disconnected: timed out
2026-02-09 07:09:16,821 [ERROR] Polling thread error: PLC disconnected: timed out
2026-02-09 07:09:19,870 [ERROR] SCAN START ERROR: PLC disconnected: timed out
Traceback (most recent call last):
  File "C:\MyStuff\VS\MECup\backend\plc\endpoints.py", line 591, in scan_start
    manager.write_bit("M5", [1])
  File "C:\MyStuff\VS\MECup\backend\plc\connection.py", line 111, in write_bit
    raise Exception(f"PLC disconnected: {self.last_error}")
Exception: PLC disconnected: timed out
2026-02-09 07:09:21,877 [ERROR] Polling thread error: PLC disconnected: timed out
2026-02-09 07:09:23,882 [ERROR] SCAN START ERROR: PLC disconnected: timed out
Traceback (most recent call last):
  File "C:\MyStuff\VS\MECup\backend\plc\endpoints.py", line 591, in scan_start
    manager.write_bit("M5", [1])
  File "C:\MyStuff\VS\MECup\backend\plc\connection.py", line 111, in write_bit
    raise Exception(f"PLC disconnected: {self.last_error}")
Exception: PLC disconnected: timed out
2026-02-09 07:09:25,895 [ERROR] SCAN START ERROR: PLC disconnected: timed out
Traceback (most recent call last):
  File "C:\MyStuff\VS\MECup\backend\plc\endpoints.py", line 591, in scan_start
    manager.write_bit("M5", [1])
  File "C:\MyStuff\VS\MECup\backend\plc\connection.py", line 111, in write_bit
    raise Exception(f"PLC disconnected: {self.last_error}")
Exception: PLC disconnected: timed out
2026-02-09 07:09:27,897 [ERROR] Homing Error: PLC disconnected: timed out
2026-02-09 07:09:29,908 [ERROR] Polling thread error: PLC disconnected: timed out
2026-02-09 07:09:32,998 [ERROR] Polling thread error: PLC disconnected: timed out
2026-02-09 07:09:36,097 [ERROR] Polling thread error: PLC disconnected: timed out
2026-02-09 07:09:39,191 [ERROR] Polling thread error: PLC disconnected: timed out
2026-02-09 07:09:42,281 [ERROR] Polling thread error: PLC disconnected: timed out
2026-02-09 07:09:45,374 [ERROR] Polling thread error: PLC disconnected: timed out
2026-02-09 07:09:48,458 [ERROR] Polling thread error: PLC disconnected: timed out
2026-02-09 07:09:51,549 [ERROR] Polling thread error: PLC disconnected: timed out
2026-02-09 07:09:54,635 [ERROR] Polling thread error: PLC disconnected: timed out
2026-02-09 07:09:57,734 [ERROR] Polling thread error: PLC disconnected: timed out
2026-02-09 07:10:00,826 [ERROR] Polling thread error: PLC disconnected: timed out
2026-02-09 07:10:03,925 [ERROR] Polling thread error: PLC disconnected: timed out
2026-02-09 07:10:07,018 [ERROR] Polling thread error: PLC disconnected: timed out
2026-02-09 07:10:10,128 [ERROR] Polling thread error: PLC disconnected: timed out
2026-02-09 07:10:13,227 [ERROR] Polling thread error: PLC disconnected: timed out
2026-02-09 07:10:16,326 [ERROR] Polling thread error: PLC disconnected: timed out
2026-02-09 07:10:19,419 [ERROR] Polling thread error: PLC disconnected: timed out
2026-02-09 07:10:22,521 [ERROR] Polling thread error: PLC disconnected: timed out
2026-02-09 07:10:25,626 [ERROR] Polling thread error: PLC disconnected: timed out
2026-02-09 07:10:28,725 [ERROR] Polling thread error: PLC disconnected: timed out
2026-02-09 07:10:31,824 [ERROR] Polling thread error: PLC disconnected: timed out
2026-02-09 07:10:34,925 [ERROR] Polling thread error: PLC disconnected: timed out
2026-02-09 07:10:38,019 [ERROR] Polling thread error: PLC disconnected: timed out
2026-02-09 07:10:41,105 [ERROR] Polling thread error: PLC disconnected: timed out
2026-02-09 07:10:44,193 [ERROR] Polling thread error: PLC disconnected: timed out
2026-02-09 07:10:47,292 [ERROR] Polling thread error: PLC disconnected: timed out
2026-02-09 07:10:50,385 [ERROR] Polling thread error: PLC disconnected: timed out
2026-02-09 07:10:53,481 [ERROR] Polling thread error: PLC disconnected: timed out
2026-02-09 07:10:56,578 [ERROR] Polling thread error: PLC disconnected: timed out
2026-02-09 07:10:59,670 [ERROR] Polling thread error: PLC disconnected: timed out
2026-02-09 07:11:02,768 [ERROR] Polling thread error: PLC disconnected: timed out
2026-02-09 07:11:05,858 [ERROR] Polling thread error: PLC disconnected: timed out
2026-02-09 07:11:08,957 [ERROR] Polling thread error: PLC disconnected: timed out
2026-02-09 07:11:12,052 [ERROR] Polling thread error: PLC disconnected: timed out
2026-02-09 07:11:15,144 [ERROR] Polling thread error: PLC disconnected: timed out
2026-02-09 07:11:18,245 [ERROR] Polling thread error: PLC disconnected: timed out
2026-02-09 07:11:21,350 [ERROR] Polling thread error: PLC disconnected: timed out
2026-02-09 07:11:24,437 [ERROR] Polling thread error: PLC disconnected: timed out
2026-02-09 07:11:27,546 [ERROR] Polling thread error: PLC disconnected: timed out
2026-02-09 07:11:30,648 [ERROR] Polling thread error: PLC disconnected: timed out
2026-02-09 07:11:33,749 [ERROR] Polling thread error: PLC disconnected: timed out
2026-02-09 07:11:36,842 [ERROR] Polling thread error: PLC disconnected: timed out
2026-02-09 07:11:39,937 [ERROR] Polling thread error: PLC disconnected: timed out
2026-02-09 07:11:43,025 [ERROR] Polling thread error: PLC disconnected: timed out
2026-02-09 07:11:46,103 [ERROR] Polling thread error: PLC disconnected: timed out
2026-02-09 07:11:49,183 [ERROR] Polling thread error: PLC disconnected: timed out
2026-02-09 07:11:52,260 [ERROR] Polling thread error: PLC disconnected: timed out
2026-02-09 07:11:55,337 [ERROR] Polling thread error: PLC disconnected: timed out
2026-02-09 07:11:58,415 [ERROR] Polling thread error: PLC disconnected: timed out
2026-02-09 07:12:01,498 [ERROR] Polling thread error: PLC disconnected: timed out
2026-02-09 07:12:04,577 [ERROR] Polling thread error: PLC disconnected: timed out
2026-02-09 07:12:07,655 [ERROR] Polling thread error: PLC disconnected: timed out
2026-02-09 07:12:10,735 [ERROR] Polling thread error: PLC disconnected: timed out
2026-02-09 07:12:13,814 [ERROR] Polling thread error: PLC disconnected: timed out
2026-02-09 07:12:16,892 [ERROR] Polling thread error: PLC disconnected: timed out
2026-02-09 07:12:19,971 [ERROR] Polling thread error: PLC disconnected: timed out
2026-02-09 07:12:23,050 [ERROR] Polling thread error: PLC disconnected: timed out
2026-02-09 07:12:26,130 [ERROR] Polling thread error: PLC disconnected: timed out
2026-02-09 07:12:29,208 [ERROR] Polling thread error: PLC disconnected: timed out
2026-02-09 07:12:32,290 [ERROR] Polling thread error: PLC disconnected: timed out
2026-02-09 07:12:35,370 [ERROR] Polling thread error: PLC disconnected: timed out
2026-02-09 07:12:38,449 [ERROR] Polling thread error: PLC disconnected: timed out
2026-02-09 07:12:41,529 [ERROR] Polling thread error: PLC disconnected: timed out
2026-02-09 07:12:44,608 [ERROR] Polling thread error: PLC disconnected: timed out
2026-02-09 07:12:47,689 [ERROR] Polling thread error: PLC disconnected: timed out
2026-02-09 07:12:50,769 [ERROR] Polling thread error: PLC disconnected: timed out
2026-02-09 07:12:53,849 [ERROR] Polling thread error: PLC disconnected: timed out
2026-02-09 07:12:56,928 [ERROR] Polling thread error: PLC disconnected: timed out
2026-02-09 07:13:00,006 [ERROR] Polling thread error: PLC disconnected: timed out
2026-02-09 07:13:03,086 [ERROR] Polling thread error: PLC disconnected: timed out
2026-02-09 07:13:06,167 [ERROR] Polling thread error: PLC disconnected: timed out
2026-02-09 07:13:09,247 [ERROR] Polling thread error: PLC disconnected: timed out
2026-02-09 07:13:12,324 [ERROR] Polling thread error: PLC disconnected: timed out
2026-02-09 07:13:15,404 [ERROR] Polling thread error: PLC disconnected: timed out
2026-02-09 07:13:18,482 [ERROR] Polling thread error: PLC disconnected: timed out
2026-02-09 07:13:21,561 [ERROR] Polling thread error: PLC disconnected: timed out
2026-02-09 07:13:24,640 [ERROR] Polling thread error: PLC disconnected: timed out
2026-02-09 07:13:27,717 [ERROR] Polling thread error: PLC disconnected: timed out
2026-02-09 07:13:30,796 [ERROR] Polling thread error: PLC disconnected: timed out
2026-02-09 07:13:33,878 [ERROR] Polling thread error: PLC disconnected: timed out
2026-02-09 07:13:36,960 [ERROR] Polling thread error: PLC disconnected: timed out
2026-02-09 07:13:40,040 [ERROR] Polling thread error: PLC disconnected: timed out
2026-02-09 07:13:43,119 [ERROR] Polling thread error: PLC disconnected: timed out
2026-02-09 07:13:46,199 [ERROR] Polling thread error: PLC disconnected: timed out
2026-02-09 07:13:49,278 [ERROR] Polling thread error: PLC disconnected: timed out
2026-02-09 07:13:52,359 [ERROR] Polling thread error: PLC disconnected: timed out
2026-02-09 07:13:55,437 [ERROR] Polling thread error: PLC disconnected: timed out
2026-02-09 07:13:58,516 [ERROR] Polling thread error: PLC disconnected: timed out
2026-02-09 07:14:01,596 [ERROR] Polling thread error: PLC disconnected: timed out
2026-02-09 07:14:04,675 [ERROR] Polling thread error: PLC disconnected: timed out
2026-02-09 07:14:07,753 [ERROR] Polling thread error: PLC disconnected: timed out
2026-02-09 07:14:10,833 [ERROR] Polling thread error: PLC disconnected: timed out
2026-02-09 07:14:13,913 [ERROR] Polling thread error: PLC disconnected: timed out
2026-02-09 07:14:16,997 [ERROR] Polling thread error: PLC disconnected: timed out
2026-02-09 07:14:20,078 [ERROR] Polling thread error: PLC disconnected: timed out
2026-02-09 07:14:23,157 [ERROR] Polling thread error: PLC disconnected: timed out
2026-02-09 07:14:26,240 [ERROR] Polling thread error: PLC disconnected: timed out
2026-02-09 07:14:30,248 [WARNING] [Inference] TensorRT or cuda-python not installed: No module named 'tensorrt'
2026-02-09 07:14:30,828 [INFO] [Inference] Using GPU
2026-02-09 07:14:30,828 [INFO] [Inference] Loading OpenVINO model from C:\MyStuff\VS\MECup\backend\inference\openvino_model\model.xml
2026-02-09 07:14:32,222 [INFO] [Inference] Using OpenVINO backend on GPU
2026-02-09 07:14:32,406 [INFO] [Inference] Model ready (openvino)
2026-02-09 07:14:34,437 [ERROR] Polling thread error: PLC disconnected: timed out
2026-02-09 07:14:34,608 [WARNING] [Inference] TensorRT or cuda-python not installed: No module named 'tensorrt'
2026-02-09 07:14:35,131 [INFO] [Inference] Using GPU
2026-02-09 07:14:35,131 [INFO] [Inference] Loading OpenVINO model from C:\MyStuff\VS\MECup\backend\inference\openvino_model\model.xml
2026-02-09 07:14:36,552 [INFO] [Inference] Using OpenVINO backend on GPU
2026-02-09 07:14:36,730 [INFO] [Inference] Model ready (openvino)
2026-02-09 07:14:37,515 [ERROR] Polling thread error: PLC disconnected: timed out
2026-02-09 07:14:40,594 [ERROR] Polling thread error: PLC disconnected: timed out
2026-02-09 07:14:43,675 [ERROR] Polling thread error: PLC disconnected: timed out
2026-02-09 07:14:46,755 [ERROR] Polling thread error: PLC disconnected: timed out
2026-02-09 07:14:49,835 [ERROR] Polling thread error: PLC disconnected: timed out
2026-02-09 07:14:52,916 [ERROR] Polling thread error: PLC disconnected: timed out
2026-02-09 07:14:55,997 [ERROR] Polling thread error: PLC disconnected: timed out
2026-02-09 07:14:59,077 [ERROR] Polling thread error: PLC disconnected: timed out
2026-02-09 07:15:02,157 [ERROR] Polling thread error: PLC disconnected: timed out
2026-02-09 07:15:05,240 [ERROR] Polling thread error: PLC disconnected: timed out
2026-02-09 07:15:08,318 [ERROR] Polling thread error: PLC disconnected: timed out
2026-02-09 07:15:11,396 [ERROR] Polling thread error: PLC disconnected: timed out
2026-02-09 07:15:14,477 [ERROR] Polling thread error: PLC disconnected: timed out
2026-02-09 07:15:17,556 [ERROR] Polling thread error: PLC disconnected: timed out
2026-02-09 07:15:20,636 [ERROR] Polling thread error: PLC disconnected: timed out
2026-02-09 07:15:23,719 [ERROR] Polling thread error: PLC disconnected: timed out
2026-02-09 07:15:26,800 [ERROR] Polling thread error: PLC disconnected: timed out
2026-02-09 07:15:29,882 [ERROR] Polling thread error: PLC disconnected: timed out
2026-02-09 07:15:32,961 [ERROR] Polling thread error: PLC disconnected: timed out
2026-02-09 07:15:36,045 [ERROR] Polling thread error: PLC disconnected: timed out
2026-02-09 07:15:39,124 [ERROR] Polling thread error: PLC disconnected: timed out
2026-02-09 07:15:42,205 [ERROR] Polling thread error: PLC disconnected: timed out
2026-02-09 07:15:45,302 [ERROR] Polling thread error: PLC disconnected: timed out
2026-02-09 07:15:48,396 [ERROR] Polling thread error: PLC disconnected: timed out
2026-02-09 07:15:51,497 [ERROR] Polling thread error: PLC disconnected: timed out
2026-02-09 08:56:18,473 [ERROR] Polling thread error: PLC disconnected: timed out
2026-02-09 08:56:21,576 [ERROR] Polling thread error: PLC disconnected: timed out
2026-02-09 08:56:24,682 [ERROR] Polling thread error: PLC disconnected: timed out
2026-02-09 08:56:27,780 [ERROR] Polling thread error: PLC disconnected: timed out
2026-02-09 08:56:30,862 [ERROR] Polling thread error: PLC disconnected: timed out
2026-02-09 08:56:33,957 [ERROR] Polling thread error: PLC disconnected: timed out
2026-02-09 08:56:37,048 [ERROR] Polling thread error: PLC disconnected: timed out
2026-02-09 08:56:40,138 [ERROR] Polling thread error: PLC disconnected: timed out
2026-02-09 08:56:43,233 [ERROR] Polling thread error: PLC disconnected: timed out
2026-02-09 08:56:46,330 [ERROR] Polling thread error: PLC disconnected: timed out
2026-02-09 08:56:49,419 [ERROR] Polling thread error: PLC disconnected: timed out
2026-02-09 08:56:52,516 [ERROR] Polling thread error: PLC disconnected: timed out
2026-02-09 08:56:55,621 [ERROR] Polling thread error: PLC disconnected: timed out
2026-02-09 08:56:58,715 [ERROR] Polling thread error: PLC disconnected: timed out
2026-02-09 08:57:01,803 [ERROR] Polling thread error: PLC disconnected: timed out
2026-02-09 08:57:04,910 [ERROR] Polling thread error: PLC disconnected: timed out
2026-02-09 08:57:08,005 [ERROR] Polling thread error: PLC disconnected: timed out
2026-02-09 08:57:11,098 [ERROR] Polling thread error: PLC disconnected: timed out
2026-02-09 08:57:14,194 [ERROR] Polling thread error: PLC disconnected: timed out
2026-02-09 08:57:17,292 [ERROR] Polling thread error: PLC disconnected: timed out
2026-02-09 08:57:20,388 [ERROR] Polling thread error: PLC disconnected: timed out
2026-02-09 08:57:23,476 [ERROR] Polling thread error: PLC disconnected: timed out
2026-02-09 08:57:26,564 [ERROR] Polling thread error: PLC disconnected: timed out
2026-02-09 08:57:29,653 [ERROR] Polling thread error: PLC disconnected: timed out
2026-02-09 08:57:32,752 [ERROR] Polling thread error: PLC disconnected: timed out
2026-02-09 08:57:35,845 [ERROR] Polling thread error: PLC disconnected: timed out
2026-02-09 08:57:38,938 [ERROR] Polling thread error: PLC disconnected: timed out
2026-02-09 08:57:42,037 [ERROR] Polling thread error: PLC disconnected: timed out
2026-02-09 08:57:45,138 [ERROR] Polling thread error: PLC disconnected: timed out
2026-02-09 08:57:48,225 [ERROR] Polling thread error: PLC disconnected: timed out
2026-02-09 08:57:51,305 [ERROR] Polling thread error: PLC disconnected: timed out
2026-02-09 08:57:54,383 [ERROR] Polling thread error: PLC disconnected: timed out
2026-02-09 08:57:57,462 [ERROR] Polling thread error: PLC disconnected: timed out
2026-02-09 08:58:00,541 [ERROR] Polling thread error: PLC disconnected: timed out
2026-02-09 08:58:03,620 [ERROR] Polling thread error: PLC disconnected: timed out
2026-02-09 08:58:06,698 [ERROR] Polling thread error: PLC disconnected: timed out
2026-02-09 08:58:09,777 [ERROR] Polling thread error: PLC disconnected: timed out
2026-02-09 08:58:12,855 [ERROR] Polling thread error: PLC disconnected: timed out
2026-02-09 08:58:15,932 [ERROR] Polling thread error: PLC disconnected: timed out
2026-02-09 08:58:19,009 [ERROR] Polling thread error: PLC disconnected: timed out
2026-02-09 08:58:22,087 [ERROR] Polling thread error: PLC disconnected: timed out
2026-02-09 08:58:25,165 [ERROR] Polling thread error: PLC disconnected: timed out
2026-02-09 08:58:28,245 [ERROR] Polling thread error: PLC disconnected: timed out
2026-02-09 08:58:31,326 [ERROR] Polling thread error: PLC disconnected: timed out
2026-02-09 08:58:34,404 [ERROR] Polling thread error: PLC disconnected: timed out
2026-02-09 08:58:37,482 [ERROR] Polling thread error: PLC disconnected: timed out
2026-02-09 08:58:40,560 [ERROR] Polling thread error: PLC disconnected: timed out
2026-02-09 08:58:43,640 [ERROR] Polling thread error: PLC disconnected: timed out
2026-02-09 08:58:46,717 [ERROR] Polling thread error: PLC disconnected: timed out
2026-02-09 08:58:49,795 [ERROR] Polling thread error: PLC disconnected: timed out
2026-02-09 08:58:52,873 [ERROR] Polling thread error: PLC disconnected: timed out
2026-02-09 08:58:55,951 [ERROR] Polling thread error: PLC disconnected: timed out
2026-02-09 08:58:59,030 [ERROR] Polling thread error: PLC disconnected: timed out
2026-02-09 08:59:02,110 [ERROR] Polling thread error: PLC disconnected: timed out
2026-02-09 08:59:05,189 [ERROR] Polling thread error: PLC disconnected: timed out
2026-02-09 08:59:08,270 [ERROR] Polling thread error: PLC disconnected: timed out
2026-02-09 08:59:11,350 [ERROR] Polling thread error: PLC disconnected: timed out
2026-02-09 08:59:14,430 [ERROR] Polling thread error: PLC disconnected: timed out
2026-02-09 08:59:17,509 [ERROR] Polling thread error: PLC disconnected: timed out
2026-02-09 08:59:20,588 [ERROR] Polling thread error: PLC disconnected: timed out
2026-02-09 08:59:23,668 [ERROR] Polling thread error: PLC disconnected: timed out
2026-02-09 08:59:26,750 [ERROR] Polling thread error: PLC disconnected: timed out
2026-02-09 08:59:29,829 [ERROR] Polling thread error: PLC disconnected: timed out
2026-02-09 09:02:46,655 [ERROR] Polling thread error: PLC disconnected: timed out
2026-02-09 09:02:49,733 [ERROR] Polling thread error: PLC disconnected: timed out
2026-02-09 09:02:52,811 [ERROR] Polling thread error: PLC disconnected: timed out
2026-02-09 09:02:55,889 [ERROR] Polling thread error: PLC disconnected: timed out
2026-02-09 09:02:58,968 [ERROR] Polling thread error: PLC disconnected: timed out
2026-02-09 09:03:02,046 [ERROR] Polling thread error: PLC disconnected: timed out
2026-02-09 09:03:05,124 [ERROR] Polling thread error: PLC disconnected: timed out
2026-02-09 09:03:08,201 [ERROR] Polling thread error: PLC disconnected: timed out
2026-02-09 09:03:11,282 [ERROR] Polling thread error: PLC disconnected: timed out
2026-02-09 09:03:14,360 [ERROR] Polling thread error: PLC disconnected: timed out
2026-02-09 09:03:17,436 [ERROR] Polling thread error: PLC disconnected: timed out
2026-02-09 09:03:20,515 [ERROR] Polling thread error: PLC disconnected: timed out
2026-02-09 09:03:23,597 [ERROR] Polling thread error: PLC disconnected: timed out
2026-02-09 09:03:26,675 [ERROR] Polling thread error: PLC disconnected: timed out
2026-02-09 09:03:29,754 [ERROR] Polling thread error: PLC disconnected: timed out
2026-02-09 09:03:32,832 [ERROR] Polling thread error: PLC disconnected: timed out
2026-02-09 09:03:35,911 [ERROR] Polling thread error: PLC disconnected: timed out
2026-02-09 09:03:38,990 [ERROR] Polling thread error: PLC disconnected: timed out
2026-02-09 09:03:42,069 [ERROR] Polling thread error: PLC disconnected: timed out
2026-02-09 09:03:45,148 [ERROR] Polling thread error: PLC disconnected: timed out
2026-02-09 09:03:48,230 [ERROR] Polling thread error: PLC disconnected: timed out
2026-02-09 09:03:51,312 [ERROR] Polling thread error: PLC disconnected: timed out
2026-02-09 09:03:54,391 [ERROR] Polling thread error: PLC disconnected: timed out
2026-02-09 09:03:57,471 [ERROR] Polling thread error: PLC disconnected: timed out
2026-02-09 09:04:00,549 [ERROR] Polling thread error: PLC disconnected: timed out
2026-02-09 09:04:03,627 [ERROR] Polling thread error: PLC disconnected: timed out
2026-02-09 09:04:06,709 [ERROR] Polling thread error: PLC disconnected: timed out
2026-02-09 09:04:09,789 [ERROR] Polling thread error: PLC disconnected: timed out
2026-02-09 09:04:12,869 [ERROR] Polling thread error: PLC disconnected: timed out
2026-02-09 09:04:15,949 [ERROR] Polling thread error: PLC disconnected: timed out
2026-02-09 09:04:19,029 [ERROR] Polling thread error: PLC disconnected: timed out
2026-02-09 09:04:22,106 [ERROR] Polling thread error: PLC disconnected: timed out
2026-02-09 09:04:25,185 [ERROR] Polling thread error: PLC disconnected: timed out
2026-02-09 09:04:28,267 [ERROR] Polling thread error: PLC disconnected: timed out
2026-02-09 09:04:31,350 [ERROR] Polling thread error: PLC disconnected: timed out
2026-02-09 09:04:34,430 [ERROR] Polling thread error: PLC disconnected: timed out
2026-02-09 09:04:37,510 [ERROR] Polling thread error: PLC disconnected: timed out
2026-02-09 09:04:40,590 [ERROR] Polling thread error: PLC disconnected: timed out
2026-02-09 09:04:43,670 [ERROR] Polling thread error: PLC disconnected: timed out
2026-02-09 09:04:46,750 [ERROR] Polling thread error: PLC disconnected: timed out
2026-02-09 09:04:49,831 [ERROR] Polling thread error: PLC disconnected: timed out
2026-02-09 09:04:52,910 [ERROR] Polling thread error: PLC disconnected: timed out
2026-02-09 09:04:55,989 [ERROR] Polling thread error: PLC disconnected: timed out
2026-02-09 09:04:59,067 [ERROR] Polling thread error: PLC disconnected: timed out
2026-02-09 09:05:02,150 [ERROR] Polling thread error: PLC disconnected: timed out
2026-02-09 09:05:05,229 [ERROR] Polling thread error: PLC disconnected: timed out
2026-02-09 09:05:08,307 [ERROR] Polling thread error: PLC disconnected: timed out
2026-02-09 09:05:11,392 [ERROR] Polling thread error: PLC disconnected: timed out
2026-02-09 09:05:14,473 [ERROR] Polling thread error: PLC disconnected: timed out
2026-02-09 09:05:17,553 [ERROR] Polling thread error: PLC disconnected: timed out
2026-02-09 09:05:20,632 [ERROR] Polling thread error: PLC disconnected: timed out
2026-02-09 09:05:23,710 [ERROR] Polling thread error: PLC disconnected: timed out
2026-02-09 09:05:26,791 [ERROR] Polling thread error: PLC disconnected: timed out
2026-02-09 09:05:29,874 [ERROR] Polling thread error: PLC disconnected: timed out
2026-02-09 09:05:32,953 [ERROR] Polling thread error: PLC disconnected: timed out
2026-02-09 09:05:36,033 [ERROR] Polling thread error: PLC disconnected: timed out
2026-02-09 09:05:39,111 [ERROR] Polling thread error: PLC disconnected: timed out
2026-02-09 09:05:42,189 [ERROR] Polling thread error: PLC disconnected: timed out
2026-02-09 09:05:45,268 [ERROR] Polling thread error: PLC disconnected: timed out
2026-02-09 09:05:48,345 [ERROR] Polling thread error: PLC disconnected: timed out
2026-02-09 09:05:51,423 [ERROR] Polling thread error: PLC disconnected: timed out
2026-02-09 09:05:54,500 [ERROR] Polling thread error: PLC disconnected: timed out
2026-02-09 09:05:57,577 [ERROR] Polling thread error: PLC disconnected: timed out
2026-02-09 09:06:00,655 [ERROR] Polling thread error: PLC disconnected: timed out
2026-02-09 09:06:03,732 [ERROR] Polling thread error: PLC disconnected: timed out
2026-02-09 09:06:06,809 [ERROR] Polling thread error: PLC disconnected: timed out
2026-02-09 09:06:09,887 [ERROR] Polling thread error: PLC disconnected: timed out
2026-02-09 09:06:12,964 [ERROR] Polling thread error: PLC disconnected: timed out
2026-02-09 09:06:16,040 [ERROR] Polling thread error: PLC disconnected: timed out
2026-02-09 09:06:19,117 [ERROR] Polling thread error: PLC disconnected: timed out
2026-02-09 09:06:22,193 [ERROR] Polling thread error: PLC disconnected: timed out
2026-02-09 09:06:25,271 [ERROR] Polling thread error: PLC disconnected: timed out
2026-02-09 09:06:28,359 [ERROR] Polling thread error: PLC disconnected: timed out
2026-02-09 09:06:31,452 [ERROR] Polling thread error: PLC disconnected: timed out
2026-02-09 09:06:34,531 [ERROR] Polling thread error: PLC disconnected: timed out
2026-02-09 09:06:37,639 [ERROR] Polling thread error: PLC disconnected: timed out
2026-02-09 09:06:40,734 [ERROR] Polling thread error: PLC disconnected: timed out
2026-02-09 09:06:43,838 [ERROR] Polling thread error: PLC disconnected: timed out
2026-02-09 09:06:46,920 [ERROR] Polling thread error: PLC disconnected: timed out
2026-02-09 09:06:50,004 [ERROR] Polling thread error: PLC disconnected: timed out
2026-02-09 09:06:53,081 [ERROR] Polling thread error: PLC disconnected: timed out
2026-02-09 09:06:56,158 [ERROR] Polling thread error: PLC disconnected: timed out
2026-02-09 09:06:59,235 [ERROR] Polling thread error: PLC disconnected: timed out
2026-02-09 09:07:02,311 [ERROR] Polling thread error: PLC disconnected: timed out
2026-02-09 09:07:17,497 [WARNING] [Inference] TensorRT or cuda-python not installed: No module named 'tensorrt'
2026-02-09 09:07:17,780 [INFO] [Inference] Using GPU
2026-02-09 09:07:17,780 [INFO] [Inference] Loading OpenVINO model from C:\MyStuff\VS\MECup\backend\inference\openvino_model\model.xml
2026-02-09 09:07:18,381 [INFO] [Inference] Using OpenVINO backend on GPU
2026-02-09 09:07:18,564 [INFO] [Inference] Model ready (openvino)
2026-02-09 09:07:19,330 [WARNING] [Inference] TensorRT or cuda-python not installed: No module named 'tensorrt'
2026-02-09 09:07:19,554 [INFO] [Inference] Using GPU
2026-02-09 09:07:19,554 [INFO] [Inference] Loading OpenVINO model from C:\MyStuff\VS\MECup\backend\inference\openvino_model\model.xml
2026-02-09 09:07:20,143 [INFO] [Inference] Using OpenVINO backend on GPU
2026-02-09 09:07:20,305 [INFO] [Inference] Model ready (openvino)
2026-02-09 09:07:20,575 [ERROR] Polling thread error: PLC disconnected: timed out
2026-02-09 09:07:23,654 [ERROR] Polling thread error: PLC disconnected: timed out
2026-02-09 09:07:26,731 [ERROR] Polling thread error: PLC disconnected: timed out
2026-02-09 09:07:29,823 [ERROR] Polling thread error: PLC disconnected: timed out
2026-02-09 09:07:32,900 [ERROR] Polling thread error: PLC disconnected: timed out
2026-02-09 09:07:35,977 [ERROR] Polling thread error: PLC disconnected: timed out
2026-02-09 09:07:39,055 [ERROR] Polling thread error: PLC disconnected: timed out
2026-02-09 09:07:42,132 [ERROR] Polling thread error: PLC disconnected: timed out
2026-02-09 09:07:45,222 [ERROR] Polling thread error: PLC disconnected: timed out
2026-02-09 09:07:48,300 [ERROR] Polling thread error: PLC disconnected: timed out
2026-02-09 09:07:51,377 [ERROR] Polling thread error: PLC disconnected: timed out
2026-02-09 09:07:54,454 [ERROR] Polling thread error: PLC disconnected: timed out
2026-02-09 09:07:57,531 [ERROR] Polling thread error: PLC disconnected: timed out
2026-02-09 09:08:00,609 [ERROR] Polling thread error: PLC disconnected: timed out
2026-02-09 09:08:03,685 [ERROR] Polling thread error: PLC disconnected: timed out
2026-02-09 09:10:39,847 [WARNING] [Inference] TensorRT or cuda-python not installed: No module named 'tensorrt'
2026-02-09 09:10:40,100 [INFO] [Inference] Using GPU
2026-02-09 09:10:40,100 [INFO] [Inference] Loading OpenVINO model from C:\MyStuff\VS\MECup\backend\inference\openvino_model\model.xml
2026-02-09 09:10:40,722 [INFO] [Inference] Using OpenVINO backend on GPU
2026-02-09 09:10:40,909 [INFO] [Inference] Model ready (openvino)
2026-02-09 09:10:41,729 [WARNING] [Inference] TensorRT or cuda-python not installed: No module named 'tensorrt'
2026-02-09 09:10:41,973 [INFO] [Inference] Using GPU
2026-02-09 09:10:41,974 [INFO] [Inference] Loading OpenVINO model from C:\MyStuff\VS\MECup\backend\inference\openvino_model\model.xml
2026-02-09 09:10:42,602 [INFO] [Inference] Using OpenVINO backend on GPU
2026-02-09 09:10:42,795 [INFO] [Inference] Model ready (openvino)
2026-02-09 09:11:41,040 [WARNING] [Inference] TensorRT or cuda-python not installed: No module named 'tensorrt'
2026-02-09 09:11:41,302 [INFO] [Inference] Using GPU
2026-02-09 09:11:41,302 [INFO] [Inference] Loading OpenVINO model from C:\MyStuff\VS\MECup\backend\inference\openvino_model\model.xml
2026-02-09 09:11:41,915 [INFO] [Inference] Using OpenVINO backend on GPU
2026-02-09 09:11:42,102 [INFO] [Inference] Model ready (openvino)
2026-02-09 09:11:42,900 [WARNING] [Inference] TensorRT or cuda-python not installed: No module named 'tensorrt'
2026-02-09 09:11:43,151 [INFO] [Inference] Using GPU
2026-02-09 09:11:43,151 [INFO] [Inference] Loading OpenVINO model from C:\MyStuff\VS\MECup\backend\inference\openvino_model\model.xml
2026-02-09 09:11:43,754 [INFO] [Inference] Using OpenVINO backend on GPU
2026-02-09 09:11:43,934 [INFO] [Inference] Model ready (openvino)
2026-02-09 09:12:06,267 [WARNING] [Inference] TensorRT or cuda-python not installed: No module named 'tensorrt'
2026-02-09 09:12:06,517 [INFO] [Inference] Using GPU
2026-02-09 09:12:06,517 [INFO] [Inference] Loading OpenVINO model from C:\MyStuff\VS\MECup\backend\inference\openvino_model\model.xml
2026-02-09 09:12:07,138 [INFO] [Inference] Using OpenVINO backend on GPU
2026-02-09 09:12:07,327 [INFO] [Inference] Model ready (openvino)
2026-02-09 09:12:08,121 [WARNING] [Inference] TensorRT or cuda-python not installed: No module named 'tensorrt'
2026-02-09 09:12:08,360 [INFO] [Inference] Using GPU
2026-02-09 09:12:08,360 [INFO] [Inference] Loading OpenVINO model from C:\MyStuff\VS\MECup\backend\inference\openvino_model\model.xml
2026-02-09 09:12:08,962 [INFO] [Inference] Using OpenVINO backend on GPU
2026-02-09 09:12:09,134 [INFO] [Inference] Model ready (openvino)
2026-02-09 09:12:31,882 [WARNING] [Inference] TensorRT or cuda-python not installed: No module named 'tensorrt'
2026-02-09 09:12:32,140 [INFO] [Inference] Using GPU
2026-02-09 09:12:32,140 [INFO] [Inference] Loading OpenVINO model from C:\MyStuff\VS\MECup\backend\inference\openvino_model\model.xml
2026-02-09 09:12:32,745 [INFO] [Inference] Using OpenVINO backend on GPU
2026-02-09 09:12:32,922 [INFO] [Inference] Model ready (openvino)
2026-02-09 09:12:33,747 [WARNING] [Inference] TensorRT or cuda-python not installed: No module named 'tensorrt'
2026-02-09 09:12:33,983 [INFO] [Inference] Using GPU
2026-02-09 09:12:33,983 [INFO] [Inference] Loading OpenVINO model from C:\MyStuff\VS\MECup\backend\inference\openvino_model\model.xml
2026-02-09 09:12:34,592 [INFO] [Inference] Using OpenVINO backend on GPU
2026-02-09 09:12:34,791 [INFO] [Inference] Model ready (openvino)
2026-02-09 09:13:51,339 [WARNING] [Inference] TensorRT or cuda-python not installed: No module named 'tensorrt'
2026-02-09 09:13:51,617 [INFO] [Inference] Using GPU
2026-02-09 09:13:51,617 [INFO] [Inference] Loading OpenVINO model from C:\MyStuff\VS\MECup\backend\inference\openvino_model\model.xml
2026-02-09 09:13:52,245 [INFO] [Inference] Using OpenVINO backend on GPU
2026-02-09 09:13:52,415 [INFO] [Inference] Model ready (openvino)
2026-02-09 09:13:53,267 [WARNING] [Inference] TensorRT or cuda-python not installed: No module named 'tensorrt'
2026-02-09 09:13:53,502 [INFO] [Inference] Using GPU
2026-02-09 09:13:53,502 [INFO] [Inference] Loading OpenVINO model from C:\MyStuff\VS\MECup\backend\inference\openvino_model\model.xml
2026-02-09 09:13:54,126 [INFO] [Inference] Using OpenVINO backend on GPU
2026-02-09 09:13:54,292 [INFO] [Inference] Model ready (openvino)
2026-02-09 09:16:17,110 [WARNING] [Inference] TensorRT or cuda-python not installed: No module named 'tensorrt'
2026-02-09 09:16:17,363 [INFO] [Inference] Using GPU
2026-02-09 09:16:17,364 [INFO] [Inference] Loading OpenVINO model from C:\MyStuff\VS\MECup\backend\inference\openvino_model\model.xml
2026-02-09 09:16:17,977 [INFO] [Inference] Using OpenVINO backend on GPU
2026-02-09 09:16:18,152 [INFO] [Inference] Model ready (openvino)
2026-02-09 09:16:18,934 [WARNING] [Inference] TensorRT or cuda-python not installed: No module named 'tensorrt'
2026-02-09 09:16:19,162 [INFO] [Inference] Using GPU
2026-02-09 09:16:19,162 [INFO] [Inference] Loading OpenVINO model from C:\MyStuff\VS\MECup\backend\inference\openvino_model\model.xml
2026-02-09 09:16:19,785 [INFO] [Inference] Using OpenVINO backend on GPU
2026-02-09 09:16:19,952 [INFO] [Inference] Model ready (openvino)
2026-02-09 09:27:19,611 [WARNING] [Inference] TensorRT or cuda-python not installed: No module named 'tensorrt'
2026-02-09 09:27:19,903 [INFO] [Inference] Using GPU
2026-02-09 09:27:19,904 [INFO] [Inference] Loading OpenVINO model from C:\MyStuff\VS\MECup\backend\inference\openvino_model\model.xml
2026-02-09 09:27:20,516 [INFO] [Inference] Using OpenVINO backend on GPU
2026-02-09 09:27:20,712 [INFO] [Inference] Model ready (openvino)
2026-02-09 09:27:21,538 [WARNING] [Inference] TensorRT or cuda-python not installed: No module named 'tensorrt'
2026-02-09 09:27:21,781 [INFO] [Inference] Using GPU
2026-02-09 09:27:21,781 [INFO] [Inference] Loading OpenVINO model from C:\MyStuff\VS\MECup\backend\inference\openvino_model\model.xml
2026-02-09 09:27:22,393 [INFO] [Inference] Using OpenVINO backend on GPU
2026-02-09 09:27:22,568 [INFO] [Inference] Model ready (openvino)
2026-02-09 09:28:28,242 [ERROR] Polling thread error: [WinError 10054] An existing connection was forcibly closed by the remote host
2026-02-09 09:28:32,244 [ERROR] Polling thread error: PLC disconnected: timed out
2026-02-09 09:28:35,322 [ERROR] Polling thread error: PLC disconnected: timed out
2026-02-09 09:28:38,399 [ERROR] Polling thread error: PLC disconnected: timed out
2026-02-09 09:28:41,477 [ERROR] Polling thread error: PLC disconnected: timed out
2026-02-09 09:28:44,555 [ERROR] Polling thread error: PLC disconnected: timed out
2026-02-09 09:28:47,633 [ERROR] Polling thread error: PLC disconnected: timed out
2026-02-09 09:28:50,711 [ERROR] Polling thread error: PLC disconnected: timed out
2026-02-09 09:28:53,789 [ERROR] Polling thread error: PLC disconnected: timed out
2026-02-09 09:28:56,867 [ERROR] Polling thread error: PLC disconnected: timed out
2026-02-09 09:28:57,956 [ERROR] Polling thread error: PLC Connection Closed
2026-02-09 09:28:59,044 [ERROR] Polling thread error: PLC Connection Closed
2026-02-09 09:29:00,131 [ERROR] Polling thread error: PLC Connection Closed
2026-02-09 09:29:01,212 [ERROR] Polling thread error: PLC Connection Closed
2026-02-09 09:29:02,302 [ERROR] Polling thread error: PLC Connection Closed
2026-02-09 09:29:03,390 [ERROR] Polling thread error: PLC Connection Closed
2026-02-09 09:29:04,470 [ERROR] Polling thread error: PLC Connection Closed
2026-02-09 09:29:05,551 [ERROR] Polling thread error: PLC Connection Closed
2026-02-09 09:29:06,640 [ERROR] Polling thread error: PLC Connection Closed
2026-02-09 09:29:07,727 [ERROR] Polling thread error: PLC Connection Closed
2026-02-09 09:29:08,816 [ERROR] Polling thread error: PLC Connection Closed
2026-02-09 09:29:09,897 [ERROR] Polling thread error: PLC Connection Closed
2026-02-09 09:29:13,422 [WARNING] [Inference] TensorRT or cuda-python not installed: No module named 'tensorrt'
2026-02-09 09:29:13,669 [INFO] [Inference] Using GPU
2026-02-09 09:29:13,670 [INFO] [Inference] Loading OpenVINO model from C:\MyStuff\VS\MECup\backend\inference\openvino_model\model.xml
2026-02-09 09:29:14,284 [INFO] [Inference] Using OpenVINO backend on GPU
2026-02-09 09:29:14,452 [INFO] [Inference] Model ready (openvino)
2026-02-09 09:29:14,478 [ERROR] Polling thread error: PLC Connection Closed
2026-02-09 09:29:15,235 [WARNING] [Inference] TensorRT or cuda-python not installed: No module named 'tensorrt'
2026-02-09 09:29:15,474 [INFO] [Inference] Using GPU
2026-02-09 09:29:15,474 [INFO] [Inference] Loading OpenVINO model from C:\MyStuff\VS\MECup\backend\inference\openvino_model\model.xml
2026-02-09 09:29:15,566 [ERROR] Polling thread error: PLC Connection Closed
2026-02-09 09:29:16,083 [INFO] [Inference] Using OpenVINO backend on GPU
2026-02-09 09:29:16,250 [INFO] [Inference] Model ready (openvino)
2026-02-09 09:29:16,654 [ERROR] Polling thread error: PLC Connection Closed
2026-02-09 09:29:17,745 [ERROR] Polling thread error: PLC Connection Closed
2026-02-09 09:29:18,834 [ERROR] Polling thread error: PLC Connection Closed
2026-02-09 09:30:59,340 [ERROR] Polling thread error: [WinError 10054] An existing connection was forcibly closed by the remote host
2026-02-09 09:31:02,416 [ERROR] Polling thread error: PLC disconnected: timed out
2026-02-09 09:31:05,494 [ERROR] Polling thread error: PLC disconnected: timed out
2026-02-09 09:31:08,571 [ERROR] Polling thread error: PLC disconnected: timed out
2026-02-09 09:31:11,647 [ERROR] Polling thread error: PLC disconnected: timed out
2026-02-09 09:31:14,725 [ERROR] Polling thread error: PLC disconnected: timed out
2026-02-09 09:31:17,802 [ERROR] Polling thread error: PLC disconnected: timed out
2026-02-09 09:31:59,902 [WARNING] [Inference] TensorRT or cuda-python not installed: No module named 'tensorrt'
2026-02-09 09:32:00,155 [INFO] [Inference] Using GPU
2026-02-09 09:32:00,155 [INFO] [Inference] Loading OpenVINO model from C:\MyStuff\VS\MECup\backend\inference\openvino_model\model.xml
2026-02-09 09:32:00,775 [INFO] [Inference] Using OpenVINO backend on GPU
2026-02-09 09:32:00,962 [INFO] [Inference] Model ready (openvino)
2026-02-09 09:32:01,763 [WARNING] [Inference] TensorRT or cuda-python not installed: No module named 'tensorrt'
2026-02-09 09:32:01,999 [INFO] [Inference] Using GPU
2026-02-09 09:32:01,999 [INFO] [Inference] Loading OpenVINO model from C:\MyStuff\VS\MECup\backend\inference\openvino_model\model.xml
2026-02-09 09:32:02,633 [INFO] [Inference] Using OpenVINO backend on GPU
2026-02-09 09:32:02,818 [INFO] [Inference] Model ready (openvino)
2026-02-09 09:34:25,241 [ERROR] Polling thread error: [WinError 10054] An existing connection was forcibly closed by the remote host
2026-02-09 09:34:28,318 [ERROR] Polling thread error: PLC disconnected: timed out
2026-02-09 09:34:31,396 [ERROR] Polling thread error: PLC disconnected: timed out
2026-02-09 09:34:34,474 [ERROR] Polling thread error: PLC disconnected: timed out
2026-02-09 09:34:37,551 [ERROR] Polling thread error: PLC disconnected: timed out
2026-02-09 09:34:40,628 [ERROR] Polling thread error: PLC disconnected: timed out
2026-02-09 09:34:43,706 [ERROR] Polling thread error: PLC disconnected: timed out
2026-02-09 09:34:46,783 [ERROR] Polling thread error: PLC disconnected: timed out
2026-02-09 09:34:49,860 [ERROR] Polling thread error: PLC disconnected: timed out
2026-02-09 09:34:52,938 [ERROR] Polling thread error: PLC disconnected: timed out
2026-02-09 09:34:56,015 [ERROR] Polling thread error: PLC disconnected: timed out
2026-02-09 09:34:59,092 [ERROR] Polling thread error: PLC disconnected: timed out
2026-02-09 09:35:02,168 [ERROR] Polling thread error: PLC disconnected: timed out
2026-02-09 09:35:05,245 [ERROR] Polling thread error: PLC disconnected: timed out
2026-02-09 09:35:08,322 [ERROR] Polling thread error: PLC disconnected: timed out
2026-02-09 09:36:49,396 [ERROR] Polling thread error: [WinError 10054] An existing connection was forcibly closed by the remote host
2026-02-09 09:36:53,398 [ERROR] Polling thread error: PLC disconnected: timed out
2026-02-09 09:36:56,475 [ERROR] Polling thread error: PLC disconnected: timed out
2026-02-09 09:36:59,552 [ERROR] Polling thread error: PLC disconnected: timed out
2026-02-09 09:37:02,629 [ERROR] Polling thread error: PLC disconnected: timed out
2026-02-09 09:37:05,706 [ERROR] Polling thread error: PLC disconnected: timed out
2026-02-09 09:37:08,782 [ERROR] Polling thread error: PLC disconnected: timed out
2026-02-09 09:37:11,859 [ERROR] Polling thread error: PLC disconnected: timed out
2026-02-09 09:37:14,938 [ERROR] Polling thread error: PLC disconnected: timed out
2026-02-09 09:37:18,014 [ERROR] Polling thread error: PLC disconnected: timed out
2026-02-09 10:27:41,632 [WARNING] [Inference] TensorRT or cuda-python not installed: No module named 'tensorrt'
2026-02-09 10:27:41,931 [INFO] [Inference] Using GPU
2026-02-09 10:27:41,933 [INFO] [Inference] Loading OpenVINO model from C:\MyStuff\VS\MECup\backend\inference\openvino_model\model.xml
2026-02-09 10:27:42,569 [INFO] [Inference] Using OpenVINO backend on GPU
2026-02-09 10:27:42,745 [INFO] [Inference] Model ready (openvino)
2026-02-09 10:27:43,577 [WARNING] [Inference] TensorRT or cuda-python not installed: No module named 'tensorrt'
2026-02-09 10:27:43,809 [INFO] [Inference] Using GPU
2026-02-09 10:27:43,810 [INFO] [Inference] Loading OpenVINO model from C:\MyStuff\VS\MECup\backend\inference\openvino_model\model.xml
2026-02-09 10:27:44,507 [INFO] [Inference] Using OpenVINO backend on GPU
2026-02-09 10:27:44,695 [INFO] [Inference] Model ready (openvino)
2026-02-09 10:32:07,014 [ERROR] Polling thread error: [WinError 10054] An existing connection was forcibly closed by the remote host
2026-02-09 10:57:12,127 [ERROR] Polling thread error: [WinError 10054] An existing connection was forcibly closed by the remote host
2026-02-09 10:57:15,222 [ERROR] Polling thread error: PLC disconnected: timed out
2026-02-09 10:57:18,320 [ERROR] Polling thread error: PLC disconnected: timed out
2026-02-09 11:01:51,685 [ERROR] Polling thread error: PLC disconnected: timed out
2026-02-09 11:01:54,775 [ERROR] Polling thread error: PLC disconnected: timed out
2026-02-09 11:01:57,873 [ERROR] Polling thread error: PLC disconnected: timed out
2026-02-09 11:02:00,976 [ERROR] Polling thread error: PLC disconnected: timed out
2026-02-09 11:02:04,074 [ERROR] Polling thread error: PLC disconnected: timed out
2026-02-09 11:02:07,161 [ERROR] Polling thread error: PLC disconnected: timed out
2026-02-09 11:02:10,266 [ERROR] Polling thread error: PLC disconnected: timed out
2026-02-09 11:02:13,360 [ERROR] Polling thread error: PLC disconnected: timed out
2026-02-09 11:02:16,454 [ERROR] Polling thread error: PLC disconnected: timed out
2026-02-09 11:02:19,550 [ERROR] Polling thread error: PLC disconnected: timed out
2026-02-09 11:02:22,634 [ERROR] Polling thread error: PLC disconnected: timed out
2026-02-09 11:02:25,727 [ERROR] Polling thread error: PLC disconnected: timed out
2026-02-09 11:02:28,826 [ERROR] Polling thread error: PLC disconnected: timed out
2026-02-09 11:02:31,930 [ERROR] Polling thread error: PLC disconnected: timed out
2026-02-09 11:02:35,023 [ERROR] Polling thread error: PLC disconnected: timed out
2026-02-09 11:02:38,114 [ERROR] Polling thread error: PLC disconnected: timed out
2026-02-09 11:02:41,206 [ERROR] Polling thread error: PLC disconnected: timed out
2026-02-09 11:02:44,312 [ERROR] Polling thread error: PLC disconnected: timed out
2026-02-09 11:02:47,420 [ERROR] Polling thread error: PLC disconnected: timed out
2026-02-09 11:02:50,525 [ERROR] Polling thread error: PLC disconnected: timed out
2026-02-09 11:02:53,622 [ERROR] Polling thread error: PLC disconnected: timed out
2026-02-09 11:02:56,720 [ERROR] Polling thread error: PLC disconnected: timed out
2026-02-09 11:02:59,812 [ERROR] Polling thread error: PLC disconnected: timed out
2026-02-09 11:03:02,919 [ERROR] Polling thread error: PLC disconnected: timed out
2026-02-09 11:03:06,029 [ERROR] Polling thread error: PLC disconnected: timed out
2026-02-09 11:03:09,122 [ERROR] Polling thread error: PLC disconnected: timed out
2026-02-09 11:03:12,217 [ERROR] Polling thread error: PLC disconnected: timed out
2026-02-09 11:03:15,323 [ERROR] Polling thread error: PLC disconnected: timed out
2026-02-09 11:03:18,429 [ERROR] Polling thread error: PLC disconnected: timed out
2026-02-09 11:03:21,524 [ERROR] Polling thread error: PLC disconnected: timed out
2026-02-09 11:03:24,617 [ERROR] Polling thread error: PLC disconnected: timed out
2026-02-09 11:03:27,708 [ERROR] Polling thread error: PLC disconnected: timed out
2026-02-09 11:03:30,818 [ERROR] Polling thread error: PLC disconnected: timed out
2026-02-09 11:03:33,918 [ERROR] Polling thread error: PLC disconnected: timed out
2026-02-09 11:03:37,009 [ERROR] Polling thread error: PLC disconnected: timed out
2026-02-09 11:03:40,114 [ERROR] Polling thread error: PLC disconnected: timed out
2026-02-09 11:03:43,212 [ERROR] Polling thread error: PLC disconnected: timed out
2026-02-09 11:03:46,307 [ERROR] Polling thread error: PLC disconnected: timed out
2026-02-09 11:03:49,400 [ERROR] Polling thread error: PLC disconnected: timed out
2026-02-09 11:03:52,502 [ERROR] Polling thread error: PLC disconnected: timed out
2026-02-09 11:03:55,592 [ERROR] Polling thread error: PLC disconnected: timed out
2026-02-09 11:03:58,692 [ERROR] Polling thread error: PLC disconnected: timed out
2026-02-09 11:04:01,790 [ERROR] Polling thread error: PLC disconnected: timed out
2026-02-09 11:04:04,889 [ERROR] Polling thread error: PLC disconnected: timed out
2026-02-09 11:04:07,982 [ERROR] Polling thread error: PLC disconnected: timed out
2026-02-09 11:04:11,081 [ERROR] Polling thread error: PLC disconnected: timed out
2026-02-09 11:04:14,174 [ERROR] Polling thread error: PLC disconnected: timed out
2026-02-09 11:04:17,264 [ERROR] Polling thread error: PLC disconnected: timed out
2026-02-09 11:04:20,358 [ERROR] Polling thread error: PLC disconnected: timed out
2026-02-09 11:04:23,454 [ERROR] Polling thread error: PLC disconnected: timed out
2026-02-09 11:04:26,547 [ERROR] Polling thread error: PLC disconnected: timed out
2026-02-09 11:04:29,632 [ERROR] Polling thread error: PLC disconnected: timed out
2026-02-09 11:04:32,725 [ERROR] Polling thread error: PLC disconnected: timed out
2026-02-09 11:04:35,815 [ERROR] Polling thread error: PLC disconnected: timed out
2026-02-09 11:04:38,901 [ERROR] Polling thread error: PLC disconnected: timed out
2026-02-09 11:04:42,003 [ERROR] Polling thread error: PLC disconnected: timed out
2026-02-09 11:04:45,096 [ERROR] Polling thread error: PLC disconnected: timed out
2026-02-09 11:04:48,200 [ERROR] Polling thread error: PLC disconnected: timed out
2026-02-09 11:04:51,299 [ERROR] Polling thread error: PLC disconnected: timed out
2026-02-09 11:04:54,399 [ERROR] Polling thread error: PLC disconnected: timed out
2026-02-09 11:04:57,498 [ERROR] Polling thread error: PLC disconnected: timed out
2026-02-09 11:05:00,582 [ERROR] Polling thread error: PLC disconnected: timed out
2026-02-09 11:05:03,675 [ERROR] Polling thread error: PLC disconnected: timed out
2026-02-09 11:05:06,783 [ERROR] Polling thread error: PLC disconnected: timed out
2026-02-09 11:05:09,883 [ERROR] Polling thread error: PLC disconnected: timed out
2026-02-09 11:05:12,973 [ERROR] Polling thread error: PLC disconnected: timed out
2026-02-09 11:05:16,075 [ERROR] Polling thread error: PLC disconnected: timed out
2026-02-09 11:05:19,171 [ERROR] Polling thread error: PLC disconnected: timed out
2026-02-09 11:05:22,270 [ERROR] Polling thread error: PLC disconnected: timed out
2026-02-09 11:05:25,356 [ERROR] Polling thread error: PLC disconnected: timed out
2026-02-09 11:05:28,466 [ERROR] Polling thread error: PLC disconnected: timed out
2026-02-09 11:05:31,572 [ERROR] Polling thread error: PLC disconnected: timed out
2026-02-09 11:05:34,668 [ERROR] Polling thread error: PLC disconnected: timed out
2026-02-09 11:05:37,758 [ERROR] Polling thread error: PLC disconnected: timed out
2026-02-09 11:05:40,852 [ERROR] Polling thread error: PLC disconnected: timed out
2026-02-09 11:05:43,956 [ERROR] Polling thread error: PLC disconnected: timed out
2026-02-09 11:05:47,058 [ERROR] Polling thread error: PLC disconnected: timed out
2026-02-09 11:05:50,159 [ERROR] Polling thread error: PLC disconnected: timed out
2026-02-09 11:05:53,261 [ERROR] Polling thread error: PLC disconnected: timed out
2026-02-09 11:05:56,364 [ERROR] Polling thread error: PLC disconnected: timed out
2026-02-09 11:05:59,468 [ERROR] Polling thread error: PLC disconnected: timed out
2026-02-09 11:06:02,562 [ERROR] Polling thread error: PLC disconnected: timed out
2026-02-09 11:06:05,656 [ERROR] Polling thread error: PLC disconnected: timed out
2026-02-09 11:06:08,752 [ERROR] Polling thread error: PLC disconnected: timed out
2026-02-09 11:06:11,845 [ERROR] Polling thread error: PLC disconnected: timed out
2026-02-09 11:06:14,946 [ERROR] Polling thread error: PLC disconnected: timed out
2026-02-09 11:06:18,041 [ERROR] Polling thread error: PLC disconnected: timed out
2026-02-09 11:06:21,132 [ERROR] Polling thread error: PLC disconnected: timed out
2026-02-09 11:06:24,229 [ERROR] Polling thread error: PLC disconnected: timed out
2026-02-09 11:06:27,325 [ERROR] Polling thread error: PLC disconnected: timed out
2026-02-09 11:06:30,417 [ERROR] Polling thread error: PLC disconnected: timed out
2026-02-09 11:06:33,530 [ERROR] Polling thread error: PLC disconnected: timed out
2026-02-09 11:06:36,624 [ERROR] Polling thread error: PLC disconnected: timed out
2026-02-09 11:06:39,725 [ERROR] Polling thread error: PLC disconnected: timed out
2026-02-09 11:06:42,814 [ERROR] Polling thread error: PLC disconnected: timed out
2026-02-09 11:06:45,916 [ERROR] Polling thread error: PLC disconnected: timed out
2026-02-09 11:06:49,005 [ERROR] Polling thread error: PLC disconnected: timed out
2026-02-09 11:06:52,084 [ERROR] Polling thread error: PLC disconnected: timed out
2026-02-09 11:06:55,161 [ERROR] Polling thread error: PLC disconnected: timed out
2026-02-09 11:06:58,241 [ERROR] Polling thread error: PLC disconnected: timed out
2026-02-09 11:07:01,320 [ERROR] Polling thread error: PLC disconnected: timed out
2026-02-09 11:07:04,400 [ERROR] Polling thread error: PLC disconnected: timed out
2026-02-09 11:07:07,482 [ERROR] Polling thread error: PLC disconnected: timed out
2026-02-09 11:07:10,561 [ERROR] Polling thread error: PLC disconnected: timed out
2026-02-09 11:07:13,641 [ERROR] Polling thread error: PLC disconnected: timed out
2026-02-09 11:07:16,719 [ERROR] Polling thread error: PLC disconnected: timed out
2026-02-09 11:54:23,361 [WARNING] [Inference] TensorRT or cuda-python not installed: No module named 'tensorrt'
2026-02-09 11:54:23,856 [INFO] [Inference] Using GPU
2026-02-09 11:54:23,856 [INFO] [Inference] Loading OpenVINO model from C:\MyStuff\VS\MECup\backend\inference\openvino_model\model.xml
2026-02-09 11:54:25,102 [INFO] [Inference] Using OpenVINO backend on GPU
2026-02-09 11:54:25,277 [INFO] [Inference] Model ready (openvino)
2026-02-09 11:54:27,097 [WARNING] [Inference] TensorRT or cuda-python not installed: No module named 'tensorrt'
2026-02-09 11:54:27,302 [ERROR] Polling thread error: PLC disconnected: timed out
2026-02-09 11:54:27,554 [INFO] [Inference] Using GPU
2026-02-09 11:54:27,554 [INFO] [Inference] Loading OpenVINO model from C:\MyStuff\VS\MECup\backend\inference\openvino_model\model.xml
2026-02-09 11:54:29,147 [INFO] [Inference] Using OpenVINO backend on GPU
2026-02-09 11:54:29,321 [INFO] [Inference] Model ready (openvino)
2026-02-09 11:54:30,381 [ERROR] Polling thread error: PLC disconnected: timed out
2026-02-09 11:54:33,459 [ERROR] Polling thread error: PLC disconnected: timed out
2026-02-09 11:54:36,544 [ERROR] Polling thread error: PLC disconnected: timed out
2026-02-09 11:54:39,622 [ERROR] Polling thread error: PLC disconnected: timed out
2026-02-09 11:54:42,698 [ERROR] Polling thread error: PLC disconnected: timed out
2026-02-09 11:54:45,775 [ERROR] Polling thread error: PLC disconnected: timed out
2026-02-09 11:54:48,854 [ERROR] Polling thread error: PLC disconnected: timed out
2026-02-09 11:54:51,931 [ERROR] Polling thread error: PLC disconnected: timed out
2026-02-09 11:54:55,010 [ERROR] Polling thread error: PLC disconnected: timed out
2026-02-09 11:54:58,086 [ERROR] Polling thread error: PLC disconnected: timed out
2026-02-09 11:55:01,174 [ERROR] Polling thread error: PLC disconnected: timed out
2026-02-09 11:55:04,272 [ERROR] Polling thread error: PLC disconnected: timed out
2026-02-09 11:55:07,360 [ERROR] Polling thread error: PLC disconnected: timed out
2026-02-09 11:55:10,465 [ERROR] Polling thread error: PLC disconnected: timed out
2026-02-09 11:55:13,561 [ERROR] Polling thread error: PLC disconnected: timed out
2026-02-09 11:55:16,659 [ERROR] Polling thread error: PLC disconnected: timed out
2026-02-09 11:55:19,757 [ERROR] Polling thread error: PLC disconnected: timed out
2026-02-09 11:55:22,848 [ERROR] Polling thread error: PLC disconnected: timed out
2026-02-09 11:55:25,949 [ERROR] Polling thread error: PLC disconnected: timed out
2026-02-09 11:55:29,046 [ERROR] Polling thread error: PLC disconnected: timed out
2026-02-09 11:55:32,144 [ERROR] Polling thread error: PLC disconnected: timed out
2026-02-09 11:55:35,235 [ERROR] Polling thread error: PLC disconnected: timed out
2026-02-09 11:55:38,332 [ERROR] Polling thread error: PLC disconnected: timed out
2026-02-09 11:55:41,429 [ERROR] Polling thread error: PLC disconnected: timed out
2026-02-09 11:55:44,519 [ERROR] Polling thread error: PLC disconnected: timed out
2026-02-09 11:55:47,619 [ERROR] Polling thread error: PLC disconnected: timed out
2026-02-09 11:55:50,721 [ERROR] Polling thread error: PLC disconnected: timed out
2026-02-09 11:55:53,818 [ERROR] Polling thread error: PLC disconnected: timed out
2026-02-09 11:55:56,926 [ERROR] Polling thread error: PLC disconnected: timed out
2026-02-09 11:56:00,016 [ERROR] Polling thread error: PLC disconnected: timed out
2026-02-09 11:56:03,120 [ERROR] Polling thread error: PLC disconnected: timed out
2026-02-09 11:56:06,213 [ERROR] Polling thread error: PLC disconnected: timed out
2026-02-09 11:56:09,311 [ERROR] Polling thread error: PLC disconnected: timed out
2026-02-09 11:56:12,415 [ERROR] Polling thread error: PLC disconnected: timed out
2026-02-09 11:56:15,509 [ERROR] Polling thread error: PLC disconnected: timed out
2026-02-09 11:56:18,598 [ERROR] Polling thread error: PLC disconnected: timed out
2026-02-09 11:56:21,693 [ERROR] Polling thread error: PLC disconnected: timed out
2026-02-09 11:56:24,788 [ERROR] Polling thread error: PLC disconnected: timed out
2026-02-09 11:56:27,883 [ERROR] Polling thread error: PLC disconnected: timed out
2026-02-09 11:56:30,974 [ERROR] Polling thread error: PLC disconnected: timed out
2026-02-09 11:56:34,077 [ERROR] Polling thread error: PLC disconnected: timed out
2026-02-09 11:56:37,176 [ERROR] Polling thread error: PLC disconnected: timed out
2026-02-09 11:56:40,267 [ERROR] Polling thread error: PLC disconnected: timed out
2026-02-09 11:56:43,366 [ERROR] Polling thread error: PLC disconnected: timed out
2026-02-09 11:56:46,458 [ERROR] Polling thread error: PLC disconnected: timed out
2026-02-09 11:56:49,550 [ERROR] Polling thread error: PLC disconnected: timed out
2026-02-09 11:56:52,644 [ERROR] Polling thread error: PLC disconnected: timed out
2026-02-09 11:56:55,738 [ERROR] Polling thread error: PLC disconnected: timed out
2026-02-09 11:56:58,824 [ERROR] Polling thread error: PLC disconnected: timed out
2026-02-09 11:57:01,916 [ERROR] Polling thread error: PLC disconnected: timed out
2026-02-09 11:57:05,008 [ERROR] Polling thread error: PLC disconnected: timed out
2026-02-09 11:57:08,099 [ERROR] Polling thread error: PLC disconnected: timed out
2026-02-09 11:57:11,201 [ERROR] Polling thread error: PLC disconnected: timed out
2026-02-09 11:57:14,301 [ERROR] Polling thread error: PLC disconnected: timed out
2026-02-09 11:57:17,395 [ERROR] Polling thread error: PLC disconnected: timed out
2026-02-09 11:57:20,495 [ERROR] Polling thread error: PLC disconnected: timed out
2026-02-09 11:57:23,594 [ERROR] Polling thread error: PLC disconnected: timed out
2026-02-09 11:57:26,695 [ERROR] Polling thread error: PLC disconnected: timed out
2026-02-09 11:57:29,794 [ERROR] Polling thread error: PLC disconnected: timed out
2026-02-09 11:57:32,897 [ERROR] Polling thread error: PLC disconnected: timed out
2026-02-09 11:57:35,990 [ERROR] Polling thread error: PLC disconnected: timed out
2026-02-09 11:57:39,094 [ERROR] Polling thread error: PLC disconnected: timed out
2026-02-09 11:57:42,189 [ERROR] Polling thread error: PLC disconnected: timed out
2026-02-09 11:57:45,290 [ERROR] Polling thread error: PLC disconnected: timed out
2026-02-09 11:57:48,387 [ERROR] Polling thread error: PLC disconnected: timed out
2026-02-09 11:57:51,487 [ERROR] Polling thread error: PLC disconnected: timed out
2026-02-09 11:57:54,582 [ERROR] Polling thread error: PLC disconnected: timed out
2026-02-09 11:57:57,685 [ERROR] Polling thread error: PLC disconnected: timed out
2026-02-09 11:58:00,784 [ERROR] Polling thread error: PLC disconnected: timed out
2026-02-09 11:58:03,883 [ERROR] Polling thread error: PLC disconnected: timed out
2026-02-09 11:58:06,990 [ERROR] Polling thread error: PLC disconnected: timed out
2026-02-09 11:58:10,094 [ERROR] Polling thread error: PLC disconnected: timed out
2026-02-09 11:58:13,192 [ERROR] Polling thread error: PLC disconnected: timed out
2026-02-09 11:58:16,288 [ERROR] Polling thread error: PLC disconnected: timed out
2026-02-09 11:58:19,385 [ERROR] Polling thread error: PLC disconnected: timed out
2026-02-09 11:58:22,483 [ERROR] Polling thread error: PLC disconnected: timed out
2026-02-09 11:58:25,582 [ERROR] Polling thread error: PLC disconnected: timed out
2026-02-09 11:58:28,682 [ERROR] Polling thread error: PLC disconnected: timed out
2026-02-09 11:58:31,780 [ERROR] Polling thread error: PLC disconnected: timed out
2026-02-09 11:58:34,887 [ERROR] Polling thread error: PLC disconnected: timed out
2026-02-09 11:58:37,980 [ERROR] Polling thread error: PLC disconnected: timed out
2026-02-09 11:58:41,078 [ERROR] Polling thread error: PLC disconnected: timed out
2026-02-09 11:58:44,178 [ERROR] Polling thread error: PLC disconnected: timed out
2026-02-09 11:58:47,270 [ERROR] Polling thread error: PLC disconnected: timed out
2026-02-09 11:58:50,374 [ERROR] Polling thread error: PLC disconnected: timed out
2026-02-09 11:58:53,467 [ERROR] Polling thread error: PLC disconnected: timed out
2026-02-09 11:58:56,561 [ERROR] Polling thread error: PLC disconnected: timed out
2026-02-09 11:58:59,658 [ERROR] Polling thread error: PLC disconnected: timed out
2026-02-09 11:59:02,748 [ERROR] Polling thread error: PLC disconnected: timed out
2026-02-09 11:59:05,849 [ERROR] Polling thread error: PLC disconnected: timed out
2026-02-09 11:59:08,954 [ERROR] Polling thread error: PLC disconnected: timed out
2026-02-09 11:59:12,055 [ERROR] Polling thread error: PLC disconnected: timed out
2026-02-09 11:59:15,154 [ERROR] Polling thread error: PLC disconnected: timed out
2026-02-09 11:59:18,250 [ERROR] Polling thread error: PLC disconnected: timed out
2026-02-09 11:59:21,337 [ERROR] Polling thread error: PLC disconnected: timed out
2026-02-09 11:59:24,424 [ERROR] Polling thread error: PLC disconnected: timed out
2026-02-09 11:59:27,510 [ERROR] Polling thread error: PLC disconnected: timed out
2026-02-09 11:59:30,610 [ERROR] Polling thread error: PLC disconnected: timed out
2026-02-09 11:59:33,708 [ERROR] Polling thread error: PLC disconnected: timed out
2026-02-09 11:59:36,802 [ERROR] Polling thread error: PLC disconnected: timed out
2026-02-09 11:59:39,889 [ERROR] Polling thread error: PLC disconnected: timed out
2026-02-09 11:59:42,976 [ERROR] Polling thread error: PLC disconnected: timed out
2026-02-09 11:59:46,060 [ERROR] Polling thread error: PLC disconnected: timed out
2026-02-09 11:59:49,158 [ERROR] Polling thread error: PLC disconnected: timed out
2026-02-09 11:59:52,256 [ERROR] Polling thread error: PLC disconnected: timed out
2026-02-09 11:59:55,355 [ERROR] Polling thread error: PLC disconnected: timed out
2026-02-09 11:59:58,445 [ERROR] Polling thread error: PLC disconnected: timed out
2026-02-09 12:00:01,548 [ERROR] Polling thread error: PLC disconnected: timed out
2026-02-09 12:00:04,653 [ERROR] Polling thread error: PLC disconnected: timed out
2026-02-09 12:00:07,744 [ERROR] Polling thread error: PLC disconnected: timed out
2026-02-09 12:00:10,836 [ERROR] Polling thread error: PLC disconnected: timed out
2026-02-09 12:00:13,930 [ERROR] Polling thread error: PLC disconnected: timed out
2026-02-09 12:00:17,017 [ERROR] Polling thread error: PLC disconnected: timed out
2026-02-09 12:00:20,113 [ERROR] Polling thread error: PLC disconnected: timed out
2026-02-09 12:00:23,201 [ERROR] Polling thread error: PLC disconnected: timed out
2026-02-09 12:00:26,287 [ERROR] Polling thread error: PLC disconnected: timed out
2026-02-09 12:00:29,383 [ERROR] Polling thread error: PLC disconnected: timed out
2026-02-09 12:00:32,489 [ERROR] Polling thread error: PLC disconnected: timed out
2026-02-09 12:00:35,589 [ERROR] Polling thread error: PLC disconnected: timed out
2026-02-09 12:00:38,674 [ERROR] Polling thread error: PLC disconnected: timed out
2026-02-09 12:00:41,768 [ERROR] Polling thread error: PLC disconnected: timed out
2026-02-09 12:00:44,874 [ERROR] Polling thread error: PLC disconnected: timed out
2026-02-09 12:00:47,970 [ERROR] Polling thread error: PLC disconnected: timed out
2026-02-09 12:00:51,062 [ERROR] Polling thread error: PLC disconnected: timed out
2026-02-09 12:00:54,169 [ERROR] Polling thread error: PLC disconnected: timed out
2026-02-09 12:00:57,257 [ERROR] Polling thread error: PLC disconnected: timed out
2026-02-09 12:01:00,360 [ERROR] Polling thread error: PLC disconnected: timed out
2026-02-09 12:01:03,452 [ERROR] Polling thread error: PLC disconnected: timed out
2026-02-09 12:01:06,541 [ERROR] Polling thread error: PLC disconnected: timed out
2026-02-09 12:01:09,629 [ERROR] Polling thread error: PLC disconnected: timed out
2026-02-09 12:01:12,718 [ERROR] Polling thread error: PLC disconnected: timed out
2026-02-09 12:01:15,815 [ERROR] Polling thread error: PLC disconnected: timed out
2026-02-09 12:01:18,933 [ERROR] Polling thread error: PLC disconnected: timed out
2026-02-09 12:01:22,041 [ERROR] Polling thread error: PLC disconnected: timed out
2026-02-09 12:01:25,140 [ERROR] Polling thread error: PLC disconnected: timed out
2026-02-09 12:01:28,242 [ERROR] Polling thread error: PLC disconnected: timed out
2026-02-09 12:01:31,327 [ERROR] Polling thread error: PLC disconnected: timed out
2026-02-09 12:01:34,421 [ERROR] Polling thread error: PLC disconnected: timed out
2026-02-09 12:01:37,517 [ERROR] Polling thread error: PLC disconnected: timed out
2026-02-09 12:01:40,606 [ERROR] Polling thread error: PLC disconnected: timed out
2026-02-09 12:01:43,716 [ERROR] Polling thread error: PLC disconnected: timed out
2026-02-09 12:01:46,816 [ERROR] Polling thread error: PLC disconnected: timed out
2026-02-09 12:01:49,910 [ERROR] Polling thread error: PLC disconnected: timed out
2026-02-09 12:01:53,004 [ERROR] Polling thread error: PLC disconnected: timed out
2026-02-09 12:01:56,100 [ERROR] Polling thread error: PLC disconnected: timed out
2026-02-09 12:01:59,187 [ERROR] Polling thread error: PLC disconnected: timed out
2026-02-09 12:02:02,282 [ERROR] Polling thread error: PLC disconnected: timed out
2026-02-09 12:02:05,366 [ERROR] Polling thread error: PLC disconnected: timed out
2026-02-09 12:02:08,469 [ERROR] Polling thread error: PLC disconnected: timed out
2026-02-09 12:02:11,575 [ERROR] Polling thread error: PLC disconnected: timed out
2026-02-09 12:02:14,664 [ERROR] Polling thread error: PLC disconnected: timed out
2026-02-09 12:02:17,768 [ERROR] Polling thread error: PLC disconnected: timed out
2026-02-09 12:02:20,871 [ERROR] Polling thread error: PLC disconnected: timed out
2026-02-09 12:02:23,972 [ERROR] Polling thread error: PLC disconnected: timed out
2026-02-09 12:02:27,058 [ERROR] Polling thread error: PLC disconnected: timed out
2026-02-09 12:02:30,152 [ERROR] Polling thread error: PLC disconnected: timed out
2026-02-09 12:02:33,242 [ERROR] Polling thread error: PLC disconnected: timed out
2026-02-09 12:02:36,328 [ERROR] Polling thread error: PLC disconnected: timed out
2026-02-09 12:02:39,417 [ERROR] Polling thread error: PLC disconnected: timed out
2026-02-09 12:02:42,510 [ERROR] Polling thread error: PLC disconnected: timed out
2026-02-09 12:02:45,606 [ERROR] Polling thread error: PLC disconnected: timed out
2026-02-09 12:02:48,700 [ERROR] Polling thread error: PLC disconnected: timed out
2026-02-09 12:02:51,801 [ERROR] Polling thread error: PLC disconnected: timed out
2026-02-09 12:02:54,891 [ERROR] Polling thread error: PLC disconnected: timed out
2026-02-09 12:02:57,994 [ERROR] Polling thread error: PLC disconnected: timed out
2026-02-09 12:03:01,091 [ERROR] Polling thread error: PLC disconnected: timed out
2026-02-09 12:03:04,185 [ERROR] Polling thread error: PLC disconnected: timed out
2026-02-09 12:03:07,272 [ERROR] Polling thread error: PLC disconnected: timed out
2026-02-09 12:03:10,370 [ERROR] Polling thread error: PLC disconnected: timed out
2026-02-09 12:03:13,468 [ERROR] Polling thread error: PLC disconnected: timed out
2026-02-09 12:03:16,564 [ERROR] Polling thread error: PLC disconnected: timed out
2026-02-09 12:03:19,658 [ERROR] Polling thread error: PLC disconnected: timed out
2026-02-09 12:03:22,751 [ERROR] Polling thread error: PLC disconnected: timed out
2026-02-09 12:03:25,845 [ERROR] Polling thread error: PLC disconnected: timed out
2026-02-09 12:03:28,947 [ERROR] Polling thread error: PLC disconnected: timed out
2026-02-09 12:03:32,046 [ERROR] Polling thread error: PLC disconnected: timed out
2026-02-09 12:03:35,152 [ERROR] Polling thread error: PLC disconnected: timed out
2026-02-09 12:03:38,252 [ERROR] Polling thread error: PLC disconnected: timed out
2026-02-09 12:03:41,359 [ERROR] Polling thread error: PLC disconnected: timed out
2026-02-09 12:03:44,448 [ERROR] Polling thread error: PLC disconnected: timed out
2026-02-09 12:03:47,551 [ERROR] Polling thread error: PLC disconnected: timed out
2026-02-09 12:03:50,641 [ERROR] Polling thread error: PLC disconnected: timed out
2026-02-09 12:03:53,738 [ERROR] Polling thread error: PLC disconnected: timed out
2026-02-09 12:03:56,837 [ERROR] Polling thread error: PLC disconnected: timed out
2026-02-09 12:03:59,925 [ERROR] Polling thread error: PLC disconnected: timed out
2026-02-09 12:04:03,022 [ERROR] Polling thread error: PLC disconnected: timed out
2026-02-09 12:04:06,128 [ERROR] Polling thread error: PLC disconnected: timed out
2026-02-09 12:04:09,214 [ERROR] Polling thread error: PLC disconnected: timed out
2026-02-09 12:04:12,303 [ERROR] Polling thread error: PLC disconnected: timed out
2026-02-09 12:04:15,394 [ERROR] Polling thread error: PLC disconnected: timed out
2026-02-09 12:04:18,490 [ERROR] Polling thread error: PLC disconnected: timed out
2026-02-09 12:04:21,593 [ERROR] Polling thread error: PLC disconnected: timed out
2026-02-09 12:04:24,687 [ERROR] Polling thread error: PLC disconnected: timed out
2026-02-09 12:04:27,787 [ERROR] Polling thread error: PLC disconnected: timed out
2026-02-09 12:04:30,875 [ERROR] Polling thread error: PLC disconnected: timed out
2026-02-09 12:04:33,973 [ERROR] Polling thread error: PLC disconnected: timed out
2026-02-09 12:04:37,064 [ERROR] Polling thread error: PLC disconnected: timed out
2026-02-09 12:04:40,166 [ERROR] Polling thread error: PLC disconnected: timed out
2026-02-09 12:04:43,273 [ERROR] Polling thread error: PLC disconnected: timed out
2026-02-09 12:04:46,373 [ERROR] Polling thread error: PLC disconnected: timed out
2026-02-09 12:04:49,471 [ERROR] Polling thread error: PLC disconnected: timed out
2026-02-09 12:04:52,561 [ERROR] Polling thread error: PLC disconnected: timed out
2026-02-09 12:04:55,647 [ERROR] Polling thread error: PLC disconnected: timed out
2026-02-09 12:04:58,751 [ERROR] Polling thread error: PLC disconnected: timed out
2026-02-09 12:05:01,848 [ERROR] Polling thread error: PLC disconnected: timed out
2026-02-09 12:05:04,947 [ERROR] Polling thread error: PLC disconnected: timed out
2026-02-09 12:05:08,037 [ERROR] Polling thread error: PLC disconnected: timed out
2026-02-09 12:05:11,126 [ERROR] Polling thread error: PLC disconnected: timed out
2026-02-09 12:05:14,226 [ERROR] Polling thread error: PLC disconnected: timed out
2026-02-09 12:05:17,319 [ERROR] Polling thread error: PLC disconnected: timed out
2026-02-09 12:05:20,412 [ERROR] Polling thread error: PLC disconnected: timed out
2026-02-09 12:05:23,516 [ERROR] Polling thread error: PLC disconnected: timed out
2026-02-09 12:05:26,626 [ERROR] Polling thread error: PLC disconnected: timed out
2026-02-09 12:05:29,721 [ERROR] Polling thread error: PLC disconnected: timed out
2026-02-09 12:05:32,809 [ERROR] Polling thread error: PLC disconnected: timed out
2026-02-09 12:05:35,894 [ERROR] Polling thread error: PLC disconnected: timed out
2026-02-09 12:05:38,986 [ERROR] Polling thread error: PLC disconnected: timed out
2026-02-09 12:05:42,091 [ERROR] Polling thread error: PLC disconnected: timed out
2026-02-09 12:05:45,176 [ERROR] Polling thread error: PLC disconnected: timed out
2026-02-09 12:05:48,272 [ERROR] Polling thread error: PLC disconnected: timed out
2026-02-09 12:05:51,362 [ERROR] Polling thread error: PLC disconnected: timed out
2026-02-09 12:05:54,452 [ERROR] Polling thread error: PLC disconnected: timed out
2026-02-09 12:05:57,550 [ERROR] Polling thread error: PLC disconnected: timed out
2026-02-09 12:06:00,647 [ERROR] Polling thread error: PLC disconnected: timed out
2026-02-09 12:06:03,743 [ERROR] Polling thread error: PLC disconnected: timed out
2026-02-09 12:06:06,840 [ERROR] Polling thread error: PLC disconnected: timed out
2026-02-09 12:06:09,934 [ERROR] Polling thread error: PLC disconnected: timed out
2026-02-09 12:06:13,023 [ERROR] Polling thread error: PLC disconnected: timed out
2026-02-09 12:06:16,113 [ERROR] Polling thread error: PLC disconnected: timed out
2026-02-09 12:06:19,201 [ERROR] Polling thread error: PLC disconnected: timed out
2026-02-09 12:06:22,281 [ERROR] Polling thread error: PLC disconnected: timed out
2026-02-09 12:06:25,359 [ERROR] Polling thread error: PLC disconnected: timed out
2026-02-09 12:06:28,437 [ERROR] Polling thread error: PLC disconnected: timed out
2026-02-09 12:06:31,516 [ERROR] Polling thread error: PLC disconnected: timed out
2026-02-09 12:06:34,599 [ERROR] Polling thread error: PLC disconnected: timed out
2026-02-09 12:06:37,700 [ERROR] Polling thread error: PLC disconnected: timed out
2026-02-09 12:06:40,785 [ERROR] Polling thread error: PLC disconnected: timed out
2026-02-09 12:06:43,887 [ERROR] Polling thread error: PLC disconnected: timed out
2026-02-09 12:06:46,989 [ERROR] Polling thread error: PLC disconnected: timed out
2026-02-09 12:06:50,082 [ERROR] Polling thread error: PLC disconnected: timed out
2026-02-09 12:06:53,180 [ERROR] Polling thread error: PLC disconnected: timed out
2026-02-09 12:06:56,275 [ERROR] Polling thread error: PLC disconnected: timed out
2026-02-09 12:07:05,522 [WARNING] [Inference] TensorRT or cuda-python not installed: No module named 'tensorrt'
2026-02-09 12:07:06,270 [INFO] [Inference] Using GPU
2026-02-09 12:07:06,271 [INFO] [Inference] Loading OpenVINO model from C:\MyStuff\VS\MECup\backend\inference\openvino_model\model.xml
2026-02-09 12:07:07,087 [INFO] [Inference] Using OpenVINO backend on GPU
2026-02-09 12:07:07,269 [INFO] [Inference] Model ready (openvino)
2026-02-09 12:07:08,031 [WARNING] [Inference] TensorRT or cuda-python not installed: No module named 'tensorrt'
2026-02-09 12:07:08,278 [INFO] [Inference] Using GPU
2026-02-09 12:07:08,278 [INFO] [Inference] Loading OpenVINO model from C:\MyStuff\VS\MECup\backend\inference\openvino_model\model.xml
2026-02-09 12:07:08,895 [INFO] [Inference] Using OpenVINO backend on GPU
2026-02-09 12:07:09,079 [INFO] [Inference] Model ready (openvino)
2026-02-09 12:07:09,279 [ERROR] Polling thread error: PLC disconnected: timed out
2026-02-09 12:07:12,371 [ERROR] Polling thread error: PLC disconnected: timed out
2026-02-09 12:07:15,457 [ERROR] Polling thread error: PLC disconnected: timed out
2026-02-09 12:07:18,551 [ERROR] Polling thread error: PLC disconnected: timed out
2026-02-09 12:07:21,646 [ERROR] Polling thread error: PLC disconnected: timed out
2026-02-09 12:07:24,737 [ERROR] Polling thread error: PLC disconnected: timed out
2026-02-09 12:07:27,833 [ERROR] Polling thread error: PLC disconnected: timed out
2026-02-09 12:07:30,931 [ERROR] Polling thread error: PLC disconnected: timed out
2026-02-09 12:07:34,025 [ERROR] Polling thread error: PLC disconnected: timed out
2026-02-09 12:07:37,123 [ERROR] Polling thread error: PLC disconnected: timed out
2026-02-09 12:07:40,223 [ERROR] Polling thread error: PLC disconnected: timed out
2026-02-09 12:07:43,311 [ERROR] Polling thread error: PLC disconnected: timed out
2026-02-09 12:07:46,398 [ERROR] Polling thread error: PLC disconnected: timed out
2026-02-09 12:07:49,494 [ERROR] Polling thread error: PLC disconnected: timed out
2026-02-09 12:12:05,141 [WARNING] [Inference] TensorRT or cuda-python not installed: No module named 'tensorrt'
2026-02-09 12:12:05,435 [INFO] [Inference] Using GPU
2026-02-09 12:12:05,435 [INFO] [Inference] Loading OpenVINO model from C:\MyStuff\VS\MECup\backend\inference\openvino_model\model.xml
2026-02-09 12:12:06,084 [INFO] [Inference] Using OpenVINO backend on GPU
2026-02-09 12:12:06,269 [INFO] [Inference] Model ready (openvino)
2026-02-09 12:12:07,107 [WARNING] [Inference] TensorRT or cuda-python not installed: No module named 'tensorrt'
2026-02-09 12:12:07,360 [INFO] [Inference] Using GPU
2026-02-09 12:12:07,360 [INFO] [Inference] Loading OpenVINO model from C:\MyStuff\VS\MECup\backend\inference\openvino_model\model.xml
2026-02-09 12:12:07,998 [INFO] [Inference] Using OpenVINO backend on GPU
2026-02-09 12:12:08,172 [INFO] [Inference] Model ready (openvino)
2026-02-09 12:13:13,217 [WARNING] [Inference] TensorRT or cuda-python not installed: No module named 'tensorrt'
2026-02-09 12:13:13,463 [INFO] [Inference] Using GPU
2026-02-09 12:13:13,463 [INFO] [Inference] Loading OpenVINO model from C:\MyStuff\VS\MECup\backend\inference\openvino_model\model.xml
2026-02-09 12:13:14,103 [INFO] [Inference] Using OpenVINO backend on GPU
2026-02-09 12:13:14,291 [INFO] [Inference] Model ready (openvino)
2026-02-09 12:13:15,104 [WARNING] [Inference] TensorRT or cuda-python not installed: No module named 'tensorrt'
2026-02-09 12:13:15,345 [INFO] [Inference] Using GPU
2026-02-09 12:13:15,346 [INFO] [Inference] Loading OpenVINO model from C:\MyStuff\VS\MECup\backend\inference\openvino_model\model.xml
2026-02-09 12:13:15,979 [INFO] [Inference] Using OpenVINO backend on GPU
2026-02-09 12:13:16,201 [INFO] [Inference] Model ready (openvino)
2026-02-09 12:14:12,430 [ERROR] Polling thread error: [WinError 10054] An existing connection was forcibly closed by the remote host
2026-02-09 12:28:51,487 [ERROR] Polling thread error: [WinError 10054] An existing connection was forcibly closed by the remote host
2026-02-09 12:29:32,411 [ERROR] Polling thread error: [WinError 10054] An existing connection was forcibly closed by the remote host
2026-02-09 12:29:36,427 [ERROR] Polling thread error: PLC disconnected: timed out
2026-02-09 12:29:39,525 [ERROR] Polling thread error: PLC disconnected: timed out
2026-02-09 12:29:42,623 [ERROR] Polling thread error: PLC disconnected: timed out
2026-02-09 12:29:45,718 [ERROR] Polling thread error: PLC disconnected: timed out
2026-02-09 12:29:48,821 [ERROR] Polling thread error: PLC disconnected: timed out
2026-02-09 12:29:51,919 [ERROR] Polling thread error: PLC disconnected: timed out
2026-02-09 12:29:55,007 [ERROR] Polling thread error: PLC disconnected: timed out
2026-02-09 12:30:37,754 [WARNING] [Inference] TensorRT or cuda-python not installed: No module named 'tensorrt'
2026-02-09 12:30:38,027 [INFO] [Inference] Using GPU
2026-02-09 12:30:38,027 [INFO] [Inference] Loading OpenVINO model from C:\MyStuff\VS\MECup\backend\inference\openvino_model\model.xml
2026-02-09 12:30:38,644 [INFO] [Inference] Using OpenVINO backend on GPU
2026-02-09 12:30:38,821 [INFO] [Inference] Model ready (openvino)
2026-02-09 12:30:39,685 [WARNING] [Inference] TensorRT or cuda-python not installed: No module named 'tensorrt'
2026-02-09 12:30:39,941 [INFO] [Inference] Using GPU
2026-02-09 12:30:39,942 [INFO] [Inference] Loading OpenVINO model from C:\MyStuff\VS\MECup\backend\inference\openvino_model\model.xml
2026-02-09 12:30:40,556 [INFO] [Inference] Using OpenVINO backend on GPU
2026-02-09 12:30:40,722 [INFO] [Inference] Model ready (openvino)
2026-02-09 12:32:35,318 [ERROR] Polling thread error: [WinError 10054] An existing connection was forcibly closed by the remote host
2026-02-09 12:42:16,183 [ERROR] Polling thread error: [WinError 10054] An existing connection was forcibly closed by the remote host
2026-02-09 19:30:47,361 [WARNING] [Inference] TensorRT or cuda-python not installed: No module named 'tensorrt'
2026-02-09 19:30:50,028 [INFO] [Inference] Using GPU
2026-02-09 19:30:50,030 [INFO] [Inference] Loading OpenVINO model from C:\MyStuff\VS\MECup\backend\inference\openvino_model\model.xml
2026-02-09 19:30:52,231 [INFO] [Inference] Using OpenVINO backend on GPU
2026-02-09 19:30:52,405 [INFO] [Inference] Model ready (openvino)
2026-02-09 19:30:54,384 [WARNING] [Inference] TensorRT or cuda-python not installed: No module named 'tensorrt'
2026-02-09 19:30:54,443 [ERROR] Polling thread error: PLC disconnected: timed out
2026-02-09 19:30:54,935 [INFO] [Inference] Using GPU
2026-02-09 19:30:54,936 [INFO] [Inference] Loading OpenVINO model from C:\MyStuff\VS\MECup\backend\inference\openvino_model\model.xml
2026-02-09 19:30:56,219 [INFO] [Inference] Using OpenVINO backend on GPU
2026-02-09 19:30:56,403 [INFO] [Inference] Model ready (openvino)
2026-02-09 19:30:57,523 [ERROR] Polling thread error: PLC disconnected: timed out
2026-02-09 19:31:00,603 [ERROR] Polling thread error: PLC disconnected: timed out
2026-02-09 19:31:03,681 [ERROR] Polling thread error: PLC disconnected: timed out
2026-02-09 19:31:06,766 [ERROR] Polling thread error: PLC disconnected: timed out
2026-02-09 19:31:09,854 [ERROR] Polling thread error: PLC disconnected: timed out
2026-02-09 19:31:12,961 [ERROR] Polling thread error: PLC disconnected: timed out
2026-02-09 19:31:16,055 [ERROR] Polling thread error: PLC disconnected: timed out
2026-02-09 19:31:19,157 [ERROR] Polling thread error: PLC disconnected: timed out
2026-02-09 19:31:22,261 [ERROR] Polling thread error: PLC disconnected: timed out
2026-02-09 19:31:25,352 [ERROR] Polling thread error: PLC disconnected: timed out
2026-02-09 19:31:28,433 [ERROR] Polling thread error: PLC disconnected: timed out
2026-02-09 19:31:31,513 [ERROR] Polling thread error: PLC disconnected: timed out
2026-02-09 19:31:34,590 [ERROR] Polling thread error: PLC disconnected: timed out
2026-02-09 19:31:37,681 [ERROR] Polling thread error: PLC disconnected: timed out
2026-02-09 19:31:40,771 [ERROR] Polling thread error: PLC disconnected: timed out
2026-02-09 19:31:43,865 [ERROR] Polling thread error: PLC disconnected: timed out
2026-02-09 19:31:46,965 [ERROR] Polling thread error: PLC disconnected: timed out
2026-02-09 19:31:50,058 [ERROR] Polling thread error: PLC disconnected: timed out
2026-02-09 19:31:53,157 [ERROR] Polling thread error: PLC disconnected: timed out
2026-02-09 19:31:56,249 [ERROR] Polling thread error: PLC disconnected: timed out
2026-02-09 19:31:59,360 [ERROR] Polling thread error: PLC disconnected: timed out
2026-02-09 19:32:02,459 [ERROR] Polling thread error: PLC disconnected: timed out
2026-02-09 19:32:05,566 [ERROR] Polling thread error: PLC disconnected: timed out
2026-02-09 19:32:08,662 [ERROR] Polling thread error: PLC disconnected: timed out
2026-02-09 19:32:11,761 [ERROR] Polling thread error: PLC disconnected: timed out
2026-02-09 19:32:14,875 [ERROR] Polling thread error: PLC disconnected: timed out
2026-02-09 19:32:17,968 [ERROR] Polling thread error: PLC disconnected: timed out
2026-02-09 19:32:21,076 [ERROR] Polling thread error: PLC disconnected: timed out
2026-02-09 19:32:24,171 [ERROR] Polling thread error: PLC disconnected: timed out
2026-02-09 19:32:27,278 [ERROR] Polling thread error: PLC disconnected: timed out
2026-02-09 19:32:30,387 [ERROR] Polling thread error: PLC disconnected: timed out
2026-02-09 19:32:33,488 [ERROR] Polling thread error: PLC disconnected: timed out
2026-02-09 19:32:36,589 [ERROR] Polling thread error: PLC disconnected: timed out
2026-02-09 19:32:39,688 [ERROR] Polling thread error: PLC disconnected: timed out
2026-02-09 19:32:42,804 [ERROR] Polling thread error: PLC disconnected: timed out
2026-02-09 19:32:45,895 [ERROR] Polling thread error: PLC disconnected: timed out
2026-02-09 19:32:48,996 [ERROR] Polling thread error: PLC disconnected: timed out
2026-02-09 19:32:52,097 [ERROR] Polling thread error: PLC disconnected: timed out
2026-02-09 19:32:55,195 [ERROR] Polling thread error: PLC disconnected: timed out
2026-02-09 19:32:58,292 [ERROR] Polling thread error: PLC disconnected: timed out
2026-02-09 19:33:01,395 [ERROR] Polling thread error: PLC disconnected: timed out
2026-02-09 19:33:04,475 [ERROR] Polling thread error: PLC disconnected: timed out
2026-02-09 19:33:07,554 [ERROR] Polling thread error: PLC disconnected: timed out
2026-02-09 19:33:10,634 [ERROR] Polling thread error: PLC disconnected: timed out
2026-02-09 19:33:13,715 [ERROR] Polling thread error: PLC disconnected: timed out
2026-02-09 19:33:16,792 [ERROR] Polling thread error: PLC disconnected: timed out
2026-02-09 19:33:19,878 [ERROR] Polling thread error: PLC disconnected: timed out
2026-02-09 19:33:22,958 [ERROR] Polling thread error: PLC disconnected: timed out
2026-02-09 19:33:26,036 [ERROR] Polling thread error: PLC disconnected: timed out
2026-02-09 19:33:29,114 [ERROR] Polling thread error: PLC disconnected: timed out
2026-02-09 19:33:32,190 [ERROR] Polling thread error: PLC disconnected: timed out
2026-02-09 19:33:35,269 [ERROR] Polling thread error: PLC disconnected: timed out
2026-02-09 19:33:38,350 [ERROR] Polling thread error: PLC disconnected: timed out
2026-02-09 19:33:41,438 [ERROR] Polling thread error: PLC disconnected: timed out
2026-02-09 19:33:44,516 [ERROR] Polling thread error: PLC disconnected: timed out
2026-02-09 19:33:47,596 [ERROR] Polling thread error: PLC disconnected: timed out
2026-02-09 19:33:50,674 [ERROR] Polling thread error: PLC disconnected: timed out
2026-02-09 19:33:53,753 [ERROR] Polling thread error: PLC disconnected: timed out
2026-02-09 19:33:56,831 [ERROR] Polling thread error: PLC disconnected: timed out
2026-02-09 19:33:59,909 [ERROR] Polling thread error: PLC disconnected: timed out
2026-02-09 19:34:02,988 [ERROR] Polling thread error: PLC disconnected: timed out
2026-02-09 19:34:06,072 [ERROR] Polling thread error: PLC disconnected: timed out
2026-02-09 19:34:09,149 [ERROR] Polling thread error: PLC disconnected: timed out
2026-02-09 19:34:12,230 [ERROR] Polling thread error: PLC disconnected: timed out
2026-02-09 19:34:16,236 [WARNING] [Inference] TensorRT or cuda-python not installed: No module named 'tensorrt'
2026-02-09 19:34:16,789 [INFO] [Inference] Using GPU
2026-02-09 19:34:16,791 [INFO] [Inference] Loading OpenVINO model from C:\MyStuff\VS\MECup\backend\inference\openvino_model\model.xml
2026-02-09 19:34:18,062 [INFO] [Inference] Using OpenVINO backend on GPU
2026-02-09 19:34:18,246 [INFO] [Inference] Model ready (openvino)
2026-02-09 19:34:20,279 [ERROR] Polling thread error: PLC disconnected: timed out
2026-02-09 19:34:23,360 [ERROR] Polling thread error: PLC disconnected: timed out
2026-02-09 19:34:26,438 [ERROR] Polling thread error: PLC disconnected: timed out
2026-02-09 19:34:29,516 [ERROR] Polling thread error: PLC disconnected: timed out
2026-02-09 19:34:32,594 [ERROR] Polling thread error: PLC disconnected: timed out
2026-02-09 19:34:35,674 [ERROR] Polling thread error: PLC disconnected: timed out
2026-02-09 19:34:38,752 [ERROR] Polling thread error: PLC disconnected: timed out
2026-02-09 19:34:41,831 [ERROR] Polling thread error: PLC disconnected: timed out
2026-02-09 19:34:44,910 [ERROR] Polling thread error: PLC disconnected: timed out
2026-02-09 19:34:47,988 [ERROR] Polling thread error: PLC disconnected: timed out
2026-02-09 19:34:51,070 [ERROR] Polling thread error: PLC disconnected: timed out
2026-02-09 19:34:54,149 [ERROR] Polling thread error: PLC disconnected: timed out
2026-02-09 19:34:57,240 [ERROR] Polling thread error: PLC disconnected: timed out
2026-02-09 19:35:00,344 [ERROR] Polling thread error: PLC disconnected: timed out
2026-02-09 19:35:03,439 [ERROR] Polling thread error: PLC disconnected: timed out
2026-02-09 19:35:06,554 [ERROR] Polling thread error: PLC disconnected: timed out
2026-02-09 19:35:09,653 [ERROR] Polling thread error: PLC disconnected: timed out
2026-02-09 19:35:12,756 [ERROR] Polling thread error: PLC disconnected: timed out
2026-02-09 19:35:15,861 [ERROR] Polling thread error: PLC disconnected: timed out
2026-02-09 19:35:18,960 [ERROR] Polling thread error: PLC disconnected: timed out
2026-02-09 19:35:22,052 [ERROR] Polling thread error: PLC disconnected: timed out
2026-02-09 19:35:25,130 [ERROR] Polling thread error: PLC disconnected: timed out
2026-02-09 19:35:28,211 [ERROR] Polling thread error: PLC disconnected: timed out
2026-02-09 19:35:31,296 [ERROR] Polling thread error: PLC disconnected: timed out
2026-02-09 19:35:34,376 [ERROR] Polling thread error: PLC disconnected: timed out
2026-02-09 19:35:37,455 [ERROR] Polling thread error: PLC disconnected: timed out
2026-02-09 19:35:40,534 [ERROR] Polling thread error: PLC disconnected: timed out
2026-02-09 19:35:43,614 [ERROR] Polling thread error: PLC disconnected: timed out
2026-02-09 19:35:46,691 [ERROR] Polling thread error: PLC disconnected: timed out
2026-02-09 19:35:49,770 [ERROR] Polling thread error: PLC disconnected: timed out
2026-02-09 19:35:52,850 [ERROR] Polling thread error: PLC disconnected: timed out
2026-02-09 19:35:55,928 [ERROR] Polling thread error: PLC disconnected: timed out
2026-02-09 20:05:22,369 [WARNING] [Inference] TensorRT or cuda-python not installed: No module named 'tensorrt'
2026-02-09 20:05:22,913 [INFO] [Inference] Using GPU
2026-02-09 20:05:22,913 [INFO] [Inference] Loading OpenVINO model from C:\MyStuff\VS\MECup\backend\inference\openvino_model\model.xml
2026-02-09 20:05:24,825 [INFO] [Inference] Using OpenVINO backend on GPU
2026-02-09 20:05:25,027 [INFO] [Inference] Model ready (openvino)
2026-02-09 20:05:27,365 [WARNING] [Inference] TensorRT or cuda-python not installed: No module named 'tensorrt'
2026-02-09 20:05:27,939 [INFO] [Inference] Using GPU
2026-02-09 20:05:27,940 [INFO] [Inference] Loading OpenVINO model from C:\MyStuff\VS\MECup\backend\inference\openvino_model\model.xml
2026-02-09 20:05:30,114 [INFO] [Inference] Using OpenVINO backend on GPU
2026-02-09 20:05:30,328 [INFO] [Inference] Model ready (openvino)
2026-02-09 20:06:33,875 [ERROR] Polling thread error: [WinError 10054] An existing connection was forcibly closed by the remote host
2026-02-09 20:07:49,260 [ERROR] Polling thread error: [WinError 10054] An existing connection was forcibly closed by the remote host
2026-02-09 20:07:52,349 [ERROR] Polling thread error: PLC disconnected: timed out
2026-02-09 20:07:55,449 [ERROR] Polling thread error: PLC disconnected: timed out
2026-02-09 20:07:58,554 [ERROR] Polling thread error: PLC disconnected: timed out
2026-02-09 20:08:01,646 [ERROR] Polling thread error: PLC disconnected: timed out
2026-02-09 20:08:04,737 [ERROR] Polling thread error: PLC disconnected: timed out
2026-02-09 20:08:07,838 [ERROR] Polling thread error: PLC disconnected: timed out
2026-02-09 20:08:10,966 [ERROR] Polling thread error: PLC disconnected: timed out
2026-02-09 20:08:14,060 [ERROR] Polling thread error: PLC disconnected: timed out
2026-02-09 20:08:17,163 [ERROR] Polling thread error: PLC disconnected: timed out
2026-02-09 20:08:20,260 [ERROR] Polling thread error: PLC disconnected: timed out
2026-02-09 20:08:23,353 [ERROR] Polling thread error: PLC disconnected: timed out
2026-02-09 20:08:26,448 [ERROR] Polling thread error: PLC disconnected: timed out
2026-02-09 20:08:29,545 [ERROR] Polling thread error: PLC disconnected: timed out
2026-02-09 20:08:32,656 [ERROR] Polling thread error: PLC disconnected: timed out
2026-02-09 20:08:35,752 [ERROR] Polling thread error: PLC disconnected: timed out
2026-02-09 20:08:38,850 [ERROR] Polling thread error: PLC disconnected: timed out
2026-02-09 20:08:41,958 [ERROR] Polling thread error: PLC disconnected: timed out
2026-02-09 20:08:45,053 [ERROR] Polling thread error: PLC disconnected: timed out
2026-02-09 20:08:48,158 [ERROR] Polling thread error: PLC disconnected: timed out
2026-02-09 20:08:51,253 [ERROR] Polling thread error: PLC disconnected: timed out
2026-02-09 20:08:54,344 [ERROR] Polling thread error: PLC disconnected: timed out
2026-02-09 20:08:57,434 [ERROR] Polling thread error: PLC disconnected: timed out
2026-02-09 20:09:00,533 [ERROR] Polling thread error: PLC disconnected: timed out
2026-02-09 20:09:03,625 [ERROR] Polling thread error: PLC disconnected: timed out
2026-02-09 20:09:06,715 [ERROR] Polling thread error: PLC disconnected: timed out
2026-02-09 20:09:09,804 [ERROR] Polling thread error: PLC disconnected: timed out
2026-02-09 20:09:12,901 [ERROR] Polling thread error: PLC disconnected: timed out
2026-02-09 20:09:15,995 [ERROR] Polling thread error: PLC disconnected: timed out
2026-02-09 20:09:19,091 [ERROR] Polling thread error: PLC disconnected: timed out
2026-02-09 20:09:22,188 [ERROR] Polling thread error: PLC disconnected: timed out
2026-02-09 20:09:25,282 [ERROR] Polling thread error: PLC disconnected: timed out
2026-02-09 20:09:28,381 [ERROR] Polling thread error: PLC disconnected: timed out
2026-02-09 20:09:31,478 [ERROR] Polling thread error: PLC disconnected: timed out
2026-02-09 20:09:34,581 [ERROR] Polling thread error: PLC disconnected: timed out
2026-02-09 20:09:37,676 [ERROR] Polling thread error: PLC disconnected: timed out
2026-02-09 20:09:40,775 [ERROR] Polling thread error: PLC disconnected: timed out
2026-02-09 20:09:43,876 [ERROR] Polling thread error: PLC disconnected: timed out
2026-02-09 20:09:46,969 [ERROR] Polling thread error: PLC disconnected: timed out
2026-02-09 20:09:50,073 [ERROR] Polling thread error: PLC disconnected: timed out
2026-02-09 20:09:53,171 [ERROR] Polling thread error: PLC disconnected: timed out
2026-02-09 20:09:56,275 [ERROR] Polling thread error: PLC disconnected: timed out
2026-02-09 20:09:59,374 [ERROR] Polling thread error: PLC disconnected: timed out
2026-02-09 20:10:02,474 [ERROR] Polling thread error: PLC disconnected: timed out
2026-02-09 20:10:05,574 [ERROR] Polling thread error: PLC disconnected: timed out
2026-02-09 20:10:08,673 [ERROR] Polling thread error: PLC disconnected: timed out
2026-02-09 20:10:11,780 [ERROR] Polling thread error: PLC disconnected: timed out
2026-02-09 20:10:14,873 [ERROR] Polling thread error: PLC disconnected: timed out
2026-02-09 20:10:17,969 [ERROR] Polling thread error: PLC disconnected: timed out
2026-02-09 20:10:21,068 [ERROR] Polling thread error: PLC disconnected: timed out
2026-02-09 20:10:24,163 [ERROR] Polling thread error: PLC disconnected: timed out
2026-02-09 20:10:27,264 [ERROR] Polling thread error: PLC disconnected: timed out
2026-02-09 20:10:30,367 [ERROR] Polling thread error: PLC disconnected: timed out
2026-02-09 20:10:33,463 [ERROR] Polling thread error: PLC disconnected: timed out
2026-02-09 20:10:36,564 [ERROR] Polling thread error: PLC disconnected: timed out
2026-02-09 20:10:39,656 [ERROR] Polling thread error: PLC disconnected: timed out
2026-02-09 20:10:42,765 [ERROR] Polling thread error: PLC disconnected: timed out
2026-02-09 20:10:45,885 [ERROR] Polling thread error: PLC disconnected: timed out
2026-02-09 20:10:48,991 [ERROR] Polling thread error: PLC disconnected: timed out
2026-02-09 20:10:52,091 [ERROR] Polling thread error: PLC disconnected: timed out
2026-02-09 20:10:55,193 [ERROR] Polling thread error: PLC disconnected: timed out
2026-02-09 20:10:58,297 [ERROR] Polling thread error: PLC disconnected: timed out
2026-02-09 20:11:01,391 [ERROR] Polling thread error: PLC disconnected: timed out
2026-02-09 20:11:04,486 [ERROR] Polling thread error: PLC disconnected: timed out
2026-02-09 20:11:07,587 [ERROR] Polling thread error: PLC disconnected: timed out
2026-02-09 20:11:10,687 [ERROR] Polling thread error: PLC disconnected: timed out
2026-02-09 20:11:13,779 [ERROR] Polling thread error: PLC disconnected: timed out
2026-02-09 20:11:16,885 [ERROR] Polling thread error: PLC disconnected: timed out
2026-02-09 20:11:19,990 [ERROR] Polling thread error: PLC disconnected: timed out
2026-02-09 20:11:23,093 [ERROR] Polling thread error: PLC disconnected: timed out
2026-02-09 20:11:26,197 [ERROR] Polling thread error: PLC disconnected: timed out
2026-02-09 20:11:29,293 [ERROR] Polling thread error: PLC disconnected: timed out
2026-02-09 20:11:32,390 [ERROR] Polling thread error: PLC disconnected: timed out
2026-02-09 20:11:35,499 [ERROR] Polling thread error: PLC disconnected: timed out
2026-02-09 20:11:38,599 [ERROR] Polling thread error: PLC disconnected: timed out
2026-02-09 20:11:41,697 [ERROR] Polling thread error: PLC disconnected: timed out
2026-02-09 20:11:44,795 [ERROR] Polling thread error: PLC disconnected: timed out
2026-02-09 20:11:47,897 [ERROR] Polling thread error: PLC disconnected: timed out
2026-02-09 20:11:50,996 [ERROR] Polling thread error: PLC disconnected: timed out
2026-02-09 20:11:54,092 [ERROR] Polling thread error: PLC disconnected: timed out
2026-02-09 20:11:57,191 [ERROR] Polling thread error: PLC disconnected: timed out
2026-02-09 20:12:00,288 [ERROR] Polling thread error: PLC disconnected: timed out
2026-02-09 20:12:03,398 [ERROR] Polling thread error: PLC disconnected: timed out
2026-02-09 20:12:06,498 [ERROR] Polling thread error: PLC disconnected: timed out
2026-02-09 20:12:09,597 [ERROR] Polling thread error: PLC disconnected: timed out
2026-02-09 20:12:12,694 [ERROR] Polling thread error: PLC disconnected: timed out
2026-02-09 20:12:15,791 [ERROR] Polling thread error: PLC disconnected: timed out
2026-02-09 20:12:18,883 [ERROR] Polling thread error: PLC disconnected: timed out
2026-02-09 20:12:21,986 [ERROR] Polling thread error: PLC disconnected: timed out
2026-02-09 20:12:25,081 [ERROR] Polling thread error: PLC disconnected: timed out
2026-02-09 20:12:28,178 [ERROR] Polling thread error: PLC disconnected: timed out
2026-02-09 20:12:31,265 [ERROR] Polling thread error: PLC disconnected: timed out
2026-02-09 20:12:34,356 [ERROR] Polling thread error: PLC disconnected: timed out
2026-02-09 20:12:37,447 [ERROR] Polling thread error: PLC disconnected: timed out
2026-02-09 20:12:40,550 [ERROR] Polling thread error: PLC disconnected: timed out
2026-02-09 20:12:43,649 [ERROR] Polling thread error: PLC disconnected: timed out
2026-02-09 20:12:46,750 [ERROR] Polling thread error: PLC disconnected: timed out
2026-02-09 20:12:49,836 [ERROR] Polling thread error: PLC disconnected: timed out
2026-02-09 20:12:52,937 [ERROR] Polling thread error: PLC disconnected: timed out
2026-02-09 20:12:56,042 [ERROR] Polling thread error: PLC disconnected: timed out
2026-02-09 20:12:59,138 [ERROR] Polling thread error: PLC disconnected: timed out
2026-02-09 20:13:02,233 [ERROR] Polling thread error: PLC disconnected: timed out
2026-02-09 20:13:05,328 [ERROR] Polling thread error: PLC disconnected: timed out
2026-02-09 20:13:08,428 [ERROR] Polling thread error: PLC disconnected: timed out
2026-02-09 20:13:11,545 [ERROR] Polling thread error: PLC disconnected: timed out
2026-02-09 20:13:14,646 [ERROR] Polling thread error: PLC disconnected: timed out
2026-02-09 20:13:17,745 [ERROR] Polling thread error: PLC disconnected: timed out
2026-02-09 20:13:20,844 [ERROR] Polling thread error: PLC disconnected: timed out
2026-02-09 20:13:23,935 [ERROR] Polling thread error: PLC disconnected: timed out
2026-02-09 20:13:27,034 [ERROR] Polling thread error: PLC disconnected: timed out
2026-02-09 20:13:30,133 [ERROR] Polling thread error: PLC disconnected: timed out
2026-02-09 20:13:33,237 [ERROR] Polling thread error: PLC disconnected: timed out
2026-02-09 20:13:36,342 [ERROR] Polling thread error: PLC disconnected: timed out
2026-02-09 20:13:39,440 [ERROR] Polling thread error: PLC disconnected: timed out
2026-02-09 20:13:42,540 [ERROR] Polling thread error: PLC disconnected: timed out
2026-02-09 20:13:45,640 [ERROR] Polling thread error: PLC disconnected: timed out
2026-02-09 20:13:48,745 [ERROR] Polling thread error: PLC disconnected: timed out
2026-02-09 20:13:51,852 [ERROR] Polling thread error: PLC disconnected: timed out
2026-02-09 20:13:54,951 [ERROR] Polling thread error: PLC disconnected: timed out
2026-02-09 20:13:58,053 [ERROR] Polling thread error: PLC disconnected: timed out
2026-02-09 20:14:01,153 [ERROR] Polling thread error: PLC disconnected: timed out
2026-02-09 20:14:04,256 [ERROR] Polling thread error: PLC disconnected: timed out
2026-02-09 20:14:07,357 [ERROR] Polling thread error: PLC disconnected: timed out
2026-02-09 20:14:10,453 [ERROR] Polling thread error: PLC disconnected: timed out
2026-02-09 20:14:13,546 [ERROR] Polling thread error: PLC disconnected: timed out
2026-02-09 20:14:16,646 [ERROR] Polling thread error: PLC disconnected: timed out
2026-02-09 20:14:19,747 [ERROR] Polling thread error: PLC disconnected: timed out
2026-02-09 20:14:22,847 [ERROR] Polling thread error: PLC disconnected: timed out
2026-02-09 20:14:25,954 [ERROR] Polling thread error: PLC disconnected: timed out
2026-02-09 20:14:29,045 [ERROR] Polling thread error: PLC disconnected: timed out
2026-02-09 20:27:14,270 [ERROR] Polling thread error: [WinError 10054] An existing connection was forcibly closed by the remote host
2026-02-09 20:33:14,232 [ERROR] Polling thread error: [WinError 10054] An existing connection was forcibly closed by the remote host
2026-02-09 20:33:17,323 [ERROR] Polling thread error: PLC disconnected: timed out
2026-02-09 20:33:20,424 [ERROR] Polling thread error: PLC disconnected: timed out
2026-02-09 20:33:23,521 [ERROR] Polling thread error: PLC disconnected: timed out
2026-02-09 20:33:26,610 [ERROR] Polling thread error: PLC disconnected: timed out
2026-02-09 20:33:29,710 [ERROR] Polling thread error: PLC disconnected: timed out
2026-02-09 20:33:32,804 [ERROR] Polling thread error: PLC disconnected: timed out
2026-02-09 20:33:35,895 [ERROR] Polling thread error: PLC disconnected: timed out
2026-02-09 20:33:38,989 [ERROR] Polling thread error: PLC disconnected: timed out
2026-02-09 20:33:42,077 [ERROR] Polling thread error: PLC disconnected: timed out
2026-02-09 20:33:45,179 [ERROR] Polling thread error: PLC disconnected: timed out
2026-02-09 20:33:46,294 [ERROR] Polling thread error: PLC Connection Closed
2026-02-09 20:33:47,398 [ERROR] Polling thread error: PLC Connection Closed
2026-02-09 20:33:48,495 [ERROR] Polling thread error: PLC Connection Closed
2026-02-09 20:33:49,595 [ERROR] Polling thread error: PLC Connection Closed
2026-02-09 20:33:50,692 [ERROR] Polling thread error: PLC Connection Closed
2026-02-09 20:33:51,790 [ERROR] Polling thread error: PLC Connection Closed
2026-02-09 20:33:52,895 [ERROR] Polling thread error: PLC Connection Closed
2026-02-09 20:33:53,994 [ERROR] Polling thread error: PLC Connection Closed
2026-02-09 20:33:55,086 [ERROR] Polling thread error: PLC Connection Closed
2026-02-09 20:33:56,194 [ERROR] Polling thread error: PLC Connection Closed
2026-02-09 20:33:57,288 [ERROR] Polling thread error: PLC Connection Closed
2026-02-09 20:33:58,389 [ERROR] Polling thread error: PLC Connection Closed
2026-02-09 20:33:59,490 [ERROR] Polling thread error: PLC Connection Closed
2026-02-09 20:34:00,591 [ERROR] Polling thread error: PLC Connection Closed
2026-02-09 20:34:01,681 [ERROR] Polling thread error: PLC Connection Closed
2026-02-09 20:34:02,781 [ERROR] Polling thread error: PLC Connection Closed
2026-02-09 20:34:03,888 [ERROR] Polling thread error: PLC Connection Closed
2026-02-09 20:38:05,000 [WARNING] [Inference] TensorRT or cuda-python not installed: No module named 'tensorrt'
2026-02-09 20:38:05,596 [INFO] [Inference] Using GPU
2026-02-09 20:38:05,597 [INFO] [Inference] Loading OpenVINO model from C:\MyStuff\VS\MECup\backend\inference\openvino_model\model.xml
2026-02-09 20:38:06,894 [INFO] [Inference] Using OpenVINO backend on GPU
2026-02-09 20:38:07,080 [INFO] [Inference] Model ready (openvino)
2026-02-09 20:38:09,199 [WARNING] [Inference] TensorRT or cuda-python not installed: No module named 'tensorrt'
2026-02-09 20:38:09,681 [INFO] [Inference] Using GPU
2026-02-09 20:38:09,682 [INFO] [Inference] Loading OpenVINO model from C:\MyStuff\VS\MECup\backend\inference\openvino_model\model.xml
2026-02-09 20:38:11,479 [INFO] [Inference] Using OpenVINO backend on GPU
2026-02-09 20:38:11,676 [INFO] [Inference] Model ready (openvino)
2026-02-09 20:45:01,558 [ERROR] Polling thread error: [WinError 10054] An existing connection was forcibly closed by the remote host
2026-02-09 20:45:04,654 [ERROR] Polling thread error: PLC disconnected: timed out
2026-02-09 20:45:07,751 [ERROR] Polling thread error: PLC disconnected: timed out
2026-02-09 20:45:10,851 [ERROR] Polling thread error: PLC disconnected: timed out
2026-02-09 20:45:13,946 [ERROR] Polling thread error: PLC disconnected: timed out
2026-02-09 20:57:01,435 [WARNING] [Inference] TensorRT or cuda-python not installed: No module named 'tensorrt'
2026-02-09 20:57:04,018 [INFO] [Inference] Using GPU
2026-02-09 20:57:04,019 [INFO] [Inference] Loading OpenVINO model from C:\MyStuff\VS\MECup\backend\inference\openvino_model\model.xml
2026-02-09 20:57:06,720 [INFO] [Inference] Using OpenVINO backend on GPU
2026-02-09 20:57:06,945 [INFO] [Inference] Model ready (openvino)
2026-02-09 20:57:08,431 [WARNING] [Inference] TensorRT or cuda-python not installed: No module named 'tensorrt'
2026-02-09 20:57:08,795 [INFO] [Inference] Using GPU
2026-02-09 20:57:08,796 [INFO] [Inference] Loading OpenVINO model from C:\MyStuff\VS\MECup\backend\inference\openvino_model\model.xml
2026-02-09 20:57:09,429 [INFO] [Inference] Using OpenVINO backend on GPU
2026-02-09 20:57:09,639 [INFO] [Inference] Model ready (openvino)
2026-02-09 21:01:57,556 [ERROR] Polling thread error: [WinError 10054] An existing connection was forcibly closed by the remote host
2026-02-09 21:04:26,203 [ERROR] Polling thread error: [WinError 10054] An existing connection was forcibly closed by the remote host
2026-02-09 21:04:29,286 [ERROR] Polling thread error: PLC disconnected: timed out
2026-02-09 21:04:38,605 [ERROR] Polling thread error: PLC disconnected: timed out
2026-02-09 21:04:41,683 [ERROR] Polling thread error: PLC disconnected: timed out
2026-02-09 21:04:44,760 [ERROR] Polling thread error: PLC disconnected: timed out
2026-02-09 21:04:47,840 [ERROR] Polling thread error: PLC disconnected: timed out
2026-02-09 21:04:50,920 [ERROR] Polling thread error: PLC disconnected: timed out
2026-02-10 11:29:48,816 [WARNING] [Inference] TensorRT or cuda-python not installed: No module named 'tensorrt'
2026-02-10 11:29:51,625 [INFO] [Inference] Using GPU
2026-02-10 11:29:51,625 [INFO] [Inference] Loading OpenVINO model from C:\MyStuff\VS\MECup\backend\inference\openvino_model\model.xml
2026-02-10 11:29:53,922 [INFO] [Inference] Using OpenVINO backend on GPU
2026-02-10 11:29:54,102 [INFO] [Inference] Model ready (openvino)
2026-02-10 11:29:54,154 [ERROR] Polling thread error: PLC disconnected: [WinError 10051] A socket operation was attempted to an unreachable network
2026-02-10 11:29:55,232 [ERROR] Polling thread error: PLC disconnected: [WinError 10051] A socket operation was attempted to an unreachable network
2026-02-10 11:29:55,721 [WARNING] [Inference] TensorRT or cuda-python not installed: No module named 'tensorrt'
2026-02-10 11:29:56,146 [INFO] [Inference] Using GPU
2026-02-10 11:29:56,147 [INFO] [Inference] Loading OpenVINO model from C:\MyStuff\VS\MECup\backend\inference\openvino_model\model.xml
2026-02-10 11:29:56,320 [ERROR] Polling thread error: PLC disconnected: [WinError 10051] A socket operation was attempted to an unreachable network
2026-02-10 11:29:57,351 [INFO] [Inference] Using OpenVINO backend on GPU
2026-02-10 11:29:57,409 [ERROR] Polling thread error: PLC disconnected: [WinError 10051] A socket operation was attempted to an unreachable network
2026-02-10 11:29:57,527 [INFO] [Inference] Model ready (openvino)
2026-02-10 11:29:58,499 [ERROR] Polling thread error: PLC disconnected: [WinError 10051] A socket operation was attempted to an unreachable network
2026-02-10 11:29:59,588 [ERROR] Polling thread error: PLC disconnected: [WinError 10051] A socket operation was attempted to an unreachable network
2026-02-10 11:30:00,676 [ERROR] Polling thread error: PLC disconnected: [WinError 10051] A socket operation was attempted to an unreachable network
2026-02-10 11:30:01,763 [ERROR] Polling thread error: PLC disconnected: [WinError 10051] A socket operation was attempted to an unreachable network
2026-02-10 11:30:02,843 [ERROR] Polling thread error: PLC disconnected: [WinError 10051] A socket operation was attempted to an unreachable network
2026-02-10 11:30:03,922 [ERROR] Polling thread error: PLC disconnected: [WinError 10051] A socket operation was attempted to an unreachable network
2026-02-10 11:30:05,002 [ERROR] Polling thread error: PLC disconnected: [WinError 10051] A socket operation was attempted to an unreachable network
2026-02-10 11:30:06,091 [ERROR] Polling thread error: PLC disconnected: [WinError 10051] A socket operation was attempted to an unreachable network
2026-02-10 11:30:07,170 [ERROR] Polling thread error: PLC disconnected: [WinError 10051] A socket operation was attempted to an unreachable network
2026-02-10 11:30:08,257 [ERROR] Polling thread error: PLC disconnected: [WinError 10051] A socket operation was attempted to an unreachable network
2026-02-10 11:30:09,346 [ERROR] Polling thread error: PLC disconnected: [WinError 10051] A socket operation was attempted to an unreachable network
2026-02-10 11:30:10,424 [ERROR] Polling thread error: PLC disconnected: [WinError 10051] A socket operation was attempted to an unreachable network
2026-02-10 11:30:11,514 [ERROR] Polling thread error: PLC disconnected: [WinError 10051] A socket operation was attempted to an unreachable network
2026-02-10 11:30:12,612 [ERROR] Polling thread error: PLC disconnected: [WinError 10051] A socket operation was attempted to an unreachable network
2026-02-10 11:30:13,700 [ERROR] Polling thread error: PLC disconnected: [WinError 10051] A socket operation was attempted to an unreachable network
2026-02-10 11:30:14,789 [ERROR] Polling thread error: PLC disconnected: [WinError 10051] A socket operation was attempted to an unreachable network
2026-02-10 11:30:15,876 [ERROR] Polling thread error: PLC disconnected: [WinError 10051] A socket operation was attempted to an unreachable network
2026-02-10 11:30:16,956 [ERROR] Polling thread error: PLC disconnected: [WinError 10051] A socket operation was attempted to an unreachable network
2026-02-10 11:30:18,035 [ERROR] Polling thread error: PLC disconnected: [WinError 10051] A socket operation was attempted to an unreachable network
2026-02-10 11:30:19,114 [ERROR] Polling thread error: PLC disconnected: [WinError 10051] A socket operation was attempted to an unreachable network
2026-02-10 11:30:20,205 [ERROR] Polling thread error: PLC disconnected: [WinError 10051] A socket operation was attempted to an unreachable network
2026-02-10 11:30:21,293 [ERROR] Polling thread error: PLC disconnected: [WinError 10051] A socket operation was attempted to an unreachable network
2026-02-10 11:30:22,371 [ERROR] Polling thread error: PLC disconnected: [WinError 10051] A socket operation was attempted to an unreachable network
2026-02-10 11:30:23,459 [ERROR] Polling thread error: PLC disconnected: [WinError 10051] A socket operation was attempted to an unreachable network
2026-02-10 11:30:24,546 [ERROR] Polling thread error: PLC disconnected: [WinError 10051] A socket operation was attempted to an unreachable network
2026-02-10 11:30:25,637 [ERROR] Polling thread error: PLC disconnected: [WinError 10051] A socket operation was attempted to an unreachable network
2026-02-10 11:30:26,726 [ERROR] Polling thread error: PLC disconnected: [WinError 10051] A socket operation was attempted to an unreachable network
2026-02-10 11:30:27,803 [ERROR] Polling thread error: PLC disconnected: [WinError 10051] A socket operation was attempted to an unreachable network
2026-02-10 11:30:28,891 [ERROR] Polling thread error: PLC disconnected: [WinError 10051] A socket operation was attempted to an unreachable network
2026-02-10 11:30:29,979 [ERROR] Polling thread error: PLC disconnected: [WinError 10051] A socket operation was attempted to an unreachable network
2026-02-10 11:30:31,058 [ERROR] Polling thread error: PLC disconnected: [WinError 10051] A socket operation was attempted to an unreachable network
2026-02-10 11:30:32,139 [ERROR] Polling thread error: PLC disconnected: [WinError 10051] A socket operation was attempted to an unreachable network
2026-02-10 11:30:33,229 [ERROR] Polling thread error: PLC disconnected: [WinError 10051] A socket operation was attempted to an unreachable network
2026-02-10 11:30:34,320 [ERROR] Polling thread error: PLC disconnected: [WinError 10051] A socket operation was attempted to an unreachable network
2026-02-10 11:30:35,411 [ERROR] Polling thread error: PLC disconnected: [WinError 10051] A socket operation was attempted to an unreachable network
2026-02-10 11:30:36,498 [ERROR] Polling thread error: PLC disconnected: [WinError 10051] A socket operation was attempted to an unreachable network
2026-02-10 11:30:37,595 [ERROR] Polling thread error: PLC disconnected: [WinError 10051] A socket operation was attempted to an unreachable network
2026-02-10 11:30:38,683 [ERROR] Polling thread error: PLC disconnected: [WinError 10051] A socket operation was attempted to an unreachable network
2026-02-10 11:30:39,770 [ERROR] Polling thread error: PLC disconnected: [WinError 10051] A socket operation was attempted to an unreachable network
2026-02-10 11:30:40,858 [ERROR] Polling thread error: PLC disconnected: [WinError 10051] A socket operation was attempted to an unreachable network
2026-02-10 11:30:41,946 [ERROR] Polling thread error: PLC disconnected: [WinError 10051] A socket operation was attempted to an unreachable network
2026-02-10 11:30:43,032 [ERROR] Polling thread error: PLC disconnected: [WinError 10051] A socket operation was attempted to an unreachable network
2026-02-10 11:30:44,120 [ERROR] Polling thread error: PLC disconnected: [WinError 10051] A socket operation was attempted to an unreachable network
2026-02-10 11:30:45,196 [ERROR] Polling thread error: PLC disconnected: [WinError 10051] A socket operation was attempted to an unreachable network
2026-02-10 11:30:46,283 [ERROR] Polling thread error: PLC disconnected: [WinError 10051] A socket operation was attempted to an unreachable network
2026-02-10 11:30:47,360 [ERROR] Polling thread error: PLC disconnected: [WinError 10051] A socket operation was attempted to an unreachable network
2026-02-10 11:30:48,437 [ERROR] Polling thread error: PLC disconnected: [WinError 10051] A socket operation was attempted to an unreachable network
2026-02-10 11:30:49,525 [ERROR] Polling thread error: PLC disconnected: [WinError 10051] A socket operation was attempted to an unreachable network
2026-02-10 11:30:50,625 [ERROR] Polling thread error: PLC disconnected: [WinError 10051] A socket operation was attempted to an unreachable network
2026-02-10 11:30:51,715 [ERROR] Polling thread error: PLC disconnected: [WinError 10051] A socket operation was attempted to an unreachable network
2026-02-10 11:30:52,803 [ERROR] Polling thread error: PLC disconnected: [WinError 10051] A socket operation was attempted to an unreachable network
2026-02-10 11:30:53,890 [ERROR] Polling thread error: PLC disconnected: [WinError 10051] A socket operation was attempted to an unreachable network
2026-02-10 11:30:54,978 [ERROR] Polling thread error: PLC disconnected: [WinError 10051] A socket operation was attempted to an unreachable network
2026-02-10 11:30:56,065 [ERROR] Polling thread error: PLC disconnected: [WinError 10051] A socket operation was attempted to an unreachable network
2026-02-10 11:30:57,151 [ERROR] Polling thread error: PLC disconnected: [WinError 10051] A socket operation was attempted to an unreachable network
2026-02-10 11:30:58,229 [ERROR] Polling thread error: PLC disconnected: [WinError 10051] A socket operation was attempted to an unreachable network
2026-02-10 11:30:59,317 [ERROR] Polling thread error: PLC disconnected: [WinError 10051] A socket operation was attempted to an unreachable network
2026-02-10 11:31:00,404 [ERROR] Polling thread error: PLC disconnected: [WinError 10051] A socket operation was attempted to an unreachable network
2026-02-10 11:31:01,491 [ERROR] Polling thread error: PLC disconnected: [WinError 10051] A socket operation was attempted to an unreachable network
2026-02-10 11:31:02,568 [ERROR] Polling thread error: PLC disconnected: [WinError 10051] A socket operation was attempted to an unreachable network
2026-02-10 11:31:03,657 [ERROR] Polling thread error: PLC disconnected: [WinError 10051] A socket operation was attempted to an unreachable network
2026-02-10 11:31:04,766 [ERROR] Polling thread error: PLC disconnected: [WinError 10051] A socket operation was attempted to an unreachable network
2026-02-10 11:31:05,853 [ERROR] Polling thread error: PLC disconnected: [WinError 10051] A socket operation was attempted to an unreachable network
2026-02-10 11:31:06,953 [ERROR] Polling thread error: PLC disconnected: [WinError 10051] A socket operation was attempted to an unreachable network
2026-02-10 11:31:08,055 [ERROR] Polling thread error: PLC disconnected: [WinError 10051] A socket operation was attempted to an unreachable network
2026-02-10 11:31:09,160 [ERROR] Polling thread error: PLC disconnected: [WinError 10051] A socket operation was attempted to an unreachable network
2026-02-10 11:31:10,250 [ERROR] Polling thread error: PLC disconnected: [WinError 10051] A socket operation was attempted to an unreachable network
2026-02-10 11:31:11,352 [ERROR] Polling thread error: PLC disconnected: [WinError 10051] A socket operation was attempted to an unreachable network
2026-02-10 11:31:12,458 [ERROR] Polling thread error: PLC disconnected: [WinError 10051] A socket operation was attempted to an unreachable network
2026-02-10 11:31:13,546 [ERROR] Polling thread error: PLC disconnected: [WinError 10051] A socket operation was attempted to an unreachable network
2026-02-10 11:31:14,631 [ERROR] Polling thread error: PLC disconnected: [WinError 10051] A socket operation was attempted to an unreachable network
2026-02-10 11:31:15,723 [ERROR] Polling thread error: PLC disconnected: [WinError 10051] A socket operation was attempted to an unreachable network
2026-02-10 11:31:16,806 [ERROR] Polling thread error: PLC disconnected: [WinError 10051] A socket operation was attempted to an unreachable network
2026-02-10 11:31:17,895 [ERROR] Polling thread error: PLC disconnected: [WinError 10051] A socket operation was attempted to an unreachable network
2026-02-10 11:31:18,995 [ERROR] Polling thread error: PLC disconnected: [WinError 10051] A socket operation was attempted to an unreachable network
2026-02-10 11:31:20,100 [ERROR] Polling thread error: PLC disconnected: [WinError 10051] A socket operation was attempted to an unreachable network
2026-02-10 11:31:21,201 [ERROR] Polling thread error: PLC disconnected: [WinError 10051] A socket operation was attempted to an unreachable network
2026-02-10 11:31:22,298 [ERROR] Polling thread error: PLC disconnected: [WinError 10051] A socket operation was attempted to an unreachable network
2026-02-10 11:31:23,378 [ERROR] Polling thread error: PLC disconnected: [WinError 10051] A socket operation was attempted to an unreachable network
2026-02-10 11:31:24,461 [ERROR] Polling thread error: PLC disconnected: [WinError 10051] A socket operation was attempted to an unreachable network
2026-02-10 11:31:25,564 [ERROR] Polling thread error: PLC disconnected: [WinError 10051] A socket operation was attempted to an unreachable network
2026-02-10 11:31:26,655 [ERROR] Polling thread error: PLC disconnected: [WinError 10051] A socket operation was attempted to an unreachable network
2026-02-10 11:31:27,742 [ERROR] Polling thread error: PLC disconnected: [WinError 10051] A socket operation was attempted to an unreachable network
2026-02-10 11:31:28,830 [ERROR] Polling thread error: PLC disconnected: [WinError 10051] A socket operation was attempted to an unreachable network
2026-02-10 11:31:29,917 [ERROR] Polling thread error: PLC disconnected: [WinError 10051] A socket operation was attempted to an unreachable network
2026-02-10 11:31:31,022 [ERROR] Polling thread error: PLC disconnected: [WinError 10051] A socket operation was attempted to an unreachable network
2026-02-10 11:31:32,125 [ERROR] Polling thread error: PLC disconnected: [WinError 10051] A socket operation was attempted to an unreachable network
2026-02-10 11:31:33,211 [ERROR] Polling thread error: PLC disconnected: [WinError 10051] A socket operation was attempted to an unreachable network
2026-02-10 11:31:34,293 [ERROR] Polling thread error: PLC disconnected: [WinError 10051] A socket operation was attempted to an unreachable network
2026-02-10 11:31:35,377 [ERROR] Polling thread error: PLC disconnected: [WinError 10051] A socket operation was attempted to an unreachable network
2026-02-10 11:31:36,482 [ERROR] Polling thread error: PLC disconnected: [WinError 10051] A socket operation was attempted to an unreachable network
2026-02-10 11:31:37,566 [ERROR] Polling thread error: PLC disconnected: [WinError 10051] A socket operation was attempted to an unreachable network
2026-02-10 11:31:38,667 [ERROR] Polling thread error: PLC disconnected: [WinError 10051] A socket operation was attempted to an unreachable network
2026-02-10 11:31:39,760 [ERROR] Polling thread error: PLC disconnected: [WinError 10051] A socket operation was attempted to an unreachable network
2026-02-10 11:31:40,840 [ERROR] Polling thread error: PLC disconnected: [WinError 10051] A socket operation was attempted to an unreachable network
2026-02-10 11:31:41,927 [ERROR] Polling thread error: PLC disconnected: [WinError 10051] A socket operation was attempted to an unreachable network
2026-02-10 11:31:43,017 [ERROR] Polling thread error: PLC disconnected: [WinError 10051] A socket operation was attempted to an unreachable network
2026-02-10 11:31:44,100 [ERROR] Polling thread error: PLC disconnected: [WinError 10051] A socket operation was attempted to an unreachable network
2026-02-10 11:31:45,185 [ERROR] Polling thread error: PLC disconnected: [WinError 10051] A socket operation was attempted to an unreachable network
2026-02-10 11:31:46,271 [ERROR] Polling thread error: PLC disconnected: [WinError 10051] A socket operation was attempted to an unreachable network
2026-02-10 11:31:47,357 [ERROR] Polling thread error: PLC disconnected: [WinError 10051] A socket operation was attempted to an unreachable network
2026-02-10 11:31:48,456 [ERROR] Polling thread error: PLC disconnected: [WinError 10051] A socket operation was attempted to an unreachable network
2026-02-10 11:31:49,544 [ERROR] Polling thread error: PLC disconnected: [WinError 10051] A socket operation was attempted to an unreachable network
2026-02-10 11:31:50,642 [ERROR] Polling thread error: PLC disconnected: [WinError 10051] A socket operation was attempted to an unreachable network
2026-02-10 11:31:51,727 [ERROR] Polling thread error: PLC disconnected: [WinError 10051] A socket operation was attempted to an unreachable network
2026-02-10 11:31:52,812 [ERROR] Polling thread error: PLC disconnected: [WinError 10051] A socket operation was attempted to an unreachable network
2026-02-10 11:31:53,923 [ERROR] Polling thread error: PLC disconnected: [WinError 10051] A socket operation was attempted to an unreachable network
2026-02-10 11:31:55,010 [ERROR] Polling thread error: PLC disconnected: [WinError 10051] A socket operation was attempted to an unreachable network
2026-02-10 11:31:56,104 [ERROR] Polling thread error: PLC disconnected: [WinError 10051] A socket operation was attempted to an unreachable network
2026-02-10 11:31:57,191 [ERROR] Polling thread error: PLC disconnected: [WinError 10051] A socket operation was attempted to an unreachable network
2026-02-10 11:31:58,268 [ERROR] Polling thread error: PLC disconnected: [WinError 10051] A socket operation was attempted to an unreachable network
2026-02-10 11:31:59,356 [ERROR] Polling thread error: PLC disconnected: [WinError 10051] A socket operation was attempted to an unreachable network
2026-02-10 11:32:00,433 [ERROR] Polling thread error: PLC disconnected: [WinError 10051] A socket operation was attempted to an unreachable network
2026-02-10 11:32:01,521 [ERROR] Polling thread error: PLC disconnected: [WinError 10051] A socket operation was attempted to an unreachable network
2026-02-10 11:32:02,608 [ERROR] Polling thread error: PLC disconnected: [WinError 10051] A socket operation was attempted to an unreachable network
2026-02-10 11:32:03,696 [ERROR] Polling thread error: PLC disconnected: [WinError 10051] A socket operation was attempted to an unreachable network
2026-02-10 11:32:04,784 [ERROR] Polling thread error: PLC disconnected: [WinError 10051] A socket operation was attempted to an unreachable network
2026-02-10 11:32:05,871 [ERROR] Polling thread error: PLC disconnected: [WinError 10051] A socket operation was attempted to an unreachable network
2026-02-10 11:32:06,958 [ERROR] Polling thread error: PLC disconnected: [WinError 10051] A socket operation was attempted to an unreachable network
2026-02-10 11:32:08,045 [ERROR] Polling thread error: PLC disconnected: [WinError 10051] A socket operation was attempted to an unreachable network
2026-02-10 11:32:09,133 [ERROR] Polling thread error: PLC disconnected: [WinError 10051] A socket operation was attempted to an unreachable network
2026-02-10 11:32:10,220 [ERROR] Polling thread error: PLC disconnected: [WinError 10051] A socket operation was attempted to an unreachable network
2026-02-10 11:32:11,307 [ERROR] Polling thread error: PLC disconnected: [WinError 10051] A socket operation was attempted to an unreachable network
2026-02-10 11:32:12,395 [ERROR] Polling thread error: PLC disconnected: [WinError 10051] A socket operation was attempted to an unreachable network
2026-02-10 11:32:13,482 [ERROR] Polling thread error: PLC disconnected: [WinError 10051] A socket operation was attempted to an unreachable network
2026-02-10 11:32:14,570 [ERROR] Polling thread error: PLC disconnected: [WinError 10051] A socket operation was attempted to an unreachable network
2026-02-10 11:32:15,657 [ERROR] Polling thread error: PLC disconnected: [WinError 10051] A socket operation was attempted to an unreachable network
2026-02-10 11:32:16,743 [ERROR] Polling thread error: PLC disconnected: [WinError 10051] A socket operation was attempted to an unreachable network
2026-02-10 11:32:17,830 [ERROR] Polling thread error: PLC disconnected: [WinError 10051] A socket operation was attempted to an unreachable network
2026-02-10 11:32:18,916 [ERROR] Polling thread error: PLC disconnected: [WinError 10051] A socket operation was attempted to an unreachable network
2026-02-10 11:32:19,994 [ERROR] Polling thread error: PLC disconnected: [WinError 10051] A socket operation was attempted to an unreachable network
2026-02-10 11:32:21,071 [ERROR] Polling thread error: PLC disconnected: [WinError 10051] A socket operation was attempted to an unreachable network
2026-02-10 11:32:22,158 [ERROR] Polling thread error: PLC disconnected: [WinError 10051] A socket operation was attempted to an unreachable network
2026-02-10 11:32:23,237 [ERROR] Polling thread error: PLC disconnected: [WinError 10051] A socket operation was attempted to an unreachable network
2026-02-10 11:32:24,324 [ERROR] Polling thread error: PLC disconnected: [WinError 10051] A socket operation was attempted to an unreachable network
2026-02-10 11:32:25,401 [ERROR] Polling thread error: PLC disconnected: [WinError 10051] A socket operation was attempted to an unreachable network
2026-02-10 11:32:26,488 [ERROR] Polling thread error: PLC disconnected: [WinError 10051] A socket operation was attempted to an unreachable network
2026-02-10 11:32:27,577 [ERROR] Polling thread error: PLC disconnected: [WinError 10051] A socket operation was attempted to an unreachable network
2026-02-10 11:32:28,665 [ERROR] Polling thread error: PLC disconnected: [WinError 10051] A socket operation was attempted to an unreachable network
2026-02-10 11:32:29,741 [ERROR] Polling thread error: PLC disconnected: [WinError 10051] A socket operation was attempted to an unreachable network
2026-02-10 11:32:30,818 [ERROR] Polling thread error: PLC disconnected: [WinError 10051] A socket operation was attempted to an unreachable network
2026-02-10 11:32:31,906 [ERROR] Polling thread error: PLC disconnected: [WinError 10051] A socket operation was attempted to an unreachable network
2026-02-10 11:32:32,993 [ERROR] Polling thread error: PLC disconnected: [WinError 10051] A socket operation was attempted to an unreachable network
2026-02-10 11:32:34,080 [ERROR] Polling thread error: PLC disconnected: [WinError 10051] A socket operation was attempted to an unreachable network
2026-02-10 11:32:35,167 [ERROR] Polling thread error: PLC disconnected: [WinError 10051] A socket operation was attempted to an unreachable network
2026-02-10 11:32:36,243 [ERROR] Polling thread error: PLC disconnected: [WinError 10051] A socket operation was attempted to an unreachable network
2026-02-10 11:32:37,332 [ERROR] Polling thread error: PLC disconnected: [WinError 10051] A socket operation was attempted to an unreachable network
2026-02-10 11:32:38,418 [ERROR] Polling thread error: PLC disconnected: [WinError 10051] A socket operation was attempted to an unreachable network
2026-02-10 11:32:39,506 [ERROR] Polling thread error: PLC disconnected: [WinError 10051] A socket operation was attempted to an unreachable network
2026-02-10 11:32:40,583 [ERROR] Polling thread error: PLC disconnected: [WinError 10051] A socket operation was attempted to an unreachable network
2026-02-10 11:32:41,660 [ERROR] Polling thread error: PLC disconnected: [WinError 10051] A socket operation was attempted to an unreachable network
2026-02-10 11:32:42,736 [ERROR] Polling thread error: PLC disconnected: [WinError 10051] A socket operation was attempted to an unreachable network
2026-02-10 11:32:43,823 [ERROR] Polling thread error: PLC disconnected: [WinError 10051] A socket operation was attempted to an unreachable network
2026-02-10 11:32:44,901 [ERROR] Polling thread error: PLC disconnected: [WinError 10051] A socket operation was attempted to an unreachable network
2026-02-10 11:32:45,987 [ERROR] Polling thread error: PLC disconnected: [WinError 10051] A socket operation was attempted to an unreachable network
2026-02-10 11:32:47,073 [ERROR] Polling thread error: PLC disconnected: [WinError 10051] A socket operation was attempted to an unreachable network
2026-02-10 11:32:48,160 [ERROR] Polling thread error: PLC disconnected: [WinError 10051] A socket operation was attempted to an unreachable network
2026-02-10 11:32:49,247 [ERROR] Polling thread error: PLC disconnected: [WinError 10051] A socket operation was attempted to an unreachable network
2026-02-10 11:32:50,334 [ERROR] Polling thread error: PLC disconnected: [WinError 10051] A socket operation was attempted to an unreachable network
2026-02-10 11:32:51,411 [ERROR] Polling thread error: PLC disconnected: [WinError 10051] A socket operation was attempted to an unreachable network
2026-02-10 11:32:52,500 [ERROR] Polling thread error: PLC disconnected: [WinError 10051] A socket operation was attempted to an unreachable network
2026-02-10 11:32:53,588 [ERROR] Polling thread error: PLC disconnected: [WinError 10051] A socket operation was attempted to an unreachable network
2026-02-10 11:32:54,675 [ERROR] Polling thread error: PLC disconnected: [WinError 10051] A socket operation was attempted to an unreachable network
2026-02-10 11:32:55,763 [ERROR] Polling thread error: PLC disconnected: [WinError 10051] A socket operation was attempted to an unreachable network
2026-02-10 11:32:56,851 [ERROR] Polling thread error: PLC disconnected: [WinError 10051] A socket operation was attempted to an unreachable network
2026-02-10 11:32:57,939 [ERROR] Polling thread error: PLC disconnected: [WinError 10051] A socket operation was attempted to an unreachable network
2026-02-10 11:32:59,025 [ERROR] Polling thread error: PLC disconnected: [WinError 10051] A socket operation was attempted to an unreachable network
2026-02-10 11:33:00,111 [ERROR] Polling thread error: PLC disconnected: [WinError 10051] A socket operation was attempted to an unreachable network
2026-02-10 11:33:01,198 [ERROR] Polling thread error: PLC disconnected: [WinError 10051] A socket operation was attempted to an unreachable network
2026-02-10 11:33:02,286 [ERROR] Polling thread error: PLC disconnected: [WinError 10051] A socket operation was attempted to an unreachable network
2026-02-10 11:33:03,372 [ERROR] Polling thread error: PLC disconnected: [WinError 10051] A socket operation was attempted to an unreachable network
2026-02-10 11:33:04,459 [ERROR] Polling thread error: PLC disconnected: [WinError 10051] A socket operation was attempted to an unreachable network
2026-02-10 11:33:05,535 [ERROR] Polling thread error: PLC disconnected: [WinError 10051] A socket operation was attempted to an unreachable network
2026-02-10 11:33:06,612 [ERROR] Polling thread error: PLC disconnected: [WinError 10051] A socket operation was attempted to an unreachable network
2026-02-10 11:33:07,699 [ERROR] Polling thread error: PLC disconnected: [WinError 10051] A socket operation was attempted to an unreachable network
2026-02-10 11:33:08,786 [ERROR] Polling thread error: PLC disconnected: [WinError 10051] A socket operation was attempted to an unreachable network
2026-02-10 11:33:09,873 [ERROR] Polling thread error: PLC disconnected: [WinError 10051] A socket operation was attempted to an unreachable network
2026-02-10 11:33:10,960 [ERROR] Polling thread error: PLC disconnected: [WinError 10051] A socket operation was attempted to an unreachable network
2026-02-10 11:33:12,046 [ERROR] Polling thread error: PLC disconnected: [WinError 10051] A socket operation was attempted to an unreachable network
2026-02-10 11:33:13,133 [ERROR] Polling thread error: PLC disconnected: [WinError 10051] A socket operation was attempted to an unreachable network
2026-02-10 11:33:14,220 [ERROR] Polling thread error: PLC disconnected: [WinError 10051] A socket operation was attempted to an unreachable network
2026-02-10 11:33:15,307 [ERROR] Polling thread error: PLC disconnected: [WinError 10051] A socket operation was attempted to an unreachable network
2026-02-10 11:33:16,393 [ERROR] Polling thread error: PLC disconnected: [WinError 10051] A socket operation was attempted to an unreachable network
2026-02-10 11:33:17,481 [ERROR] Polling thread error: PLC disconnected: [WinError 10051] A socket operation was attempted to an unreachable network
2026-02-10 11:33:18,567 [ERROR] Polling thread error: PLC disconnected: [WinError 10051] A socket operation was attempted to an unreachable network
2026-02-10 11:33:19,654 [ERROR] Polling thread error: PLC disconnected: [WinError 10051] A socket operation was attempted to an unreachable network
2026-02-10 11:33:20,741 [ERROR] Polling thread error: PLC disconnected: [WinError 10051] A socket operation was attempted to an unreachable network
2026-02-10 11:33:21,827 [ERROR] Polling thread error: PLC disconnected: [WinError 10051] A socket operation was attempted to an unreachable network
2026-02-10 11:33:22,911 [ERROR] Polling thread error: PLC disconnected: [WinError 10051] A socket operation was attempted to an unreachable network
2026-02-10 11:33:24,000 [ERROR] Polling thread error: PLC disconnected: [WinError 10051] A socket operation was attempted to an unreachable network
2026-02-10 11:33:25,090 [ERROR] Polling thread error: PLC disconnected: [WinError 10051] A socket operation was attempted to an unreachable network
2026-02-10 11:33:26,197 [ERROR] Polling thread error: PLC disconnected: [WinError 10051] A socket operation was attempted to an unreachable network
2026-02-10 11:33:27,286 [ERROR] Polling thread error: PLC disconnected: [WinError 10051] A socket operation was attempted to an unreachable network
2026-02-10 11:33:28,368 [ERROR] Polling thread error: PLC disconnected: [WinError 10051] A socket operation was attempted to an unreachable network
2026-02-10 11:33:29,458 [ERROR] Polling thread error: PLC disconnected: [WinError 10051] A socket operation was attempted to an unreachable network
2026-02-10 11:33:30,556 [ERROR] Polling thread error: PLC disconnected: [WinError 10051] A socket operation was attempted to an unreachable network
2026-02-10 11:33:31,652 [ERROR] Polling thread error: PLC disconnected: [WinError 10051] A socket operation was attempted to an unreachable network
2026-02-10 11:33:32,739 [ERROR] Polling thread error: PLC disconnected: [WinError 10051] A socket operation was attempted to an unreachable network
2026-02-10 11:33:33,826 [ERROR] Polling thread error: PLC disconnected: [WinError 10051] A socket operation was attempted to an unreachable network
2026-02-10 11:33:34,904 [ERROR] Polling thread error: PLC disconnected: [WinError 10051] A socket operation was attempted to an unreachable network
2026-02-10 11:33:35,992 [ERROR] Polling thread error: PLC disconnected: [WinError 10051] A socket operation was attempted to an unreachable network
2026-02-10 11:33:37,079 [ERROR] Polling thread error: PLC disconnected: [WinError 10051] A socket operation was attempted to an unreachable network
2026-02-10 11:33:38,167 [ERROR] Polling thread error: PLC disconnected: [WinError 10051] A socket operation was attempted to an unreachable network
2026-02-10 11:33:39,255 [ERROR] Polling thread error: PLC disconnected: [WinError 10051] A socket operation was attempted to an unreachable network
2026-02-10 11:33:40,342 [ERROR] Polling thread error: PLC disconnected: [WinError 10051] A socket operation was attempted to an unreachable network
2026-02-10 11:33:41,430 [ERROR] Polling thread error: PLC disconnected: [WinError 10051] A socket operation was attempted to an unreachable network
2026-02-10 11:33:42,517 [ERROR] Polling thread error: PLC disconnected: [WinError 10051] A socket operation was attempted to an unreachable network
2026-02-10 11:33:43,606 [ERROR] Polling thread error: PLC disconnected: [WinError 10051] A socket operation was attempted to an unreachable network
2026-02-10 11:33:44,694 [ERROR] Polling thread error: PLC disconnected: [WinError 10051] A socket operation was attempted to an unreachable network
2026-02-10 11:33:45,782 [ERROR] Polling thread error: PLC disconnected: [WinError 10051] A socket operation was attempted to an unreachable network
2026-02-10 11:33:46,870 [ERROR] Polling thread error: PLC disconnected: [WinError 10051] A socket operation was attempted to an unreachable network
2026-02-10 11:33:47,959 [ERROR] Polling thread error: PLC disconnected: [WinError 10051] A socket operation was attempted to an unreachable network
2026-02-10 11:33:49,047 [ERROR] Polling thread error: PLC disconnected: [WinError 10051] A socket operation was attempted to an unreachable network
2026-02-10 11:33:50,134 [ERROR] Polling thread error: PLC disconnected: [WinError 10051] A socket operation was attempted to an unreachable network
2026-02-10 11:33:51,210 [ERROR] Polling thread error: PLC disconnected: [WinError 10051] A socket operation was attempted to an unreachable network
2026-02-10 11:33:52,301 [ERROR] Polling thread error: PLC disconnected: [WinError 10051] A socket operation was attempted to an unreachable network
2026-02-10 11:33:53,388 [ERROR] Polling thread error: PLC disconnected: [WinError 10051] A socket operation was attempted to an unreachable network
2026-02-10 11:36:42,615 [WARNING] [Inference] TensorRT or cuda-python not installed: No module named 'tensorrt'
2026-02-10 11:36:42,898 [INFO] [Inference] Using GPU
2026-02-10 11:36:42,898 [INFO] [Inference] Loading OpenVINO model from C:\MyStuff\VS\MECup\backend\inference\openvino_model\model.xml
2026-02-10 11:36:43,470 [INFO] [Inference] Using OpenVINO backend on GPU
2026-02-10 11:36:43,633 [INFO] [Inference] Model ready (openvino)
2026-02-10 11:36:44,383 [WARNING] [Inference] TensorRT or cuda-python not installed: No module named 'tensorrt'
2026-02-10 11:36:44,624 [INFO] [Inference] Using GPU
2026-02-10 11:36:44,624 [INFO] [Inference] Loading OpenVINO model from C:\MyStuff\VS\MECup\backend\inference\openvino_model\model.xml
2026-02-10 11:36:45,188 [INFO] [Inference] Using OpenVINO backend on GPU
2026-02-10 11:36:45,353 [INFO] [Inference] Model ready (openvino)
2026-02-10 11:46:43,681 [ERROR] Polling thread error: [WinError 10054] An existing connection was forcibly closed by the remote host
2026-02-10 11:46:44,764 [ERROR] Polling thread error: PLC disconnected: [WinError 10065] A socket operation was attempted to an unreachable host
2026-02-10 11:46:45,857 [ERROR] Polling thread error: PLC disconnected: [WinError 10065] A socket operation was attempted to an unreachable host
2026-02-10 11:46:46,958 [ERROR] Polling thread error: PLC disconnected: [WinError 10065] A socket operation was attempted to an unreachable host
2026-02-10 11:46:48,040 [ERROR] Polling thread error: PLC disconnected: [WinError 10065] A socket operation was attempted to an unreachable host
2026-02-10 11:46:49,137 [ERROR] Polling thread error: PLC disconnected: [WinError 10065] A socket operation was attempted to an unreachable host
2026-02-10 11:46:50,220 [ERROR] Polling thread error: PLC disconnected: [WinError 10065] A socket operation was attempted to an unreachable host
2026-02-10 11:46:51,307 [ERROR] Polling thread error: PLC disconnected: [WinError 10065] A socket operation was attempted to an unreachable host
2026-02-10 11:46:52,391 [ERROR] Polling thread error: PLC disconnected: [WinError 10065] A socket operation was attempted to an unreachable host
2026-02-10 11:46:53,478 [ERROR] Polling thread error: PLC disconnected: [WinError 10065] A socket operation was attempted to an unreachable host
2026-02-10 11:46:54,578 [ERROR] Polling thread error: PLC disconnected: [WinError 10065] A socket operation was attempted to an unreachable host
2026-02-10 11:46:55,675 [ERROR] Polling thread error: PLC disconnected: [WinError 10065] A socket operation was attempted to an unreachable host
2026-02-10 11:46:56,758 [ERROR] Polling thread error: PLC disconnected: [WinError 10065] A socket operation was attempted to an unreachable host
2026-02-10 11:46:57,863 [ERROR] Polling thread error: PLC disconnected: [WinError 10065] A socket operation was attempted to an unreachable host
2026-02-10 11:46:58,952 [ERROR] Polling thread error: PLC disconnected: [WinError 10065] A socket operation was attempted to an unreachable host
2026-02-10 11:47:00,054 [ERROR] Polling thread error: PLC disconnected: [WinError 10065] A socket operation was attempted to an unreachable host
2026-02-10 11:47:01,156 [ERROR] Polling thread error: PLC disconnected: [WinError 10065] A socket operation was attempted to an unreachable host
2026-02-10 11:47:02,253 [ERROR] Polling thread error: PLC disconnected: [WinError 10065] A socket operation was attempted to an unreachable host
2026-02-10 11:47:03,351 [ERROR] Polling thread error: PLC disconnected: [WinError 10065] A socket operation was attempted to an unreachable host
2026-02-10 11:47:04,436 [ERROR] Polling thread error: PLC disconnected: [WinError 10065] A socket operation was attempted to an unreachable host
2026-02-10 11:47:05,519 [ERROR] Polling thread error: PLC disconnected: [WinError 10065] A socket operation was attempted to an unreachable host
2026-02-10 11:47:06,619 [ERROR] Polling thread error: PLC disconnected: [WinError 10065] A socket operation was attempted to an unreachable host
2026-02-10 11:47:07,722 [ERROR] Polling thread error: PLC disconnected: [WinError 10065] A socket operation was attempted to an unreachable host
2026-02-10 11:47:08,822 [ERROR] Polling thread error: PLC disconnected: [WinError 10065] A socket operation was attempted to an unreachable host
2026-02-10 11:47:09,924 [ERROR] Polling thread error: PLC disconnected: [WinError 10065] A socket operation was attempted to an unreachable host
2026-02-10 11:47:11,026 [ERROR] Polling thread error: PLC disconnected: [WinError 10065] A socket operation was attempted to an unreachable host
2026-02-10 11:47:12,126 [ERROR] Polling thread error: PLC disconnected: [WinError 10065] A socket operation was attempted to an unreachable host
2026-02-10 11:47:13,214 [ERROR] Polling thread error: PLC disconnected: [WinError 10065] A socket operation was attempted to an unreachable host
2026-02-10 11:47:14,291 [ERROR] Polling thread error: PLC disconnected: [WinError 10065] A socket operation was attempted to an unreachable host
2026-02-10 11:47:15,379 [ERROR] Polling thread error: PLC disconnected: [WinError 10065] A socket operation was attempted to an unreachable host
2026-02-10 11:47:16,467 [ERROR] Polling thread error: PLC disconnected: [WinError 10065] A socket operation was attempted to an unreachable host
2026-02-10 11:47:17,543 [ERROR] Polling thread error: PLC disconnected: [WinError 10065] A socket operation was attempted to an unreachable host
2026-02-10 11:47:18,630 [ERROR] Polling thread error: PLC disconnected: [WinError 10065] A socket operation was attempted to an unreachable host
2026-02-10 11:47:19,717 [ERROR] Polling thread error: PLC disconnected: [WinError 10065] A socket operation was attempted to an unreachable host
2026-02-10 11:47:20,805 [ERROR] Polling thread error: PLC disconnected: [WinError 10065] A socket operation was attempted to an unreachable host
2026-02-10 11:47:21,882 [ERROR] Polling thread error: PLC disconnected: [WinError 10065] A socket operation was attempted to an unreachable host
2026-02-10 11:47:22,970 [ERROR] Polling thread error: PLC disconnected: [WinError 10065] A socket operation was attempted to an unreachable host
2026-02-10 11:47:24,059 [ERROR] Polling thread error: PLC disconnected: [WinError 10065] A socket operation was attempted to an unreachable host
2026-02-10 11:47:25,135 [ERROR] Polling thread error: PLC disconnected: [WinError 10065] A socket operation was attempted to an unreachable host
2026-02-10 11:47:26,222 [ERROR] Polling thread error: PLC disconnected: [WinError 10065] A socket operation was attempted to an unreachable host
2026-02-10 11:47:27,321 [ERROR] Polling thread error: PLC disconnected: [WinError 10065] A socket operation was attempted to an unreachable host
2026-02-10 11:47:28,408 [ERROR] Polling thread error: PLC disconnected: [WinError 10065] A socket operation was attempted to an unreachable host
2026-02-10 11:47:29,495 [ERROR] Polling thread error: PLC disconnected: [WinError 10065] A socket operation was attempted to an unreachable host
2026-02-10 11:47:30,589 [ERROR] Polling thread error: PLC disconnected: [WinError 10065] A socket operation was attempted to an unreachable host
2026-02-10 11:47:31,690 [ERROR] Polling thread error: PLC disconnected: [WinError 10065] A socket operation was attempted to an unreachable host
2026-02-10 11:47:32,793 [ERROR] Polling thread error: PLC disconnected: [WinError 10065] A socket operation was attempted to an unreachable host
2026-02-10 11:47:33,881 [ERROR] Polling thread error: PLC disconnected: [WinError 10065] A socket operation was attempted to an unreachable host
2026-02-10 11:47:34,981 [ERROR] Polling thread error: PLC disconnected: [WinError 10065] A socket operation was attempted to an unreachable host
2026-02-10 11:47:36,078 [ERROR] Polling thread error: PLC disconnected: [WinError 10065] A socket operation was attempted to an unreachable host
2026-02-10 11:47:37,160 [ERROR] Polling thread error: PLC disconnected: [WinError 10065] A socket operation was attempted to an unreachable host
2026-02-10 11:47:38,263 [ERROR] Polling thread error: PLC disconnected: [WinError 10065] A socket operation was attempted to an unreachable host
2026-02-10 11:47:39,365 [ERROR] Polling thread error: PLC disconnected: [WinError 10065] A socket operation was attempted to an unreachable host
2026-02-10 11:47:40,468 [ERROR] Polling thread error: PLC disconnected: [WinError 10065] A socket operation was attempted to an unreachable host
2026-02-10 12:04:34,876 [WARNING] [Inference] TensorRT or cuda-python not installed: No module named 'tensorrt'
2026-02-10 12:04:35,185 [INFO] [Inference] Using GPU
2026-02-10 12:04:35,185 [INFO] [Inference] Loading OpenVINO model from C:\MyStuff\VS\MECup\backend\inference\openvino_model\model.xml
2026-02-10 12:04:35,744 [INFO] [Inference] Using OpenVINO backend on GPU
2026-02-10 12:04:35,903 [INFO] [Inference] Model ready (openvino)
2026-02-10 12:04:36,624 [WARNING] [Inference] TensorRT or cuda-python not installed: No module named 'tensorrt'
2026-02-10 12:04:36,870 [INFO] [Inference] Using GPU
2026-02-10 12:04:36,871 [INFO] [Inference] Loading OpenVINO model from C:\MyStuff\VS\MECup\backend\inference\openvino_model\model.xml
2026-02-10 12:04:37,434 [INFO] [Inference] Using OpenVINO backend on GPU
2026-02-10 12:04:37,595 [INFO] [Inference] Model ready (openvino)
2026-02-10 12:12:31,859 [ERROR] Polling thread error: [WinError 10054] An existing connection was forcibly closed by the remote host
2026-02-10 12:12:32,938 [ERROR] Polling thread error: PLC disconnected: [WinError 10051] A socket operation was attempted to an unreachable network
2026-02-10 12:12:34,040 [ERROR] Polling thread error: PLC disconnected: [WinError 10051] A socket operation was attempted to an unreachable network
2026-02-10 12:12:35,141 [ERROR] Polling thread error: PLC disconnected: [WinError 10051] A socket operation was attempted to an unreachable network
2026-02-10 12:12:36,230 [ERROR] Polling thread error: PLC disconnected: [WinError 10051] A socket operation was attempted to an unreachable network
2026-02-10 12:12:37,319 [ERROR] Polling thread error: PLC disconnected: [WinError 10051] A socket operation was attempted to an unreachable network
2026-02-10 12:12:38,427 [ERROR] Polling thread error: PLC disconnected: [WinError 10051] A socket operation was attempted to an unreachable network
2026-02-10 12:12:39,511 [ERROR] Polling thread error: PLC disconnected: [WinError 10051] A socket operation was attempted to an unreachable network
2026-02-10 12:12:40,597 [ERROR] Polling thread error: PLC disconnected: [WinError 10051] A socket operation was attempted to an unreachable network
2026-02-10 12:12:41,683 [ERROR] Polling thread error: PLC disconnected: [WinError 10051] A socket operation was attempted to an unreachable network
2026-02-10 12:21:05,599 [WARNING] [Inference] TensorRT or cuda-python not installed: No module named 'tensorrt'
2026-02-10 12:21:06,038 [INFO] [Inference] Using GPU
2026-02-10 12:21:06,039 [INFO] [Inference] Loading OpenVINO model from C:\MyStuff\VS\MECup\backend\inference\openvino_model\model.xml
2026-02-10 12:21:07,201 [INFO] [Inference] Using OpenVINO backend on GPU
2026-02-10 12:21:07,389 [INFO] [Inference] Model ready (openvino)
2026-02-10 12:21:07,417 [ERROR] Polling thread error: PLC disconnected: [WinError 10051] A socket operation was attempted to an unreachable network
2026-02-10 12:21:08,494 [ERROR] Polling thread error: PLC disconnected: [WinError 10051] A socket operation was attempted to an unreachable network
2026-02-10 12:21:09,010 [WARNING] [Inference] TensorRT or cuda-python not installed: No module named 'tensorrt'
2026-02-10 12:21:09,386 [INFO] [Inference] Using GPU
2026-02-10 12:21:09,387 [INFO] [Inference] Loading OpenVINO model from C:\MyStuff\VS\MECup\backend\inference\openvino_model\model.xml
2026-02-10 12:21:09,581 [ERROR] Polling thread error: PLC disconnected: [WinError 10051] A socket operation was attempted to an unreachable network
2026-02-10 12:21:10,502 [INFO] [Inference] Using OpenVINO backend on GPU
2026-02-10 12:21:10,660 [ERROR] Polling thread error: PLC disconnected: [WinError 10051] A socket operation was attempted to an unreachable network
2026-02-10 12:21:10,680 [INFO] [Inference] Model ready (openvino)
2026-02-10 12:21:11,738 [ERROR] Polling thread error: PLC disconnected: [WinError 10051] A socket operation was attempted to an unreachable network
2026-02-10 12:21:12,824 [ERROR] Polling thread error: PLC disconnected: [WinError 10051] A socket operation was attempted to an unreachable network
2026-02-10 12:21:13,911 [ERROR] Polling thread error: PLC disconnected: [WinError 10051] A socket operation was attempted to an unreachable network
2026-02-10 12:21:14,997 [ERROR] Polling thread error: PLC disconnected: [WinError 10051] A socket operation was attempted to an unreachable network
2026-02-10 12:21:16,085 [ERROR] Polling thread error: PLC disconnected: [WinError 10051] A socket operation was attempted to an unreachable network
2026-02-10 12:21:17,173 [ERROR] Polling thread error: PLC disconnected: [WinError 10051] A socket operation was attempted to an unreachable network
2026-02-10 12:21:18,250 [ERROR] Polling thread error: PLC disconnected: [WinError 10051] A socket operation was attempted to an unreachable network
2026-02-10 12:21:19,339 [ERROR] Polling thread error: PLC disconnected: [WinError 10051] A socket operation was attempted to an unreachable network
2026-02-10 12:21:20,426 [ERROR] Polling thread error: PLC disconnected: [WinError 10051] A socket operation was attempted to an unreachable network
2026-02-10 12:21:21,514 [ERROR] Polling thread error: PLC disconnected: [WinError 10051] A socket operation was attempted to an unreachable network
2026-02-10 12:21:22,603 [ERROR] Polling thread error: PLC disconnected: [WinError 10051] A socket operation was attempted to an unreachable network
2026-02-10 12:21:23,693 [ERROR] Polling thread error: PLC disconnected: [WinError 10051] A socket operation was attempted to an unreachable network
2026-02-10 12:21:24,780 [ERROR] Polling thread error: PLC disconnected: [WinError 10051] A socket operation was attempted to an unreachable network
2026-02-10 12:21:25,867 [ERROR] Polling thread error: PLC disconnected: [WinError 10051] A socket operation was attempted to an unreachable network
2026-02-10 12:21:26,954 [ERROR] Polling thread error: PLC disconnected: [WinError 10051] A socket operation was attempted to an unreachable network
2026-02-10 12:21:28,034 [ERROR] Polling thread error: PLC disconnected: [WinError 10051] A socket operation was attempted to an unreachable network
2026-02-10 12:21:29,122 [ERROR] Polling thread error: PLC disconnected: [WinError 10051] A socket operation was attempted to an unreachable network
2026-02-10 12:21:30,209 [ERROR] Polling thread error: PLC disconnected: [WinError 10051] A socket operation was attempted to an unreachable network
2026-02-10 12:21:31,286 [ERROR] Polling thread error: PLC disconnected: [WinError 10051] A socket operation was attempted to an unreachable network
2026-02-10 12:21:32,374 [ERROR] Polling thread error: PLC disconnected: [WinError 10051] A socket operation was attempted to an unreachable network
2026-02-10 12:21:33,451 [ERROR] Polling thread error: PLC disconnected: [WinError 10051] A socket operation was attempted to an unreachable network
2026-02-10 12:21:34,539 [ERROR] Polling thread error: PLC disconnected: [WinError 10051] A socket operation was attempted to an unreachable network
2026-02-10 12:21:35,617 [ERROR] Polling thread error: PLC disconnected: [WinError 10051] A socket operation was attempted to an unreachable network
2026-02-10 12:21:36,695 [ERROR] Polling thread error: PLC disconnected: [WinError 10051] A socket operation was attempted to an unreachable network
2026-02-10 12:21:37,783 [ERROR] Polling thread error: PLC disconnected: [WinError 10051] A socket operation was attempted to an unreachable network
2026-02-10 12:21:38,860 [ERROR] Polling thread error: PLC disconnected: [WinError 10051] A socket operation was attempted to an unreachable network
2026-02-10 12:21:39,948 [ERROR] Polling thread error: PLC disconnected: [WinError 10051] A socket operation was attempted to an unreachable network
2026-02-10 12:21:41,036 [ERROR] Polling thread error: PLC disconnected: [WinError 10051] A socket operation was attempted to an unreachable network
2026-02-10 12:21:42,125 [ERROR] Polling thread error: PLC disconnected: [WinError 10051] A socket operation was attempted to an unreachable network
2026-02-10 12:21:43,212 [ERROR] Polling thread error: PLC disconnected: [WinError 10051] A socket operation was attempted to an unreachable network
2026-02-10 12:21:44,289 [ERROR] Polling thread error: PLC disconnected: [WinError 10051] A socket operation was attempted to an unreachable network
2026-02-10 12:21:45,378 [ERROR] Polling thread error: PLC disconnected: [WinError 10051] A socket operation was attempted to an unreachable network
2026-02-10 12:21:46,465 [ERROR] Polling thread error: PLC disconnected: [WinError 10051] A socket operation was attempted to an unreachable network
2026-02-10 12:21:47,552 [ERROR] Polling thread error: PLC disconnected: [WinError 10051] A socket operation was attempted to an unreachable network
2026-02-10 12:21:48,630 [ERROR] Polling thread error: PLC disconnected: [WinError 10051] A socket operation was attempted to an unreachable network
2026-02-10 12:21:49,716 [ERROR] Polling thread error: PLC disconnected: [WinError 10051] A socket operation was attempted to an unreachable network
2026-02-10 12:21:50,803 [ERROR] Polling thread error: PLC disconnected: [WinError 10051] A socket operation was attempted to an unreachable network
2026-02-10 12:21:51,889 [ERROR] Polling thread error: PLC disconnected: [WinError 10051] A socket operation was attempted to an unreachable network
2026-02-10 12:21:52,977 [ERROR] Polling thread error: PLC disconnected: [WinError 10051] A socket operation was attempted to an unreachable network
2026-02-10 12:21:54,067 [ERROR] Polling thread error: PLC disconnected: [WinError 10051] A socket operation was attempted to an unreachable network
2026-02-10 12:21:55,157 [ERROR] Polling thread error: PLC disconnected: [WinError 10051] A socket operation was attempted to an unreachable network
2026-02-10 12:21:56,244 [ERROR] Polling thread error: PLC disconnected: [WinError 10051] A socket operation was attempted to an unreachable network
2026-02-10 12:21:57,322 [ERROR] Polling thread error: PLC disconnected: [WinError 10051] A socket operation was attempted to an unreachable network
2026-02-10 12:21:58,409 [ERROR] Polling thread error: PLC disconnected: [WinError 10051] A socket operation was attempted to an unreachable network
2026-02-10 12:21:59,487 [ERROR] Polling thread error: PLC disconnected: [WinError 10051] A socket operation was attempted to an unreachable network
2026-02-10 12:22:00,575 [ERROR] Polling thread error: PLC disconnected: [WinError 10051] A socket operation was attempted to an unreachable network
2026-02-10 12:22:01,663 [ERROR] Polling thread error: PLC disconnected: [WinError 10051] A socket operation was attempted to an unreachable network
2026-02-10 12:22:02,798 [ERROR] Polling thread error: PLC disconnected: [WinError 10051] A socket operation was attempted to an unreachable network
2026-02-10 12:22:03,886 [ERROR] Polling thread error: PLC disconnected: [WinError 10051] A socket operation was attempted to an unreachable network
2026-02-10 12:22:04,964 [ERROR] Polling thread error: PLC disconnected: [WinError 10051] A socket operation was attempted to an unreachable network
2026-02-10 12:22:06,052 [ERROR] Polling thread error: PLC disconnected: [WinError 10051] A socket operation was attempted to an unreachable network
2026-02-10 12:22:07,139 [ERROR] Polling thread error: PLC disconnected: [WinError 10051] A socket operation was attempted to an unreachable network
2026-02-10 12:22:08,217 [ERROR] Polling thread error: PLC disconnected: [WinError 10051] A socket operation was attempted to an unreachable network
2026-02-10 12:22:09,303 [ERROR] Polling thread error: PLC disconnected: [WinError 10051] A socket operation was attempted to an unreachable network
2026-02-10 12:22:10,391 [ERROR] Polling thread error: PLC disconnected: [WinError 10051] A socket operation was attempted to an unreachable network
2026-02-10 12:22:11,480 [ERROR] Polling thread error: PLC disconnected: [WinError 10051] A socket operation was attempted to an unreachable network
2026-02-10 12:22:12,567 [ERROR] Polling thread error: PLC disconnected: [WinError 10051] A socket operation was attempted to an unreachable network
2026-02-10 12:22:13,646 [ERROR] Polling thread error: PLC disconnected: [WinError 10051] A socket operation was attempted to an unreachable network
2026-02-10 12:22:14,733 [ERROR] Polling thread error: PLC disconnected: [WinError 10051] A socket operation was attempted to an unreachable network
2026-02-10 12:22:15,820 [ERROR] Polling thread error: PLC disconnected: [WinError 10051] A socket operation was attempted to an unreachable network
2026-02-10 12:22:16,898 [ERROR] Polling thread error: PLC disconnected: [WinError 10051] A socket operation was attempted to an unreachable network
2026-02-10 12:22:17,985 [ERROR] Polling thread error: PLC disconnected: [WinError 10051] A socket operation was attempted to an unreachable network
2026-02-10 12:22:19,063 [ERROR] Polling thread error: PLC disconnected: [WinError 10051] A socket operation was attempted to an unreachable network
2026-02-10 12:22:20,141 [ERROR] Polling thread error: PLC disconnected: [WinError 10051] A socket operation was attempted to an unreachable network
2026-02-10 12:22:21,229 [ERROR] Polling thread error: PLC disconnected: [WinError 10051] A socket operation was attempted to an unreachable network
2026-02-10 12:22:22,316 [ERROR] Polling thread error: PLC disconnected: [WinError 10051] A socket operation was attempted to an unreachable network
2026-02-10 12:22:23,403 [ERROR] Polling thread error: PLC disconnected: [WinError 10051] A socket operation was attempted to an unreachable network
2026-02-10 12:22:24,491 [ERROR] Polling thread error: PLC disconnected: [WinError 10051] A socket operation was attempted to an unreachable network
2026-02-10 12:22:25,581 [ERROR] Polling thread error: PLC disconnected: [WinError 10051] A socket operation was attempted to an unreachable network
2026-02-10 12:22:26,668 [ERROR] Polling thread error: PLC disconnected: [WinError 10051] A socket operation was attempted to an unreachable network
2026-02-10 12:22:27,756 [ERROR] Polling thread error: PLC disconnected: [WinError 10051] A socket operation was attempted to an unreachable network
2026-02-10 12:22:28,844 [ERROR] Polling thread error: PLC disconnected: [WinError 10051] A socket operation was attempted to an unreachable network
2026-02-10 12:22:29,930 [ERROR] Polling thread error: PLC disconnected: [WinError 10051] A socket operation was attempted to an unreachable network
2026-02-10 12:22:31,017 [ERROR] Polling thread error: PLC disconnected: [WinError 10051] A socket operation was attempted to an unreachable network
2026-02-10 12:22:32,104 [ERROR] Polling thread error: PLC disconnected: [WinError 10051] A socket operation was attempted to an unreachable network
2026-02-10 12:22:33,193 [ERROR] Polling thread error: PLC disconnected: [WinError 10051] A socket operation was attempted to an unreachable network
2026-02-10 12:22:34,280 [ERROR] Polling thread error: PLC disconnected: [WinError 10051] A socket operation was attempted to an unreachable network
2026-02-10 12:22:35,368 [ERROR] Polling thread error: PLC disconnected: [WinError 10051] A socket operation was attempted to an unreachable network
2026-02-10 12:22:36,455 [ERROR] Polling thread error: PLC disconnected: [WinError 10051] A socket operation was attempted to an unreachable network
2026-02-10 12:22:37,542 [ERROR] Polling thread error: PLC disconnected: [WinError 10051] A socket operation was attempted to an unreachable network
2026-02-10 12:22:38,630 [ERROR] Polling thread error: PLC disconnected: [WinError 10051] A socket operation was attempted to an unreachable network
2026-02-10 12:22:39,718 [ERROR] Polling thread error: PLC disconnected: [WinError 10051] A socket operation was attempted to an unreachable network
2026-02-10 12:22:40,805 [ERROR] Polling thread error: PLC disconnected: [WinError 10051] A socket operation was attempted to an unreachable network
2026-02-10 12:22:41,892 [ERROR] Polling thread error: PLC disconnected: [WinError 10051] A socket operation was attempted to an unreachable network
2026-02-10 12:22:42,970 [ERROR] Polling thread error: PLC disconnected: [WinError 10051] A socket operation was attempted to an unreachable network
2026-02-10 12:22:44,057 [ERROR] Polling thread error: PLC disconnected: [WinError 10051] A socket operation was attempted to an unreachable network
2026-02-10 12:22:45,134 [ERROR] Polling thread error: PLC disconnected: [WinError 10051] A socket operation was attempted to an unreachable network
2026-02-10 12:22:46,221 [ERROR] Polling thread error: PLC disconnected: [WinError 10051] A socket operation was attempted to an unreachable network
2026-02-10 12:22:47,299 [ERROR] Polling thread error: PLC disconnected: [WinError 10051] A socket operation was attempted to an unreachable network
2026-02-10 12:22:48,386 [ERROR] Polling thread error: PLC disconnected: [WinError 10051] A socket operation was attempted to an unreachable network
2026-02-10 12:22:49,473 [ERROR] Polling thread error: PLC disconnected: [WinError 10051] A socket operation was attempted to an unreachable network
2026-02-10 12:22:50,559 [ERROR] Polling thread error: PLC disconnected: [WinError 10051] A socket operation was attempted to an unreachable network
2026-02-10 12:22:51,647 [ERROR] Polling thread error: PLC disconnected: [WinError 10051] A socket operation was attempted to an unreachable network
2026-02-10 12:22:52,733 [ERROR] Polling thread error: PLC disconnected: [WinError 10051] A socket operation was attempted to an unreachable network
2026-02-10 12:22:53,821 [ERROR] Polling thread error: PLC disconnected: [WinError 10051] A socket operation was attempted to an unreachable network
2026-02-10 12:22:54,909 [ERROR] Polling thread error: PLC disconnected: [WinError 10051] A socket operation was attempted to an unreachable network
2026-02-10 12:22:55,988 [ERROR] Polling thread error: PLC disconnected: [WinError 10051] A socket operation was attempted to an unreachable network
2026-02-10 12:22:57,075 [ERROR] Polling thread error: PLC disconnected: [WinError 10051] A socket operation was attempted to an unreachable network
2026-02-10 12:22:58,154 [ERROR] Polling thread error: PLC disconnected: [WinError 10051] A socket operation was attempted to an unreachable network
2026-02-10 12:22:59,241 [ERROR] Polling thread error: PLC disconnected: [WinError 10051] A socket operation was attempted to an unreachable network
2026-02-10 12:23:00,329 [ERROR] Polling thread error: PLC disconnected: [WinError 10051] A socket operation was attempted to an unreachable network
2026-02-10 12:23:01,406 [ERROR] Polling thread error: PLC disconnected: [WinError 10051] A socket operation was attempted to an unreachable network
2026-02-10 12:23:02,484 [ERROR] Polling thread error: PLC disconnected: [WinError 10051] A socket operation was attempted to an unreachable network
2026-02-10 12:23:03,563 [ERROR] Polling thread error: PLC disconnected: [WinError 10051] A socket operation was attempted to an unreachable network
2026-02-10 12:23:04,641 [ERROR] Polling thread error: PLC disconnected: [WinError 10051] A socket operation was attempted to an unreachable network
2026-02-10 12:23:05,730 [ERROR] Polling thread error: PLC disconnected: [WinError 10051] A socket operation was attempted to an unreachable network
2026-02-10 12:23:06,817 [ERROR] Polling thread error: PLC disconnected: [WinError 10051] A socket operation was attempted to an unreachable network
2026-02-10 12:23:07,905 [ERROR] Polling thread error: PLC disconnected: [WinError 10051] A socket operation was attempted to an unreachable network
2026-02-10 12:23:08,981 [ERROR] Polling thread error: PLC disconnected: [WinError 10051] A socket operation was attempted to an unreachable network
2026-02-10 12:23:10,070 [ERROR] Polling thread error: PLC disconnected: [WinError 10051] A socket operation was attempted to an unreachable network
2026-02-10 12:23:11,157 [ERROR] Polling thread error: PLC disconnected: [WinError 10051] A socket operation was attempted to an unreachable network
2026-02-10 12:23:12,244 [ERROR] Polling thread error: PLC disconnected: [WinError 10051] A socket operation was attempted to an unreachable network
2026-02-10 12:23:13,331 [ERROR] Polling thread error: PLC disconnected: [WinError 10051] A socket operation was attempted to an unreachable network
2026-02-10 12:23:14,417 [ERROR] Polling thread error: PLC disconnected: [WinError 10051] A socket operation was attempted to an unreachable network
2026-02-10 12:23:15,506 [ERROR] Polling thread error: PLC disconnected: [WinError 10051] A socket operation was attempted to an unreachable network
2026-02-10 12:23:16,585 [ERROR] Polling thread error: PLC disconnected: [WinError 10051] A socket operation was attempted to an unreachable network
2026-02-10 12:23:17,672 [ERROR] Polling thread error: PLC disconnected: [WinError 10051] A socket operation was attempted to an unreachable network
2026-02-10 12:23:18,761 [ERROR] Polling thread error: PLC disconnected: [WinError 10051] A socket operation was attempted to an unreachable network
2026-02-10 12:23:19,848 [ERROR] Polling thread error: PLC disconnected: [WinError 10051] A socket operation was attempted to an unreachable network
2026-02-10 12:23:20,935 [ERROR] Polling thread error: PLC disconnected: [WinError 10051] A socket operation was attempted to an unreachable network
2026-02-10 12:23:22,023 [ERROR] Polling thread error: PLC disconnected: [WinError 10051] A socket operation was attempted to an unreachable network
2026-02-10 12:23:23,112 [ERROR] Polling thread error: PLC disconnected: [WinError 10051] A socket operation was attempted to an unreachable network
2026-02-10 12:23:24,199 [ERROR] Polling thread error: PLC disconnected: [WinError 10051] A socket operation was attempted to an unreachable network
2026-02-10 12:23:25,286 [ERROR] Polling thread error: PLC disconnected: [WinError 10051] A socket operation was attempted to an unreachable network
2026-02-10 12:23:26,373 [ERROR] Polling thread error: PLC disconnected: [WinError 10051] A socket operation was attempted to an unreachable network
2026-02-10 12:23:27,462 [ERROR] Polling thread error: PLC disconnected: [WinError 10051] A socket operation was attempted to an unreachable network
2026-02-10 12:23:28,550 [ERROR] Polling thread error: PLC disconnected: [WinError 10051] A socket operation was attempted to an unreachable network
2026-02-10 12:23:29,637 [ERROR] Polling thread error: PLC disconnected: [WinError 10051] A socket operation was attempted to an unreachable network
2026-02-10 12:23:30,725 [ERROR] Polling thread error: PLC disconnected: [WinError 10051] A socket operation was attempted to an unreachable network
2026-02-10 12:23:31,813 [ERROR] Polling thread error: PLC disconnected: [WinError 10051] A socket operation was attempted to an unreachable network
2026-02-10 12:23:32,900 [ERROR] Polling thread error: PLC disconnected: [WinError 10051] A socket operation was attempted to an unreachable network
2026-02-10 12:23:33,988 [ERROR] Polling thread error: PLC disconnected: [WinError 10051] A socket operation was attempted to an unreachable network
2026-02-10 12:23:35,076 [ERROR] Polling thread error: PLC disconnected: [WinError 10051] A socket operation was attempted to an unreachable network
2026-02-10 12:23:36,164 [ERROR] Polling thread error: PLC disconnected: [WinError 10051] A socket operation was attempted to an unreachable network
2026-02-10 12:23:37,250 [ERROR] Polling thread error: PLC disconnected: [WinError 10051] A socket operation was attempted to an unreachable network
2026-02-10 12:23:38,338 [ERROR] Polling thread error: PLC disconnected: [WinError 10051] A socket operation was attempted to an unreachable network
2026-02-10 12:23:39,426 [ERROR] Polling thread error: PLC disconnected: [WinError 10051] A socket operation was attempted to an unreachable network
2026-02-10 12:23:40,513 [ERROR] Polling thread error: PLC disconnected: [WinError 10051] A socket operation was attempted to an unreachable network
2026-02-10 12:23:41,602 [ERROR] Polling thread error: PLC disconnected: [WinError 10051] A socket operation was attempted to an unreachable network
2026-02-10 12:23:42,693 [ERROR] Polling thread error: PLC disconnected: [WinError 10051] A socket operation was attempted to an unreachable network
2026-02-10 12:23:43,782 [ERROR] Polling thread error: PLC disconnected: [WinError 10051] A socket operation was attempted to an unreachable network
2026-02-10 12:23:44,869 [ERROR] Polling thread error: PLC disconnected: [WinError 10051] A socket operation was attempted to an unreachable network
2026-02-10 12:23:45,956 [ERROR] Polling thread error: PLC disconnected: [WinError 10051] A socket operation was attempted to an unreachable network
2026-02-10 12:23:47,043 [ERROR] Polling thread error: PLC disconnected: [WinError 10051] A socket operation was attempted to an unreachable network
2026-02-10 12:23:48,130 [ERROR] Polling thread error: PLC disconnected: [WinError 10051] A socket operation was attempted to an unreachable network
2026-02-10 12:23:49,218 [ERROR] Polling thread error: PLC disconnected: [WinError 10051] A socket operation was attempted to an unreachable network
2026-02-10 12:23:50,304 [ERROR] Polling thread error: PLC disconnected: [WinError 10051] A socket operation was attempted to an unreachable network
2026-02-10 12:23:51,391 [ERROR] Polling thread error: PLC disconnected: [WinError 10051] A socket operation was attempted to an unreachable network
2026-02-10 12:23:52,479 [ERROR] Polling thread error: PLC disconnected: [WinError 10051] A socket operation was attempted to an unreachable network
2026-02-10 12:23:53,566 [ERROR] Polling thread error: PLC disconnected: [WinError 10051] A socket operation was attempted to an unreachable network
2026-02-10 12:23:54,654 [ERROR] Polling thread error: PLC disconnected: [WinError 10051] A socket operation was attempted to an unreachable network
2026-02-10 12:23:55,741 [ERROR] Polling thread error: PLC disconnected: [WinError 10051] A socket operation was attempted to an unreachable network
2026-02-10 12:23:56,828 [ERROR] Polling thread error: PLC disconnected: [WinError 10051] A socket operation was attempted to an unreachable network
2026-02-10 12:23:57,914 [ERROR] Polling thread error: PLC disconnected: [WinError 10051] A socket operation was attempted to an unreachable network
2026-02-10 12:23:59,002 [ERROR] Polling thread error: PLC disconnected: [WinError 10051] A socket operation was attempted to an unreachable network
2026-02-10 12:24:00,089 [ERROR] Polling thread error: PLC disconnected: [WinError 10051] A socket operation was attempted to an unreachable network
2026-02-10 12:24:01,168 [ERROR] Polling thread error: PLC disconnected: [WinError 10051] A socket operation was attempted to an unreachable network
2026-02-10 12:24:02,246 [ERROR] Polling thread error: PLC disconnected: [WinError 10051] A socket operation was attempted to an unreachable network
2026-02-10 12:24:03,333 [ERROR] Polling thread error: PLC disconnected: [WinError 10051] A socket operation was attempted to an unreachable network
2026-02-10 12:24:04,424 [ERROR] Polling thread error: PLC disconnected: [WinError 10051] A socket operation was attempted to an unreachable network
2026-02-10 12:24:05,503 [ERROR] Polling thread error: PLC disconnected: [WinError 10051] A socket operation was attempted to an unreachable network
2026-02-10 12:24:06,580 [ERROR] Polling thread error: PLC disconnected: [WinError 10051] A socket operation was attempted to an unreachable network
2026-02-10 12:24:07,658 [ERROR] Polling thread error: PLC disconnected: [WinError 10051] A socket operation was attempted to an unreachable network
2026-02-10 12:24:08,745 [ERROR] Polling thread error: PLC disconnected: [WinError 10051] A socket operation was attempted to an unreachable network
2026-02-10 12:24:09,833 [ERROR] Polling thread error: PLC disconnected: [WinError 10051] A socket operation was attempted to an unreachable network
2026-02-10 12:24:10,910 [ERROR] Polling thread error: PLC disconnected: [WinError 10051] A socket operation was attempted to an unreachable network
2026-02-10 12:24:11,998 [ERROR] Polling thread error: PLC disconnected: [WinError 10051] A socket operation was attempted to an unreachable network
2026-02-10 12:24:13,087 [ERROR] Polling thread error: PLC disconnected: [WinError 10051] A socket operation was attempted to an unreachable network
2026-02-10 12:24:14,176 [ERROR] Polling thread error: PLC disconnected: [WinError 10051] A socket operation was attempted to an unreachable network
2026-02-10 12:24:15,254 [ERROR] Polling thread error: PLC disconnected: [WinError 10051] A socket operation was attempted to an unreachable network
2026-02-10 12:24:16,343 [ERROR] Polling thread error: PLC disconnected: [WinError 10051] A socket operation was attempted to an unreachable network
2026-02-10 12:24:17,422 [ERROR] Polling thread error: PLC disconnected: [WinError 10051] A socket operation was attempted to an unreachable network
2026-02-10 12:24:18,509 [ERROR] Polling thread error: PLC disconnected: [WinError 10051] A socket operation was attempted to an unreachable network
2026-02-10 12:24:19,599 [ERROR] Polling thread error: PLC disconnected: [WinError 10051] A socket operation was attempted to an unreachable network
2026-02-10 12:24:20,687 [ERROR] Polling thread error: PLC disconnected: [WinError 10051] A socket operation was attempted to an unreachable network
2026-02-10 12:26:27,058 [ERROR] Polling thread error: PLC disconnected: [WinError 10051] A socket operation was attempted to an unreachable network
2026-02-10 12:26:28,146 [ERROR] Polling thread error: PLC disconnected: [WinError 10051] A socket operation was attempted to an unreachable network
2026-02-10 12:26:29,233 [ERROR] Polling thread error: PLC disconnected: [WinError 10051] A socket operation was attempted to an unreachable network
2026-02-10 12:26:30,310 [ERROR] Polling thread error: PLC disconnected: [WinError 10051] A socket operation was attempted to an unreachable network
2026-02-10 12:26:31,402 [ERROR] Polling thread error: PLC disconnected: [WinError 10051] A socket operation was attempted to an unreachable network
2026-02-10 12:26:32,489 [ERROR] Polling thread error: PLC disconnected: [WinError 10051] A socket operation was attempted to an unreachable network
2026-02-10 12:26:33,576 [ERROR] Polling thread error: PLC disconnected: [WinError 10051] A socket operation was attempted to an unreachable network
2026-02-10 12:26:34,664 [ERROR] Polling thread error: PLC disconnected: [WinError 10051] A socket operation was attempted to an unreachable network
2026-02-10 12:26:35,745 [ERROR] Polling thread error: PLC disconnected: [WinError 10051] A socket operation was attempted to an unreachable network
2026-02-10 12:29:40,705 [WARNING] [Inference] TensorRT or cuda-python not installed: No module named 'tensorrt'
2026-02-10 12:29:40,990 [INFO] [Inference] Using GPU
2026-02-10 12:29:40,991 [INFO] [Inference] Loading OpenVINO model from C:\MyStuff\VS\MECup\backend\inference\openvino_model\model.xml
2026-02-10 12:29:41,546 [INFO] [Inference] Using OpenVINO backend on GPU
2026-02-10 12:29:41,711 [INFO] [Inference] Model ready (openvino)
2026-02-10 12:29:42,485 [WARNING] [Inference] TensorRT or cuda-python not installed: No module named 'tensorrt'
2026-02-10 12:29:42,762 [INFO] [Inference] Using GPU
2026-02-10 12:29:42,762 [INFO] [Inference] Loading OpenVINO model from C:\MyStuff\VS\MECup\backend\inference\openvino_model\model.xml
2026-02-10 12:29:43,334 [INFO] [Inference] Using OpenVINO backend on GPU
2026-02-10 12:29:43,516 [INFO] [Inference] Model ready (openvino)
2026-02-10 12:39:54,067 [ERROR] Polling thread error: [WinError 10054] An existing connection was forcibly closed by the remote host
2026-02-10 12:43:28,221 [ERROR] Polling thread error: [WinError 10054] An existing connection was forcibly closed by the remote host
2026-02-10 12:44:30,262 [ERROR] Polling thread error: [WinError 10054] An existing connection was forcibly closed by the remote host
2026-02-10 12:45:27,539 [ERROR] Polling thread error: [WinError 10054] An existing connection was forcibly closed by the remote host
2026-02-10 12:47:42,032 [ERROR] Polling thread error: [WinError 10054] An existing connection was forcibly closed by the remote host
2026-02-10 12:47:43,117 [ERROR] Polling thread error: PLC disconnected: [WinError 10051] A socket operation was attempted to an unreachable network
2026-02-10 12:47:44,199 [ERROR] Polling thread error: PLC disconnected: [WinError 10051] A socket operation was attempted to an unreachable network
2026-02-10 12:47:45,296 [ERROR] Polling thread error: PLC disconnected: [WinError 10051] A socket operation was attempted to an unreachable network
2026-02-10 12:47:46,394 [ERROR] Polling thread error: PLC disconnected: [WinError 10051] A socket operation was attempted to an unreachable network
2026-02-10 12:47:52,595 [ERROR] Polling thread error: PLC disconnected: [WinError 10051] A socket operation was attempted to an unreachable network
2026-02-10 12:47:53,691 [ERROR] Polling thread error: PLC disconnected: [WinError 10051] A socket operation was attempted to an unreachable network
2026-02-10 13:32:25,165 [ERROR] Polling thread error: PLC disconnected: [WinError 10051] A socket operation was attempted to an unreachable network
2026-02-10 13:32:26,265 [ERROR] Polling thread error: PLC disconnected: [WinError 10051] A socket operation was attempted to an unreachable network
2026-02-10 13:32:27,363 [ERROR] Polling thread error: PLC disconnected: [WinError 10051] A socket operation was attempted to an unreachable network
2026-02-10 13:32:28,454 [ERROR] Polling thread error: PLC disconnected: [WinError 10051] A socket operation was attempted to an unreachable network
2026-02-10 13:32:29,553 [ERROR] Polling thread error: PLC disconnected: [WinError 10051] A socket operation was attempted to an unreachable network
2026-02-10 13:32:30,650 [ERROR] Polling thread error: PLC disconnected: [WinError 10051] A socket operation was attempted to an unreachable network
2026-02-10 13:32:31,736 [ERROR] Polling thread error: PLC disconnected: [WinError 10051] A socket operation was attempted to an unreachable network
2026-02-10 13:32:32,825 [ERROR] Polling thread error: PLC disconnected: [WinError 10051] A socket operation was attempted to an unreachable network
2026-02-10 13:32:33,912 [ERROR] Polling thread error: PLC disconnected: [WinError 10051] A socket operation was attempted to an unreachable network
2026-02-10 13:32:35,000 [ERROR] Polling thread error: PLC disconnected: [WinError 10051] A socket operation was attempted to an unreachable network
2026-02-10 13:32:36,080 [ERROR] Polling thread error: PLC disconnected: [WinError 10051] A socket operation was attempted to an unreachable network
2026-02-10 14:22:50,861 [WARNING] [Inference] TensorRT or cuda-python not installed: No module named 'tensorrt'
2026-02-10 14:22:51,663 [INFO] [Inference] Using GPU
2026-02-10 14:22:51,664 [INFO] [Inference] Loading OpenVINO model from C:\MyStuff\VS\MECup\backend\inference\openvino_model\model.xml
2026-02-10 14:22:53,112 [INFO] [Inference] Using OpenVINO backend on GPU
2026-02-10 14:22:53,286 [INFO] [Inference] Model ready (openvino)
2026-02-10 14:22:53,318 [ERROR] Polling thread error: PLC disconnected: [WinError 10051] A socket operation was attempted to an unreachable network
2026-02-10 14:22:54,406 [ERROR] Polling thread error: PLC disconnected: [WinError 10051] A socket operation was attempted to an unreachable network
2026-02-10 14:22:55,224 [WARNING] [Inference] TensorRT or cuda-python not installed: No module named 'tensorrt'
2026-02-10 14:22:55,493 [ERROR] Polling thread error: PLC disconnected: [WinError 10051] A socket operation was attempted to an unreachable network
2026-02-10 14:22:55,714 [INFO] [Inference] Using GPU
2026-02-10 14:22:55,715 [INFO] [Inference] Loading OpenVINO model from C:\MyStuff\VS\MECup\backend\inference\openvino_model\model.xml
2026-02-10 14:22:56,583 [ERROR] Polling thread error: PLC disconnected: [WinError 10051] A socket operation was attempted to an unreachable network
2026-02-10 14:22:57,170 [INFO] [Inference] Using OpenVINO backend on GPU
2026-02-10 14:22:57,343 [INFO] [Inference] Model ready (openvino)
2026-02-10 14:22:57,674 [ERROR] Polling thread error: PLC disconnected: [WinError 10051] A socket operation was attempted to an unreachable network
2026-02-10 14:22:58,761 [ERROR] Polling thread error: PLC disconnected: [WinError 10051] A socket operation was attempted to an unreachable network
2026-02-10 14:22:59,849 [ERROR] Polling thread error: PLC disconnected: [WinError 10051] A socket operation was attempted to an unreachable network
2026-02-10 14:23:00,951 [ERROR] Polling thread error: PLC disconnected: [WinError 10051] A socket operation was attempted to an unreachable network
2026-02-10 14:23:02,052 [ERROR] Polling thread error: PLC disconnected: [WinError 10051] A socket operation was attempted to an unreachable network
2026-02-10 14:23:03,140 [ERROR] Polling thread error: PLC disconnected: [WinError 10051] A socket operation was attempted to an unreachable network
2026-02-10 14:23:04,243 [ERROR] Polling thread error: PLC disconnected: [WinError 10051] A socket operation was attempted to an unreachable network
2026-02-10 14:23:05,350 [ERROR] Polling thread error: PLC disconnected: [WinError 10051] A socket operation was attempted to an unreachable network
2026-02-10 14:23:06,437 [ERROR] Polling thread error: PLC disconnected: [WinError 10051] A socket operation was attempted to an unreachable network
2026-02-10 14:23:07,533 [ERROR] Polling thread error: PLC disconnected: [WinError 10051] A socket operation was attempted to an unreachable network
2026-02-10 14:23:08,628 [ERROR] Polling thread error: PLC disconnected: [WinError 10051] A socket operation was attempted to an unreachable network
2026-02-10 14:23:09,719 [ERROR] Polling thread error: PLC disconnected: [WinError 10051] A socket operation was attempted to an unreachable network
2026-02-10 14:23:10,829 [ERROR] Polling thread error: PLC disconnected: [WinError 10051] A socket operation was attempted to an unreachable network
2026-02-10 14:23:11,915 [ERROR] Polling thread error: PLC disconnected: [WinError 10051] A socket operation was attempted to an unreachable network
2026-02-10 14:23:13,005 [ERROR] Polling thread error: PLC disconnected: [WinError 10051] A socket operation was attempted to an unreachable network
2026-02-10 14:23:14,108 [ERROR] Polling thread error: PLC disconnected: [WinError 10051] A socket operation was attempted to an unreachable network
2026-02-10 14:23:15,189 [ERROR] Polling thread error: PLC disconnected: [WinError 10051] A socket operation was attempted to an unreachable network
2026-02-10 14:23:16,282 [ERROR] Polling thread error: PLC disconnected: [WinError 10051] A socket operation was attempted to an unreachable network
2026-02-10 14:23:17,390 [ERROR] Polling thread error: PLC disconnected: [WinError 10051] A socket operation was attempted to an unreachable network
2026-02-10 14:23:18,478 [ERROR] Polling thread error: PLC disconnected: [WinError 10051] A socket operation was attempted to an unreachable network
2026-02-10 14:23:19,565 [ERROR] Polling thread error: PLC disconnected: [WinError 10051] A socket operation was attempted to an unreachable network
2026-02-10 14:23:20,653 [ERROR] Polling thread error: PLC disconnected: [WinError 10051] A socket operation was attempted to an unreachable network
2026-02-10 14:23:21,743 [ERROR] Polling thread error: PLC disconnected: [WinError 10051] A socket operation was attempted to an unreachable network
2026-02-10 14:23:22,837 [ERROR] Polling thread error: PLC disconnected: [WinError 10051] A socket operation was attempted to an unreachable network
2026-02-10 14:23:23,938 [ERROR] Polling thread error: PLC disconnected: [WinError 10051] A socket operation was attempted to an unreachable network
2026-02-10 14:23:25,027 [ERROR] Polling thread error: PLC disconnected: [WinError 10051] A socket operation was attempted to an unreachable network
2026-02-10 14:23:26,113 [ERROR] Polling thread error: PLC disconnected: [WinError 10051] A socket operation was attempted to an unreachable network
2026-02-10 14:23:27,200 [ERROR] Polling thread error: PLC disconnected: [WinError 10051] A socket operation was attempted to an unreachable network
2026-02-10 14:23:28,281 [ERROR] Polling thread error: PLC disconnected: [WinError 10051] A socket operation was attempted to an unreachable network
2026-02-10 14:23:29,381 [ERROR] Polling thread error: PLC disconnected: [WinError 10051] A socket operation was attempted to an unreachable network
2026-02-10 14:23:30,483 [ERROR] Polling thread error: PLC disconnected: [WinError 10051] A socket operation was attempted to an unreachable network
2026-02-10 14:23:31,578 [ERROR] Polling thread error: PLC disconnected: [WinError 10051] A socket operation was attempted to an unreachable network
2026-02-10 14:23:32,659 [ERROR] Polling thread error: PLC disconnected: [WinError 10051] A socket operation was attempted to an unreachable network
2026-02-10 14:23:33,753 [ERROR] Polling thread error: PLC disconnected: [WinError 10051] A socket operation was attempted to an unreachable network
2026-02-10 14:23:34,842 [ERROR] Polling thread error: PLC disconnected: [WinError 10051] A socket operation was attempted to an unreachable network
2026-02-10 14:23:35,940 [ERROR] Polling thread error: PLC disconnected: [WinError 10051] A socket operation was attempted to an unreachable network
2026-02-10 14:23:37,028 [ERROR] Polling thread error: PLC disconnected: [WinError 10051] A socket operation was attempted to an unreachable network
2026-02-10 14:23:38,107 [ERROR] Polling thread error: PLC disconnected: [WinError 10051] A socket operation was attempted to an unreachable network
2026-02-10 14:23:39,198 [ERROR] Polling thread error: PLC disconnected: [WinError 10051] A socket operation was attempted to an unreachable network
2026-02-10 14:23:40,278 [ERROR] Polling thread error: PLC disconnected: [WinError 10051] A socket operation was attempted to an unreachable network
2026-02-10 14:23:41,367 [ERROR] Polling thread error: PLC disconnected: [WinError 10051] A socket operation was attempted to an unreachable network
2026-02-10 14:23:42,457 [ERROR] Polling thread error: PLC disconnected: [WinError 10051] A socket operation was attempted to an unreachable network
2026-02-10 14:23:43,547 [ERROR] Polling thread error: PLC disconnected: [WinError 10051] A socket operation was attempted to an unreachable network
2026-02-10 14:23:44,636 [ERROR] Polling thread error: PLC disconnected: [WinError 10051] A socket operation was attempted to an unreachable network
2026-02-10 14:23:45,725 [ERROR] Polling thread error: PLC disconnected: [WinError 10051] A socket operation was attempted to an unreachable network
2026-02-10 14:23:46,815 [ERROR] Polling thread error: PLC disconnected: [WinError 10051] A socket operation was attempted to an unreachable network
2026-02-10 14:23:47,905 [ERROR] Polling thread error: PLC disconnected: [WinError 10051] A socket operation was attempted to an unreachable network
2026-02-10 14:23:48,986 [ERROR] Polling thread error: PLC disconnected: [WinError 10051] A socket operation was attempted to an unreachable network
2026-02-10 14:23:50,077 [ERROR] Polling thread error: PLC disconnected: [WinError 10051] A socket operation was attempted to an unreachable network
2026-02-10 14:23:51,166 [ERROR] Polling thread error: PLC disconnected: [WinError 10051] A socket operation was attempted to an unreachable network
2026-02-10 14:23:52,260 [ERROR] Polling thread error: PLC disconnected: [WinError 10051] A socket operation was attempted to an unreachable network
2026-02-10 14:23:53,351 [ERROR] Polling thread error: PLC disconnected: [WinError 10051] A socket operation was attempted to an unreachable network
2026-02-10 14:23:54,439 [ERROR] Polling thread error: PLC disconnected: [WinError 10051] A socket operation was attempted to an unreachable network
2026-02-10 14:23:55,516 [ERROR] Polling thread error: PLC disconnected: [WinError 10051] A socket operation was attempted to an unreachable network
2026-02-10 14:23:56,596 [ERROR] Polling thread error: PLC disconnected: [WinError 10051] A socket operation was attempted to an unreachable network
2026-02-10 14:23:57,686 [ERROR] Polling thread error: PLC disconnected: [WinError 10051] A socket operation was attempted to an unreachable network
2026-02-10 14:23:58,767 [ERROR] Polling thread error: PLC disconnected: [WinError 10051] A socket operation was attempted to an unreachable network
2026-02-10 14:23:59,858 [ERROR] Polling thread error: PLC disconnected: [WinError 10051] A socket operation was attempted to an unreachable network
2026-02-10 14:24:00,937 [ERROR] Polling thread error: PLC disconnected: [WinError 10051] A socket operation was attempted to an unreachable network
2026-02-10 14:24:02,014 [ERROR] Polling thread error: PLC disconnected: [WinError 10051] A socket operation was attempted to an unreachable network
2026-02-10 14:24:03,094 [ERROR] Polling thread error: PLC disconnected: [WinError 10051] A socket operation was attempted to an unreachable network
2026-02-10 14:24:04,184 [ERROR] Polling thread error: PLC disconnected: [WinError 10051] A socket operation was attempted to an unreachable network
2026-02-10 14:24:05,263 [ERROR] Polling thread error: PLC disconnected: [WinError 10051] A socket operation was attempted to an unreachable network
2026-02-10 14:24:06,353 [ERROR] Polling thread error: PLC disconnected: [WinError 10051] A socket operation was attempted to an unreachable network
2026-02-10 14:24:07,433 [ERROR] Polling thread error: PLC disconnected: [WinError 10051] A socket operation was attempted to an unreachable network
2026-02-10 14:24:08,513 [ERROR] Polling thread error: PLC disconnected: [WinError 10051] A socket operation was attempted to an unreachable network
2026-02-10 14:24:09,600 [ERROR] Polling thread error: PLC disconnected: [WinError 10051] A socket operation was attempted to an unreachable network
2026-02-10 14:24:10,681 [ERROR] Polling thread error: PLC disconnected: [WinError 10051] A socket operation was attempted to an unreachable network
2026-02-10 14:24:11,770 [ERROR] Polling thread error: PLC disconnected: [WinError 10051] A socket operation was attempted to an unreachable network
2026-02-10 14:24:12,850 [ERROR] Polling thread error: PLC disconnected: [WinError 10051] A socket operation was attempted to an unreachable network
2026-02-10 14:24:13,938 [ERROR] Polling thread error: PLC disconnected: [WinError 10051] A socket operation was attempted to an unreachable network
2026-02-10 14:24:15,028 [ERROR] Polling thread error: PLC disconnected: [WinError 10051] A socket operation was attempted to an unreachable network
2026-02-10 14:24:16,112 [ERROR] Polling thread error: PLC disconnected: [WinError 10051] A socket operation was attempted to an unreachable network
2026-02-10 14:24:17,190 [ERROR] Polling thread error: PLC disconnected: [WinError 10051] A socket operation was attempted to an unreachable network
2026-02-10 14:24:18,280 [ERROR] Polling thread error: PLC disconnected: [WinError 10051] A socket operation was attempted to an unreachable network
2026-02-10 14:24:19,361 [ERROR] Polling thread error: PLC disconnected: [WinError 10051] A socket operation was attempted to an unreachable network
2026-02-10 14:24:20,439 [ERROR] Polling thread error: PLC disconnected: [WinError 10051] A socket operation was attempted to an unreachable network
2026-02-10 14:24:21,529 [ERROR] Polling thread error: PLC disconnected: [WinError 10051] A socket operation was attempted to an unreachable network
2026-02-10 14:24:22,616 [ERROR] Polling thread error: PLC disconnected: [WinError 10051] A socket operation was attempted to an unreachable network
2026-02-10 14:24:23,704 [ERROR] Polling thread error: PLC disconnected: [WinError 10051] A socket operation was attempted to an unreachable network
2026-02-10 14:24:24,783 [ERROR] Polling thread error: PLC disconnected: [WinError 10051] A socket operation was attempted to an unreachable network
2026-02-10 14:24:25,864 [ERROR] Polling thread error: PLC disconnected: [WinError 10051] A socket operation was attempted to an unreachable network
2026-02-10 14:24:26,953 [ERROR] Polling thread error: PLC disconnected: [WinError 10051] A socket operation was attempted to an unreachable network
2026-02-10 14:24:28,043 [ERROR] Polling thread error: PLC disconnected: [WinError 10051] A socket operation was attempted to an unreachable network
2026-02-10 14:24:29,122 [ERROR] Polling thread error: PLC disconnected: [WinError 10051] A socket operation was attempted to an unreachable network
2026-02-10 14:24:30,199 [ERROR] Polling thread error: PLC disconnected: [WinError 10051] A socket operation was attempted to an unreachable network
2026-02-10 14:24:31,289 [ERROR] Polling thread error: PLC disconnected: [WinError 10051] A socket operation was attempted to an unreachable network
2026-02-10 14:24:32,378 [ERROR] Polling thread error: PLC disconnected: [WinError 10051] A socket operation was attempted to an unreachable network
2026-02-10 14:24:33,457 [ERROR] Polling thread error: PLC disconnected: [WinError 10051] A socket operation was attempted to an unreachable network
2026-02-10 14:24:34,547 [ERROR] Polling thread error: PLC disconnected: [WinError 10051] A socket operation was attempted to an unreachable network
2026-02-10 14:24:35,636 [ERROR] Polling thread error: PLC disconnected: [WinError 10051] A socket operation was attempted to an unreachable network
2026-02-10 14:24:36,720 [ERROR] Polling thread error: PLC disconnected: [WinError 10051] A socket operation was attempted to an unreachable network
2026-02-10 14:24:37,798 [ERROR] Polling thread error: PLC disconnected: [WinError 10051] A socket operation was attempted to an unreachable network
2026-02-10 14:24:38,877 [ERROR] Polling thread error: PLC disconnected: [WinError 10051] A socket operation was attempted to an unreachable network
2026-02-10 14:24:39,958 [ERROR] Polling thread error: PLC disconnected: [WinError 10051] A socket operation was attempted to an unreachable network
2026-02-10 14:24:41,050 [ERROR] Polling thread error: PLC disconnected: [WinError 10051] A socket operation was attempted to an unreachable network
2026-02-10 14:24:42,139 [ERROR] Polling thread error: PLC disconnected: [WinError 10051] A socket operation was attempted to an unreachable network
2026-02-10 14:24:43,228 [ERROR] Polling thread error: PLC disconnected: [WinError 10051] A socket operation was attempted to an unreachable network
2026-02-10 14:24:44,315 [ERROR] Polling thread error: PLC disconnected: [WinError 10051] A socket operation was attempted to an unreachable network
2026-02-10 14:24:45,405 [ERROR] Polling thread error: PLC disconnected: [WinError 10051] A socket operation was attempted to an unreachable network
2026-02-10 14:24:46,483 [ERROR] Polling thread error: PLC disconnected: [WinError 10051] A socket operation was attempted to an unreachable network
2026-02-10 14:24:47,560 [ERROR] Polling thread error: PLC disconnected: [WinError 10051] A socket operation was attempted to an unreachable network
2026-02-10 14:24:48,652 [ERROR] Polling thread error: PLC disconnected: [WinError 10051] A socket operation was attempted to an unreachable network
2026-02-10 14:24:49,741 [ERROR] Polling thread error: PLC disconnected: [WinError 10051] A socket operation was attempted to an unreachable network
2026-02-10 14:24:50,830 [ERROR] Polling thread error: PLC disconnected: [WinError 10051] A socket operation was attempted to an unreachable network
2026-02-10 14:24:51,920 [ERROR] Polling thread error: PLC disconnected: [WinError 10051] A socket operation was attempted to an unreachable network
2026-02-10 14:24:53,010 [ERROR] Polling thread error: PLC disconnected: [WinError 10051] A socket operation was attempted to an unreachable network
2026-02-10 14:24:54,099 [ERROR] Polling thread error: PLC disconnected: [WinError 10051] A socket operation was attempted to an unreachable network
2026-02-10 14:24:55,180 [ERROR] Polling thread error: PLC disconnected: [WinError 10051] A socket operation was attempted to an unreachable network
2026-02-10 14:24:56,270 [ERROR] Polling thread error: PLC disconnected: [WinError 10051] A socket operation was attempted to an unreachable network
2026-02-10 14:24:57,367 [ERROR] Polling thread error: PLC disconnected: [WinError 10051] A socket operation was attempted to an unreachable network
2026-02-10 14:24:58,447 [ERROR] Polling thread error: PLC disconnected: [WinError 10051] A socket operation was attempted to an unreachable network
2026-02-10 14:24:59,537 [ERROR] Polling thread error: PLC disconnected: [WinError 10051] A socket operation was attempted to an unreachable network
2026-02-10 14:25:00,616 [ERROR] Polling thread error: PLC disconnected: [WinError 10051] A socket operation was attempted to an unreachable network
2026-02-10 14:25:01,711 [ERROR] Polling thread error: PLC disconnected: [WinError 10051] A socket operation was attempted to an unreachable network
2026-02-10 14:25:02,789 [ERROR] Polling thread error: PLC disconnected: [WinError 10051] A socket operation was attempted to an unreachable network
2026-02-10 14:25:03,879 [ERROR] Polling thread error: PLC disconnected: [WinError 10051] A socket operation was attempted to an unreachable network
2026-02-10 14:25:04,966 [ERROR] Polling thread error: PLC disconnected: [WinError 10051] A socket operation was attempted to an unreachable network
2026-02-10 14:25:06,055 [ERROR] Polling thread error: PLC disconnected: [WinError 10051] A socket operation was attempted to an unreachable network
2026-02-10 14:25:07,134 [ERROR] Polling thread error: PLC disconnected: [WinError 10051] A socket operation was attempted to an unreachable network
2026-02-10 14:25:08,226 [ERROR] Polling thread error: PLC disconnected: [WinError 10051] A socket operation was attempted to an unreachable network
2026-02-10 14:25:09,315 [ERROR] Polling thread error: PLC disconnected: [WinError 10051] A socket operation was attempted to an unreachable network
2026-02-10 14:25:10,396 [ERROR] Polling thread error: PLC disconnected: [WinError 10051] A socket operation was attempted to an unreachable network
2026-02-10 14:25:11,483 [ERROR] Polling thread error: PLC disconnected: [WinError 10051] A socket operation was attempted to an unreachable network
2026-02-10 14:25:12,560 [ERROR] Polling thread error: PLC disconnected: [WinError 10051] A socket operation was attempted to an unreachable network
2026-02-10 14:25:13,650 [ERROR] Polling thread error: PLC disconnected: [WinError 10051] A socket operation was attempted to an unreachable network
2026-02-10 14:25:14,728 [ERROR] Polling thread error: PLC disconnected: [WinError 10051] A socket operation was attempted to an unreachable network
2026-02-10 14:25:15,818 [ERROR] Polling thread error: PLC disconnected: [WinError 10051] A socket operation was attempted to an unreachable network
2026-02-10 14:25:16,907 [ERROR] Polling thread error: PLC disconnected: [WinError 10051] A socket operation was attempted to an unreachable network
2026-02-10 14:25:17,997 [ERROR] Polling thread error: PLC disconnected: [WinError 10051] A socket operation was attempted to an unreachable network
2026-02-10 14:25:19,079 [ERROR] Polling thread error: PLC disconnected: [WinError 10051] A socket operation was attempted to an unreachable network
2026-02-10 14:25:20,168 [ERROR] Polling thread error: PLC disconnected: [WinError 10051] A socket operation was attempted to an unreachable network
2026-02-10 14:25:21,257 [ERROR] Polling thread error: PLC disconnected: [WinError 10051] A socket operation was attempted to an unreachable network
2026-02-10 14:25:22,343 [ERROR] Polling thread error: PLC disconnected: [WinError 10051] A socket operation was attempted to an unreachable network
2026-02-10 14:25:23,431 [ERROR] Polling thread error: PLC disconnected: [WinError 10051] A socket operation was attempted to an unreachable network
2026-02-10 14:25:24,520 [ERROR] Polling thread error: PLC disconnected: [WinError 10051] A socket operation was attempted to an unreachable network
2026-02-10 14:25:32,936 [WARNING] [Inference] TensorRT or cuda-python not installed: No module named 'tensorrt'
2026-02-10 14:25:33,570 [INFO] [Inference] Using GPU
2026-02-10 14:25:33,571 [INFO] [Inference] Loading OpenVINO model from C:\MyStuff\VS\MECup\backend\inference\openvino_model\model.xml
2026-02-10 14:25:34,889 [INFO] [Inference] Using OpenVINO backend on GPU
2026-02-10 14:25:35,071 [INFO] [Inference] Model ready (openvino)
2026-02-10 14:25:35,104 [ERROR] Polling thread error: PLC disconnected: [WinError 10051] A socket operation was attempted to an unreachable network
2026-02-10 14:25:36,191 [ERROR] Polling thread error: PLC disconnected: [WinError 10051] A socket operation was attempted to an unreachable network
2026-02-10 14:25:36,927 [WARNING] [Inference] TensorRT or cuda-python not installed: No module named 'tensorrt'
2026-02-10 14:25:37,283 [ERROR] Polling thread error: PLC disconnected: [WinError 10051] A socket operation was attempted to an unreachable network
2026-02-10 14:25:37,416 [INFO] [Inference] Using GPU
2026-02-10 14:25:37,416 [INFO] [Inference] Loading OpenVINO model from C:\MyStuff\VS\MECup\backend\inference\openvino_model\model.xml
2026-02-10 14:25:38,360 [ERROR] Polling thread error: PLC disconnected: [WinError 10051] A socket operation was attempted to an unreachable network
2026-02-10 14:25:38,761 [INFO] [Inference] Using OpenVINO backend on GPU
2026-02-10 14:25:38,936 [INFO] [Inference] Model ready (openvino)
2026-02-10 14:25:39,450 [ERROR] Polling thread error: PLC disconnected: [WinError 10051] A socket operation was attempted to an unreachable network
2026-02-10 14:25:40,538 [ERROR] Polling thread error: PLC disconnected: [WinError 10051] A socket operation was attempted to an unreachable network
2026-02-10 14:25:41,626 [ERROR] Polling thread error: PLC disconnected: [WinError 10051] A socket operation was attempted to an unreachable network
2026-02-10 14:25:42,711 [ERROR] Polling thread error: PLC disconnected: [WinError 10051] A socket operation was attempted to an unreachable network
2026-02-10 14:25:43,810 [ERROR] Polling thread error: PLC disconnected: [WinError 10051] A socket operation was attempted to an unreachable network
2026-02-10 14:25:44,908 [ERROR] Polling thread error: PLC disconnected: [WinError 10051] A socket operation was attempted to an unreachable network
2026-02-10 14:25:45,999 [ERROR] Polling thread error: PLC disconnected: [WinError 10051] A socket operation was attempted to an unreachable network
2026-02-10 14:25:47,102 [ERROR] Polling thread error: PLC disconnected: [WinError 10051] A socket operation was attempted to an unreachable network
2026-02-10 14:25:48,205 [ERROR] Polling thread error: PLC disconnected: [WinError 10051] A socket operation was attempted to an unreachable network
2026-02-10 14:25:49,295 [ERROR] Polling thread error: PLC disconnected: [WinError 10051] A socket operation was attempted to an unreachable network
2026-02-10 14:25:50,381 [ERROR] Polling thread error: PLC disconnected: [WinError 10051] A socket operation was attempted to an unreachable network
2026-02-10 14:25:51,470 [ERROR] Polling thread error: PLC disconnected: [WinError 10051] A socket operation was attempted to an unreachable network
2026-02-10 14:25:52,557 [ERROR] Polling thread error: PLC disconnected: [WinError 10051] A socket operation was attempted to an unreachable network
2026-02-10 14:25:53,644 [ERROR] Polling thread error: PLC disconnected: [WinError 10051] A socket operation was attempted to an unreachable network
2026-02-10 14:25:54,723 [ERROR] Polling thread error: PLC disconnected: [WinError 10051] A socket operation was attempted to an unreachable network
2026-02-10 14:25:55,811 [ERROR] Polling thread error: PLC disconnected: [WinError 10051] A socket operation was attempted to an unreachable network
2026-02-10 14:25:56,898 [ERROR] Polling thread error: PLC disconnected: [WinError 10051] A socket operation was attempted to an unreachable network
2026-02-10 14:25:57,986 [ERROR] Polling thread error: PLC disconnected: [WinError 10051] A socket operation was attempted to an unreachable network
2026-02-10 14:25:59,077 [ERROR] Polling thread error: PLC disconnected: [WinError 10051] A socket operation was attempted to an unreachable network
2026-02-10 14:26:00,166 [ERROR] Polling thread error: PLC disconnected: [WinError 10051] A socket operation was attempted to an unreachable network
2026-02-10 14:26:01,245 [ERROR] Polling thread error: PLC disconnected: [WinError 10051] A socket operation was attempted to an unreachable network
2026-02-10 14:26:02,335 [ERROR] Polling thread error: PLC disconnected: [WinError 10051] A socket operation was attempted to an unreachable network
2026-02-10 14:26:03,423 [ERROR] Polling thread error: PLC disconnected: [WinError 10051] A socket operation was attempted to an unreachable network
2026-02-10 14:26:04,514 [ERROR] Polling thread error: PLC disconnected: [WinError 10051] A socket operation was attempted to an unreachable network
2026-02-10 14:26:05,602 [ERROR] Polling thread error: PLC disconnected: [WinError 10051] A socket operation was attempted to an unreachable network
2026-02-10 14:26:06,689 [ERROR] Polling thread error: PLC disconnected: [WinError 10051] A socket operation was attempted to an unreachable network
2026-02-10 14:26:07,777 [ERROR] Polling thread error: PLC disconnected: [WinError 10051] A socket operation was attempted to an unreachable network
2026-02-10 14:26:08,854 [ERROR] Polling thread error: PLC disconnected: [WinError 10051] A socket operation was attempted to an unreachable network
2026-02-10 14:26:09,933 [ERROR] Polling thread error: PLC disconnected: [WinError 10051] A socket operation was attempted to an unreachable network
2026-02-10 14:26:11,029 [ERROR] Polling thread error: PLC disconnected: [WinError 10051] A socket operation was attempted to an unreachable network
2026-02-10 14:26:12,107 [ERROR] Polling thread error: PLC disconnected: [WinError 10051] A socket operation was attempted to an unreachable network
2026-02-10 14:26:13,194 [ERROR] Polling thread error: PLC disconnected: [WinError 10051] A socket operation was attempted to an unreachable network
2026-02-10 14:26:14,284 [ERROR] Polling thread error: PLC disconnected: [WinError 10051] A socket operation was attempted to an unreachable network
2026-02-10 14:26:15,373 [ERROR] Polling thread error: PLC disconnected: [WinError 10051] A socket operation was attempted to an unreachable network
2026-02-10 14:26:16,461 [ERROR] Polling thread error: PLC disconnected: [WinError 10051] A socket operation was attempted to an unreachable network
2026-02-10 14:26:17,549 [ERROR] Polling thread error: PLC disconnected: [WinError 10051] A socket operation was attempted to an unreachable network
2026-02-10 14:26:18,640 [ERROR] Polling thread error: PLC disconnected: [WinError 10051] A socket operation was attempted to an unreachable network
2026-02-10 14:26:19,718 [ERROR] Polling thread error: PLC disconnected: [WinError 10051] A socket operation was attempted to an unreachable network
2026-02-10 14:26:20,807 [ERROR] Polling thread error: PLC disconnected: [WinError 10051] A socket operation was attempted to an unreachable network
2026-02-10 14:26:21,909 [ERROR] Polling thread error: PLC disconnected: [WinError 10051] A socket operation was attempted to an unreachable network
2026-02-10 14:26:23,005 [ERROR] Polling thread error: PLC disconnected: [WinError 10051] A socket operation was attempted to an unreachable network
2026-02-10 14:26:24,103 [ERROR] Polling thread error: PLC disconnected: [WinError 10051] A socket operation was attempted to an unreachable network
2026-02-10 14:26:25,205 [ERROR] Polling thread error: PLC disconnected: [WinError 10051] A socket operation was attempted to an unreachable network
2026-02-10 14:26:26,295 [ERROR] Polling thread error: PLC disconnected: [WinError 10051] A socket operation was attempted to an unreachable network
2026-02-10 14:26:27,402 [ERROR] Polling thread error: PLC disconnected: [WinError 10051] A socket operation was attempted to an unreachable network
2026-02-10 14:26:28,508 [ERROR] Polling thread error: PLC disconnected: [WinError 10051] A socket operation was attempted to an unreachable network
2026-02-10 14:26:29,598 [ERROR] Polling thread error: PLC disconnected: [WinError 10051] A socket operation was attempted to an unreachable network
2026-02-10 14:26:30,692 [ERROR] Polling thread error: PLC disconnected: [WinError 10051] A socket operation was attempted to an unreachable network
2026-02-10 14:26:31,778 [ERROR] Polling thread error: PLC disconnected: [WinError 10051] A socket operation was attempted to an unreachable network
2026-02-10 14:26:32,858 [ERROR] Polling thread error: PLC disconnected: [WinError 10051] A socket operation was attempted to an unreachable network
2026-02-10 14:26:33,959 [ERROR] Polling thread error: PLC disconnected: [WinError 10051] A socket operation was attempted to an unreachable network
2026-02-10 14:26:35,060 [ERROR] Polling thread error: PLC disconnected: [WinError 10051] A socket operation was attempted to an unreachable network
2026-02-10 14:26:36,157 [ERROR] Polling thread error: PLC disconnected: [WinError 10051] A socket operation was attempted to an unreachable network
2026-02-10 14:26:37,247 [ERROR] Polling thread error: PLC disconnected: [WinError 10051] A socket operation was attempted to an unreachable network
2026-02-10 14:26:38,324 [ERROR] Polling thread error: PLC disconnected: [WinError 10051] A socket operation was attempted to an unreachable network
2026-02-10 14:26:39,401 [ERROR] Polling thread error: PLC disconnected: [WinError 10051] A socket operation was attempted to an unreachable network
2026-02-10 14:26:40,493 [ERROR] Polling thread error: PLC disconnected: [WinError 10051] A socket operation was attempted to an unreachable network
2026-02-10 14:26:41,581 [ERROR] Polling thread error: PLC disconnected: [WinError 10051] A socket operation was attempted to an unreachable network
2026-02-10 14:26:42,666 [ERROR] Polling thread error: PLC disconnected: [WinError 10051] A socket operation was attempted to an unreachable network
2026-02-10 14:26:43,760 [ERROR] Polling thread error: PLC disconnected: [WinError 10051] A socket operation was attempted to an unreachable network
2026-02-10 14:26:44,850 [ERROR] Polling thread error: PLC disconnected: [WinError 10051] A socket operation was attempted to an unreachable network
2026-02-10 14:26:45,927 [ERROR] Polling thread error: PLC disconnected: [WinError 10051] A socket operation was attempted to an unreachable network
2026-02-10 14:26:47,009 [ERROR] Polling thread error: PLC disconnected: [WinError 10051] A socket operation was attempted to an unreachable network
2026-02-10 14:26:48,088 [ERROR] Polling thread error: PLC disconnected: [WinError 10051] A socket operation was attempted to an unreachable network
2026-02-10 14:26:49,197 [ERROR] Polling thread error: PLC disconnected: [WinError 10051] A socket operation was attempted to an unreachable network
2026-02-10 14:26:50,282 [ERROR] Polling thread error: PLC disconnected: [WinError 10051] A socket operation was attempted to an unreachable network
2026-02-10 14:26:51,368 [ERROR] Polling thread error: PLC disconnected: [WinError 10051] A socket operation was attempted to an unreachable network
2026-02-10 14:26:52,470 [ERROR] Polling thread error: PLC disconnected: [WinError 10051] A socket operation was attempted to an unreachable network
2026-02-10 14:26:53,566 [ERROR] Polling thread error: PLC disconnected: [WinError 10051] A socket operation was attempted to an unreachable network
2026-02-10 14:26:54,671 [ERROR] Polling thread error: PLC disconnected: [WinError 10051] A socket operation was attempted to an unreachable network
2026-02-10 14:26:55,761 [ERROR] Polling thread error: PLC disconnected: [WinError 10051] A socket operation was attempted to an unreachable network
2026-02-10 14:26:56,863 [ERROR] Polling thread error: PLC disconnected: [WinError 10051] A socket operation was attempted to an unreachable network
2026-02-10 14:26:57,957 [ERROR] Polling thread error: PLC disconnected: [WinError 10051] A socket operation was attempted to an unreachable network
2026-02-10 14:26:59,046 [ERROR] Polling thread error: PLC disconnected: [WinError 10051] A socket operation was attempted to an unreachable network
2026-02-10 14:27:00,132 [ERROR] Polling thread error: PLC disconnected: [WinError 10051] A socket operation was attempted to an unreachable network
2026-02-10 14:27:01,237 [ERROR] Polling thread error: PLC disconnected: [WinError 10051] A socket operation was attempted to an unreachable network
2026-02-10 14:27:02,343 [ERROR] Polling thread error: PLC disconnected: [WinError 10051] A socket operation was attempted to an unreachable network
2026-02-10 14:27:03,442 [ERROR] Polling thread error: PLC disconnected: [WinError 10051] A socket operation was attempted to an unreachable network
2026-02-10 14:27:04,548 [ERROR] Polling thread error: PLC disconnected: [WinError 10051] A socket operation was attempted to an unreachable network
2026-02-10 14:27:05,633 [ERROR] Polling thread error: PLC disconnected: [WinError 10051] A socket operation was attempted to an unreachable network
2026-02-10 14:27:06,739 [ERROR] Polling thread error: PLC disconnected: [WinError 10051] A socket operation was attempted to an unreachable network
2026-02-10 14:27:07,862 [ERROR] Polling thread error: PLC disconnected: [WinError 10051] A socket operation was attempted to an unreachable network
2026-02-10 14:27:08,967 [ERROR] Polling thread error: PLC disconnected: [WinError 10051] A socket operation was attempted to an unreachable network
2026-02-10 14:27:10,055 [ERROR] Polling thread error: PLC disconnected: [WinError 10051] A socket operation was attempted to an unreachable network
2026-02-10 14:27:11,160 [ERROR] Polling thread error: PLC disconnected: [WinError 10051] A socket operation was attempted to an unreachable network
2026-02-10 14:27:12,255 [ERROR] Polling thread error: PLC disconnected: [WinError 10051] A socket operation was attempted to an unreachable network
2026-02-10 14:27:13,337 [ERROR] Polling thread error: PLC disconnected: [WinError 10051] A socket operation was attempted to an unreachable network
2026-02-10 14:27:14,420 [ERROR] Polling thread error: PLC disconnected: [WinError 10051] A socket operation was attempted to an unreachable network
2026-02-10 14:27:15,510 [ERROR] Polling thread error: PLC disconnected: [WinError 10051] A socket operation was attempted to an unreachable network
2026-02-10 14:27:16,613 [ERROR] Polling thread error: PLC disconnected: [WinError 10051] A socket operation was attempted to an unreachable network
2026-02-10 14:27:17,700 [ERROR] Polling thread error: PLC disconnected: [WinError 10051] A socket operation was attempted to an unreachable network
2026-02-10 14:27:18,793 [ERROR] Polling thread error: PLC disconnected: [WinError 10051] A socket operation was attempted to an unreachable network
2026-02-10 14:27:19,880 [ERROR] Polling thread error: PLC disconnected: [WinError 10051] A socket operation was attempted to an unreachable network
2026-02-10 14:27:20,964 [ERROR] Polling thread error: PLC disconnected: [WinError 10051] A socket operation was attempted to an unreachable network
2026-02-10 14:27:22,068 [ERROR] Polling thread error: PLC disconnected: [WinError 10051] A socket operation was attempted to an unreachable network
2026-02-10 14:27:23,152 [ERROR] Polling thread error: PLC disconnected: [WinError 10051] A socket operation was attempted to an unreachable network
2026-02-10 14:27:24,253 [ERROR] Polling thread error: PLC disconnected: [WinError 10051] A socket operation was attempted to an unreachable network
2026-02-10 14:27:25,345 [ERROR] Polling thread error: PLC disconnected: [WinError 10051] A socket operation was attempted to an unreachable network
2026-02-10 14:27:26,446 [ERROR] Polling thread error: PLC disconnected: [WinError 10051] A socket operation was attempted to an unreachable network
2026-02-10 14:27:27,550 [ERROR] Polling thread error: PLC disconnected: [WinError 10051] A socket operation was attempted to an unreachable network
2026-02-10 14:27:28,655 [ERROR] Polling thread error: PLC disconnected: [WinError 10051] A socket operation was attempted to an unreachable network
2026-02-10 14:27:29,744 [ERROR] Polling thread error: PLC disconnected: [WinError 10051] A socket operation was attempted to an unreachable network
2026-02-10 14:27:30,850 [ERROR] Polling thread error: PLC disconnected: [WinError 10051] A socket operation was attempted to an unreachable network
2026-02-10 14:27:31,947 [ERROR] Polling thread error: PLC disconnected: [WinError 10051] A socket operation was attempted to an unreachable network
2026-02-10 14:27:33,031 [ERROR] Polling thread error: PLC disconnected: [WinError 10051] A socket operation was attempted to an unreachable network
2026-02-10 14:27:34,136 [ERROR] Polling thread error: PLC disconnected: [WinError 10051] A socket operation was attempted to an unreachable network
2026-02-10 14:27:35,224 [ERROR] Polling thread error: PLC disconnected: [WinError 10051] A socket operation was attempted to an unreachable network
2026-02-10 14:27:36,330 [ERROR] Polling thread error: PLC disconnected: [WinError 10051] A socket operation was attempted to an unreachable network
2026-02-10 14:27:37,435 [ERROR] Polling thread error: PLC disconnected: [WinError 10051] A socket operation was attempted to an unreachable network
2026-02-10 14:27:38,545 [ERROR] Polling thread error: PLC disconnected: [WinError 10051] A socket operation was attempted to an unreachable network
2026-02-10 14:27:39,647 [ERROR] Polling thread error: PLC disconnected: [WinError 10051] A socket operation was attempted to an unreachable network
2026-02-10 14:27:40,736 [ERROR] Polling thread error: PLC disconnected: [WinError 10051] A socket operation was attempted to an unreachable network
2026-02-10 14:27:41,818 [ERROR] Polling thread error: PLC disconnected: [WinError 10051] A socket operation was attempted to an unreachable network
2026-02-10 14:27:42,926 [ERROR] Polling thread error: PLC disconnected: [WinError 10051] A socket operation was attempted to an unreachable network
2026-02-10 14:27:44,031 [ERROR] Polling thread error: PLC disconnected: [WinError 10051] A socket operation was attempted to an unreachable network
2026-02-10 14:27:45,160 [ERROR] Polling thread error: PLC disconnected: [WinError 10051] A socket operation was attempted to an unreachable network
2026-02-10 14:27:46,261 [ERROR] Polling thread error: PLC disconnected: [WinError 10051] A socket operation was attempted to an unreachable network
2026-02-10 14:27:47,367 [ERROR] Polling thread error: PLC disconnected: [WinError 10051] A socket operation was attempted to an unreachable network
2026-02-10 14:27:48,469 [ERROR] Polling thread error: PLC disconnected: [WinError 10051] A socket operation was attempted to an unreachable network
2026-02-10 14:27:49,557 [ERROR] Polling thread error: PLC disconnected: [WinError 10051] A socket operation was attempted to an unreachable network
2026-02-10 14:27:50,645 [ERROR] Polling thread error: PLC disconnected: [WinError 10051] A socket operation was attempted to an unreachable network
2026-02-10 14:27:51,736 [ERROR] Polling thread error: PLC disconnected: [WinError 10051] A socket operation was attempted to an unreachable network
2026-02-10 14:27:52,824 [ERROR] Polling thread error: PLC disconnected: [WinError 10051] A socket operation was attempted to an unreachable network
2026-02-10 14:27:53,930 [ERROR] Polling thread error: PLC disconnected: [WinError 10051] A socket operation was attempted to an unreachable network
2026-02-10 14:27:55,031 [ERROR] Polling thread error: PLC disconnected: [WinError 10051] A socket operation was attempted to an unreachable network
2026-02-10 14:27:56,134 [ERROR] Polling thread error: PLC disconnected: [WinError 10051] A socket operation was attempted to an unreachable network
2026-02-10 14:27:57,241 [ERROR] Polling thread error: PLC disconnected: [WinError 10051] A socket operation was attempted to an unreachable network
2026-02-10 14:27:58,333 [ERROR] Polling thread error: PLC disconnected: [WinError 10051] A socket operation was attempted to an unreachable network
2026-02-10 14:27:59,418 [ERROR] Polling thread error: PLC disconnected: [WinError 10051] A socket operation was attempted to an unreachable network
2026-02-10 14:28:00,516 [ERROR] Polling thread error: PLC disconnected: [WinError 10051] A socket operation was attempted to an unreachable network
2026-02-10 14:28:01,612 [ERROR] Polling thread error: PLC disconnected: [WinError 10051] A socket operation was attempted to an unreachable network
2026-02-10 14:28:02,696 [ERROR] Polling thread error: PLC disconnected: [WinError 10051] A socket operation was attempted to an unreachable network
2026-02-10 14:28:03,811 [ERROR] Polling thread error: PLC disconnected: [WinError 10051] A socket operation was attempted to an unreachable network
2026-02-10 14:28:04,910 [ERROR] Polling thread error: PLC disconnected: [WinError 10051] A socket operation was attempted to an unreachable network
2026-02-10 14:28:06,013 [ERROR] Polling thread error: PLC disconnected: [WinError 10051] A socket operation was attempted to an unreachable network
2026-02-10 14:28:07,095 [ERROR] Polling thread error: PLC disconnected: [WinError 10051] A socket operation was attempted to an unreachable network
2026-02-10 14:28:08,179 [ERROR] Polling thread error: PLC disconnected: [WinError 10051] A socket operation was attempted to an unreachable network
2026-02-10 14:28:09,270 [ERROR] Polling thread error: PLC disconnected: [WinError 10051] A socket operation was attempted to an unreachable network
2026-02-10 14:28:10,378 [ERROR] Polling thread error: PLC disconnected: [WinError 10051] A socket operation was attempted to an unreachable network
2026-02-10 14:28:11,461 [ERROR] Polling thread error: PLC disconnected: [WinError 10051] A socket operation was attempted to an unreachable network
2026-02-10 14:28:12,553 [ERROR] Polling thread error: PLC disconnected: [WinError 10051] A socket operation was attempted to an unreachable network
2026-02-10 14:28:13,636 [ERROR] Polling thread error: PLC disconnected: [WinError 10051] A socket operation was attempted to an unreachable network
2026-02-10 14:28:14,727 [ERROR] Polling thread error: PLC disconnected: [WinError 10051] A socket operation was attempted to an unreachable network
2026-02-10 14:28:15,818 [ERROR] Polling thread error: PLC disconnected: [WinError 10051] A socket operation was attempted to an unreachable network
2026-02-10 14:28:16,922 [ERROR] Polling thread error: PLC disconnected: [WinError 10051] A socket operation was attempted to an unreachable network
2026-02-10 14:28:18,027 [ERROR] Polling thread error: PLC disconnected: [WinError 10051] A socket operation was attempted to an unreachable network
2026-02-10 14:28:19,133 [ERROR] Polling thread error: PLC disconnected: [WinError 10051] A socket operation was attempted to an unreachable network
2026-02-10 14:28:20,240 [ERROR] Polling thread error: PLC disconnected: [WinError 10051] A socket operation was attempted to an unreachable network
2026-02-10 14:28:21,346 [ERROR] Polling thread error: PLC disconnected: [WinError 10051] A socket operation was attempted to an unreachable network
2026-02-10 14:28:22,430 [ERROR] Polling thread error: PLC disconnected: [WinError 10051] A socket operation was attempted to an unreachable network
2026-02-10 14:28:23,523 [ERROR] Polling thread error: PLC disconnected: [WinError 10051] A socket operation was attempted to an unreachable network
2026-02-10 14:28:24,627 [ERROR] Polling thread error: PLC disconnected: [WinError 10051] A socket operation was attempted to an unreachable network
2026-02-10 14:28:25,727 [ERROR] Polling thread error: PLC disconnected: [WinError 10051] A socket operation was attempted to an unreachable network
2026-02-10 14:28:26,827 [ERROR] Polling thread error: PLC disconnected: [WinError 10051] A socket operation was attempted to an unreachable network
2026-02-10 14:28:27,912 [ERROR] Polling thread error: PLC disconnected: [WinError 10051] A socket operation was attempted to an unreachable network
2026-02-10 14:28:28,995 [ERROR] Polling thread error: PLC disconnected: [WinError 10051] A socket operation was attempted to an unreachable network
2026-02-10 14:28:30,086 [ERROR] Polling thread error: PLC disconnected: [WinError 10051] A socket operation was attempted to an unreachable network
2026-02-10 14:28:31,182 [ERROR] Polling thread error: PLC disconnected: [WinError 10051] A socket operation was attempted to an unreachable network
2026-02-10 14:28:32,286 [ERROR] Polling thread error: PLC disconnected: [WinError 10051] A socket operation was attempted to an unreachable network
2026-02-10 14:28:33,369 [ERROR] Polling thread error: PLC disconnected: [WinError 10051] A socket operation was attempted to an unreachable network
2026-02-10 14:28:34,387 [WARNING] [Inference] TensorRT or cuda-python not installed: No module named 'tensorrt'
2026-02-10 14:28:34,469 [ERROR] Polling thread error: PLC disconnected: [WinError 10051] A socket operation was attempted to an unreachable network
2026-02-10 14:28:35,006 [INFO] [Inference] Using GPU
2026-02-10 14:28:35,008 [INFO] [Inference] Loading OpenVINO model from C:\MyStuff\VS\MECup\backend\inference\openvino_model\model.xml
2026-02-10 14:28:35,577 [ERROR] Polling thread error: PLC disconnected: [WinError 10051] A socket operation was attempted to an unreachable network
2026-02-10 14:28:36,356 [INFO] [Inference] Using OpenVINO backend on GPU
2026-02-10 14:28:36,531 [INFO] [Inference] Model ready (openvino)
2026-02-10 14:28:36,589 [ERROR] Polling thread error: PLC disconnected: [WinError 10051] A socket operation was attempted to an unreachable network
2026-02-10 14:28:36,667 [ERROR] Polling thread error: PLC disconnected: [WinError 10051] A socket operation was attempted to an unreachable network
2026-02-10 14:28:37,665 [ERROR] Polling thread error: PLC disconnected: [WinError 10051] A socket operation was attempted to an unreachable network
2026-02-10 14:28:37,760 [ERROR] Polling thread error: PLC disconnected: [WinError 10051] A socket operation was attempted to an unreachable network
2026-02-10 14:28:38,427 [WARNING] [Inference] TensorRT or cuda-python not installed: No module named 'tensorrt'
2026-02-10 14:28:38,754 [ERROR] Polling thread error: PLC disconnected: [WinError 10051] A socket operation was attempted to an unreachable network
2026-02-10 14:28:38,860 [ERROR] Polling thread error: PLC disconnected: [WinError 10051] A socket operation was attempted to an unreachable network
2026-02-10 14:28:38,932 [INFO] [Inference] Using GPU
2026-02-10 14:28:38,932 [INFO] [Inference] Loading OpenVINO model from C:\MyStuff\VS\MECup\backend\inference\openvino_model\model.xml
2026-02-10 14:28:39,854 [ERROR] Polling thread error: PLC disconnected: [WinError 10051] A socket operation was attempted to an unreachable network
2026-02-10 14:28:39,953 [ERROR] Polling thread error: PLC disconnected: [WinError 10051] A socket operation was attempted to an unreachable network
2026-02-10 14:28:40,282 [INFO] [Inference] Using OpenVINO backend on GPU
2026-02-10 14:28:40,463 [INFO] [Inference] Model ready (openvino)
2026-02-10 14:28:40,931 [ERROR] Polling thread error: PLC disconnected: [WinError 10051] A socket operation was attempted to an unreachable network
2026-02-10 14:28:41,056 [ERROR] Polling thread error: PLC disconnected: [WinError 10051] A socket operation was attempted to an unreachable network
2026-02-10 14:28:42,036 [ERROR] Polling thread error: PLC disconnected: [WinError 10051] A socket operation was attempted to an unreachable network
2026-02-10 14:28:42,146 [ERROR] Polling thread error: PLC disconnected: [WinError 10051] A socket operation was attempted to an unreachable network
2026-02-10 14:28:43,126 [ERROR] Polling thread error: PLC disconnected: [WinError 10051] A socket operation was attempted to an unreachable network
2026-02-10 14:28:43,234 [ERROR] Polling thread error: PLC disconnected: [WinError 10051] A socket operation was attempted to an unreachable network
2026-02-10 14:28:44,230 [ERROR] Polling thread error: PLC disconnected: [WinError 10051] A socket operation was attempted to an unreachable network
2026-02-10 14:28:44,312 [ERROR] Polling thread error: PLC disconnected: [WinError 10051] A socket operation was attempted to an unreachable network
2026-02-10 14:28:45,334 [ERROR] Polling thread error: PLC disconnected: [WinError 10051] A socket operation was attempted to an unreachable network
2026-02-10 14:28:45,399 [ERROR] Polling thread error: PLC disconnected: [WinError 10051] A socket operation was attempted to an unreachable network
2026-02-10 14:28:46,423 [ERROR] Polling thread error: PLC disconnected: [WinError 10051] A socket operation was attempted to an unreachable network
2026-02-10 14:28:46,490 [ERROR] Polling thread error: PLC disconnected: [WinError 10051] A socket operation was attempted to an unreachable network
2026-02-10 14:28:47,525 [ERROR] Polling thread error: PLC disconnected: [WinError 10051] A socket operation was attempted to an unreachable network
2026-02-10 14:28:47,589 [ERROR] Polling thread error: PLC disconnected: [WinError 10051] A socket operation was attempted to an unreachable network
2026-02-10 14:28:48,606 [ERROR] Polling thread error: PLC disconnected: [WinError 10051] A socket operation was attempted to an unreachable network
2026-02-10 14:28:48,688 [ERROR] Polling thread error: PLC disconnected: [WinError 10051] A socket operation was attempted to an unreachable network
2026-02-10 14:28:49,694 [ERROR] Polling thread error: PLC disconnected: [WinError 10051] A socket operation was attempted to an unreachable network
2026-02-10 14:28:49,793 [ERROR] Polling thread error: PLC disconnected: [WinError 10051] A socket operation was attempted to an unreachable network
2026-02-10 14:28:50,770 [ERROR] Polling thread error: PLC disconnected: [WinError 10051] A socket operation was attempted to an unreachable network
2026-02-10 14:28:50,898 [ERROR] Polling thread error: PLC disconnected: [WinError 10051] A socket operation was attempted to an unreachable network
2026-02-10 14:28:51,858 [ERROR] Polling thread error: PLC disconnected: [WinError 10051] A socket operation was attempted to an unreachable network
2026-02-10 14:28:52,003 [ERROR] Polling thread error: PLC disconnected: [WinError 10051] A socket operation was attempted to an unreachable network
2026-02-10 14:28:53,096 [ERROR] Polling thread error: PLC disconnected: [WinError 10051] A socket operation was attempted to an unreachable network
2026-02-10 14:28:54,186 [ERROR] Polling thread error: PLC disconnected: [WinError 10051] A socket operation was attempted to an unreachable network
2026-02-10 14:28:55,270 [ERROR] Polling thread error: PLC disconnected: [WinError 10051] A socket operation was attempted to an unreachable network
2026-02-10 14:28:56,384 [ERROR] Polling thread error: PLC disconnected: [WinError 10051] A socket operation was attempted to an unreachable network
2026-02-10 14:28:57,471 [ERROR] Polling thread error: PLC disconnected: [WinError 10051] A socket operation was attempted to an unreachable network
2026-02-10 14:28:58,572 [ERROR] Polling thread error: PLC disconnected: [WinError 10051] A socket operation was attempted to an unreachable network
2026-02-10 14:28:59,664 [ERROR] Polling thread error: PLC disconnected: [WinError 10051] A socket operation was attempted to an unreachable network
2026-02-10 14:29:00,767 [ERROR] Polling thread error: PLC disconnected: [WinError 10051] A socket operation was attempted to an unreachable network
2026-02-10 14:29:01,882 [ERROR] Polling thread error: PLC disconnected: [WinError 10051] A socket operation was attempted to an unreachable network
2026-02-10 14:29:02,985 [ERROR] Polling thread error: PLC disconnected: [WinError 10051] A socket operation was attempted to an unreachable network
2026-02-10 14:29:04,075 [ERROR] Polling thread error: PLC disconnected: [WinError 10051] A socket operation was attempted to an unreachable network
2026-02-10 14:29:05,159 [ERROR] Polling thread error: PLC disconnected: [WinError 10051] A socket operation was attempted to an unreachable network
2026-02-10 14:29:06,258 [ERROR] Polling thread error: PLC disconnected: [WinError 10051] A socket operation was attempted to an unreachable network
2026-02-10 14:29:07,347 [ERROR] Polling thread error: PLC disconnected: [WinError 10051] A socket operation was attempted to an unreachable network
2026-02-10 14:29:08,452 [ERROR] Polling thread error: PLC disconnected: [WinError 10051] A socket operation was attempted to an unreachable network
2026-02-10 14:29:09,537 [ERROR] Polling thread error: PLC disconnected: [WinError 10051] A socket operation was attempted to an unreachable network
2026-02-10 14:29:10,656 [ERROR] Polling thread error: PLC disconnected: [WinError 10051] A socket operation was attempted to an unreachable network
2026-02-10 14:29:11,743 [ERROR] Polling thread error: PLC disconnected: [WinError 10051] A socket operation was attempted to an unreachable network
2026-02-10 14:29:12,845 [ERROR] Polling thread error: PLC disconnected: [WinError 10051] A socket operation was attempted to an unreachable network
2026-02-10 14:29:13,944 [ERROR] Polling thread error: PLC disconnected: [WinError 10051] A socket operation was attempted to an unreachable network
2026-02-10 14:29:15,043 [ERROR] Polling thread error: PLC disconnected: [WinError 10051] A socket operation was attempted to an unreachable network
2026-02-10 14:29:16,145 [ERROR] Polling thread error: PLC disconnected: [WinError 10051] A socket operation was attempted to an unreachable network
2026-02-10 14:29:17,229 [ERROR] Polling thread error: PLC disconnected: [WinError 10051] A socket operation was attempted to an unreachable network
2026-02-10 14:29:18,337 [ERROR] Polling thread error: PLC disconnected: [WinError 10051] A socket operation was attempted to an unreachable network
2026-02-10 14:29:19,441 [ERROR] Polling thread error: PLC disconnected: [WinError 10051] A socket operation was attempted to an unreachable network
2026-02-10 14:29:20,528 [ERROR] Polling thread error: PLC disconnected: [WinError 10051] A socket operation was attempted to an unreachable network
2026-02-10 14:29:21,616 [ERROR] Polling thread error: PLC disconnected: [WinError 10051] A socket operation was attempted to an unreachable network
2026-02-10 14:29:22,718 [ERROR] Polling thread error: PLC disconnected: [WinError 10051] A socket operation was attempted to an unreachable network
2026-02-10 14:29:23,829 [ERROR] Polling thread error: PLC disconnected: [WinError 10051] A socket operation was attempted to an unreachable network
2026-02-10 14:29:24,937 [ERROR] Polling thread error: PLC disconnected: [WinError 10051] A socket operation was attempted to an unreachable network
2026-02-10 14:29:26,022 [ERROR] Polling thread error: PLC disconnected: [WinError 10051] A socket operation was attempted to an unreachable network
2026-02-10 14:29:27,114 [ERROR] Polling thread error: PLC disconnected: [WinError 10051] A socket operation was attempted to an unreachable network
2026-02-10 14:29:28,204 [ERROR] Polling thread error: PLC disconnected: [WinError 10051] A socket operation was attempted to an unreachable network
2026-02-10 14:29:29,292 [ERROR] Polling thread error: PLC disconnected: [WinError 10051] A socket operation was attempted to an unreachable network
2026-02-10 14:29:30,382 [ERROR] Polling thread error: PLC disconnected: [WinError 10051] A socket operation was attempted to an unreachable network
2026-02-10 14:29:31,460 [ERROR] Polling thread error: PLC disconnected: [WinError 10051] A socket operation was attempted to an unreachable network
2026-02-10 14:29:32,547 [ERROR] Polling thread error: PLC disconnected: [WinError 10051] A socket operation was attempted to an unreachable network
2026-02-10 14:29:33,638 [ERROR] Polling thread error: PLC disconnected: [WinError 10051] A socket operation was attempted to an unreachable network
2026-02-10 14:29:34,727 [ERROR] Polling thread error: PLC disconnected: [WinError 10051] A socket operation was attempted to an unreachable network
2026-02-10 14:29:35,818 [ERROR] Polling thread error: PLC disconnected: [WinError 10051] A socket operation was attempted to an unreachable network
2026-02-10 14:29:36,907 [ERROR] Polling thread error: PLC disconnected: [WinError 10051] A socket operation was attempted to an unreachable network
2026-02-10 14:29:37,986 [ERROR] Polling thread error: PLC disconnected: [WinError 10051] A socket operation was attempted to an unreachable network
2026-02-10 14:29:39,074 [ERROR] Polling thread error: PLC disconnected: [WinError 10051] A socket operation was attempted to an unreachable network
2026-02-10 14:29:40,165 [ERROR] Polling thread error: PLC disconnected: [WinError 10051] A socket operation was attempted to an unreachable network
2026-02-10 14:29:41,244 [ERROR] Polling thread error: PLC disconnected: [WinError 10051] A socket operation was attempted to an unreachable network
2026-02-10 14:30:54,586 [ERROR] Polling thread error: PLC disconnected: [WinError 10051] A socket operation was attempted to an unreachable network
2026-02-10 14:30:55,674 [ERROR] Polling thread error: PLC disconnected: [WinError 10051] A socket operation was attempted to an unreachable network
2026-02-10 14:30:56,762 [ERROR] Polling thread error: PLC disconnected: [WinError 10051] A socket operation was attempted to an unreachable network
2026-02-10 14:30:57,849 [ERROR] Polling thread error: PLC disconnected: [WinError 10051] A socket operation was attempted to an unreachable network
2026-02-10 14:30:58,927 [ERROR] Polling thread error: PLC disconnected: [WinError 10051] A socket operation was attempted to an unreachable network
2026-02-10 14:31:00,005 [ERROR] Polling thread error: PLC disconnected: [WinError 10051] A socket operation was attempted to an unreachable network
2026-02-10 14:31:01,083 [ERROR] Polling thread error: PLC disconnected: [WinError 10051] A socket operation was attempted to an unreachable network
2026-02-10 14:31:02,169 [ERROR] Polling thread error: PLC disconnected: [WinError 10051] A socket operation was attempted to an unreachable network
2026-02-10 14:31:03,258 [ERROR] Polling thread error: PLC disconnected: [WinError 10051] A socket operation was attempted to an unreachable network
2026-02-10 14:31:04,361 [ERROR] Polling thread error: PLC disconnected: [WinError 10051] A socket operation was attempted to an unreachable network
2026-02-10 14:31:05,439 [ERROR] Polling thread error: PLC disconnected: [WinError 10051] A socket operation was attempted to an unreachable network
2026-02-10 14:31:06,533 [ERROR] Polling thread error: PLC disconnected: [WinError 10051] A socket operation was attempted to an unreachable network
2026-02-10 14:31:07,618 [ERROR] Polling thread error: PLC disconnected: [WinError 10051] A socket operation was attempted to an unreachable network
2026-02-10 14:31:08,701 [ERROR] Polling thread error: PLC disconnected: [WinError 10051] A socket operation was attempted to an unreachable network
2026-02-10 14:31:09,785 [ERROR] Polling thread error: PLC disconnected: [WinError 10051] A socket operation was attempted to an unreachable network
2026-02-10 14:31:10,866 [ERROR] Polling thread error: PLC disconnected: [WinError 10051] A socket operation was attempted to an unreachable network
2026-02-10 14:31:11,971 [ERROR] Polling thread error: PLC disconnected: [WinError 10051] A socket operation was attempted to an unreachable network
2026-02-10 14:31:13,074 [ERROR] Polling thread error: PLC disconnected: [WinError 10051] A socket operation was attempted to an unreachable network
2026-02-10 14:31:14,171 [ERROR] Polling thread error: PLC disconnected: [WinError 10051] A socket operation was attempted to an unreachable network
2026-02-10 14:31:15,284 [ERROR] Polling thread error: PLC disconnected: [WinError 10051] A socket operation was attempted to an unreachable network
2026-02-10 14:31:16,378 [ERROR] Polling thread error: PLC disconnected: [WinError 10051] A socket operation was attempted to an unreachable network
2026-02-10 14:31:17,485 [ERROR] Polling thread error: PLC disconnected: [WinError 10051] A socket operation was attempted to an unreachable network
2026-02-10 14:31:18,578 [ERROR] Polling thread error: PLC disconnected: [WinError 10051] A socket operation was attempted to an unreachable network
2026-02-10 14:31:19,680 [ERROR] Polling thread error: PLC disconnected: [WinError 10051] A socket operation was attempted to an unreachable network
2026-02-10 14:31:20,784 [ERROR] Polling thread error: PLC disconnected: [WinError 10051] A socket operation was attempted to an unreachable network
2026-02-10 14:31:21,882 [ERROR] Polling thread error: PLC disconnected: [WinError 10051] A socket operation was attempted to an unreachable network
2026-02-10 14:31:22,992 [ERROR] Polling thread error: PLC disconnected: [WinError 10051] A socket operation was attempted to an unreachable network
2026-02-10 14:31:24,081 [ERROR] Polling thread error: PLC disconnected: [WinError 10051] A socket operation was attempted to an unreachable network
2026-02-10 14:31:25,185 [ERROR] Polling thread error: PLC disconnected: [WinError 10051] A socket operation was attempted to an unreachable network
2026-02-10 14:31:26,290 [ERROR] Polling thread error: PLC disconnected: [WinError 10051] A socket operation was attempted to an unreachable network
2026-02-10 14:31:27,387 [ERROR] Polling thread error: PLC disconnected: [WinError 10051] A socket operation was attempted to an unreachable network
2026-02-10 14:31:28,490 [ERROR] Polling thread error: PLC disconnected: [WinError 10051] A socket operation was attempted to an unreachable network
2026-02-10 14:31:29,576 [ERROR] Polling thread error: PLC disconnected: [WinError 10051] A socket operation was attempted to an unreachable network
2026-02-10 14:31:30,670 [ERROR] Polling thread error: PLC disconnected: [WinError 10051] A socket operation was attempted to an unreachable network
2026-02-10 14:31:31,776 [ERROR] Polling thread error: PLC disconnected: [WinError 10051] A socket operation was attempted to an unreachable network
2026-02-10 14:31:32,880 [ERROR] Polling thread error: PLC disconnected: [WinError 10051] A socket operation was attempted to an unreachable network
2026-02-10 14:31:33,968 [ERROR] Polling thread error: PLC disconnected: [WinError 10051] A socket operation was attempted to an unreachable network
2026-02-10 14:31:35,055 [ERROR] Polling thread error: PLC disconnected: [WinError 10051] A socket operation was attempted to an unreachable network
2026-02-10 14:31:36,158 [ERROR] Polling thread error: PLC disconnected: [WinError 10051] A socket operation was attempted to an unreachable network
2026-02-10 14:31:37,243 [ERROR] Polling thread error: PLC disconnected: [WinError 10051] A socket operation was attempted to an unreachable network
2026-02-10 14:31:38,338 [ERROR] Polling thread error: PLC disconnected: [WinError 10051] A socket operation was attempted to an unreachable network
2026-02-10 14:31:39,419 [ERROR] Polling thread error: PLC disconnected: [WinError 10051] A socket operation was attempted to an unreachable network
2026-02-10 14:31:40,511 [ERROR] Polling thread error: PLC disconnected: [WinError 10051] A socket operation was attempted to an unreachable network
2026-02-10 14:31:41,616 [ERROR] Polling thread error: PLC disconnected: [WinError 10051] A socket operation was attempted to an unreachable network
2026-02-10 14:31:42,708 [ERROR] Polling thread error: PLC disconnected: [WinError 10051] A socket operation was attempted to an unreachable network
2026-02-10 14:31:43,794 [ERROR] Polling thread error: PLC disconnected: [WinError 10051] A socket operation was attempted to an unreachable network
2026-02-10 14:31:44,880 [ERROR] Polling thread error: PLC disconnected: [WinError 10051] A socket operation was attempted to an unreachable network
2026-02-10 14:31:45,975 [ERROR] Polling thread error: PLC disconnected: [WinError 10051] A socket operation was attempted to an unreachable network
2026-02-10 14:31:47,076 [ERROR] Polling thread error: PLC disconnected: [WinError 10051] A socket operation was attempted to an unreachable network
2026-02-10 14:31:48,163 [ERROR] Polling thread error: PLC disconnected: [WinError 10051] A socket operation was attempted to an unreachable network
2026-02-10 14:31:49,250 [ERROR] Polling thread error: PLC disconnected: [WinError 10051] A socket operation was attempted to an unreachable network
2026-02-10 14:31:50,340 [ERROR] Polling thread error: PLC disconnected: [WinError 10051] A socket operation was attempted to an unreachable network
2026-02-10 14:31:51,442 [ERROR] Polling thread error: PLC disconnected: [WinError 10051] A socket operation was attempted to an unreachable network
2026-02-10 14:31:52,534 [ERROR] Polling thread error: PLC disconnected: [WinError 10051] A socket operation was attempted to an unreachable network
2026-02-10 14:31:53,637 [ERROR] Polling thread error: PLC disconnected: [WinError 10051] A socket operation was attempted to an unreachable network
2026-02-10 14:31:54,740 [ERROR] Polling thread error: PLC disconnected: [WinError 10051] A socket operation was attempted to an unreachable network
2026-02-10 14:31:55,845 [ERROR] Polling thread error: PLC disconnected: [WinError 10051] A socket operation was attempted to an unreachable network
2026-02-10 14:31:56,939 [ERROR] Polling thread error: PLC disconnected: [WinError 10051] A socket operation was attempted to an unreachable network
2026-02-10 14:31:58,032 [ERROR] Polling thread error: PLC disconnected: [WinError 10051] A socket operation was attempted to an unreachable network
2026-02-10 14:31:59,120 [ERROR] Polling thread error: PLC disconnected: [WinError 10051] A socket operation was attempted to an unreachable network
2026-02-10 14:32:00,216 [ERROR] Polling thread error: PLC disconnected: [WinError 10051] A socket operation was attempted to an unreachable network
2026-02-10 14:32:01,322 [ERROR] Polling thread error: PLC disconnected: [WinError 10051] A socket operation was attempted to an unreachable network
2026-02-10 14:32:02,410 [ERROR] Polling thread error: PLC disconnected: [WinError 10051] A socket operation was attempted to an unreachable network
2026-02-10 14:32:03,512 [ERROR] Polling thread error: PLC disconnected: [WinError 10051] A socket operation was attempted to an unreachable network
2026-02-10 14:32:04,601 [ERROR] Polling thread error: PLC disconnected: [WinError 10051] A socket operation was attempted to an unreachable network
2026-02-10 14:32:05,706 [ERROR] Polling thread error: PLC disconnected: [WinError 10051] A socket operation was attempted to an unreachable network
2026-02-10 14:32:06,800 [ERROR] Polling thread error: PLC disconnected: [WinError 10051] A socket operation was attempted to an unreachable network
2026-02-10 14:32:07,891 [ERROR] Polling thread error: PLC disconnected: [WinError 10051] A socket operation was attempted to an unreachable network
2026-02-10 14:32:08,978 [ERROR] Polling thread error: PLC disconnected: [WinError 10051] A socket operation was attempted to an unreachable network
2026-02-10 14:32:10,075 [ERROR] Polling thread error: PLC disconnected: [WinError 10051] A socket operation was attempted to an unreachable network
2026-02-10 14:32:11,167 [ERROR] Polling thread error: PLC disconnected: [WinError 10051] A socket operation was attempted to an unreachable network
2026-02-10 14:32:12,267 [ERROR] Polling thread error: PLC disconnected: [WinError 10051] A socket operation was attempted to an unreachable network
2026-02-10 14:32:13,365 [ERROR] Polling thread error: PLC disconnected: [WinError 10051] A socket operation was attempted to an unreachable network
2026-02-10 14:32:14,467 [ERROR] Polling thread error: PLC disconnected: [WinError 10051] A socket operation was attempted to an unreachable network
2026-02-10 14:32:15,570 [ERROR] Polling thread error: PLC disconnected: [WinError 10051] A socket operation was attempted to an unreachable network
2026-02-10 14:32:16,675 [ERROR] Polling thread error: PLC disconnected: [WinError 10051] A socket operation was attempted to an unreachable network
2026-02-10 14:32:17,782 [ERROR] Polling thread error: PLC disconnected: [WinError 10051] A socket operation was attempted to an unreachable network
2026-02-10 14:32:18,875 [ERROR] Polling thread error: PLC disconnected: [WinError 10051] A socket operation was attempted to an unreachable network
2026-02-10 14:32:19,968 [ERROR] Polling thread error: PLC disconnected: [WinError 10051] A socket operation was attempted to an unreachable network
2026-02-10 14:32:21,054 [ERROR] Polling thread error: PLC disconnected: [WinError 10051] A socket operation was attempted to an unreachable network
2026-02-10 14:32:22,158 [ERROR] Polling thread error: PLC disconnected: [WinError 10051] A socket operation was attempted to an unreachable network
2026-02-10 14:32:23,245 [ERROR] Polling thread error: PLC disconnected: [WinError 10051] A socket operation was attempted to an unreachable network
2026-02-10 14:32:24,335 [ERROR] Polling thread error: PLC disconnected: [WinError 10051] A socket operation was attempted to an unreachable network
2026-02-10 14:32:25,426 [ERROR] Polling thread error: PLC disconnected: [WinError 10051] A socket operation was attempted to an unreachable network
2026-02-10 14:32:26,512 [ERROR] Polling thread error: PLC disconnected: [WinError 10051] A socket operation was attempted to an unreachable network
2026-02-10 14:32:27,613 [ERROR] Polling thread error: PLC disconnected: [WinError 10051] A socket operation was attempted to an unreachable network
2026-02-10 14:32:28,713 [ERROR] Polling thread error: PLC disconnected: [WinError 10051] A socket operation was attempted to an unreachable network
2026-02-10 14:32:29,822 [ERROR] Polling thread error: PLC disconnected: [WinError 10051] A socket operation was attempted to an unreachable network
2026-02-10 14:32:30,922 [ERROR] Polling thread error: PLC disconnected: [WinError 10051] A socket operation was attempted to an unreachable network
2026-02-10 14:32:32,021 [ERROR] Polling thread error: PLC disconnected: [WinError 10051] A socket operation was attempted to an unreachable network
2026-02-10 14:32:33,125 [ERROR] Polling thread error: PLC disconnected: [WinError 10051] A socket operation was attempted to an unreachable network
2026-02-10 14:32:34,229 [ERROR] Polling thread error: PLC disconnected: [WinError 10051] A socket operation was attempted to an unreachable network
2026-02-10 14:32:35,328 [ERROR] Polling thread error: PLC disconnected: [WinError 10051] A socket operation was attempted to an unreachable network
2026-02-10 14:32:36,425 [ERROR] Polling thread error: PLC disconnected: [WinError 10051] A socket operation was attempted to an unreachable network
2026-02-10 14:32:37,529 [ERROR] Polling thread error: PLC disconnected: [WinError 10051] A socket operation was attempted to an unreachable network
2026-02-10 14:32:38,632 [ERROR] Polling thread error: PLC disconnected: [WinError 10051] A socket operation was attempted to an unreachable network
2026-02-10 14:32:39,719 [ERROR] Polling thread error: PLC disconnected: [WinError 10051] A socket operation was attempted to an unreachable network
2026-02-10 14:32:40,806 [ERROR] Polling thread error: PLC disconnected: [WinError 10051] A socket operation was attempted to an unreachable network
2026-02-10 14:32:41,917 [ERROR] Polling thread error: PLC disconnected: [WinError 10051] A socket operation was attempted to an unreachable network
2026-02-10 14:32:43,020 [ERROR] Polling thread error: PLC disconnected: [WinError 10051] A socket operation was attempted to an unreachable network
2026-02-10 14:32:44,125 [ERROR] Polling thread error: PLC disconnected: [WinError 10051] A socket operation was attempted to an unreachable network
2026-02-10 14:32:45,220 [ERROR] Polling thread error: PLC disconnected: [WinError 10051] A socket operation was attempted to an unreachable network
2026-02-10 14:32:46,309 [ERROR] Polling thread error: PLC disconnected: [WinError 10051] A socket operation was attempted to an unreachable network
2026-02-10 14:32:47,400 [ERROR] Polling thread error: PLC disconnected: [WinError 10051] A socket operation was attempted to an unreachable network
2026-02-10 14:32:48,486 [ERROR] Polling thread error: PLC disconnected: [WinError 10051] A socket operation was attempted to an unreachable network
2026-02-10 14:32:49,569 [ERROR] Polling thread error: PLC disconnected: [WinError 10051] A socket operation was attempted to an unreachable network
2026-02-10 14:32:50,672 [ERROR] Polling thread error: PLC disconnected: [WinError 10051] A socket operation was attempted to an unreachable network
2026-02-10 14:32:51,759 [ERROR] Polling thread error: PLC disconnected: [WinError 10051] A socket operation was attempted to an unreachable network
2026-02-10 14:32:52,857 [ERROR] Polling thread error: PLC disconnected: [WinError 10051] A socket operation was attempted to an unreachable network
2026-02-10 14:32:53,945 [ERROR] Polling thread error: PLC disconnected: [WinError 10051] A socket operation was attempted to an unreachable network
2026-02-10 14:32:55,046 [ERROR] Polling thread error: PLC disconnected: [WinError 10051] A socket operation was attempted to an unreachable network
2026-02-10 14:32:56,149 [ERROR] Polling thread error: PLC disconnected: [WinError 10051] A socket operation was attempted to an unreachable network
2026-02-10 14:32:57,236 [ERROR] Polling thread error: PLC disconnected: [WinError 10051] A socket operation was attempted to an unreachable network
2026-02-10 14:32:58,335 [ERROR] Polling thread error: PLC disconnected: [WinError 10051] A socket operation was attempted to an unreachable network
2026-02-10 14:32:59,435 [ERROR] Polling thread error: PLC disconnected: [WinError 10051] A socket operation was attempted to an unreachable network
2026-02-10 14:33:00,535 [ERROR] Polling thread error: PLC disconnected: [WinError 10051] A socket operation was attempted to an unreachable network
2026-02-10 14:33:01,643 [ERROR] Polling thread error: PLC disconnected: [WinError 10051] A socket operation was attempted to an unreachable network
2026-02-10 14:33:02,747 [ERROR] Polling thread error: PLC disconnected: [WinError 10051] A socket operation was attempted to an unreachable network
2026-02-10 14:33:03,858 [ERROR] Polling thread error: PLC disconnected: [WinError 10051] A socket operation was attempted to an unreachable network
2026-02-10 14:33:04,942 [ERROR] Polling thread error: PLC disconnected: [WinError 10051] A socket operation was attempted to an unreachable network
2026-02-10 14:33:06,058 [ERROR] Polling thread error: PLC disconnected: [WinError 10051] A socket operation was attempted to an unreachable network
2026-02-10 14:33:07,158 [ERROR] Polling thread error: PLC disconnected: [WinError 10051] A socket operation was attempted to an unreachable network
2026-02-10 14:33:08,255 [ERROR] Polling thread error: PLC disconnected: [WinError 10051] A socket operation was attempted to an unreachable network
2026-02-10 14:33:09,358 [ERROR] Polling thread error: PLC disconnected: [WinError 10051] A socket operation was attempted to an unreachable network
2026-02-10 14:33:10,460 [ERROR] Polling thread error: PLC disconnected: [WinError 10051] A socket operation was attempted to an unreachable network
2026-02-10 14:33:11,553 [ERROR] Polling thread error: PLC disconnected: [WinError 10051] A socket operation was attempted to an unreachable network
2026-02-10 14:33:12,651 [ERROR] Polling thread error: PLC disconnected: [WinError 10051] A socket operation was attempted to an unreachable network
2026-02-10 14:33:13,738 [ERROR] Polling thread error: PLC disconnected: [WinError 10051] A socket operation was attempted to an unreachable network
2026-02-10 14:33:14,821 [ERROR] Polling thread error: PLC disconnected: [WinError 10051] A socket operation was attempted to an unreachable network
2026-02-10 14:33:15,924 [ERROR] Polling thread error: PLC disconnected: [WinError 10051] A socket operation was attempted to an unreachable network
2026-02-10 14:33:17,028 [ERROR] Polling thread error: PLC disconnected: [WinError 10051] A socket operation was attempted to an unreachable network
2026-02-10 14:33:18,133 [ERROR] Polling thread error: PLC disconnected: [WinError 10051] A socket operation was attempted to an unreachable network
2026-02-10 14:33:19,236 [ERROR] Polling thread error: PLC disconnected: [WinError 10051] A socket operation was attempted to an unreachable network
2026-02-10 14:33:20,336 [ERROR] Polling thread error: PLC disconnected: [WinError 10051] A socket operation was attempted to an unreachable network
2026-02-10 14:33:21,425 [ERROR] Polling thread error: PLC disconnected: [WinError 10051] A socket operation was attempted to an unreachable network
2026-02-10 14:33:22,527 [ERROR] Polling thread error: PLC disconnected: [WinError 10051] A socket operation was attempted to an unreachable network
2026-02-10 14:33:23,635 [ERROR] Polling thread error: PLC disconnected: [WinError 10051] A socket operation was attempted to an unreachable network
2026-02-10 14:33:24,761 [ERROR] Polling thread error: PLC disconnected: [WinError 10051] A socket operation was attempted to an unreachable network
2026-02-10 14:33:25,861 [ERROR] Polling thread error: PLC disconnected: [WinError 10051] A socket operation was attempted to an unreachable network
2026-02-10 14:33:26,951 [ERROR] Polling thread error: PLC disconnected: [WinError 10051] A socket operation was attempted to an unreachable network
2026-02-10 14:33:28,053 [ERROR] Polling thread error: PLC disconnected: [WinError 10051] A socket operation was attempted to an unreachable network
2026-02-10 14:33:29,158 [ERROR] Polling thread error: PLC disconnected: [WinError 10051] A socket operation was attempted to an unreachable network
2026-02-10 14:33:30,242 [ERROR] Polling thread error: PLC disconnected: [WinError 10051] A socket operation was attempted to an unreachable network
2026-02-10 14:33:31,327 [ERROR] Polling thread error: PLC disconnected: [WinError 10051] A socket operation was attempted to an unreachable network
2026-02-10 14:33:32,411 [ERROR] Polling thread error: PLC disconnected: [WinError 10051] A socket operation was attempted to an unreachable network
2026-02-10 14:33:33,497 [ERROR] Polling thread error: PLC disconnected: [WinError 10051] A socket operation was attempted to an unreachable network
2026-02-10 14:33:34,589 [ERROR] Polling thread error: PLC disconnected: [WinError 10051] A socket operation was attempted to an unreachable network
2026-02-10 15:38:20,606 [ERROR] Polling thread error: PLC disconnected: [WinError 10051] A socket operation was attempted to an unreachable network
2026-02-10 15:38:21,694 [ERROR] Polling thread error: PLC disconnected: [WinError 10051] A socket operation was attempted to an unreachable network
2026-02-10 15:38:22,792 [ERROR] Polling thread error: PLC disconnected: [WinError 10051] A socket operation was attempted to an unreachable network
2026-02-10 15:38:23,883 [ERROR] Polling thread error: PLC disconnected: [WinError 10051] A socket operation was attempted to an unreachable network
2026-02-10 15:38:24,989 [ERROR] Polling thread error: PLC disconnected: [WinError 10051] A socket operation was attempted to an unreachable network
2026-02-10 15:38:26,078 [ERROR] Polling thread error: PLC disconnected: [WinError 10051] A socket operation was attempted to an unreachable network
2026-02-10 15:38:27,164 [ERROR] Polling thread error: PLC disconnected: [WinError 10051] A socket operation was attempted to an unreachable network
2026-02-10 15:38:28,255 [ERROR] Polling thread error: PLC disconnected: [WinError 10051] A socket operation was attempted to an unreachable network
2026-02-10 15:38:29,347 [ERROR] Polling thread error: PLC disconnected: [WinError 10051] A socket operation was attempted to an unreachable network
2026-02-10 15:38:30,442 [ERROR] Polling thread error: PLC disconnected: [WinError 10051] A socket operation was attempted to an unreachable network
2026-02-10 15:38:31,528 [ERROR] Polling thread error: PLC disconnected: [WinError 10051] A socket operation was attempted to an unreachable network
2026-02-10 15:38:32,633 [ERROR] Polling thread error: PLC disconnected: [WinError 10051] A socket operation was attempted to an unreachable network
2026-02-10 15:38:33,737 [ERROR] Polling thread error: PLC disconnected: [WinError 10051] A socket operation was attempted to an unreachable network
2026-02-10 15:38:34,836 [ERROR] Polling thread error: PLC disconnected: [WinError 10051] A socket operation was attempted to an unreachable network
2026-02-10 15:38:35,943 [ERROR] Polling thread error: PLC disconnected: [WinError 10051] A socket operation was attempted to an unreachable network
2026-02-10 15:38:37,032 [ERROR] Polling thread error: PLC disconnected: [WinError 10051] A socket operation was attempted to an unreachable network
2026-02-10 15:38:38,121 [ERROR] Polling thread error: PLC disconnected: [WinError 10051] A socket operation was attempted to an unreachable network
2026-02-10 15:38:39,215 [ERROR] Polling thread error: PLC disconnected: [WinError 10051] A socket operation was attempted to an unreachable network
2026-02-10 15:38:40,325 [ERROR] Polling thread error: PLC disconnected: [WinError 10051] A socket operation was attempted to an unreachable network
2026-02-10 15:38:41,409 [ERROR] Polling thread error: PLC disconnected: [WinError 10051] A socket operation was attempted to an unreachable network
2026-02-10 15:38:42,497 [ERROR] Polling thread error: PLC disconnected: [WinError 10051] A socket operation was attempted to an unreachable network
2026-02-10 15:38:43,596 [ERROR] Polling thread error: PLC disconnected: [WinError 10051] A socket operation was attempted to an unreachable network
2026-02-10 15:38:44,697 [ERROR] Polling thread error: PLC disconnected: [WinError 10051] A socket operation was attempted to an unreachable network
2026-02-10 15:38:45,798 [ERROR] Polling thread error: PLC disconnected: [WinError 10051] A socket operation was attempted to an unreachable network
2026-02-10 15:38:46,904 [ERROR] Polling thread error: PLC disconnected: [WinError 10051] A socket operation was attempted to an unreachable network
2026-02-10 15:38:47,991 [ERROR] Polling thread error: PLC disconnected: [WinError 10051] A socket operation was attempted to an unreachable network
2026-02-10 15:38:49,097 [ERROR] Polling thread error: PLC disconnected: [WinError 10051] A socket operation was attempted to an unreachable network
2026-02-10 15:38:50,209 [ERROR] Polling thread error: PLC disconnected: [WinError 10051] A socket operation was attempted to an unreachable network
2026-02-10 15:38:51,293 [ERROR] Polling thread error: PLC disconnected: [WinError 10051] A socket operation was attempted to an unreachable network
2026-02-10 15:38:52,394 [ERROR] Polling thread error: PLC disconnected: [WinError 10051] A socket operation was attempted to an unreachable network
2026-02-10 15:38:53,499 [ERROR] Polling thread error: PLC disconnected: [WinError 10051] A socket operation was attempted to an unreachable network
2026-02-10 15:38:54,587 [ERROR] Polling thread error: PLC disconnected: [WinError 10051] A socket operation was attempted to an unreachable network
2026-02-10 15:38:55,692 [ERROR] Polling thread error: PLC disconnected: [WinError 10051] A socket operation was attempted to an unreachable network
2026-02-10 15:38:56,800 [ERROR] Polling thread error: PLC disconnected: [WinError 10051] A socket operation was attempted to an unreachable network
2026-02-10 15:38:57,894 [ERROR] Polling thread error: PLC disconnected: [WinError 10051] A socket operation was attempted to an unreachable network
2026-02-10 15:38:58,978 [ERROR] Polling thread error: PLC disconnected: [WinError 10051] A socket operation was attempted to an unreachable network
2026-02-10 15:39:00,060 [ERROR] Polling thread error: PLC disconnected: [WinError 10051] A socket operation was attempted to an unreachable network
2026-02-10 15:39:01,144 [ERROR] Polling thread error: PLC disconnected: [WinError 10051] A socket operation was attempted to an unreachable network
2026-02-10 15:39:02,250 [ERROR] Polling thread error: PLC disconnected: [WinError 10051] A socket operation was attempted to an unreachable network
2026-02-10 15:39:03,354 [ERROR] Polling thread error: PLC disconnected: [WinError 10051] A socket operation was attempted to an unreachable network
2026-02-10 15:39:04,463 [ERROR] Polling thread error: PLC disconnected: [WinError 10051] A socket operation was attempted to an unreachable network
2026-02-10 15:39:05,575 [ERROR] Polling thread error: PLC disconnected: [WinError 10051] A socket operation was attempted to an unreachable network
2026-02-10 15:39:06,661 [ERROR] Polling thread error: PLC disconnected: [WinError 10051] A socket operation was attempted to an unreachable network
2026-02-10 15:39:07,750 [ERROR] Polling thread error: PLC disconnected: [WinError 10051] A socket operation was attempted to an unreachable network
2026-02-10 15:39:08,856 [ERROR] Polling thread error: PLC disconnected: [WinError 10051] A socket operation was attempted to an unreachable network
2026-02-10 15:39:09,963 [ERROR] Polling thread error: PLC disconnected: [WinError 10051] A socket operation was attempted to an unreachable network
2026-02-10 15:39:11,066 [ERROR] Polling thread error: PLC disconnected: [WinError 10051] A socket operation was attempted to an unreachable network
2026-02-10 15:39:12,162 [ERROR] Polling thread error: PLC disconnected: [WinError 10051] A socket operation was attempted to an unreachable network
2026-02-10 15:39:13,263 [ERROR] Polling thread error: PLC disconnected: [WinError 10051] A socket operation was attempted to an unreachable network
2026-02-10 15:39:14,359 [ERROR] Polling thread error: PLC disconnected: [WinError 10051] A socket operation was attempted to an unreachable network
2026-02-10 15:39:15,458 [ERROR] Polling thread error: PLC disconnected: [WinError 10051] A socket operation was attempted to an unreachable network
2026-02-10 15:39:16,562 [ERROR] Polling thread error: PLC disconnected: [WinError 10051] A socket operation was attempted to an unreachable network
2026-02-10 15:39:17,663 [ERROR] Polling thread error: PLC disconnected: [WinError 10051] A socket operation was attempted to an unreachable network
2026-02-10 15:39:18,752 [ERROR] Polling thread error: PLC disconnected: [WinError 10051] A socket operation was attempted to an unreachable network
2026-02-10 15:39:19,834 [ERROR] Polling thread error: PLC disconnected: [WinError 10051] A socket operation was attempted to an unreachable network
2026-02-10 15:39:20,936 [ERROR] Polling thread error: PLC disconnected: [WinError 10051] A socket operation was attempted to an unreachable network
2026-02-10 15:39:22,027 [ERROR] Polling thread error: PLC disconnected: [WinError 10051] A socket operation was attempted to an unreachable network
2026-02-10 15:39:23,118 [ERROR] Polling thread error: PLC disconnected: [WinError 10051] A socket operation was attempted to an unreachable network
2026-02-10 15:39:24,205 [ERROR] Polling thread error: PLC disconnected: [WinError 10051] A socket operation was attempted to an unreachable network
2026-02-10 15:39:25,314 [ERROR] Polling thread error: PLC disconnected: [WinError 10051] A socket operation was attempted to an unreachable network
2026-02-10 15:39:26,417 [ERROR] Polling thread error: PLC disconnected: [WinError 10051] A socket operation was attempted to an unreachable network
2026-02-10 15:39:27,513 [ERROR] Polling thread error: PLC disconnected: [WinError 10051] A socket operation was attempted to an unreachable network
2026-02-10 15:39:28,610 [ERROR] Polling thread error: PLC disconnected: [WinError 10051] A socket operation was attempted to an unreachable network
2026-02-10 15:39:29,713 [ERROR] Polling thread error: PLC disconnected: [WinError 10051] A socket operation was attempted to an unreachable network
2026-02-10 15:39:30,819 [ERROR] Polling thread error: PLC disconnected: [WinError 10051] A socket operation was attempted to an unreachable network
2026-02-10 15:39:31,943 [ERROR] Polling thread error: PLC disconnected: [WinError 10051] A socket operation was attempted to an unreachable network
2026-02-10 15:39:33,040 [ERROR] Polling thread error: PLC disconnected: [WinError 10051] A socket operation was attempted to an unreachable network
2026-02-10 15:39:34,127 [ERROR] Polling thread error: PLC disconnected: [WinError 10051] A socket operation was attempted to an unreachable network
2026-02-10 15:39:35,236 [ERROR] Polling thread error: PLC disconnected: [WinError 10051] A socket operation was attempted to an unreachable network
2026-02-10 15:39:36,340 [ERROR] Polling thread error: PLC disconnected: [WinError 10051] A socket operation was attempted to an unreachable network
2026-02-10 15:39:37,439 [ERROR] Polling thread error: PLC disconnected: [WinError 10051] A socket operation was attempted to an unreachable network
2026-02-10 15:39:38,543 [ERROR] Polling thread error: PLC disconnected: [WinError 10051] A socket operation was attempted to an unreachable network
2026-02-10 15:39:39,627 [ERROR] Polling thread error: PLC disconnected: [WinError 10051] A socket operation was attempted to an unreachable network
2026-02-10 15:39:40,712 [ERROR] Polling thread error: PLC disconnected: [WinError 10051] A socket operation was attempted to an unreachable network
2026-02-10 15:39:41,804 [ERROR] Polling thread error: PLC disconnected: [WinError 10051] A socket operation was attempted to an unreachable network
2026-02-10 15:39:42,915 [ERROR] Polling thread error: PLC disconnected: [WinError 10051] A socket operation was attempted to an unreachable network
2026-02-10 15:39:44,025 [ERROR] Polling thread error: PLC disconnected: [WinError 10051] A socket operation was attempted to an unreachable network
2026-02-10 15:39:45,125 [ERROR] Polling thread error: PLC disconnected: [WinError 10051] A socket operation was attempted to an unreachable network
2026-02-10 15:39:46,227 [ERROR] Polling thread error: PLC disconnected: [WinError 10051] A socket operation was attempted to an unreachable network
2026-02-10 15:39:47,316 [ERROR] Polling thread error: PLC disconnected: [WinError 10051] A socket operation was attempted to an unreachable network
2026-02-10 15:39:48,410 [ERROR] Polling thread error: PLC disconnected: [WinError 10051] A socket operation was attempted to an unreachable network
2026-02-10 15:39:49,505 [ERROR] Polling thread error: PLC disconnected: [WinError 10051] A socket operation was attempted to an unreachable network
2026-02-10 15:39:50,592 [ERROR] Polling thread error: PLC disconnected: [WinError 10051] A socket operation was attempted to an unreachable network
2026-02-10 15:39:51,678 [ERROR] Polling thread error: PLC disconnected: [WinError 10051] A socket operation was attempted to an unreachable network
2026-02-10 15:39:52,787 [ERROR] Polling thread error: PLC disconnected: [WinError 10051] A socket operation was attempted to an unreachable network
2026-02-10 15:39:53,894 [ERROR] Polling thread error: PLC disconnected: [WinError 10051] A socket operation was attempted to an unreachable network
2026-02-10 15:39:55,007 [ERROR] Polling thread error: PLC disconnected: [WinError 10051] A socket operation was attempted to an unreachable network
2026-02-10 15:39:56,095 [ERROR] Polling thread error: PLC disconnected: [WinError 10051] A socket operation was attempted to an unreachable network
2026-02-10 15:39:57,187 [ERROR] Polling thread error: PLC disconnected: [WinError 10051] A socket operation was attempted to an unreachable network
2026-02-10 15:39:58,277 [ERROR] Polling thread error: PLC disconnected: [WinError 10051] A socket operation was attempted to an unreachable network
2026-02-10 15:39:59,368 [ERROR] Polling thread error: PLC disconnected: [WinError 10051] A socket operation was attempted to an unreachable network
2026-02-10 15:40:00,456 [ERROR] Polling thread error: PLC disconnected: [WinError 10051] A socket operation was attempted to an unreachable network
2026-02-10 15:40:01,546 [ERROR] Polling thread error: PLC disconnected: [WinError 10051] A socket operation was attempted to an unreachable network
2026-02-10 15:40:02,659 [ERROR] Polling thread error: PLC disconnected: [WinError 10051] A socket operation was attempted to an unreachable network
2026-02-10 15:40:03,767 [ERROR] Polling thread error: PLC disconnected: [WinError 10051] A socket operation was attempted to an unreachable network
2026-02-10 15:40:04,882 [ERROR] Polling thread error: PLC disconnected: [WinError 10051] A socket operation was attempted to an unreachable network
2026-02-10 15:40:05,965 [ERROR] Polling thread error: PLC disconnected: [WinError 10051] A socket operation was attempted to an unreachable network
2026-02-10 15:40:07,069 [ERROR] Polling thread error: PLC disconnected: [WinError 10051] A socket operation was attempted to an unreachable network
2026-02-10 15:40:08,170 [ERROR] Polling thread error: PLC disconnected: [WinError 10051] A socket operation was attempted to an unreachable network
2026-02-10 15:40:09,263 [ERROR] Polling thread error: PLC disconnected: [WinError 10051] A socket operation was attempted to an unreachable network
2026-02-10 15:40:10,370 [ERROR] Polling thread error: PLC disconnected: [WinError 10051] A socket operation was attempted to an unreachable network
2026-02-10 15:40:11,459 [ERROR] Polling thread error: PLC disconnected: [WinError 10051] A socket operation was attempted to an unreachable network
2026-02-10 15:40:12,559 [ERROR] Polling thread error: PLC disconnected: [WinError 10051] A socket operation was attempted to an unreachable network
2026-02-10 15:40:13,654 [ERROR] Polling thread error: PLC disconnected: [WinError 10051] A socket operation was attempted to an unreachable network
2026-02-10 15:40:14,749 [ERROR] Polling thread error: PLC disconnected: [WinError 10051] A socket operation was attempted to an unreachable network
2026-02-10 15:40:15,827 [ERROR] Polling thread error: PLC disconnected: [WinError 10051] A socket operation was attempted to an unreachable network
2026-02-10 15:40:16,906 [ERROR] Polling thread error: PLC disconnected: [WinError 10051] A socket operation was attempted to an unreachable network
2026-02-10 15:40:17,998 [ERROR] Polling thread error: PLC disconnected: [WinError 10051] A socket operation was attempted to an unreachable network
2026-02-10 15:40:19,089 [ERROR] Polling thread error: PLC disconnected: [WinError 10051] A socket operation was attempted to an unreachable network
2026-02-10 15:40:20,176 [ERROR] Polling thread error: PLC disconnected: [WinError 10051] A socket operation was attempted to an unreachable network
2026-02-10 15:40:21,262 [ERROR] Polling thread error: PLC disconnected: [WinError 10051] A socket operation was attempted to an unreachable network
2026-02-10 15:40:22,343 [ERROR] Polling thread error: PLC disconnected: [WinError 10051] A socket operation was attempted to an unreachable network
2026-02-10 15:40:23,433 [ERROR] Polling thread error: PLC disconnected: [WinError 10051] A socket operation was attempted to an unreachable network
2026-02-10 15:40:24,510 [ERROR] Polling thread error: PLC disconnected: [WinError 10051] A socket operation was attempted to an unreachable network
2026-02-10 15:40:25,601 [ERROR] Polling thread error: PLC disconnected: [WinError 10051] A socket operation was attempted to an unreachable network
2026-02-10 15:40:26,690 [ERROR] Polling thread error: PLC disconnected: [WinError 10051] A socket operation was attempted to an unreachable network
2026-02-10 15:40:27,781 [ERROR] Polling thread error: PLC disconnected: [WinError 10051] A socket operation was attempted to an unreachable network
2026-02-10 15:40:28,870 [ERROR] Polling thread error: PLC disconnected: [WinError 10051] A socket operation was attempted to an unreachable network
2026-02-10 15:40:29,959 [ERROR] Polling thread error: PLC disconnected: [WinError 10051] A socket operation was attempted to an unreachable network
2026-02-10 15:40:31,051 [ERROR] Polling thread error: PLC disconnected: [WinError 10051] A socket operation was attempted to an unreachable network
2026-02-10 15:40:32,140 [ERROR] Polling thread error: PLC disconnected: [WinError 10051] A socket operation was attempted to an unreachable network
2026-02-10 15:40:33,219 [ERROR] Polling thread error: PLC disconnected: [WinError 10051] A socket operation was attempted to an unreachable network
2026-02-10 15:40:34,307 [ERROR] Polling thread error: PLC disconnected: [WinError 10051] A socket operation was attempted to an unreachable network
2026-02-10 15:40:35,395 [ERROR] Polling thread error: PLC disconnected: [WinError 10051] A socket operation was attempted to an unreachable network
2026-02-10 15:40:36,485 [ERROR] Polling thread error: PLC disconnected: [WinError 10051] A socket operation was attempted to an unreachable network
2026-02-10 15:40:58,598 [WARNING] [Inference] TensorRT or cuda-python not installed: No module named 'tensorrt'
2026-02-10 15:40:59,135 [INFO] [Inference] Using GPU
2026-02-10 15:40:59,136 [INFO] [Inference] Loading OpenVINO model from C:\MyStuff\VS\MECup\backend\inference\openvino_model\model.xml
2026-02-10 15:41:00,428 [INFO] [Inference] Using OpenVINO backend on GPU
2026-02-10 15:41:00,609 [INFO] [Inference] Model ready (openvino)
2026-02-10 15:41:00,635 [ERROR] Polling thread error: PLC disconnected: [WinError 10051] A socket operation was attempted to an unreachable network
2026-02-10 15:41:01,712 [ERROR] Polling thread error: PLC disconnected: [WinError 10051] A socket operation was attempted to an unreachable network
2026-02-10 15:41:02,474 [WARNING] [Inference] TensorRT or cuda-python not installed: No module named 'tensorrt'
2026-02-10 15:41:02,799 [ERROR] Polling thread error: PLC disconnected: [WinError 10051] A socket operation was attempted to an unreachable network
2026-02-10 15:41:02,934 [INFO] [Inference] Using GPU
2026-02-10 15:41:02,934 [INFO] [Inference] Loading OpenVINO model from C:\MyStuff\VS\MECup\backend\inference\openvino_model\model.xml
2026-02-10 15:41:03,888 [ERROR] Polling thread error: PLC disconnected: [WinError 10051] A socket operation was attempted to an unreachable network
2026-02-10 15:41:04,256 [INFO] [Inference] Using OpenVINO backend on GPU
2026-02-10 15:41:04,436 [INFO] [Inference] Model ready (openvino)
2026-02-10 15:41:04,965 [ERROR] Polling thread error: PLC disconnected: [WinError 10051] A socket operation was attempted to an unreachable network
2026-02-10 15:41:06,044 [ERROR] Polling thread error: PLC disconnected: [WinError 10051] A socket operation was attempted to an unreachable network
2026-02-10 15:41:07,130 [ERROR] Polling thread error: PLC disconnected: [WinError 10051] A socket operation was attempted to an unreachable network
2026-02-10 15:41:08,217 [ERROR] Polling thread error: PLC disconnected: [WinError 10051] A socket operation was attempted to an unreachable network
2026-02-10 15:41:09,305 [ERROR] Polling thread error: PLC disconnected: [WinError 10051] A socket operation was attempted to an unreachable network
2026-02-10 15:41:10,392 [ERROR] Polling thread error: PLC disconnected: [WinError 10051] A socket operation was attempted to an unreachable network
2026-02-10 15:41:11,481 [ERROR] Polling thread error: PLC disconnected: [WinError 10051] A socket operation was attempted to an unreachable network
2026-02-10 15:41:12,568 [ERROR] Polling thread error: PLC disconnected: [WinError 10051] A socket operation was attempted to an unreachable network
2026-02-10 15:41:13,649 [ERROR] Polling thread error: PLC disconnected: [WinError 10051] A socket operation was attempted to an unreachable network
2026-02-10 15:41:14,736 [ERROR] Polling thread error: PLC disconnected: [WinError 10051] A socket operation was attempted to an unreachable network
2026-02-10 15:41:15,816 [ERROR] Polling thread error: PLC disconnected: [WinError 10051] A socket operation was attempted to an unreachable network
2026-02-10 15:41:16,894 [ERROR] Polling thread error: PLC disconnected: [WinError 10051] A socket operation was attempted to an unreachable network
2026-02-10 15:41:17,983 [ERROR] Polling thread error: PLC disconnected: [WinError 10051] A socket operation was attempted to an unreachable network
2026-02-10 15:41:19,070 [ERROR] Polling thread error: PLC disconnected: [WinError 10051] A socket operation was attempted to an unreachable network
2026-02-10 15:41:20,162 [ERROR] Polling thread error: PLC disconnected: [WinError 10051] A socket operation was attempted to an unreachable network
2026-02-10 15:41:21,249 [ERROR] Polling thread error: PLC disconnected: [WinError 10051] A socket operation was attempted to an unreachable network
2026-02-10 15:41:22,326 [ERROR] Polling thread error: PLC disconnected: [WinError 10051] A socket operation was attempted to an unreachable network
2026-02-10 15:41:23,414 [ERROR] Polling thread error: PLC disconnected: [WinError 10051] A socket operation was attempted to an unreachable network
2026-02-10 15:41:24,520 [ERROR] Polling thread error: PLC disconnected: [WinError 10051] A socket operation was attempted to an unreachable network
2026-02-10 15:41:25,623 [ERROR] Polling thread error: PLC disconnected: [WinError 10051] A socket operation was attempted to an unreachable network
2026-02-10 15:41:26,723 [ERROR] Polling thread error: PLC disconnected: [WinError 10051] A socket operation was attempted to an unreachable network
2026-02-10 15:41:27,809 [ERROR] Polling thread error: PLC disconnected: [WinError 10051] A socket operation was attempted to an unreachable network
2026-02-10 15:41:28,887 [ERROR] Polling thread error: PLC disconnected: [WinError 10051] A socket operation was attempted to an unreachable network
2026-02-10 15:41:29,977 [ERROR] Polling thread error: PLC disconnected: [WinError 10051] A socket operation was attempted to an unreachable network
2026-02-10 15:41:31,063 [ERROR] Polling thread error: PLC disconnected: [WinError 10051] A socket operation was attempted to an unreachable network
2026-02-10 15:41:32,141 [ERROR] Polling thread error: PLC disconnected: [WinError 10051] A socket operation was attempted to an unreachable network
2026-02-10 15:41:33,228 [ERROR] Polling thread error: PLC disconnected: [WinError 10051] A socket operation was attempted to an unreachable network
2026-02-10 15:41:34,316 [ERROR] Polling thread error: PLC disconnected: [WinError 10051] A socket operation was attempted to an unreachable network
2026-02-10 15:41:35,403 [ERROR] Polling thread error: PLC disconnected: [WinError 10051] A socket operation was attempted to an unreachable network
2026-02-10 15:41:36,487 [ERROR] Polling thread error: PLC disconnected: [WinError 10051] A socket operation was attempted to an unreachable network
2026-02-10 15:41:37,570 [ERROR] Polling thread error: PLC disconnected: [WinError 10051] A socket operation was attempted to an unreachable network
2026-02-10 15:41:38,651 [ERROR] Polling thread error: PLC disconnected: [WinError 10051] A socket operation was attempted to an unreachable network
2026-02-10 15:41:39,728 [ERROR] Polling thread error: PLC disconnected: [WinError 10051] A socket operation was attempted to an unreachable network
2026-02-10 15:41:40,806 [ERROR] Polling thread error: PLC disconnected: [WinError 10051] A socket operation was attempted to an unreachable network
2026-02-10 15:41:41,896 [ERROR] Polling thread error: PLC disconnected: [WinError 10051] A socket operation was attempted to an unreachable network
2026-02-10 15:41:42,976 [ERROR] Polling thread error: PLC disconnected: [WinError 10051] A socket operation was attempted to an unreachable network
2026-02-10 15:41:44,060 [ERROR] Polling thread error: PLC disconnected: [WinError 10051] A socket operation was attempted to an unreachable network
2026-02-10 15:41:45,162 [ERROR] Polling thread error: PLC disconnected: [WinError 10051] A socket operation was attempted to an unreachable network
2026-02-10 15:41:46,247 [ERROR] Polling thread error: PLC disconnected: [WinError 10051] A socket operation was attempted to an unreachable network
2026-02-10 15:41:47,334 [ERROR] Polling thread error: PLC disconnected: [WinError 10051] A socket operation was attempted to an unreachable network
2026-02-10 15:41:48,441 [ERROR] Polling thread error: PLC disconnected: [WinError 10051] A socket operation was attempted to an unreachable network
2026-02-10 15:41:49,542 [ERROR] Polling thread error: PLC disconnected: [WinError 10051] A socket operation was attempted to an unreachable network
2026-02-10 15:41:50,645 [ERROR] Polling thread error: PLC disconnected: [WinError 10051] A socket operation was attempted to an unreachable network
2026-02-10 15:41:51,737 [ERROR] Polling thread error: PLC disconnected: [WinError 10051] A socket operation was attempted to an unreachable network
2026-02-10 15:41:52,827 [ERROR] Polling thread error: PLC disconnected: [WinError 10051] A socket operation was attempted to an unreachable network
2026-02-10 15:41:53,926 [ERROR] Polling thread error: PLC disconnected: [WinError 10051] A socket operation was attempted to an unreachable network
2026-02-10 15:41:55,026 [ERROR] Polling thread error: PLC disconnected: [WinError 10051] A socket operation was attempted to an unreachable network
2026-02-10 15:41:56,128 [ERROR] Polling thread error: PLC disconnected: [WinError 10051] A socket operation was attempted to an unreachable network
2026-02-10 15:41:57,209 [ERROR] Polling thread error: PLC disconnected: [WinError 10051] A socket operation was attempted to an unreachable network
2026-02-10 15:41:58,315 [ERROR] Polling thread error: PLC disconnected: [WinError 10051] A socket operation was attempted to an unreachable network
2026-02-10 15:41:59,421 [ERROR] Polling thread error: PLC disconnected: [WinError 10051] A socket operation was attempted to an unreachable network
2026-02-10 15:42:00,515 [ERROR] Polling thread error: PLC disconnected: [WinError 10051] A socket operation was attempted to an unreachable network
2026-02-10 15:42:01,618 [ERROR] Polling thread error: PLC disconnected: [WinError 10051] A socket operation was attempted to an unreachable network
2026-02-10 15:42:02,723 [ERROR] Polling thread error: PLC disconnected: [WinError 10051] A socket operation was attempted to an unreachable network
2026-02-10 15:42:03,824 [ERROR] Polling thread error: PLC disconnected: [WinError 10051] A socket operation was attempted to an unreachable network
2026-02-10 15:42:04,926 [ERROR] Polling thread error: PLC disconnected: [WinError 10051] A socket operation was attempted to an unreachable network
2026-02-10 15:42:06,036 [ERROR] Polling thread error: PLC disconnected: [WinError 10051] A socket operation was attempted to an unreachable network
2026-02-10 15:42:07,142 [ERROR] Polling thread error: PLC disconnected: [WinError 10051] A socket operation was attempted to an unreachable network
2026-02-10 15:42:08,245 [ERROR] Polling thread error: PLC disconnected: [WinError 10051] A socket operation was attempted to an unreachable network
2026-02-10 15:42:09,351 [ERROR] Polling thread error: PLC disconnected: [WinError 10051] A socket operation was attempted to an unreachable network
2026-02-10 15:42:10,441 [ERROR] Polling thread error: PLC disconnected: [WinError 10051] A socket operation was attempted to an unreachable network
2026-02-10 15:42:11,546 [ERROR] Polling thread error: PLC disconnected: [WinError 10051] A socket operation was attempted to an unreachable network
2026-02-10 15:42:12,636 [ERROR] Polling thread error: PLC disconnected: [WinError 10051] A socket operation was attempted to an unreachable network
2026-02-10 15:42:13,733 [ERROR] Polling thread error: PLC disconnected: [WinError 10051] A socket operation was attempted to an unreachable network
2026-02-10 15:42:14,830 [ERROR] Polling thread error: PLC disconnected: [WinError 10051] A socket operation was attempted to an unreachable network
2026-02-10 15:42:15,936 [ERROR] Polling thread error: PLC disconnected: [WinError 10051] A socket operation was attempted to an unreachable network
2026-02-10 15:42:17,021 [ERROR] Polling thread error: PLC disconnected: [WinError 10051] A socket operation was attempted to an unreachable network
2026-02-10 15:42:18,122 [ERROR] Polling thread error: PLC disconnected: [WinError 10051] A socket operation was attempted to an unreachable network
2026-02-10 15:42:19,212 [ERROR] Polling thread error: PLC disconnected: [WinError 10051] A socket operation was attempted to an unreachable network
2026-02-10 15:42:20,299 [ERROR] Polling thread error: PLC disconnected: [WinError 10051] A socket operation was attempted to an unreachable network
2026-02-10 15:42:21,386 [ERROR] Polling thread error: PLC disconnected: [WinError 10051] A socket operation was attempted to an unreachable network
2026-02-10 15:42:22,496 [ERROR] Polling thread error: PLC disconnected: [WinError 10051] A socket operation was attempted to an unreachable network
2026-02-10 15:42:23,587 [ERROR] Polling thread error: PLC disconnected: [WinError 10051] A socket operation was attempted to an unreachable network
2026-02-10 15:42:24,674 [ERROR] Polling thread error: PLC disconnected: [WinError 10051] A socket operation was attempted to an unreachable network
2026-02-10 15:42:25,754 [ERROR] Polling thread error: PLC disconnected: [WinError 10051] A socket operation was attempted to an unreachable network
2026-02-10 15:42:26,850 [ERROR] Polling thread error: PLC disconnected: [WinError 10051] A socket operation was attempted to an unreachable network
2026-02-10 15:42:27,937 [ERROR] Polling thread error: PLC disconnected: [WinError 10051] A socket operation was attempted to an unreachable network
2026-02-10 15:42:29,019 [ERROR] Polling thread error: PLC disconnected: [WinError 10051] A socket operation was attempted to an unreachable network
2026-02-10 15:42:30,102 [ERROR] Polling thread error: PLC disconnected: [WinError 10051] A socket operation was attempted to an unreachable network
2026-02-10 15:42:31,191 [ERROR] Polling thread error: PLC disconnected: [WinError 10051] A socket operation was attempted to an unreachable network
2026-02-10 15:42:32,280 [ERROR] Polling thread error: PLC disconnected: [WinError 10051] A socket operation was attempted to an unreachable network
2026-02-10 15:42:33,383 [ERROR] Polling thread error: PLC disconnected: [WinError 10051] A socket operation was attempted to an unreachable network
2026-02-10 15:42:34,488 [ERROR] Polling thread error: PLC disconnected: [WinError 10051] A socket operation was attempted to an unreachable network
2026-02-10 15:42:35,589 [ERROR] Polling thread error: PLC disconnected: [WinError 10051] A socket operation was attempted to an unreachable network
2026-02-10 15:42:36,688 [ERROR] Polling thread error: PLC disconnected: [WinError 10051] A socket operation was attempted to an unreachable network
2026-02-10 15:42:37,776 [ERROR] Polling thread error: PLC disconnected: [WinError 10051] A socket operation was attempted to an unreachable network
2026-02-10 15:42:38,878 [ERROR] Polling thread error: PLC disconnected: [WinError 10051] A socket operation was attempted to an unreachable network
2026-02-10 15:42:39,976 [ERROR] Polling thread error: PLC disconnected: [WinError 10051] A socket operation was attempted to an unreachable network
2026-02-10 15:42:41,081 [ERROR] Polling thread error: PLC disconnected: [WinError 10051] A socket operation was attempted to an unreachable network
2026-02-10 15:42:42,183 [ERROR] Polling thread error: PLC disconnected: [WinError 10051] A socket operation was attempted to an unreachable network
2026-02-10 15:42:43,290 [ERROR] Polling thread error: PLC disconnected: [WinError 10051] A socket operation was attempted to an unreachable network
2026-02-10 15:42:44,382 [ERROR] Polling thread error: PLC disconnected: [WinError 10051] A socket operation was attempted to an unreachable network
2026-02-10 15:42:45,479 [ERROR] Polling thread error: PLC disconnected: [WinError 10051] A socket operation was attempted to an unreachable network
2026-02-10 15:42:46,570 [ERROR] Polling thread error: PLC disconnected: [WinError 10051] A socket operation was attempted to an unreachable network
2026-02-10 15:42:47,683 [ERROR] Polling thread error: PLC disconnected: [WinError 10051] A socket operation was attempted to an unreachable network
2026-02-10 15:42:48,769 [ERROR] Polling thread error: PLC disconnected: [WinError 10051] A socket operation was attempted to an unreachable network
2026-02-10 15:42:49,863 [ERROR] Polling thread error: PLC disconnected: [WinError 10051] A socket operation was attempted to an unreachable network
2026-02-10 15:42:50,949 [ERROR] Polling thread error: PLC disconnected: [WinError 10051] A socket operation was attempted to an unreachable network
2026-02-10 15:42:52,035 [ERROR] Polling thread error: PLC disconnected: [WinError 10051] A socket operation was attempted to an unreachable network
2026-02-10 15:42:53,129 [ERROR] Polling thread error: PLC disconnected: [WinError 10051] A socket operation was attempted to an unreachable network
2026-02-10 15:42:54,220 [ERROR] Polling thread error: PLC disconnected: [WinError 10051] A socket operation was attempted to an unreachable network
2026-02-10 15:42:55,323 [ERROR] Polling thread error: PLC disconnected: [WinError 10051] A socket operation was attempted to an unreachable network
2026-02-10 15:42:56,418 [ERROR] Polling thread error: PLC disconnected: [WinError 10051] A socket operation was attempted to an unreachable network
2026-02-10 15:42:57,509 [ERROR] Polling thread error: PLC disconnected: [WinError 10051] A socket operation was attempted to an unreachable network
2026-02-10 15:42:58,593 [ERROR] Polling thread error: PLC disconnected: [WinError 10051] A socket operation was attempted to an unreachable network
2026-02-10 15:42:59,692 [ERROR] Polling thread error: PLC disconnected: [WinError 10051] A socket operation was attempted to an unreachable network
2026-02-10 15:43:00,790 [ERROR] Polling thread error: PLC disconnected: [WinError 10051] A socket operation was attempted to an unreachable network
2026-02-10 15:43:01,880 [ERROR] Polling thread error: PLC disconnected: [WinError 10051] A socket operation was attempted to an unreachable network
2026-02-10 15:43:02,979 [ERROR] Polling thread error: PLC disconnected: [WinError 10051] A socket operation was attempted to an unreachable network
2026-02-10 15:43:04,064 [ERROR] Polling thread error: PLC disconnected: [WinError 10051] A socket operation was attempted to an unreachable network
2026-02-10 15:43:05,168 [ERROR] Polling thread error: PLC disconnected: [WinError 10051] A socket operation was attempted to an unreachable network
2026-02-10 15:43:06,254 [ERROR] Polling thread error: PLC disconnected: [WinError 10051] A socket operation was attempted to an unreachable network
2026-02-10 15:43:07,360 [ERROR] Polling thread error: PLC disconnected: [WinError 10051] A socket operation was attempted to an unreachable network
2026-02-10 15:43:08,461 [ERROR] Polling thread error: PLC disconnected: [WinError 10051] A socket operation was attempted to an unreachable network
2026-02-10 15:43:09,557 [ERROR] Polling thread error: PLC disconnected: [WinError 10051] A socket operation was attempted to an unreachable network
2026-02-10 15:43:10,657 [ERROR] Polling thread error: PLC disconnected: [WinError 10051] A socket operation was attempted to an unreachable network
2026-02-10 15:43:11,745 [ERROR] Polling thread error: PLC disconnected: [WinError 10051] A socket operation was attempted to an unreachable network
2026-02-10 15:43:12,851 [ERROR] Polling thread error: PLC disconnected: [WinError 10051] A socket operation was attempted to an unreachable network
2026-02-10 15:43:13,944 [ERROR] Polling thread error: PLC disconnected: [WinError 10051] A socket operation was attempted to an unreachable network
2026-02-10 15:43:15,030 [ERROR] Polling thread error: PLC disconnected: [WinError 10051] A socket operation was attempted to an unreachable network
2026-02-10 15:43:16,136 [ERROR] Polling thread error: PLC disconnected: [WinError 10051] A socket operation was attempted to an unreachable network
2026-02-10 15:43:17,239 [ERROR] Polling thread error: PLC disconnected: [WinError 10051] A socket operation was attempted to an unreachable network
2026-02-10 15:43:18,327 [ERROR] Polling thread error: PLC disconnected: [WinError 10051] A socket operation was attempted to an unreachable network
2026-02-10 15:43:19,415 [ERROR] Polling thread error: PLC disconnected: [WinError 10051] A socket operation was attempted to an unreachable network
2026-02-10 15:43:20,511 [ERROR] Polling thread error: PLC disconnected: [WinError 10051] A socket operation was attempted to an unreachable network
2026-02-10 15:43:21,610 [ERROR] Polling thread error: PLC disconnected: [WinError 10051] A socket operation was attempted to an unreachable network
2026-02-10 15:43:22,698 [ERROR] Polling thread error: PLC disconnected: [WinError 10051] A socket operation was attempted to an unreachable network
2026-02-10 15:43:23,784 [ERROR] Polling thread error: PLC disconnected: [WinError 10051] A socket operation was attempted to an unreachable network
2026-02-10 15:43:24,890 [ERROR] Polling thread error: PLC disconnected: [WinError 10051] A socket operation was attempted to an unreachable network
2026-02-10 15:43:25,993 [ERROR] Polling thread error: PLC disconnected: [WinError 10051] A socket operation was attempted to an unreachable network
2026-02-10 15:43:27,092 [ERROR] Polling thread error: PLC disconnected: [WinError 10051] A socket operation was attempted to an unreachable network
2026-02-10 15:43:28,195 [ERROR] Polling thread error: PLC disconnected: [WinError 10051] A socket operation was attempted to an unreachable network
2026-02-10 15:43:29,285 [ERROR] Polling thread error: PLC disconnected: [WinError 10051] A socket operation was attempted to an unreachable network
2026-02-10 15:43:30,371 [ERROR] Polling thread error: PLC disconnected: [WinError 10051] A socket operation was attempted to an unreachable network
2026-02-10 15:43:31,477 [ERROR] Polling thread error: PLC disconnected: [WinError 10051] A socket operation was attempted to an unreachable network
2026-02-10 15:43:32,579 [ERROR] Polling thread error: PLC disconnected: [WinError 10051] A socket operation was attempted to an unreachable network
2026-02-10 15:43:33,674 [ERROR] Polling thread error: PLC disconnected: [WinError 10051] A socket operation was attempted to an unreachable network
2026-02-10 15:43:34,761 [ERROR] Polling thread error: PLC disconnected: [WinError 10051] A socket operation was attempted to an unreachable network
2026-02-10 15:43:35,862 [ERROR] Polling thread error: PLC disconnected: [WinError 10051] A socket operation was attempted to an unreachable network
2026-02-10 15:43:36,965 [ERROR] Polling thread error: PLC disconnected: [WinError 10051] A socket operation was attempted to an unreachable network
2026-02-10 15:43:38,070 [ERROR] Polling thread error: PLC disconnected: [WinError 10051] A socket operation was attempted to an unreachable network
2026-02-10 15:43:39,150 [ERROR] Polling thread error: PLC disconnected: [WinError 10051] A socket operation was attempted to an unreachable network
2026-02-10 15:43:40,246 [ERROR] Polling thread error: PLC disconnected: [WinError 10051] A socket operation was attempted to an unreachable network
2026-02-10 15:43:41,352 [ERROR] Polling thread error: PLC disconnected: [WinError 10051] A socket operation was attempted to an unreachable network
2026-02-10 15:43:42,455 [ERROR] Polling thread error: PLC disconnected: [WinError 10051] A socket operation was attempted to an unreachable network
2026-02-10 15:43:43,540 [ERROR] Polling thread error: PLC disconnected: [WinError 10051] A socket operation was attempted to an unreachable network
2026-02-10 15:43:44,631 [ERROR] Polling thread error: PLC disconnected: [WinError 10051] A socket operation was attempted to an unreachable network
2026-02-10 15:43:45,737 [ERROR] Polling thread error: PLC disconnected: [WinError 10051] A socket operation was attempted to an unreachable network
2026-02-10 15:43:46,836 [ERROR] Polling thread error: PLC disconnected: [WinError 10051] A socket operation was attempted to an unreachable network
2026-02-10 15:43:47,936 [ERROR] Polling thread error: PLC disconnected: [WinError 10051] A socket operation was attempted to an unreachable network
2026-02-10 15:43:49,026 [ERROR] Polling thread error: PLC disconnected: [WinError 10051] A socket operation was attempted to an unreachable network
2026-02-10 15:43:50,127 [ERROR] Polling thread error: PLC disconnected: [WinError 10051] A socket operation was attempted to an unreachable network
2026-02-10 15:43:51,218 [ERROR] Polling thread error: PLC disconnected: [WinError 10051] A socket operation was attempted to an unreachable network
2026-02-10 15:43:52,321 [ERROR] Polling thread error: PLC disconnected: [WinError 10051] A socket operation was attempted to an unreachable network
2026-02-10 15:43:53,426 [ERROR] Polling thread error: PLC disconnected: [WinError 10051] A socket operation was attempted to an unreachable network
2026-02-10 15:43:54,515 [ERROR] Polling thread error: PLC disconnected: [WinError 10051] A socket operation was attempted to an unreachable network
2026-02-10 15:43:55,600 [ERROR] Polling thread error: PLC disconnected: [WinError 10051] A socket operation was attempted to an unreachable network
2026-02-10 15:43:56,686 [ERROR] Polling thread error: PLC disconnected: [WinError 10051] A socket operation was attempted to an unreachable network
2026-02-10 15:43:57,783 [ERROR] Polling thread error: PLC disconnected: [WinError 10051] A socket operation was attempted to an unreachable network
2026-02-10 15:43:58,898 [ERROR] Polling thread error: PLC disconnected: [WinError 10051] A socket operation was attempted to an unreachable network
2026-02-10 15:44:00,002 [ERROR] Polling thread error: PLC disconnected: [WinError 10051] A socket operation was attempted to an unreachable network
2026-02-10 15:44:01,106 [ERROR] Polling thread error: PLC disconnected: [WinError 10051] A socket operation was attempted to an unreachable network
2026-02-10 15:44:02,194 [ERROR] Polling thread error: PLC disconnected: [WinError 10051] A socket operation was attempted to an unreachable network
2026-02-10 15:44:03,298 [ERROR] Polling thread error: PLC disconnected: [WinError 10051] A socket operation was attempted to an unreachable network
2026-02-10 15:44:04,416 [ERROR] Polling thread error: PLC disconnected: [WinError 10051] A socket operation was attempted to an unreachable network
2026-02-10 15:44:05,521 [ERROR] Polling thread error: PLC disconnected: [WinError 10051] A socket operation was attempted to an unreachable network
2026-02-10 15:44:06,620 [ERROR] Polling thread error: PLC disconnected: [WinError 10051] A socket operation was attempted to an unreachable network
2026-02-10 15:44:07,722 [ERROR] Polling thread error: PLC disconnected: [WinError 10051] A socket operation was attempted to an unreachable network
2026-02-10 15:44:08,830 [ERROR] Polling thread error: PLC disconnected: [WinError 10051] A socket operation was attempted to an unreachable network
2026-02-10 15:44:09,936 [ERROR] Polling thread error: PLC disconnected: [WinError 10051] A socket operation was attempted to an unreachable network
2026-02-10 15:44:11,036 [ERROR] Polling thread error: PLC disconnected: [WinError 10051] A socket operation was attempted to an unreachable network
2026-02-10 15:44:12,137 [ERROR] Polling thread error: PLC disconnected: [WinError 10051] A socket operation was attempted to an unreachable network
2026-02-10 15:44:13,231 [ERROR] Polling thread error: PLC disconnected: [WinError 10051] A socket operation was attempted to an unreachable network
2026-02-10 15:44:14,319 [ERROR] Polling thread error: PLC disconnected: [WinError 10051] A socket operation was attempted to an unreachable network
2026-02-10 15:44:15,424 [ERROR] Polling thread error: PLC disconnected: [WinError 10051] A socket operation was attempted to an unreachable network
2026-02-10 15:44:16,515 [ERROR] Polling thread error: PLC disconnected: [WinError 10051] A socket operation was attempted to an unreachable network
2026-02-10 15:44:17,626 [ERROR] Polling thread error: PLC disconnected: [WinError 10051] A socket operation was attempted to an unreachable network
2026-02-10 15:44:18,713 [ERROR] Polling thread error: PLC disconnected: [WinError 10051] A socket operation was attempted to an unreachable network
2026-02-10 15:44:19,810 [ERROR] Polling thread error: PLC disconnected: [WinError 10051] A socket operation was attempted to an unreachable network
2026-02-10 15:44:20,921 [ERROR] Polling thread error: PLC disconnected: [WinError 10051] A socket operation was attempted to an unreachable network
2026-02-10 15:44:22,015 [ERROR] Polling thread error: PLC disconnected: [WinError 10051] A socket operation was attempted to an unreachable network
2026-02-10 15:44:23,094 [ERROR] Polling thread error: PLC disconnected: [WinError 10051] A socket operation was attempted to an unreachable network
2026-02-10 15:44:24,200 [ERROR] Polling thread error: PLC disconnected: [WinError 10051] A socket operation was attempted to an unreachable network
2026-02-10 15:44:25,294 [ERROR] Polling thread error: PLC disconnected: [WinError 10051] A socket operation was attempted to an unreachable network
2026-02-10 15:44:26,378 [ERROR] Polling thread error: PLC disconnected: [WinError 10051] A socket operation was attempted to an unreachable network
2026-02-10 15:44:27,481 [ERROR] Polling thread error: PLC disconnected: [WinError 10051] A socket operation was attempted to an unreachable network
2026-02-10 15:44:28,585 [ERROR] Polling thread error: PLC disconnected: [WinError 10051] A socket operation was attempted to an unreachable network
2026-02-10 15:44:29,689 [ERROR] Polling thread error: PLC disconnected: [WinError 10051] A socket operation was attempted to an unreachable network
2026-02-10 15:44:30,794 [ERROR] Polling thread error: PLC disconnected: [WinError 10051] A socket operation was attempted to an unreachable network
2026-02-10 15:44:31,912 [ERROR] Polling thread error: PLC disconnected: [WinError 10051] A socket operation was attempted to an unreachable network
2026-02-10 15:44:32,999 [ERROR] Polling thread error: PLC disconnected: [WinError 10051] A socket operation was attempted to an unreachable network
2026-02-10 15:44:34,104 [ERROR] Polling thread error: PLC disconnected: [WinError 10051] A socket operation was attempted to an unreachable network
2026-02-10 15:44:35,209 [ERROR] Polling thread error: PLC disconnected: [WinError 10051] A socket operation was attempted to an unreachable network
2026-02-10 15:44:36,314 [ERROR] Polling thread error: PLC disconnected: [WinError 10051] A socket operation was attempted to an unreachable network
2026-02-10 15:44:37,413 [ERROR] Polling thread error: PLC disconnected: [WinError 10051] A socket operation was attempted to an unreachable network
2026-02-10 15:44:38,513 [ERROR] Polling thread error: PLC disconnected: [WinError 10051] A socket operation was attempted to an unreachable network
2026-02-10 15:44:39,617 [ERROR] Polling thread error: PLC disconnected: [WinError 10051] A socket operation was attempted to an unreachable network
2026-02-10 15:44:40,718 [ERROR] Polling thread error: PLC disconnected: [WinError 10051] A socket operation was attempted to an unreachable network
2026-02-10 15:44:41,811 [ERROR] Polling thread error: PLC disconnected: [WinError 10051] A socket operation was attempted to an unreachable network
2026-02-10 15:44:42,912 [ERROR] Polling thread error: PLC disconnected: [WinError 10051] A socket operation was attempted to an unreachable network
2026-02-10 15:44:44,016 [ERROR] Polling thread error: PLC disconnected: [WinError 10051] A socket operation was attempted to an unreachable network
2026-02-10 15:44:45,125 [ERROR] Polling thread error: PLC disconnected: [WinError 10051] A socket operation was attempted to an unreachable network
2026-02-10 15:44:46,226 [ERROR] Polling thread error: PLC disconnected: [WinError 10051] A socket operation was attempted to an unreachable network
2026-02-10 15:44:47,326 [ERROR] Polling thread error: PLC disconnected: [WinError 10051] A socket operation was attempted to an unreachable network
2026-02-10 15:44:48,412 [ERROR] Polling thread error: PLC disconnected: [WinError 10051] A socket operation was attempted to an unreachable network
2026-02-10 15:44:49,512 [ERROR] Polling thread error: PLC disconnected: [WinError 10051] A socket operation was attempted to an unreachable network
2026-02-10 15:44:50,615 [ERROR] Polling thread error: PLC disconnected: [WinError 10051] A socket operation was attempted to an unreachable network
2026-02-10 15:44:51,717 [ERROR] Polling thread error: PLC disconnected: [WinError 10051] A socket operation was attempted to an unreachable network
2026-02-10 15:44:52,827 [ERROR] Polling thread error: PLC disconnected: [WinError 10051] A socket operation was attempted to an unreachable network
2026-02-10 15:44:53,920 [ERROR] Polling thread error: PLC disconnected: [WinError 10051] A socket operation was attempted to an unreachable network
2026-02-10 15:44:55,027 [ERROR] Polling thread error: PLC disconnected: [WinError 10051] A socket operation was attempted to an unreachable network
2026-02-10 15:44:56,114 [ERROR] Polling thread error: PLC disconnected: [WinError 10051] A socket operation was attempted to an unreachable network
2026-02-10 15:44:57,218 [ERROR] Polling thread error: PLC disconnected: [WinError 10051] A socket operation was attempted to an unreachable network
2026-02-10 15:44:58,311 [ERROR] Polling thread error: PLC disconnected: [WinError 10051] A socket operation was attempted to an unreachable network
2026-02-10 15:44:59,414 [ERROR] Polling thread error: PLC disconnected: [WinError 10051] A socket operation was attempted to an unreachable network
2026-02-10 15:45:00,519 [ERROR] Polling thread error: PLC disconnected: [WinError 10051] A socket operation was attempted to an unreachable network
2026-02-10 15:45:01,619 [ERROR] Polling thread error: PLC disconnected: [WinError 10051] A socket operation was attempted to an unreachable network
2026-02-10 15:45:02,705 [ERROR] Polling thread error: PLC disconnected: [WinError 10051] A socket operation was attempted to an unreachable network
2026-02-10 15:45:03,793 [ERROR] Polling thread error: PLC disconnected: [WinError 10051] A socket operation was attempted to an unreachable network
2026-02-10 15:45:04,913 [ERROR] Polling thread error: PLC disconnected: [WinError 10051] A socket operation was attempted to an unreachable network
2026-02-10 15:45:06,003 [ERROR] Polling thread error: PLC disconnected: [WinError 10051] A socket operation was attempted to an unreachable network
2026-02-10 15:45:07,104 [ERROR] Polling thread error: PLC disconnected: [WinError 10051] A socket operation was attempted to an unreachable network
2026-02-10 15:45:08,204 [ERROR] Polling thread error: PLC disconnected: [WinError 10051] A socket operation was attempted to an unreachable network
2026-02-10 15:45:09,307 [ERROR] Polling thread error: PLC disconnected: [WinError 10051] A socket operation was attempted to an unreachable network
2026-02-10 15:45:10,403 [ERROR] Polling thread error: PLC disconnected: [WinError 10051] A socket operation was attempted to an unreachable network
2026-02-10 15:45:11,497 [ERROR] Polling thread error: PLC disconnected: [WinError 10051] A socket operation was attempted to an unreachable network
2026-02-10 15:45:12,598 [ERROR] Polling thread error: PLC disconnected: [WinError 10051] A socket operation was attempted to an unreachable network
2026-02-10 15:45:13,702 [ERROR] Polling thread error: PLC disconnected: [WinError 10051] A socket operation was attempted to an unreachable network
2026-02-10 15:45:14,792 [ERROR] Polling thread error: PLC disconnected: [WinError 10051] A socket operation was attempted to an unreachable network
2026-02-10 15:45:15,894 [ERROR] Polling thread error: PLC disconnected: [WinError 10051] A socket operation was attempted to an unreachable network
2026-02-10 15:45:16,994 [ERROR] Polling thread error: PLC disconnected: [WinError 10051] A socket operation was attempted to an unreachable network
2026-02-10 15:45:18,078 [ERROR] Polling thread error: PLC disconnected: [WinError 10051] A socket operation was attempted to an unreachable network
2026-02-10 15:45:19,180 [ERROR] Polling thread error: PLC disconnected: [WinError 10051] A socket operation was attempted to an unreachable network
2026-02-10 15:45:20,269 [ERROR] Polling thread error: PLC disconnected: [WinError 10051] A socket operation was attempted to an unreachable network
2026-02-10 15:45:21,371 [ERROR] Polling thread error: PLC disconnected: [WinError 10051] A socket operation was attempted to an unreachable network
2026-02-10 15:45:22,460 [ERROR] Polling thread error: PLC disconnected: [WinError 10051] A socket operation was attempted to an unreachable network
2026-02-10 15:45:23,560 [ERROR] Polling thread error: PLC disconnected: [WinError 10051] A socket operation was attempted to an unreachable network
2026-02-10 15:45:24,655 [ERROR] Polling thread error: PLC disconnected: [WinError 10051] A socket operation was attempted to an unreachable network
2026-02-10 15:45:25,753 [ERROR] Polling thread error: PLC disconnected: [WinError 10051] A socket operation was attempted to an unreachable network
2026-02-10 15:45:26,856 [ERROR] Polling thread error: PLC disconnected: [WinError 10051] A socket operation was attempted to an unreachable network
2026-02-10 15:45:27,966 [ERROR] Polling thread error: PLC disconnected: [WinError 10051] A socket operation was attempted to an unreachable network
2026-02-10 15:45:29,056 [ERROR] Polling thread error: PLC disconnected: [WinError 10051] A socket operation was attempted to an unreachable network
2026-02-10 15:45:30,159 [ERROR] Polling thread error: PLC disconnected: [WinError 10051] A socket operation was attempted to an unreachable network
2026-02-10 15:45:31,247 [ERROR] Polling thread error: PLC disconnected: [WinError 10051] A socket operation was attempted to an unreachable network
2026-02-10 15:45:32,350 [ERROR] Polling thread error: PLC disconnected: [WinError 10051] A socket operation was attempted to an unreachable network
2026-02-10 15:45:33,449 [ERROR] Polling thread error: PLC disconnected: [WinError 10051] A socket operation was attempted to an unreachable network
2026-02-10 15:45:34,551 [ERROR] Polling thread error: PLC disconnected: [WinError 10051] A socket operation was attempted to an unreachable network
2026-02-10 15:45:35,652 [ERROR] Polling thread error: PLC disconnected: [WinError 10051] A socket operation was attempted to an unreachable network
2026-02-10 15:45:36,739 [ERROR] Polling thread error: PLC disconnected: [WinError 10051] A socket operation was attempted to an unreachable network
2026-02-10 15:45:37,827 [ERROR] Polling thread error: PLC disconnected: [WinError 10051] A socket operation was attempted to an unreachable network
2026-02-10 15:45:38,930 [ERROR] Polling thread error: PLC disconnected: [WinError 10051] A socket operation was attempted to an unreachable network
2026-02-10 15:45:40,033 [ERROR] Polling thread error: PLC disconnected: [WinError 10051] A socket operation was attempted to an unreachable network
2026-02-10 15:45:41,136 [ERROR] Polling thread error: PLC disconnected: [WinError 10051] A socket operation was attempted to an unreachable network
2026-02-10 15:45:42,246 [ERROR] Polling thread error: PLC disconnected: [WinError 10051] A socket operation was attempted to an unreachable network
2026-02-10 15:45:43,343 [ERROR] Polling thread error: PLC disconnected: [WinError 10051] A socket operation was attempted to an unreachable network
2026-02-10 15:45:44,435 [ERROR] Polling thread error: PLC disconnected: [WinError 10051] A socket operation was attempted to an unreachable network
2026-02-10 15:45:45,539 [ERROR] Polling thread error: PLC disconnected: [WinError 10051] A socket operation was attempted to an unreachable network
2026-02-10 15:45:46,636 [ERROR] Polling thread error: PLC disconnected: [WinError 10051] A socket operation was attempted to an unreachable network
2026-02-10 15:45:47,722 [ERROR] Polling thread error: PLC disconnected: [WinError 10051] A socket operation was attempted to an unreachable network
2026-02-10 15:45:48,807 [ERROR] Polling thread error: PLC disconnected: [WinError 10051] A socket operation was attempted to an unreachable network
2026-02-10 15:45:49,911 [ERROR] Polling thread error: PLC disconnected: [WinError 10051] A socket operation was attempted to an unreachable network
2026-02-10 15:45:51,020 [ERROR] Polling thread error: PLC disconnected: [WinError 10051] A socket operation was attempted to an unreachable network
2026-02-10 15:45:52,121 [ERROR] Polling thread error: PLC disconnected: [WinError 10051] A socket operation was attempted to an unreachable network
2026-02-10 15:45:53,228 [ERROR] Polling thread error: PLC disconnected: [WinError 10051] A socket operation was attempted to an unreachable network
2026-02-10 15:45:54,351 [ERROR] Polling thread error: PLC disconnected: [WinError 10051] A socket operation was attempted to an unreachable network
2026-02-10 15:45:55,436 [ERROR] Polling thread error: PLC disconnected: [WinError 10051] A socket operation was attempted to an unreachable network
2026-02-10 15:45:56,537 [ERROR] Polling thread error: PLC disconnected: [WinError 10051] A socket operation was attempted to an unreachable network
2026-02-10 15:45:57,637 [ERROR] Polling thread error: PLC disconnected: [WinError 10051] A socket operation was attempted to an unreachable network
2026-02-10 15:45:58,724 [ERROR] Polling thread error: PLC disconnected: [WinError 10051] A socket operation was attempted to an unreachable network
2026-02-10 15:45:59,828 [ERROR] Polling thread error: PLC disconnected: [WinError 10051] A socket operation was attempted to an unreachable network
2026-02-10 15:46:00,928 [ERROR] Polling thread error: PLC disconnected: [WinError 10051] A socket operation was attempted to an unreachable network
2026-02-10 15:46:02,013 [ERROR] Polling thread error: PLC disconnected: [WinError 10051] A socket operation was attempted to an unreachable network
2026-02-10 15:46:03,109 [ERROR] Polling thread error: PLC disconnected: [WinError 10051] A socket operation was attempted to an unreachable network
2026-02-10 15:46:04,230 [ERROR] Polling thread error: PLC disconnected: [WinError 10051] A socket operation was attempted to an unreachable network
2026-02-10 15:46:05,334 [ERROR] Polling thread error: PLC disconnected: [WinError 10051] A socket operation was attempted to an unreachable network
2026-02-10 15:46:06,418 [ERROR] Polling thread error: PLC disconnected: [WinError 10051] A socket operation was attempted to an unreachable network
2026-02-10 15:46:07,527 [ERROR] Polling thread error: PLC disconnected: [WinError 10051] A socket operation was attempted to an unreachable network
2026-02-10 15:46:08,615 [ERROR] Polling thread error: PLC disconnected: [WinError 10051] A socket operation was attempted to an unreachable network
2026-02-10 15:46:09,715 [ERROR] Polling thread error: PLC disconnected: [WinError 10051] A socket operation was attempted to an unreachable network
2026-02-10 15:46:10,816 [ERROR] Polling thread error: PLC disconnected: [WinError 10051] A socket operation was attempted to an unreachable network
2026-02-10 15:46:11,918 [ERROR] Polling thread error: PLC disconnected: [WinError 10051] A socket operation was attempted to an unreachable network
2026-02-10 15:46:13,005 [ERROR] Polling thread error: PLC disconnected: [WinError 10051] A socket operation was attempted to an unreachable network
2026-02-10 15:46:14,111 [ERROR] Polling thread error: PLC disconnected: [WinError 10051] A socket operation was attempted to an unreachable network
2026-02-10 15:46:15,215 [ERROR] Polling thread error: PLC disconnected: [WinError 10051] A socket operation was attempted to an unreachable network
2026-02-10 15:46:16,320 [ERROR] Polling thread error: PLC disconnected: [WinError 10051] A socket operation was attempted to an unreachable network
2026-02-10 15:46:17,411 [ERROR] Polling thread error: PLC disconnected: [WinError 10051] A socket operation was attempted to an unreachable network
2026-02-10 15:46:18,525 [ERROR] Polling thread error: PLC disconnected: [WinError 10051] A socket operation was attempted to an unreachable network
2026-02-10 15:46:19,615 [ERROR] Polling thread error: PLC disconnected: [WinError 10051] A socket operation was attempted to an unreachable network
2026-02-10 15:46:20,701 [ERROR] Polling thread error: PLC disconnected: [WinError 10051] A socket operation was attempted to an unreachable network
2026-02-10 15:46:21,804 [ERROR] Polling thread error: PLC disconnected: [WinError 10051] A socket operation was attempted to an unreachable network
2026-02-10 15:46:22,895 [ERROR] Polling thread error: PLC disconnected: [WinError 10051] A socket operation was attempted to an unreachable network
2026-02-10 15:46:24,000 [ERROR] Polling thread error: PLC disconnected: [WinError 10051] A socket operation was attempted to an unreachable network
2026-02-10 15:46:25,087 [ERROR] Polling thread error: PLC disconnected: [WinError 10051] A socket operation was attempted to an unreachable network
2026-02-10 15:46:26,177 [ERROR] Polling thread error: PLC disconnected: [WinError 10051] A socket operation was attempted to an unreachable network
2026-02-10 15:46:27,269 [ERROR] Polling thread error: PLC disconnected: [WinError 10051] A socket operation was attempted to an unreachable network
2026-02-10 15:46:28,364 [ERROR] Polling thread error: PLC disconnected: [WinError 10051] A socket operation was attempted to an unreachable network
2026-02-10 15:46:29,465 [ERROR] Polling thread error: PLC disconnected: [WinError 10051] A socket operation was attempted to an unreachable network
2026-02-10 15:46:30,572 [ERROR] Polling thread error: PLC disconnected: [WinError 10051] A socket operation was attempted to an unreachable network
2026-02-10 15:46:31,678 [ERROR] Polling thread error: PLC disconnected: [WinError 10051] A socket operation was attempted to an unreachable network
2026-02-10 15:46:32,779 [ERROR] Polling thread error: PLC disconnected: [WinError 10051] A socket operation was attempted to an unreachable network
2026-02-10 15:46:33,882 [ERROR] Polling thread error: PLC disconnected: [WinError 10051] A socket operation was attempted to an unreachable network
2026-02-10 15:46:34,986 [ERROR] Polling thread error: PLC disconnected: [WinError 10051] A socket operation was attempted to an unreachable network
2026-02-10 15:46:36,091 [ERROR] Polling thread error: PLC disconnected: [WinError 10051] A socket operation was attempted to an unreachable network
2026-02-10 15:46:37,184 [ERROR] Polling thread error: PLC disconnected: [WinError 10051] A socket operation was attempted to an unreachable network
2026-02-10 15:46:38,286 [ERROR] Polling thread error: PLC disconnected: [WinError 10051] A socket operation was attempted to an unreachable network
2026-02-10 15:46:39,369 [ERROR] Polling thread error: PLC disconnected: [WinError 10051] A socket operation was attempted to an unreachable network
2026-02-10 15:46:40,471 [ERROR] Polling thread error: PLC disconnected: [WinError 10051] A socket operation was attempted to an unreachable network
2026-02-10 15:46:41,577 [ERROR] Polling thread error: PLC disconnected: [WinError 10051] A socket operation was attempted to an unreachable network
2026-02-10 15:46:42,678 [ERROR] Polling thread error: PLC disconnected: [WinError 10051] A socket operation was attempted to an unreachable network
2026-02-10 15:46:43,781 [ERROR] Polling thread error: PLC disconnected: [WinError 10051] A socket operation was attempted to an unreachable network
2026-02-10 15:46:44,881 [ERROR] Polling thread error: PLC disconnected: [WinError 10051] A socket operation was attempted to an unreachable network
2026-02-10 15:46:45,975 [ERROR] Polling thread error: PLC disconnected: [WinError 10051] A socket operation was attempted to an unreachable network
2026-02-10 15:46:47,066 [ERROR] Polling thread error: PLC disconnected: [WinError 10051] A socket operation was attempted to an unreachable network
2026-02-10 15:46:48,159 [ERROR] Polling thread error: PLC disconnected: [WinError 10051] A socket operation was attempted to an unreachable network
2026-02-10 15:46:49,266 [ERROR] Polling thread error: PLC disconnected: [WinError 10051] A socket operation was attempted to an unreachable network
2026-02-10 15:46:50,352 [ERROR] Polling thread error: PLC disconnected: [WinError 10051] A socket operation was attempted to an unreachable network
2026-02-10 15:46:51,462 [ERROR] Polling thread error: PLC disconnected: [WinError 10051] A socket operation was attempted to an unreachable network
2026-02-10 15:46:52,556 [ERROR] Polling thread error: PLC disconnected: [WinError 10051] A socket operation was attempted to an unreachable network
2026-02-10 15:46:53,654 [ERROR] Polling thread error: PLC disconnected: [WinError 10051] A socket operation was attempted to an unreachable network
2026-02-10 15:46:54,742 [ERROR] Polling thread error: PLC disconnected: [WinError 10051] A socket operation was attempted to an unreachable network
2026-02-10 15:46:55,838 [ERROR] Polling thread error: PLC disconnected: [WinError 10051] A socket operation was attempted to an unreachable network
2026-02-10 15:46:56,928 [ERROR] Polling thread error: PLC disconnected: [WinError 10051] A socket operation was attempted to an unreachable network
2026-02-10 15:46:58,029 [ERROR] Polling thread error: PLC disconnected: [WinError 10051] A socket operation was attempted to an unreachable network
2026-02-10 15:46:59,133 [ERROR] Polling thread error: PLC disconnected: [WinError 10051] A socket operation was attempted to an unreachable network
2026-02-10 15:47:00,236 [ERROR] Polling thread error: PLC disconnected: [WinError 10051] A socket operation was attempted to an unreachable network
2026-02-10 15:47:01,337 [ERROR] Polling thread error: PLC disconnected: [WinError 10051] A socket operation was attempted to an unreachable network
2026-02-10 15:47:02,436 [ERROR] Polling thread error: PLC disconnected: [WinError 10051] A socket operation was attempted to an unreachable network
2026-02-10 15:47:03,541 [ERROR] Polling thread error: PLC disconnected: [WinError 10051] A socket operation was attempted to an unreachable network
2026-02-10 15:47:04,648 [ERROR] Polling thread error: PLC disconnected: [WinError 10051] A socket operation was attempted to an unreachable network
2026-02-10 15:47:05,750 [ERROR] Polling thread error: PLC disconnected: [WinError 10051] A socket operation was attempted to an unreachable network
2026-02-10 15:47:06,843 [ERROR] Polling thread error: PLC disconnected: [WinError 10051] A socket operation was attempted to an unreachable network
2026-02-10 15:47:07,941 [ERROR] Polling thread error: PLC disconnected: [WinError 10051] A socket operation was attempted to an unreachable network
2026-02-10 15:47:09,042 [ERROR] Polling thread error: PLC disconnected: [WinError 10051] A socket operation was attempted to an unreachable network
2026-02-10 15:47:10,147 [ERROR] Polling thread error: PLC disconnected: [WinError 10051] A socket operation was attempted to an unreachable network
2026-02-10 15:47:11,234 [ERROR] Polling thread error: PLC disconnected: [WinError 10051] A socket operation was attempted to an unreachable network
2026-02-10 15:47:12,351 [ERROR] Polling thread error: PLC disconnected: [WinError 10051] A socket operation was attempted to an unreachable network
2026-02-10 15:47:13,435 [ERROR] Polling thread error: PLC disconnected: [WinError 10051] A socket operation was attempted to an unreachable network
2026-02-10 15:47:14,519 [ERROR] Polling thread error: PLC disconnected: [WinError 10051] A socket operation was attempted to an unreachable network
2026-02-10 15:47:15,625 [ERROR] Polling thread error: PLC disconnected: [WinError 10051] A socket operation was attempted to an unreachable network
2026-02-10 15:47:16,731 [ERROR] Polling thread error: PLC disconnected: [WinError 10051] A socket operation was attempted to an unreachable network
2026-02-10 15:47:17,835 [ERROR] Polling thread error: PLC disconnected: [WinError 10051] A socket operation was attempted to an unreachable network
2026-02-10 15:47:18,928 [ERROR] Polling thread error: PLC disconnected: [WinError 10051] A socket operation was attempted to an unreachable network
2026-02-10 15:47:20,009 [ERROR] Polling thread error: PLC disconnected: [WinError 10051] A socket operation was attempted to an unreachable network
2026-02-10 15:47:21,112 [ERROR] Polling thread error: PLC disconnected: [WinError 10051] A socket operation was attempted to an unreachable network
2026-02-10 15:47:22,233 [ERROR] Polling thread error: PLC disconnected: [WinError 10051] A socket operation was attempted to an unreachable network
2026-02-10 15:47:23,316 [ERROR] Polling thread error: PLC disconnected: [WinError 10051] A socket operation was attempted to an unreachable network
2026-02-10 15:47:24,403 [ERROR] Polling thread error: PLC disconnected: [WinError 10051] A socket operation was attempted to an unreachable network
2026-02-10 15:47:25,491 [ERROR] Polling thread error: PLC disconnected: [WinError 10051] A socket operation was attempted to an unreachable network
2026-02-10 15:47:26,587 [ERROR] Polling thread error: PLC disconnected: [WinError 10051] A socket operation was attempted to an unreachable network
2026-02-10 15:47:27,691 [ERROR] Polling thread error: PLC disconnected: [WinError 10051] A socket operation was attempted to an unreachable network
2026-02-10 15:47:28,795 [ERROR] Polling thread error: PLC disconnected: [WinError 10051] A socket operation was attempted to an unreachable network
2026-02-10 15:47:29,896 [ERROR] Polling thread error: PLC disconnected: [WinError 10051] A socket operation was attempted to an unreachable network
2026-02-10 15:47:30,994 [ERROR] Polling thread error: PLC disconnected: [WinError 10051] A socket operation was attempted to an unreachable network
2026-02-10 15:47:32,095 [ERROR] Polling thread error: PLC disconnected: [WinError 10051] A socket operation was attempted to an unreachable network
2026-02-10 15:47:33,187 [ERROR] Polling thread error: PLC disconnected: [WinError 10051] A socket operation was attempted to an unreachable network
2026-02-10 15:47:34,294 [ERROR] Polling thread error: PLC disconnected: [WinError 10051] A socket operation was attempted to an unreachable network
2026-02-10 15:47:35,398 [ERROR] Polling thread error: PLC disconnected: [WinError 10051] A socket operation was attempted to an unreachable network
2026-02-10 15:47:36,492 [ERROR] Polling thread error: PLC disconnected: [WinError 10051] A socket operation was attempted to an unreachable network
2026-02-10 15:47:37,601 [ERROR] Polling thread error: PLC disconnected: [WinError 10051] A socket operation was attempted to an unreachable network
2026-02-10 15:47:38,694 [ERROR] Polling thread error: PLC disconnected: [WinError 10051] A socket operation was attempted to an unreachable network
2026-02-10 15:47:39,778 [ERROR] Polling thread error: PLC disconnected: [WinError 10051] A socket operation was attempted to an unreachable network
2026-02-10 15:47:40,883 [ERROR] Polling thread error: PLC disconnected: [WinError 10051] A socket operation was attempted to an unreachable network
2026-02-10 15:47:41,970 [ERROR] Polling thread error: PLC disconnected: [WinError 10051] A socket operation was attempted to an unreachable network
2026-02-10 15:47:43,071 [ERROR] Polling thread error: PLC disconnected: [WinError 10051] A socket operation was attempted to an unreachable network
2026-02-10 15:47:44,175 [ERROR] Polling thread error: PLC disconnected: [WinError 10051] A socket operation was attempted to an unreachable network
2026-02-10 15:47:45,283 [ERROR] Polling thread error: PLC disconnected: [WinError 10051] A socket operation was attempted to an unreachable network
2026-02-10 15:47:46,389 [ERROR] Polling thread error: PLC disconnected: [WinError 10051] A socket operation was attempted to an unreachable network
2026-02-10 15:47:47,508 [ERROR] Polling thread error: PLC disconnected: [WinError 10051] A socket operation was attempted to an unreachable network
2026-02-10 15:47:48,612 [ERROR] Polling thread error: PLC disconnected: [WinError 10051] A socket operation was attempted to an unreachable network
2026-02-10 15:47:49,713 [ERROR] Polling thread error: PLC disconnected: [WinError 10051] A socket operation was attempted to an unreachable network
2026-02-10 15:47:50,818 [ERROR] Polling thread error: PLC disconnected: [WinError 10051] A socket operation was attempted to an unreachable network
2026-02-10 15:47:51,908 [ERROR] Polling thread error: PLC disconnected: [WinError 10051] A socket operation was attempted to an unreachable network
2026-02-10 15:47:53,000 [ERROR] Polling thread error: PLC disconnected: [WinError 10051] A socket operation was attempted to an unreachable network
2026-02-10 15:47:54,105 [ERROR] Polling thread error: PLC disconnected: [WinError 10051] A socket operation was attempted to an unreachable network
2026-02-10 15:47:55,194 [ERROR] Polling thread error: PLC disconnected: [WinError 10051] A socket operation was attempted to an unreachable network
2026-02-10 15:47:56,294 [ERROR] Polling thread error: PLC disconnected: [WinError 10051] A socket operation was attempted to an unreachable network
2026-02-10 15:47:57,380 [ERROR] Polling thread error: PLC disconnected: [WinError 10051] A socket operation was attempted to an unreachable network
2026-02-10 15:47:58,484 [ERROR] Polling thread error: PLC disconnected: [WinError 10051] A socket operation was attempted to an unreachable network
2026-02-10 15:47:59,584 [ERROR] Polling thread error: PLC disconnected: [WinError 10051] A socket operation was attempted to an unreachable network
2026-02-10 15:48:00,675 [ERROR] Polling thread error: PLC disconnected: [WinError 10051] A socket operation was attempted to an unreachable network
2026-02-10 15:48:01,780 [ERROR] Polling thread error: PLC disconnected: [WinError 10051] A socket operation was attempted to an unreachable network
2026-02-10 15:48:02,879 [ERROR] Polling thread error: PLC disconnected: [WinError 10051] A socket operation was attempted to an unreachable network
2026-02-10 15:48:03,986 [ERROR] Polling thread error: PLC disconnected: [WinError 10051] A socket operation was attempted to an unreachable network
2026-02-10 15:48:05,079 [ERROR] Polling thread error: PLC disconnected: [WinError 10051] A socket operation was attempted to an unreachable network
2026-02-10 15:48:06,171 [ERROR] Polling thread error: PLC disconnected: [WinError 10051] A socket operation was attempted to an unreachable network
2026-02-10 15:48:07,267 [ERROR] Polling thread error: PLC disconnected: [WinError 10051] A socket operation was attempted to an unreachable network
2026-02-10 15:48:08,370 [ERROR] Polling thread error: PLC disconnected: [WinError 10051] A socket operation was attempted to an unreachable network
2026-02-10 15:48:09,475 [ERROR] Polling thread error: PLC disconnected: [WinError 10051] A socket operation was attempted to an unreachable network
2026-02-10 15:48:10,560 [ERROR] Polling thread error: PLC disconnected: [WinError 10051] A socket operation was attempted to an unreachable network
2026-02-10 15:48:11,663 [ERROR] Polling thread error: PLC disconnected: [WinError 10051] A socket operation was attempted to an unreachable network
2026-02-10 15:48:12,750 [ERROR] Polling thread error: PLC disconnected: [WinError 10051] A socket operation was attempted to an unreachable network
2026-02-10 15:48:13,840 [ERROR] Polling thread error: PLC disconnected: [WinError 10051] A socket operation was attempted to an unreachable network
2026-02-10 15:48:14,941 [ERROR] Polling thread error: PLC disconnected: [WinError 10051] A socket operation was attempted to an unreachable network
2026-02-10 15:48:16,029 [ERROR] Polling thread error: PLC disconnected: [WinError 10051] A socket operation was attempted to an unreachable network
2026-02-10 15:48:17,136 [ERROR] Polling thread error: PLC disconnected: [WinError 10051] A socket operation was attempted to an unreachable network
2026-02-10 15:48:18,236 [ERROR] Polling thread error: PLC disconnected: [WinError 10051] A socket operation was attempted to an unreachable network
2026-02-10 15:48:19,344 [ERROR] Polling thread error: PLC disconnected: [WinError 10051] A socket operation was attempted to an unreachable network
2026-02-10 15:48:20,442 [ERROR] Polling thread error: PLC disconnected: [WinError 10051] A socket operation was attempted to an unreachable network
2026-02-10 15:48:21,537 [ERROR] Polling thread error: PLC disconnected: [WinError 10051] A socket operation was attempted to an unreachable network
2026-02-10 15:48:22,643 [ERROR] Polling thread error: PLC disconnected: [WinError 10051] A socket operation was attempted to an unreachable network
2026-02-10 15:48:23,727 [ERROR] Polling thread error: PLC disconnected: [WinError 10051] A socket operation was attempted to an unreachable network
2026-02-10 15:48:24,820 [ERROR] Polling thread error: PLC disconnected: [WinError 10051] A socket operation was attempted to an unreachable network
2026-02-10 15:48:25,927 [ERROR] Polling thread error: PLC disconnected: [WinError 10051] A socket operation was attempted to an unreachable network
2026-02-10 15:48:27,019 [ERROR] Polling thread error: PLC disconnected: [WinError 10051] A socket operation was attempted to an unreachable network
2026-02-10 15:48:28,121 [ERROR] Polling thread error: PLC disconnected: [WinError 10051] A socket operation was attempted to an unreachable network
2026-02-10 15:48:29,213 [ERROR] Polling thread error: PLC disconnected: [WinError 10051] A socket operation was attempted to an unreachable network
2026-02-10 15:48:30,309 [ERROR] Polling thread error: PLC disconnected: [WinError 10051] A socket operation was attempted to an unreachable network
2026-02-10 15:48:31,394 [ERROR] Polling thread error: PLC disconnected: [WinError 10051] A socket operation was attempted to an unreachable network
2026-02-10 15:48:32,486 [ERROR] Polling thread error: PLC disconnected: [WinError 10051] A socket operation was attempted to an unreachable network
2026-02-10 15:48:33,588 [ERROR] Polling thread error: PLC disconnected: [WinError 10051] A socket operation was attempted to an unreachable network
2026-02-10 15:48:34,691 [ERROR] Polling thread error: PLC disconnected: [WinError 10051] A socket operation was attempted to an unreachable network
2026-02-10 15:48:35,781 [ERROR] Polling thread error: PLC disconnected: [WinError 10051] A socket operation was attempted to an unreachable network
2026-02-10 15:48:36,883 [ERROR] Polling thread error: PLC disconnected: [WinError 10051] A socket operation was attempted to an unreachable network
2026-02-10 15:48:37,983 [ERROR] Polling thread error: PLC disconnected: [WinError 10051] A socket operation was attempted to an unreachable network
2026-02-10 15:48:39,082 [ERROR] Polling thread error: PLC disconnected: [WinError 10051] A socket operation was attempted to an unreachable network
2026-02-10 15:48:40,187 [ERROR] Polling thread error: PLC disconnected: [WinError 10051] A socket operation was attempted to an unreachable network
2026-02-10 15:48:41,281 [ERROR] Polling thread error: PLC disconnected: [WinError 10051] A socket operation was attempted to an unreachable network
2026-02-10 15:48:42,376 [ERROR] Polling thread error: PLC disconnected: [WinError 10051] A socket operation was attempted to an unreachable network
2026-02-10 15:48:43,465 [ERROR] Polling thread error: PLC disconnected: [WinError 10051] A socket operation was attempted to an unreachable network
2026-02-10 15:48:44,546 [ERROR] Polling thread error: PLC disconnected: [WinError 10051] A socket operation was attempted to an unreachable network
2026-02-10 15:48:45,626 [ERROR] Polling thread error: PLC disconnected: [WinError 10051] A socket operation was attempted to an unreachable network
2026-02-10 15:48:46,715 [ERROR] Polling thread error: PLC disconnected: [WinError 10051] A socket operation was attempted to an unreachable network
2026-02-10 15:48:47,806 [ERROR] Polling thread error: PLC disconnected: [WinError 10051] A socket operation was attempted to an unreachable network
2026-02-10 15:48:48,896 [ERROR] Polling thread error: PLC disconnected: [WinError 10051] A socket operation was attempted to an unreachable network
2026-02-10 15:48:49,990 [ERROR] Polling thread error: PLC disconnected: [WinError 10051] A socket operation was attempted to an unreachable network
2026-02-10 15:48:51,097 [ERROR] Polling thread error: PLC disconnected: [WinError 10051] A socket operation was attempted to an unreachable network
2026-02-10 15:48:52,181 [ERROR] Polling thread error: PLC disconnected: [WinError 10051] A socket operation was attempted to an unreachable network
2026-02-10 15:48:53,286 [ERROR] Polling thread error: PLC disconnected: [WinError 10051] A socket operation was attempted to an unreachable network
2026-02-10 15:48:54,381 [ERROR] Polling thread error: PLC disconnected: [WinError 10051] A socket operation was attempted to an unreachable network
2026-02-10 15:48:55,487 [ERROR] Polling thread error: PLC disconnected: [WinError 10051] A socket operation was attempted to an unreachable network
2026-02-10 15:48:56,577 [ERROR] Polling thread error: PLC disconnected: [WinError 10051] A socket operation was attempted to an unreachable network
2026-02-10 15:48:57,682 [ERROR] Polling thread error: PLC disconnected: [WinError 10051] A socket operation was attempted to an unreachable network
2026-02-10 15:48:58,787 [ERROR] Polling thread error: PLC disconnected: [WinError 10051] A socket operation was attempted to an unreachable network
2026-02-10 15:48:59,873 [ERROR] Polling thread error: PLC disconnected: [WinError 10051] A socket operation was attempted to an unreachable network
2026-02-10 15:49:00,959 [ERROR] Polling thread error: PLC disconnected: [WinError 10051] A socket operation was attempted to an unreachable network
2026-02-10 15:49:02,082 [ERROR] Polling thread error: PLC disconnected: [WinError 10051] A socket operation was attempted to an unreachable network
2026-02-10 15:49:03,171 [ERROR] Polling thread error: PLC disconnected: [WinError 10051] A socket operation was attempted to an unreachable network
2026-02-10 15:49:04,274 [ERROR] Polling thread error: PLC disconnected: [WinError 10051] A socket operation was attempted to an unreachable network
2026-02-10 15:49:05,375 [ERROR] Polling thread error: PLC disconnected: [WinError 10051] A socket operation was attempted to an unreachable network
2026-02-10 15:49:06,476 [ERROR] Polling thread error: PLC disconnected: [WinError 10051] A socket operation was attempted to an unreachable network
2026-02-10 15:49:07,575 [ERROR] Polling thread error: PLC disconnected: [WinError 10051] A socket operation was attempted to an unreachable network
2026-02-10 15:49:08,679 [ERROR] Polling thread error: PLC disconnected: [WinError 10051] A socket operation was attempted to an unreachable network
2026-02-10 15:49:09,771 [ERROR] Polling thread error: PLC disconnected: [WinError 10051] A socket operation was attempted to an unreachable network
2026-02-10 15:49:10,879 [ERROR] Polling thread error: PLC disconnected: [WinError 10051] A socket operation was attempted to an unreachable network
2026-02-10 15:49:11,991 [ERROR] Polling thread error: PLC disconnected: [WinError 10051] A socket operation was attempted to an unreachable network
2026-02-10 15:49:13,094 [ERROR] Polling thread error: PLC disconnected: [WinError 10051] A socket operation was attempted to an unreachable network
2026-02-10 15:49:14,188 [ERROR] Polling thread error: PLC disconnected: [WinError 10051] A socket operation was attempted to an unreachable network
2026-02-10 15:49:15,288 [ERROR] Polling thread error: PLC disconnected: [WinError 10051] A socket operation was attempted to an unreachable network
2026-02-10 15:49:16,393 [ERROR] Polling thread error: PLC disconnected: [WinError 10051] A socket operation was attempted to an unreachable network
2026-02-10 15:49:17,495 [ERROR] Polling thread error: PLC disconnected: [WinError 10051] A socket operation was attempted to an unreachable network
2026-02-10 15:49:18,601 [ERROR] Polling thread error: PLC disconnected: [WinError 10051] A socket operation was attempted to an unreachable network
2026-02-10 15:49:19,683 [ERROR] Polling thread error: PLC disconnected: [WinError 10051] A socket operation was attempted to an unreachable network
2026-02-10 15:49:20,786 [ERROR] Polling thread error: PLC disconnected: [WinError 10051] A socket operation was attempted to an unreachable network
2026-02-10 15:49:21,886 [ERROR] Polling thread error: PLC disconnected: [WinError 10051] A socket operation was attempted to an unreachable network
2026-02-10 15:49:22,976 [ERROR] Polling thread error: PLC disconnected: [WinError 10051] A socket operation was attempted to an unreachable network
2026-02-10 15:49:24,077 [ERROR] Polling thread error: PLC disconnected: [WinError 10051] A socket operation was attempted to an unreachable network
2026-02-10 15:49:25,181 [ERROR] Polling thread error: PLC disconnected: [WinError 10051] A socket operation was attempted to an unreachable network
2026-02-10 15:49:26,284 [ERROR] Polling thread error: PLC disconnected: [WinError 10051] A socket operation was attempted to an unreachable network
2026-02-10 15:49:27,391 [ERROR] Polling thread error: PLC disconnected: [WinError 10051] A socket operation was attempted to an unreachable network
2026-02-10 15:49:28,475 [ERROR] Polling thread error: PLC disconnected: [WinError 10051] A socket operation was attempted to an unreachable network
2026-02-10 15:49:29,560 [ERROR] Polling thread error: PLC disconnected: [WinError 10051] A socket operation was attempted to an unreachable network
2026-02-10 15:49:30,659 [ERROR] Polling thread error: PLC disconnected: [WinError 10051] A socket operation was attempted to an unreachable network
2026-02-10 15:49:31,764 [ERROR] Polling thread error: PLC disconnected: [WinError 10051] A socket operation was attempted to an unreachable network
2026-02-10 15:49:32,859 [ERROR] Polling thread error: PLC disconnected: [WinError 10051] A socket operation was attempted to an unreachable network
2026-02-10 15:49:33,950 [ERROR] Polling thread error: PLC disconnected: [WinError 10051] A socket operation was attempted to an unreachable network
2026-02-10 15:49:35,035 [ERROR] Polling thread error: PLC disconnected: [WinError 10051] A socket operation was attempted to an unreachable network
2026-02-10 15:49:36,141 [ERROR] Polling thread error: PLC disconnected: [WinError 10051] A socket operation was attempted to an unreachable network
2026-02-10 15:49:37,254 [ERROR] Polling thread error: PLC disconnected: [WinError 10051] A socket operation was attempted to an unreachable network
2026-02-10 15:49:38,364 [ERROR] Polling thread error: PLC disconnected: [WinError 10051] A socket operation was attempted to an unreachable network
2026-02-10 15:49:39,467 [ERROR] Polling thread error: PLC disconnected: [WinError 10051] A socket operation was attempted to an unreachable network
2026-02-10 15:49:40,548 [ERROR] Polling thread error: PLC disconnected: [WinError 10051] A socket operation was attempted to an unreachable network
2026-02-10 15:49:41,649 [ERROR] Polling thread error: PLC disconnected: [WinError 10051] A socket operation was attempted to an unreachable network
2026-02-10 15:49:42,755 [ERROR] Polling thread error: PLC disconnected: [WinError 10051] A socket operation was attempted to an unreachable network
2026-02-10 15:49:43,854 [ERROR] Polling thread error: PLC disconnected: [WinError 10051] A socket operation was attempted to an unreachable network
2026-02-10 15:49:44,946 [ERROR] Polling thread error: PLC disconnected: [WinError 10051] A socket operation was attempted to an unreachable network
2026-02-10 15:49:46,045 [ERROR] Polling thread error: PLC disconnected: [WinError 10051] A socket operation was attempted to an unreachable network
2026-02-10 15:49:47,147 [ERROR] Polling thread error: PLC disconnected: [WinError 10051] A socket operation was attempted to an unreachable network
2026-02-10 15:49:48,233 [ERROR] Polling thread error: PLC disconnected: [WinError 10051] A socket operation was attempted to an unreachable network
2026-02-10 15:49:49,323 [ERROR] Polling thread error: PLC disconnected: [WinError 10051] A socket operation was attempted to an unreachable network
2026-02-10 15:49:50,409 [ERROR] Polling thread error: PLC disconnected: [WinError 10051] A socket operation was attempted to an unreachable network
2026-02-10 15:49:51,494 [ERROR] Polling thread error: PLC disconnected: [WinError 10051] A socket operation was attempted to an unreachable network
2026-02-10 15:49:52,587 [ERROR] Polling thread error: PLC disconnected: [WinError 10051] A socket operation was attempted to an unreachable network
2026-02-10 15:49:53,676 [ERROR] Polling thread error: PLC disconnected: [WinError 10051] A socket operation was attempted to an unreachable network
2026-02-10 15:49:54,778 [ERROR] Polling thread error: PLC disconnected: [WinError 10051] A socket operation was attempted to an unreachable network
2026-02-10 15:49:55,880 [ERROR] Polling thread error: PLC disconnected: [WinError 10051] A socket operation was attempted to an unreachable network
2026-02-10 15:49:56,983 [ERROR] Polling thread error: PLC disconnected: [WinError 10051] A socket operation was attempted to an unreachable network
2026-02-10 15:49:58,090 [ERROR] Polling thread error: PLC disconnected: [WinError 10051] A socket operation was attempted to an unreachable network
2026-02-10 15:49:59,201 [ERROR] Polling thread error: PLC disconnected: [WinError 10051] A socket operation was attempted to an unreachable network
2026-02-10 15:50:00,302 [ERROR] Polling thread error: PLC disconnected: [WinError 10051] A socket operation was attempted to an unreachable network
2026-02-10 15:50:01,395 [ERROR] Polling thread error: PLC disconnected: [WinError 10051] A socket operation was attempted to an unreachable network
2026-02-10 15:50:02,518 [ERROR] Polling thread error: PLC disconnected: [WinError 10051] A socket operation was attempted to an unreachable network
2026-02-10 15:50:03,625 [ERROR] Polling thread error: PLC disconnected: [WinError 10051] A socket operation was attempted to an unreachable network
2026-02-10 15:50:04,728 [ERROR] Polling thread error: PLC disconnected: [WinError 10051] A socket operation was attempted to an unreachable network
2026-02-10 15:50:05,825 [ERROR] Polling thread error: PLC disconnected: [WinError 10051] A socket operation was attempted to an unreachable network
2026-02-10 15:50:06,919 [ERROR] Polling thread error: PLC disconnected: [WinError 10051] A socket operation was attempted to an unreachable network
2026-02-10 15:50:08,009 [ERROR] Polling thread error: PLC disconnected: [WinError 10051] A socket operation was attempted to an unreachable network
2026-02-10 15:50:09,109 [ERROR] Polling thread error: PLC disconnected: [WinError 10051] A socket operation was attempted to an unreachable network
2026-02-10 15:50:10,211 [ERROR] Polling thread error: PLC disconnected: [WinError 10051] A socket operation was attempted to an unreachable network
2026-02-10 15:50:11,302 [ERROR] Polling thread error: PLC disconnected: [WinError 10051] A socket operation was attempted to an unreachable network
2026-02-10 15:50:12,393 [ERROR] Polling thread error: PLC disconnected: [WinError 10051] A socket operation was attempted to an unreachable network
2026-02-10 15:50:13,493 [ERROR] Polling thread error: PLC disconnected: [WinError 10051] A socket operation was attempted to an unreachable network
2026-02-10 15:50:14,584 [ERROR] Polling thread error: PLC disconnected: [WinError 10051] A socket operation was attempted to an unreachable network
2026-02-10 15:50:15,674 [ERROR] Polling thread error: PLC disconnected: [WinError 10051] A socket operation was attempted to an unreachable network
2026-02-10 15:50:16,764 [ERROR] Polling thread error: PLC disconnected: [WinError 10051] A socket operation was attempted to an unreachable network
2026-02-10 15:50:17,858 [ERROR] Polling thread error: PLC disconnected: [WinError 10051] A socket operation was attempted to an unreachable network
2026-02-10 15:50:18,950 [ERROR] Polling thread error: PLC disconnected: [WinError 10051] A socket operation was attempted to an unreachable network
2026-02-10 15:50:20,038 [ERROR] Polling thread error: PLC disconnected: [WinError 10051] A socket operation was attempted to an unreachable network
2026-02-10 15:50:21,127 [ERROR] Polling thread error: PLC disconnected: [WinError 10051] A socket operation was attempted to an unreachable network
2026-02-10 15:50:22,218 [ERROR] Polling thread error: PLC disconnected: [WinError 10051] A socket operation was attempted to an unreachable network
2026-02-10 15:50:23,301 [ERROR] Polling thread error: PLC disconnected: [WinError 10051] A socket operation was attempted to an unreachable network
2026-02-10 15:50:24,390 [ERROR] Polling thread error: PLC disconnected: [WinError 10051] A socket operation was attempted to an unreachable network
2026-02-10 15:50:25,477 [ERROR] Polling thread error: PLC disconnected: [WinError 10051] A socket operation was attempted to an unreachable network
2026-02-10 15:50:26,566 [ERROR] Polling thread error: PLC disconnected: [WinError 10051] A socket operation was attempted to an unreachable network
2026-02-10 15:50:27,645 [ERROR] Polling thread error: PLC disconnected: [WinError 10051] A socket operation was attempted to an unreachable network
2026-02-10 15:50:28,734 [ERROR] Polling thread error: PLC disconnected: [WinError 10051] A socket operation was attempted to an unreachable network
2026-02-10 15:50:29,826 [ERROR] Polling thread error: PLC disconnected: [WinError 10051] A socket operation was attempted to an unreachable network
2026-02-10 15:50:30,917 [ERROR] Polling thread error: PLC disconnected: [WinError 10051] A socket operation was attempted to an unreachable network
2026-02-10 15:50:31,998 [ERROR] Polling thread error: PLC disconnected: [WinError 10051] A socket operation was attempted to an unreachable network
2026-02-10 15:50:33,086 [ERROR] Polling thread error: PLC disconnected: [WinError 10051] A socket operation was attempted to an unreachable network
2026-02-10 15:50:34,179 [ERROR] Polling thread error: PLC disconnected: [WinError 10051] A socket operation was attempted to an unreachable network
2026-02-10 15:50:35,263 [ERROR] Polling thread error: PLC disconnected: [WinError 10051] A socket operation was attempted to an unreachable network
2026-02-10 15:50:36,342 [ERROR] Polling thread error: PLC disconnected: [WinError 10051] A socket operation was attempted to an unreachable network
2026-02-10 15:50:37,421 [ERROR] Polling thread error: PLC disconnected: [WinError 10051] A socket operation was attempted to an unreachable network
2026-02-10 15:50:38,500 [ERROR] Polling thread error: PLC disconnected: [WinError 10051] A socket operation was attempted to an unreachable network
2026-02-10 15:50:39,579 [ERROR] Polling thread error: PLC disconnected: [WinError 10051] A socket operation was attempted to an unreachable network
2026-02-10 15:50:40,667 [ERROR] Polling thread error: PLC disconnected: [WinError 10051] A socket operation was attempted to an unreachable network
2026-02-10 15:50:41,756 [ERROR] Polling thread error: PLC disconnected: [WinError 10051] A socket operation was attempted to an unreachable network
2026-02-10 15:50:42,845 [ERROR] Polling thread error: PLC disconnected: [WinError 10051] A socket operation was attempted to an unreachable network
2026-02-10 15:50:43,924 [ERROR] Polling thread error: PLC disconnected: [WinError 10051] A socket operation was attempted to an unreachable network
2026-02-10 15:50:45,027 [ERROR] Polling thread error: PLC disconnected: [WinError 10051] A socket operation was attempted to an unreachable network
2026-02-10 15:50:46,124 [ERROR] Polling thread error: PLC disconnected: [WinError 10051] A socket operation was attempted to an unreachable network
2026-02-10 15:50:47,216 [ERROR] Polling thread error: PLC disconnected: [WinError 10051] A socket operation was attempted to an unreachable network
2026-02-10 15:50:48,308 [ERROR] Polling thread error: PLC disconnected: [WinError 10051] A socket operation was attempted to an unreachable network
2026-02-10 15:50:49,411 [ERROR] Polling thread error: PLC disconnected: [WinError 10051] A socket operation was attempted to an unreachable network
2026-02-10 15:50:50,498 [ERROR] Polling thread error: PLC disconnected: [WinError 10051] A socket operation was attempted to an unreachable network
2026-02-10 15:50:51,585 [ERROR] Polling thread error: PLC disconnected: [WinError 10051] A socket operation was attempted to an unreachable network
2026-02-10 15:50:52,673 [ERROR] Polling thread error: PLC disconnected: [WinError 10051] A socket operation was attempted to an unreachable network
2026-02-10 15:50:53,775 [ERROR] Polling thread error: PLC disconnected: [WinError 10051] A socket operation was attempted to an unreachable network
2026-02-10 15:50:54,863 [ERROR] Polling thread error: PLC disconnected: [WinError 10051] A socket operation was attempted to an unreachable network
2026-02-10 15:50:55,955 [ERROR] Polling thread error: PLC disconnected: [WinError 10051] A socket operation was attempted to an unreachable network
2026-02-10 15:50:57,043 [ERROR] Polling thread error: PLC disconnected: [WinError 10051] A socket operation was attempted to an unreachable network
2026-02-10 15:50:58,164 [ERROR] Polling thread error: PLC disconnected: [WinError 10051] A socket operation was attempted to an unreachable network
2026-02-10 15:50:59,267 [ERROR] Polling thread error: PLC disconnected: [WinError 10051] A socket operation was attempted to an unreachable network
2026-02-10 15:51:00,369 [ERROR] Polling thread error: PLC disconnected: [WinError 10051] A socket operation was attempted to an unreachable network
2026-02-10 15:51:01,463 [ERROR] Polling thread error: PLC disconnected: [WinError 10051] A socket operation was attempted to an unreachable network
2026-02-10 15:51:02,574 [ERROR] Polling thread error: PLC disconnected: [WinError 10051] A socket operation was attempted to an unreachable network
2026-02-10 15:51:03,663 [ERROR] Polling thread error: PLC disconnected: [WinError 10051] A socket operation was attempted to an unreachable network
2026-02-10 15:51:04,763 [ERROR] Polling thread error: PLC disconnected: [WinError 10051] A socket operation was attempted to an unreachable network
2026-02-10 15:51:05,860 [ERROR] Polling thread error: PLC disconnected: [WinError 10051] A socket operation was attempted to an unreachable network
2026-02-10 15:51:06,960 [ERROR] Polling thread error: PLC disconnected: [WinError 10051] A socket operation was attempted to an unreachable network
2026-02-10 15:51:08,063 [ERROR] Polling thread error: PLC disconnected: [WinError 10051] A socket operation was attempted to an unreachable network
2026-02-10 15:51:09,175 [ERROR] Polling thread error: PLC disconnected: [WinError 10051] A socket operation was attempted to an unreachable network
2026-02-10 15:51:10,275 [ERROR] Polling thread error: PLC disconnected: [WinError 10051] A socket operation was attempted to an unreachable network
2026-02-10 15:51:11,360 [ERROR] Polling thread error: PLC disconnected: [WinError 10051] A socket operation was attempted to an unreachable network
2026-02-10 15:51:12,450 [ERROR] Polling thread error: PLC disconnected: [WinError 10051] A socket operation was attempted to an unreachable network
2026-02-10 15:51:13,553 [ERROR] Polling thread error: PLC disconnected: [WinError 10051] A socket operation was attempted to an unreachable network
2026-02-10 15:51:14,654 [ERROR] Polling thread error: PLC disconnected: [WinError 10051] A socket operation was attempted to an unreachable network
2026-02-10 15:51:15,755 [ERROR] Polling thread error: PLC disconnected: [WinError 10051] A socket operation was attempted to an unreachable network
2026-02-10 15:51:16,858 [ERROR] Polling thread error: PLC disconnected: [WinError 10051] A socket operation was attempted to an unreachable network
2026-02-10 15:51:17,949 [ERROR] Polling thread error: PLC disconnected: [WinError 10051] A socket operation was attempted to an unreachable network
2026-02-10 15:51:19,046 [ERROR] Polling thread error: PLC disconnected: [WinError 10051] A socket operation was attempted to an unreachable network
2026-02-10 15:51:20,159 [ERROR] Polling thread error: PLC disconnected: [WinError 10051] A socket operation was attempted to an unreachable network
2026-02-10 15:51:21,253 [ERROR] Polling thread error: PLC disconnected: [WinError 10051] A socket operation was attempted to an unreachable network
2026-02-10 15:51:22,357 [ERROR] Polling thread error: PLC disconnected: [WinError 10051] A socket operation was attempted to an unreachable network
2026-02-10 15:51:23,448 [ERROR] Polling thread error: PLC disconnected: [WinError 10051] A socket operation was attempted to an unreachable network
2026-02-10 15:51:24,527 [ERROR] Polling thread error: PLC disconnected: [WinError 10051] A socket operation was attempted to an unreachable network
2026-02-10 15:51:25,606 [ERROR] Polling thread error: PLC disconnected: [WinError 10051] A socket operation was attempted to an unreachable network
2026-02-10 15:51:26,685 [ERROR] Polling thread error: PLC disconnected: [WinError 10051] A socket operation was attempted to an unreachable network
2026-02-10 15:51:27,775 [ERROR] Polling thread error: PLC disconnected: [WinError 10051] A socket operation was attempted to an unreachable network
2026-02-10 15:51:28,858 [ERROR] Polling thread error: PLC disconnected: [WinError 10051] A socket operation was attempted to an unreachable network
2026-02-10 15:51:29,950 [ERROR] Polling thread error: PLC disconnected: [WinError 10051] A socket operation was attempted to an unreachable network
2026-02-10 15:51:31,038 [ERROR] Polling thread error: PLC disconnected: [WinError 10051] A socket operation was attempted to an unreachable network
2026-02-10 15:51:32,127 [ERROR] Polling thread error: PLC disconnected: [WinError 10051] A socket operation was attempted to an unreachable network
2026-02-10 15:51:33,205 [ERROR] Polling thread error: PLC disconnected: [WinError 10051] A socket operation was attempted to an unreachable network
2026-02-10 15:51:34,283 [ERROR] Polling thread error: PLC disconnected: [WinError 10051] A socket operation was attempted to an unreachable network
2026-02-10 15:51:35,370 [ERROR] Polling thread error: PLC disconnected: [WinError 10051] A socket operation was attempted to an unreachable network
2026-02-10 15:51:36,450 [ERROR] Polling thread error: PLC disconnected: [WinError 10051] A socket operation was attempted to an unreachable network
2026-02-10 15:51:37,539 [ERROR] Polling thread error: PLC disconnected: [WinError 10051] A socket operation was attempted to an unreachable network
2026-02-10 15:51:38,629 [ERROR] Polling thread error: PLC disconnected: [WinError 10051] A socket operation was attempted to an unreachable network
2026-02-10 15:51:39,707 [ERROR] Polling thread error: PLC disconnected: [WinError 10051] A socket operation was attempted to an unreachable network
2026-02-10 15:51:40,784 [ERROR] Polling thread error: PLC disconnected: [WinError 10051] A socket operation was attempted to an unreachable network
2026-02-10 15:51:41,874 [ERROR] Polling thread error: PLC disconnected: [WinError 10051] A socket operation was attempted to an unreachable network
2026-02-10 15:51:42,951 [ERROR] Polling thread error: PLC disconnected: [WinError 10051] A socket operation was attempted to an unreachable network
2026-02-10 15:51:44,043 [ERROR] Polling thread error: PLC disconnected: [WinError 10051] A socket operation was attempted to an unreachable network
2026-02-10 15:51:45,132 [ERROR] Polling thread error: PLC disconnected: [WinError 10051] A socket operation was attempted to an unreachable network
2026-02-10 15:51:46,221 [ERROR] Polling thread error: PLC disconnected: [WinError 10051] A socket operation was attempted to an unreachable network
2026-02-10 15:51:47,312 [ERROR] Polling thread error: PLC disconnected: [WinError 10051] A socket operation was attempted to an unreachable network
2026-02-10 15:51:48,391 [ERROR] Polling thread error: PLC disconnected: [WinError 10051] A socket operation was attempted to an unreachable network
2026-02-10 15:51:49,471 [ERROR] Polling thread error: PLC disconnected: [WinError 10051] A socket operation was attempted to an unreachable network
2026-02-10 15:51:50,550 [ERROR] Polling thread error: PLC disconnected: [WinError 10051] A socket operation was attempted to an unreachable network
2026-02-10 15:51:51,630 [ERROR] Polling thread error: PLC disconnected: [WinError 10051] A socket operation was attempted to an unreachable network
2026-02-10 15:51:52,728 [ERROR] Polling thread error: PLC disconnected: [WinError 10051] A socket operation was attempted to an unreachable network
2026-02-10 15:51:53,809 [ERROR] Polling thread error: PLC disconnected: [WinError 10051] A socket operation was attempted to an unreachable network
2026-02-10 15:51:54,888 [ERROR] Polling thread error: PLC disconnected: [WinError 10051] A socket operation was attempted to an unreachable network
2026-02-10 15:51:55,969 [ERROR] Polling thread error: PLC disconnected: [WinError 10051] A socket operation was attempted to an unreachable network
2026-02-10 15:51:57,058 [ERROR] Polling thread error: PLC disconnected: [WinError 10051] A socket operation was attempted to an unreachable network
2026-02-10 15:51:58,147 [ERROR] Polling thread error: PLC disconnected: [WinError 10051] A socket operation was attempted to an unreachable network
2026-02-10 15:51:59,226 [ERROR] Polling thread error: PLC disconnected: [WinError 10051] A socket operation was attempted to an unreachable network
2026-02-10 15:52:00,314 [ERROR] Polling thread error: PLC disconnected: [WinError 10051] A socket operation was attempted to an unreachable network
2026-02-10 15:52:01,393 [ERROR] Polling thread error: PLC disconnected: [WinError 10051] A socket operation was attempted to an unreachable network
2026-02-10 15:52:02,482 [ERROR] Polling thread error: PLC disconnected: [WinError 10051] A socket operation was attempted to an unreachable network
2026-02-10 15:52:03,570 [ERROR] Polling thread error: PLC disconnected: [WinError 10051] A socket operation was attempted to an unreachable network
2026-02-10 15:52:04,659 [ERROR] Polling thread error: PLC disconnected: [WinError 10051] A socket operation was attempted to an unreachable network
2026-02-10 15:52:05,750 [ERROR] Polling thread error: PLC disconnected: [WinError 10051] A socket operation was attempted to an unreachable network
2026-02-10 15:52:06,840 [ERROR] Polling thread error: PLC disconnected: [WinError 10051] A socket operation was attempted to an unreachable network
2026-02-10 15:52:07,928 [ERROR] Polling thread error: PLC disconnected: [WinError 10051] A socket operation was attempted to an unreachable network
2026-02-10 15:52:09,018 [ERROR] Polling thread error: PLC disconnected: [WinError 10051] A socket operation was attempted to an unreachable network
2026-02-10 15:52:10,113 [ERROR] Polling thread error: PLC disconnected: [WinError 10051] A socket operation was attempted to an unreachable network
2026-02-10 15:52:11,191 [ERROR] Polling thread error: PLC disconnected: [WinError 10051] A socket operation was attempted to an unreachable network
2026-02-10 15:52:12,270 [ERROR] Polling thread error: PLC disconnected: [WinError 10051] A socket operation was attempted to an unreachable network
2026-02-10 15:52:13,365 [ERROR] Polling thread error: PLC disconnected: [WinError 10051] A socket operation was attempted to an unreachable network
2026-02-10 15:52:14,455 [ERROR] Polling thread error: PLC disconnected: [WinError 10051] A socket operation was attempted to an unreachable network
2026-02-10 15:52:15,534 [ERROR] Polling thread error: PLC disconnected: [WinError 10051] A socket operation was attempted to an unreachable network
2026-02-10 15:52:16,634 [ERROR] Polling thread error: PLC disconnected: [WinError 10051] A socket operation was attempted to an unreachable network
2026-02-10 15:52:17,727 [ERROR] Polling thread error: PLC disconnected: [WinError 10051] A socket operation was attempted to an unreachable network
2026-02-10 15:52:18,807 [ERROR] Polling thread error: PLC disconnected: [WinError 10051] A socket operation was attempted to an unreachable network
2026-02-10 15:52:19,885 [ERROR] Polling thread error: PLC disconnected: [WinError 10051] A socket operation was attempted to an unreachable network
2026-02-10 15:52:20,966 [ERROR] Polling thread error: PLC disconnected: [WinError 10051] A socket operation was attempted to an unreachable network
2026-02-10 15:52:22,056 [ERROR] Polling thread error: PLC disconnected: [WinError 10051] A socket operation was attempted to an unreachable network
2026-02-10 15:52:23,143 [ERROR] Polling thread error: PLC disconnected: [WinError 10051] A socket operation was attempted to an unreachable network
2026-02-10 15:52:24,233 [ERROR] Polling thread error: PLC disconnected: [WinError 10051] A socket operation was attempted to an unreachable network
2026-02-10 15:52:25,324 [ERROR] Polling thread error: PLC disconnected: [WinError 10051] A socket operation was attempted to an unreachable network
2026-02-10 15:52:26,412 [ERROR] Polling thread error: PLC disconnected: [WinError 10051] A socket operation was attempted to an unreachable network
2026-02-10 15:52:27,492 [ERROR] Polling thread error: PLC disconnected: [WinError 10051] A socket operation was attempted to an unreachable network
2026-02-10 15:52:28,582 [ERROR] Polling thread error: PLC disconnected: [WinError 10051] A socket operation was attempted to an unreachable network
2026-02-10 15:52:29,671 [ERROR] Polling thread error: PLC disconnected: [WinError 10051] A socket operation was attempted to an unreachable network
2026-02-10 15:52:30,753 [ERROR] Polling thread error: PLC disconnected: [WinError 10051] A socket operation was attempted to an unreachable network
2026-02-10 15:52:31,843 [ERROR] Polling thread error: PLC disconnected: [WinError 10051] A socket operation was attempted to an unreachable network
2026-02-10 15:52:32,931 [ERROR] Polling thread error: PLC disconnected: [WinError 10051] A socket operation was attempted to an unreachable network
2026-02-10 15:52:34,032 [ERROR] Polling thread error: PLC disconnected: [WinError 10051] A socket operation was attempted to an unreachable network
2026-02-10 15:52:35,121 [ERROR] Polling thread error: PLC disconnected: [WinError 10051] A socket operation was attempted to an unreachable network
2026-02-10 15:52:36,211 [ERROR] Polling thread error: PLC disconnected: [WinError 10051] A socket operation was attempted to an unreachable network
2026-02-10 15:52:37,300 [ERROR] Polling thread error: PLC disconnected: [WinError 10051] A socket operation was attempted to an unreachable network
2026-02-10 15:52:38,390 [ERROR] Polling thread error: PLC disconnected: [WinError 10051] A socket operation was attempted to an unreachable network
2026-02-10 15:52:39,477 [ERROR] Polling thread error: PLC disconnected: [WinError 10051] A socket operation was attempted to an unreachable network
2026-02-10 15:52:40,557 [ERROR] Polling thread error: PLC disconnected: [WinError 10051] A socket operation was attempted to an unreachable network
2026-02-10 15:52:41,637 [ERROR] Polling thread error: PLC disconnected: [WinError 10051] A socket operation was attempted to an unreachable network
2026-02-10 15:52:42,715 [ERROR] Polling thread error: PLC disconnected: [WinError 10051] A socket operation was attempted to an unreachable network
2026-02-10 15:52:43,804 [ERROR] Polling thread error: PLC disconnected: [WinError 10051] A socket operation was attempted to an unreachable network
2026-02-10 15:52:44,894 [ERROR] Polling thread error: PLC disconnected: [WinError 10051] A socket operation was attempted to an unreachable network
2026-02-10 15:52:45,981 [ERROR] Polling thread error: PLC disconnected: [WinError 10051] A socket operation was attempted to an unreachable network
2026-02-10 15:52:47,072 [ERROR] Polling thread error: PLC disconnected: [WinError 10051] A socket operation was attempted to an unreachable network
2026-02-10 15:52:48,160 [ERROR] Polling thread error: PLC disconnected: [WinError 10051] A socket operation was attempted to an unreachable network
2026-02-10 15:52:49,242 [ERROR] Polling thread error: PLC disconnected: [WinError 10051] A socket operation was attempted to an unreachable network
2026-02-10 15:52:50,331 [ERROR] Polling thread error: PLC disconnected: [WinError 10051] A socket operation was attempted to an unreachable network
2026-02-10 15:52:51,421 [ERROR] Polling thread error: PLC disconnected: [WinError 10051] A socket operation was attempted to an unreachable network
2026-02-10 15:52:52,502 [ERROR] Polling thread error: PLC disconnected: [WinError 10051] A socket operation was attempted to an unreachable network
2026-02-10 15:52:53,581 [ERROR] Polling thread error: PLC disconnected: [WinError 10051] A socket operation was attempted to an unreachable network
2026-02-10 15:52:54,666 [ERROR] Polling thread error: PLC disconnected: [WinError 10051] A socket operation was attempted to an unreachable network
2026-02-10 15:52:55,757 [ERROR] Polling thread error: PLC disconnected: [WinError 10051] A socket operation was attempted to an unreachable network
2026-02-10 15:52:56,836 [ERROR] Polling thread error: PLC disconnected: [WinError 10051] A socket operation was attempted to an unreachable network
2026-02-10 15:52:57,923 [ERROR] Polling thread error: PLC disconnected: [WinError 10051] A socket operation was attempted to an unreachable network
2026-02-10 15:52:59,002 [ERROR] Polling thread error: PLC disconnected: [WinError 10051] A socket operation was attempted to an unreachable network
2026-02-10 15:53:00,092 [ERROR] Polling thread error: PLC disconnected: [WinError 10051] A socket operation was attempted to an unreachable network
2026-02-10 15:53:01,181 [ERROR] Polling thread error: PLC disconnected: [WinError 10051] A socket operation was attempted to an unreachable network
2026-02-10 15:53:02,259 [ERROR] Polling thread error: PLC disconnected: [WinError 10051] A socket operation was attempted to an unreachable network
2026-02-10 15:53:03,347 [ERROR] Polling thread error: PLC disconnected: [WinError 10051] A socket operation was attempted to an unreachable network
2026-02-10 15:53:04,440 [ERROR] Polling thread error: PLC disconnected: [WinError 10051] A socket operation was attempted to an unreachable network
2026-02-10 15:53:05,519 [ERROR] Polling thread error: PLC disconnected: [WinError 10051] A socket operation was attempted to an unreachable network
2026-02-10 15:53:06,609 [ERROR] Polling thread error: PLC disconnected: [WinError 10051] A socket operation was attempted to an unreachable network
2026-02-10 15:53:07,691 [ERROR] Polling thread error: PLC disconnected: [WinError 10051] A socket operation was attempted to an unreachable network
2026-02-10 15:53:08,781 [ERROR] Polling thread error: PLC disconnected: [WinError 10051] A socket operation was attempted to an unreachable network
2026-02-10 15:53:09,860 [ERROR] Polling thread error: PLC disconnected: [WinError 10051] A socket operation was attempted to an unreachable network
2026-02-10 15:53:10,938 [ERROR] Polling thread error: PLC disconnected: [WinError 10051] A socket operation was attempted to an unreachable network
2026-02-10 15:53:12,029 [ERROR] Polling thread error: PLC disconnected: [WinError 10051] A socket operation was attempted to an unreachable network
2026-02-10 15:53:13,118 [ERROR] Polling thread error: PLC disconnected: [WinError 10051] A socket operation was attempted to an unreachable network
2026-02-10 15:53:14,196 [ERROR] Polling thread error: PLC disconnected: [WinError 10051] A socket operation was attempted to an unreachable network
2026-02-10 15:53:15,284 [ERROR] Polling thread error: PLC disconnected: [WinError 10051] A socket operation was attempted to an unreachable network
2026-02-10 15:53:16,373 [ERROR] Polling thread error: PLC disconnected: [WinError 10051] A socket operation was attempted to an unreachable network
2026-02-10 15:53:17,462 [ERROR] Polling thread error: PLC disconnected: [WinError 10051] A socket operation was attempted to an unreachable network
2026-02-10 15:53:18,553 [ERROR] Polling thread error: PLC disconnected: [WinError 10051] A socket operation was attempted to an unreachable network
2026-02-10 15:53:19,633 [ERROR] Polling thread error: PLC disconnected: [WinError 10051] A socket operation was attempted to an unreachable network
2026-02-10 15:53:20,723 [ERROR] Polling thread error: PLC disconnected: [WinError 10051] A socket operation was attempted to an unreachable network
2026-02-10 15:53:21,805 [ERROR] Polling thread error: PLC disconnected: [WinError 10051] A socket operation was attempted to an unreachable network
2026-02-10 15:53:22,894 [ERROR] Polling thread error: PLC disconnected: [WinError 10051] A socket operation was attempted to an unreachable network
2026-02-10 15:53:23,984 [ERROR] Polling thread error: PLC disconnected: [WinError 10051] A socket operation was attempted to an unreachable network
2026-02-10 15:53:25,073 [ERROR] Polling thread error: PLC disconnected: [WinError 10051] A socket operation was attempted to an unreachable network
2026-02-10 15:53:26,152 [ERROR] Polling thread error: PLC disconnected: [WinError 10051] A socket operation was attempted to an unreachable network
2026-02-10 15:53:27,243 [ERROR] Polling thread error: PLC disconnected: [WinError 10051] A socket operation was attempted to an unreachable network
2026-02-10 15:53:28,331 [ERROR] Polling thread error: PLC disconnected: [WinError 10051] A socket operation was attempted to an unreachable network
2026-02-10 15:53:29,421 [ERROR] Polling thread error: PLC disconnected: [WinError 10051] A socket operation was attempted to an unreachable network
2026-02-10 15:53:30,512 [ERROR] Polling thread error: PLC disconnected: [WinError 10051] A socket operation was attempted to an unreachable network
2026-02-10 15:53:31,600 [ERROR] Polling thread error: PLC disconnected: [WinError 10051] A socket operation was attempted to an unreachable network
2026-02-10 15:53:32,690 [ERROR] Polling thread error: PLC disconnected: [WinError 10051] A socket operation was attempted to an unreachable network
2026-02-10 15:53:33,780 [ERROR] Polling thread error: PLC disconnected: [WinError 10051] A socket operation was attempted to an unreachable network
2026-02-10 15:53:34,857 [ERROR] Polling thread error: PLC disconnected: [WinError 10051] A socket operation was attempted to an unreachable network
2026-02-10 15:53:35,945 [ERROR] Polling thread error: PLC disconnected: [WinError 10051] A socket operation was attempted to an unreachable network
2026-02-10 15:53:37,041 [ERROR] Polling thread error: PLC disconnected: [WinError 10051] A socket operation was attempted to an unreachable network
2026-02-10 15:53:38,119 [ERROR] Polling thread error: PLC disconnected: [WinError 10051] A socket operation was attempted to an unreachable network
2026-02-10 15:53:39,209 [ERROR] Polling thread error: PLC disconnected: [WinError 10051] A socket operation was attempted to an unreachable network
2026-02-10 15:53:40,298 [ERROR] Polling thread error: PLC disconnected: [WinError 10051] A socket operation was attempted to an unreachable network
2026-02-10 15:53:41,388 [ERROR] Polling thread error: PLC disconnected: [WinError 10051] A socket operation was attempted to an unreachable network
2026-02-10 15:53:42,469 [ERROR] Polling thread error: PLC disconnected: [WinError 10051] A socket operation was attempted to an unreachable network
2026-02-10 15:53:43,557 [ERROR] Polling thread error: PLC disconnected: [WinError 10051] A socket operation was attempted to an unreachable network
2026-02-10 15:53:44,636 [ERROR] Polling thread error: PLC disconnected: [WinError 10051] A socket operation was attempted to an unreachable network
2026-02-10 15:53:45,724 [ERROR] Polling thread error: PLC disconnected: [WinError 10051] A socket operation was attempted to an unreachable network
2026-02-10 15:53:46,812 [ERROR] Polling thread error: PLC disconnected: [WinError 10051] A socket operation was attempted to an unreachable network
2026-02-10 15:53:47,892 [ERROR] Polling thread error: PLC disconnected: [WinError 10051] A socket operation was attempted to an unreachable network
2026-02-10 15:53:48,981 [ERROR] Polling thread error: PLC disconnected: [WinError 10051] A socket operation was attempted to an unreachable network
2026-02-10 15:53:50,070 [ERROR] Polling thread error: PLC disconnected: [WinError 10051] A socket operation was attempted to an unreachable network
2026-02-10 15:53:51,159 [ERROR] Polling thread error: PLC disconnected: [WinError 10051] A socket operation was attempted to an unreachable network
2026-02-10 15:53:52,238 [ERROR] Polling thread error: PLC disconnected: [WinError 10051] A socket operation was attempted to an unreachable network
2026-02-10 15:53:53,317 [ERROR] Polling thread error: PLC disconnected: [WinError 10051] A socket operation was attempted to an unreachable network
2026-02-10 15:53:54,407 [ERROR] Polling thread error: PLC disconnected: [WinError 10051] A socket operation was attempted to an unreachable network
2026-02-10 15:53:55,494 [ERROR] Polling thread error: PLC disconnected: [WinError 10051] A socket operation was attempted to an unreachable network
2026-02-10 15:53:56,575 [ERROR] Polling thread error: PLC disconnected: [WinError 10051] A socket operation was attempted to an unreachable network
2026-02-10 15:53:57,662 [ERROR] Polling thread error: PLC disconnected: [WinError 10051] A socket operation was attempted to an unreachable network
2026-02-10 15:53:58,753 [ERROR] Polling thread error: PLC disconnected: [WinError 10051] A socket operation was attempted to an unreachable network
2026-02-10 15:53:59,834 [ERROR] Polling thread error: PLC disconnected: [WinError 10051] A socket operation was attempted to an unreachable network
2026-02-10 15:54:00,913 [ERROR] Polling thread error: PLC disconnected: [WinError 10051] A socket operation was attempted to an unreachable network
2026-02-10 15:54:02,006 [ERROR] Polling thread error: PLC disconnected: [WinError 10051] A socket operation was attempted to an unreachable network
2026-02-10 15:54:03,094 [ERROR] Polling thread error: PLC disconnected: [WinError 10051] A socket operation was attempted to an unreachable network
2026-02-10 15:54:04,183 [ERROR] Polling thread error: PLC disconnected: [WinError 10051] A socket operation was attempted to an unreachable network
2026-02-10 15:54:05,261 [ERROR] Polling thread error: PLC disconnected: [WinError 10051] A socket operation was attempted to an unreachable network
2026-02-10 15:54:06,341 [ERROR] Polling thread error: PLC disconnected: [WinError 10051] A socket operation was attempted to an unreachable network
2026-02-10 15:54:07,419 [ERROR] Polling thread error: PLC disconnected: [WinError 10051] A socket operation was attempted to an unreachable network
2026-02-10 15:54:08,498 [ERROR] Polling thread error: PLC disconnected: [WinError 10051] A socket operation was attempted to an unreachable network
2026-02-10 15:54:09,586 [ERROR] Polling thread error: PLC disconnected: [WinError 10051] A socket operation was attempted to an unreachable network
2026-02-10 15:54:10,676 [ERROR] Polling thread error: PLC disconnected: [WinError 10051] A socket operation was attempted to an unreachable network
2026-02-10 15:54:11,755 [ERROR] Polling thread error: PLC disconnected: [WinError 10051] A socket operation was attempted to an unreachable network
2026-02-10 15:54:12,834 [ERROR] Polling thread error: PLC disconnected: [WinError 10051] A socket operation was attempted to an unreachable network
2026-02-10 15:54:13,924 [ERROR] Polling thread error: PLC disconnected: [WinError 10051] A socket operation was attempted to an unreachable network
2026-02-10 15:54:15,003 [ERROR] Polling thread error: PLC disconnected: [WinError 10051] A socket operation was attempted to an unreachable network
2026-02-10 15:54:16,080 [ERROR] Polling thread error: PLC disconnected: [WinError 10051] A socket operation was attempted to an unreachable network
2026-02-10 15:54:17,170 [ERROR] Polling thread error: PLC disconnected: [WinError 10051] A socket operation was attempted to an unreachable network
2026-02-10 15:54:18,262 [ERROR] Polling thread error: PLC disconnected: [WinError 10051] A socket operation was attempted to an unreachable network
2026-02-10 15:54:19,342 [ERROR] Polling thread error: PLC disconnected: [WinError 10051] A socket operation was attempted to an unreachable network
2026-02-10 15:54:20,432 [ERROR] Polling thread error: PLC disconnected: [WinError 10051] A socket operation was attempted to an unreachable network
2026-02-10 15:54:21,521 [ERROR] Polling thread error: PLC disconnected: [WinError 10051] A socket operation was attempted to an unreachable network
2026-02-10 15:54:22,605 [ERROR] Polling thread error: PLC disconnected: [WinError 10051] A socket operation was attempted to an unreachable network
2026-02-10 15:54:23,694 [ERROR] Polling thread error: PLC disconnected: [WinError 10051] A socket operation was attempted to an unreachable network
2026-02-10 15:54:24,783 [ERROR] Polling thread error: PLC disconnected: [WinError 10051] A socket operation was attempted to an unreachable network
2026-02-10 15:54:25,862 [ERROR] Polling thread error: PLC disconnected: [WinError 10051] A socket operation was attempted to an unreachable network
2026-02-10 15:54:26,952 [ERROR] Polling thread error: PLC disconnected: [WinError 10051] A socket operation was attempted to an unreachable network
2026-02-10 15:54:28,031 [ERROR] Polling thread error: PLC disconnected: [WinError 10051] A socket operation was attempted to an unreachable network
2026-02-10 15:54:29,121 [ERROR] Polling thread error: PLC disconnected: [WinError 10051] A socket operation was attempted to an unreachable network
2026-02-10 15:54:30,210 [ERROR] Polling thread error: PLC disconnected: [WinError 10051] A socket operation was attempted to an unreachable network
2026-02-10 15:54:31,302 [ERROR] Polling thread error: PLC disconnected: [WinError 10051] A socket operation was attempted to an unreachable network
2026-02-10 15:54:32,391 [ERROR] Polling thread error: PLC disconnected: [WinError 10051] A socket operation was attempted to an unreachable network
2026-02-10 15:54:33,479 [ERROR] Polling thread error: PLC disconnected: [WinError 10051] A socket operation was attempted to an unreachable network
2026-02-10 15:54:34,557 [ERROR] Polling thread error: PLC disconnected: [WinError 10051] A socket operation was attempted to an unreachable network
2026-02-10 15:54:35,647 [ERROR] Polling thread error: PLC disconnected: [WinError 10051] A socket operation was attempted to an unreachable network
2026-02-10 15:54:36,724 [ERROR] Polling thread error: PLC disconnected: [WinError 10051] A socket operation was attempted to an unreachable network
2026-02-10 15:54:37,813 [ERROR] Polling thread error: PLC disconnected: [WinError 10051] A socket operation was attempted to an unreachable network
2026-02-10 15:54:38,902 [ERROR] Polling thread error: PLC disconnected: [WinError 10051] A socket operation was attempted to an unreachable network
2026-02-10 15:54:39,994 [ERROR] Polling thread error: PLC disconnected: [WinError 10051] A socket operation was attempted to an unreachable network
2026-02-10 15:54:41,074 [ERROR] Polling thread error: PLC disconnected: [WinError 10051] A socket operation was attempted to an unreachable network
2026-02-10 15:54:42,153 [ERROR] Polling thread error: PLC disconnected: [WinError 10051] A socket operation was attempted to an unreachable network
2026-02-10 15:54:43,232 [ERROR] Polling thread error: PLC disconnected: [WinError 10051] A socket operation was attempted to an unreachable network
2026-02-10 15:54:44,311 [ERROR] Polling thread error: PLC disconnected: [WinError 10051] A socket operation was attempted to an unreachable network
2026-02-10 15:54:45,400 [ERROR] Polling thread error: PLC disconnected: [WinError 10051] A socket operation was attempted to an unreachable network
2026-02-10 15:54:46,490 [ERROR] Polling thread error: PLC disconnected: [WinError 10051] A socket operation was attempted to an unreachable network
2026-02-10 15:54:47,579 [ERROR] Polling thread error: PLC disconnected: [WinError 10051] A socket operation was attempted to an unreachable network
2026-02-10 15:54:48,659 [ERROR] Polling thread error: PLC disconnected: [WinError 10051] A socket operation was attempted to an unreachable network
2026-02-10 15:54:49,747 [ERROR] Polling thread error: PLC disconnected: [WinError 10051] A socket operation was attempted to an unreachable network
2026-02-10 15:54:50,828 [ERROR] Polling thread error: PLC disconnected: [WinError 10051] A socket operation was attempted to an unreachable network
2026-02-10 15:54:51,908 [ERROR] Polling thread error: PLC disconnected: [WinError 10051] A socket operation was attempted to an unreachable network
2026-02-10 15:54:52,986 [ERROR] Polling thread error: PLC disconnected: [WinError 10051] A socket operation was attempted to an unreachable network
2026-02-10 15:54:54,074 [ERROR] Polling thread error: PLC disconnected: [WinError 10051] A socket operation was attempted to an unreachable network
2026-02-10 15:54:55,165 [ERROR] Polling thread error: PLC disconnected: [WinError 10051] A socket operation was attempted to an unreachable network
2026-02-10 15:54:56,253 [ERROR] Polling thread error: PLC disconnected: [WinError 10051] A socket operation was attempted to an unreachable network
2026-02-10 15:54:57,332 [ERROR] Polling thread error: PLC disconnected: [WinError 10051] A socket operation was attempted to an unreachable network
2026-02-10 15:54:58,422 [ERROR] Polling thread error: PLC disconnected: [WinError 10051] A socket operation was attempted to an unreachable network
2026-02-10 15:54:59,512 [ERROR] Polling thread error: PLC disconnected: [WinError 10051] A socket operation was attempted to an unreachable network
2026-02-10 15:55:00,589 [ERROR] Polling thread error: PLC disconnected: [WinError 10051] A socket operation was attempted to an unreachable network
2026-02-10 15:55:01,678 [ERROR] Polling thread error: PLC disconnected: [WinError 10051] A socket operation was attempted to an unreachable network
2026-02-10 15:55:02,757 [ERROR] Polling thread error: PLC disconnected: [WinError 10051] A socket operation was attempted to an unreachable network
2026-02-10 15:55:03,835 [ERROR] Polling thread error: PLC disconnected: [WinError 10051] A socket operation was attempted to an unreachable network
2026-02-10 15:55:04,914 [ERROR] Polling thread error: PLC disconnected: [WinError 10051] A socket operation was attempted to an unreachable network
2026-02-10 15:55:06,003 [ERROR] Polling thread error: PLC disconnected: [WinError 10051] A socket operation was attempted to an unreachable network
2026-02-10 15:55:07,092 [ERROR] Polling thread error: PLC disconnected: [WinError 10051] A socket operation was attempted to an unreachable network
2026-02-10 15:55:08,174 [ERROR] Polling thread error: PLC disconnected: [WinError 10051] A socket operation was attempted to an unreachable network
2026-02-10 15:55:09,263 [ERROR] Polling thread error: PLC disconnected: [WinError 10051] A socket operation was attempted to an unreachable network
2026-02-10 15:55:10,342 [ERROR] Polling thread error: PLC disconnected: [WinError 10051] A socket operation was attempted to an unreachable network
2026-02-10 15:55:11,421 [ERROR] Polling thread error: PLC disconnected: [WinError 10051] A socket operation was attempted to an unreachable network
2026-02-10 15:55:12,509 [ERROR] Polling thread error: PLC disconnected: [WinError 10051] A socket operation was attempted to an unreachable network
2026-02-10 15:55:13,586 [ERROR] Polling thread error: PLC disconnected: [WinError 10051] A socket operation was attempted to an unreachable network
2026-02-10 15:55:14,666 [ERROR] Polling thread error: PLC disconnected: [WinError 10051] A socket operation was attempted to an unreachable network
2026-02-10 15:55:15,746 [ERROR] Polling thread error: PLC disconnected: [WinError 10051] A socket operation was attempted to an unreachable network
2026-02-10 15:55:16,833 [ERROR] Polling thread error: PLC disconnected: [WinError 10051] A socket operation was attempted to an unreachable network
2026-02-10 15:55:17,911 [ERROR] Polling thread error: PLC disconnected: [WinError 10051] A socket operation was attempted to an unreachable network
2026-02-10 15:55:18,991 [ERROR] Polling thread error: PLC disconnected: [WinError 10051] A socket operation was attempted to an unreachable network
2026-02-10 15:55:20,080 [ERROR] Polling thread error: PLC disconnected: [WinError 10051] A socket operation was attempted to an unreachable network
2026-02-10 15:55:21,169 [ERROR] Polling thread error: PLC disconnected: [WinError 10051] A socket operation was attempted to an unreachable network
2026-02-10 15:55:22,258 [ERROR] Polling thread error: PLC disconnected: [WinError 10051] A socket operation was attempted to an unreachable network
2026-02-10 15:55:23,337 [ERROR] Polling thread error: PLC disconnected: [WinError 10051] A socket operation was attempted to an unreachable network
2026-02-10 15:55:24,429 [ERROR] Polling thread error: PLC disconnected: [WinError 10051] A socket operation was attempted to an unreachable network
2026-02-10 15:55:25,508 [ERROR] Polling thread error: PLC disconnected: [WinError 10051] A socket operation was attempted to an unreachable network
2026-02-10 15:55:26,597 [ERROR] Polling thread error: PLC disconnected: [WinError 10051] A socket operation was attempted to an unreachable network
2026-02-10 15:55:27,687 [ERROR] Polling thread error: PLC disconnected: [WinError 10051] A socket operation was attempted to an unreachable network
2026-02-10 15:55:28,766 [ERROR] Polling thread error: PLC disconnected: [WinError 10051] A socket operation was attempted to an unreachable network
2026-02-10 15:55:29,856 [ERROR] Polling thread error: PLC disconnected: [WinError 10051] A socket operation was attempted to an unreachable network
2026-02-10 15:55:30,937 [ERROR] Polling thread error: PLC disconnected: [WinError 10051] A socket operation was attempted to an unreachable network
2026-02-10 15:55:32,029 [ERROR] Polling thread error: PLC disconnected: [WinError 10051] A socket operation was attempted to an unreachable network
2026-02-10 15:55:33,118 [ERROR] Polling thread error: PLC disconnected: [WinError 10051] A socket operation was attempted to an unreachable network
2026-02-10 15:55:34,206 [ERROR] Polling thread error: PLC disconnected: [WinError 10051] A socket operation was attempted to an unreachable network
2026-02-10 15:55:35,286 [ERROR] Polling thread error: PLC disconnected: [WinError 10051] A socket operation was attempted to an unreachable network
2026-02-10 15:55:36,365 [ERROR] Polling thread error: PLC disconnected: [WinError 10051] A socket operation was attempted to an unreachable network
2026-02-10 15:55:37,444 [ERROR] Polling thread error: PLC disconnected: [WinError 10051] A socket operation was attempted to an unreachable network
2026-02-10 15:55:38,533 [ERROR] Polling thread error: PLC disconnected: [WinError 10051] A socket operation was attempted to an unreachable network
2026-02-10 15:55:39,624 [ERROR] Polling thread error: PLC disconnected: [WinError 10051] A socket operation was attempted to an unreachable network
2026-02-10 15:55:40,702 [ERROR] Polling thread error: PLC disconnected: [WinError 10051] A socket operation was attempted to an unreachable network
2026-02-10 15:55:41,782 [ERROR] Polling thread error: PLC disconnected: [WinError 10051] A socket operation was attempted to an unreachable network
2026-02-10 15:55:42,874 [ERROR] Polling thread error: PLC disconnected: [WinError 10051] A socket operation was attempted to an unreachable network
2026-02-10 15:55:43,961 [ERROR] Polling thread error: PLC disconnected: [WinError 10051] A socket operation was attempted to an unreachable network
2026-02-10 15:55:45,050 [ERROR] Polling thread error: PLC disconnected: [WinError 10051] A socket operation was attempted to an unreachable network
2026-02-10 15:55:46,141 [ERROR] Polling thread error: PLC disconnected: [WinError 10051] A socket operation was attempted to an unreachable network
2026-02-10 15:55:47,220 [ERROR] Polling thread error: PLC disconnected: [WinError 10051] A socket operation was attempted to an unreachable network
2026-02-10 15:55:48,311 [ERROR] Polling thread error: PLC disconnected: [WinError 10051] A socket operation was attempted to an unreachable network
2026-02-10 15:55:49,389 [ERROR] Polling thread error: PLC disconnected: [WinError 10051] A socket operation was attempted to an unreachable network
2026-02-10 15:55:50,468 [ERROR] Polling thread error: PLC disconnected: [WinError 10051] A socket operation was attempted to an unreachable network
2026-02-10 15:55:51,546 [ERROR] Polling thread error: PLC disconnected: [WinError 10051] A socket operation was attempted to an unreachable network
2026-02-10 15:55:52,634 [ERROR] Polling thread error: PLC disconnected: [WinError 10051] A socket operation was attempted to an unreachable network
2026-02-10 15:55:53,727 [ERROR] Polling thread error: PLC disconnected: [WinError 10051] A socket operation was attempted to an unreachable network
2026-02-10 15:55:54,807 [ERROR] Polling thread error: PLC disconnected: [WinError 10051] A socket operation was attempted to an unreachable network
2026-02-10 15:55:55,896 [ERROR] Polling thread error: PLC disconnected: [WinError 10051] A socket operation was attempted to an unreachable network
2026-02-10 15:55:56,996 [ERROR] Polling thread error: PLC disconnected: [WinError 10051] A socket operation was attempted to an unreachable network
2026-02-10 15:55:58,084 [ERROR] Polling thread error: PLC disconnected: [WinError 10051] A socket operation was attempted to an unreachable network
2026-02-10 15:55:59,173 [ERROR] Polling thread error: PLC disconnected: [WinError 10051] A socket operation was attempted to an unreachable network
2026-02-10 15:56:00,253 [ERROR] Polling thread error: PLC disconnected: [WinError 10051] A socket operation was attempted to an unreachable network
2026-02-10 15:56:01,342 [ERROR] Polling thread error: PLC disconnected: [WinError 10051] A socket operation was attempted to an unreachable network
2026-02-10 15:56:02,422 [ERROR] Polling thread error: PLC disconnected: [WinError 10051] A socket operation was attempted to an unreachable network
2026-02-10 15:56:03,512 [ERROR] Polling thread error: PLC disconnected: [WinError 10051] A socket operation was attempted to an unreachable network
2026-02-10 15:56:04,589 [ERROR] Polling thread error: PLC disconnected: [WinError 10051] A socket operation was attempted to an unreachable network
2026-02-10 15:56:05,679 [ERROR] Polling thread error: PLC disconnected: [WinError 10051] A socket operation was attempted to an unreachable network
2026-02-10 15:56:06,760 [ERROR] Polling thread error: PLC disconnected: [WinError 10051] A socket operation was attempted to an unreachable network
2026-02-10 15:56:07,838 [ERROR] Polling thread error: PLC disconnected: [WinError 10051] A socket operation was attempted to an unreachable network
2026-02-10 15:56:08,926 [ERROR] Polling thread error: PLC disconnected: [WinError 10051] A socket operation was attempted to an unreachable network
2026-02-10 15:56:10,015 [ERROR] Polling thread error: PLC disconnected: [WinError 10051] A socket operation was attempted to an unreachable network
2026-02-10 15:56:11,093 [ERROR] Polling thread error: PLC disconnected: [WinError 10051] A socket operation was attempted to an unreachable network
2026-02-10 15:56:12,182 [ERROR] Polling thread error: PLC disconnected: [WinError 10051] A socket operation was attempted to an unreachable network
2026-02-10 15:56:13,272 [ERROR] Polling thread error: PLC disconnected: [WinError 10051] A socket operation was attempted to an unreachable network
2026-02-10 15:56:14,367 [ERROR] Polling thread error: PLC disconnected: [WinError 10051] A socket operation was attempted to an unreachable network
2026-02-10 15:56:15,458 [ERROR] Polling thread error: PLC disconnected: [WinError 10051] A socket operation was attempted to an unreachable network
2026-02-10 15:56:16,550 [ERROR] Polling thread error: PLC disconnected: [WinError 10051] A socket operation was attempted to an unreachable network
2026-02-10 15:56:17,629 [ERROR] Polling thread error: PLC disconnected: [WinError 10051] A socket operation was attempted to an unreachable network
2026-02-10 15:56:18,718 [ERROR] Polling thread error: PLC disconnected: [WinError 10051] A socket operation was attempted to an unreachable network
2026-02-10 15:56:19,809 [ERROR] Polling thread error: PLC disconnected: [WinError 10051] A socket operation was attempted to an unreachable network
2026-02-10 15:56:20,889 [ERROR] Polling thread error: PLC disconnected: [WinError 10051] A socket operation was attempted to an unreachable network
2026-02-10 15:56:21,980 [ERROR] Polling thread error: PLC disconnected: [WinError 10051] A socket operation was attempted to an unreachable network
2026-02-10 15:56:23,068 [ERROR] Polling thread error: PLC disconnected: [WinError 10051] A socket operation was attempted to an unreachable network
2026-02-10 15:56:24,155 [ERROR] Polling thread error: PLC disconnected: [WinError 10051] A socket operation was attempted to an unreachable network
2026-02-10 15:56:25,233 [ERROR] Polling thread error: PLC disconnected: [WinError 10051] A socket operation was attempted to an unreachable network
2026-02-10 15:56:26,312 [ERROR] Polling thread error: PLC disconnected: [WinError 10051] A socket operation was attempted to an unreachable network
2026-02-10 15:56:27,400 [ERROR] Polling thread error: PLC disconnected: [WinError 10051] A socket operation was attempted to an unreachable network
2026-02-10 15:56:28,490 [ERROR] Polling thread error: PLC disconnected: [WinError 10051] A socket operation was attempted to an unreachable network
2026-02-10 15:56:29,578 [ERROR] Polling thread error: PLC disconnected: [WinError 10051] A socket operation was attempted to an unreachable network
2026-02-10 15:56:30,657 [ERROR] Polling thread error: PLC disconnected: [WinError 10051] A socket operation was attempted to an unreachable network
2026-02-10 15:56:31,746 [ERROR] Polling thread error: PLC disconnected: [WinError 10051] A socket operation was attempted to an unreachable network
2026-02-10 15:56:32,836 [ERROR] Polling thread error: PLC disconnected: [WinError 10051] A socket operation was attempted to an unreachable network
2026-02-10 15:56:33,926 [ERROR] Polling thread error: PLC disconnected: [WinError 10051] A socket operation was attempted to an unreachable network
2026-02-10 15:56:35,020 [ERROR] Polling thread error: PLC disconnected: [WinError 10051] A socket operation was attempted to an unreachable network
2026-02-10 15:56:36,107 [ERROR] Polling thread error: PLC disconnected: [WinError 10051] A socket operation was attempted to an unreachable network
2026-02-10 15:56:37,209 [ERROR] Polling thread error: PLC disconnected: [WinError 10051] A socket operation was attempted to an unreachable network
2026-02-10 15:56:38,307 [ERROR] Polling thread error: PLC disconnected: [WinError 10051] A socket operation was attempted to an unreachable network
2026-02-10 15:56:39,405 [ERROR] Polling thread error: PLC disconnected: [WinError 10051] A socket operation was attempted to an unreachable network
2026-02-10 15:56:40,490 [ERROR] Polling thread error: PLC disconnected: [WinError 10051] A socket operation was attempted to an unreachable network
2026-02-10 15:56:41,579 [ERROR] Polling thread error: PLC disconnected: [WinError 10051] A socket operation was attempted to an unreachable network
2026-02-10 15:56:42,690 [ERROR] Polling thread error: PLC disconnected: [WinError 10051] A socket operation was attempted to an unreachable network
2026-02-10 15:56:43,775 [ERROR] Polling thread error: PLC disconnected: [WinError 10051] A socket operation was attempted to an unreachable network
2026-02-10 15:56:44,878 [ERROR] Polling thread error: PLC disconnected: [WinError 10051] A socket operation was attempted to an unreachable network
2026-02-10 15:56:45,980 [ERROR] Polling thread error: PLC disconnected: [WinError 10051] A socket operation was attempted to an unreachable network
2026-02-10 15:56:47,073 [ERROR] Polling thread error: PLC disconnected: [WinError 10051] A socket operation was attempted to an unreachable network
2026-02-10 15:56:48,163 [ERROR] Polling thread error: PLC disconnected: [WinError 10051] A socket operation was attempted to an unreachable network
2026-02-10 15:56:49,266 [ERROR] Polling thread error: PLC disconnected: [WinError 10051] A socket operation was attempted to an unreachable network
2026-02-10 15:56:50,357 [ERROR] Polling thread error: PLC disconnected: [WinError 10051] A socket operation was attempted to an unreachable network
2026-02-10 15:56:51,457 [ERROR] Polling thread error: PLC disconnected: [WinError 10051] A socket operation was attempted to an unreachable network
2026-02-10 15:56:52,562 [ERROR] Polling thread error: PLC disconnected: [WinError 10051] A socket operation was attempted to an unreachable network
2026-02-10 15:56:53,667 [ERROR] Polling thread error: PLC disconnected: [WinError 10051] A socket operation was attempted to an unreachable network
2026-02-10 15:56:54,767 [ERROR] Polling thread error: PLC disconnected: [WinError 10051] A socket operation was attempted to an unreachable network
2026-02-10 15:56:55,855 [ERROR] Polling thread error: PLC disconnected: [WinError 10051] A socket operation was attempted to an unreachable network
2026-02-10 15:56:56,938 [ERROR] Polling thread error: PLC disconnected: [WinError 10051] A socket operation was attempted to an unreachable network
2026-02-10 15:56:58,027 [ERROR] Polling thread error: PLC disconnected: [WinError 10051] A socket operation was attempted to an unreachable network
2026-02-10 15:56:59,133 [ERROR] Polling thread error: PLC disconnected: [WinError 10051] A socket operation was attempted to an unreachable network
2026-02-10 15:57:00,240 [ERROR] Polling thread error: PLC disconnected: [WinError 10051] A socket operation was attempted to an unreachable network
2026-02-10 15:57:01,330 [ERROR] Polling thread error: PLC disconnected: [WinError 10051] A socket operation was attempted to an unreachable network
2026-02-10 15:57:02,428 [ERROR] Polling thread error: PLC disconnected: [WinError 10051] A socket operation was attempted to an unreachable network
2026-02-10 15:57:03,517 [ERROR] Polling thread error: PLC disconnected: [WinError 10051] A socket operation was attempted to an unreachable network
2026-02-10 15:57:04,624 [ERROR] Polling thread error: PLC disconnected: [WinError 10051] A socket operation was attempted to an unreachable network
2026-02-10 15:57:05,724 [ERROR] Polling thread error: PLC disconnected: [WinError 10051] A socket operation was attempted to an unreachable network
2026-02-10 15:57:06,832 [ERROR] Polling thread error: PLC disconnected: [WinError 10051] A socket operation was attempted to an unreachable network
2026-02-10 15:57:07,934 [ERROR] Polling thread error: PLC disconnected: [WinError 10051] A socket operation was attempted to an unreachable network
2026-02-10 15:57:09,027 [ERROR] Polling thread error: PLC disconnected: [WinError 10051] A socket operation was attempted to an unreachable network
2026-02-10 15:57:10,124 [ERROR] Polling thread error: PLC disconnected: [WinError 10051] A socket operation was attempted to an unreachable network
2026-02-10 15:57:11,227 [ERROR] Polling thread error: PLC disconnected: [WinError 10051] A socket operation was attempted to an unreachable network
2026-02-10 15:57:12,331 [ERROR] Polling thread error: PLC disconnected: [WinError 10051] A socket operation was attempted to an unreachable network
2026-02-10 15:57:13,422 [ERROR] Polling thread error: PLC disconnected: [WinError 10051] A socket operation was attempted to an unreachable network
2026-02-10 15:57:14,525 [ERROR] Polling thread error: PLC disconnected: [WinError 10051] A socket operation was attempted to an unreachable network
2026-02-10 15:57:15,612 [ERROR] Polling thread error: PLC disconnected: [WinError 10051] A socket operation was attempted to an unreachable network
2026-02-10 15:57:16,710 [ERROR] Polling thread error: PLC disconnected: [WinError 10051] A socket operation was attempted to an unreachable network
2026-02-10 15:57:17,812 [ERROR] Polling thread error: PLC disconnected: [WinError 10051] A socket operation was attempted to an unreachable network
2026-02-10 15:57:18,906 [ERROR] Polling thread error: PLC disconnected: [WinError 10051] A socket operation was attempted to an unreachable network
2026-02-10 15:57:19,994 [ERROR] Polling thread error: PLC disconnected: [WinError 10051] A socket operation was attempted to an unreachable network
2026-02-10 15:57:21,072 [ERROR] Polling thread error: PLC disconnected: [WinError 10051] A socket operation was attempted to an unreachable network
2026-02-10 15:57:22,162 [ERROR] Polling thread error: PLC disconnected: [WinError 10051] A socket operation was attempted to an unreachable network
2026-02-10 15:57:23,250 [ERROR] Polling thread error: PLC disconnected: [WinError 10051] A socket operation was attempted to an unreachable network
2026-02-10 15:57:24,339 [ERROR] Polling thread error: PLC disconnected: [WinError 10051] A socket operation was attempted to an unreachable network
2026-02-10 15:57:25,429 [ERROR] Polling thread error: PLC disconnected: [WinError 10051] A socket operation was attempted to an unreachable network
2026-02-10 15:57:26,518 [ERROR] Polling thread error: PLC disconnected: [WinError 10051] A socket operation was attempted to an unreachable network
2026-02-10 15:57:27,609 [ERROR] Polling thread error: PLC disconnected: [WinError 10051] A socket operation was attempted to an unreachable network
2026-02-10 15:57:28,687 [ERROR] Polling thread error: PLC disconnected: [WinError 10051] A socket operation was attempted to an unreachable network
2026-02-10 15:57:29,774 [ERROR] Polling thread error: PLC disconnected: [WinError 10051] A socket operation was attempted to an unreachable network
2026-02-10 15:57:30,853 [ERROR] Polling thread error: PLC disconnected: [WinError 10051] A socket operation was attempted to an unreachable network
2026-02-10 15:57:31,944 [ERROR] Polling thread error: PLC disconnected: [WinError 10051] A socket operation was attempted to an unreachable network
2026-02-10 15:57:33,036 [ERROR] Polling thread error: PLC disconnected: [WinError 10051] A socket operation was attempted to an unreachable network
2026-02-10 15:57:34,127 [ERROR] Polling thread error: PLC disconnected: [WinError 10051] A socket operation was attempted to an unreachable network
2026-02-10 15:57:35,207 [ERROR] Polling thread error: PLC disconnected: [WinError 10051] A socket operation was attempted to an unreachable network
2026-02-10 15:57:36,296 [ERROR] Polling thread error: PLC disconnected: [WinError 10051] A socket operation was attempted to an unreachable network
2026-02-10 15:57:37,375 [ERROR] Polling thread error: PLC disconnected: [WinError 10051] A socket operation was attempted to an unreachable network
2026-02-10 15:57:38,455 [ERROR] Polling thread error: PLC disconnected: [WinError 10051] A socket operation was attempted to an unreachable network
2026-02-10 15:57:39,546 [ERROR] Polling thread error: PLC disconnected: [WinError 10051] A socket operation was attempted to an unreachable network
2026-02-10 15:57:40,642 [ERROR] Polling thread error: PLC disconnected: [WinError 10051] A socket operation was attempted to an unreachable network
2026-02-10 15:57:41,722 [ERROR] Polling thread error: PLC disconnected: [WinError 10051] A socket operation was attempted to an unreachable network
2026-02-10 15:57:42,814 [ERROR] Polling thread error: PLC disconnected: [WinError 10051] A socket operation was attempted to an unreachable network
2026-02-10 15:57:43,902 [ERROR] Polling thread error: PLC disconnected: [WinError 10051] A socket operation was attempted to an unreachable network
2026-02-10 15:57:44,981 [ERROR] Polling thread error: PLC disconnected: [WinError 10051] A socket operation was attempted to an unreachable network
2026-02-10 15:57:46,068 [ERROR] Polling thread error: PLC disconnected: [WinError 10051] A socket operation was attempted to an unreachable network
2026-02-10 15:57:47,158 [ERROR] Polling thread error: PLC disconnected: [WinError 10051] A socket operation was attempted to an unreachable network
2026-02-10 15:57:48,239 [ERROR] Polling thread error: PLC disconnected: [WinError 10051] A socket operation was attempted to an unreachable network
2026-02-10 15:57:49,335 [ERROR] Polling thread error: PLC disconnected: [WinError 10051] A socket operation was attempted to an unreachable network
2026-02-10 15:57:50,412 [ERROR] Polling thread error: PLC disconnected: [WinError 10051] A socket operation was attempted to an unreachable network
2026-02-10 15:57:51,503 [ERROR] Polling thread error: PLC disconnected: [WinError 10051] A socket operation was attempted to an unreachable network
2026-02-10 15:57:52,581 [ERROR] Polling thread error: PLC disconnected: [WinError 10051] A socket operation was attempted to an unreachable network
2026-02-10 15:57:53,659 [ERROR] Polling thread error: PLC disconnected: [WinError 10051] A socket operation was attempted to an unreachable network
2026-02-10 15:57:54,749 [ERROR] Polling thread error: PLC disconnected: [WinError 10051] A socket operation was attempted to an unreachable network
2026-02-10 15:57:55,844 [ERROR] Polling thread error: PLC disconnected: [WinError 10051] A socket operation was attempted to an unreachable network
2026-02-10 15:57:56,922 [ERROR] Polling thread error: PLC disconnected: [WinError 10051] A socket operation was attempted to an unreachable network
2026-02-10 15:57:58,000 [ERROR] Polling thread error: PLC disconnected: [WinError 10051] A socket operation was attempted to an unreachable network
2026-02-10 15:57:59,088 [ERROR] Polling thread error: PLC disconnected: [WinError 10051] A socket operation was attempted to an unreachable network
2026-02-10 15:58:00,179 [ERROR] Polling thread error: PLC disconnected: [WinError 10051] A socket operation was attempted to an unreachable network
2026-02-10 15:58:01,258 [ERROR] Polling thread error: PLC disconnected: [WinError 10051] A socket operation was attempted to an unreachable network
2026-02-10 15:58:02,346 [ERROR] Polling thread error: PLC disconnected: [WinError 10051] A socket operation was attempted to an unreachable network
2026-02-10 15:58:03,431 [ERROR] Polling thread error: PLC disconnected: [WinError 10051] A socket operation was attempted to an unreachable network
2026-02-10 15:58:04,520 [ERROR] Polling thread error: PLC disconnected: [WinError 10051] A socket operation was attempted to an unreachable network
2026-02-10 15:58:05,610 [ERROR] Polling thread error: PLC disconnected: [WinError 10051] A socket operation was attempted to an unreachable network
2026-02-10 15:58:06,698 [ERROR] Polling thread error: PLC disconnected: [WinError 10051] A socket operation was attempted to an unreachable network
2026-02-10 15:58:07,788 [ERROR] Polling thread error: PLC disconnected: [WinError 10051] A socket operation was attempted to an unreachable network
2026-02-10 15:58:08,877 [ERROR] Polling thread error: PLC disconnected: [WinError 10051] A socket operation was attempted to an unreachable network
2026-02-10 15:58:09,957 [ERROR] Polling thread error: PLC disconnected: [WinError 10051] A socket operation was attempted to an unreachable network
2026-02-10 15:58:11,048 [ERROR] Polling thread error: PLC disconnected: [WinError 10051] A socket operation was attempted to an unreachable network
2026-02-10 15:58:12,136 [ERROR] Polling thread error: PLC disconnected: [WinError 10051] A socket operation was attempted to an unreachable network
2026-02-10 15:58:13,227 [ERROR] Polling thread error: PLC disconnected: [WinError 10051] A socket operation was attempted to an unreachable network
2026-02-10 15:58:14,309 [ERROR] Polling thread error: PLC disconnected: [WinError 10051] A socket operation was attempted to an unreachable network
2026-02-10 15:58:15,398 [ERROR] Polling thread error: PLC disconnected: [WinError 10051] A socket operation was attempted to an unreachable network
2026-02-10 15:58:16,488 [ERROR] Polling thread error: PLC disconnected: [WinError 10051] A socket operation was attempted to an unreachable network
2026-02-10 15:58:17,578 [ERROR] Polling thread error: PLC disconnected: [WinError 10051] A socket operation was attempted to an unreachable network
2026-02-10 15:58:18,668 [ERROR] Polling thread error: PLC disconnected: [WinError 10051] A socket operation was attempted to an unreachable network
2026-02-10 15:58:19,758 [ERROR] Polling thread error: PLC disconnected: [WinError 10051] A socket operation was attempted to an unreachable network
2026-02-10 15:58:20,849 [ERROR] Polling thread error: PLC disconnected: [WinError 10051] A socket operation was attempted to an unreachable network
2026-02-10 15:58:21,937 [ERROR] Polling thread error: PLC disconnected: [WinError 10051] A socket operation was attempted to an unreachable network
2026-02-10 15:58:23,015 [ERROR] Polling thread error: PLC disconnected: [WinError 10051] A socket operation was attempted to an unreachable network
2026-02-10 15:58:24,104 [ERROR] Polling thread error: PLC disconnected: [WinError 10051] A socket operation was attempted to an unreachable network
2026-02-10 15:58:25,193 [ERROR] Polling thread error: PLC disconnected: [WinError 10051] A socket operation was attempted to an unreachable network
2026-02-10 15:58:26,274 [ERROR] Polling thread error: PLC disconnected: [WinError 10051] A socket operation was attempted to an unreachable network
2026-02-10 15:58:27,351 [ERROR] Polling thread error: PLC disconnected: [WinError 10051] A socket operation was attempted to an unreachable network
2026-02-10 15:58:28,443 [ERROR] Polling thread error: PLC disconnected: [WinError 10051] A socket operation was attempted to an unreachable network
2026-02-10 15:58:29,532 [ERROR] Polling thread error: PLC disconnected: [WinError 10051] A socket operation was attempted to an unreachable network
2026-02-10 15:58:30,621 [ERROR] Polling thread error: PLC disconnected: [WinError 10051] A socket operation was attempted to an unreachable network
2026-02-10 15:58:31,710 [ERROR] Polling thread error: PLC disconnected: [WinError 10051] A socket operation was attempted to an unreachable network
2026-02-10 15:58:32,799 [ERROR] Polling thread error: PLC disconnected: [WinError 10051] A socket operation was attempted to an unreachable network
2026-02-10 15:58:33,889 [ERROR] Polling thread error: PLC disconnected: [WinError 10051] A socket operation was attempted to an unreachable network
2026-02-10 15:58:34,979 [ERROR] Polling thread error: PLC disconnected: [WinError 10051] A socket operation was attempted to an unreachable network
2026-02-10 15:58:36,068 [ERROR] Polling thread error: PLC disconnected: [WinError 10051] A socket operation was attempted to an unreachable network
2026-02-10 15:58:37,157 [ERROR] Polling thread error: PLC disconnected: [WinError 10051] A socket operation was attempted to an unreachable network
2026-02-10 15:58:38,246 [ERROR] Polling thread error: PLC disconnected: [WinError 10051] A socket operation was attempted to an unreachable network
2026-02-10 15:58:39,326 [ERROR] Polling thread error: PLC disconnected: [WinError 10051] A socket operation was attempted to an unreachable network
2026-02-10 15:58:40,416 [ERROR] Polling thread error: PLC disconnected: [WinError 10051] A socket operation was attempted to an unreachable network
2026-02-10 15:58:41,506 [ERROR] Polling thread error: PLC disconnected: [WinError 10051] A socket operation was attempted to an unreachable network
2026-02-10 15:58:42,594 [ERROR] Polling thread error: PLC disconnected: [WinError 10051] A socket operation was attempted to an unreachable network
2026-02-10 15:58:43,673 [ERROR] Polling thread error: PLC disconnected: [WinError 10051] A socket operation was attempted to an unreachable network
2026-02-10 15:58:44,752 [ERROR] Polling thread error: PLC disconnected: [WinError 10051] A socket operation was attempted to an unreachable network
2026-02-10 15:58:45,842 [ERROR] Polling thread error: PLC disconnected: [WinError 10051] A socket operation was attempted to an unreachable network
2026-02-10 15:58:46,933 [ERROR] Polling thread error: PLC disconnected: [WinError 10051] A socket operation was attempted to an unreachable network
2026-02-10 15:58:48,022 [ERROR] Polling thread error: PLC disconnected: [WinError 10051] A socket operation was attempted to an unreachable network
2026-02-10 15:58:49,112 [ERROR] Polling thread error: PLC disconnected: [WinError 10051] A socket operation was attempted to an unreachable network
2026-02-10 15:58:50,200 [ERROR] Polling thread error: PLC disconnected: [WinError 10051] A socket operation was attempted to an unreachable network
2026-02-10 15:58:51,289 [ERROR] Polling thread error: PLC disconnected: [WinError 10051] A socket operation was attempted to an unreachable network
2026-02-10 15:58:52,368 [ERROR] Polling thread error: PLC disconnected: [WinError 10051] A socket operation was attempted to an unreachable network
2026-02-10 15:58:53,450 [ERROR] Polling thread error: PLC disconnected: [WinError 10051] A socket operation was attempted to an unreachable network
2026-02-10 15:58:54,539 [ERROR] Polling thread error: PLC disconnected: [WinError 10051] A socket operation was attempted to an unreachable network
2026-02-10 15:58:55,618 [ERROR] Polling thread error: PLC disconnected: [WinError 10051] A socket operation was attempted to an unreachable network
2026-02-10 15:58:56,709 [ERROR] Polling thread error: PLC disconnected: [WinError 10051] A socket operation was attempted to an unreachable network
2026-02-10 15:58:57,789 [ERROR] Polling thread error: PLC disconnected: [WinError 10051] A socket operation was attempted to an unreachable network
2026-02-10 15:58:58,878 [ERROR] Polling thread error: PLC disconnected: [WinError 10051] A socket operation was attempted to an unreachable network
2026-02-10 15:58:59,957 [ERROR] Polling thread error: PLC disconnected: [WinError 10051] A socket operation was attempted to an unreachable network
2026-02-10 15:59:01,048 [ERROR] Polling thread error: PLC disconnected: [WinError 10051] A socket operation was attempted to an unreachable network
2026-02-10 15:59:02,126 [ERROR] Polling thread error: PLC disconnected: [WinError 10051] A socket operation was attempted to an unreachable network
2026-02-10 15:59:03,216 [ERROR] Polling thread error: PLC disconnected: [WinError 10051] A socket operation was attempted to an unreachable network
2026-02-10 15:59:04,295 [ERROR] Polling thread error: PLC disconnected: [WinError 10051] A socket operation was attempted to an unreachable network
2026-02-10 15:59:05,384 [ERROR] Polling thread error: PLC disconnected: [WinError 10051] A socket operation was attempted to an unreachable network
2026-02-10 15:59:06,462 [ERROR] Polling thread error: PLC disconnected: [WinError 10051] A socket operation was attempted to an unreachable network
2026-02-10 15:59:07,540 [ERROR] Polling thread error: PLC disconnected: [WinError 10051] A socket operation was attempted to an unreachable network
2026-02-10 15:59:08,628 [ERROR] Polling thread error: PLC disconnected: [WinError 10051] A socket operation was attempted to an unreachable network
2026-02-10 15:59:09,707 [ERROR] Polling thread error: PLC disconnected: [WinError 10051] A socket operation was attempted to an unreachable network
2026-02-10 15:59:10,789 [ERROR] Polling thread error: PLC disconnected: [WinError 10051] A socket operation was attempted to an unreachable network
2026-02-10 15:59:11,879 [ERROR] Polling thread error: PLC disconnected: [WinError 10051] A socket operation was attempted to an unreachable network
2026-02-10 15:59:12,969 [ERROR] Polling thread error: PLC disconnected: [WinError 10051] A socket operation was attempted to an unreachable network
2026-02-10 15:59:14,048 [ERROR] Polling thread error: PLC disconnected: [WinError 10051] A socket operation was attempted to an unreachable network
2026-02-10 15:59:15,125 [ERROR] Polling thread error: PLC disconnected: [WinError 10051] A socket operation was attempted to an unreachable network
2026-02-10 15:59:16,215 [ERROR] Polling thread error: PLC disconnected: [WinError 10051] A socket operation was attempted to an unreachable network
2026-02-10 15:59:17,318 [ERROR] Polling thread error: PLC disconnected: [WinError 10051] A socket operation was attempted to an unreachable network
2026-02-10 15:59:18,404 [ERROR] Polling thread error: PLC disconnected: [WinError 10051] A socket operation was attempted to an unreachable network
2026-02-10 15:59:19,516 [ERROR] Polling thread error: PLC disconnected: [WinError 10051] A socket operation was attempted to an unreachable network
2026-02-10 15:59:20,630 [ERROR] Polling thread error: PLC disconnected: [WinError 10051] A socket operation was attempted to an unreachable network
2026-02-10 15:59:21,746 [ERROR] Polling thread error: PLC disconnected: [WinError 10051] A socket operation was attempted to an unreachable network
2026-02-10 15:59:22,836 [ERROR] Polling thread error: PLC disconnected: [WinError 10051] A socket operation was attempted to an unreachable network
2026-02-10 15:59:23,951 [ERROR] Polling thread error: PLC disconnected: [WinError 10051] A socket operation was attempted to an unreachable network
2026-02-10 15:59:25,052 [ERROR] Polling thread error: PLC disconnected: [WinError 10051] A socket operation was attempted to an unreachable network
2026-02-10 15:59:26,156 [ERROR] Polling thread error: PLC disconnected: [WinError 10051] A socket operation was attempted to an unreachable network
2026-02-10 15:59:27,269 [ERROR] Polling thread error: PLC disconnected: [WinError 10051] A socket operation was attempted to an unreachable network
2026-02-10 15:59:28,384 [ERROR] Polling thread error: PLC disconnected: [WinError 10051] A socket operation was attempted to an unreachable network
2026-02-10 15:59:29,477 [ERROR] Polling thread error: PLC disconnected: [WinError 10051] A socket operation was attempted to an unreachable network
2026-02-10 15:59:30,565 [ERROR] Polling thread error: PLC disconnected: [WinError 10051] A socket operation was attempted to an unreachable network
2026-02-10 15:59:31,655 [ERROR] Polling thread error: PLC disconnected: [WinError 10051] A socket operation was attempted to an unreachable network
2026-02-10 15:59:32,758 [ERROR] Polling thread error: PLC disconnected: [WinError 10051] A socket operation was attempted to an unreachable network
2026-02-10 15:59:33,847 [ERROR] Polling thread error: PLC disconnected: [WinError 10051] A socket operation was attempted to an unreachable network
2026-02-10 15:59:34,935 [ERROR] Polling thread error: PLC disconnected: [WinError 10051] A socket operation was attempted to an unreachable network
2026-02-10 15:59:36,018 [ERROR] Polling thread error: PLC disconnected: [WinError 10051] A socket operation was attempted to an unreachable network
2026-02-10 15:59:37,130 [ERROR] Polling thread error: PLC disconnected: [WinError 10051] A socket operation was attempted to an unreachable network
2026-02-10 15:59:38,230 [ERROR] Polling thread error: PLC disconnected: [WinError 10051] A socket operation was attempted to an unreachable network
2026-02-10 15:59:39,329 [ERROR] Polling thread error: PLC disconnected: [WinError 10051] A socket operation was attempted to an unreachable network
2026-02-10 15:59:40,424 [ERROR] Polling thread error: PLC disconnected: [WinError 10051] A socket operation was attempted to an unreachable network
2026-02-10 15:59:41,532 [ERROR] Polling thread error: PLC disconnected: [WinError 10051] A socket operation was attempted to an unreachable network
2026-02-10 15:59:42,641 [ERROR] Polling thread error: PLC disconnected: [WinError 10051] A socket operation was attempted to an unreachable network
2026-02-10 15:59:43,730 [ERROR] Polling thread error: PLC disconnected: [WinError 10051] A socket operation was attempted to an unreachable network
2026-02-10 15:59:44,823 [ERROR] Polling thread error: PLC disconnected: [WinError 10051] A socket operation was attempted to an unreachable network
2026-02-10 15:59:45,913 [ERROR] Polling thread error: PLC disconnected: [WinError 10051] A socket operation was attempted to an unreachable network
2026-02-10 15:59:47,002 [ERROR] Polling thread error: PLC disconnected: [WinError 10051] A socket operation was attempted to an unreachable network
2026-02-10 15:59:48,087 [ERROR] Polling thread error: PLC disconnected: [WinError 10051] A socket operation was attempted to an unreachable network
2026-02-10 15:59:49,188 [ERROR] Polling thread error: PLC disconnected: [WinError 10051] A socket operation was attempted to an unreachable network
2026-02-10 15:59:50,280 [ERROR] Polling thread error: PLC disconnected: [WinError 10051] A socket operation was attempted to an unreachable network
2026-02-10 15:59:51,382 [ERROR] Polling thread error: PLC disconnected: [WinError 10051] A socket operation was attempted to an unreachable network
2026-02-10 15:59:52,471 [ERROR] Polling thread error: PLC disconnected: [WinError 10051] A socket operation was attempted to an unreachable network
2026-02-10 15:59:53,564 [ERROR] Polling thread error: PLC disconnected: [WinError 10051] A socket operation was attempted to an unreachable network
2026-02-10 15:59:54,673 [ERROR] Polling thread error: PLC disconnected: [WinError 10051] A socket operation was attempted to an unreachable network
2026-02-10 15:59:55,780 [ERROR] Polling thread error: PLC disconnected: [WinError 10051] A socket operation was attempted to an unreachable network
2026-02-10 15:59:56,881 [ERROR] Polling thread error: PLC disconnected: [WinError 10051] A socket operation was attempted to an unreachable network
2026-02-10 15:59:57,966 [ERROR] Polling thread error: PLC disconnected: [WinError 10051] A socket operation was attempted to an unreachable network
2026-02-10 15:59:59,060 [ERROR] Polling thread error: PLC disconnected: [WinError 10051] A socket operation was attempted to an unreachable network
2026-02-10 16:00:00,166 [ERROR] Polling thread error: PLC disconnected: [WinError 10051] A socket operation was attempted to an unreachable network
2026-02-10 16:00:01,259 [ERROR] Polling thread error: PLC disconnected: [WinError 10051] A socket operation was attempted to an unreachable network
2026-02-10 16:00:02,366 [ERROR] Polling thread error: PLC disconnected: [WinError 10051] A socket operation was attempted to an unreachable network
2026-02-10 16:00:03,455 [ERROR] Polling thread error: PLC disconnected: [WinError 10051] A socket operation was attempted to an unreachable network
2026-02-10 16:00:04,550 [ERROR] Polling thread error: PLC disconnected: [WinError 10051] A socket operation was attempted to an unreachable network
2026-02-10 16:00:05,645 [ERROR] Polling thread error: PLC disconnected: [WinError 10051] A socket operation was attempted to an unreachable network
2026-02-10 16:00:06,740 [ERROR] Polling thread error: PLC disconnected: [WinError 10051] A socket operation was attempted to an unreachable network
2026-02-10 16:00:07,865 [ERROR] Polling thread error: PLC disconnected: [WinError 10051] A socket operation was attempted to an unreachable network
2026-02-10 16:00:08,968 [ERROR] Polling thread error: PLC disconnected: [WinError 10051] A socket operation was attempted to an unreachable network
2026-02-10 16:00:10,054 [ERROR] Polling thread error: PLC disconnected: [WinError 10051] A socket operation was attempted to an unreachable network
2026-02-10 16:00:11,141 [ERROR] Polling thread error: PLC disconnected: [WinError 10051] A socket operation was attempted to an unreachable network
2026-02-10 16:00:12,245 [ERROR] Polling thread error: PLC disconnected: [WinError 10051] A socket operation was attempted to an unreachable network
2026-02-10 16:00:13,342 [ERROR] Polling thread error: PLC disconnected: [WinError 10051] A socket operation was attempted to an unreachable network
2026-02-10 16:00:14,430 [ERROR] Polling thread error: PLC disconnected: [WinError 10051] A socket operation was attempted to an unreachable network
2026-02-10 16:00:15,516 [ERROR] Polling thread error: PLC disconnected: [WinError 10051] A socket operation was attempted to an unreachable network
2026-02-10 16:00:16,602 [ERROR] Polling thread error: PLC disconnected: [WinError 10051] A socket operation was attempted to an unreachable network
2026-02-10 16:00:17,739 [ERROR] Polling thread error: PLC disconnected: [WinError 10051] A socket operation was attempted to an unreachable network
2026-02-10 16:00:18,833 [ERROR] Polling thread error: PLC disconnected: [WinError 10051] A socket operation was attempted to an unreachable network
2026-02-10 16:00:19,934 [ERROR] Polling thread error: PLC disconnected: [WinError 10051] A socket operation was attempted to an unreachable network
2026-02-10 16:00:21,018 [ERROR] Polling thread error: PLC disconnected: [WinError 10051] A socket operation was attempted to an unreachable network
2026-02-10 16:00:22,107 [ERROR] Polling thread error: PLC disconnected: [WinError 10051] A socket operation was attempted to an unreachable network
2026-02-10 16:00:23,192 [ERROR] Polling thread error: PLC disconnected: [WinError 10051] A socket operation was attempted to an unreachable network
2026-02-10 16:00:24,285 [ERROR] Polling thread error: PLC disconnected: [WinError 10051] A socket operation was attempted to an unreachable network
2026-02-10 16:00:25,378 [ERROR] Polling thread error: PLC disconnected: [WinError 10051] A socket operation was attempted to an unreachable network
2026-02-10 16:00:26,459 [ERROR] Polling thread error: PLC disconnected: [WinError 10051] A socket operation was attempted to an unreachable network
2026-02-10 16:00:27,555 [ERROR] Polling thread error: PLC disconnected: [WinError 10051] A socket operation was attempted to an unreachable network
2026-02-10 16:00:28,643 [ERROR] Polling thread error: PLC disconnected: [WinError 10051] A socket operation was attempted to an unreachable network
2026-02-10 16:00:29,746 [ERROR] Polling thread error: PLC disconnected: [WinError 10051] A socket operation was attempted to an unreachable network
2026-02-10 16:00:30,846 [ERROR] Polling thread error: PLC disconnected: [WinError 10051] A socket operation was attempted to an unreachable network
2026-02-10 16:00:31,940 [ERROR] Polling thread error: PLC disconnected: [WinError 10051] A socket operation was attempted to an unreachable network
2026-02-10 16:00:33,030 [ERROR] Polling thread error: PLC disconnected: [WinError 10051] A socket operation was attempted to an unreachable network
2026-02-10 16:00:34,138 [ERROR] Polling thread error: PLC disconnected: [WinError 10051] A socket operation was attempted to an unreachable network
2026-02-10 16:00:35,260 [ERROR] Polling thread error: PLC disconnected: [WinError 10051] A socket operation was attempted to an unreachable network
2026-02-10 16:00:36,384 [ERROR] Polling thread error: PLC disconnected: [WinError 10051] A socket operation was attempted to an unreachable network
2026-02-10 16:00:37,477 [ERROR] Polling thread error: PLC disconnected: [WinError 10051] A socket operation was attempted to an unreachable network
2026-02-10 16:00:38,567 [ERROR] Polling thread error: PLC disconnected: [WinError 10051] A socket operation was attempted to an unreachable network
2026-02-10 16:00:39,672 [ERROR] Polling thread error: PLC disconnected: [WinError 10051] A socket operation was attempted to an unreachable network
2026-02-10 16:00:40,775 [ERROR] Polling thread error: PLC disconnected: [WinError 10051] A socket operation was attempted to an unreachable network
2026-02-10 16:00:41,861 [ERROR] Polling thread error: PLC disconnected: [WinError 10051] A socket operation was attempted to an unreachable network
2026-02-10 16:00:42,949 [ERROR] Polling thread error: PLC disconnected: [WinError 10051] A socket operation was attempted to an unreachable network
2026-02-10 16:00:44,041 [ERROR] Polling thread error: PLC disconnected: [WinError 10051] A socket operation was attempted to an unreachable network
2026-02-10 16:00:45,129 [ERROR] Polling thread error: PLC disconnected: [WinError 10051] A socket operation was attempted to an unreachable network
2026-02-10 16:00:46,223 [ERROR] Polling thread error: PLC disconnected: [WinError 10051] A socket operation was attempted to an unreachable network
2026-02-10 16:00:47,301 [ERROR] Polling thread error: PLC disconnected: [WinError 10051] A socket operation was attempted to an unreachable network
2026-02-10 16:00:48,380 [ERROR] Polling thread error: PLC disconnected: [WinError 10051] A socket operation was attempted to an unreachable network
2026-02-10 16:00:49,473 [ERROR] Polling thread error: PLC disconnected: [WinError 10051] A socket operation was attempted to an unreachable network
2026-02-10 16:00:50,567 [ERROR] Polling thread error: PLC disconnected: [WinError 10051] A socket operation was attempted to an unreachable network
2026-02-10 16:00:51,661 [ERROR] Polling thread error: PLC disconnected: [WinError 10051] A socket operation was attempted to an unreachable network
2026-02-10 16:00:52,755 [ERROR] Polling thread error: PLC disconnected: [WinError 10051] A socket operation was attempted to an unreachable network
2026-02-10 16:00:53,856 [ERROR] Polling thread error: PLC disconnected: [WinError 10051] A socket operation was attempted to an unreachable network
2026-02-10 16:00:54,944 [ERROR] Polling thread error: PLC disconnected: [WinError 10051] A socket operation was attempted to an unreachable network
2026-02-10 16:00:56,031 [ERROR] Polling thread error: PLC disconnected: [WinError 10051] A socket operation was attempted to an unreachable network
2026-02-10 16:00:57,134 [ERROR] Polling thread error: PLC disconnected: [WinError 10051] A socket operation was attempted to an unreachable network
2026-02-10 16:00:58,239 [ERROR] Polling thread error: PLC disconnected: [WinError 10051] A socket operation was attempted to an unreachable network
2026-02-10 16:00:59,327 [ERROR] Polling thread error: PLC disconnected: [WinError 10051] A socket operation was attempted to an unreachable network
2026-02-10 16:01:00,421 [ERROR] Polling thread error: PLC disconnected: [WinError 10051] A socket operation was attempted to an unreachable network
2026-02-10 16:01:01,511 [ERROR] Polling thread error: PLC disconnected: [WinError 10051] A socket operation was attempted to an unreachable network
2026-02-10 16:01:02,615 [ERROR] Polling thread error: PLC disconnected: [WinError 10051] A socket operation was attempted to an unreachable network
2026-02-10 16:01:03,705 [ERROR] Polling thread error: PLC disconnected: [WinError 10051] A socket operation was attempted to an unreachable network
2026-02-10 16:01:04,798 [ERROR] Polling thread error: PLC disconnected: [WinError 10051] A socket operation was attempted to an unreachable network
2026-02-10 16:01:05,888 [ERROR] Polling thread error: PLC disconnected: [WinError 10051] A socket operation was attempted to an unreachable network
2026-02-10 16:01:06,977 [ERROR] Polling thread error: PLC disconnected: [WinError 10051] A socket operation was attempted to an unreachable network
2026-02-10 16:01:08,075 [ERROR] Polling thread error: PLC disconnected: [WinError 10051] A socket operation was attempted to an unreachable network
2026-02-10 16:01:09,162 [ERROR] Polling thread error: PLC disconnected: [WinError 10051] A socket operation was attempted to an unreachable network
2026-02-10 16:01:10,259 [ERROR] Polling thread error: PLC disconnected: [WinError 10051] A socket operation was attempted to an unreachable network
2026-02-10 16:01:11,387 [ERROR] Polling thread error: PLC disconnected: [WinError 10051] A socket operation was attempted to an unreachable network
2026-02-10 16:01:12,497 [ERROR] Polling thread error: PLC disconnected: [WinError 10051] A socket operation was attempted to an unreachable network
2026-02-10 16:01:13,601 [ERROR] Polling thread error: PLC disconnected: [WinError 10051] A socket operation was attempted to an unreachable network
2026-02-10 16:01:14,690 [ERROR] Polling thread error: PLC disconnected: [WinError 10051] A socket operation was attempted to an unreachable network
2026-02-10 16:01:15,795 [ERROR] Polling thread error: PLC disconnected: [WinError 10051] A socket operation was attempted to an unreachable network
2026-02-10 16:01:16,900 [ERROR] Polling thread error: PLC disconnected: [WinError 10051] A socket operation was attempted to an unreachable network
2026-02-10 16:01:18,008 [ERROR] Polling thread error: PLC disconnected: [WinError 10051] A socket operation was attempted to an unreachable network
2026-02-10 16:01:19,116 [ERROR] Polling thread error: PLC disconnected: [WinError 10051] A socket operation was attempted to an unreachable network
2026-02-10 16:01:20,217 [ERROR] Polling thread error: PLC disconnected: [WinError 10051] A socket operation was attempted to an unreachable network
2026-02-10 16:01:21,305 [ERROR] Polling thread error: PLC disconnected: [WinError 10051] A socket operation was attempted to an unreachable network
2026-02-10 16:01:22,390 [ERROR] Polling thread error: PLC disconnected: [WinError 10051] A socket operation was attempted to an unreachable network
2026-02-10 16:01:23,490 [ERROR] Polling thread error: PLC disconnected: [WinError 10051] A socket operation was attempted to an unreachable network
2026-02-10 16:01:24,589 [ERROR] Polling thread error: PLC disconnected: [WinError 10051] A socket operation was attempted to an unreachable network
2026-02-10 16:01:25,677 [ERROR] Polling thread error: PLC disconnected: [WinError 10051] A socket operation was attempted to an unreachable network
2026-02-10 16:01:26,778 [ERROR] Polling thread error: PLC disconnected: [WinError 10051] A socket operation was attempted to an unreachable network
2026-02-10 16:01:27,888 [ERROR] Polling thread error: PLC disconnected: [WinError 10051] A socket operation was attempted to an unreachable network
2026-02-10 16:01:28,976 [ERROR] Polling thread error: PLC disconnected: [WinError 10051] A socket operation was attempted to an unreachable network
2026-02-10 16:01:30,067 [ERROR] Polling thread error: PLC disconnected: [WinError 10051] A socket operation was attempted to an unreachable network
2026-02-10 16:01:31,174 [ERROR] Polling thread error: PLC disconnected: [WinError 10051] A socket operation was attempted to an unreachable network
2026-02-10 16:01:32,283 [ERROR] Polling thread error: PLC disconnected: [WinError 10051] A socket operation was attempted to an unreachable network
2026-02-10 16:01:33,387 [ERROR] Polling thread error: PLC disconnected: [WinError 10051] A socket operation was attempted to an unreachable network
2026-02-10 16:01:34,494 [ERROR] Polling thread error: PLC disconnected: [WinError 10051] A socket operation was attempted to an unreachable network
2026-02-10 16:01:35,593 [ERROR] Polling thread error: PLC disconnected: [WinError 10051] A socket operation was attempted to an unreachable network
2026-02-10 16:01:36,684 [ERROR] Polling thread error: PLC disconnected: [WinError 10051] A socket operation was attempted to an unreachable network
2026-02-10 16:01:37,790 [ERROR] Polling thread error: PLC disconnected: [WinError 10051] A socket operation was attempted to an unreachable network
2026-02-10 16:01:38,880 [ERROR] Polling thread error: PLC disconnected: [WinError 10051] A socket operation was attempted to an unreachable network
2026-02-10 16:01:39,970 [ERROR] Polling thread error: PLC disconnected: [WinError 10051] A socket operation was attempted to an unreachable network
2026-02-10 16:01:41,074 [ERROR] Polling thread error: PLC disconnected: [WinError 10051] A socket operation was attempted to an unreachable network
2026-02-10 16:01:42,181 [ERROR] Polling thread error: PLC disconnected: [WinError 10051] A socket operation was attempted to an unreachable network
2026-02-10 16:01:43,284 [ERROR] Polling thread error: PLC disconnected: [WinError 10051] A socket operation was attempted to an unreachable network
2026-02-10 16:01:44,394 [ERROR] Polling thread error: PLC disconnected: [WinError 10051] A socket operation was attempted to an unreachable network
2026-02-10 16:01:45,497 [ERROR] Polling thread error: PLC disconnected: [WinError 10051] A socket operation was attempted to an unreachable network
2026-02-10 16:01:46,606 [ERROR] Polling thread error: PLC disconnected: [WinError 10051] A socket operation was attempted to an unreachable network
2026-02-10 16:01:47,708 [ERROR] Polling thread error: PLC disconnected: [WinError 10051] A socket operation was attempted to an unreachable network
2026-02-10 16:01:48,800 [ERROR] Polling thread error: PLC disconnected: [WinError 10051] A socket operation was attempted to an unreachable network
2026-02-10 16:01:49,908 [ERROR] Polling thread error: PLC disconnected: [WinError 10051] A socket operation was attempted to an unreachable network
2026-02-10 16:01:51,011 [ERROR] Polling thread error: PLC disconnected: [WinError 10051] A socket operation was attempted to an unreachable network
2026-02-10 16:01:52,115 [ERROR] Polling thread error: PLC disconnected: [WinError 10051] A socket operation was attempted to an unreachable network
2026-02-10 16:01:53,202 [ERROR] Polling thread error: PLC disconnected: [WinError 10051] A socket operation was attempted to an unreachable network
2026-02-10 16:01:54,305 [ERROR] Polling thread error: PLC disconnected: [WinError 10051] A socket operation was attempted to an unreachable network
2026-02-10 16:01:55,422 [ERROR] Polling thread error: PLC disconnected: [WinError 10051] A socket operation was attempted to an unreachable network
2026-02-10 16:01:56,528 [ERROR] Polling thread error: PLC disconnected: [WinError 10051] A socket operation was attempted to an unreachable network
2026-02-10 16:01:57,624 [ERROR] Polling thread error: PLC disconnected: [WinError 10051] A socket operation was attempted to an unreachable network
2026-02-10 16:01:58,727 [ERROR] Polling thread error: PLC disconnected: [WinError 10051] A socket operation was attempted to an unreachable network
2026-02-10 16:01:59,823 [ERROR] Polling thread error: PLC disconnected: [WinError 10051] A socket operation was attempted to an unreachable network
2026-02-10 16:02:00,931 [ERROR] Polling thread error: PLC disconnected: [WinError 10051] A socket operation was attempted to an unreachable network
2026-02-10 16:02:02,018 [ERROR] Polling thread error: PLC disconnected: [WinError 10051] A socket operation was attempted to an unreachable network
2026-02-10 16:02:03,108 [ERROR] Polling thread error: PLC disconnected: [WinError 10051] A socket operation was attempted to an unreachable network
2026-02-10 16:02:04,205 [ERROR] Polling thread error: PLC disconnected: [WinError 10051] A socket operation was attempted to an unreachable network
2026-02-10 16:02:05,293 [ERROR] Polling thread error: PLC disconnected: [WinError 10051] A socket operation was attempted to an unreachable network
2026-02-10 16:02:06,396 [ERROR] Polling thread error: PLC disconnected: [WinError 10051] A socket operation was attempted to an unreachable network
2026-02-10 16:02:07,506 [ERROR] Polling thread error: PLC disconnected: [WinError 10051] A socket operation was attempted to an unreachable network
2026-02-10 16:02:08,599 [ERROR] Polling thread error: PLC disconnected: [WinError 10051] A socket operation was attempted to an unreachable network
2026-02-10 16:02:09,706 [ERROR] Polling thread error: PLC disconnected: [WinError 10051] A socket operation was attempted to an unreachable network
2026-02-10 16:02:10,817 [ERROR] Polling thread error: PLC disconnected: [WinError 10051] A socket operation was attempted to an unreachable network
2026-02-10 16:02:11,910 [ERROR] Polling thread error: PLC disconnected: [WinError 10051] A socket operation was attempted to an unreachable network
2026-02-10 16:02:12,998 [ERROR] Polling thread error: PLC disconnected: [WinError 10051] A socket operation was attempted to an unreachable network
2026-02-10 16:02:14,121 [ERROR] Polling thread error: PLC disconnected: [WinError 10051] A socket operation was attempted to an unreachable network
2026-02-10 16:02:15,225 [ERROR] Polling thread error: PLC disconnected: [WinError 10051] A socket operation was attempted to an unreachable network
2026-02-10 16:02:16,331 [ERROR] Polling thread error: PLC disconnected: [WinError 10051] A socket operation was attempted to an unreachable network
2026-02-10 16:02:17,422 [ERROR] Polling thread error: PLC disconnected: [WinError 10051] A socket operation was attempted to an unreachable network
2026-02-10 16:02:18,525 [ERROR] Polling thread error: PLC disconnected: [WinError 10051] A socket operation was attempted to an unreachable network
2026-02-10 16:02:19,612 [ERROR] Polling thread error: PLC disconnected: [WinError 10051] A socket operation was attempted to an unreachable network
2026-02-10 16:02:20,711 [ERROR] Polling thread error: PLC disconnected: [WinError 10051] A socket operation was attempted to an unreachable network
2026-02-10 16:02:21,840 [ERROR] Polling thread error: PLC disconnected: [WinError 10051] A socket operation was attempted to an unreachable network
2026-02-10 16:02:22,947 [ERROR] Polling thread error: PLC disconnected: [WinError 10051] A socket operation was attempted to an unreachable network
2026-02-10 16:02:24,042 [ERROR] Polling thread error: PLC disconnected: [WinError 10051] A socket operation was attempted to an unreachable network
2026-02-10 16:02:25,147 [ERROR] Polling thread error: PLC disconnected: [WinError 10051] A socket operation was attempted to an unreachable network
2026-02-10 16:02:26,247 [ERROR] Polling thread error: PLC disconnected: [WinError 10051] A socket operation was attempted to an unreachable network
2026-02-10 16:02:27,339 [ERROR] Polling thread error: PLC disconnected: [WinError 10051] A socket operation was attempted to an unreachable network
2026-02-10 16:02:28,445 [ERROR] Polling thread error: PLC disconnected: [WinError 10051] A socket operation was attempted to an unreachable network
2026-02-10 16:02:29,535 [ERROR] Polling thread error: PLC disconnected: [WinError 10051] A socket operation was attempted to an unreachable network
2026-02-10 16:02:30,623 [ERROR] Polling thread error: PLC disconnected: [WinError 10051] A socket operation was attempted to an unreachable network
2026-02-10 16:02:31,712 [ERROR] Polling thread error: PLC disconnected: [WinError 10051] A socket operation was attempted to an unreachable network
2026-02-10 16:02:32,807 [ERROR] Polling thread error: PLC disconnected: [WinError 10051] A socket operation was attempted to an unreachable network
2026-02-10 16:02:33,912 [ERROR] Polling thread error: PLC disconnected: [WinError 10051] A socket operation was attempted to an unreachable network
2026-02-10 16:02:35,016 [ERROR] Polling thread error: PLC disconnected: [WinError 10051] A socket operation was attempted to an unreachable network
2026-02-10 16:02:36,106 [ERROR] Polling thread error: PLC disconnected: [WinError 10051] A socket operation was attempted to an unreachable network
2026-02-10 16:02:37,192 [ERROR] Polling thread error: PLC disconnected: [WinError 10051] A socket operation was attempted to an unreachable network
2026-02-10 16:02:38,293 [ERROR] Polling thread error: PLC disconnected: [WinError 10051] A socket operation was attempted to an unreachable network
2026-02-10 16:02:39,381 [ERROR] Polling thread error: PLC disconnected: [WinError 10051] A socket operation was attempted to an unreachable network
2026-02-10 16:02:40,487 [ERROR] Polling thread error: PLC disconnected: [WinError 10051] A socket operation was attempted to an unreachable network
2026-02-10 16:02:41,593 [ERROR] Polling thread error: PLC disconnected: [WinError 10051] A socket operation was attempted to an unreachable network
2026-02-10 16:02:42,690 [ERROR] Polling thread error: PLC disconnected: [WinError 10051] A socket operation was attempted to an unreachable network
2026-02-10 16:02:43,792 [ERROR] Polling thread error: PLC disconnected: [WinError 10051] A socket operation was attempted to an unreachable network
2026-02-10 16:02:44,896 [ERROR] Polling thread error: PLC disconnected: [WinError 10051] A socket operation was attempted to an unreachable network
2026-02-10 16:02:46,000 [ERROR] Polling thread error: PLC disconnected: [WinError 10051] A socket operation was attempted to an unreachable network
2026-02-10 16:02:47,092 [ERROR] Polling thread error: PLC disconnected: [WinError 10051] A socket operation was attempted to an unreachable network
2026-02-10 16:02:48,196 [ERROR] Polling thread error: PLC disconnected: [WinError 10051] A socket operation was attempted to an unreachable network
2026-02-10 16:02:49,300 [ERROR] Polling thread error: PLC disconnected: [WinError 10051] A socket operation was attempted to an unreachable network
2026-02-10 16:02:50,402 [ERROR] Polling thread error: PLC disconnected: [WinError 10051] A socket operation was attempted to an unreachable network
2026-02-10 16:02:51,490 [ERROR] Polling thread error: PLC disconnected: [WinError 10051] A socket operation was attempted to an unreachable network
2026-02-10 16:02:52,592 [ERROR] Polling thread error: PLC disconnected: [WinError 10051] A socket operation was attempted to an unreachable network
2026-02-10 16:02:53,698 [ERROR] Polling thread error: PLC disconnected: [WinError 10051] A socket operation was attempted to an unreachable network
2026-02-10 16:02:54,796 [ERROR] Polling thread error: PLC disconnected: [WinError 10051] A socket operation was attempted to an unreachable network
2026-02-10 16:02:55,897 [ERROR] Polling thread error: PLC disconnected: [WinError 10051] A socket operation was attempted to an unreachable network
2026-02-10 16:02:57,007 [ERROR] Polling thread error: PLC disconnected: [WinError 10051] A socket operation was attempted to an unreachable network
2026-02-10 16:02:58,112 [ERROR] Polling thread error: PLC disconnected: [WinError 10051] A socket operation was attempted to an unreachable network
2026-02-10 16:02:59,205 [ERROR] Polling thread error: PLC disconnected: [WinError 10051] A socket operation was attempted to an unreachable network
2026-02-10 16:03:00,295 [ERROR] Polling thread error: PLC disconnected: [WinError 10051] A socket operation was attempted to an unreachable network
2026-02-10 16:03:01,385 [ERROR] Polling thread error: PLC disconnected: [WinError 10051] A socket operation was attempted to an unreachable network
2026-02-10 16:03:02,475 [ERROR] Polling thread error: PLC disconnected: [WinError 10051] A socket operation was attempted to an unreachable network
2026-02-10 16:03:03,559 [ERROR] Polling thread error: PLC disconnected: [WinError 10051] A socket operation was attempted to an unreachable network
2026-02-10 16:03:04,662 [ERROR] Polling thread error: PLC disconnected: [WinError 10051] A socket operation was attempted to an unreachable network
2026-02-10 16:03:05,762 [ERROR] Polling thread error: PLC disconnected: [WinError 10051] A socket operation was attempted to an unreachable network
2026-02-10 16:03:06,866 [ERROR] Polling thread error: PLC disconnected: [WinError 10051] A socket operation was attempted to an unreachable network
2026-02-10 16:03:07,956 [ERROR] Polling thread error: PLC disconnected: [WinError 10051] A socket operation was attempted to an unreachable network
2026-02-10 16:03:09,052 [ERROR] Polling thread error: PLC disconnected: [WinError 10051] A socket operation was attempted to an unreachable network
2026-02-10 16:03:10,161 [ERROR] Polling thread error: PLC disconnected: [WinError 10051] A socket operation was attempted to an unreachable network
2026-02-10 16:03:11,269 [ERROR] Polling thread error: PLC disconnected: [WinError 10051] A socket operation was attempted to an unreachable network
2026-02-10 16:03:12,361 [ERROR] Polling thread error: PLC disconnected: [WinError 10051] A socket operation was attempted to an unreachable network
2026-02-10 16:03:13,458 [ERROR] Polling thread error: PLC disconnected: [WinError 10051] A socket operation was attempted to an unreachable network
2026-02-10 16:03:14,551 [ERROR] Polling thread error: PLC disconnected: [WinError 10051] A socket operation was attempted to an unreachable network
2026-02-10 16:03:15,640 [ERROR] Polling thread error: PLC disconnected: [WinError 10051] A socket operation was attempted to an unreachable network
2026-02-10 16:03:16,733 [ERROR] Polling thread error: PLC disconnected: [WinError 10051] A socket operation was attempted to an unreachable network
2026-02-10 16:03:17,842 [ERROR] Polling thread error: PLC disconnected: [WinError 10051] A socket operation was attempted to an unreachable network
2026-02-10 16:03:18,927 [ERROR] Polling thread error: PLC disconnected: [WinError 10051] A socket operation was attempted to an unreachable network
2026-02-10 16:03:20,017 [ERROR] Polling thread error: PLC disconnected: [WinError 10051] A socket operation was attempted to an unreachable network
2026-02-10 16:03:21,098 [ERROR] Polling thread error: PLC disconnected: [WinError 10051] A socket operation was attempted to an unreachable network
2026-02-10 16:03:22,203 [ERROR] Polling thread error: PLC disconnected: [WinError 10051] A socket operation was attempted to an unreachable network
2026-02-10 16:03:23,283 [ERROR] Polling thread error: PLC disconnected: [WinError 10051] A socket operation was attempted to an unreachable network
2026-02-10 16:03:24,371 [ERROR] Polling thread error: PLC disconnected: [WinError 10051] A socket operation was attempted to an unreachable network
2026-02-10 16:03:25,458 [ERROR] Polling thread error: PLC disconnected: [WinError 10051] A socket operation was attempted to an unreachable network
2026-02-10 16:03:26,545 [ERROR] Polling thread error: PLC disconnected: [WinError 10051] A socket operation was attempted to an unreachable network
2026-02-10 16:03:27,634 [ERROR] Polling thread error: PLC disconnected: [WinError 10051] A socket operation was attempted to an unreachable network
2026-02-10 16:03:28,712 [ERROR] Polling thread error: PLC disconnected: [WinError 10051] A socket operation was attempted to an unreachable network
2026-02-10 16:03:29,800 [ERROR] Polling thread error: PLC disconnected: [WinError 10051] A socket operation was attempted to an unreachable network
2026-02-10 16:03:30,879 [ERROR] Polling thread error: PLC disconnected: [WinError 10051] A socket operation was attempted to an unreachable network
2026-02-10 16:03:31,967 [ERROR] Polling thread error: PLC disconnected: [WinError 10051] A socket operation was attempted to an unreachable network
2026-02-10 16:03:33,058 [ERROR] Polling thread error: PLC disconnected: [WinError 10051] A socket operation was attempted to an unreachable network
2026-02-10 16:03:34,138 [ERROR] Polling thread error: PLC disconnected: [WinError 10051] A socket operation was attempted to an unreachable network
2026-02-10 16:03:35,216 [ERROR] Polling thread error: PLC disconnected: [WinError 10051] A socket operation was attempted to an unreachable network
2026-02-10 16:03:36,295 [ERROR] Polling thread error: PLC disconnected: [WinError 10051] A socket operation was attempted to an unreachable network
2026-02-10 16:03:37,374 [ERROR] Polling thread error: PLC disconnected: [WinError 10051] A socket operation was attempted to an unreachable network
2026-02-10 16:03:38,462 [ERROR] Polling thread error: PLC disconnected: [WinError 10051] A socket operation was attempted to an unreachable network
2026-02-10 16:03:39,554 [ERROR] Polling thread error: PLC disconnected: [WinError 10051] A socket operation was attempted to an unreachable network
2026-02-10 16:03:40,631 [ERROR] Polling thread error: PLC disconnected: [WinError 10051] A socket operation was attempted to an unreachable network
2026-02-10 16:03:41,710 [ERROR] Polling thread error: PLC disconnected: [WinError 10051] A socket operation was attempted to an unreachable network
2026-02-10 16:03:42,801 [ERROR] Polling thread error: PLC disconnected: [WinError 10051] A socket operation was attempted to an unreachable network
2026-02-10 16:03:43,890 [ERROR] Polling thread error: PLC disconnected: [WinError 10051] A socket operation was attempted to an unreachable network
2026-02-10 16:03:44,978 [ERROR] Polling thread error: PLC disconnected: [WinError 10051] A socket operation was attempted to an unreachable network
2026-02-10 16:03:46,056 [ERROR] Polling thread error: PLC disconnected: [WinError 10051] A socket operation was attempted to an unreachable network
2026-02-10 16:03:47,144 [ERROR] Polling thread error: PLC disconnected: [WinError 10051] A socket operation was attempted to an unreachable network
2026-02-10 16:03:48,233 [ERROR] Polling thread error: PLC disconnected: [WinError 10051] A socket operation was attempted to an unreachable network
2026-02-10 16:03:49,317 [ERROR] Polling thread error: PLC disconnected: [WinError 10051] A socket operation was attempted to an unreachable network
2026-02-10 16:03:50,396 [ERROR] Polling thread error: PLC disconnected: [WinError 10051] A socket operation was attempted to an unreachable network
2026-02-10 16:03:51,482 [ERROR] Polling thread error: PLC disconnected: [WinError 10051] A socket operation was attempted to an unreachable network
2026-02-10 16:03:52,573 [ERROR] Polling thread error: PLC disconnected: [WinError 10051] A socket operation was attempted to an unreachable network
2026-02-10 16:03:53,650 [ERROR] Polling thread error: PLC disconnected: [WinError 10051] A socket operation was attempted to an unreachable network
2026-02-10 16:03:54,745 [ERROR] Polling thread error: PLC disconnected: [WinError 10051] A socket operation was attempted to an unreachable network
2026-02-10 16:03:55,830 [ERROR] Polling thread error: PLC disconnected: [WinError 10051] A socket operation was attempted to an unreachable network
2026-02-10 16:03:56,908 [ERROR] Polling thread error: PLC disconnected: [WinError 10051] A socket operation was attempted to an unreachable network
2026-02-10 16:03:58,002 [ERROR] Polling thread error: PLC disconnected: [WinError 10051] A socket operation was attempted to an unreachable network
2026-02-10 16:03:59,092 [ERROR] Polling thread error: PLC disconnected: [WinError 10051] A socket operation was attempted to an unreachable network
2026-02-10 16:04:00,171 [ERROR] Polling thread error: PLC disconnected: [WinError 10051] A socket operation was attempted to an unreachable network
2026-02-10 16:04:01,267 [ERROR] Polling thread error: PLC disconnected: [WinError 10051] A socket operation was attempted to an unreachable network
2026-02-10 16:04:02,355 [ERROR] Polling thread error: PLC disconnected: [WinError 10051] A socket operation was attempted to an unreachable network
2026-02-10 16:04:03,445 [ERROR] Polling thread error: PLC disconnected: [WinError 10051] A socket operation was attempted to an unreachable network
2026-02-10 16:04:04,527 [ERROR] Polling thread error: PLC disconnected: [WinError 10051] A socket operation was attempted to an unreachable network
2026-02-10 16:04:05,618 [ERROR] Polling thread error: PLC disconnected: [WinError 10051] A socket operation was attempted to an unreachable network
2026-02-10 16:04:06,706 [ERROR] Polling thread error: PLC disconnected: [WinError 10051] A socket operation was attempted to an unreachable network
2026-02-10 16:04:07,794 [ERROR] Polling thread error: PLC disconnected: [WinError 10051] A socket operation was attempted to an unreachable network
2026-02-10 16:04:08,871 [ERROR] Polling thread error: PLC disconnected: [WinError 10051] A socket operation was attempted to an unreachable network
2026-02-10 16:04:09,951 [ERROR] Polling thread error: PLC disconnected: [WinError 10051] A socket operation was attempted to an unreachable network
2026-02-10 16:04:11,041 [ERROR] Polling thread error: PLC disconnected: [WinError 10051] A socket operation was attempted to an unreachable network
2026-02-10 16:04:12,129 [ERROR] Polling thread error: PLC disconnected: [WinError 10051] A socket operation was attempted to an unreachable network
2026-02-10 16:04:13,209 [ERROR] Polling thread error: PLC disconnected: [WinError 10051] A socket operation was attempted to an unreachable network
2026-02-10 16:04:14,287 [ERROR] Polling thread error: PLC disconnected: [WinError 10051] A socket operation was attempted to an unreachable network
2026-02-10 16:04:15,376 [ERROR] Polling thread error: PLC disconnected: [WinError 10051] A socket operation was attempted to an unreachable network
2026-02-10 16:04:16,465 [ERROR] Polling thread error: PLC disconnected: [WinError 10051] A socket operation was attempted to an unreachable network
2026-02-10 16:04:17,553 [ERROR] Polling thread error: PLC disconnected: [WinError 10051] A socket operation was attempted to an unreachable network
2026-02-10 16:04:18,632 [ERROR] Polling thread error: PLC disconnected: [WinError 10051] A socket operation was attempted to an unreachable network
2026-02-10 16:04:19,715 [ERROR] Polling thread error: PLC disconnected: [WinError 10051] A socket operation was attempted to an unreachable network
2026-02-10 16:04:20,794 [ERROR] Polling thread error: PLC disconnected: [WinError 10051] A socket operation was attempted to an unreachable network
2026-02-10 16:04:21,872 [ERROR] Polling thread error: PLC disconnected: [WinError 10051] A socket operation was attempted to an unreachable network
2026-02-10 16:04:22,961 [ERROR] Polling thread error: PLC disconnected: [WinError 10051] A socket operation was attempted to an unreachable network
2026-02-10 16:04:24,050 [ERROR] Polling thread error: PLC disconnected: [WinError 10051] A socket operation was attempted to an unreachable network
2026-02-10 16:04:25,139 [ERROR] Polling thread error: PLC disconnected: [WinError 10051] A socket operation was attempted to an unreachable network
2026-02-10 16:04:26,227 [ERROR] Polling thread error: PLC disconnected: [WinError 10051] A socket operation was attempted to an unreachable network
2026-02-10 16:04:27,304 [ERROR] Polling thread error: PLC disconnected: [WinError 10051] A socket operation was attempted to an unreachable network
2026-02-10 16:04:28,394 [ERROR] Polling thread error: PLC disconnected: [WinError 10051] A socket operation was attempted to an unreachable network
2026-02-10 16:04:29,482 [ERROR] Polling thread error: PLC disconnected: [WinError 10051] A socket operation was attempted to an unreachable network
2026-02-10 16:04:30,563 [ERROR] Polling thread error: PLC disconnected: [WinError 10051] A socket operation was attempted to an unreachable network
2026-02-10 16:04:31,650 [ERROR] Polling thread error: PLC disconnected: [WinError 10051] A socket operation was attempted to an unreachable network
2026-02-10 16:04:32,728 [ERROR] Polling thread error: PLC disconnected: [WinError 10051] A socket operation was attempted to an unreachable network
2026-02-10 16:04:33,825 [ERROR] Polling thread error: PLC disconnected: [WinError 10051] A socket operation was attempted to an unreachable network
2026-02-10 16:04:34,914 [ERROR] Polling thread error: PLC disconnected: [WinError 10051] A socket operation was attempted to an unreachable network
2026-02-10 16:04:36,004 [ERROR] Polling thread error: PLC disconnected: [WinError 10051] A socket operation was attempted to an unreachable network
2026-02-10 16:04:37,082 [ERROR] Polling thread error: PLC disconnected: [WinError 10051] A socket operation was attempted to an unreachable network
2026-02-10 16:04:38,172 [ERROR] Polling thread error: PLC disconnected: [WinError 10051] A socket operation was attempted to an unreachable network
2026-02-10 16:04:39,251 [ERROR] Polling thread error: PLC disconnected: [WinError 10051] A socket operation was attempted to an unreachable network
2026-02-10 16:04:40,340 [ERROR] Polling thread error: PLC disconnected: [WinError 10051] A socket operation was attempted to an unreachable network
2026-02-10 16:04:41,428 [ERROR] Polling thread error: PLC disconnected: [WinError 10051] A socket operation was attempted to an unreachable network
2026-02-10 16:04:42,519 [ERROR] Polling thread error: PLC disconnected: [WinError 10051] A socket operation was attempted to an unreachable network
2026-02-10 16:04:43,609 [ERROR] Polling thread error: PLC disconnected: [WinError 10051] A socket operation was attempted to an unreachable network
2026-02-10 16:04:44,687 [ERROR] Polling thread error: PLC disconnected: [WinError 10051] A socket operation was attempted to an unreachable network
2026-02-10 16:04:45,778 [ERROR] Polling thread error: PLC disconnected: [WinError 10051] A socket operation was attempted to an unreachable network
2026-02-10 16:04:46,856 [ERROR] Polling thread error: PLC disconnected: [WinError 10051] A socket operation was attempted to an unreachable network
2026-02-10 16:04:47,943 [ERROR] Polling thread error: PLC disconnected: [WinError 10051] A socket operation was attempted to an unreachable network
2026-02-10 16:04:49,033 [ERROR] Polling thread error: PLC disconnected: [WinError 10051] A socket operation was attempted to an unreachable network
2026-02-10 16:04:50,112 [ERROR] Polling thread error: PLC disconnected: [WinError 10051] A socket operation was attempted to an unreachable network
2026-02-10 16:04:51,206 [ERROR] Polling thread error: PLC disconnected: [WinError 10051] A socket operation was attempted to an unreachable network
2026-02-10 16:04:52,293 [ERROR] Polling thread error: PLC disconnected: [WinError 10051] A socket operation was attempted to an unreachable network
2026-02-10 16:04:53,383 [ERROR] Polling thread error: PLC disconnected: [WinError 10051] A socket operation was attempted to an unreachable network
2026-02-10 16:04:54,473 [ERROR] Polling thread error: PLC disconnected: [WinError 10051] A socket operation was attempted to an unreachable network
2026-02-10 16:04:55,552 [ERROR] Polling thread error: PLC disconnected: [WinError 10051] A socket operation was attempted to an unreachable network
2026-02-10 16:04:56,643 [ERROR] Polling thread error: PLC disconnected: [WinError 10051] A socket operation was attempted to an unreachable network
2026-02-10 16:04:57,722 [ERROR] Polling thread error: PLC disconnected: [WinError 10051] A socket operation was attempted to an unreachable network
2026-02-10 16:04:58,801 [ERROR] Polling thread error: PLC disconnected: [WinError 10051] A socket operation was attempted to an unreachable network
2026-02-10 16:04:59,890 [ERROR] Polling thread error: PLC disconnected: [WinError 10051] A socket operation was attempted to an unreachable network
2026-02-10 16:05:00,966 [ERROR] Polling thread error: PLC disconnected: [WinError 10051] A socket operation was attempted to an unreachable network
2026-02-10 16:05:02,054 [ERROR] Polling thread error: PLC disconnected: [WinError 10051] A socket operation was attempted to an unreachable network
2026-02-10 16:05:03,141 [ERROR] Polling thread error: PLC disconnected: [WinError 10051] A socket operation was attempted to an unreachable network
2026-02-10 16:05:04,219 [ERROR] Polling thread error: PLC disconnected: [WinError 10051] A socket operation was attempted to an unreachable network
2026-02-10 16:05:05,312 [ERROR] Polling thread error: PLC disconnected: [WinError 10051] A socket operation was attempted to an unreachable network
2026-02-10 16:05:06,401 [ERROR] Polling thread error: PLC disconnected: [WinError 10051] A socket operation was attempted to an unreachable network
2026-02-10 16:05:07,480 [ERROR] Polling thread error: PLC disconnected: [WinError 10051] A socket operation was attempted to an unreachable network
2026-02-10 16:05:08,568 [ERROR] Polling thread error: PLC disconnected: [WinError 10051] A socket operation was attempted to an unreachable network
2026-02-10 16:05:09,656 [ERROR] Polling thread error: PLC disconnected: [WinError 10051] A socket operation was attempted to an unreachable network
2026-02-10 16:05:10,745 [ERROR] Polling thread error: PLC disconnected: [WinError 10051] A socket operation was attempted to an unreachable network
2026-02-10 16:05:11,833 [ERROR] Polling thread error: PLC disconnected: [WinError 10051] A socket operation was attempted to an unreachable network
2026-02-10 16:05:12,926 [ERROR] Polling thread error: PLC disconnected: [WinError 10051] A socket operation was attempted to an unreachable network
2026-02-10 16:05:14,008 [ERROR] Polling thread error: PLC disconnected: [WinError 10051] A socket operation was attempted to an unreachable network
2026-02-10 16:05:15,113 [ERROR] Polling thread error: PLC disconnected: [WinError 10051] A socket operation was attempted to an unreachable network
2026-02-10 16:05:16,214 [ERROR] Polling thread error: PLC disconnected: [WinError 10051] A socket operation was attempted to an unreachable network
2026-02-10 16:05:17,324 [ERROR] Polling thread error: PLC disconnected: [WinError 10051] A socket operation was attempted to an unreachable network
2026-02-10 16:05:18,413 [ERROR] Polling thread error: PLC disconnected: [WinError 10051] A socket operation was attempted to an unreachable network
2026-02-10 16:05:19,502 [ERROR] Polling thread error: PLC disconnected: [WinError 10051] A socket operation was attempted to an unreachable network
2026-02-10 16:05:20,620 [ERROR] Polling thread error: PLC disconnected: [WinError 10051] A socket operation was attempted to an unreachable network
2026-02-10 16:05:21,726 [ERROR] Polling thread error: PLC disconnected: [WinError 10051] A socket operation was attempted to an unreachable network
2026-02-10 16:05:22,828 [ERROR] Polling thread error: PLC disconnected: [WinError 10051] A socket operation was attempted to an unreachable network
2026-02-10 16:05:23,936 [ERROR] Polling thread error: PLC disconnected: [WinError 10051] A socket operation was attempted to an unreachable network
2026-02-10 16:05:25,044 [ERROR] Polling thread error: PLC disconnected: [WinError 10051] A socket operation was attempted to an unreachable network
2026-02-10 16:05:26,135 [ERROR] Polling thread error: PLC disconnected: [WinError 10051] A socket operation was attempted to an unreachable network
2026-02-10 16:05:27,228 [ERROR] Polling thread error: PLC disconnected: [WinError 10051] A socket operation was attempted to an unreachable network
2026-02-10 16:05:28,310 [ERROR] Polling thread error: PLC disconnected: [WinError 10051] A socket operation was attempted to an unreachable network
2026-02-10 16:05:29,409 [ERROR] Polling thread error: PLC disconnected: [WinError 10051] A socket operation was attempted to an unreachable network
2026-02-10 16:05:30,517 [ERROR] Polling thread error: PLC disconnected: [WinError 10051] A socket operation was attempted to an unreachable network
2026-02-10 16:05:31,635 [ERROR] Polling thread error: PLC disconnected: [WinError 10051] A socket operation was attempted to an unreachable network
2026-02-10 16:05:32,738 [ERROR] Polling thread error: PLC disconnected: [WinError 10051] A socket operation was attempted to an unreachable network
2026-02-10 16:05:33,845 [ERROR] Polling thread error: PLC disconnected: [WinError 10051] A socket operation was attempted to an unreachable network
2026-02-10 16:05:34,940 [ERROR] Polling thread error: PLC disconnected: [WinError 10051] A socket operation was attempted to an unreachable network
2026-02-10 16:05:36,027 [ERROR] Polling thread error: PLC disconnected: [WinError 10051] A socket operation was attempted to an unreachable network
2026-02-10 16:05:37,118 [ERROR] Polling thread error: PLC disconnected: [WinError 10051] A socket operation was attempted to an unreachable network
2026-02-10 16:05:38,226 [ERROR] Polling thread error: PLC disconnected: [WinError 10051] A socket operation was attempted to an unreachable network
2026-02-10 16:05:39,328 [ERROR] Polling thread error: PLC disconnected: [WinError 10051] A socket operation was attempted to an unreachable network
2026-02-10 16:05:40,417 [ERROR] Polling thread error: PLC disconnected: [WinError 10051] A socket operation was attempted to an unreachable network
2026-02-10 16:05:41,519 [ERROR] Polling thread error: PLC disconnected: [WinError 10051] A socket operation was attempted to an unreachable network
2026-02-10 16:05:42,620 [ERROR] Polling thread error: PLC disconnected: [WinError 10051] A socket operation was attempted to an unreachable network
2026-02-10 16:05:43,710 [ERROR] Polling thread error: PLC disconnected: [WinError 10051] A socket operation was attempted to an unreachable network
2026-02-10 16:05:44,819 [ERROR] Polling thread error: PLC disconnected: [WinError 10051] A socket operation was attempted to an unreachable network
2026-02-10 16:05:45,920 [ERROR] Polling thread error: PLC disconnected: [WinError 10051] A socket operation was attempted to an unreachable network
2026-02-10 16:05:47,024 [ERROR] Polling thread error: PLC disconnected: [WinError 10051] A socket operation was attempted to an unreachable network
2026-02-10 16:05:48,128 [ERROR] Polling thread error: PLC disconnected: [WinError 10051] A socket operation was attempted to an unreachable network
2026-02-10 16:05:49,228 [ERROR] Polling thread error: PLC disconnected: [WinError 10051] A socket operation was attempted to an unreachable network
2026-02-10 16:05:50,317 [ERROR] Polling thread error: PLC disconnected: [WinError 10051] A socket operation was attempted to an unreachable network
2026-02-10 16:05:51,428 [ERROR] Polling thread error: PLC disconnected: [WinError 10051] A socket operation was attempted to an unreachable network
2026-02-10 16:05:52,530 [ERROR] Polling thread error: PLC disconnected: [WinError 10051] A socket operation was attempted to an unreachable network
2026-02-10 16:05:53,614 [ERROR] Polling thread error: PLC disconnected: [WinError 10051] A socket operation was attempted to an unreachable network
2026-02-10 16:05:54,715 [ERROR] Polling thread error: PLC disconnected: [WinError 10051] A socket operation was attempted to an unreachable network
2026-02-10 16:05:55,803 [ERROR] Polling thread error: PLC disconnected: [WinError 10051] A socket operation was attempted to an unreachable network
2026-02-10 16:05:56,883 [ERROR] Polling thread error: PLC disconnected: [WinError 10051] A socket operation was attempted to an unreachable network
2026-02-10 16:05:57,992 [ERROR] Polling thread error: PLC disconnected: [WinError 10051] A socket operation was attempted to an unreachable network
2026-02-10 16:05:59,094 [ERROR] Polling thread error: PLC disconnected: [WinError 10051] A socket operation was attempted to an unreachable network
2026-02-10 16:06:00,184 [ERROR] Polling thread error: PLC disconnected: [WinError 10051] A socket operation was attempted to an unreachable network
2026-02-10 16:06:01,281 [ERROR] Polling thread error: PLC disconnected: [WinError 10051] A socket operation was attempted to an unreachable network
2026-02-10 16:06:02,366 [ERROR] Polling thread error: PLC disconnected: [WinError 10051] A socket operation was attempted to an unreachable network
2026-02-10 16:06:03,471 [ERROR] Polling thread error: PLC disconnected: [WinError 10051] A socket operation was attempted to an unreachable network
2026-02-10 16:06:04,559 [ERROR] Polling thread error: PLC disconnected: [WinError 10051] A socket operation was attempted to an unreachable network
2026-02-10 16:06:05,643 [ERROR] Polling thread error: PLC disconnected: [WinError 10051] A socket operation was attempted to an unreachable network
2026-02-10 16:06:06,728 [ERROR] Polling thread error: PLC disconnected: [WinError 10051] A socket operation was attempted to an unreachable network
2026-02-10 16:06:07,829 [ERROR] Polling thread error: PLC disconnected: [WinError 10051] A socket operation was attempted to an unreachable network
2026-02-10 16:06:08,924 [ERROR] Polling thread error: PLC disconnected: [WinError 10051] A socket operation was attempted to an unreachable network
2026-02-10 16:06:10,014 [ERROR] Polling thread error: PLC disconnected: [WinError 10051] A socket operation was attempted to an unreachable network
2026-02-10 16:06:11,117 [ERROR] Polling thread error: PLC disconnected: [WinError 10051] A socket operation was attempted to an unreachable network
2026-02-10 16:06:12,216 [ERROR] Polling thread error: PLC disconnected: [WinError 10051] A socket operation was attempted to an unreachable network
2026-02-10 16:06:13,302 [ERROR] Polling thread error: PLC disconnected: [WinError 10051] A socket operation was attempted to an unreachable network
2026-02-10 16:06:14,405 [ERROR] Polling thread error: PLC disconnected: [WinError 10051] A socket operation was attempted to an unreachable network
2026-02-10 16:06:15,512 [ERROR] Polling thread error: PLC disconnected: [WinError 10051] A socket operation was attempted to an unreachable network
2026-02-10 16:06:16,613 [ERROR] Polling thread error: PLC disconnected: [WinError 10051] A socket operation was attempted to an unreachable network
2026-02-10 16:06:17,710 [ERROR] Polling thread error: PLC disconnected: [WinError 10051] A socket operation was attempted to an unreachable network
2026-02-10 16:06:18,818 [ERROR] Polling thread error: PLC disconnected: [WinError 10051] A socket operation was attempted to an unreachable network
2026-02-10 16:06:19,912 [ERROR] Polling thread error: PLC disconnected: [WinError 10051] A socket operation was attempted to an unreachable network
2026-02-10 16:06:21,022 [ERROR] Polling thread error: PLC disconnected: [WinError 10051] A socket operation was attempted to an unreachable network
2026-02-10 16:06:22,109 [ERROR] Polling thread error: PLC disconnected: [WinError 10051] A socket operation was attempted to an unreachable network
2026-02-10 16:06:23,208 [ERROR] Polling thread error: PLC disconnected: [WinError 10051] A socket operation was attempted to an unreachable network
2026-02-10 16:06:24,305 [ERROR] Polling thread error: PLC disconnected: [WinError 10051] A socket operation was attempted to an unreachable network
2026-02-10 16:06:25,410 [ERROR] Polling thread error: PLC disconnected: [WinError 10051] A socket operation was attempted to an unreachable network
2026-02-10 16:06:26,513 [ERROR] Polling thread error: PLC disconnected: [WinError 10051] A socket operation was attempted to an unreachable network
2026-02-10 16:06:27,613 [ERROR] Polling thread error: PLC disconnected: [WinError 10051] A socket operation was attempted to an unreachable network
2026-02-10 16:06:28,723 [ERROR] Polling thread error: PLC disconnected: [WinError 10051] A socket operation was attempted to an unreachable network
2026-02-10 16:06:29,812 [ERROR] Polling thread error: PLC disconnected: [WinError 10051] A socket operation was attempted to an unreachable network
2026-02-10 16:06:30,894 [ERROR] Polling thread error: PLC disconnected: [WinError 10051] A socket operation was attempted to an unreachable network
2026-02-10 16:06:32,001 [ERROR] Polling thread error: PLC disconnected: [WinError 10051] A socket operation was attempted to an unreachable network
2026-02-10 16:06:33,090 [ERROR] Polling thread error: PLC disconnected: [WinError 10051] A socket operation was attempted to an unreachable network
2026-02-10 16:06:34,179 [ERROR] Polling thread error: PLC disconnected: [WinError 10051] A socket operation was attempted to an unreachable network
2026-02-10 16:06:35,266 [ERROR] Polling thread error: PLC disconnected: [WinError 10051] A socket operation was attempted to an unreachable network
2026-02-10 16:06:36,371 [ERROR] Polling thread error: PLC disconnected: [WinError 10051] A socket operation was attempted to an unreachable network
2026-02-10 16:06:37,455 [ERROR] Polling thread error: PLC disconnected: [WinError 10051] A socket operation was attempted to an unreachable network
2026-02-10 16:06:38,542 [ERROR] Polling thread error: PLC disconnected: [WinError 10051] A socket operation was attempted to an unreachable network
2026-02-10 16:06:39,647 [ERROR] Polling thread error: PLC disconnected: [WinError 10051] A socket operation was attempted to an unreachable network
2026-02-10 16:06:40,755 [ERROR] Polling thread error: PLC disconnected: [WinError 10051] A socket operation was attempted to an unreachable network
2026-02-10 16:06:41,858 [ERROR] Polling thread error: PLC disconnected: [WinError 10051] A socket operation was attempted to an unreachable network
2026-02-10 16:06:42,961 [ERROR] Polling thread error: PLC disconnected: [WinError 10051] A socket operation was attempted to an unreachable network
2026-02-10 16:06:44,050 [ERROR] Polling thread error: PLC disconnected: [WinError 10051] A socket operation was attempted to an unreachable network
2026-02-10 16:06:45,152 [ERROR] Polling thread error: PLC disconnected: [WinError 10051] A socket operation was attempted to an unreachable network
2026-02-10 16:06:46,245 [ERROR] Polling thread error: PLC disconnected: [WinError 10051] A socket operation was attempted to an unreachable network
2026-02-10 16:06:47,342 [ERROR] Polling thread error: PLC disconnected: [WinError 10051] A socket operation was attempted to an unreachable network
2026-02-10 16:06:48,438 [ERROR] Polling thread error: PLC disconnected: [WinError 10051] A socket operation was attempted to an unreachable network
2026-02-10 16:06:49,525 [ERROR] Polling thread error: PLC disconnected: [WinError 10051] A socket operation was attempted to an unreachable network
2026-02-10 16:06:50,625 [ERROR] Polling thread error: PLC disconnected: [WinError 10051] A socket operation was attempted to an unreachable network
2026-02-10 16:06:51,711 [ERROR] Polling thread error: PLC disconnected: [WinError 10051] A socket operation was attempted to an unreachable network
2026-02-10 16:06:52,815 [ERROR] Polling thread error: PLC disconnected: [WinError 10051] A socket operation was attempted to an unreachable network
2026-02-10 16:06:53,916 [ERROR] Polling thread error: PLC disconnected: [WinError 10051] A socket operation was attempted to an unreachable network
2026-02-10 16:06:55,009 [ERROR] Polling thread error: PLC disconnected: [WinError 10051] A socket operation was attempted to an unreachable network
2026-02-10 16:06:56,112 [ERROR] Polling thread error: PLC disconnected: [WinError 10051] A socket operation was attempted to an unreachable network
2026-02-10 16:06:57,214 [ERROR] Polling thread error: PLC disconnected: [WinError 10051] A socket operation was attempted to an unreachable network
2026-02-10 16:06:58,304 [ERROR] Polling thread error: PLC disconnected: [WinError 10051] A socket operation was attempted to an unreachable network
2026-02-10 16:06:59,405 [ERROR] Polling thread error: PLC disconnected: [WinError 10051] A socket operation was attempted to an unreachable network
2026-02-10 16:07:00,508 [ERROR] Polling thread error: PLC disconnected: [WinError 10051] A socket operation was attempted to an unreachable network
2026-02-10 16:07:01,611 [ERROR] Polling thread error: PLC disconnected: [WinError 10051] A socket operation was attempted to an unreachable network
2026-02-10 16:07:02,696 [ERROR] Polling thread error: PLC disconnected: [WinError 10051] A socket operation was attempted to an unreachable network
2026-02-10 16:07:03,816 [ERROR] Polling thread error: PLC disconnected: [WinError 10051] A socket operation was attempted to an unreachable network
2026-02-10 16:07:04,906 [ERROR] Polling thread error: PLC disconnected: [WinError 10051] A socket operation was attempted to an unreachable network
2026-02-10 16:07:06,017 [ERROR] Polling thread error: PLC disconnected: [WinError 10051] A socket operation was attempted to an unreachable network
2026-02-10 16:07:07,124 [ERROR] Polling thread error: PLC disconnected: [WinError 10051] A socket operation was attempted to an unreachable network
2026-02-10 16:07:08,212 [ERROR] Polling thread error: PLC disconnected: [WinError 10051] A socket operation was attempted to an unreachable network
2026-02-10 16:07:09,312 [ERROR] Polling thread error: PLC disconnected: [WinError 10051] A socket operation was attempted to an unreachable network
2026-02-10 16:07:10,413 [ERROR] Polling thread error: PLC disconnected: [WinError 10051] A socket operation was attempted to an unreachable network
2026-02-10 16:07:11,503 [ERROR] Polling thread error: PLC disconnected: [WinError 10051] A socket operation was attempted to an unreachable network
2026-02-10 16:07:12,593 [ERROR] Polling thread error: PLC disconnected: [WinError 10051] A socket operation was attempted to an unreachable network
2026-02-10 16:07:13,694 [ERROR] Polling thread error: PLC disconnected: [WinError 10051] A socket operation was attempted to an unreachable network
2026-02-10 16:07:14,800 [ERROR] Polling thread error: PLC disconnected: [WinError 10051] A socket operation was attempted to an unreachable network
2026-02-10 16:07:15,901 [ERROR] Polling thread error: PLC disconnected: [WinError 10051] A socket operation was attempted to an unreachable network
2026-02-10 16:07:16,992 [ERROR] Polling thread error: PLC disconnected: [WinError 10051] A socket operation was attempted to an unreachable network
2026-02-10 16:07:18,092 [ERROR] Polling thread error: PLC disconnected: [WinError 10051] A socket operation was attempted to an unreachable network
2026-02-10 16:07:19,190 [ERROR] Polling thread error: PLC disconnected: [WinError 10051] A socket operation was attempted to an unreachable network
2026-02-10 16:07:20,274 [ERROR] Polling thread error: PLC disconnected: [WinError 10051] A socket operation was attempted to an unreachable network
2026-02-10 16:07:21,366 [ERROR] Polling thread error: PLC disconnected: [WinError 10051] A socket operation was attempted to an unreachable network
2026-02-10 16:07:22,450 [ERROR] Polling thread error: PLC disconnected: [WinError 10051] A socket operation was attempted to an unreachable network
2026-02-10 16:07:23,556 [ERROR] Polling thread error: PLC disconnected: [WinError 10051] A socket operation was attempted to an unreachable network
2026-02-10 16:07:24,643 [ERROR] Polling thread error: PLC disconnected: [WinError 10051] A socket operation was attempted to an unreachable network
2026-02-10 16:07:25,747 [ERROR] Polling thread error: PLC disconnected: [WinError 10051] A socket operation was attempted to an unreachable network
2026-02-10 16:07:26,840 [ERROR] Polling thread error: PLC disconnected: [WinError 10051] A socket operation was attempted to an unreachable network
2026-02-10 16:07:27,927 [ERROR] Polling thread error: PLC disconnected: [WinError 10051] A socket operation was attempted to an unreachable network
2026-02-10 16:07:29,015 [ERROR] Polling thread error: PLC disconnected: [WinError 10051] A socket operation was attempted to an unreachable network
2026-02-10 16:07:30,120 [ERROR] Polling thread error: PLC disconnected: [WinError 10051] A socket operation was attempted to an unreachable network
2026-02-10 16:07:31,225 [ERROR] Polling thread error: PLC disconnected: [WinError 10051] A socket operation was attempted to an unreachable network
2026-02-10 16:07:32,334 [ERROR] Polling thread error: PLC disconnected: [WinError 10051] A socket operation was attempted to an unreachable network
2026-02-10 16:07:33,417 [ERROR] Polling thread error: PLC disconnected: [WinError 10051] A socket operation was attempted to an unreachable network
2026-02-10 16:07:34,508 [ERROR] Polling thread error: PLC disconnected: [WinError 10051] A socket operation was attempted to an unreachable network
2026-02-10 16:07:35,618 [ERROR] Polling thread error: PLC disconnected: [WinError 10051] A socket operation was attempted to an unreachable network
2026-02-10 16:07:36,713 [ERROR] Polling thread error: PLC disconnected: [WinError 10051] A socket operation was attempted to an unreachable network
2026-02-10 16:07:37,797 [ERROR] Polling thread error: PLC disconnected: [WinError 10051] A socket operation was attempted to an unreachable network
2026-02-10 16:07:38,905 [ERROR] Polling thread error: PLC disconnected: [WinError 10051] A socket operation was attempted to an unreachable network
2026-02-10 16:07:39,991 [ERROR] Polling thread error: PLC disconnected: [WinError 10051] A socket operation was attempted to an unreachable network
2026-02-10 16:07:41,080 [ERROR] Polling thread error: PLC disconnected: [WinError 10051] A socket operation was attempted to an unreachable network
2026-02-10 16:07:42,176 [ERROR] Polling thread error: PLC disconnected: [WinError 10051] A socket operation was attempted to an unreachable network
2026-02-10 16:07:43,261 [ERROR] Polling thread error: PLC disconnected: [WinError 10051] A socket operation was attempted to an unreachable network
2026-02-10 16:07:44,347 [ERROR] Polling thread error: PLC disconnected: [WinError 10051] A socket operation was attempted to an unreachable network
2026-02-10 16:07:45,450 [ERROR] Polling thread error: PLC disconnected: [WinError 10051] A socket operation was attempted to an unreachable network
2026-02-10 16:07:46,540 [ERROR] Polling thread error: PLC disconnected: [WinError 10051] A socket operation was attempted to an unreachable network
2026-02-10 16:07:47,626 [ERROR] Polling thread error: PLC disconnected: [WinError 10051] A socket operation was attempted to an unreachable network
2026-02-10 16:07:48,730 [ERROR] Polling thread error: PLC disconnected: [WinError 10051] A socket operation was attempted to an unreachable network
2026-02-10 16:07:49,832 [ERROR] Polling thread error: PLC disconnected: [WinError 10051] A socket operation was attempted to an unreachable network
2026-02-10 16:07:50,933 [ERROR] Polling thread error: PLC disconnected: [WinError 10051] A socket operation was attempted to an unreachable network
2026-02-10 16:07:52,038 [ERROR] Polling thread error: PLC disconnected: [WinError 10051] A socket operation was attempted to an unreachable network
2026-02-10 16:07:53,138 [ERROR] Polling thread error: PLC disconnected: [WinError 10051] A socket operation was attempted to an unreachable network
2026-02-10 16:07:54,248 [ERROR] Polling thread error: PLC disconnected: [WinError 10051] A socket operation was attempted to an unreachable network
2026-02-10 16:07:55,333 [ERROR] Polling thread error: PLC disconnected: [WinError 10051] A socket operation was attempted to an unreachable network
2026-02-10 16:07:56,412 [ERROR] Polling thread error: PLC disconnected: [WinError 10051] A socket operation was attempted to an unreachable network
2026-02-10 16:07:57,502 [ERROR] Polling thread error: PLC disconnected: [WinError 10051] A socket operation was attempted to an unreachable network
2026-02-10 16:07:58,593 [ERROR] Polling thread error: PLC disconnected: [WinError 10051] A socket operation was attempted to an unreachable network
2026-02-10 16:07:59,678 [ERROR] Polling thread error: PLC disconnected: [WinError 10051] A socket operation was attempted to an unreachable network
2026-02-10 16:08:00,770 [ERROR] Polling thread error: PLC disconnected: [WinError 10051] A socket operation was attempted to an unreachable network
2026-02-10 16:08:01,856 [ERROR] Polling thread error: PLC disconnected: [WinError 10051] A socket operation was attempted to an unreachable network
2026-02-10 16:08:02,959 [ERROR] Polling thread error: PLC disconnected: [WinError 10051] A socket operation was attempted to an unreachable network
2026-02-10 16:08:04,047 [ERROR] Polling thread error: PLC disconnected: [WinError 10051] A socket operation was attempted to an unreachable network
2026-02-10 16:08:05,148 [ERROR] Polling thread error: PLC disconnected: [WinError 10051] A socket operation was attempted to an unreachable network
2026-02-10 16:08:06,243 [ERROR] Polling thread error: PLC disconnected: [WinError 10051] A socket operation was attempted to an unreachable network
2026-02-10 16:08:07,352 [ERROR] Polling thread error: PLC disconnected: [WinError 10051] A socket operation was attempted to an unreachable network
2026-02-10 16:08:08,441 [ERROR] Polling thread error: PLC disconnected: [WinError 10051] A socket operation was attempted to an unreachable network
2026-02-10 16:08:09,533 [ERROR] Polling thread error: PLC disconnected: [WinError 10051] A socket operation was attempted to an unreachable network
2026-02-10 16:08:10,621 [ERROR] Polling thread error: PLC disconnected: [WinError 10051] A socket operation was attempted to an unreachable network
2026-02-10 16:08:11,720 [ERROR] Polling thread error: PLC disconnected: [WinError 10051] A socket operation was attempted to an unreachable network
2026-02-10 16:08:12,810 [ERROR] Polling thread error: PLC disconnected: [WinError 10051] A socket operation was attempted to an unreachable network
2026-02-10 16:08:13,914 [ERROR] Polling thread error: PLC disconnected: [WinError 10051] A socket operation was attempted to an unreachable network
2026-02-10 16:08:15,008 [ERROR] Polling thread error: PLC disconnected: [WinError 10051] A socket operation was attempted to an unreachable network
2026-02-10 16:08:16,088 [ERROR] Polling thread error: PLC disconnected: [WinError 10051] A socket operation was attempted to an unreachable network
2026-02-10 16:08:17,190 [ERROR] Polling thread error: PLC disconnected: [WinError 10051] A socket operation was attempted to an unreachable network
2026-02-10 16:08:18,277 [ERROR] Polling thread error: PLC disconnected: [WinError 10051] A socket operation was attempted to an unreachable network
2026-02-10 16:08:19,384 [ERROR] Polling thread error: PLC disconnected: [WinError 10051] A socket operation was attempted to an unreachable network
2026-02-10 16:08:20,472 [ERROR] Polling thread error: PLC disconnected: [WinError 10051] A socket operation was attempted to an unreachable network
2026-02-10 16:08:21,560 [ERROR] Polling thread error: PLC disconnected: [WinError 10051] A socket operation was attempted to an unreachable network
2026-02-10 16:08:22,668 [ERROR] Polling thread error: PLC disconnected: [WinError 10051] A socket operation was attempted to an unreachable network
2026-02-10 16:08:23,758 [ERROR] Polling thread error: PLC disconnected: [WinError 10051] A socket operation was attempted to an unreachable network
2026-02-10 16:08:24,845 [ERROR] Polling thread error: PLC disconnected: [WinError 10051] A socket operation was attempted to an unreachable network
2026-02-10 16:08:25,927 [ERROR] Polling thread error: PLC disconnected: [WinError 10051] A socket operation was attempted to an unreachable network
2026-02-10 16:08:27,020 [ERROR] Polling thread error: PLC disconnected: [WinError 10051] A socket operation was attempted to an unreachable network
2026-02-10 16:08:28,119 [ERROR] Polling thread error: PLC disconnected: [WinError 10051] A socket operation was attempted to an unreachable network
2026-02-10 16:08:29,203 [ERROR] Polling thread error: PLC disconnected: [WinError 10051] A socket operation was attempted to an unreachable network
2026-02-10 16:08:30,286 [ERROR] Polling thread error: PLC disconnected: [WinError 10051] A socket operation was attempted to an unreachable network
2026-02-10 16:08:31,374 [ERROR] Polling thread error: PLC disconnected: [WinError 10051] A socket operation was attempted to an unreachable network
2026-02-10 16:08:32,458 [ERROR] Polling thread error: PLC disconnected: [WinError 10051] A socket operation was attempted to an unreachable network
2026-02-10 16:08:33,560 [ERROR] Polling thread error: PLC disconnected: [WinError 10051] A socket operation was attempted to an unreachable network
2026-02-10 16:08:34,652 [ERROR] Polling thread error: PLC disconnected: [WinError 10051] A socket operation was attempted to an unreachable network
2026-02-10 16:08:35,753 [ERROR] Polling thread error: PLC disconnected: [WinError 10051] A socket operation was attempted to an unreachable network
2026-02-10 16:08:36,850 [ERROR] Polling thread error: PLC disconnected: [WinError 10051] A socket operation was attempted to an unreachable network
2026-02-10 16:08:37,950 [ERROR] Polling thread error: PLC disconnected: [WinError 10051] A socket operation was attempted to an unreachable network
2026-02-10 16:08:39,036 [ERROR] Polling thread error: PLC disconnected: [WinError 10051] A socket operation was attempted to an unreachable network
2026-02-10 16:08:40,130 [ERROR] Polling thread error: PLC disconnected: [WinError 10051] A socket operation was attempted to an unreachable network
2026-02-10 16:08:41,220 [ERROR] Polling thread error: PLC disconnected: [WinError 10051] A socket operation was attempted to an unreachable network
2026-02-10 16:08:42,305 [ERROR] Polling thread error: PLC disconnected: [WinError 10051] A socket operation was attempted to an unreachable network
2026-02-10 16:08:43,409 [ERROR] Polling thread error: PLC disconnected: [WinError 10051] A socket operation was attempted to an unreachable network
2026-02-10 16:08:44,509 [ERROR] Polling thread error: PLC disconnected: [WinError 10051] A socket operation was attempted to an unreachable network
2026-02-10 16:08:45,616 [ERROR] Polling thread error: PLC disconnected: [WinError 10051] A socket operation was attempted to an unreachable network
2026-02-10 16:08:46,703 [ERROR] Polling thread error: PLC disconnected: [WinError 10051] A socket operation was attempted to an unreachable network
2026-02-10 16:08:47,811 [ERROR] Polling thread error: PLC disconnected: [WinError 10051] A socket operation was attempted to an unreachable network
2026-02-10 16:08:48,907 [ERROR] Polling thread error: PLC disconnected: [WinError 10051] A socket operation was attempted to an unreachable network
2026-02-10 16:08:50,012 [ERROR] Polling thread error: PLC disconnected: [WinError 10051] A socket operation was attempted to an unreachable network
2026-02-10 16:08:51,118 [ERROR] Polling thread error: PLC disconnected: [WinError 10051] A socket operation was attempted to an unreachable network
2026-02-10 16:08:52,216 [ERROR] Polling thread error: PLC disconnected: [WinError 10051] A socket operation was attempted to an unreachable network
2026-02-10 16:08:53,327 [ERROR] Polling thread error: PLC disconnected: [WinError 10051] A socket operation was attempted to an unreachable network
2026-02-10 16:08:54,429 [ERROR] Polling thread error: PLC disconnected: [WinError 10051] A socket operation was attempted to an unreachable network
2026-02-10 16:08:55,537 [ERROR] Polling thread error: PLC disconnected: [WinError 10051] A socket operation was attempted to an unreachable network
2026-02-10 16:08:56,624 [ERROR] Polling thread error: PLC disconnected: [WinError 10051] A socket operation was attempted to an unreachable network
2026-02-10 16:08:57,725 [ERROR] Polling thread error: PLC disconnected: [WinError 10051] A socket operation was attempted to an unreachable network
2026-02-10 16:08:58,809 [ERROR] Polling thread error: PLC disconnected: [WinError 10051] A socket operation was attempted to an unreachable network
2026-02-10 16:08:59,898 [ERROR] Polling thread error: PLC disconnected: [WinError 10051] A socket operation was attempted to an unreachable network
2026-02-10 16:09:00,996 [ERROR] Polling thread error: PLC disconnected: [WinError 10051] A socket operation was attempted to an unreachable network
2026-02-10 16:09:02,099 [ERROR] Polling thread error: PLC disconnected: [WinError 10051] A socket operation was attempted to an unreachable network
2026-02-10 16:09:03,212 [ERROR] Polling thread error: PLC disconnected: [WinError 10051] A socket operation was attempted to an unreachable network
2026-02-10 16:09:04,305 [ERROR] Polling thread error: PLC disconnected: [WinError 10051] A socket operation was attempted to an unreachable network
2026-02-10 16:09:05,429 [ERROR] Polling thread error: PLC disconnected: [WinError 10051] A socket operation was attempted to an unreachable network
2026-02-10 16:09:06,521 [ERROR] Polling thread error: PLC disconnected: [WinError 10051] A socket operation was attempted to an unreachable network
2026-02-10 16:09:07,606 [ERROR] Polling thread error: PLC disconnected: [WinError 10051] A socket operation was attempted to an unreachable network
2026-02-10 16:09:08,715 [ERROR] Polling thread error: PLC disconnected: [WinError 10051] A socket operation was attempted to an unreachable network
2026-02-10 16:09:09,824 [ERROR] Polling thread error: PLC disconnected: [WinError 10051] A socket operation was attempted to an unreachable network
2026-02-10 16:09:10,932 [ERROR] Polling thread error: PLC disconnected: [WinError 10051] A socket operation was attempted to an unreachable network
2026-02-10 16:09:12,058 [ERROR] Polling thread error: PLC disconnected: [WinError 10051] A socket operation was attempted to an unreachable network
2026-02-10 16:09:13,159 [ERROR] Polling thread error: PLC disconnected: [WinError 10051] A socket operation was attempted to an unreachable network
2026-02-10 16:09:14,243 [ERROR] Polling thread error: PLC disconnected: [WinError 10051] A socket operation was attempted to an unreachable network
2026-02-10 16:09:15,345 [ERROR] Polling thread error: PLC disconnected: [WinError 10051] A socket operation was attempted to an unreachable network
2026-02-10 16:09:16,479 [ERROR] Polling thread error: PLC disconnected: [WinError 10051] A socket operation was attempted to an unreachable network
2026-02-10 16:09:17,566 [ERROR] Polling thread error: PLC disconnected: [WinError 10051] A socket operation was attempted to an unreachable network
2026-02-10 16:09:18,651 [ERROR] Polling thread error: PLC disconnected: [WinError 10051] A socket operation was attempted to an unreachable network
2026-02-10 16:09:19,748 [ERROR] Polling thread error: PLC disconnected: [WinError 10051] A socket operation was attempted to an unreachable network
2026-02-10 16:09:20,836 [ERROR] Polling thread error: PLC disconnected: [WinError 10051] A socket operation was attempted to an unreachable network
2026-02-10 16:09:21,939 [ERROR] Polling thread error: PLC disconnected: [WinError 10051] A socket operation was attempted to an unreachable network
2026-02-10 16:09:23,039 [ERROR] Polling thread error: PLC disconnected: [WinError 10051] A socket operation was attempted to an unreachable network
2026-02-10 16:09:24,126 [ERROR] Polling thread error: PLC disconnected: [WinError 10051] A socket operation was attempted to an unreachable network
2026-02-10 16:09:25,234 [ERROR] Polling thread error: PLC disconnected: [WinError 10051] A socket operation was attempted to an unreachable network
2026-02-10 16:09:26,339 [ERROR] Polling thread error: PLC disconnected: [WinError 10051] A socket operation was attempted to an unreachable network
2026-02-10 16:09:27,446 [ERROR] Polling thread error: PLC disconnected: [WinError 10051] A socket operation was attempted to an unreachable network
2026-02-10 16:09:28,551 [ERROR] Polling thread error: PLC disconnected: [WinError 10051] A socket operation was attempted to an unreachable network
2026-02-10 16:09:29,650 [ERROR] Polling thread error: PLC disconnected: [WinError 10051] A socket operation was attempted to an unreachable network
2026-02-10 16:09:30,756 [ERROR] Polling thread error: PLC disconnected: [WinError 10051] A socket operation was attempted to an unreachable network
2026-02-10 16:09:31,859 [ERROR] Polling thread error: PLC disconnected: [WinError 10051] A socket operation was attempted to an unreachable network
2026-02-10 16:09:32,965 [ERROR] Polling thread error: PLC disconnected: [WinError 10051] A socket operation was attempted to an unreachable network
2026-02-10 16:09:34,066 [ERROR] Polling thread error: PLC disconnected: [WinError 10051] A socket operation was attempted to an unreachable network
2026-02-10 16:09:35,172 [ERROR] Polling thread error: PLC disconnected: [WinError 10051] A socket operation was attempted to an unreachable network
2026-02-10 16:09:36,281 [ERROR] Polling thread error: PLC disconnected: [WinError 10051] A socket operation was attempted to an unreachable network
2026-02-10 16:09:37,381 [ERROR] Polling thread error: PLC disconnected: [WinError 10051] A socket operation was attempted to an unreachable network
2026-02-10 16:09:38,483 [ERROR] Polling thread error: PLC disconnected: [WinError 10051] A socket operation was attempted to an unreachable network
2026-02-10 16:09:39,584 [ERROR] Polling thread error: PLC disconnected: [WinError 10051] A socket operation was attempted to an unreachable network
2026-02-10 16:09:40,691 [ERROR] Polling thread error: PLC disconnected: [WinError 10051] A socket operation was attempted to an unreachable network
2026-02-10 16:09:41,786 [ERROR] Polling thread error: PLC disconnected: [WinError 10051] A socket operation was attempted to an unreachable network
2026-02-10 16:09:42,876 [ERROR] Polling thread error: PLC disconnected: [WinError 10051] A socket operation was attempted to an unreachable network
2026-02-10 16:09:43,959 [ERROR] Polling thread error: PLC disconnected: [WinError 10051] A socket operation was attempted to an unreachable network
2026-02-10 16:09:45,045 [ERROR] Polling thread error: PLC disconnected: [WinError 10051] A socket operation was attempted to an unreachable network
2026-02-10 16:09:46,144 [ERROR] Polling thread error: PLC disconnected: [WinError 10051] A socket operation was attempted to an unreachable network
2026-02-10 16:09:47,230 [ERROR] Polling thread error: PLC disconnected: [WinError 10051] A socket operation was attempted to an unreachable network
2026-02-10 16:09:48,321 [ERROR] Polling thread error: PLC disconnected: [WinError 10051] A socket operation was attempted to an unreachable network
2026-02-10 16:09:49,408 [ERROR] Polling thread error: PLC disconnected: [WinError 10051] A socket operation was attempted to an unreachable network
2026-02-10 16:09:50,508 [ERROR] Polling thread error: PLC disconnected: [WinError 10051] A socket operation was attempted to an unreachable network
2026-02-10 16:09:51,608 [ERROR] Polling thread error: PLC disconnected: [WinError 10051] A socket operation was attempted to an unreachable network
2026-02-10 16:09:52,712 [ERROR] Polling thread error: PLC disconnected: [WinError 10051] A socket operation was attempted to an unreachable network
2026-02-10 16:09:53,830 [ERROR] Polling thread error: PLC disconnected: [WinError 10051] A socket operation was attempted to an unreachable network
2026-02-10 16:09:54,929 [ERROR] Polling thread error: PLC disconnected: [WinError 10051] A socket operation was attempted to an unreachable network
2026-02-10 16:09:56,027 [ERROR] Polling thread error: PLC disconnected: [WinError 10051] A socket operation was attempted to an unreachable network
2026-02-10 16:09:57,134 [ERROR] Polling thread error: PLC disconnected: [WinError 10051] A socket operation was attempted to an unreachable network
2026-02-10 16:09:58,223 [ERROR] Polling thread error: PLC disconnected: [WinError 10051] A socket operation was attempted to an unreachable network
2026-02-10 16:09:59,307 [ERROR] Polling thread error: PLC disconnected: [WinError 10051] A socket operation was attempted to an unreachable network
2026-02-10 16:10:00,390 [ERROR] Polling thread error: PLC disconnected: [WinError 10051] A socket operation was attempted to an unreachable network
2026-02-10 16:10:01,478 [ERROR] Polling thread error: PLC disconnected: [WinError 10051] A socket operation was attempted to an unreachable network
2026-02-10 16:10:02,583 [ERROR] Polling thread error: PLC disconnected: [WinError 10051] A socket operation was attempted to an unreachable network
2026-02-10 16:10:03,673 [ERROR] Polling thread error: PLC disconnected: [WinError 10051] A socket operation was attempted to an unreachable network
2026-02-10 16:10:04,758 [ERROR] Polling thread error: PLC disconnected: [WinError 10051] A socket operation was attempted to an unreachable network
2026-02-10 16:10:05,861 [ERROR] Polling thread error: PLC disconnected: [WinError 10051] A socket operation was attempted to an unreachable network
2026-02-10 16:10:06,962 [ERROR] Polling thread error: PLC disconnected: [WinError 10051] A socket operation was attempted to an unreachable network
2026-02-10 16:10:08,063 [ERROR] Polling thread error: PLC disconnected: [WinError 10051] A socket operation was attempted to an unreachable network
2026-02-10 16:10:09,155 [ERROR] Polling thread error: PLC disconnected: [WinError 10051] A socket operation was attempted to an unreachable network
2026-02-10 16:10:10,258 [ERROR] Polling thread error: PLC disconnected: [WinError 10051] A socket operation was attempted to an unreachable network
2026-02-10 16:10:11,363 [ERROR] Polling thread error: PLC disconnected: [WinError 10051] A socket operation was attempted to an unreachable network
2026-02-10 16:10:12,464 [ERROR] Polling thread error: PLC disconnected: [WinError 10051] A socket operation was attempted to an unreachable network
2026-02-10 16:10:13,565 [ERROR] Polling thread error: PLC disconnected: [WinError 10051] A socket operation was attempted to an unreachable network
2026-02-10 16:10:14,647 [ERROR] Polling thread error: PLC disconnected: [WinError 10051] A socket operation was attempted to an unreachable network
2026-02-10 16:10:15,740 [ERROR] Polling thread error: PLC disconnected: [WinError 10051] A socket operation was attempted to an unreachable network
2026-02-10 16:10:16,842 [ERROR] Polling thread error: PLC disconnected: [WinError 10051] A socket operation was attempted to an unreachable network
2026-02-10 16:10:17,943 [ERROR] Polling thread error: PLC disconnected: [WinError 10051] A socket operation was attempted to an unreachable network
2026-02-10 16:10:19,035 [ERROR] Polling thread error: PLC disconnected: [WinError 10051] A socket operation was attempted to an unreachable network
2026-02-10 16:10:20,121 [ERROR] Polling thread error: PLC disconnected: [WinError 10051] A socket operation was attempted to an unreachable network
2026-02-10 16:10:21,223 [ERROR] Polling thread error: PLC disconnected: [WinError 10051] A socket operation was attempted to an unreachable network
2026-02-10 16:10:22,326 [ERROR] Polling thread error: PLC disconnected: [WinError 10051] A socket operation was attempted to an unreachable network
2026-02-10 16:10:23,412 [ERROR] Polling thread error: PLC disconnected: [WinError 10051] A socket operation was attempted to an unreachable network
2026-02-10 16:10:24,512 [ERROR] Polling thread error: PLC disconnected: [WinError 10051] A socket operation was attempted to an unreachable network
2026-02-10 16:10:25,621 [ERROR] Polling thread error: PLC disconnected: [WinError 10051] A socket operation was attempted to an unreachable network
2026-02-10 16:10:26,723 [ERROR] Polling thread error: PLC disconnected: [WinError 10051] A socket operation was attempted to an unreachable network
2026-02-10 16:10:27,826 [ERROR] Polling thread error: PLC disconnected: [WinError 10051] A socket operation was attempted to an unreachable network
2026-02-10 16:10:28,926 [ERROR] Polling thread error: PLC disconnected: [WinError 10051] A socket operation was attempted to an unreachable network
2026-02-10 16:10:30,023 [ERROR] Polling thread error: PLC disconnected: [WinError 10051] A socket operation was attempted to an unreachable network
2026-02-10 16:10:31,127 [ERROR] Polling thread error: PLC disconnected: [WinError 10051] A socket operation was attempted to an unreachable network
2026-02-10 16:10:32,227 [ERROR] Polling thread error: PLC disconnected: [WinError 10051] A socket operation was attempted to an unreachable network
2026-02-10 16:10:33,318 [ERROR] Polling thread error: PLC disconnected: [WinError 10051] A socket operation was attempted to an unreachable network
2026-02-10 16:10:34,422 [ERROR] Polling thread error: PLC disconnected: [WinError 10051] A socket operation was attempted to an unreachable network
2026-02-10 16:10:35,530 [ERROR] Polling thread error: PLC disconnected: [WinError 10051] A socket operation was attempted to an unreachable network
2026-02-10 16:10:36,616 [ERROR] Polling thread error: PLC disconnected: [WinError 10051] A socket operation was attempted to an unreachable network
2026-02-10 16:10:37,714 [ERROR] Polling thread error: PLC disconnected: [WinError 10051] A socket operation was attempted to an unreachable network
2026-02-10 16:10:38,809 [ERROR] Polling thread error: PLC disconnected: [WinError 10051] A socket operation was attempted to an unreachable network
2026-02-10 16:10:39,894 [ERROR] Polling thread error: PLC disconnected: [WinError 10051] A socket operation was attempted to an unreachable network
2026-02-10 16:10:40,994 [ERROR] Polling thread error: PLC disconnected: [WinError 10051] A socket operation was attempted to an unreachable network
2026-02-10 16:10:42,102 [ERROR] Polling thread error: PLC disconnected: [WinError 10051] A socket operation was attempted to an unreachable network
2026-02-10 16:10:43,203 [ERROR] Polling thread error: PLC disconnected: [WinError 10051] A socket operation was attempted to an unreachable network
2026-02-10 16:10:44,310 [ERROR] Polling thread error: PLC disconnected: [WinError 10051] A socket operation was attempted to an unreachable network
2026-02-10 16:10:45,414 [ERROR] Polling thread error: PLC disconnected: [WinError 10051] A socket operation was attempted to an unreachable network
2026-02-10 16:10:46,500 [ERROR] Polling thread error: PLC disconnected: [WinError 10051] A socket operation was attempted to an unreachable network
2026-02-10 16:10:47,591 [ERROR] Polling thread error: PLC disconnected: [WinError 10051] A socket operation was attempted to an unreachable network
2026-02-10 16:10:48,689 [ERROR] Polling thread error: PLC disconnected: [WinError 10051] A socket operation was attempted to an unreachable network
2026-02-10 16:10:49,783 [ERROR] Polling thread error: PLC disconnected: [WinError 10051] A socket operation was attempted to an unreachable network
2026-02-10 16:10:50,870 [ERROR] Polling thread error: PLC disconnected: [WinError 10051] A socket operation was attempted to an unreachable network
2026-02-10 16:10:51,956 [ERROR] Polling thread error: PLC disconnected: [WinError 10051] A socket operation was attempted to an unreachable network
2026-02-10 16:10:53,061 [ERROR] Polling thread error: PLC disconnected: [WinError 10051] A socket operation was attempted to an unreachable network
2026-02-10 16:10:54,150 [ERROR] Polling thread error: PLC disconnected: [WinError 10051] A socket operation was attempted to an unreachable network
2026-02-10 16:10:55,243 [ERROR] Polling thread error: PLC disconnected: [WinError 10051] A socket operation was attempted to an unreachable network
2026-02-10 16:10:56,349 [ERROR] Polling thread error: PLC disconnected: [WinError 10051] A socket operation was attempted to an unreachable network
2026-02-10 16:10:57,470 [ERROR] Polling thread error: PLC disconnected: [WinError 10051] A socket operation was attempted to an unreachable network
2026-02-10 16:10:58,579 [ERROR] Polling thread error: PLC disconnected: [WinError 10051] A socket operation was attempted to an unreachable network
2026-02-10 16:10:59,675 [ERROR] Polling thread error: PLC disconnected: [WinError 10051] A socket operation was attempted to an unreachable network
2026-02-10 16:11:00,767 [ERROR] Polling thread error: PLC disconnected: [WinError 10051] A socket operation was attempted to an unreachable network
2026-02-10 16:11:01,859 [ERROR] Polling thread error: PLC disconnected: [WinError 10051] A socket operation was attempted to an unreachable network
2026-02-10 16:11:02,943 [ERROR] Polling thread error: PLC disconnected: [WinError 10051] A socket operation was attempted to an unreachable network
2026-02-10 16:11:04,043 [ERROR] Polling thread error: PLC disconnected: [WinError 10051] A socket operation was attempted to an unreachable network
2026-02-10 16:11:05,128 [ERROR] Polling thread error: PLC disconnected: [WinError 10051] A socket operation was attempted to an unreachable network
2026-02-10 16:11:06,220 [ERROR] Polling thread error: PLC disconnected: [WinError 10051] A socket operation was attempted to an unreachable network
2026-02-10 16:11:07,325 [ERROR] Polling thread error: PLC disconnected: [WinError 10051] A socket operation was attempted to an unreachable network
2026-02-10 16:11:08,416 [ERROR] Polling thread error: PLC disconnected: [WinError 10051] A socket operation was attempted to an unreachable network
2026-02-10 16:11:09,516 [ERROR] Polling thread error: PLC disconnected: [WinError 10051] A socket operation was attempted to an unreachable network
2026-02-10 16:11:10,605 [ERROR] Polling thread error: PLC disconnected: [WinError 10051] A socket operation was attempted to an unreachable network
2026-02-10 16:11:11,693 [ERROR] Polling thread error: PLC disconnected: [WinError 10051] A socket operation was attempted to an unreachable network
2026-02-10 16:11:12,796 [ERROR] Polling thread error: PLC disconnected: [WinError 10051] A socket operation was attempted to an unreachable network
2026-02-10 16:11:13,889 [ERROR] Polling thread error: PLC disconnected: [WinError 10051] A socket operation was attempted to an unreachable network
2026-02-10 16:11:14,983 [ERROR] Polling thread error: PLC disconnected: [WinError 10051] A socket operation was attempted to an unreachable network
2026-02-10 16:11:16,089 [ERROR] Polling thread error: PLC disconnected: [WinError 10051] A socket operation was attempted to an unreachable network
2026-02-10 16:11:17,193 [ERROR] Polling thread error: PLC disconnected: [WinError 10051] A socket operation was attempted to an unreachable network
2026-02-10 16:11:18,300 [ERROR] Polling thread error: PLC disconnected: [WinError 10051] A socket operation was attempted to an unreachable network
2026-02-10 16:11:19,405 [ERROR] Polling thread error: PLC disconnected: [WinError 10051] A socket operation was attempted to an unreachable network
2026-02-10 16:11:20,492 [ERROR] Polling thread error: PLC disconnected: [WinError 10051] A socket operation was attempted to an unreachable network
2026-02-10 16:11:21,581 [ERROR] Polling thread error: PLC disconnected: [WinError 10051] A socket operation was attempted to an unreachable network
2026-02-10 16:11:22,683 [ERROR] Polling thread error: PLC disconnected: [WinError 10051] A socket operation was attempted to an unreachable network
2026-02-10 16:11:23,791 [ERROR] Polling thread error: PLC disconnected: [WinError 10051] A socket operation was attempted to an unreachable network
2026-02-10 16:11:24,883 [ERROR] Polling thread error: PLC disconnected: [WinError 10051] A socket operation was attempted to an unreachable network
2026-02-10 16:11:25,988 [ERROR] Polling thread error: PLC disconnected: [WinError 10051] A socket operation was attempted to an unreachable network
2026-02-10 16:11:27,093 [ERROR] Polling thread error: PLC disconnected: [WinError 10051] A socket operation was attempted to an unreachable network
2026-02-10 16:11:28,186 [ERROR] Polling thread error: PLC disconnected: [WinError 10051] A socket operation was attempted to an unreachable network
2026-02-10 16:11:29,307 [ERROR] Polling thread error: PLC disconnected: [WinError 10051] A socket operation was attempted to an unreachable network
2026-02-10 16:11:30,400 [ERROR] Polling thread error: PLC disconnected: [WinError 10051] A socket operation was attempted to an unreachable network
2026-02-10 16:11:31,509 [ERROR] Polling thread error: PLC disconnected: [WinError 10051] A socket operation was attempted to an unreachable network
2026-02-10 16:11:32,615 [ERROR] Polling thread error: PLC disconnected: [WinError 10051] A socket operation was attempted to an unreachable network
2026-02-10 16:11:33,707 [ERROR] Polling thread error: PLC disconnected: [WinError 10051] A socket operation was attempted to an unreachable network
2026-02-10 16:11:34,812 [ERROR] Polling thread error: PLC disconnected: [WinError 10051] A socket operation was attempted to an unreachable network
2026-02-10 16:11:35,912 [ERROR] Polling thread error: PLC disconnected: [WinError 10051] A socket operation was attempted to an unreachable network
2026-02-10 16:11:37,000 [ERROR] Polling thread error: PLC disconnected: [WinError 10051] A socket operation was attempted to an unreachable network
2026-02-10 16:11:38,091 [ERROR] Polling thread error: PLC disconnected: [WinError 10051] A socket operation was attempted to an unreachable network
2026-02-10 16:11:39,189 [ERROR] Polling thread error: PLC disconnected: [WinError 10051] A socket operation was attempted to an unreachable network
2026-02-10 16:11:40,277 [ERROR] Polling thread error: PLC disconnected: [WinError 10051] A socket operation was attempted to an unreachable network
2026-02-10 16:11:41,378 [ERROR] Polling thread error: PLC disconnected: [WinError 10051] A socket operation was attempted to an unreachable network
2026-02-10 16:11:42,477 [ERROR] Polling thread error: PLC disconnected: [WinError 10051] A socket operation was attempted to an unreachable network
2026-02-10 16:11:43,577 [ERROR] Polling thread error: PLC disconnected: [WinError 10051] A socket operation was attempted to an unreachable network
2026-02-10 16:11:44,668 [ERROR] Polling thread error: PLC disconnected: [WinError 10051] A socket operation was attempted to an unreachable network
2026-02-10 16:11:45,772 [ERROR] Polling thread error: PLC disconnected: [WinError 10051] A socket operation was attempted to an unreachable network
2026-02-10 16:11:46,859 [ERROR] Polling thread error: PLC disconnected: [WinError 10051] A socket operation was attempted to an unreachable network
2026-02-10 16:11:47,960 [ERROR] Polling thread error: PLC disconnected: [WinError 10051] A socket operation was attempted to an unreachable network
2026-02-10 16:11:49,055 [ERROR] Polling thread error: PLC disconnected: [WinError 10051] A socket operation was attempted to an unreachable network
2026-02-10 16:11:50,159 [ERROR] Polling thread error: PLC disconnected: [WinError 10051] A socket operation was attempted to an unreachable network
2026-02-10 16:11:51,259 [ERROR] Polling thread error: PLC disconnected: [WinError 10051] A socket operation was attempted to an unreachable network
2026-02-10 16:11:52,348 [ERROR] Polling thread error: PLC disconnected: [WinError 10051] A socket operation was attempted to an unreachable network
2026-02-10 16:11:53,455 [ERROR] Polling thread error: PLC disconnected: [WinError 10051] A socket operation was attempted to an unreachable network
2026-02-10 16:11:54,556 [ERROR] Polling thread error: PLC disconnected: [WinError 10051] A socket operation was attempted to an unreachable network
2026-02-10 16:11:55,654 [ERROR] Polling thread error: PLC disconnected: [WinError 10051] A socket operation was attempted to an unreachable network
2026-02-10 16:11:56,757 [ERROR] Polling thread error: PLC disconnected: [WinError 10051] A socket operation was attempted to an unreachable network
2026-02-10 16:11:57,859 [ERROR] Polling thread error: PLC disconnected: [WinError 10051] A socket operation was attempted to an unreachable network
2026-02-10 16:11:58,950 [ERROR] Polling thread error: PLC disconnected: [WinError 10051] A socket operation was attempted to an unreachable network
2026-02-10 16:12:00,044 [ERROR] Polling thread error: PLC disconnected: [WinError 10051] A socket operation was attempted to an unreachable network
2026-02-10 16:12:01,131 [ERROR] Polling thread error: PLC disconnected: [WinError 10051] A socket operation was attempted to an unreachable network
2026-02-10 16:12:02,219 [ERROR] Polling thread error: PLC disconnected: [WinError 10051] A socket operation was attempted to an unreachable network
2026-02-10 16:12:03,315 [ERROR] Polling thread error: PLC disconnected: [WinError 10051] A socket operation was attempted to an unreachable network
2026-02-10 16:12:04,408 [ERROR] Polling thread error: PLC disconnected: [WinError 10051] A socket operation was attempted to an unreachable network
2026-02-10 16:12:05,518 [ERROR] Polling thread error: PLC disconnected: [WinError 10051] A socket operation was attempted to an unreachable network
2026-02-10 16:12:06,615 [ERROR] Polling thread error: PLC disconnected: [WinError 10051] A socket operation was attempted to an unreachable network
2026-02-10 16:12:07,726 [ERROR] Polling thread error: PLC disconnected: [WinError 10051] A socket operation was attempted to an unreachable network
2026-02-10 16:12:08,817 [ERROR] Polling thread error: PLC disconnected: [WinError 10051] A socket operation was attempted to an unreachable network
2026-02-10 16:12:09,919 [ERROR] Polling thread error: PLC disconnected: [WinError 10051] A socket operation was attempted to an unreachable network
2026-02-10 16:12:11,040 [ERROR] Polling thread error: PLC disconnected: [WinError 10051] A socket operation was attempted to an unreachable network
2026-02-10 16:12:12,144 [ERROR] Polling thread error: PLC disconnected: [WinError 10051] A socket operation was attempted to an unreachable network
2026-02-10 16:12:13,247 [ERROR] Polling thread error: PLC disconnected: [WinError 10051] A socket operation was attempted to an unreachable network
2026-02-10 16:12:14,348 [ERROR] Polling thread error: PLC disconnected: [WinError 10051] A socket operation was attempted to an unreachable network
2026-02-10 16:12:15,461 [ERROR] Polling thread error: PLC disconnected: [WinError 10051] A socket operation was attempted to an unreachable network
2026-02-10 16:12:16,549 [ERROR] Polling thread error: PLC disconnected: [WinError 10051] A socket operation was attempted to an unreachable network
2026-02-10 16:12:17,645 [ERROR] Polling thread error: PLC disconnected: [WinError 10051] A socket operation was attempted to an unreachable network
2026-02-10 16:12:18,737 [ERROR] Polling thread error: PLC disconnected: [WinError 10051] A socket operation was attempted to an unreachable network
2026-02-10 16:12:19,836 [ERROR] Polling thread error: PLC disconnected: [WinError 10051] A socket operation was attempted to an unreachable network
2026-02-10 16:12:20,943 [ERROR] Polling thread error: PLC disconnected: [WinError 10051] A socket operation was attempted to an unreachable network
2026-02-10 16:12:22,047 [ERROR] Polling thread error: PLC disconnected: [WinError 10051] A socket operation was attempted to an unreachable network
2026-02-10 16:12:23,150 [ERROR] Polling thread error: PLC disconnected: [WinError 10051] A socket operation was attempted to an unreachable network
2026-02-10 16:12:24,254 [ERROR] Polling thread error: PLC disconnected: [WinError 10051] A socket operation was attempted to an unreachable network
2026-02-10 16:12:25,344 [ERROR] Polling thread error: PLC disconnected: [WinError 10051] A socket operation was attempted to an unreachable network
2026-02-10 16:12:26,451 [ERROR] Polling thread error: PLC disconnected: [WinError 10051] A socket operation was attempted to an unreachable network
2026-02-10 16:12:27,539 [ERROR] Polling thread error: PLC disconnected: [WinError 10051] A socket operation was attempted to an unreachable network
2026-02-10 16:12:28,641 [ERROR] Polling thread error: PLC disconnected: [WinError 10051] A socket operation was attempted to an unreachable network
2026-02-10 16:12:29,749 [ERROR] Polling thread error: PLC disconnected: [WinError 10051] A socket operation was attempted to an unreachable network
2026-02-10 16:12:30,853 [ERROR] Polling thread error: PLC disconnected: [WinError 10051] A socket operation was attempted to an unreachable network
2026-02-10 16:12:31,940 [ERROR] Polling thread error: PLC disconnected: [WinError 10051] A socket operation was attempted to an unreachable network
2026-02-10 16:12:33,026 [ERROR] Polling thread error: PLC disconnected: [WinError 10051] A socket operation was attempted to an unreachable network
2026-02-10 16:12:34,115 [ERROR] Polling thread error: PLC disconnected: [WinError 10051] A socket operation was attempted to an unreachable network
2026-02-10 16:12:35,215 [ERROR] Polling thread error: PLC disconnected: [WinError 10051] A socket operation was attempted to an unreachable network
2026-02-10 16:12:36,321 [ERROR] Polling thread error: PLC disconnected: [WinError 10051] A socket operation was attempted to an unreachable network
2026-02-10 16:12:37,431 [ERROR] Polling thread error: PLC disconnected: [WinError 10051] A socket operation was attempted to an unreachable network
2026-02-10 16:12:38,525 [ERROR] Polling thread error: PLC disconnected: [WinError 10051] A socket operation was attempted to an unreachable network
2026-02-10 16:12:39,629 [ERROR] Polling thread error: PLC disconnected: [WinError 10051] A socket operation was attempted to an unreachable network
2026-02-10 16:12:40,711 [ERROR] Polling thread error: PLC disconnected: [WinError 10051] A socket operation was attempted to an unreachable network
2026-02-10 16:12:41,822 [ERROR] Polling thread error: PLC disconnected: [WinError 10051] A socket operation was attempted to an unreachable network
2026-02-10 16:12:42,928 [ERROR] Polling thread error: PLC disconnected: [WinError 10051] A socket operation was attempted to an unreachable network
2026-02-10 16:12:44,015 [ERROR] Polling thread error: PLC disconnected: [WinError 10051] A socket operation was attempted to an unreachable network
2026-02-10 16:12:45,115 [ERROR] Polling thread error: PLC disconnected: [WinError 10051] A socket operation was attempted to an unreachable network
2026-02-10 16:12:46,201 [ERROR] Polling thread error: PLC disconnected: [WinError 10051] A socket operation was attempted to an unreachable network
2026-02-10 16:12:47,287 [ERROR] Polling thread error: PLC disconnected: [WinError 10051] A socket operation was attempted to an unreachable network
2026-02-10 16:12:48,377 [ERROR] Polling thread error: PLC disconnected: [WinError 10051] A socket operation was attempted to an unreachable network
2026-02-10 16:12:49,465 [ERROR] Polling thread error: PLC disconnected: [WinError 10051] A socket operation was attempted to an unreachable network
2026-02-10 16:12:50,562 [ERROR] Polling thread error: PLC disconnected: [WinError 10051] A socket operation was attempted to an unreachable network
2026-02-10 16:12:51,661 [ERROR] Polling thread error: PLC disconnected: [WinError 10051] A socket operation was attempted to an unreachable network
2026-02-10 16:12:52,762 [ERROR] Polling thread error: PLC disconnected: [WinError 10051] A socket operation was attempted to an unreachable network
2026-02-10 16:12:53,855 [ERROR] Polling thread error: PLC disconnected: [WinError 10051] A socket operation was attempted to an unreachable network
2026-02-10 16:12:54,956 [ERROR] Polling thread error: PLC disconnected: [WinError 10051] A socket operation was attempted to an unreachable network
2026-02-10 16:12:56,051 [ERROR] Polling thread error: PLC disconnected: [WinError 10051] A socket operation was attempted to an unreachable network
2026-02-10 16:12:57,143 [ERROR] Polling thread error: PLC disconnected: [WinError 10051] A socket operation was attempted to an unreachable network
2026-02-10 16:12:58,232 [ERROR] Polling thread error: PLC disconnected: [WinError 10051] A socket operation was attempted to an unreachable network
2026-02-10 16:12:59,319 [ERROR] Polling thread error: PLC disconnected: [WinError 10051] A socket operation was attempted to an unreachable network
2026-02-10 16:13:00,407 [ERROR] Polling thread error: PLC disconnected: [WinError 10051] A socket operation was attempted to an unreachable network
2026-02-10 16:13:01,497 [ERROR] Polling thread error: PLC disconnected: [WinError 10051] A socket operation was attempted to an unreachable network
2026-02-10 16:13:02,593 [ERROR] Polling thread error: PLC disconnected: [WinError 10051] A socket operation was attempted to an unreachable network
2026-02-10 16:13:03,699 [ERROR] Polling thread error: PLC disconnected: [WinError 10051] A socket operation was attempted to an unreachable network
2026-02-10 16:13:04,797 [ERROR] Polling thread error: PLC disconnected: [WinError 10051] A socket operation was attempted to an unreachable network
2026-02-10 16:13:05,917 [ERROR] Polling thread error: PLC disconnected: [WinError 10051] A socket operation was attempted to an unreachable network
2026-02-10 16:13:07,002 [ERROR] Polling thread error: PLC disconnected: [WinError 10051] A socket operation was attempted to an unreachable network
2026-02-10 16:13:08,108 [ERROR] Polling thread error: PLC disconnected: [WinError 10051] A socket operation was attempted to an unreachable network
2026-02-10 16:13:09,208 [ERROR] Polling thread error: PLC disconnected: [WinError 10051] A socket operation was attempted to an unreachable network
2026-02-10 16:13:10,309 [ERROR] Polling thread error: PLC disconnected: [WinError 10051] A socket operation was attempted to an unreachable network
2026-02-10 16:13:11,413 [ERROR] Polling thread error: PLC disconnected: [WinError 10051] A socket operation was attempted to an unreachable network
2026-02-10 16:13:12,520 [ERROR] Polling thread error: PLC disconnected: [WinError 10051] A socket operation was attempted to an unreachable network
2026-02-10 16:13:13,625 [ERROR] Polling thread error: PLC disconnected: [WinError 10051] A socket operation was attempted to an unreachable network
2026-02-10 16:13:14,713 [ERROR] Polling thread error: PLC disconnected: [WinError 10051] A socket operation was attempted to an unreachable network
2026-02-10 16:13:15,804 [ERROR] Polling thread error: PLC disconnected: [WinError 10051] A socket operation was attempted to an unreachable network
2026-02-10 16:13:16,903 [ERROR] Polling thread error: PLC disconnected: [WinError 10051] A socket operation was attempted to an unreachable network
2026-02-10 16:13:17,989 [ERROR] Polling thread error: PLC disconnected: [WinError 10051] A socket operation was attempted to an unreachable network
2026-02-10 16:13:19,093 [ERROR] Polling thread error: PLC disconnected: [WinError 10051] A socket operation was attempted to an unreachable network
2026-02-10 16:13:20,185 [ERROR] Polling thread error: PLC disconnected: [WinError 10051] A socket operation was attempted to an unreachable network
2026-02-10 16:13:21,293 [ERROR] Polling thread error: PLC disconnected: [WinError 10051] A socket operation was attempted to an unreachable network
2026-02-10 16:13:22,400 [ERROR] Polling thread error: PLC disconnected: [WinError 10051] A socket operation was attempted to an unreachable network
2026-02-10 16:13:23,493 [ERROR] Polling thread error: PLC disconnected: [WinError 10051] A socket operation was attempted to an unreachable network
2026-02-10 16:13:24,578 [ERROR] Polling thread error: PLC disconnected: [WinError 10051] A socket operation was attempted to an unreachable network
2026-02-10 16:13:25,675 [ERROR] Polling thread error: PLC disconnected: [WinError 10051] A socket operation was attempted to an unreachable network
2026-02-10 16:13:26,780 [ERROR] Polling thread error: PLC disconnected: [WinError 10051] A socket operation was attempted to an unreachable network
2026-02-10 16:13:27,863 [ERROR] Polling thread error: PLC disconnected: [WinError 10051] A socket operation was attempted to an unreachable network
2026-02-10 16:13:28,963 [ERROR] Polling thread error: PLC disconnected: [WinError 10051] A socket operation was attempted to an unreachable network
2026-02-10 16:13:30,069 [ERROR] Polling thread error: PLC disconnected: [WinError 10051] A socket operation was attempted to an unreachable network
2026-02-10 16:13:31,156 [ERROR] Polling thread error: PLC disconnected: [WinError 10051] A socket operation was attempted to an unreachable network
2026-02-10 16:13:32,244 [ERROR] Polling thread error: PLC disconnected: [WinError 10051] A socket operation was attempted to an unreachable network
2026-02-10 16:13:33,334 [ERROR] Polling thread error: PLC disconnected: [WinError 10051] A socket operation was attempted to an unreachable network
2026-02-10 16:13:34,421 [ERROR] Polling thread error: PLC disconnected: [WinError 10051] A socket operation was attempted to an unreachable network
2026-02-10 16:13:35,504 [ERROR] Polling thread error: PLC disconnected: [WinError 10051] A socket operation was attempted to an unreachable network
2026-02-10 16:13:36,602 [ERROR] Polling thread error: PLC disconnected: [WinError 10051] A socket operation was attempted to an unreachable network
2026-02-10 16:13:37,691 [ERROR] Polling thread error: PLC disconnected: [WinError 10051] A socket operation was attempted to an unreachable network
2026-02-10 16:13:38,790 [ERROR] Polling thread error: PLC disconnected: [WinError 10051] A socket operation was attempted to an unreachable network
2026-02-10 16:13:39,892 [ERROR] Polling thread error: PLC disconnected: [WinError 10051] A socket operation was attempted to an unreachable network
2026-02-10 16:13:40,982 [ERROR] Polling thread error: PLC disconnected: [WinError 10051] A socket operation was attempted to an unreachable network
2026-02-10 16:13:42,065 [ERROR] Polling thread error: PLC disconnected: [WinError 10051] A socket operation was attempted to an unreachable network
2026-02-10 16:13:43,171 [ERROR] Polling thread error: PLC disconnected: [WinError 10051] A socket operation was attempted to an unreachable network
2026-02-10 16:13:44,274 [ERROR] Polling thread error: PLC disconnected: [WinError 10051] A socket operation was attempted to an unreachable network
2026-02-10 16:13:45,373 [ERROR] Polling thread error: PLC disconnected: [WinError 10051] A socket operation was attempted to an unreachable network
2026-02-10 16:13:46,459 [ERROR] Polling thread error: PLC disconnected: [WinError 10051] A socket operation was attempted to an unreachable network
2026-02-10 16:13:47,560 [ERROR] Polling thread error: PLC disconnected: [WinError 10051] A socket operation was attempted to an unreachable network
2026-02-10 16:13:48,651 [ERROR] Polling thread error: PLC disconnected: [WinError 10051] A socket operation was attempted to an unreachable network
2026-02-10 16:13:49,744 [ERROR] Polling thread error: PLC disconnected: [WinError 10051] A socket operation was attempted to an unreachable network
2026-02-10 16:13:50,847 [ERROR] Polling thread error: PLC disconnected: [WinError 10051] A socket operation was attempted to an unreachable network
2026-02-10 16:13:51,935 [ERROR] Polling thread error: PLC disconnected: [WinError 10051] A socket operation was attempted to an unreachable network
2026-02-10 16:13:53,023 [ERROR] Polling thread error: PLC disconnected: [WinError 10051] A socket operation was attempted to an unreachable network
2026-02-10 16:13:54,118 [ERROR] Polling thread error: PLC disconnected: [WinError 10051] A socket operation was attempted to an unreachable network
2026-02-10 16:13:55,210 [ERROR] Polling thread error: PLC disconnected: [WinError 10051] A socket operation was attempted to an unreachable network
2026-02-10 16:13:56,302 [ERROR] Polling thread error: PLC disconnected: [WinError 10051] A socket operation was attempted to an unreachable network
2026-02-10 16:13:57,413 [ERROR] Polling thread error: PLC disconnected: [WinError 10051] A socket operation was attempted to an unreachable network
2026-02-10 16:13:58,504 [ERROR] Polling thread error: PLC disconnected: [WinError 10051] A socket operation was attempted to an unreachable network
2026-02-10 16:13:59,605 [ERROR] Polling thread error: PLC disconnected: [WinError 10051] A socket operation was attempted to an unreachable network
2026-02-10 16:14:00,690 [ERROR] Polling thread error: PLC disconnected: [WinError 10051] A socket operation was attempted to an unreachable network
2026-02-10 16:14:01,783 [ERROR] Polling thread error: PLC disconnected: [WinError 10051] A socket operation was attempted to an unreachable network
2026-02-10 16:14:02,873 [ERROR] Polling thread error: PLC disconnected: [WinError 10051] A socket operation was attempted to an unreachable network
2026-02-10 16:14:03,956 [ERROR] Polling thread error: PLC disconnected: [WinError 10051] A socket operation was attempted to an unreachable network
2026-02-10 16:14:05,050 [ERROR] Polling thread error: PLC disconnected: [WinError 10051] A socket operation was attempted to an unreachable network
2026-02-10 16:14:06,136 [ERROR] Polling thread error: PLC disconnected: [WinError 10051] A socket operation was attempted to an unreachable network
2026-02-10 16:14:07,221 [ERROR] Polling thread error: PLC disconnected: [WinError 10051] A socket operation was attempted to an unreachable network
2026-02-10 16:14:08,307 [ERROR] Polling thread error: PLC disconnected: [WinError 10051] A socket operation was attempted to an unreachable network
2026-02-10 16:14:09,396 [ERROR] Polling thread error: PLC disconnected: [WinError 10051] A socket operation was attempted to an unreachable network
2026-02-10 16:14:10,495 [ERROR] Polling thread error: PLC disconnected: [WinError 10051] A socket operation was attempted to an unreachable network
2026-02-10 16:14:11,587 [ERROR] Polling thread error: PLC disconnected: [WinError 10051] A socket operation was attempted to an unreachable network
2026-02-10 16:14:12,703 [ERROR] Polling thread error: PLC disconnected: [WinError 10051] A socket operation was attempted to an unreachable network
2026-02-10 16:14:13,801 [ERROR] Polling thread error: PLC disconnected: [WinError 10051] A socket operation was attempted to an unreachable network
2026-02-10 16:14:14,890 [ERROR] Polling thread error: PLC disconnected: [WinError 10051] A socket operation was attempted to an unreachable network
2026-02-10 16:14:15,979 [ERROR] Polling thread error: PLC disconnected: [WinError 10051] A socket operation was attempted to an unreachable network
2026-02-10 16:14:17,075 [ERROR] Polling thread error: PLC disconnected: [WinError 10051] A socket operation was attempted to an unreachable network
2026-02-10 16:14:18,187 [ERROR] Polling thread error: PLC disconnected: [WinError 10051] A socket operation was attempted to an unreachable network
2026-02-10 16:14:19,295 [ERROR] Polling thread error: PLC disconnected: [WinError 10051] A socket operation was attempted to an unreachable network
2026-02-10 16:14:20,390 [ERROR] Polling thread error: PLC disconnected: [WinError 10051] A socket operation was attempted to an unreachable network
2026-02-10 16:14:21,504 [ERROR] Polling thread error: PLC disconnected: [WinError 10051] A socket operation was attempted to an unreachable network
2026-02-10 16:14:22,593 [ERROR] Polling thread error: PLC disconnected: [WinError 10051] A socket operation was attempted to an unreachable network
2026-02-10 16:14:23,701 [ERROR] Polling thread error: PLC disconnected: [WinError 10051] A socket operation was attempted to an unreachable network
2026-02-10 16:14:24,807 [ERROR] Polling thread error: PLC disconnected: [WinError 10051] A socket operation was attempted to an unreachable network
2026-02-10 16:14:25,916 [ERROR] Polling thread error: PLC disconnected: [WinError 10051] A socket operation was attempted to an unreachable network
2026-02-10 16:14:27,021 [ERROR] Polling thread error: PLC disconnected: [WinError 10051] A socket operation was attempted to an unreachable network
2026-02-10 16:14:28,127 [ERROR] Polling thread error: PLC disconnected: [WinError 10051] A socket operation was attempted to an unreachable network
2026-02-10 16:14:29,226 [ERROR] Polling thread error: PLC disconnected: [WinError 10051] A socket operation was attempted to an unreachable network
2026-02-10 16:14:30,316 [ERROR] Polling thread error: PLC disconnected: [WinError 10051] A socket operation was attempted to an unreachable network
2026-02-10 16:14:31,420 [ERROR] Polling thread error: PLC disconnected: [WinError 10051] A socket operation was attempted to an unreachable network
2026-02-10 16:14:32,524 [ERROR] Polling thread error: PLC disconnected: [WinError 10051] A socket operation was attempted to an unreachable network
2026-02-10 16:14:33,612 [ERROR] Polling thread error: PLC disconnected: [WinError 10051] A socket operation was attempted to an unreachable network
2026-02-10 16:14:34,715 [ERROR] Polling thread error: PLC disconnected: [WinError 10051] A socket operation was attempted to an unreachable network
2026-02-10 16:14:35,805 [ERROR] Polling thread error: PLC disconnected: [WinError 10051] A socket operation was attempted to an unreachable network
2026-02-10 16:14:36,896 [ERROR] Polling thread error: PLC disconnected: [WinError 10051] A socket operation was attempted to an unreachable network
2026-02-10 16:14:38,000 [ERROR] Polling thread error: PLC disconnected: [WinError 10051] A socket operation was attempted to an unreachable network
2026-02-10 16:14:39,088 [ERROR] Polling thread error: PLC disconnected: [WinError 10051] A socket operation was attempted to an unreachable network
2026-02-10 16:14:40,179 [ERROR] Polling thread error: PLC disconnected: [WinError 10051] A socket operation was attempted to an unreachable network
2026-02-10 16:14:41,284 [ERROR] Polling thread error: PLC disconnected: [WinError 10051] A socket operation was attempted to an unreachable network
2026-02-10 16:14:42,386 [ERROR] Polling thread error: PLC disconnected: [WinError 10051] A socket operation was attempted to an unreachable network
2026-02-10 16:14:43,473 [ERROR] Polling thread error: PLC disconnected: [WinError 10051] A socket operation was attempted to an unreachable network
2026-02-10 16:14:44,566 [ERROR] Polling thread error: PLC disconnected: [WinError 10051] A socket operation was attempted to an unreachable network
2026-02-10 16:14:45,670 [ERROR] Polling thread error: PLC disconnected: [WinError 10051] A socket operation was attempted to an unreachable network
2026-02-10 16:14:46,753 [ERROR] Polling thread error: PLC disconnected: [WinError 10051] A socket operation was attempted to an unreachable network
2026-02-10 16:14:47,858 [ERROR] Polling thread error: PLC disconnected: [WinError 10051] A socket operation was attempted to an unreachable network
2026-02-10 16:14:48,949 [ERROR] Polling thread error: PLC disconnected: [WinError 10051] A socket operation was attempted to an unreachable network
2026-02-10 16:14:50,052 [ERROR] Polling thread error: PLC disconnected: [WinError 10051] A socket operation was attempted to an unreachable network
2026-02-10 16:14:51,149 [ERROR] Polling thread error: PLC disconnected: [WinError 10051] A socket operation was attempted to an unreachable network
2026-02-10 16:14:52,240 [ERROR] Polling thread error: PLC disconnected: [WinError 10051] A socket operation was attempted to an unreachable network
2026-02-10 16:14:53,347 [ERROR] Polling thread error: PLC disconnected: [WinError 10051] A socket operation was attempted to an unreachable network
2026-02-10 16:14:54,449 [ERROR] Polling thread error: PLC disconnected: [WinError 10051] A socket operation was attempted to an unreachable network
2026-02-10 16:14:55,545 [ERROR] Polling thread error: PLC disconnected: [WinError 10051] A socket operation was attempted to an unreachable network
2026-02-10 16:14:56,647 [ERROR] Polling thread error: PLC disconnected: [WinError 10051] A socket operation was attempted to an unreachable network
2026-02-10 16:14:57,753 [ERROR] Polling thread error: PLC disconnected: [WinError 10051] A socket operation was attempted to an unreachable network
2026-02-10 16:14:58,856 [ERROR] Polling thread error: PLC disconnected: [WinError 10051] A socket operation was attempted to an unreachable network
2026-02-10 16:14:59,959 [ERROR] Polling thread error: PLC disconnected: [WinError 10051] A socket operation was attempted to an unreachable network
2026-02-10 16:15:01,063 [ERROR] Polling thread error: PLC disconnected: [WinError 10051] A socket operation was attempted to an unreachable network
2026-02-10 16:15:02,149 [ERROR] Polling thread error: PLC disconnected: [WinError 10051] A socket operation was attempted to an unreachable network
2026-02-10 16:15:03,254 [ERROR] Polling thread error: PLC disconnected: [WinError 10051] A socket operation was attempted to an unreachable network
2026-02-10 16:15:04,354 [ERROR] Polling thread error: PLC disconnected: [WinError 10051] A socket operation was attempted to an unreachable network
2026-02-10 16:15:05,440 [ERROR] Polling thread error: PLC disconnected: [WinError 10051] A socket operation was attempted to an unreachable network
2026-02-10 16:15:06,541 [ERROR] Polling thread error: PLC disconnected: [WinError 10051] A socket operation was attempted to an unreachable network
2026-02-10 16:15:07,646 [ERROR] Polling thread error: PLC disconnected: [WinError 10051] A socket operation was attempted to an unreachable network
2026-02-10 16:15:08,734 [ERROR] Polling thread error: PLC disconnected: [WinError 10051] A socket operation was attempted to an unreachable network
2026-02-10 16:15:09,857 [ERROR] Polling thread error: PLC disconnected: [WinError 10051] A socket operation was attempted to an unreachable network
2026-02-10 16:15:10,947 [ERROR] Polling thread error: PLC disconnected: [WinError 10051] A socket operation was attempted to an unreachable network
2026-02-10 16:15:12,058 [ERROR] Polling thread error: PLC disconnected: [WinError 10051] A socket operation was attempted to an unreachable network
2026-02-10 16:15:13,162 [ERROR] Polling thread error: PLC disconnected: [WinError 10051] A socket operation was attempted to an unreachable network
2026-02-10 16:15:14,268 [ERROR] Polling thread error: PLC disconnected: [WinError 10051] A socket operation was attempted to an unreachable network
2026-02-10 16:15:15,358 [ERROR] Polling thread error: PLC disconnected: [WinError 10051] A socket operation was attempted to an unreachable network
2026-02-10 16:15:16,445 [ERROR] Polling thread error: PLC disconnected: [WinError 10051] A socket operation was attempted to an unreachable network
2026-02-10 16:15:17,530 [ERROR] Polling thread error: PLC disconnected: [WinError 10051] A socket operation was attempted to an unreachable network
2026-02-10 16:15:18,622 [ERROR] Polling thread error: PLC disconnected: [WinError 10051] A socket operation was attempted to an unreachable network
2026-02-10 16:15:19,724 [ERROR] Polling thread error: PLC disconnected: [WinError 10051] A socket operation was attempted to an unreachable network
2026-02-10 16:15:20,807 [ERROR] Polling thread error: PLC disconnected: [WinError 10051] A socket operation was attempted to an unreachable network
2026-02-10 16:15:21,907 [ERROR] Polling thread error: PLC disconnected: [WinError 10051] A socket operation was attempted to an unreachable network
2026-02-10 16:15:23,013 [ERROR] Polling thread error: PLC disconnected: [WinError 10051] A socket operation was attempted to an unreachable network
2026-02-10 16:15:24,104 [ERROR] Polling thread error: PLC disconnected: [WinError 10051] A socket operation was attempted to an unreachable network
2026-02-10 16:15:25,214 [ERROR] Polling thread error: PLC disconnected: [WinError 10051] A socket operation was attempted to an unreachable network
2026-02-10 16:15:26,308 [ERROR] Polling thread error: PLC disconnected: [WinError 10051] A socket operation was attempted to an unreachable network
2026-02-10 16:15:27,395 [ERROR] Polling thread error: PLC disconnected: [WinError 10051] A socket operation was attempted to an unreachable network
2026-02-10 16:15:28,489 [ERROR] Polling thread error: PLC disconnected: [WinError 10051] A socket operation was attempted to an unreachable network
2026-02-10 16:15:29,582 [ERROR] Polling thread error: PLC disconnected: [WinError 10051] A socket operation was attempted to an unreachable network
2026-02-10 16:15:30,670 [ERROR] Polling thread error: PLC disconnected: [WinError 10051] A socket operation was attempted to an unreachable network
2026-02-10 16:15:31,761 [ERROR] Polling thread error: PLC disconnected: [WinError 10051] A socket operation was attempted to an unreachable network
2026-02-10 16:15:32,849 [ERROR] Polling thread error: PLC disconnected: [WinError 10051] A socket operation was attempted to an unreachable network
2026-02-10 16:15:33,952 [ERROR] Polling thread error: PLC disconnected: [WinError 10051] A socket operation was attempted to an unreachable network
2026-02-10 16:15:35,050 [ERROR] Polling thread error: PLC disconnected: [WinError 10051] A socket operation was attempted to an unreachable network
2026-02-10 16:15:36,139 [ERROR] Polling thread error: PLC disconnected: [WinError 10051] A socket operation was attempted to an unreachable network
2026-02-10 16:15:37,242 [ERROR] Polling thread error: PLC disconnected: [WinError 10051] A socket operation was attempted to an unreachable network
2026-02-10 16:15:38,337 [ERROR] Polling thread error: PLC disconnected: [WinError 10051] A socket operation was attempted to an unreachable network
2026-02-10 16:15:39,433 [ERROR] Polling thread error: PLC disconnected: [WinError 10051] A socket operation was attempted to an unreachable network
2026-02-10 16:15:40,537 [ERROR] Polling thread error: PLC disconnected: [WinError 10051] A socket operation was attempted to an unreachable network
2026-02-10 16:15:41,640 [ERROR] Polling thread error: PLC disconnected: [WinError 10051] A socket operation was attempted to an unreachable network
2026-02-10 16:15:42,736 [ERROR] Polling thread error: PLC disconnected: [WinError 10051] A socket operation was attempted to an unreachable network
2026-02-10 16:15:43,821 [ERROR] Polling thread error: PLC disconnected: [WinError 10051] A socket operation was attempted to an unreachable network
2026-02-10 16:15:44,933 [ERROR] Polling thread error: PLC disconnected: [WinError 10051] A socket operation was attempted to an unreachable network
2026-02-10 16:15:46,015 [ERROR] Polling thread error: PLC disconnected: [WinError 10051] A socket operation was attempted to an unreachable network
2026-02-10 16:15:47,105 [ERROR] Polling thread error: PLC disconnected: [WinError 10051] A socket operation was attempted to an unreachable network
2026-02-10 16:15:48,204 [ERROR] Polling thread error: PLC disconnected: [WinError 10051] A socket operation was attempted to an unreachable network
2026-02-10 16:15:49,299 [ERROR] Polling thread error: PLC disconnected: [WinError 10051] A socket operation was attempted to an unreachable network
2026-02-10 16:15:50,381 [ERROR] Polling thread error: PLC disconnected: [WinError 10051] A socket operation was attempted to an unreachable network
2026-02-10 16:15:51,482 [ERROR] Polling thread error: PLC disconnected: [WinError 10051] A socket operation was attempted to an unreachable network
2026-02-10 16:15:52,589 [ERROR] Polling thread error: PLC disconnected: [WinError 10051] A socket operation was attempted to an unreachable network
2026-02-10 16:15:53,680 [ERROR] Polling thread error: PLC disconnected: [WinError 10051] A socket operation was attempted to an unreachable network
2026-02-10 16:15:54,771 [ERROR] Polling thread error: PLC disconnected: [WinError 10051] A socket operation was attempted to an unreachable network
2026-02-10 16:15:55,856 [ERROR] Polling thread error: PLC disconnected: [WinError 10051] A socket operation was attempted to an unreachable network
2026-02-10 16:15:56,945 [ERROR] Polling thread error: PLC disconnected: [WinError 10051] A socket operation was attempted to an unreachable network
2026-02-10 16:15:58,030 [ERROR] Polling thread error: PLC disconnected: [WinError 10051] A socket operation was attempted to an unreachable network
2026-02-10 16:15:59,125 [ERROR] Polling thread error: PLC disconnected: [WinError 10051] A socket operation was attempted to an unreachable network
2026-02-10 16:16:00,208 [ERROR] Polling thread error: PLC disconnected: [WinError 10051] A socket operation was attempted to an unreachable network
2026-02-10 16:16:01,293 [ERROR] Polling thread error: PLC disconnected: [WinError 10051] A socket operation was attempted to an unreachable network
2026-02-10 16:16:02,396 [ERROR] Polling thread error: PLC disconnected: [WinError 10051] A socket operation was attempted to an unreachable network
2026-02-10 16:16:03,480 [ERROR] Polling thread error: PLC disconnected: [WinError 10051] A socket operation was attempted to an unreachable network
2026-02-10 16:16:04,577 [ERROR] Polling thread error: PLC disconnected: [WinError 10051] A socket operation was attempted to an unreachable network
2026-02-10 16:16:05,673 [ERROR] Polling thread error: PLC disconnected: [WinError 10051] A socket operation was attempted to an unreachable network
2026-02-10 16:16:06,777 [ERROR] Polling thread error: PLC disconnected: [WinError 10051] A socket operation was attempted to an unreachable network
2026-02-10 16:16:07,866 [ERROR] Polling thread error: PLC disconnected: [WinError 10051] A socket operation was attempted to an unreachable network
2026-02-10 16:16:08,969 [ERROR] Polling thread error: PLC disconnected: [WinError 10051] A socket operation was attempted to an unreachable network
2026-02-10 16:16:10,071 [ERROR] Polling thread error: PLC disconnected: [WinError 10051] A socket operation was attempted to an unreachable network
2026-02-10 16:16:11,178 [ERROR] Polling thread error: PLC disconnected: [WinError 10051] A socket operation was attempted to an unreachable network
2026-02-10 16:16:12,265 [ERROR] Polling thread error: PLC disconnected: [WinError 10051] A socket operation was attempted to an unreachable network
2026-02-10 16:16:13,355 [ERROR] Polling thread error: PLC disconnected: [WinError 10051] A socket operation was attempted to an unreachable network
2026-02-10 16:16:14,440 [ERROR] Polling thread error: PLC disconnected: [WinError 10051] A socket operation was attempted to an unreachable network
2026-02-10 16:16:15,548 [ERROR] Polling thread error: PLC disconnected: [WinError 10051] A socket operation was attempted to an unreachable network
2026-02-10 16:16:16,650 [ERROR] Polling thread error: PLC disconnected: [WinError 10051] A socket operation was attempted to an unreachable network
2026-02-10 16:16:17,735 [ERROR] Polling thread error: PLC disconnected: [WinError 10051] A socket operation was attempted to an unreachable network
2026-02-10 16:16:18,820 [ERROR] Polling thread error: PLC disconnected: [WinError 10051] A socket operation was attempted to an unreachable network
2026-02-10 16:16:19,905 [ERROR] Polling thread error: PLC disconnected: [WinError 10051] A socket operation was attempted to an unreachable network
2026-02-10 16:16:21,002 [ERROR] Polling thread error: PLC disconnected: [WinError 10051] A socket operation was attempted to an unreachable network
2026-02-10 16:16:22,107 [ERROR] Polling thread error: PLC disconnected: [WinError 10051] A socket operation was attempted to an unreachable network
2026-02-10 16:16:23,194 [ERROR] Polling thread error: PLC disconnected: [WinError 10051] A socket operation was attempted to an unreachable network
2026-02-10 16:16:24,277 [ERROR] Polling thread error: PLC disconnected: [WinError 10051] A socket operation was attempted to an unreachable network
2026-02-10 16:16:25,377 [ERROR] Polling thread error: PLC disconnected: [WinError 10051] A socket operation was attempted to an unreachable network
2026-02-10 16:16:26,479 [ERROR] Polling thread error: PLC disconnected: [WinError 10051] A socket operation was attempted to an unreachable network
2026-02-10 16:16:27,564 [ERROR] Polling thread error: PLC disconnected: [WinError 10051] A socket operation was attempted to an unreachable network
2026-02-10 16:16:28,668 [ERROR] Polling thread error: PLC disconnected: [WinError 10051] A socket operation was attempted to an unreachable network
2026-02-10 16:16:29,774 [ERROR] Polling thread error: PLC disconnected: [WinError 10051] A socket operation was attempted to an unreachable network
2026-02-10 16:16:30,878 [ERROR] Polling thread error: PLC disconnected: [WinError 10051] A socket operation was attempted to an unreachable network
2026-02-10 16:16:31,980 [ERROR] Polling thread error: PLC disconnected: [WinError 10051] A socket operation was attempted to an unreachable network
2026-02-10 16:16:33,068 [ERROR] Polling thread error: PLC disconnected: [WinError 10051] A socket operation was attempted to an unreachable network
2026-02-10 16:16:34,155 [ERROR] Polling thread error: PLC disconnected: [WinError 10051] A socket operation was attempted to an unreachable network
2026-02-10 16:16:35,245 [ERROR] Polling thread error: PLC disconnected: [WinError 10051] A socket operation was attempted to an unreachable network
2026-02-10 16:16:36,334 [ERROR] Polling thread error: PLC disconnected: [WinError 10051] A socket operation was attempted to an unreachable network
2026-02-10 16:16:37,439 [ERROR] Polling thread error: PLC disconnected: [WinError 10051] A socket operation was attempted to an unreachable network
2026-02-10 16:16:38,531 [ERROR] Polling thread error: PLC disconnected: [WinError 10051] A socket operation was attempted to an unreachable network
2026-02-10 16:16:39,621 [ERROR] Polling thread error: PLC disconnected: [WinError 10051] A socket operation was attempted to an unreachable network
2026-02-10 16:16:40,723 [ERROR] Polling thread error: PLC disconnected: [WinError 10051] A socket operation was attempted to an unreachable network
2026-02-10 16:16:41,823 [ERROR] Polling thread error: PLC disconnected: [WinError 10051] A socket operation was attempted to an unreachable network
2026-02-10 16:16:42,918 [ERROR] Polling thread error: PLC disconnected: [WinError 10051] A socket operation was attempted to an unreachable network
2026-02-10 16:16:44,019 [ERROR] Polling thread error: PLC disconnected: [WinError 10051] A socket operation was attempted to an unreachable network
2026-02-10 16:16:45,111 [ERROR] Polling thread error: PLC disconnected: [WinError 10051] A socket operation was attempted to an unreachable network
2026-02-10 16:16:46,194 [ERROR] Polling thread error: PLC disconnected: [WinError 10051] A socket operation was attempted to an unreachable network
2026-02-10 16:16:47,285 [ERROR] Polling thread error: PLC disconnected: [WinError 10051] A socket operation was attempted to an unreachable network
2026-02-10 16:16:48,389 [ERROR] Polling thread error: PLC disconnected: [WinError 10051] A socket operation was attempted to an unreachable network
2026-02-10 16:16:49,481 [ERROR] Polling thread error: PLC disconnected: [WinError 10051] A socket operation was attempted to an unreachable network
2026-02-10 16:16:50,575 [ERROR] Polling thread error: PLC disconnected: [WinError 10051] A socket operation was attempted to an unreachable network
2026-02-10 16:16:51,678 [ERROR] Polling thread error: PLC disconnected: [WinError 10051] A socket operation was attempted to an unreachable network
2026-02-10 16:16:52,761 [ERROR] Polling thread error: PLC disconnected: [WinError 10051] A socket operation was attempted to an unreachable network
2026-02-10 16:16:53,863 [ERROR] Polling thread error: PLC disconnected: [WinError 10051] A socket operation was attempted to an unreachable network
2026-02-10 16:16:54,969 [ERROR] Polling thread error: PLC disconnected: [WinError 10051] A socket operation was attempted to an unreachable network
2026-02-10 16:16:56,077 [ERROR] Polling thread error: PLC disconnected: [WinError 10051] A socket operation was attempted to an unreachable network
2026-02-10 16:16:57,158 [ERROR] Polling thread error: PLC disconnected: [WinError 10051] A socket operation was attempted to an unreachable network
2026-02-10 16:16:58,245 [ERROR] Polling thread error: PLC disconnected: [WinError 10051] A socket operation was attempted to an unreachable network
2026-02-10 16:16:59,332 [ERROR] Polling thread error: PLC disconnected: [WinError 10051] A socket operation was attempted to an unreachable network
2026-02-10 16:17:00,436 [ERROR] Polling thread error: PLC disconnected: [WinError 10051] A socket operation was attempted to an unreachable network
2026-02-10 16:17:01,538 [ERROR] Polling thread error: PLC disconnected: [WinError 10051] A socket operation was attempted to an unreachable network
2026-02-10 16:17:02,630 [ERROR] Polling thread error: PLC disconnected: [WinError 10051] A socket operation was attempted to an unreachable network
2026-02-10 16:17:03,721 [ERROR] Polling thread error: PLC disconnected: [WinError 10051] A socket operation was attempted to an unreachable network
2026-02-10 16:17:04,813 [ERROR] Polling thread error: PLC disconnected: [WinError 10051] A socket operation was attempted to an unreachable network
2026-02-10 16:17:05,903 [ERROR] Polling thread error: PLC disconnected: [WinError 10051] A socket operation was attempted to an unreachable network
2026-02-10 16:17:06,992 [ERROR] Polling thread error: PLC disconnected: [WinError 10051] A socket operation was attempted to an unreachable network
2026-02-10 16:17:08,084 [ERROR] Polling thread error: PLC disconnected: [WinError 10051] A socket operation was attempted to an unreachable network
2026-02-10 16:17:09,178 [ERROR] Polling thread error: PLC disconnected: [WinError 10051] A socket operation was attempted to an unreachable network
2026-02-10 16:17:10,262 [ERROR] Polling thread error: PLC disconnected: [WinError 10051] A socket operation was attempted to an unreachable network
2026-02-10 16:17:11,364 [ERROR] Polling thread error: PLC disconnected: [WinError 10051] A socket operation was attempted to an unreachable network
2026-02-10 16:17:12,455 [ERROR] Polling thread error: PLC disconnected: [WinError 10051] A socket operation was attempted to an unreachable network
2026-02-10 16:17:13,541 [ERROR] Polling thread error: PLC disconnected: [WinError 10051] A socket operation was attempted to an unreachable network
2026-02-10 16:17:14,628 [ERROR] Polling thread error: PLC disconnected: [WinError 10051] A socket operation was attempted to an unreachable network
2026-02-10 16:17:15,724 [ERROR] Polling thread error: PLC disconnected: [WinError 10051] A socket operation was attempted to an unreachable network
2026-02-10 16:17:16,811 [ERROR] Polling thread error: PLC disconnected: [WinError 10051] A socket operation was attempted to an unreachable network
2026-02-10 16:17:17,900 [ERROR] Polling thread error: PLC disconnected: [WinError 10051] A socket operation was attempted to an unreachable network
2026-02-10 16:17:18,991 [ERROR] Polling thread error: PLC disconnected: [WinError 10051] A socket operation was attempted to an unreachable network
2026-02-10 16:17:20,077 [ERROR] Polling thread error: PLC disconnected: [WinError 10051] A socket operation was attempted to an unreachable network
2026-02-10 16:17:21,168 [ERROR] Polling thread error: PLC disconnected: [WinError 10051] A socket operation was attempted to an unreachable network
2026-02-10 16:17:22,248 [ERROR] Polling thread error: PLC disconnected: [WinError 10051] A socket operation was attempted to an unreachable network
2026-02-10 16:17:23,338 [ERROR] Polling thread error: PLC disconnected: [WinError 10051] A socket operation was attempted to an unreachable network
2026-02-10 16:17:24,420 [ERROR] Polling thread error: PLC disconnected: [WinError 10051] A socket operation was attempted to an unreachable network
2026-02-10 16:17:25,507 [ERROR] Polling thread error: PLC disconnected: [WinError 10051] A socket operation was attempted to an unreachable network
2026-02-10 16:17:26,614 [ERROR] Polling thread error: PLC disconnected: [WinError 10051] A socket operation was attempted to an unreachable network
2026-02-10 16:17:27,712 [ERROR] Polling thread error: PLC disconnected: [WinError 10051] A socket operation was attempted to an unreachable network
2026-02-10 16:17:28,813 [ERROR] Polling thread error: PLC disconnected: [WinError 10051] A socket operation was attempted to an unreachable network
2026-02-10 16:17:29,905 [ERROR] Polling thread error: PLC disconnected: [WinError 10051] A socket operation was attempted to an unreachable network
2026-02-10 16:17:30,991 [ERROR] Polling thread error: PLC disconnected: [WinError 10051] A socket operation was attempted to an unreachable network
2026-02-10 16:17:32,080 [ERROR] Polling thread error: PLC disconnected: [WinError 10051] A socket operation was attempted to an unreachable network
2026-02-10 16:17:33,166 [ERROR] Polling thread error: PLC disconnected: [WinError 10051] A socket operation was attempted to an unreachable network
2026-02-10 16:17:34,265 [ERROR] Polling thread error: PLC disconnected: [WinError 10051] A socket operation was attempted to an unreachable network
2026-02-10 16:17:35,352 [ERROR] Polling thread error: PLC disconnected: [WinError 10051] A socket operation was attempted to an unreachable network
2026-02-10 16:17:36,442 [ERROR] Polling thread error: PLC disconnected: [WinError 10051] A socket operation was attempted to an unreachable network
2026-02-10 16:17:37,545 [ERROR] Polling thread error: PLC disconnected: [WinError 10051] A socket operation was attempted to an unreachable network
2026-02-10 16:17:38,648 [ERROR] Polling thread error: PLC disconnected: [WinError 10051] A socket operation was attempted to an unreachable network
2026-02-10 16:17:39,731 [ERROR] Polling thread error: PLC disconnected: [WinError 10051] A socket operation was attempted to an unreachable network
2026-02-10 16:17:40,826 [ERROR] Polling thread error: PLC disconnected: [WinError 10051] A socket operation was attempted to an unreachable network
2026-02-10 16:17:41,933 [ERROR] Polling thread error: PLC disconnected: [WinError 10051] A socket operation was attempted to an unreachable network
2026-02-10 16:17:43,038 [ERROR] Polling thread error: PLC disconnected: [WinError 10051] A socket operation was attempted to an unreachable network
2026-02-10 16:17:44,127 [ERROR] Polling thread error: PLC disconnected: [WinError 10051] A socket operation was attempted to an unreachable network
2026-02-10 16:17:45,217 [ERROR] Polling thread error: PLC disconnected: [WinError 10051] A socket operation was attempted to an unreachable network
2026-02-10 16:17:46,322 [ERROR] Polling thread error: PLC disconnected: [WinError 10051] A socket operation was attempted to an unreachable network
2026-02-10 16:17:47,408 [ERROR] Polling thread error: PLC disconnected: [WinError 10051] A socket operation was attempted to an unreachable network
2026-02-10 16:17:48,503 [ERROR] Polling thread error: PLC disconnected: [WinError 10051] A socket operation was attempted to an unreachable network
2026-02-10 16:17:49,593 [ERROR] Polling thread error: PLC disconnected: [WinError 10051] A socket operation was attempted to an unreachable network
2026-02-10 16:17:50,696 [ERROR] Polling thread error: PLC disconnected: [WinError 10051] A socket operation was attempted to an unreachable network
2026-02-10 16:17:51,799 [ERROR] Polling thread error: PLC disconnected: [WinError 10051] A socket operation was attempted to an unreachable network
2026-02-10 16:17:52,888 [ERROR] Polling thread error: PLC disconnected: [WinError 10051] A socket operation was attempted to an unreachable network
2026-02-10 16:17:53,971 [ERROR] Polling thread error: PLC disconnected: [WinError 10051] A socket operation was attempted to an unreachable network
2026-02-10 16:17:55,068 [ERROR] Polling thread error: PLC disconnected: [WinError 10051] A socket operation was attempted to an unreachable network
2026-02-10 16:17:56,148 [ERROR] Polling thread error: PLC disconnected: [WinError 10051] A socket operation was attempted to an unreachable network
2026-02-10 16:17:57,235 [ERROR] Polling thread error: PLC disconnected: [WinError 10051] A socket operation was attempted to an unreachable network
2026-02-10 16:17:58,339 [ERROR] Polling thread error: PLC disconnected: [WinError 10051] A socket operation was attempted to an unreachable network
2026-02-10 16:17:59,421 [ERROR] Polling thread error: PLC disconnected: [WinError 10051] A socket operation was attempted to an unreachable network
2026-02-10 16:18:00,508 [ERROR] Polling thread error: PLC disconnected: [WinError 10051] A socket operation was attempted to an unreachable network
2026-02-10 16:18:01,599 [ERROR] Polling thread error: PLC disconnected: [WinError 10051] A socket operation was attempted to an unreachable network
2026-02-10 16:18:02,685 [ERROR] Polling thread error: PLC disconnected: [WinError 10051] A socket operation was attempted to an unreachable network
2026-02-10 16:18:03,784 [ERROR] Polling thread error: PLC disconnected: [WinError 10051] A socket operation was attempted to an unreachable network
2026-02-10 16:18:04,870 [ERROR] Polling thread error: PLC disconnected: [WinError 10051] A socket operation was attempted to an unreachable network
2026-02-10 16:18:05,970 [ERROR] Polling thread error: PLC disconnected: [WinError 10051] A socket operation was attempted to an unreachable network
2026-02-10 16:18:07,056 [ERROR] Polling thread error: PLC disconnected: [WinError 10051] A socket operation was attempted to an unreachable network
2026-02-10 16:18:08,161 [ERROR] Polling thread error: PLC disconnected: [WinError 10051] A socket operation was attempted to an unreachable network
2026-02-10 16:18:09,270 [ERROR] Polling thread error: PLC disconnected: [WinError 10051] A socket operation was attempted to an unreachable network
2026-02-10 16:18:10,372 [ERROR] Polling thread error: PLC disconnected: [WinError 10051] A socket operation was attempted to an unreachable network
2026-02-10 16:18:11,473 [ERROR] Polling thread error: PLC disconnected: [WinError 10051] A socket operation was attempted to an unreachable network
2026-02-10 16:18:12,563 [ERROR] Polling thread error: PLC disconnected: [WinError 10051] A socket operation was attempted to an unreachable network
2026-02-10 16:18:13,651 [ERROR] Polling thread error: PLC disconnected: [WinError 10051] A socket operation was attempted to an unreachable network
2026-02-10 16:18:14,740 [ERROR] Polling thread error: PLC disconnected: [WinError 10051] A socket operation was attempted to an unreachable network
2026-02-10 16:18:15,845 [ERROR] Polling thread error: PLC disconnected: [WinError 10051] A socket operation was attempted to an unreachable network
2026-02-10 16:18:16,937 [ERROR] Polling thread error: PLC disconnected: [WinError 10051] A socket operation was attempted to an unreachable network
2026-02-10 16:18:18,036 [ERROR] Polling thread error: PLC disconnected: [WinError 10051] A socket operation was attempted to an unreachable network
2026-02-10 16:18:19,120 [ERROR] Polling thread error: PLC disconnected: [WinError 10051] A socket operation was attempted to an unreachable network
2026-02-10 16:18:20,206 [ERROR] Polling thread error: PLC disconnected: [WinError 10051] A socket operation was attempted to an unreachable network
2026-02-10 16:18:21,311 [ERROR] Polling thread error: PLC disconnected: [WinError 10051] A socket operation was attempted to an unreachable network
2026-02-10 16:18:22,419 [ERROR] Polling thread error: PLC disconnected: [WinError 10051] A socket operation was attempted to an unreachable network
2026-02-10 16:18:23,515 [ERROR] Polling thread error: PLC disconnected: [WinError 10051] A socket operation was attempted to an unreachable network
2026-02-10 16:18:24,605 [ERROR] Polling thread error: PLC disconnected: [WinError 10051] A socket operation was attempted to an unreachable network
2026-02-10 16:18:25,695 [ERROR] Polling thread error: PLC disconnected: [WinError 10051] A socket operation was attempted to an unreachable network
2026-02-10 16:18:26,800 [ERROR] Polling thread error: PLC disconnected: [WinError 10051] A socket operation was attempted to an unreachable network
2026-02-10 16:18:27,900 [ERROR] Polling thread error: PLC disconnected: [WinError 10051] A socket operation was attempted to an unreachable network
2026-02-10 16:18:28,984 [ERROR] Polling thread error: PLC disconnected: [WinError 10051] A socket operation was attempted to an unreachable network
2026-02-10 16:18:30,076 [ERROR] Polling thread error: PLC disconnected: [WinError 10051] A socket operation was attempted to an unreachable network
2026-02-10 16:18:31,174 [ERROR] Polling thread error: PLC disconnected: [WinError 10051] A socket operation was attempted to an unreachable network
2026-02-10 16:18:32,269 [ERROR] Polling thread error: PLC disconnected: [WinError 10051] A socket operation was attempted to an unreachable network
2026-02-10 16:18:33,358 [ERROR] Polling thread error: PLC disconnected: [WinError 10051] A socket operation was attempted to an unreachable network
2026-02-10 16:18:34,458 [ERROR] Polling thread error: PLC disconnected: [WinError 10051] A socket operation was attempted to an unreachable network
2026-02-10 16:18:35,547 [ERROR] Polling thread error: PLC disconnected: [WinError 10051] A socket operation was attempted to an unreachable network
2026-02-10 16:18:36,649 [ERROR] Polling thread error: PLC disconnected: [WinError 10051] A socket operation was attempted to an unreachable network
2026-02-10 16:18:37,737 [ERROR] Polling thread error: PLC disconnected: [WinError 10051] A socket operation was attempted to an unreachable network
2026-02-10 16:18:38,841 [ERROR] Polling thread error: PLC disconnected: [WinError 10051] A socket operation was attempted to an unreachable network
2026-02-10 16:18:39,924 [ERROR] Polling thread error: PLC disconnected: [WinError 10051] A socket operation was attempted to an unreachable network
2026-02-10 16:18:41,025 [ERROR] Polling thread error: PLC disconnected: [WinError 10051] A socket operation was attempted to an unreachable network
2026-02-10 16:18:42,116 [ERROR] Polling thread error: PLC disconnected: [WinError 10051] A socket operation was attempted to an unreachable network
2026-02-10 16:18:43,223 [ERROR] Polling thread error: PLC disconnected: [WinError 10051] A socket operation was attempted to an unreachable network
2026-02-10 16:18:44,309 [ERROR] Polling thread error: PLC disconnected: [WinError 10051] A socket operation was attempted to an unreachable network
2026-02-10 16:18:45,393 [ERROR] Polling thread error: PLC disconnected: [WinError 10051] A socket operation was attempted to an unreachable network
2026-02-10 16:18:46,498 [ERROR] Polling thread error: PLC disconnected: [WinError 10051] A socket operation was attempted to an unreachable network
2026-02-10 16:18:47,580 [ERROR] Polling thread error: PLC disconnected: [WinError 10051] A socket operation was attempted to an unreachable network
2026-02-10 16:18:48,671 [ERROR] Polling thread error: PLC disconnected: [WinError 10051] A socket operation was attempted to an unreachable network
2026-02-10 16:18:49,774 [ERROR] Polling thread error: PLC disconnected: [WinError 10051] A socket operation was attempted to an unreachable network
2026-02-10 16:18:50,866 [ERROR] Polling thread error: PLC disconnected: [WinError 10051] A socket operation was attempted to an unreachable network
2026-02-10 16:18:51,954 [ERROR] Polling thread error: PLC disconnected: [WinError 10051] A socket operation was attempted to an unreachable network
2026-02-10 16:18:53,055 [ERROR] Polling thread error: PLC disconnected: [WinError 10051] A socket operation was attempted to an unreachable network
2026-02-10 16:18:54,153 [ERROR] Polling thread error: PLC disconnected: [WinError 10051] A socket operation was attempted to an unreachable network
2026-02-10 16:18:55,261 [ERROR] Polling thread error: PLC disconnected: [WinError 10051] A socket operation was attempted to an unreachable network
2026-02-10 16:18:56,351 [ERROR] Polling thread error: PLC disconnected: [WinError 10051] A socket operation was attempted to an unreachable network
2026-02-10 16:18:57,450 [ERROR] Polling thread error: PLC disconnected: [WinError 10051] A socket operation was attempted to an unreachable network
2026-02-10 16:18:58,541 [ERROR] Polling thread error: PLC disconnected: [WinError 10051] A socket operation was attempted to an unreachable network
2026-02-10 16:18:59,631 [ERROR] Polling thread error: PLC disconnected: [WinError 10051] A socket operation was attempted to an unreachable network
2026-02-10 16:19:00,716 [ERROR] Polling thread error: PLC disconnected: [WinError 10051] A socket operation was attempted to an unreachable network
2026-02-10 16:19:01,820 [ERROR] Polling thread error: PLC disconnected: [WinError 10051] A socket operation was attempted to an unreachable network
2026-02-10 16:19:02,909 [ERROR] Polling thread error: PLC disconnected: [WinError 10051] A socket operation was attempted to an unreachable network
2026-02-10 16:19:03,995 [ERROR] Polling thread error: PLC disconnected: [WinError 10051] A socket operation was attempted to an unreachable network
2026-02-10 16:19:05,097 [ERROR] Polling thread error: PLC disconnected: [WinError 10051] A socket operation was attempted to an unreachable network
2026-02-10 16:19:06,188 [ERROR] Polling thread error: PLC disconnected: [WinError 10051] A socket operation was attempted to an unreachable network
2026-02-10 16:19:07,292 [ERROR] Polling thread error: PLC disconnected: [WinError 10051] A socket operation was attempted to an unreachable network
2026-02-10 16:19:08,401 [ERROR] Polling thread error: PLC disconnected: [WinError 10051] A socket operation was attempted to an unreachable network
2026-02-10 16:19:09,502 [ERROR] Polling thread error: PLC disconnected: [WinError 10051] A socket operation was attempted to an unreachable network
2026-02-10 16:19:10,605 [ERROR] Polling thread error: PLC disconnected: [WinError 10051] A socket operation was attempted to an unreachable network
2026-02-10 16:19:11,715 [ERROR] Polling thread error: PLC disconnected: [WinError 10051] A socket operation was attempted to an unreachable network
2026-02-10 16:19:12,807 [ERROR] Polling thread error: PLC disconnected: [WinError 10051] A socket operation was attempted to an unreachable network
2026-02-10 16:19:13,909 [ERROR] Polling thread error: PLC disconnected: [WinError 10051] A socket operation was attempted to an unreachable network
2026-02-10 16:19:15,010 [ERROR] Polling thread error: PLC disconnected: [WinError 10051] A socket operation was attempted to an unreachable network
2026-02-10 16:19:16,113 [ERROR] Polling thread error: PLC disconnected: [WinError 10051] A socket operation was attempted to an unreachable network
2026-02-10 16:19:17,223 [ERROR] Polling thread error: PLC disconnected: [WinError 10051] A socket operation was attempted to an unreachable network
2026-02-10 16:19:18,306 [ERROR] Polling thread error: PLC disconnected: [WinError 10051] A socket operation was attempted to an unreachable network
2026-02-10 16:19:19,405 [ERROR] Polling thread error: PLC disconnected: [WinError 10051] A socket operation was attempted to an unreachable network
2026-02-10 16:19:20,494 [ERROR] Polling thread error: PLC disconnected: [WinError 10051] A socket operation was attempted to an unreachable network
2026-02-10 16:19:21,598 [ERROR] Polling thread error: PLC disconnected: [WinError 10051] A socket operation was attempted to an unreachable network
2026-02-10 16:19:22,685 [ERROR] Polling thread error: PLC disconnected: [WinError 10051] A socket operation was attempted to an unreachable network
2026-02-10 16:19:23,767 [ERROR] Polling thread error: PLC disconnected: [WinError 10051] A socket operation was attempted to an unreachable network
2026-02-10 16:19:24,869 [ERROR] Polling thread error: PLC disconnected: [WinError 10051] A socket operation was attempted to an unreachable network
2026-02-10 16:19:25,952 [ERROR] Polling thread error: PLC disconnected: [WinError 10051] A socket operation was attempted to an unreachable network
2026-02-10 16:19:27,058 [ERROR] Polling thread error: PLC disconnected: [WinError 10051] A socket operation was attempted to an unreachable network
2026-02-10 16:19:28,154 [ERROR] Polling thread error: PLC disconnected: [WinError 10051] A socket operation was attempted to an unreachable network
2026-02-10 16:19:29,258 [ERROR] Polling thread error: PLC disconnected: [WinError 10051] A socket operation was attempted to an unreachable network
2026-02-10 16:19:30,364 [ERROR] Polling thread error: PLC disconnected: [WinError 10051] A socket operation was attempted to an unreachable network
2026-02-10 16:19:31,446 [ERROR] Polling thread error: PLC disconnected: [WinError 10051] A socket operation was attempted to an unreachable network
2026-02-10 16:19:32,541 [ERROR] Polling thread error: PLC disconnected: [WinError 10051] A socket operation was attempted to an unreachable network
2026-02-10 16:19:33,628 [ERROR] Polling thread error: PLC disconnected: [WinError 10051] A socket operation was attempted to an unreachable network
2026-02-10 16:19:34,713 [ERROR] Polling thread error: PLC disconnected: [WinError 10051] A socket operation was attempted to an unreachable network
2026-02-10 16:19:35,814 [ERROR] Polling thread error: PLC disconnected: [WinError 10051] A socket operation was attempted to an unreachable network
2026-02-10 16:19:36,912 [ERROR] Polling thread error: PLC disconnected: [WinError 10051] A socket operation was attempted to an unreachable network
2026-02-10 16:19:38,032 [ERROR] Polling thread error: PLC disconnected: [WinError 10051] A socket operation was attempted to an unreachable network
2026-02-10 16:19:39,133 [ERROR] Polling thread error: PLC disconnected: [WinError 10051] A socket operation was attempted to an unreachable network
2026-02-10 16:19:40,224 [ERROR] Polling thread error: PLC disconnected: [WinError 10051] A socket operation was attempted to an unreachable network
2026-02-10 16:19:41,331 [ERROR] Polling thread error: PLC disconnected: [WinError 10051] A socket operation was attempted to an unreachable network
2026-02-10 16:19:42,416 [ERROR] Polling thread error: PLC disconnected: [WinError 10051] A socket operation was attempted to an unreachable network
2026-02-10 16:19:43,502 [ERROR] Polling thread error: PLC disconnected: [WinError 10051] A socket operation was attempted to an unreachable network
2026-02-10 16:19:44,588 [ERROR] Polling thread error: PLC disconnected: [WinError 10051] A socket operation was attempted to an unreachable network
2026-02-10 16:19:45,695 [ERROR] Polling thread error: PLC disconnected: [WinError 10051] A socket operation was attempted to an unreachable network
2026-02-10 16:19:46,782 [ERROR] Polling thread error: PLC disconnected: [WinError 10051] A socket operation was attempted to an unreachable network
2026-02-10 16:19:47,873 [ERROR] Polling thread error: PLC disconnected: [WinError 10051] A socket operation was attempted to an unreachable network
2026-02-10 16:19:48,962 [ERROR] Polling thread error: PLC disconnected: [WinError 10051] A socket operation was attempted to an unreachable network
2026-02-10 16:19:50,049 [ERROR] Polling thread error: PLC disconnected: [WinError 10051] A socket operation was attempted to an unreachable network
2026-02-10 16:19:51,148 [ERROR] Polling thread error: PLC disconnected: [WinError 10051] A socket operation was attempted to an unreachable network
2026-02-10 16:19:52,239 [ERROR] Polling thread error: PLC disconnected: [WinError 10051] A socket operation was attempted to an unreachable network
2026-02-10 16:19:53,344 [ERROR] Polling thread error: PLC disconnected: [WinError 10051] A socket operation was attempted to an unreachable network
2026-02-10 16:19:54,453 [ERROR] Polling thread error: PLC disconnected: [WinError 10051] A socket operation was attempted to an unreachable network
2026-02-10 16:19:55,541 [ERROR] Polling thread error: PLC disconnected: [WinError 10051] A socket operation was attempted to an unreachable network
2026-02-10 16:19:56,628 [ERROR] Polling thread error: PLC disconnected: [WinError 10051] A socket operation was attempted to an unreachable network
2026-02-10 16:19:57,723 [ERROR] Polling thread error: PLC disconnected: [WinError 10051] A socket operation was attempted to an unreachable network
2026-02-10 16:19:58,820 [ERROR] Polling thread error: PLC disconnected: [WinError 10051] A socket operation was attempted to an unreachable network
2026-02-10 16:19:59,928 [ERROR] Polling thread error: PLC disconnected: [WinError 10051] A socket operation was attempted to an unreachable network
2026-02-10 16:20:01,031 [ERROR] Polling thread error: PLC disconnected: [WinError 10051] A socket operation was attempted to an unreachable network
2026-02-10 16:20:02,118 [ERROR] Polling thread error: PLC disconnected: [WinError 10051] A socket operation was attempted to an unreachable network
2026-02-10 16:20:03,204 [ERROR] Polling thread error: PLC disconnected: [WinError 10051] A socket operation was attempted to an unreachable network
2026-02-10 16:20:04,315 [ERROR] Polling thread error: PLC disconnected: [WinError 10051] A socket operation was attempted to an unreachable network
2026-02-10 16:20:05,420 [ERROR] Polling thread error: PLC disconnected: [WinError 10051] A socket operation was attempted to an unreachable network
2026-02-10 16:20:06,506 [ERROR] Polling thread error: PLC disconnected: [WinError 10051] A socket operation was attempted to an unreachable network
2026-02-10 16:20:07,594 [ERROR] Polling thread error: PLC disconnected: [WinError 10051] A socket operation was attempted to an unreachable network
2026-02-10 16:20:08,701 [ERROR] Polling thread error: PLC disconnected: [WinError 10051] A socket operation was attempted to an unreachable network
2026-02-10 16:20:09,803 [ERROR] Polling thread error: PLC disconnected: [WinError 10051] A socket operation was attempted to an unreachable network
2026-02-10 16:20:10,891 [ERROR] Polling thread error: PLC disconnected: [WinError 10051] A socket operation was attempted to an unreachable network
2026-02-10 16:20:11,995 [ERROR] Polling thread error: PLC disconnected: [WinError 10051] A socket operation was attempted to an unreachable network
2026-02-10 16:20:13,097 [ERROR] Polling thread error: PLC disconnected: [WinError 10051] A socket operation was attempted to an unreachable network
2026-02-10 16:20:14,189 [ERROR] Polling thread error: PLC disconnected: [WinError 10051] A socket operation was attempted to an unreachable network
2026-02-10 16:20:15,274 [ERROR] Polling thread error: PLC disconnected: [WinError 10051] A socket operation was attempted to an unreachable network
2026-02-10 16:20:16,379 [ERROR] Polling thread error: PLC disconnected: [WinError 10051] A socket operation was attempted to an unreachable network
2026-02-10 16:20:17,481 [ERROR] Polling thread error: PLC disconnected: [WinError 10051] A socket operation was attempted to an unreachable network
2026-02-10 16:20:18,574 [ERROR] Polling thread error: PLC disconnected: [WinError 10051] A socket operation was attempted to an unreachable network
2026-02-10 16:20:19,662 [ERROR] Polling thread error: PLC disconnected: [WinError 10051] A socket operation was attempted to an unreachable network
2026-02-10 16:20:20,761 [ERROR] Polling thread error: PLC disconnected: [WinError 10051] A socket operation was attempted to an unreachable network
2026-02-10 16:20:21,863 [ERROR] Polling thread error: PLC disconnected: [WinError 10051] A socket operation was attempted to an unreachable network
2026-02-10 16:20:22,966 [ERROR] Polling thread error: PLC disconnected: [WinError 10051] A socket operation was attempted to an unreachable network
2026-02-10 16:20:24,069 [ERROR] Polling thread error: PLC disconnected: [WinError 10051] A socket operation was attempted to an unreachable network
2026-02-10 16:20:25,178 [ERROR] Polling thread error: PLC disconnected: [WinError 10051] A socket operation was attempted to an unreachable network
2026-02-10 16:20:26,286 [ERROR] Polling thread error: PLC disconnected: [WinError 10051] A socket operation was attempted to an unreachable network
2026-02-10 16:20:27,379 [ERROR] Polling thread error: PLC disconnected: [WinError 10051] A socket operation was attempted to an unreachable network
2026-02-10 16:20:28,477 [ERROR] Polling thread error: PLC disconnected: [WinError 10051] A socket operation was attempted to an unreachable network
2026-02-10 16:20:29,571 [ERROR] Polling thread error: PLC disconnected: [WinError 10051] A socket operation was attempted to an unreachable network
2026-02-10 16:20:30,671 [ERROR] Polling thread error: PLC disconnected: [WinError 10051] A socket operation was attempted to an unreachable network
2026-02-10 16:20:31,775 [ERROR] Polling thread error: PLC disconnected: [WinError 10051] A socket operation was attempted to an unreachable network
2026-02-10 16:20:32,881 [ERROR] Polling thread error: PLC disconnected: [WinError 10051] A socket operation was attempted to an unreachable network
2026-02-10 16:20:33,981 [ERROR] Polling thread error: PLC disconnected: [WinError 10051] A socket operation was attempted to an unreachable network
2026-02-10 16:20:35,067 [ERROR] Polling thread error: PLC disconnected: [WinError 10051] A socket operation was attempted to an unreachable network
2026-02-10 16:20:36,175 [ERROR] Polling thread error: PLC disconnected: [WinError 10051] A socket operation was attempted to an unreachable network
2026-02-10 16:20:37,261 [ERROR] Polling thread error: PLC disconnected: [WinError 10051] A socket operation was attempted to an unreachable network
2026-02-10 16:20:38,363 [ERROR] Polling thread error: PLC disconnected: [WinError 10051] A socket operation was attempted to an unreachable network
2026-02-10 16:20:39,463 [ERROR] Polling thread error: PLC disconnected: [WinError 10051] A socket operation was attempted to an unreachable network
2026-02-10 16:20:40,569 [ERROR] Polling thread error: PLC disconnected: [WinError 10051] A socket operation was attempted to an unreachable network
2026-02-10 16:20:41,674 [ERROR] Polling thread error: PLC disconnected: [WinError 10051] A socket operation was attempted to an unreachable network
2026-02-10 16:20:42,762 [ERROR] Polling thread error: PLC disconnected: [WinError 10051] A socket operation was attempted to an unreachable network
2026-02-10 16:20:43,863 [ERROR] Polling thread error: PLC disconnected: [WinError 10051] A socket operation was attempted to an unreachable network
2026-02-10 16:20:44,952 [ERROR] Polling thread error: PLC disconnected: [WinError 10051] A socket operation was attempted to an unreachable network
2026-02-10 16:20:46,036 [ERROR] Polling thread error: PLC disconnected: [WinError 10051] A socket operation was attempted to an unreachable network
2026-02-10 16:20:47,142 [ERROR] Polling thread error: PLC disconnected: [WinError 10051] A socket operation was attempted to an unreachable network
2026-02-10 16:20:48,226 [ERROR] Polling thread error: PLC disconnected: [WinError 10051] A socket operation was attempted to an unreachable network
2026-02-10 16:20:49,318 [ERROR] Polling thread error: PLC disconnected: [WinError 10051] A socket operation was attempted to an unreachable network
2026-02-10 16:20:50,409 [ERROR] Polling thread error: PLC disconnected: [WinError 10051] A socket operation was attempted to an unreachable network
2026-02-10 16:20:51,504 [ERROR] Polling thread error: PLC disconnected: [WinError 10051] A socket operation was attempted to an unreachable network
2026-02-10 16:20:52,601 [ERROR] Polling thread error: PLC disconnected: [WinError 10051] A socket operation was attempted to an unreachable network
2026-02-10 16:20:53,690 [ERROR] Polling thread error: PLC disconnected: [WinError 10051] A socket operation was attempted to an unreachable network
2026-02-10 16:20:54,786 [ERROR] Polling thread error: PLC disconnected: [WinError 10051] A socket operation was attempted to an unreachable network
2026-02-10 16:20:55,882 [ERROR] Polling thread error: PLC disconnected: [WinError 10051] A socket operation was attempted to an unreachable network
2026-02-10 16:20:56,984 [ERROR] Polling thread error: PLC disconnected: [WinError 10051] A socket operation was attempted to an unreachable network
2026-02-10 16:20:58,073 [ERROR] Polling thread error: PLC disconnected: [WinError 10051] A socket operation was attempted to an unreachable network
2026-02-10 16:20:59,171 [ERROR] Polling thread error: PLC disconnected: [WinError 10051] A socket operation was attempted to an unreachable network
2026-02-10 16:21:00,271 [ERROR] Polling thread error: PLC disconnected: [WinError 10051] A socket operation was attempted to an unreachable network
2026-02-10 16:21:01,373 [ERROR] Polling thread error: PLC disconnected: [WinError 10051] A socket operation was attempted to an unreachable network
2026-02-10 16:21:02,477 [ERROR] Polling thread error: PLC disconnected: [WinError 10051] A socket operation was attempted to an unreachable network
2026-02-10 16:21:03,567 [ERROR] Polling thread error: PLC disconnected: [WinError 10051] A socket operation was attempted to an unreachable network
2026-02-10 16:21:04,666 [ERROR] Polling thread error: PLC disconnected: [WinError 10051] A socket operation was attempted to an unreachable network
2026-02-10 16:21:05,747 [ERROR] Polling thread error: PLC disconnected: [WinError 10051] A socket operation was attempted to an unreachable network
2026-02-10 16:21:06,847 [ERROR] Polling thread error: PLC disconnected: [WinError 10051] A socket operation was attempted to an unreachable network
2026-02-10 16:21:07,939 [ERROR] Polling thread error: PLC disconnected: [WinError 10051] A socket operation was attempted to an unreachable network
2026-02-10 16:21:09,037 [ERROR] Polling thread error: PLC disconnected: [WinError 10051] A socket operation was attempted to an unreachable network
2026-02-10 16:21:10,140 [ERROR] Polling thread error: PLC disconnected: [WinError 10051] A socket operation was attempted to an unreachable network
2026-02-10 16:21:11,247 [ERROR] Polling thread error: PLC disconnected: [WinError 10051] A socket operation was attempted to an unreachable network
2026-02-10 16:21:12,337 [ERROR] Polling thread error: PLC disconnected: [WinError 10051] A socket operation was attempted to an unreachable network
2026-02-10 16:21:13,424 [ERROR] Polling thread error: PLC disconnected: [WinError 10051] A socket operation was attempted to an unreachable network
2026-02-10 16:21:14,530 [ERROR] Polling thread error: PLC disconnected: [WinError 10051] A socket operation was attempted to an unreachable network
2026-02-10 16:21:15,613 [ERROR] Polling thread error: PLC disconnected: [WinError 10051] A socket operation was attempted to an unreachable network
2026-02-10 16:21:16,697 [ERROR] Polling thread error: PLC disconnected: [WinError 10051] A socket operation was attempted to an unreachable network
2026-02-10 16:21:17,799 [ERROR] Polling thread error: PLC disconnected: [WinError 10051] A socket operation was attempted to an unreachable network
2026-02-10 16:21:18,888 [ERROR] Polling thread error: PLC disconnected: [WinError 10051] A socket operation was attempted to an unreachable network
2026-02-10 16:21:19,978 [ERROR] Polling thread error: PLC disconnected: [WinError 10051] A socket operation was attempted to an unreachable network
2026-02-10 16:21:21,068 [ERROR] Polling thread error: PLC disconnected: [WinError 10051] A socket operation was attempted to an unreachable network
2026-02-10 16:21:22,169 [ERROR] Polling thread error: PLC disconnected: [WinError 10051] A socket operation was attempted to an unreachable network
2026-02-10 16:21:23,271 [ERROR] Polling thread error: PLC disconnected: [WinError 10051] A socket operation was attempted to an unreachable network
2026-02-10 16:21:24,358 [ERROR] Polling thread error: PLC disconnected: [WinError 10051] A socket operation was attempted to an unreachable network
2026-02-10 16:21:25,455 [ERROR] Polling thread error: PLC disconnected: [WinError 10051] A socket operation was attempted to an unreachable network
2026-02-10 16:21:26,540 [ERROR] Polling thread error: PLC disconnected: [WinError 10051] A socket operation was attempted to an unreachable network
2026-02-10 16:21:27,623 [ERROR] Polling thread error: PLC disconnected: [WinError 10051] A socket operation was attempted to an unreachable network
2026-02-10 16:21:28,731 [ERROR] Polling thread error: PLC disconnected: [WinError 10051] A socket operation was attempted to an unreachable network
2026-02-10 16:21:29,817 [ERROR] Polling thread error: PLC disconnected: [WinError 10051] A socket operation was attempted to an unreachable network
2026-02-10 16:21:30,917 [ERROR] Polling thread error: PLC disconnected: [WinError 10051] A socket operation was attempted to an unreachable network
2026-02-10 16:21:32,006 [ERROR] Polling thread error: PLC disconnected: [WinError 10051] A socket operation was attempted to an unreachable network
2026-02-10 16:21:33,106 [ERROR] Polling thread error: PLC disconnected: [WinError 10051] A socket operation was attempted to an unreachable network
2026-02-10 16:21:34,196 [ERROR] Polling thread error: PLC disconnected: [WinError 10051] A socket operation was attempted to an unreachable network
2026-02-10 16:21:35,300 [ERROR] Polling thread error: PLC disconnected: [WinError 10051] A socket operation was attempted to an unreachable network
2026-02-10 16:21:36,396 [ERROR] Polling thread error: PLC disconnected: [WinError 10051] A socket operation was attempted to an unreachable network
2026-02-10 16:21:37,495 [ERROR] Polling thread error: PLC disconnected: [WinError 10051] A socket operation was attempted to an unreachable network
2026-02-10 16:21:38,605 [ERROR] Polling thread error: PLC disconnected: [WinError 10051] A socket operation was attempted to an unreachable network
2026-02-10 16:21:39,694 [ERROR] Polling thread error: PLC disconnected: [WinError 10051] A socket operation was attempted to an unreachable network
2026-02-10 16:21:40,791 [ERROR] Polling thread error: PLC disconnected: [WinError 10051] A socket operation was attempted to an unreachable network
2026-02-10 16:21:41,892 [ERROR] Polling thread error: PLC disconnected: [WinError 10051] A socket operation was attempted to an unreachable network
2026-02-10 16:21:43,000 [ERROR] Polling thread error: PLC disconnected: [WinError 10051] A socket operation was attempted to an unreachable network
2026-02-10 16:21:44,108 [ERROR] Polling thread error: PLC disconnected: [WinError 10051] A socket operation was attempted to an unreachable network
2026-02-10 16:21:45,199 [ERROR] Polling thread error: PLC disconnected: [WinError 10051] A socket operation was attempted to an unreachable network
2026-02-10 16:21:46,297 [ERROR] Polling thread error: PLC disconnected: [WinError 10051] A socket operation was attempted to an unreachable network
2026-02-10 16:21:47,398 [ERROR] Polling thread error: PLC disconnected: [WinError 10051] A socket operation was attempted to an unreachable network
2026-02-10 16:21:48,481 [ERROR] Polling thread error: PLC disconnected: [WinError 10051] A socket operation was attempted to an unreachable network
2026-02-10 16:21:49,587 [ERROR] Polling thread error: PLC disconnected: [WinError 10051] A socket operation was attempted to an unreachable network
2026-02-10 16:21:50,681 [ERROR] Polling thread error: PLC disconnected: [WinError 10051] A socket operation was attempted to an unreachable network
2026-02-10 16:21:51,790 [ERROR] Polling thread error: PLC disconnected: [WinError 10051] A socket operation was attempted to an unreachable network
2026-02-10 16:21:52,890 [ERROR] Polling thread error: PLC disconnected: [WinError 10051] A socket operation was attempted to an unreachable network
2026-02-10 16:21:54,014 [ERROR] Polling thread error: PLC disconnected: [WinError 10051] A socket operation was attempted to an unreachable network
2026-02-10 16:21:55,102 [ERROR] Polling thread error: PLC disconnected: [WinError 10051] A socket operation was attempted to an unreachable network
2026-02-10 16:21:56,198 [ERROR] Polling thread error: PLC disconnected: [WinError 10051] A socket operation was attempted to an unreachable network
2026-02-10 16:21:57,303 [ERROR] Polling thread error: PLC disconnected: [WinError 10051] A socket operation was attempted to an unreachable network
2026-02-10 16:21:58,398 [ERROR] Polling thread error: PLC disconnected: [WinError 10051] A socket operation was attempted to an unreachable network
2026-02-10 16:21:59,540 [ERROR] Polling thread error: PLC disconnected: [WinError 10051] A socket operation was attempted to an unreachable network
2026-02-10 16:22:00,639 [ERROR] Polling thread error: PLC disconnected: [WinError 10051] A socket operation was attempted to an unreachable network
2026-02-10 16:22:01,730 [ERROR] Polling thread error: PLC disconnected: [WinError 10051] A socket operation was attempted to an unreachable network
2026-02-10 16:22:02,826 [ERROR] Polling thread error: PLC disconnected: [WinError 10051] A socket operation was attempted to an unreachable network
2026-02-10 16:22:03,927 [ERROR] Polling thread error: PLC disconnected: [WinError 10051] A socket operation was attempted to an unreachable network
2026-02-10 16:22:05,011 [ERROR] Polling thread error: PLC disconnected: [WinError 10051] A socket operation was attempted to an unreachable network
2026-02-10 16:22:06,109 [ERROR] Polling thread error: PLC disconnected: [WinError 10051] A socket operation was attempted to an unreachable network
2026-02-10 16:22:07,209 [ERROR] Polling thread error: PLC disconnected: [WinError 10051] A socket operation was attempted to an unreachable network
2026-02-10 16:22:08,318 [ERROR] Polling thread error: PLC disconnected: [WinError 10051] A socket operation was attempted to an unreachable network
2026-02-10 16:22:09,406 [ERROR] Polling thread error: PLC disconnected: [WinError 10051] A socket operation was attempted to an unreachable network
2026-02-10 16:22:10,490 [ERROR] Polling thread error: PLC disconnected: [WinError 10051] A socket operation was attempted to an unreachable network
2026-02-10 16:22:11,591 [ERROR] Polling thread error: PLC disconnected: [WinError 10051] A socket operation was attempted to an unreachable network
2026-02-10 16:22:12,696 [ERROR] Polling thread error: PLC disconnected: [WinError 10051] A socket operation was attempted to an unreachable network
2026-02-10 16:22:13,791 [ERROR] Polling thread error: PLC disconnected: [WinError 10051] A socket operation was attempted to an unreachable network
2026-02-10 16:22:14,897 [ERROR] Polling thread error: PLC disconnected: [WinError 10051] A socket operation was attempted to an unreachable network
2026-02-10 16:22:15,997 [ERROR] Polling thread error: PLC disconnected: [WinError 10051] A socket operation was attempted to an unreachable network
2026-02-10 16:22:17,117 [ERROR] Polling thread error: PLC disconnected: [WinError 10051] A socket operation was attempted to an unreachable network
2026-02-10 16:22:18,216 [ERROR] Polling thread error: PLC disconnected: [WinError 10051] A socket operation was attempted to an unreachable network
2026-02-10 16:22:19,311 [ERROR] Polling thread error: PLC disconnected: [WinError 10051] A socket operation was attempted to an unreachable network
2026-02-10 16:22:20,399 [ERROR] Polling thread error: PLC disconnected: [WinError 10051] A socket operation was attempted to an unreachable network
2026-02-10 16:22:21,487 [ERROR] Polling thread error: PLC disconnected: [WinError 10051] A socket operation was attempted to an unreachable network
2026-02-10 16:22:22,590 [ERROR] Polling thread error: PLC disconnected: [WinError 10051] A socket operation was attempted to an unreachable network
2026-02-10 16:22:23,673 [ERROR] Polling thread error: PLC disconnected: [WinError 10051] A socket operation was attempted to an unreachable network
2026-02-10 16:22:24,778 [ERROR] Polling thread error: PLC disconnected: [WinError 10051] A socket operation was attempted to an unreachable network
2026-02-10 16:22:25,866 [ERROR] Polling thread error: PLC disconnected: [WinError 10051] A socket operation was attempted to an unreachable network
2026-02-10 16:22:26,956 [ERROR] Polling thread error: PLC disconnected: [WinError 10051] A socket operation was attempted to an unreachable network
2026-02-10 16:22:28,061 [ERROR] Polling thread error: PLC disconnected: [WinError 10051] A socket operation was attempted to an unreachable network
2026-02-10 16:22:29,146 [ERROR] Polling thread error: PLC disconnected: [WinError 10051] A socket operation was attempted to an unreachable network
2026-02-10 16:22:30,253 [ERROR] Polling thread error: PLC disconnected: [WinError 10051] A socket operation was attempted to an unreachable network
2026-02-10 16:22:31,350 [ERROR] Polling thread error: PLC disconnected: [WinError 10051] A socket operation was attempted to an unreachable network
2026-02-10 16:22:32,439 [ERROR] Polling thread error: PLC disconnected: [WinError 10051] A socket operation was attempted to an unreachable network
2026-02-10 16:22:33,530 [ERROR] Polling thread error: PLC disconnected: [WinError 10051] A socket operation was attempted to an unreachable network
2026-02-10 16:22:34,637 [ERROR] Polling thread error: PLC disconnected: [WinError 10051] A socket operation was attempted to an unreachable network
2026-02-10 16:22:35,727 [ERROR] Polling thread error: PLC disconnected: [WinError 10051] A socket operation was attempted to an unreachable network
2026-02-10 16:22:36,831 [ERROR] Polling thread error: PLC disconnected: [WinError 10051] A socket operation was attempted to an unreachable network
2026-02-10 16:22:37,924 [ERROR] Polling thread error: PLC disconnected: [WinError 10051] A socket operation was attempted to an unreachable network
2026-02-10 16:22:39,025 [ERROR] Polling thread error: PLC disconnected: [WinError 10051] A socket operation was attempted to an unreachable network
2026-02-10 16:22:40,128 [ERROR] Polling thread error: PLC disconnected: [WinError 10051] A socket operation was attempted to an unreachable network
2026-02-10 16:22:41,220 [ERROR] Polling thread error: PLC disconnected: [WinError 10051] A socket operation was attempted to an unreachable network
2026-02-10 16:22:42,303 [ERROR] Polling thread error: PLC disconnected: [WinError 10051] A socket operation was attempted to an unreachable network
2026-02-10 16:22:43,390 [ERROR] Polling thread error: PLC disconnected: [WinError 10051] A socket operation was attempted to an unreachable network
2026-02-10 16:22:44,496 [ERROR] Polling thread error: PLC disconnected: [WinError 10051] A socket operation was attempted to an unreachable network
2026-02-10 16:22:45,587 [ERROR] Polling thread error: PLC disconnected: [WinError 10051] A socket operation was attempted to an unreachable network
2026-02-10 16:22:46,685 [ERROR] Polling thread error: PLC disconnected: [WinError 10051] A socket operation was attempted to an unreachable network
2026-02-10 16:22:47,779 [ERROR] Polling thread error: PLC disconnected: [WinError 10051] A socket operation was attempted to an unreachable network
2026-02-10 16:22:48,868 [ERROR] Polling thread error: PLC disconnected: [WinError 10051] A socket operation was attempted to an unreachable network
2026-02-10 16:22:49,969 [ERROR] Polling thread error: PLC disconnected: [WinError 10051] A socket operation was attempted to an unreachable network
2026-02-10 16:22:51,055 [ERROR] Polling thread error: PLC disconnected: [WinError 10051] A socket operation was attempted to an unreachable network
2026-02-10 16:22:52,150 [ERROR] Polling thread error: PLC disconnected: [WinError 10051] A socket operation was attempted to an unreachable network
2026-02-10 16:22:53,256 [ERROR] Polling thread error: PLC disconnected: [WinError 10051] A socket operation was attempted to an unreachable network
2026-02-10 16:22:54,344 [ERROR] Polling thread error: PLC disconnected: [WinError 10051] A socket operation was attempted to an unreachable network
2026-02-10 16:22:55,439 [ERROR] Polling thread error: PLC disconnected: [WinError 10051] A socket operation was attempted to an unreachable network
2026-02-10 16:22:56,532 [ERROR] Polling thread error: PLC disconnected: [WinError 10051] A socket operation was attempted to an unreachable network
2026-02-10 16:22:57,624 [ERROR] Polling thread error: PLC disconnected: [WinError 10051] A socket operation was attempted to an unreachable network
2026-02-10 16:22:58,731 [ERROR] Polling thread error: PLC disconnected: [WinError 10051] A socket operation was attempted to an unreachable network
2026-02-10 16:22:59,825 [ERROR] Polling thread error: PLC disconnected: [WinError 10051] A socket operation was attempted to an unreachable network
2026-02-10 16:23:00,934 [ERROR] Polling thread error: PLC disconnected: [WinError 10051] A socket operation was attempted to an unreachable network
2026-02-10 16:23:02,033 [ERROR] Polling thread error: PLC disconnected: [WinError 10051] A socket operation was attempted to an unreachable network
2026-02-10 16:23:03,135 [ERROR] Polling thread error: PLC disconnected: [WinError 10051] A socket operation was attempted to an unreachable network
2026-02-10 16:23:04,238 [ERROR] Polling thread error: PLC disconnected: [WinError 10051] A socket operation was attempted to an unreachable network
2026-02-10 16:23:05,327 [ERROR] Polling thread error: PLC disconnected: [WinError 10051] A socket operation was attempted to an unreachable network
2026-02-10 16:23:06,428 [ERROR] Polling thread error: PLC disconnected: [WinError 10051] A socket operation was attempted to an unreachable network
2026-02-10 16:23:07,529 [ERROR] Polling thread error: PLC disconnected: [WinError 10051] A socket operation was attempted to an unreachable network
2026-02-10 16:23:08,617 [ERROR] Polling thread error: PLC disconnected: [WinError 10051] A socket operation was attempted to an unreachable network
2026-02-10 16:23:09,708 [ERROR] Polling thread error: PLC disconnected: [WinError 10051] A socket operation was attempted to an unreachable network
2026-02-10 16:23:10,814 [ERROR] Polling thread error: PLC disconnected: [WinError 10051] A socket operation was attempted to an unreachable network
2026-02-10 16:23:11,925 [ERROR] Polling thread error: PLC disconnected: [WinError 10051] A socket operation was attempted to an unreachable network
2026-02-10 16:23:13,035 [ERROR] Polling thread error: PLC disconnected: [WinError 10051] A socket operation was attempted to an unreachable network
2026-02-10 16:23:14,141 [ERROR] Polling thread error: PLC disconnected: [WinError 10051] A socket operation was attempted to an unreachable network
2026-02-10 16:23:15,247 [ERROR] Polling thread error: PLC disconnected: [WinError 10051] A socket operation was attempted to an unreachable network
2026-02-10 16:23:16,339 [ERROR] Polling thread error: PLC disconnected: [WinError 10051] A socket operation was attempted to an unreachable network
2026-02-10 16:23:17,434 [ERROR] Polling thread error: PLC disconnected: [WinError 10051] A socket operation was attempted to an unreachable network
2026-02-10 16:23:18,539 [ERROR] Polling thread error: PLC disconnected: [WinError 10051] A socket operation was attempted to an unreachable network
2026-02-10 16:23:19,624 [ERROR] Polling thread error: PLC disconnected: [WinError 10051] A socket operation was attempted to an unreachable network
2026-02-10 16:23:20,720 [ERROR] Polling thread error: PLC disconnected: [WinError 10051] A socket operation was attempted to an unreachable network
2026-02-10 16:23:21,823 [ERROR] Polling thread error: PLC disconnected: [WinError 10051] A socket operation was attempted to an unreachable network
2026-02-10 16:23:22,914 [ERROR] Polling thread error: PLC disconnected: [WinError 10051] A socket operation was attempted to an unreachable network
2026-02-10 16:23:23,998 [ERROR] Polling thread error: PLC disconnected: [WinError 10051] A socket operation was attempted to an unreachable network
2026-02-10 16:23:25,097 [ERROR] Polling thread error: PLC disconnected: [WinError 10051] A socket operation was attempted to an unreachable network
2026-02-10 16:23:26,186 [ERROR] Polling thread error: PLC disconnected: [WinError 10051] A socket operation was attempted to an unreachable network
2026-02-10 16:23:27,302 [ERROR] Polling thread error: PLC disconnected: [WinError 10051] A socket operation was attempted to an unreachable network
2026-02-10 16:23:28,401 [ERROR] Polling thread error: PLC disconnected: [WinError 10051] A socket operation was attempted to an unreachable network
2026-02-10 16:23:29,508 [ERROR] Polling thread error: PLC disconnected: [WinError 10051] A socket operation was attempted to an unreachable network
2026-02-10 16:23:30,614 [ERROR] Polling thread error: PLC disconnected: [WinError 10051] A socket operation was attempted to an unreachable network
2026-02-10 16:23:31,709 [ERROR] Polling thread error: PLC disconnected: [WinError 10051] A socket operation was attempted to an unreachable network
2026-02-10 16:23:32,811 [ERROR] Polling thread error: PLC disconnected: [WinError 10051] A socket operation was attempted to an unreachable network
2026-02-10 16:23:33,896 [ERROR] Polling thread error: PLC disconnected: [WinError 10051] A socket operation was attempted to an unreachable network
2026-02-10 16:23:34,986 [ERROR] Polling thread error: PLC disconnected: [WinError 10051] A socket operation was attempted to an unreachable network
2026-02-10 16:23:36,072 [ERROR] Polling thread error: PLC disconnected: [WinError 10051] A socket operation was attempted to an unreachable network
2026-02-10 16:23:37,174 [ERROR] Polling thread error: PLC disconnected: [WinError 10051] A socket operation was attempted to an unreachable network
2026-02-10 16:23:38,281 [ERROR] Polling thread error: PLC disconnected: [WinError 10051] A socket operation was attempted to an unreachable network
2026-02-10 16:23:39,389 [ERROR] Polling thread error: PLC disconnected: [WinError 10051] A socket operation was attempted to an unreachable network
2026-02-10 16:23:40,474 [ERROR] Polling thread error: PLC disconnected: [WinError 10051] A socket operation was attempted to an unreachable network
2026-02-10 16:23:41,559 [ERROR] Polling thread error: PLC disconnected: [WinError 10051] A socket operation was attempted to an unreachable network
2026-02-10 16:23:42,659 [ERROR] Polling thread error: PLC disconnected: [WinError 10051] A socket operation was attempted to an unreachable network
2026-02-10 16:23:43,748 [ERROR] Polling thread error: PLC disconnected: [WinError 10051] A socket operation was attempted to an unreachable network
2026-02-10 16:23:44,839 [ERROR] Polling thread error: PLC disconnected: [WinError 10051] A socket operation was attempted to an unreachable network
2026-02-10 16:23:45,942 [ERROR] Polling thread error: PLC disconnected: [WinError 10051] A socket operation was attempted to an unreachable network
2026-02-10 16:23:47,021 [ERROR] Polling thread error: PLC disconnected: [WinError 10051] A socket operation was attempted to an unreachable network
2026-02-10 16:23:48,108 [ERROR] Polling thread error: PLC disconnected: [WinError 10051] A socket operation was attempted to an unreachable network
2026-02-10 16:23:49,206 [ERROR] Polling thread error: PLC disconnected: [WinError 10051] A socket operation was attempted to an unreachable network
2026-02-10 16:23:50,312 [ERROR] Polling thread error: PLC disconnected: [WinError 10051] A socket operation was attempted to an unreachable network
2026-02-10 16:23:51,421 [ERROR] Polling thread error: PLC disconnected: [WinError 10051] A socket operation was attempted to an unreachable network
2026-02-10 16:23:52,513 [ERROR] Polling thread error: PLC disconnected: [WinError 10051] A socket operation was attempted to an unreachable network
2026-02-10 16:23:53,608 [ERROR] Polling thread error: PLC disconnected: [WinError 10051] A socket operation was attempted to an unreachable network
2026-02-10 16:23:54,696 [ERROR] Polling thread error: PLC disconnected: [WinError 10051] A socket operation was attempted to an unreachable network
2026-02-10 16:23:55,783 [ERROR] Polling thread error: PLC disconnected: [WinError 10051] A socket operation was attempted to an unreachable network
2026-02-10 16:23:56,878 [ERROR] Polling thread error: PLC disconnected: [WinError 10051] A socket operation was attempted to an unreachable network
2026-02-10 16:23:57,970 [ERROR] Polling thread error: PLC disconnected: [WinError 10051] A socket operation was attempted to an unreachable network
2026-02-10 16:23:59,074 [ERROR] Polling thread error: PLC disconnected: [WinError 10051] A socket operation was attempted to an unreachable network
2026-02-10 16:24:00,182 [ERROR] Polling thread error: PLC disconnected: [WinError 10051] A socket operation was attempted to an unreachable network
2026-02-10 16:24:01,267 [ERROR] Polling thread error: PLC disconnected: [WinError 10051] A socket operation was attempted to an unreachable network
2026-02-10 16:24:02,373 [ERROR] Polling thread error: PLC disconnected: [WinError 10051] A socket operation was attempted to an unreachable network
2026-02-10 16:24:03,490 [ERROR] Polling thread error: PLC disconnected: [WinError 10051] A socket operation was attempted to an unreachable network
2026-02-10 16:24:04,595 [ERROR] Polling thread error: PLC disconnected: [WinError 10051] A socket operation was attempted to an unreachable network
2026-02-10 16:24:05,703 [ERROR] Polling thread error: PLC disconnected: [WinError 10051] A socket operation was attempted to an unreachable network
2026-02-10 16:24:06,800 [ERROR] Polling thread error: PLC disconnected: [WinError 10051] A socket operation was attempted to an unreachable network
2026-02-10 16:24:07,883 [ERROR] Polling thread error: PLC disconnected: [WinError 10051] A socket operation was attempted to an unreachable network
2026-02-10 16:24:08,990 [ERROR] Polling thread error: PLC disconnected: [WinError 10051] A socket operation was attempted to an unreachable network
2026-02-10 16:24:10,096 [ERROR] Polling thread error: PLC disconnected: [WinError 10051] A socket operation was attempted to an unreachable network
2026-02-10 16:24:11,198 [ERROR] Polling thread error: PLC disconnected: [WinError 10051] A socket operation was attempted to an unreachable network
2026-02-10 16:24:12,288 [ERROR] Polling thread error: PLC disconnected: [WinError 10051] A socket operation was attempted to an unreachable network
2026-02-10 16:24:13,384 [ERROR] Polling thread error: PLC disconnected: [WinError 10051] A socket operation was attempted to an unreachable network
2026-02-10 16:24:14,486 [ERROR] Polling thread error: PLC disconnected: [WinError 10051] A socket operation was attempted to an unreachable network
2026-02-10 16:24:15,593 [ERROR] Polling thread error: PLC disconnected: [WinError 10051] A socket operation was attempted to an unreachable network
2026-02-10 16:24:16,687 [ERROR] Polling thread error: PLC disconnected: [WinError 10051] A socket operation was attempted to an unreachable network
2026-02-10 16:24:17,791 [ERROR] Polling thread error: PLC disconnected: [WinError 10051] A socket operation was attempted to an unreachable network
2026-02-10 16:24:18,882 [ERROR] Polling thread error: PLC disconnected: [WinError 10051] A socket operation was attempted to an unreachable network
2026-02-10 16:24:19,986 [ERROR] Polling thread error: PLC disconnected: [WinError 10051] A socket operation was attempted to an unreachable network
2026-02-10 16:24:21,089 [ERROR] Polling thread error: PLC disconnected: [WinError 10051] A socket operation was attempted to an unreachable network
2026-02-10 16:24:22,177 [ERROR] Polling thread error: PLC disconnected: [WinError 10051] A socket operation was attempted to an unreachable network
2026-02-10 16:24:23,275 [ERROR] Polling thread error: PLC disconnected: [WinError 10051] A socket operation was attempted to an unreachable network
2026-02-10 16:24:24,378 [ERROR] Polling thread error: PLC disconnected: [WinError 10051] A socket operation was attempted to an unreachable network
2026-02-10 16:24:25,469 [ERROR] Polling thread error: PLC disconnected: [WinError 10051] A socket operation was attempted to an unreachable network
2026-02-10 16:24:26,577 [ERROR] Polling thread error: PLC disconnected: [WinError 10051] A socket operation was attempted to an unreachable network
2026-02-10 16:24:27,665 [ERROR] Polling thread error: PLC disconnected: [WinError 10051] A socket operation was attempted to an unreachable network
2026-02-10 16:24:28,765 [ERROR] Polling thread error: PLC disconnected: [WinError 10051] A socket operation was attempted to an unreachable network
2026-02-10 16:24:29,850 [ERROR] Polling thread error: PLC disconnected: [WinError 10051] A socket operation was attempted to an unreachable network
2026-02-10 16:24:30,939 [ERROR] Polling thread error: PLC disconnected: [WinError 10051] A socket operation was attempted to an unreachable network
2026-02-10 16:24:32,044 [ERROR] Polling thread error: PLC disconnected: [WinError 10051] A socket operation was attempted to an unreachable network
2026-02-10 16:24:33,152 [ERROR] Polling thread error: PLC disconnected: [WinError 10051] A socket operation was attempted to an unreachable network
2026-02-10 16:24:34,241 [ERROR] Polling thread error: PLC disconnected: [WinError 10051] A socket operation was attempted to an unreachable network
2026-02-10 16:24:35,342 [ERROR] Polling thread error: PLC disconnected: [WinError 10051] A socket operation was attempted to an unreachable network
2026-02-10 16:24:36,428 [ERROR] Polling thread error: PLC disconnected: [WinError 10051] A socket operation was attempted to an unreachable network
2026-02-10 16:24:37,523 [ERROR] Polling thread error: PLC disconnected: [WinError 10051] A socket operation was attempted to an unreachable network
2026-02-10 16:24:38,610 [ERROR] Polling thread error: PLC disconnected: [WinError 10051] A socket operation was attempted to an unreachable network
2026-02-10 16:24:39,718 [ERROR] Polling thread error: PLC disconnected: [WinError 10051] A socket operation was attempted to an unreachable network
2026-02-10 16:24:40,810 [ERROR] Polling thread error: PLC disconnected: [WinError 10051] A socket operation was attempted to an unreachable network
2026-02-10 16:24:41,911 [ERROR] Polling thread error: PLC disconnected: [WinError 10051] A socket operation was attempted to an unreachable network
2026-02-10 16:24:43,013 [ERROR] Polling thread error: PLC disconnected: [WinError 10051] A socket operation was attempted to an unreachable network
2026-02-10 16:24:44,103 [ERROR] Polling thread error: PLC disconnected: [WinError 10051] A socket operation was attempted to an unreachable network
2026-02-10 16:24:45,192 [ERROR] Polling thread error: PLC disconnected: [WinError 10051] A socket operation was attempted to an unreachable network
2026-02-10 16:24:46,295 [ERROR] Polling thread error: PLC disconnected: [WinError 10051] A socket operation was attempted to an unreachable network
2026-02-10 16:24:47,403 [ERROR] Polling thread error: PLC disconnected: [WinError 10051] A socket operation was attempted to an unreachable network
2026-02-10 16:24:48,492 [ERROR] Polling thread error: PLC disconnected: [WinError 10051] A socket operation was attempted to an unreachable network
2026-02-10 16:24:49,591 [ERROR] Polling thread error: PLC disconnected: [WinError 10051] A socket operation was attempted to an unreachable network
2026-02-10 16:24:50,694 [ERROR] Polling thread error: PLC disconnected: [WinError 10051] A socket operation was attempted to an unreachable network
2026-02-10 16:24:51,782 [ERROR] Polling thread error: PLC disconnected: [WinError 10051] A socket operation was attempted to an unreachable network
2026-02-10 16:24:52,889 [ERROR] Polling thread error: PLC disconnected: [WinError 10051] A socket operation was attempted to an unreachable network
2026-02-10 16:24:53,990 [ERROR] Polling thread error: PLC disconnected: [WinError 10051] A socket operation was attempted to an unreachable network
2026-02-10 16:24:55,097 [ERROR] Polling thread error: PLC disconnected: [WinError 10051] A socket operation was attempted to an unreachable network
2026-02-10 16:24:56,201 [ERROR] Polling thread error: PLC disconnected: [WinError 10051] A socket operation was attempted to an unreachable network
2026-02-10 16:24:57,302 [ERROR] Polling thread error: PLC disconnected: [WinError 10051] A socket operation was attempted to an unreachable network
2026-02-10 16:24:58,389 [ERROR] Polling thread error: PLC disconnected: [WinError 10051] A socket operation was attempted to an unreachable network
2026-02-10 16:24:59,491 [ERROR] Polling thread error: PLC disconnected: [WinError 10051] A socket operation was attempted to an unreachable network
2026-02-10 16:25:00,602 [ERROR] Polling thread error: PLC disconnected: [WinError 10051] A socket operation was attempted to an unreachable network
2026-02-10 16:25:01,721 [ERROR] Polling thread error: PLC disconnected: [WinError 10051] A socket operation was attempted to an unreachable network
2026-02-10 16:25:02,815 [ERROR] Polling thread error: PLC disconnected: [WinError 10051] A socket operation was attempted to an unreachable network
2026-02-10 16:25:03,921 [ERROR] Polling thread error: PLC disconnected: [WinError 10051] A socket operation was attempted to an unreachable network
2026-02-10 16:25:05,011 [ERROR] Polling thread error: PLC disconnected: [WinError 10051] A socket operation was attempted to an unreachable network
2026-02-10 16:25:06,101 [ERROR] Polling thread error: PLC disconnected: [WinError 10051] A socket operation was attempted to an unreachable network
2026-02-10 16:25:07,205 [ERROR] Polling thread error: PLC disconnected: [WinError 10051] A socket operation was attempted to an unreachable network
2026-02-10 16:25:08,315 [ERROR] Polling thread error: PLC disconnected: [WinError 10051] A socket operation was attempted to an unreachable network
2026-02-10 16:25:09,407 [ERROR] Polling thread error: PLC disconnected: [WinError 10051] A socket operation was attempted to an unreachable network
2026-02-10 16:25:10,520 [ERROR] Polling thread error: PLC disconnected: [WinError 10051] A socket operation was attempted to an unreachable network
2026-02-10 16:25:11,621 [ERROR] Polling thread error: PLC disconnected: [WinError 10051] A socket operation was attempted to an unreachable network
2026-02-10 16:25:12,720 [ERROR] Polling thread error: PLC disconnected: [WinError 10051] A socket operation was attempted to an unreachable network
2026-02-10 16:25:13,835 [ERROR] Polling thread error: PLC disconnected: [WinError 10051] A socket operation was attempted to an unreachable network
2026-02-10 16:25:14,934 [ERROR] Polling thread error: PLC disconnected: [WinError 10051] A socket operation was attempted to an unreachable network
2026-02-10 16:25:16,022 [ERROR] Polling thread error: PLC disconnected: [WinError 10051] A socket operation was attempted to an unreachable network
2026-02-10 16:25:17,130 [ERROR] Polling thread error: PLC disconnected: [WinError 10051] A socket operation was attempted to an unreachable network
2026-02-10 16:25:18,233 [ERROR] Polling thread error: PLC disconnected: [WinError 10051] A socket operation was attempted to an unreachable network
2026-02-10 16:25:19,331 [ERROR] Polling thread error: PLC disconnected: [WinError 10051] A socket operation was attempted to an unreachable network
2026-02-10 16:25:20,437 [ERROR] Polling thread error: PLC disconnected: [WinError 10051] A socket operation was attempted to an unreachable network
2026-02-10 16:25:21,525 [ERROR] Polling thread error: PLC disconnected: [WinError 10051] A socket operation was attempted to an unreachable network
2026-02-10 16:25:22,630 [ERROR] Polling thread error: PLC disconnected: [WinError 10051] A socket operation was attempted to an unreachable network
2026-02-10 16:25:23,752 [ERROR] Polling thread error: PLC disconnected: [WinError 10051] A socket operation was attempted to an unreachable network
2026-02-10 16:25:24,853 [ERROR] Polling thread error: PLC disconnected: [WinError 10051] A socket operation was attempted to an unreachable network
2026-02-10 16:25:25,958 [ERROR] Polling thread error: PLC disconnected: [WinError 10051] A socket operation was attempted to an unreachable network
2026-02-10 16:25:27,050 [ERROR] Polling thread error: PLC disconnected: [WinError 10051] A socket operation was attempted to an unreachable network
2026-02-10 16:25:28,153 [ERROR] Polling thread error: PLC disconnected: [WinError 10051] A socket operation was attempted to an unreachable network
2026-02-10 16:25:29,236 [ERROR] Polling thread error: PLC disconnected: [WinError 10051] A socket operation was attempted to an unreachable network
2026-02-10 16:25:30,330 [ERROR] Polling thread error: PLC disconnected: [WinError 10051] A socket operation was attempted to an unreachable network
2026-02-10 16:25:31,418 [ERROR] Polling thread error: PLC disconnected: [WinError 10051] A socket operation was attempted to an unreachable network
2026-02-10 16:25:32,521 [ERROR] Polling thread error: PLC disconnected: [WinError 10051] A socket operation was attempted to an unreachable network
2026-02-10 16:25:33,613 [ERROR] Polling thread error: PLC disconnected: [WinError 10051] A socket operation was attempted to an unreachable network
2026-02-10 16:25:34,705 [ERROR] Polling thread error: PLC disconnected: [WinError 10051] A socket operation was attempted to an unreachable network
2026-02-10 16:25:35,795 [ERROR] Polling thread error: PLC disconnected: [WinError 10051] A socket operation was attempted to an unreachable network
2026-02-10 16:25:36,894 [ERROR] Polling thread error: PLC disconnected: [WinError 10051] A socket operation was attempted to an unreachable network
2026-02-10 16:25:37,984 [ERROR] Polling thread error: PLC disconnected: [WinError 10051] A socket operation was attempted to an unreachable network
2026-02-10 16:25:39,085 [ERROR] Polling thread error: PLC disconnected: [WinError 10051] A socket operation was attempted to an unreachable network
2026-02-10 16:25:40,192 [ERROR] Polling thread error: PLC disconnected: [WinError 10051] A socket operation was attempted to an unreachable network
2026-02-10 16:25:41,281 [ERROR] Polling thread error: PLC disconnected: [WinError 10051] A socket operation was attempted to an unreachable network
2026-02-10 16:25:42,370 [ERROR] Polling thread error: PLC disconnected: [WinError 10051] A socket operation was attempted to an unreachable network
2026-02-10 16:25:43,475 [ERROR] Polling thread error: PLC disconnected: [WinError 10051] A socket operation was attempted to an unreachable network
2026-02-10 16:25:44,569 [ERROR] Polling thread error: PLC disconnected: [WinError 10051] A socket operation was attempted to an unreachable network
2026-02-10 16:25:45,671 [ERROR] Polling thread error: PLC disconnected: [WinError 10051] A socket operation was attempted to an unreachable network
2026-02-10 16:25:46,756 [ERROR] Polling thread error: PLC disconnected: [WinError 10051] A socket operation was attempted to an unreachable network
2026-02-10 16:25:47,852 [ERROR] Polling thread error: PLC disconnected: [WinError 10051] A socket operation was attempted to an unreachable network
2026-02-10 16:25:48,939 [ERROR] Polling thread error: PLC disconnected: [WinError 10051] A socket operation was attempted to an unreachable network
2026-02-10 16:25:50,043 [ERROR] Polling thread error: PLC disconnected: [WinError 10051] A socket operation was attempted to an unreachable network
2026-02-10 16:25:51,146 [ERROR] Polling thread error: PLC disconnected: [WinError 10051] A socket operation was attempted to an unreachable network
2026-02-10 16:25:52,254 [ERROR] Polling thread error: PLC disconnected: [WinError 10051] A socket operation was attempted to an unreachable network
2026-02-10 16:25:53,351 [ERROR] Polling thread error: PLC disconnected: [WinError 10051] A socket operation was attempted to an unreachable network
2026-02-10 16:25:54,436 [ERROR] Polling thread error: PLC disconnected: [WinError 10051] A socket operation was attempted to an unreachable network
2026-02-10 16:25:55,543 [ERROR] Polling thread error: PLC disconnected: [WinError 10051] A socket operation was attempted to an unreachable network
2026-02-10 16:25:56,636 [ERROR] Polling thread error: PLC disconnected: [WinError 10051] A socket operation was attempted to an unreachable network
2026-02-10 16:25:57,725 [ERROR] Polling thread error: PLC disconnected: [WinError 10051] A socket operation was attempted to an unreachable network
2026-02-10 16:25:58,816 [ERROR] Polling thread error: PLC disconnected: [WinError 10051] A socket operation was attempted to an unreachable network
2026-02-10 16:25:59,906 [ERROR] Polling thread error: PLC disconnected: [WinError 10051] A socket operation was attempted to an unreachable network
2026-02-10 16:26:00,997 [ERROR] Polling thread error: PLC disconnected: [WinError 10051] A socket operation was attempted to an unreachable network
2026-02-10 16:26:02,100 [ERROR] Polling thread error: PLC disconnected: [WinError 10051] A socket operation was attempted to an unreachable network
2026-02-10 16:26:03,191 [ERROR] Polling thread error: PLC disconnected: [WinError 10051] A socket operation was attempted to an unreachable network
2026-02-10 16:26:04,287 [ERROR] Polling thread error: PLC disconnected: [WinError 10051] A socket operation was attempted to an unreachable network
2026-02-10 16:26:05,378 [ERROR] Polling thread error: PLC disconnected: [WinError 10051] A socket operation was attempted to an unreachable network
2026-02-10 16:26:06,482 [ERROR] Polling thread error: PLC disconnected: [WinError 10051] A socket operation was attempted to an unreachable network
2026-02-10 16:26:07,571 [ERROR] Polling thread error: PLC disconnected: [WinError 10051] A socket operation was attempted to an unreachable network
2026-02-10 16:26:08,664 [ERROR] Polling thread error: PLC disconnected: [WinError 10051] A socket operation was attempted to an unreachable network
2026-02-10 16:26:09,751 [ERROR] Polling thread error: PLC disconnected: [WinError 10051] A socket operation was attempted to an unreachable network
2026-02-10 16:26:10,840 [ERROR] Polling thread error: PLC disconnected: [WinError 10051] A socket operation was attempted to an unreachable network
2026-02-10 16:26:11,950 [ERROR] Polling thread error: PLC disconnected: [WinError 10051] A socket operation was attempted to an unreachable network
2026-02-10 16:26:13,051 [ERROR] Polling thread error: PLC disconnected: [WinError 10051] A socket operation was attempted to an unreachable network
2026-02-10 16:26:14,137 [ERROR] Polling thread error: PLC disconnected: [WinError 10051] A socket operation was attempted to an unreachable network
2026-02-10 16:26:15,239 [ERROR] Polling thread error: PLC disconnected: [WinError 10051] A socket operation was attempted to an unreachable network
2026-02-10 16:26:16,351 [ERROR] Polling thread error: PLC disconnected: [WinError 10051] A socket operation was attempted to an unreachable network
2026-02-10 16:26:17,455 [ERROR] Polling thread error: PLC disconnected: [WinError 10051] A socket operation was attempted to an unreachable network
2026-02-10 16:26:18,562 [ERROR] Polling thread error: PLC disconnected: [WinError 10051] A socket operation was attempted to an unreachable network
2026-02-10 16:26:19,665 [ERROR] Polling thread error: PLC disconnected: [WinError 10051] A socket operation was attempted to an unreachable network
2026-02-10 16:26:20,759 [ERROR] Polling thread error: PLC disconnected: [WinError 10051] A socket operation was attempted to an unreachable network
2026-02-10 16:26:21,848 [ERROR] Polling thread error: PLC disconnected: [WinError 10051] A socket operation was attempted to an unreachable network
2026-02-10 16:26:22,965 [ERROR] Polling thread error: PLC disconnected: [WinError 10051] A socket operation was attempted to an unreachable network
2026-02-10 16:26:24,066 [ERROR] Polling thread error: PLC disconnected: [WinError 10051] A socket operation was attempted to an unreachable network
2026-02-10 16:26:25,170 [ERROR] Polling thread error: PLC disconnected: [WinError 10051] A socket operation was attempted to an unreachable network
2026-02-10 16:26:26,273 [ERROR] Polling thread error: PLC disconnected: [WinError 10051] A socket operation was attempted to an unreachable network
2026-02-10 16:26:27,380 [ERROR] Polling thread error: PLC disconnected: [WinError 10051] A socket operation was attempted to an unreachable network
2026-02-10 16:26:28,471 [ERROR] Polling thread error: PLC disconnected: [WinError 10051] A socket operation was attempted to an unreachable network
2026-02-10 16:26:29,560 [ERROR] Polling thread error: PLC disconnected: [WinError 10051] A socket operation was attempted to an unreachable network
2026-02-10 16:26:30,661 [ERROR] Polling thread error: PLC disconnected: [WinError 10051] A socket operation was attempted to an unreachable network
2026-02-10 16:26:31,756 [ERROR] Polling thread error: PLC disconnected: [WinError 10051] A socket operation was attempted to an unreachable network
2026-02-10 16:26:32,861 [ERROR] Polling thread error: PLC disconnected: [WinError 10051] A socket operation was attempted to an unreachable network
2026-02-10 16:26:33,964 [ERROR] Polling thread error: PLC disconnected: [WinError 10051] A socket operation was attempted to an unreachable network
2026-02-10 16:26:35,070 [ERROR] Polling thread error: PLC disconnected: [WinError 10051] A socket operation was attempted to an unreachable network
2026-02-10 16:26:36,151 [ERROR] Polling thread error: PLC disconnected: [WinError 10051] A socket operation was attempted to an unreachable network
2026-02-10 16:26:37,256 [ERROR] Polling thread error: PLC disconnected: [WinError 10051] A socket operation was attempted to an unreachable network
2026-02-10 16:26:38,347 [ERROR] Polling thread error: PLC disconnected: [WinError 10051] A socket operation was attempted to an unreachable network
2026-02-10 16:26:39,455 [ERROR] Polling thread error: PLC disconnected: [WinError 10051] A socket operation was attempted to an unreachable network
2026-02-10 16:26:40,552 [ERROR] Polling thread error: PLC disconnected: [WinError 10051] A socket operation was attempted to an unreachable network
2026-02-10 16:26:41,640 [ERROR] Polling thread error: PLC disconnected: [WinError 10051] A socket operation was attempted to an unreachable network
2026-02-10 16:26:42,740 [ERROR] Polling thread error: PLC disconnected: [WinError 10051] A socket operation was attempted to an unreachable network
2026-02-10 16:26:43,821 [ERROR] Polling thread error: PLC disconnected: [WinError 10051] A socket operation was attempted to an unreachable network
2026-02-10 16:26:44,905 [ERROR] Polling thread error: PLC disconnected: [WinError 10051] A socket operation was attempted to an unreachable network
2026-02-10 16:26:45,995 [ERROR] Polling thread error: PLC disconnected: [WinError 10051] A socket operation was attempted to an unreachable network
2026-02-10 16:26:47,094 [ERROR] Polling thread error: PLC disconnected: [WinError 10051] A socket operation was attempted to an unreachable network
2026-02-10 16:26:48,176 [ERROR] Polling thread error: PLC disconnected: [WinError 10051] A socket operation was attempted to an unreachable network
2026-02-10 16:26:49,277 [ERROR] Polling thread error: PLC disconnected: [WinError 10051] A socket operation was attempted to an unreachable network
2026-02-10 16:26:50,369 [ERROR] Polling thread error: PLC disconnected: [WinError 10051] A socket operation was attempted to an unreachable network
2026-02-10 16:26:51,471 [ERROR] Polling thread error: PLC disconnected: [WinError 10051] A socket operation was attempted to an unreachable network
2026-02-10 16:26:52,577 [ERROR] Polling thread error: PLC disconnected: [WinError 10051] A socket operation was attempted to an unreachable network
2026-02-10 16:26:53,672 [ERROR] Polling thread error: PLC disconnected: [WinError 10051] A socket operation was attempted to an unreachable network
2026-02-10 16:26:54,760 [ERROR] Polling thread error: PLC disconnected: [WinError 10051] A socket operation was attempted to an unreachable network
2026-02-10 16:26:55,867 [ERROR] Polling thread error: PLC disconnected: [WinError 10051] A socket operation was attempted to an unreachable network
2026-02-10 16:26:56,960 [ERROR] Polling thread error: PLC disconnected: [WinError 10051] A socket operation was attempted to an unreachable network
2026-02-10 16:26:58,070 [ERROR] Polling thread error: PLC disconnected: [WinError 10051] A socket operation was attempted to an unreachable network
2026-02-10 16:26:59,178 [ERROR] Polling thread error: PLC disconnected: [WinError 10051] A socket operation was attempted to an unreachable network
2026-02-10 16:27:00,263 [ERROR] Polling thread error: PLC disconnected: [WinError 10051] A socket operation was attempted to an unreachable network
2026-02-10 16:27:01,354 [ERROR] Polling thread error: PLC disconnected: [WinError 10051] A socket operation was attempted to an unreachable network
2026-02-10 16:27:02,444 [ERROR] Polling thread error: PLC disconnected: [WinError 10051] A socket operation was attempted to an unreachable network
2026-02-10 16:27:03,534 [ERROR] Polling thread error: PLC disconnected: [WinError 10051] A socket operation was attempted to an unreachable network
2026-02-10 16:27:04,624 [ERROR] Polling thread error: PLC disconnected: [WinError 10051] A socket operation was attempted to an unreachable network
2026-02-10 16:27:05,711 [ERROR] Polling thread error: PLC disconnected: [WinError 10051] A socket operation was attempted to an unreachable network
2026-02-10 16:27:06,804 [ERROR] Polling thread error: PLC disconnected: [WinError 10051] A socket operation was attempted to an unreachable network
2026-02-10 16:27:07,904 [ERROR] Polling thread error: PLC disconnected: [WinError 10051] A socket operation was attempted to an unreachable network
2026-02-10 16:27:09,010 [ERROR] Polling thread error: PLC disconnected: [WinError 10051] A socket operation was attempted to an unreachable network
2026-02-10 16:27:10,114 [ERROR] Polling thread error: PLC disconnected: [WinError 10051] A socket operation was attempted to an unreachable network
2026-02-10 16:27:11,209 [ERROR] Polling thread error: PLC disconnected: [WinError 10051] A socket operation was attempted to an unreachable network
2026-02-10 16:27:12,303 [ERROR] Polling thread error: PLC disconnected: [WinError 10051] A socket operation was attempted to an unreachable network
2026-02-10 16:27:13,400 [ERROR] Polling thread error: PLC disconnected: [WinError 10051] A socket operation was attempted to an unreachable network
2026-02-10 16:27:14,492 [ERROR] Polling thread error: PLC disconnected: [WinError 10051] A socket operation was attempted to an unreachable network
2026-02-10 16:27:15,584 [ERROR] Polling thread error: PLC disconnected: [WinError 10051] A socket operation was attempted to an unreachable network
2026-02-10 16:27:16,676 [ERROR] Polling thread error: PLC disconnected: [WinError 10051] A socket operation was attempted to an unreachable network
2026-02-10 16:27:17,763 [ERROR] Polling thread error: PLC disconnected: [WinError 10051] A socket operation was attempted to an unreachable network
2026-02-10 16:27:18,871 [ERROR] Polling thread error: PLC disconnected: [WinError 10051] A socket operation was attempted to an unreachable network
2026-02-10 16:27:19,977 [ERROR] Polling thread error: PLC disconnected: [WinError 10051] A socket operation was attempted to an unreachable network
2026-02-10 16:27:21,069 [ERROR] Polling thread error: PLC disconnected: [WinError 10051] A socket operation was attempted to an unreachable network
2026-02-10 16:27:22,160 [ERROR] Polling thread error: PLC disconnected: [WinError 10051] A socket operation was attempted to an unreachable network
2026-02-10 16:27:23,244 [ERROR] Polling thread error: PLC disconnected: [WinError 10051] A socket operation was attempted to an unreachable network
2026-02-10 16:27:24,345 [ERROR] Polling thread error: PLC disconnected: [WinError 10051] A socket operation was attempted to an unreachable network
2026-02-10 16:27:25,431 [ERROR] Polling thread error: PLC disconnected: [WinError 10051] A socket operation was attempted to an unreachable network
2026-02-10 16:27:26,533 [ERROR] Polling thread error: PLC disconnected: [WinError 10051] A socket operation was attempted to an unreachable network
2026-02-10 16:27:27,627 [ERROR] Polling thread error: PLC disconnected: [WinError 10051] A socket operation was attempted to an unreachable network
2026-02-10 16:27:28,715 [ERROR] Polling thread error: PLC disconnected: [WinError 10051] A socket operation was attempted to an unreachable network
2026-02-10 16:27:29,812 [ERROR] Polling thread error: PLC disconnected: [WinError 10051] A socket operation was attempted to an unreachable network
2026-02-10 16:27:30,917 [ERROR] Polling thread error: PLC disconnected: [WinError 10051] A socket operation was attempted to an unreachable network
2026-02-10 16:27:32,021 [ERROR] Polling thread error: PLC disconnected: [WinError 10051] A socket operation was attempted to an unreachable network
2026-02-10 16:27:33,113 [ERROR] Polling thread error: PLC disconnected: [WinError 10051] A socket operation was attempted to an unreachable network
2026-02-10 16:27:34,222 [ERROR] Polling thread error: PLC disconnected: [WinError 10051] A socket operation was attempted to an unreachable network
2026-02-10 16:27:35,315 [ERROR] Polling thread error: PLC disconnected: [WinError 10051] A socket operation was attempted to an unreachable network
2026-02-10 16:27:36,416 [ERROR] Polling thread error: PLC disconnected: [WinError 10051] A socket operation was attempted to an unreachable network
2026-02-10 16:27:37,514 [ERROR] Polling thread error: PLC disconnected: [WinError 10051] A socket operation was attempted to an unreachable network
2026-02-10 16:27:38,606 [ERROR] Polling thread error: PLC disconnected: [WinError 10051] A socket operation was attempted to an unreachable network
2026-02-10 16:27:39,689 [ERROR] Polling thread error: PLC disconnected: [WinError 10051] A socket operation was attempted to an unreachable network
2026-02-10 16:27:40,791 [ERROR] Polling thread error: PLC disconnected: [WinError 10051] A socket operation was attempted to an unreachable network
2026-02-10 16:27:41,880 [ERROR] Polling thread error: PLC disconnected: [WinError 10051] A socket operation was attempted to an unreachable network
2026-02-10 16:27:42,987 [ERROR] Polling thread error: PLC disconnected: [WinError 10051] A socket operation was attempted to an unreachable network
2026-02-10 16:27:44,079 [ERROR] Polling thread error: PLC disconnected: [WinError 10051] A socket operation was attempted to an unreachable network
2026-02-10 16:27:45,164 [ERROR] Polling thread error: PLC disconnected: [WinError 10051] A socket operation was attempted to an unreachable network
2026-02-10 16:27:46,264 [ERROR] Polling thread error: PLC disconnected: [WinError 10051] A socket operation was attempted to an unreachable network
2026-02-10 16:27:47,355 [ERROR] Polling thread error: PLC disconnected: [WinError 10051] A socket operation was attempted to an unreachable network
2026-02-10 16:27:48,449 [ERROR] Polling thread error: PLC disconnected: [WinError 10051] A socket operation was attempted to an unreachable network
2026-02-10 16:27:49,552 [ERROR] Polling thread error: PLC disconnected: [WinError 10051] A socket operation was attempted to an unreachable network
2026-02-10 16:27:50,659 [ERROR] Polling thread error: PLC disconnected: [WinError 10051] A socket operation was attempted to an unreachable network
2026-02-10 16:27:51,762 [ERROR] Polling thread error: PLC disconnected: [WinError 10051] A socket operation was attempted to an unreachable network
2026-02-10 16:27:52,849 [ERROR] Polling thread error: PLC disconnected: [WinError 10051] A socket operation was attempted to an unreachable network
2026-02-10 16:27:53,940 [ERROR] Polling thread error: PLC disconnected: [WinError 10051] A socket operation was attempted to an unreachable network
2026-02-10 16:27:55,026 [ERROR] Polling thread error: PLC disconnected: [WinError 10051] A socket operation was attempted to an unreachable network
2026-02-10 16:27:56,142 [ERROR] Polling thread error: PLC disconnected: [WinError 10051] A socket operation was attempted to an unreachable network
2026-02-10 16:27:57,226 [ERROR] Polling thread error: PLC disconnected: [WinError 10051] A socket operation was attempted to an unreachable network
2026-02-10 16:27:58,331 [ERROR] Polling thread error: PLC disconnected: [WinError 10051] A socket operation was attempted to an unreachable network
2026-02-10 16:27:59,421 [ERROR] Polling thread error: PLC disconnected: [WinError 10051] A socket operation was attempted to an unreachable network
2026-02-10 16:28:00,530 [ERROR] Polling thread error: PLC disconnected: [WinError 10051] A socket operation was attempted to an unreachable network
2026-02-10 16:28:01,641 [ERROR] Polling thread error: PLC disconnected: [WinError 10051] A socket operation was attempted to an unreachable network
2026-02-10 16:28:02,734 [ERROR] Polling thread error: PLC disconnected: [WinError 10051] A socket operation was attempted to an unreachable network
2026-02-10 16:28:03,840 [ERROR] Polling thread error: PLC disconnected: [WinError 10051] A socket operation was attempted to an unreachable network
2026-02-10 16:28:04,945 [ERROR] Polling thread error: PLC disconnected: [WinError 10051] A socket operation was attempted to an unreachable network
2026-02-10 16:28:06,032 [ERROR] Polling thread error: PLC disconnected: [WinError 10051] A socket operation was attempted to an unreachable network
2026-02-10 16:28:07,121 [ERROR] Polling thread error: PLC disconnected: [WinError 10051] A socket operation was attempted to an unreachable network
2026-02-10 16:28:08,221 [ERROR] Polling thread error: PLC disconnected: [WinError 10051] A socket operation was attempted to an unreachable network
2026-02-10 16:28:09,331 [ERROR] Polling thread error: PLC disconnected: [WinError 10051] A socket operation was attempted to an unreachable network
2026-02-10 16:28:10,423 [ERROR] Polling thread error: PLC disconnected: [WinError 10051] A socket operation was attempted to an unreachable network
2026-02-10 16:28:11,516 [ERROR] Polling thread error: PLC disconnected: [WinError 10051] A socket operation was attempted to an unreachable network
2026-02-10 16:28:12,615 [ERROR] Polling thread error: PLC disconnected: [WinError 10051] A socket operation was attempted to an unreachable network
2026-02-10 16:28:13,739 [ERROR] Polling thread error: PLC disconnected: [WinError 10051] A socket operation was attempted to an unreachable network
2026-02-10 16:28:14,840 [ERROR] Polling thread error: PLC disconnected: [WinError 10051] A socket operation was attempted to an unreachable network
2026-02-10 16:28:15,928 [ERROR] Polling thread error: PLC disconnected: [WinError 10051] A socket operation was attempted to an unreachable network
2026-02-10 16:28:17,020 [ERROR] Polling thread error: PLC disconnected: [WinError 10051] A socket operation was attempted to an unreachable network
2026-02-10 16:28:18,110 [ERROR] Polling thread error: PLC disconnected: [WinError 10051] A socket operation was attempted to an unreachable network
2026-02-10 16:28:19,211 [ERROR] Polling thread error: PLC disconnected: [WinError 10051] A socket operation was attempted to an unreachable network
2026-02-10 16:28:20,296 [ERROR] Polling thread error: PLC disconnected: [WinError 10051] A socket operation was attempted to an unreachable network
2026-02-10 16:28:21,397 [ERROR] Polling thread error: PLC disconnected: [WinError 10051] A socket operation was attempted to an unreachable network
2026-02-10 16:28:22,502 [ERROR] Polling thread error: PLC disconnected: [WinError 10051] A socket operation was attempted to an unreachable network
2026-02-10 16:28:23,608 [ERROR] Polling thread error: PLC disconnected: [WinError 10051] A socket operation was attempted to an unreachable network
2026-02-10 16:28:24,694 [ERROR] Polling thread error: PLC disconnected: [WinError 10051] A socket operation was attempted to an unreachable network
2026-02-10 16:28:25,785 [ERROR] Polling thread error: PLC disconnected: [WinError 10051] A socket operation was attempted to an unreachable network
2026-02-10 16:28:26,877 [ERROR] Polling thread error: PLC disconnected: [WinError 10051] A socket operation was attempted to an unreachable network
2026-02-10 16:28:27,980 [ERROR] Polling thread error: PLC disconnected: [WinError 10051] A socket operation was attempted to an unreachable network
2026-02-10 16:28:29,083 [ERROR] Polling thread error: PLC disconnected: [WinError 10051] A socket operation was attempted to an unreachable network
2026-02-10 16:28:30,187 [ERROR] Polling thread error: PLC disconnected: [WinError 10051] A socket operation was attempted to an unreachable network
2026-02-10 16:28:31,291 [ERROR] Polling thread error: PLC disconnected: [WinError 10051] A socket operation was attempted to an unreachable network
2026-02-10 16:28:32,377 [ERROR] Polling thread error: PLC disconnected: [WinError 10051] A socket operation was attempted to an unreachable network
2026-02-10 16:28:33,466 [ERROR] Polling thread error: PLC disconnected: [WinError 10051] A socket operation was attempted to an unreachable network
2026-02-10 16:28:34,543 [ERROR] Polling thread error: PLC disconnected: [WinError 10051] A socket operation was attempted to an unreachable network
2026-02-10 16:28:35,623 [ERROR] Polling thread error: PLC disconnected: [WinError 10051] A socket operation was attempted to an unreachable network
2026-02-10 16:28:36,710 [ERROR] Polling thread error: PLC disconnected: [WinError 10051] A socket operation was attempted to an unreachable network
2026-02-10 16:28:37,788 [ERROR] Polling thread error: PLC disconnected: [WinError 10051] A socket operation was attempted to an unreachable network
2026-02-10 16:28:38,875 [ERROR] Polling thread error: PLC disconnected: [WinError 10051] A socket operation was attempted to an unreachable network
2026-02-10 16:28:39,955 [ERROR] Polling thread error: PLC disconnected: [WinError 10051] A socket operation was attempted to an unreachable network
2026-02-10 16:28:41,048 [ERROR] Polling thread error: PLC disconnected: [WinError 10051] A socket operation was attempted to an unreachable network
2026-02-10 16:28:42,151 [ERROR] Polling thread error: PLC disconnected: [WinError 10051] A socket operation was attempted to an unreachable network
2026-02-10 16:28:43,234 [ERROR] Polling thread error: PLC disconnected: [WinError 10051] A socket operation was attempted to an unreachable network
2026-02-10 16:28:44,324 [ERROR] Polling thread error: PLC disconnected: [WinError 10051] A socket operation was attempted to an unreachable network
2026-02-10 16:28:45,422 [ERROR] Polling thread error: PLC disconnected: [WinError 10051] A socket operation was attempted to an unreachable network
2026-02-10 16:28:46,519 [ERROR] Polling thread error: PLC disconnected: [WinError 10051] A socket operation was attempted to an unreachable network
2026-02-10 16:28:47,621 [ERROR] Polling thread error: PLC disconnected: [WinError 10051] A socket operation was attempted to an unreachable network
2026-02-10 16:28:48,710 [ERROR] Polling thread error: PLC disconnected: [WinError 10051] A socket operation was attempted to an unreachable network
2026-02-10 16:28:49,816 [ERROR] Polling thread error: PLC disconnected: [WinError 10051] A socket operation was attempted to an unreachable network
2026-02-10 16:28:50,921 [ERROR] Polling thread error: PLC disconnected: [WinError 10051] A socket operation was attempted to an unreachable network
2026-02-10 16:28:52,026 [ERROR] Polling thread error: PLC disconnected: [WinError 10051] A socket operation was attempted to an unreachable network
2026-02-10 16:28:53,133 [ERROR] Polling thread error: PLC disconnected: [WinError 10051] A socket operation was attempted to an unreachable network
2026-02-10 16:28:54,222 [ERROR] Polling thread error: PLC disconnected: [WinError 10051] A socket operation was attempted to an unreachable network
2026-02-10 16:28:55,324 [ERROR] Polling thread error: PLC disconnected: [WinError 10051] A socket operation was attempted to an unreachable network
2026-02-10 16:28:56,445 [ERROR] Polling thread error: PLC disconnected: [WinError 10051] A socket operation was attempted to an unreachable network
2026-02-10 16:28:57,551 [ERROR] Polling thread error: PLC disconnected: [WinError 10051] A socket operation was attempted to an unreachable network
2026-02-10 16:28:58,637 [ERROR] Polling thread error: PLC disconnected: [WinError 10051] A socket operation was attempted to an unreachable network
2026-02-10 16:28:59,724 [ERROR] Polling thread error: PLC disconnected: [WinError 10051] A socket operation was attempted to an unreachable network
2026-02-10 16:29:00,829 [ERROR] Polling thread error: PLC disconnected: [WinError 10051] A socket operation was attempted to an unreachable network
2026-02-10 16:29:01,936 [ERROR] Polling thread error: PLC disconnected: [WinError 10051] A socket operation was attempted to an unreachable network
2026-02-10 16:29:03,025 [ERROR] Polling thread error: PLC disconnected: [WinError 10051] A socket operation was attempted to an unreachable network
2026-02-10 16:29:04,117 [ERROR] Polling thread error: PLC disconnected: [WinError 10051] A socket operation was attempted to an unreachable network
2026-02-10 16:29:05,211 [ERROR] Polling thread error: PLC disconnected: [WinError 10051] A socket operation was attempted to an unreachable network
2026-02-10 16:29:06,302 [ERROR] Polling thread error: PLC disconnected: [WinError 10051] A socket operation was attempted to an unreachable network
2026-02-10 16:29:07,405 [ERROR] Polling thread error: PLC disconnected: [WinError 10051] A socket operation was attempted to an unreachable network
2026-02-10 16:29:08,494 [ERROR] Polling thread error: PLC disconnected: [WinError 10051] A socket operation was attempted to an unreachable network
2026-02-10 16:29:09,581 [ERROR] Polling thread error: PLC disconnected: [WinError 10051] A socket operation was attempted to an unreachable network
2026-02-10 16:29:10,667 [ERROR] Polling thread error: PLC disconnected: [WinError 10051] A socket operation was attempted to an unreachable network
2026-02-10 16:29:11,769 [ERROR] Polling thread error: PLC disconnected: [WinError 10051] A socket operation was attempted to an unreachable network
2026-02-10 16:29:12,874 [ERROR] Polling thread error: PLC disconnected: [WinError 10051] A socket operation was attempted to an unreachable network
2026-02-10 16:29:13,974 [ERROR] Polling thread error: PLC disconnected: [WinError 10051] A socket operation was attempted to an unreachable network
2026-02-10 16:29:15,066 [ERROR] Polling thread error: PLC disconnected: [WinError 10051] A socket operation was attempted to an unreachable network
2026-02-10 16:29:16,155 [ERROR] Polling thread error: PLC disconnected: [WinError 10051] A socket operation was attempted to an unreachable network
2026-02-10 16:29:17,253 [ERROR] Polling thread error: PLC disconnected: [WinError 10051] A socket operation was attempted to an unreachable network
2026-02-10 16:29:18,345 [ERROR] Polling thread error: PLC disconnected: [WinError 10051] A socket operation was attempted to an unreachable network
2026-02-10 16:29:19,456 [ERROR] Polling thread error: PLC disconnected: [WinError 10051] A socket operation was attempted to an unreachable network
2026-02-10 16:29:20,555 [ERROR] Polling thread error: PLC disconnected: [WinError 10051] A socket operation was attempted to an unreachable network
2026-02-10 16:29:21,662 [ERROR] Polling thread error: PLC disconnected: [WinError 10051] A socket operation was attempted to an unreachable network
2026-02-10 16:29:22,767 [ERROR] Polling thread error: PLC disconnected: [WinError 10051] A socket operation was attempted to an unreachable network
2026-02-10 16:29:23,858 [ERROR] Polling thread error: PLC disconnected: [WinError 10051] A socket operation was attempted to an unreachable network
2026-02-10 16:29:24,946 [ERROR] Polling thread error: PLC disconnected: [WinError 10051] A socket operation was attempted to an unreachable network
2026-02-10 16:29:26,045 [ERROR] Polling thread error: PLC disconnected: [WinError 10051] A socket operation was attempted to an unreachable network
2026-02-10 16:29:27,148 [ERROR] Polling thread error: PLC disconnected: [WinError 10051] A socket operation was attempted to an unreachable network
2026-02-10 16:29:28,239 [ERROR] Polling thread error: PLC disconnected: [WinError 10051] A socket operation was attempted to an unreachable network
2026-02-10 16:29:29,340 [ERROR] Polling thread error: PLC disconnected: [WinError 10051] A socket operation was attempted to an unreachable network
2026-02-10 16:29:30,459 [ERROR] Polling thread error: PLC disconnected: [WinError 10051] A socket operation was attempted to an unreachable network
2026-02-10 16:29:31,566 [ERROR] Polling thread error: PLC disconnected: [WinError 10051] A socket operation was attempted to an unreachable network
2026-02-10 16:29:32,671 [ERROR] Polling thread error: PLC disconnected: [WinError 10051] A socket operation was attempted to an unreachable network
2026-02-10 16:29:33,773 [ERROR] Polling thread error: PLC disconnected: [WinError 10051] A socket operation was attempted to an unreachable network
2026-02-10 16:29:34,856 [ERROR] Polling thread error: PLC disconnected: [WinError 10051] A socket operation was attempted to an unreachable network
2026-02-10 16:29:35,946 [ERROR] Polling thread error: PLC disconnected: [WinError 10051] A socket operation was attempted to an unreachable network
2026-02-10 16:29:37,037 [ERROR] Polling thread error: PLC disconnected: [WinError 10051] A socket operation was attempted to an unreachable network
2026-02-10 16:29:38,141 [ERROR] Polling thread error: PLC disconnected: [WinError 10051] A socket operation was attempted to an unreachable network
2026-02-10 16:29:39,242 [ERROR] Polling thread error: PLC disconnected: [WinError 10051] A socket operation was attempted to an unreachable network
2026-02-10 16:29:40,344 [ERROR] Polling thread error: PLC disconnected: [WinError 10051] A socket operation was attempted to an unreachable network
2026-02-10 16:29:41,447 [ERROR] Polling thread error: PLC disconnected: [WinError 10051] A socket operation was attempted to an unreachable network
2026-02-10 16:29:42,550 [ERROR] Polling thread error: PLC disconnected: [WinError 10051] A socket operation was attempted to an unreachable network
2026-02-10 16:29:43,655 [ERROR] Polling thread error: PLC disconnected: [WinError 10051] A socket operation was attempted to an unreachable network
2026-02-10 16:29:44,746 [ERROR] Polling thread error: PLC disconnected: [WinError 10051] A socket operation was attempted to an unreachable network
2026-02-10 16:29:45,846 [ERROR] Polling thread error: PLC disconnected: [WinError 10051] A socket operation was attempted to an unreachable network
2026-02-10 16:29:46,952 [ERROR] Polling thread error: PLC disconnected: [WinError 10051] A socket operation was attempted to an unreachable network
2026-02-10 16:29:48,056 [ERROR] Polling thread error: PLC disconnected: [WinError 10051] A socket operation was attempted to an unreachable network
2026-02-10 16:29:49,157 [ERROR] Polling thread error: PLC disconnected: [WinError 10051] A socket operation was attempted to an unreachable network
2026-02-10 16:29:50,260 [ERROR] Polling thread error: PLC disconnected: [WinError 10051] A socket operation was attempted to an unreachable network
2026-02-10 16:29:51,365 [ERROR] Polling thread error: PLC disconnected: [WinError 10051] A socket operation was attempted to an unreachable network
2026-02-10 16:29:52,458 [ERROR] Polling thread error: PLC disconnected: [WinError 10051] A socket operation was attempted to an unreachable network
2026-02-10 16:29:53,563 [ERROR] Polling thread error: PLC disconnected: [WinError 10051] A socket operation was attempted to an unreachable network
2026-02-10 16:29:54,656 [ERROR] Polling thread error: PLC disconnected: [WinError 10051] A socket operation was attempted to an unreachable network
2026-02-10 16:29:55,757 [ERROR] Polling thread error: PLC disconnected: [WinError 10051] A socket operation was attempted to an unreachable network
2026-02-10 16:29:56,840 [ERROR] Polling thread error: PLC disconnected: [WinError 10051] A socket operation was attempted to an unreachable network
2026-02-10 16:29:57,941 [ERROR] Polling thread error: PLC disconnected: [WinError 10051] A socket operation was attempted to an unreachable network
2026-02-10 16:29:59,033 [ERROR] Polling thread error: PLC disconnected: [WinError 10051] A socket operation was attempted to an unreachable network
2026-02-10 16:30:00,139 [ERROR] Polling thread error: PLC disconnected: [WinError 10051] A socket operation was attempted to an unreachable network
2026-02-10 16:30:01,231 [ERROR] Polling thread error: PLC disconnected: [WinError 10051] A socket operation was attempted to an unreachable network
2026-02-10 16:30:02,337 [ERROR] Polling thread error: PLC disconnected: [WinError 10051] A socket operation was attempted to an unreachable network
2026-02-10 16:30:03,438 [ERROR] Polling thread error: PLC disconnected: [WinError 10051] A socket operation was attempted to an unreachable network
2026-02-10 16:30:04,527 [ERROR] Polling thread error: PLC disconnected: [WinError 10051] A socket operation was attempted to an unreachable network
2026-02-10 16:30:05,613 [ERROR] Polling thread error: PLC disconnected: [WinError 10051] A socket operation was attempted to an unreachable network
2026-02-10 16:30:06,710 [ERROR] Polling thread error: PLC disconnected: [WinError 10051] A socket operation was attempted to an unreachable network
2026-02-10 16:30:07,796 [ERROR] Polling thread error: PLC disconnected: [WinError 10051] A socket operation was attempted to an unreachable network
2026-02-10 16:30:08,901 [ERROR] Polling thread error: PLC disconnected: [WinError 10051] A socket operation was attempted to an unreachable network
2026-02-10 16:30:10,004 [ERROR] Polling thread error: PLC disconnected: [WinError 10051] A socket operation was attempted to an unreachable network
2026-02-10 16:30:11,124 [ERROR] Polling thread error: PLC disconnected: [WinError 10051] A socket operation was attempted to an unreachable network
2026-02-10 16:30:12,215 [ERROR] Polling thread error: PLC disconnected: [WinError 10051] A socket operation was attempted to an unreachable network
2026-02-10 16:30:13,322 [ERROR] Polling thread error: PLC disconnected: [WinError 10051] A socket operation was attempted to an unreachable network
2026-02-10 16:30:14,427 [ERROR] Polling thread error: PLC disconnected: [WinError 10051] A socket operation was attempted to an unreachable network
2026-02-10 16:30:15,546 [ERROR] Polling thread error: PLC disconnected: [WinError 10051] A socket operation was attempted to an unreachable network
2026-02-10 16:30:16,657 [ERROR] Polling thread error: PLC disconnected: [WinError 10051] A socket operation was attempted to an unreachable network
2026-02-10 16:30:17,762 [ERROR] Polling thread error: PLC disconnected: [WinError 10051] A socket operation was attempted to an unreachable network
2026-02-10 16:30:18,863 [ERROR] Polling thread error: PLC disconnected: [WinError 10051] A socket operation was attempted to an unreachable network
2026-02-10 16:30:19,953 [ERROR] Polling thread error: PLC disconnected: [WinError 10051] A socket operation was attempted to an unreachable network
2026-02-10 16:30:21,040 [ERROR] Polling thread error: PLC disconnected: [WinError 10051] A socket operation was attempted to an unreachable network
2026-02-10 16:30:22,136 [ERROR] Polling thread error: PLC disconnected: [WinError 10051] A socket operation was attempted to an unreachable network
2026-02-10 16:30:23,225 [ERROR] Polling thread error: PLC disconnected: [WinError 10051] A socket operation was attempted to an unreachable network
2026-02-10 16:30:24,304 [ERROR] Polling thread error: PLC disconnected: [WinError 10051] A socket operation was attempted to an unreachable network
2026-02-10 16:30:25,391 [ERROR] Polling thread error: PLC disconnected: [WinError 10051] A socket operation was attempted to an unreachable network
2026-02-10 16:30:26,481 [ERROR] Polling thread error: PLC disconnected: [WinError 10051] A socket operation was attempted to an unreachable network
2026-02-10 16:30:27,573 [ERROR] Polling thread error: PLC disconnected: [WinError 10051] A socket operation was attempted to an unreachable network
2026-02-10 16:30:28,677 [ERROR] Polling thread error: PLC disconnected: [WinError 10051] A socket operation was attempted to an unreachable network
2026-02-10 16:30:29,782 [ERROR] Polling thread error: PLC disconnected: [WinError 10051] A socket operation was attempted to an unreachable network
2026-02-10 16:30:30,889 [ERROR] Polling thread error: PLC disconnected: [WinError 10051] A socket operation was attempted to an unreachable network
2026-02-10 16:30:31,991 [ERROR] Polling thread error: PLC disconnected: [WinError 10051] A socket operation was attempted to an unreachable network
2026-02-10 16:30:33,086 [ERROR] Polling thread error: PLC disconnected: [WinError 10051] A socket operation was attempted to an unreachable network
2026-02-10 16:30:34,171 [ERROR] Polling thread error: PLC disconnected: [WinError 10051] A socket operation was attempted to an unreachable network
2026-02-10 16:30:35,272 [ERROR] Polling thread error: PLC disconnected: [WinError 10051] A socket operation was attempted to an unreachable network
2026-02-10 16:30:36,377 [ERROR] Polling thread error: PLC disconnected: [WinError 10051] A socket operation was attempted to an unreachable network
2026-02-10 16:30:37,477 [ERROR] Polling thread error: PLC disconnected: [WinError 10051] A socket operation was attempted to an unreachable network
2026-02-10 16:30:38,578 [ERROR] Polling thread error: PLC disconnected: [WinError 10051] A socket operation was attempted to an unreachable network
2026-02-10 16:30:39,668 [ERROR] Polling thread error: PLC disconnected: [WinError 10051] A socket operation was attempted to an unreachable network
2026-02-10 16:30:40,756 [ERROR] Polling thread error: PLC disconnected: [WinError 10051] A socket operation was attempted to an unreachable network
2026-02-10 16:30:41,869 [ERROR] Polling thread error: PLC disconnected: [WinError 10051] A socket operation was attempted to an unreachable network
2026-02-10 16:30:42,970 [ERROR] Polling thread error: PLC disconnected: [WinError 10051] A socket operation was attempted to an unreachable network
2026-02-10 16:30:44,091 [ERROR] Polling thread error: PLC disconnected: [WinError 10051] A socket operation was attempted to an unreachable network
2026-02-10 16:30:45,181 [ERROR] Polling thread error: PLC disconnected: [WinError 10051] A socket operation was attempted to an unreachable network
2026-02-10 16:30:46,270 [ERROR] Polling thread error: PLC disconnected: [WinError 10051] A socket operation was attempted to an unreachable network
2026-02-10 16:30:47,386 [ERROR] Polling thread error: PLC disconnected: [WinError 10051] A socket operation was attempted to an unreachable network
2026-02-10 16:30:48,473 [ERROR] Polling thread error: PLC disconnected: [WinError 10051] A socket operation was attempted to an unreachable network
2026-02-10 16:30:49,563 [ERROR] Polling thread error: PLC disconnected: [WinError 10051] A socket operation was attempted to an unreachable network
2026-02-10 16:30:50,655 [ERROR] Polling thread error: PLC disconnected: [WinError 10051] A socket operation was attempted to an unreachable network
2026-02-10 16:30:51,739 [ERROR] Polling thread error: PLC disconnected: [WinError 10051] A socket operation was attempted to an unreachable network
2026-02-10 16:30:52,824 [ERROR] Polling thread error: PLC disconnected: [WinError 10051] A socket operation was attempted to an unreachable network
2026-02-10 16:30:53,916 [ERROR] Polling thread error: PLC disconnected: [WinError 10051] A socket operation was attempted to an unreachable network
2026-02-10 16:30:55,021 [ERROR] Polling thread error: PLC disconnected: [WinError 10051] A socket operation was attempted to an unreachable network
2026-02-10 16:30:56,116 [ERROR] Polling thread error: PLC disconnected: [WinError 10051] A socket operation was attempted to an unreachable network
2026-02-10 16:30:57,213 [ERROR] Polling thread error: PLC disconnected: [WinError 10051] A socket operation was attempted to an unreachable network
2026-02-10 16:30:58,322 [ERROR] Polling thread error: PLC disconnected: [WinError 10051] A socket operation was attempted to an unreachable network
2026-02-10 16:30:59,433 [ERROR] Polling thread error: PLC disconnected: [WinError 10051] A socket operation was attempted to an unreachable network
2026-02-10 16:31:00,518 [ERROR] Polling thread error: PLC disconnected: [WinError 10051] A socket operation was attempted to an unreachable network
2026-02-10 16:31:01,650 [ERROR] Polling thread error: PLC disconnected: [WinError 10051] A socket operation was attempted to an unreachable network
2026-02-10 16:31:02,747 [ERROR] Polling thread error: PLC disconnected: [WinError 10051] A socket operation was attempted to an unreachable network
2026-02-10 16:31:03,859 [ERROR] Polling thread error: PLC disconnected: [WinError 10051] A socket operation was attempted to an unreachable network
2026-02-10 16:31:04,958 [ERROR] Polling thread error: PLC disconnected: [WinError 10051] A socket operation was attempted to an unreachable network
2026-02-10 16:31:06,060 [ERROR] Polling thread error: PLC disconnected: [WinError 10051] A socket operation was attempted to an unreachable network
2026-02-10 16:31:07,150 [ERROR] Polling thread error: PLC disconnected: [WinError 10051] A socket operation was attempted to an unreachable network
2026-02-10 16:31:08,243 [ERROR] Polling thread error: PLC disconnected: [WinError 10051] A socket operation was attempted to an unreachable network
2026-02-10 16:31:09,346 [ERROR] Polling thread error: PLC disconnected: [WinError 10051] A socket operation was attempted to an unreachable network
2026-02-10 16:31:10,445 [ERROR] Polling thread error: PLC disconnected: [WinError 10051] A socket operation was attempted to an unreachable network
2026-02-10 16:31:11,538 [ERROR] Polling thread error: PLC disconnected: [WinError 10051] A socket operation was attempted to an unreachable network
2026-02-10 16:31:12,631 [ERROR] Polling thread error: PLC disconnected: [WinError 10051] A socket operation was attempted to an unreachable network
2026-02-10 16:31:13,731 [ERROR] Polling thread error: PLC disconnected: [WinError 10051] A socket operation was attempted to an unreachable network
2026-02-10 16:31:14,822 [ERROR] Polling thread error: PLC disconnected: [WinError 10051] A socket operation was attempted to an unreachable network
2026-02-10 16:31:15,930 [ERROR] Polling thread error: PLC disconnected: [WinError 10051] A socket operation was attempted to an unreachable network
2026-02-10 16:31:17,015 [ERROR] Polling thread error: PLC disconnected: [WinError 10051] A socket operation was attempted to an unreachable network
2026-02-10 16:31:18,116 [ERROR] Polling thread error: PLC disconnected: [WinError 10051] A socket operation was attempted to an unreachable network
2026-02-10 16:31:19,219 [ERROR] Polling thread error: PLC disconnected: [WinError 10051] A socket operation was attempted to an unreachable network
2026-02-10 16:31:20,326 [ERROR] Polling thread error: PLC disconnected: [WinError 10051] A socket operation was attempted to an unreachable network
2026-02-10 16:31:21,423 [ERROR] Polling thread error: PLC disconnected: [WinError 10051] A socket operation was attempted to an unreachable network
2026-02-10 16:31:22,534 [ERROR] Polling thread error: PLC disconnected: [WinError 10051] A socket operation was attempted to an unreachable network
2026-02-10 16:31:23,622 [ERROR] Polling thread error: PLC disconnected: [WinError 10051] A socket operation was attempted to an unreachable network
2026-02-10 16:31:24,729 [ERROR] Polling thread error: PLC disconnected: [WinError 10051] A socket operation was attempted to an unreachable network
2026-02-10 16:31:25,828 [ERROR] Polling thread error: PLC disconnected: [WinError 10051] A socket operation was attempted to an unreachable network
2026-02-10 16:31:26,914 [ERROR] Polling thread error: PLC disconnected: [WinError 10051] A socket operation was attempted to an unreachable network
2026-02-10 16:31:28,003 [ERROR] Polling thread error: PLC disconnected: [WinError 10051] A socket operation was attempted to an unreachable network
2026-02-10 16:31:29,102 [ERROR] Polling thread error: PLC disconnected: [WinError 10051] A socket operation was attempted to an unreachable network
2026-02-10 16:31:30,204 [ERROR] Polling thread error: PLC disconnected: [WinError 10051] A socket operation was attempted to an unreachable network
2026-02-10 16:31:31,312 [ERROR] Polling thread error: PLC disconnected: [WinError 10051] A socket operation was attempted to an unreachable network
2026-02-10 16:31:32,431 [ERROR] Polling thread error: PLC disconnected: [WinError 10051] A socket operation was attempted to an unreachable network
2026-02-10 16:31:33,522 [ERROR] Polling thread error: PLC disconnected: [WinError 10051] A socket operation was attempted to an unreachable network
2026-02-10 16:31:34,609 [ERROR] Polling thread error: PLC disconnected: [WinError 10051] A socket operation was attempted to an unreachable network
2026-02-10 16:31:35,711 [ERROR] Polling thread error: PLC disconnected: [WinError 10051] A socket operation was attempted to an unreachable network
2026-02-10 16:31:36,819 [ERROR] Polling thread error: PLC disconnected: [WinError 10051] A socket operation was attempted to an unreachable network
2026-02-10 16:31:37,933 [ERROR] Polling thread error: PLC disconnected: [WinError 10051] A socket operation was attempted to an unreachable network
2026-02-10 16:31:39,040 [ERROR] Polling thread error: PLC disconnected: [WinError 10051] A socket operation was attempted to an unreachable network
2026-02-10 16:31:40,128 [ERROR] Polling thread error: PLC disconnected: [WinError 10051] A socket operation was attempted to an unreachable network
2026-02-10 16:31:41,221 [ERROR] Polling thread error: PLC disconnected: [WinError 10051] A socket operation was attempted to an unreachable network
2026-02-10 16:31:42,314 [ERROR] Polling thread error: PLC disconnected: [WinError 10051] A socket operation was attempted to an unreachable network
2026-02-10 16:31:43,416 [ERROR] Polling thread error: PLC disconnected: [WinError 10051] A socket operation was attempted to an unreachable network
2026-02-10 16:31:44,528 [ERROR] Polling thread error: PLC disconnected: [WinError 10051] A socket operation was attempted to an unreachable network
2026-02-10 16:31:45,637 [ERROR] Polling thread error: PLC disconnected: [WinError 10051] A socket operation was attempted to an unreachable network
2026-02-10 16:31:46,727 [ERROR] Polling thread error: PLC disconnected: [WinError 10051] A socket operation was attempted to an unreachable network
2026-02-10 16:31:47,844 [ERROR] Polling thread error: PLC disconnected: [WinError 10051] A socket operation was attempted to an unreachable network
2026-02-10 16:31:48,947 [ERROR] Polling thread error: PLC disconnected: [WinError 10051] A socket operation was attempted to an unreachable network
2026-02-10 16:31:50,037 [ERROR] Polling thread error: PLC disconnected: [WinError 10051] A socket operation was attempted to an unreachable network
2026-02-10 16:31:51,147 [ERROR] Polling thread error: PLC disconnected: [WinError 10051] A socket operation was attempted to an unreachable network
2026-02-10 16:31:52,233 [ERROR] Polling thread error: PLC disconnected: [WinError 10051] A socket operation was attempted to an unreachable network
2026-02-10 16:31:53,327 [ERROR] Polling thread error: PLC disconnected: [WinError 10051] A socket operation was attempted to an unreachable network
2026-02-10 16:31:54,428 [ERROR] Polling thread error: PLC disconnected: [WinError 10051] A socket operation was attempted to an unreachable network
2026-02-10 16:31:55,529 [ERROR] Polling thread error: PLC disconnected: [WinError 10051] A socket operation was attempted to an unreachable network
2026-02-10 16:31:56,626 [ERROR] Polling thread error: PLC disconnected: [WinError 10051] A socket operation was attempted to an unreachable network
2026-02-10 16:31:57,710 [ERROR] Polling thread error: PLC disconnected: [WinError 10051] A socket operation was attempted to an unreachable network
2026-02-10 16:31:58,822 [ERROR] Polling thread error: PLC disconnected: [WinError 10051] A socket operation was attempted to an unreachable network
2026-02-10 16:31:59,911 [ERROR] Polling thread error: PLC disconnected: [WinError 10051] A socket operation was attempted to an unreachable network
2026-02-10 16:32:00,997 [ERROR] Polling thread error: PLC disconnected: [WinError 10051] A socket operation was attempted to an unreachable network
2026-02-10 16:32:02,089 [ERROR] Polling thread error: PLC disconnected: [WinError 10051] A socket operation was attempted to an unreachable network
2026-02-10 16:32:03,178 [ERROR] Polling thread error: PLC disconnected: [WinError 10051] A socket operation was attempted to an unreachable network
2026-02-10 16:32:04,267 [ERROR] Polling thread error: PLC disconnected: [WinError 10051] A socket operation was attempted to an unreachable network
2026-02-10 16:32:05,355 [ERROR] Polling thread error: PLC disconnected: [WinError 10051] A socket operation was attempted to an unreachable network
2026-02-10 16:32:06,456 [ERROR] Polling thread error: PLC disconnected: [WinError 10051] A socket operation was attempted to an unreachable network
2026-02-10 16:32:07,564 [ERROR] Polling thread error: PLC disconnected: [WinError 10051] A socket operation was attempted to an unreachable network
2026-02-10 16:32:08,655 [ERROR] Polling thread error: PLC disconnected: [WinError 10051] A socket operation was attempted to an unreachable network
2026-02-10 16:32:09,761 [ERROR] Polling thread error: PLC disconnected: [WinError 10051] A socket operation was attempted to an unreachable network
2026-02-10 16:32:10,863 [ERROR] Polling thread error: PLC disconnected: [WinError 10051] A socket operation was attempted to an unreachable network
2026-02-10 16:32:11,970 [ERROR] Polling thread error: PLC disconnected: [WinError 10051] A socket operation was attempted to an unreachable network
2026-02-10 16:32:13,059 [ERROR] Polling thread error: PLC disconnected: [WinError 10051] A socket operation was attempted to an unreachable network
2026-02-10 16:32:14,159 [ERROR] Polling thread error: PLC disconnected: [WinError 10051] A socket operation was attempted to an unreachable network
2026-02-10 16:32:15,237 [ERROR] Polling thread error: PLC disconnected: [WinError 10051] A socket operation was attempted to an unreachable network
2026-02-10 16:32:16,316 [ERROR] Polling thread error: PLC disconnected: [WinError 10051] A socket operation was attempted to an unreachable network
2026-02-10 16:32:17,406 [ERROR] Polling thread error: PLC disconnected: [WinError 10051] A socket operation was attempted to an unreachable network
2026-02-10 16:32:18,497 [ERROR] Polling thread error: PLC disconnected: [WinError 10051] A socket operation was attempted to an unreachable network
2026-02-10 16:32:19,582 [ERROR] Polling thread error: PLC disconnected: [WinError 10051] A socket operation was attempted to an unreachable network
2026-02-10 16:32:20,684 [ERROR] Polling thread error: PLC disconnected: [WinError 10051] A socket operation was attempted to an unreachable network
2026-02-10 16:32:21,771 [ERROR] Polling thread error: PLC disconnected: [WinError 10051] A socket operation was attempted to an unreachable network
2026-02-10 16:32:22,874 [ERROR] Polling thread error: PLC disconnected: [WinError 10051] A socket operation was attempted to an unreachable network
2026-02-10 16:32:23,960 [ERROR] Polling thread error: PLC disconnected: [WinError 10051] A socket operation was attempted to an unreachable network
2026-02-10 16:32:25,055 [ERROR] Polling thread error: PLC disconnected: [WinError 10051] A socket operation was attempted to an unreachable network
2026-02-10 16:32:26,156 [ERROR] Polling thread error: PLC disconnected: [WinError 10051] A socket operation was attempted to an unreachable network
2026-02-10 16:32:27,238 [ERROR] Polling thread error: PLC disconnected: [WinError 10051] A socket operation was attempted to an unreachable network
2026-02-10 16:32:28,339 [ERROR] Polling thread error: PLC disconnected: [WinError 10051] A socket operation was attempted to an unreachable network
2026-02-10 16:32:29,439 [ERROR] Polling thread error: PLC disconnected: [WinError 10051] A socket operation was attempted to an unreachable network
2026-02-10 16:32:30,518 [ERROR] Polling thread error: PLC disconnected: [WinError 10051] A socket operation was attempted to an unreachable network
2026-02-10 16:32:31,608 [ERROR] Polling thread error: PLC disconnected: [WinError 10051] A socket operation was attempted to an unreachable network
2026-02-10 16:32:32,697 [ERROR] Polling thread error: PLC disconnected: [WinError 10051] A socket operation was attempted to an unreachable network
2026-02-10 16:32:33,778 [ERROR] Polling thread error: PLC disconnected: [WinError 10051] A socket operation was attempted to an unreachable network
2026-02-10 16:32:34,868 [ERROR] Polling thread error: PLC disconnected: [WinError 10051] A socket operation was attempted to an unreachable network
2026-02-10 16:32:35,959 [ERROR] Polling thread error: PLC disconnected: [WinError 10051] A socket operation was attempted to an unreachable network
2026-02-10 16:32:37,050 [ERROR] Polling thread error: PLC disconnected: [WinError 10051] A socket operation was attempted to an unreachable network
2026-02-10 16:32:38,139 [ERROR] Polling thread error: PLC disconnected: [WinError 10051] A socket operation was attempted to an unreachable network
2026-02-10 16:32:39,221 [ERROR] Polling thread error: PLC disconnected: [WinError 10051] A socket operation was attempted to an unreachable network
2026-02-10 16:32:40,311 [ERROR] Polling thread error: PLC disconnected: [WinError 10051] A socket operation was attempted to an unreachable network
2026-02-10 16:32:41,400 [ERROR] Polling thread error: PLC disconnected: [WinError 10051] A socket operation was attempted to an unreachable network
2026-02-10 16:32:42,489 [ERROR] Polling thread error: PLC disconnected: [WinError 10051] A socket operation was attempted to an unreachable network
2026-02-10 16:32:43,568 [ERROR] Polling thread error: PLC disconnected: [WinError 10051] A socket operation was attempted to an unreachable network
2026-02-10 16:32:44,656 [ERROR] Polling thread error: PLC disconnected: [WinError 10051] A socket operation was attempted to an unreachable network
2026-02-10 16:32:45,745 [ERROR] Polling thread error: PLC disconnected: [WinError 10051] A socket operation was attempted to an unreachable network
2026-02-10 16:32:46,828 [ERROR] Polling thread error: PLC disconnected: [WinError 10051] A socket operation was attempted to an unreachable network
2026-02-10 16:32:47,918 [ERROR] Polling thread error: PLC disconnected: [WinError 10051] A socket operation was attempted to an unreachable network
2026-02-10 16:32:48,998 [ERROR] Polling thread error: PLC disconnected: [WinError 10051] A socket operation was attempted to an unreachable network
2026-02-10 16:32:50,086 [ERROR] Polling thread error: PLC disconnected: [WinError 10051] A socket operation was attempted to an unreachable network
2026-02-10 16:32:51,168 [ERROR] Polling thread error: PLC disconnected: [WinError 10051] A socket operation was attempted to an unreachable network
2026-02-10 16:32:52,247 [ERROR] Polling thread error: PLC disconnected: [WinError 10051] A socket operation was attempted to an unreachable network
2026-02-10 16:32:53,329 [ERROR] Polling thread error: PLC disconnected: [WinError 10051] A socket operation was attempted to an unreachable network
2026-02-10 16:32:54,434 [ERROR] Polling thread error: PLC disconnected: [WinError 10051] A socket operation was attempted to an unreachable network
2026-02-10 16:32:55,523 [ERROR] Polling thread error: PLC disconnected: [WinError 10051] A socket operation was attempted to an unreachable network
2026-02-10 16:32:56,625 [ERROR] Polling thread error: PLC disconnected: [WinError 10051] A socket operation was attempted to an unreachable network
2026-02-10 16:32:57,731 [ERROR] Polling thread error: PLC disconnected: [WinError 10051] A socket operation was attempted to an unreachable network
2026-02-10 16:32:58,837 [ERROR] Polling thread error: PLC disconnected: [WinError 10051] A socket operation was attempted to an unreachable network
2026-02-10 16:32:59,943 [ERROR] Polling thread error: PLC disconnected: [WinError 10051] A socket operation was attempted to an unreachable network
2026-02-10 16:33:01,034 [ERROR] Polling thread error: PLC disconnected: [WinError 10051] A socket operation was attempted to an unreachable network
2026-02-10 16:33:02,122 [ERROR] Polling thread error: PLC disconnected: [WinError 10051] A socket operation was attempted to an unreachable network
2026-02-10 16:33:03,224 [ERROR] Polling thread error: PLC disconnected: [WinError 10051] A socket operation was attempted to an unreachable network
2026-02-10 16:33:04,317 [ERROR] Polling thread error: PLC disconnected: [WinError 10051] A socket operation was attempted to an unreachable network
2026-02-10 16:33:05,415 [ERROR] Polling thread error: PLC disconnected: [WinError 10051] A socket operation was attempted to an unreachable network
2026-02-10 16:33:06,518 [ERROR] Polling thread error: PLC disconnected: [WinError 10051] A socket operation was attempted to an unreachable network
2026-02-10 16:33:07,608 [ERROR] Polling thread error: PLC disconnected: [WinError 10051] A socket operation was attempted to an unreachable network
2026-02-10 16:33:08,708 [ERROR] Polling thread error: PLC disconnected: [WinError 10051] A socket operation was attempted to an unreachable network
2026-02-10 16:33:09,799 [ERROR] Polling thread error: PLC disconnected: [WinError 10051] A socket operation was attempted to an unreachable network
2026-02-10 16:33:10,893 [ERROR] Polling thread error: PLC disconnected: [WinError 10051] A socket operation was attempted to an unreachable network
2026-02-10 16:33:11,980 [ERROR] Polling thread error: PLC disconnected: [WinError 10051] A socket operation was attempted to an unreachable network
2026-02-10 16:33:13,081 [ERROR] Polling thread error: PLC disconnected: [WinError 10051] A socket operation was attempted to an unreachable network
2026-02-10 16:33:14,169 [ERROR] Polling thread error: PLC disconnected: [WinError 10051] A socket operation was attempted to an unreachable network
2026-02-10 16:33:15,273 [ERROR] Polling thread error: PLC disconnected: [WinError 10051] A socket operation was attempted to an unreachable network
2026-02-10 16:33:16,377 [ERROR] Polling thread error: PLC disconnected: [WinError 10051] A socket operation was attempted to an unreachable network
2026-02-10 16:33:17,488 [ERROR] Polling thread error: PLC disconnected: [WinError 10051] A socket operation was attempted to an unreachable network
2026-02-10 16:33:18,593 [ERROR] Polling thread error: PLC disconnected: [WinError 10051] A socket operation was attempted to an unreachable network
2026-02-10 16:33:19,699 [ERROR] Polling thread error: PLC disconnected: [WinError 10051] A socket operation was attempted to an unreachable network
2026-02-10 16:33:20,786 [ERROR] Polling thread error: PLC disconnected: [WinError 10051] A socket operation was attempted to an unreachable network
2026-02-10 16:33:21,897 [ERROR] Polling thread error: PLC disconnected: [WinError 10051] A socket operation was attempted to an unreachable network
2026-02-10 16:33:23,013 [ERROR] Polling thread error: PLC disconnected: [WinError 10051] A socket operation was attempted to an unreachable network
2026-02-10 16:33:24,106 [ERROR] Polling thread error: PLC disconnected: [WinError 10051] A socket operation was attempted to an unreachable network
2026-02-10 16:33:25,211 [ERROR] Polling thread error: PLC disconnected: [WinError 10051] A socket operation was attempted to an unreachable network
2026-02-10 16:33:26,298 [ERROR] Polling thread error: PLC disconnected: [WinError 10051] A socket operation was attempted to an unreachable network
2026-02-10 16:33:27,403 [ERROR] Polling thread error: PLC disconnected: [WinError 10051] A socket operation was attempted to an unreachable network
2026-02-10 16:33:28,492 [ERROR] Polling thread error: PLC disconnected: [WinError 10051] A socket operation was attempted to an unreachable network
2026-02-10 16:33:29,576 [ERROR] Polling thread error: PLC disconnected: [WinError 10051] A socket operation was attempted to an unreachable network
2026-02-10 16:33:30,669 [ERROR] Polling thread error: PLC disconnected: [WinError 10051] A socket operation was attempted to an unreachable network
2026-02-10 16:33:31,773 [ERROR] Polling thread error: PLC disconnected: [WinError 10051] A socket operation was attempted to an unreachable network
2026-02-10 16:33:32,859 [ERROR] Polling thread error: PLC disconnected: [WinError 10051] A socket operation was attempted to an unreachable network
2026-02-10 16:33:33,945 [ERROR] Polling thread error: PLC disconnected: [WinError 10051] A socket operation was attempted to an unreachable network
2026-02-10 16:33:35,037 [ERROR] Polling thread error: PLC disconnected: [WinError 10051] A socket operation was attempted to an unreachable network
2026-02-10 16:33:36,130 [ERROR] Polling thread error: PLC disconnected: [WinError 10051] A socket operation was attempted to an unreachable network
2026-02-10 16:33:37,214 [ERROR] Polling thread error: PLC disconnected: [WinError 10051] A socket operation was attempted to an unreachable network
2026-02-10 16:33:38,326 [ERROR] Polling thread error: PLC disconnected: [WinError 10051] A socket operation was attempted to an unreachable network
2026-02-10 16:33:39,411 [ERROR] Polling thread error: PLC disconnected: [WinError 10051] A socket operation was attempted to an unreachable network
2026-02-10 16:33:40,499 [ERROR] Polling thread error: PLC disconnected: [WinError 10051] A socket operation was attempted to an unreachable network
2026-02-10 16:33:41,585 [ERROR] Polling thread error: PLC disconnected: [WinError 10051] A socket operation was attempted to an unreachable network
2026-02-10 16:33:42,690 [ERROR] Polling thread error: PLC disconnected: [WinError 10051] A socket operation was attempted to an unreachable network
2026-02-10 16:33:43,783 [ERROR] Polling thread error: PLC disconnected: [WinError 10051] A socket operation was attempted to an unreachable network
2026-02-10 16:33:44,889 [ERROR] Polling thread error: PLC disconnected: [WinError 10051] A socket operation was attempted to an unreachable network
2026-02-10 16:33:45,979 [ERROR] Polling thread error: PLC disconnected: [WinError 10051] A socket operation was attempted to an unreachable network
2026-02-10 16:33:47,084 [ERROR] Polling thread error: PLC disconnected: [WinError 10051] A socket operation was attempted to an unreachable network
2026-02-10 16:33:48,192 [ERROR] Polling thread error: PLC disconnected: [WinError 10051] A socket operation was attempted to an unreachable network
2026-02-10 16:33:49,299 [ERROR] Polling thread error: PLC disconnected: [WinError 10051] A socket operation was attempted to an unreachable network
2026-02-10 16:33:50,388 [ERROR] Polling thread error: PLC disconnected: [WinError 10051] A socket operation was attempted to an unreachable network
2026-02-10 16:33:51,472 [ERROR] Polling thread error: PLC disconnected: [WinError 10051] A socket operation was attempted to an unreachable network
2026-02-10 16:33:52,574 [ERROR] Polling thread error: PLC disconnected: [WinError 10051] A socket operation was attempted to an unreachable network
2026-02-10 16:33:53,692 [ERROR] Polling thread error: PLC disconnected: [WinError 10051] A socket operation was attempted to an unreachable network
2026-02-10 16:33:54,799 [ERROR] Polling thread error: PLC disconnected: [WinError 10051] A socket operation was attempted to an unreachable network
2026-02-10 16:33:55,905 [ERROR] Polling thread error: PLC disconnected: [WinError 10051] A socket operation was attempted to an unreachable network
2026-02-10 16:33:57,001 [ERROR] Polling thread error: PLC disconnected: [WinError 10051] A socket operation was attempted to an unreachable network
2026-02-10 16:33:58,100 [ERROR] Polling thread error: PLC disconnected: [WinError 10051] A socket operation was attempted to an unreachable network
2026-02-10 16:33:59,189 [ERROR] Polling thread error: PLC disconnected: [WinError 10051] A socket operation was attempted to an unreachable network
2026-02-10 16:34:00,275 [ERROR] Polling thread error: PLC disconnected: [WinError 10051] A socket operation was attempted to an unreachable network
2026-02-10 16:34:01,367 [ERROR] Polling thread error: PLC disconnected: [WinError 10051] A socket operation was attempted to an unreachable network
2026-02-10 16:34:02,465 [ERROR] Polling thread error: PLC disconnected: [WinError 10051] A socket operation was attempted to an unreachable network
2026-02-10 16:34:03,557 [ERROR] Polling thread error: PLC disconnected: [WinError 10051] A socket operation was attempted to an unreachable network
2026-02-10 16:34:04,655 [ERROR] Polling thread error: PLC disconnected: [WinError 10051] A socket operation was attempted to an unreachable network
2026-02-10 16:34:05,762 [ERROR] Polling thread error: PLC disconnected: [WinError 10051] A socket operation was attempted to an unreachable network
2026-02-10 16:34:06,870 [ERROR] Polling thread error: PLC disconnected: [WinError 10051] A socket operation was attempted to an unreachable network
2026-02-10 16:34:07,972 [ERROR] Polling thread error: PLC disconnected: [WinError 10051] A socket operation was attempted to an unreachable network
2026-02-10 16:34:09,089 [ERROR] Polling thread error: PLC disconnected: [WinError 10051] A socket operation was attempted to an unreachable network
2026-02-10 16:34:10,188 [ERROR] Polling thread error: PLC disconnected: [WinError 10051] A socket operation was attempted to an unreachable network
2026-02-10 16:34:11,274 [ERROR] Polling thread error: PLC disconnected: [WinError 10051] A socket operation was attempted to an unreachable network
2026-02-10 16:34:12,374 [ERROR] Polling thread error: PLC disconnected: [WinError 10051] A socket operation was attempted to an unreachable network
2026-02-10 16:34:13,468 [ERROR] Polling thread error: PLC disconnected: [WinError 10051] A socket operation was attempted to an unreachable network
2026-02-10 16:34:14,577 [ERROR] Polling thread error: PLC disconnected: [WinError 10051] A socket operation was attempted to an unreachable network
2026-02-10 16:34:15,681 [ERROR] Polling thread error: PLC disconnected: [WinError 10051] A socket operation was attempted to an unreachable network
2026-02-10 16:34:16,798 [ERROR] Polling thread error: PLC disconnected: [WinError 10051] A socket operation was attempted to an unreachable network
2026-02-10 16:34:17,900 [ERROR] Polling thread error: PLC disconnected: [WinError 10051] A socket operation was attempted to an unreachable network
2026-02-10 16:34:19,005 [ERROR] Polling thread error: PLC disconnected: [WinError 10051] A socket operation was attempted to an unreachable network
2026-02-10 16:34:20,110 [ERROR] Polling thread error: PLC disconnected: [WinError 10051] A socket operation was attempted to an unreachable network
2026-02-10 16:34:21,201 [ERROR] Polling thread error: PLC disconnected: [WinError 10051] A socket operation was attempted to an unreachable network
2026-02-10 16:34:22,290 [ERROR] Polling thread error: PLC disconnected: [WinError 10051] A socket operation was attempted to an unreachable network
2026-02-10 16:34:23,397 [ERROR] Polling thread error: PLC disconnected: [WinError 10051] A socket operation was attempted to an unreachable network
2026-02-10 16:34:24,491 [ERROR] Polling thread error: PLC disconnected: [WinError 10051] A socket operation was attempted to an unreachable network
2026-02-10 16:34:25,596 [ERROR] Polling thread error: PLC disconnected: [WinError 10051] A socket operation was attempted to an unreachable network
2026-02-10 16:34:26,701 [ERROR] Polling thread error: PLC disconnected: [WinError 10051] A socket operation was attempted to an unreachable network
2026-02-10 16:34:27,807 [ERROR] Polling thread error: PLC disconnected: [WinError 10051] A socket operation was attempted to an unreachable network
2026-02-10 16:34:28,907 [ERROR] Polling thread error: PLC disconnected: [WinError 10051] A socket operation was attempted to an unreachable network
2026-02-10 16:34:30,007 [ERROR] Polling thread error: PLC disconnected: [WinError 10051] A socket operation was attempted to an unreachable network
2026-02-10 16:34:31,113 [ERROR] Polling thread error: PLC disconnected: [WinError 10051] A socket operation was attempted to an unreachable network
2026-02-10 16:34:32,196 [ERROR] Polling thread error: PLC disconnected: [WinError 10051] A socket operation was attempted to an unreachable network
2026-02-10 16:34:33,290 [ERROR] Polling thread error: PLC disconnected: [WinError 10051] A socket operation was attempted to an unreachable network
2026-02-10 16:34:34,393 [ERROR] Polling thread error: PLC disconnected: [WinError 10051] A socket operation was attempted to an unreachable network
2026-02-10 16:34:35,496 [ERROR] Polling thread error: PLC disconnected: [WinError 10051] A socket operation was attempted to an unreachable network
2026-02-10 16:34:36,597 [ERROR] Polling thread error: PLC disconnected: [WinError 10051] A socket operation was attempted to an unreachable network
2026-02-10 16:34:37,688 [ERROR] Polling thread error: PLC disconnected: [WinError 10051] A socket operation was attempted to an unreachable network
2026-02-10 16:34:38,771 [ERROR] Polling thread error: PLC disconnected: [WinError 10051] A socket operation was attempted to an unreachable network
2026-02-10 16:34:39,876 [ERROR] Polling thread error: PLC disconnected: [WinError 10051] A socket operation was attempted to an unreachable network
2026-02-10 16:34:40,980 [ERROR] Polling thread error: PLC disconnected: [WinError 10051] A socket operation was attempted to an unreachable network
2026-02-10 16:34:42,087 [ERROR] Polling thread error: PLC disconnected: [WinError 10051] A socket operation was attempted to an unreachable network
2026-02-10 16:34:43,194 [ERROR] Polling thread error: PLC disconnected: [WinError 10051] A socket operation was attempted to an unreachable network
2026-02-10 16:34:44,282 [ERROR] Polling thread error: PLC disconnected: [WinError 10051] A socket operation was attempted to an unreachable network
2026-02-10 16:34:45,375 [ERROR] Polling thread error: PLC disconnected: [WinError 10051] A socket operation was attempted to an unreachable network
2026-02-10 16:34:46,475 [ERROR] Polling thread error: PLC disconnected: [WinError 10051] A socket operation was attempted to an unreachable network
2026-02-10 16:34:47,599 [ERROR] Polling thread error: PLC disconnected: [WinError 10051] A socket operation was attempted to an unreachable network
2026-02-10 16:34:48,695 [ERROR] Polling thread error: PLC disconnected: [WinError 10051] A socket operation was attempted to an unreachable network
2026-02-10 16:34:49,798 [ERROR] Polling thread error: PLC disconnected: [WinError 10051] A socket operation was attempted to an unreachable network
2026-02-10 16:34:50,889 [ERROR] Polling thread error: PLC disconnected: [WinError 10051] A socket operation was attempted to an unreachable network
2026-02-10 16:34:51,991 [ERROR] Polling thread error: PLC disconnected: [WinError 10051] A socket operation was attempted to an unreachable network
2026-02-10 16:34:53,086 [ERROR] Polling thread error: PLC disconnected: [WinError 10051] A socket operation was attempted to an unreachable network
2026-02-10 16:34:54,193 [ERROR] Polling thread error: PLC disconnected: [WinError 10051] A socket operation was attempted to an unreachable network
2026-02-10 16:34:55,287 [ERROR] Polling thread error: PLC disconnected: [WinError 10051] A socket operation was attempted to an unreachable network
2026-02-10 16:34:56,380 [ERROR] Polling thread error: PLC disconnected: [WinError 10051] A socket operation was attempted to an unreachable network
2026-02-10 16:34:57,487 [ERROR] Polling thread error: PLC disconnected: [WinError 10051] A socket operation was attempted to an unreachable network
2026-02-10 16:34:58,574 [ERROR] Polling thread error: PLC disconnected: [WinError 10051] A socket operation was attempted to an unreachable network
2026-02-10 16:34:59,689 [ERROR] Polling thread error: PLC disconnected: [WinError 10051] A socket operation was attempted to an unreachable network
2026-02-10 16:35:00,812 [ERROR] Polling thread error: PLC disconnected: [WinError 10051] A socket operation was attempted to an unreachable network
2026-02-10 16:35:01,905 [ERROR] Polling thread error: PLC disconnected: [WinError 10051] A socket operation was attempted to an unreachable network
2026-02-10 16:35:03,008 [ERROR] Polling thread error: PLC disconnected: [WinError 10051] A socket operation was attempted to an unreachable network
2026-02-10 16:35:04,113 [ERROR] Polling thread error: PLC disconnected: [WinError 10051] A socket operation was attempted to an unreachable network
2026-02-10 16:35:05,222 [ERROR] Polling thread error: PLC disconnected: [WinError 10051] A socket operation was attempted to an unreachable network
2026-02-10 16:35:06,305 [ERROR] Polling thread error: PLC disconnected: [WinError 10051] A socket operation was attempted to an unreachable network
2026-02-10 16:35:07,398 [ERROR] Polling thread error: PLC disconnected: [WinError 10051] A socket operation was attempted to an unreachable network
2026-02-10 16:35:08,504 [ERROR] Polling thread error: PLC disconnected: [WinError 10051] A socket operation was attempted to an unreachable network
2026-02-10 16:35:09,610 [ERROR] Polling thread error: PLC disconnected: [WinError 10051] A socket operation was attempted to an unreachable network
2026-02-10 16:35:10,715 [ERROR] Polling thread error: PLC disconnected: [WinError 10051] A socket operation was attempted to an unreachable network
2026-02-10 16:35:11,819 [ERROR] Polling thread error: PLC disconnected: [WinError 10051] A socket operation was attempted to an unreachable network
2026-02-10 16:35:12,920 [ERROR] Polling thread error: PLC disconnected: [WinError 10051] A socket operation was attempted to an unreachable network
2026-02-10 16:35:14,024 [ERROR] Polling thread error: PLC disconnected: [WinError 10051] A socket operation was attempted to an unreachable network
2026-02-10 16:35:15,121 [ERROR] Polling thread error: PLC disconnected: [WinError 10051] A socket operation was attempted to an unreachable network
2026-02-10 16:35:16,228 [ERROR] Polling thread error: PLC disconnected: [WinError 10051] A socket operation was attempted to an unreachable network
2026-02-10 16:35:17,317 [ERROR] Polling thread error: PLC disconnected: [WinError 10051] A socket operation was attempted to an unreachable network
2026-02-10 16:35:18,421 [ERROR] Polling thread error: PLC disconnected: [WinError 10051] A socket operation was attempted to an unreachable network
2026-02-10 16:35:19,514 [ERROR] Polling thread error: PLC disconnected: [WinError 10051] A socket operation was attempted to an unreachable network
2026-02-10 16:35:20,619 [ERROR] Polling thread error: PLC disconnected: [WinError 10051] A socket operation was attempted to an unreachable network
2026-02-10 16:35:21,713 [ERROR] Polling thread error: PLC disconnected: [WinError 10051] A socket operation was attempted to an unreachable network
2026-02-10 16:35:22,820 [ERROR] Polling thread error: PLC disconnected: [WinError 10051] A socket operation was attempted to an unreachable network
2026-02-10 16:35:23,912 [ERROR] Polling thread error: PLC disconnected: [WinError 10051] A socket operation was attempted to an unreachable network
2026-02-10 16:35:25,000 [ERROR] Polling thread error: PLC disconnected: [WinError 10051] A socket operation was attempted to an unreachable network
2026-02-10 16:35:26,106 [ERROR] Polling thread error: PLC disconnected: [WinError 10051] A socket operation was attempted to an unreachable network
2026-02-10 16:35:27,199 [ERROR] Polling thread error: PLC disconnected: [WinError 10051] A socket operation was attempted to an unreachable network
2026-02-10 16:35:28,292 [ERROR] Polling thread error: PLC disconnected: [WinError 10051] A socket operation was attempted to an unreachable network
2026-02-10 16:35:29,390 [ERROR] Polling thread error: PLC disconnected: [WinError 10051] A socket operation was attempted to an unreachable network
2026-02-10 16:35:30,497 [ERROR] Polling thread error: PLC disconnected: [WinError 10051] A socket operation was attempted to an unreachable network
2026-02-10 16:35:31,590 [ERROR] Polling thread error: PLC disconnected: [WinError 10051] A socket operation was attempted to an unreachable network
2026-02-10 16:35:32,693 [ERROR] Polling thread error: PLC disconnected: [WinError 10051] A socket operation was attempted to an unreachable network
2026-02-10 16:35:33,796 [ERROR] Polling thread error: PLC disconnected: [WinError 10051] A socket operation was attempted to an unreachable network
2026-02-10 16:35:34,900 [ERROR] Polling thread error: PLC disconnected: [WinError 10051] A socket operation was attempted to an unreachable network
2026-02-10 16:35:35,988 [ERROR] Polling thread error: PLC disconnected: [WinError 10051] A socket operation was attempted to an unreachable network
2026-02-10 16:35:37,074 [ERROR] Polling thread error: PLC disconnected: [WinError 10051] A socket operation was attempted to an unreachable network
2026-02-10 16:35:38,177 [ERROR] Polling thread error: PLC disconnected: [WinError 10051] A socket operation was attempted to an unreachable network
2026-02-10 16:35:39,271 [ERROR] Polling thread error: PLC disconnected: [WinError 10051] A socket operation was attempted to an unreachable network
2026-02-10 16:35:40,361 [ERROR] Polling thread error: PLC disconnected: [WinError 10051] A socket operation was attempted to an unreachable network
2026-02-10 16:35:41,467 [ERROR] Polling thread error: PLC disconnected: [WinError 10051] A socket operation was attempted to an unreachable network
2026-02-10 16:35:42,556 [ERROR] Polling thread error: PLC disconnected: [WinError 10051] A socket operation was attempted to an unreachable network
2026-02-10 16:35:43,650 [ERROR] Polling thread error: PLC disconnected: [WinError 10051] A socket operation was attempted to an unreachable network
2026-02-10 16:35:44,757 [ERROR] Polling thread error: PLC disconnected: [WinError 10051] A socket operation was attempted to an unreachable network
2026-02-10 16:35:45,871 [ERROR] Polling thread error: PLC disconnected: [WinError 10051] A socket operation was attempted to an unreachable network
2026-02-10 16:35:46,957 [ERROR] Polling thread error: PLC disconnected: [WinError 10051] A socket operation was attempted to an unreachable network
2026-02-10 16:35:48,064 [ERROR] Polling thread error: PLC disconnected: [WinError 10051] A socket operation was attempted to an unreachable network
2026-02-10 16:35:49,168 [ERROR] Polling thread error: PLC disconnected: [WinError 10051] A socket operation was attempted to an unreachable network
2026-02-10 16:35:50,256 [ERROR] Polling thread error: PLC disconnected: [WinError 10051] A socket operation was attempted to an unreachable network
2026-02-10 16:35:51,361 [ERROR] Polling thread error: PLC disconnected: [WinError 10051] A socket operation was attempted to an unreachable network
2026-02-10 16:35:52,451 [ERROR] Polling thread error: PLC disconnected: [WinError 10051] A socket operation was attempted to an unreachable network
2026-02-10 16:35:53,553 [ERROR] Polling thread error: PLC disconnected: [WinError 10051] A socket operation was attempted to an unreachable network
2026-02-10 16:35:54,657 [ERROR] Polling thread error: PLC disconnected: [WinError 10051] A socket operation was attempted to an unreachable network
2026-02-10 16:35:55,761 [ERROR] Polling thread error: PLC disconnected: [WinError 10051] A socket operation was attempted to an unreachable network
2026-02-10 16:35:56,855 [ERROR] Polling thread error: PLC disconnected: [WinError 10051] A socket operation was attempted to an unreachable network
2026-02-10 16:35:57,961 [ERROR] Polling thread error: PLC disconnected: [WinError 10051] A socket operation was attempted to an unreachable network
2026-02-10 16:35:59,061 [ERROR] Polling thread error: PLC disconnected: [WinError 10051] A socket operation was attempted to an unreachable network
2026-02-10 16:36:00,167 [ERROR] Polling thread error: PLC disconnected: [WinError 10051] A socket operation was attempted to an unreachable network
2026-02-10 16:36:01,273 [ERROR] Polling thread error: PLC disconnected: [WinError 10051] A socket operation was attempted to an unreachable network
2026-02-10 16:36:02,376 [ERROR] Polling thread error: PLC disconnected: [WinError 10051] A socket operation was attempted to an unreachable network
2026-02-10 16:36:03,481 [ERROR] Polling thread error: PLC disconnected: [WinError 10051] A socket operation was attempted to an unreachable network
2026-02-10 16:36:04,585 [ERROR] Polling thread error: PLC disconnected: [WinError 10051] A socket operation was attempted to an unreachable network
2026-02-10 16:36:05,689 [ERROR] Polling thread error: PLC disconnected: [WinError 10051] A socket operation was attempted to an unreachable network
2026-02-10 16:36:06,794 [ERROR] Polling thread error: PLC disconnected: [WinError 10051] A socket operation was attempted to an unreachable network
2026-02-10 16:36:07,888 [ERROR] Polling thread error: PLC disconnected: [WinError 10051] A socket operation was attempted to an unreachable network
2026-02-10 16:36:08,983 [ERROR] Polling thread error: PLC disconnected: [WinError 10051] A socket operation was attempted to an unreachable network
2026-02-10 16:36:10,090 [ERROR] Polling thread error: PLC disconnected: [WinError 10051] A socket operation was attempted to an unreachable network
2026-02-10 16:36:11,197 [ERROR] Polling thread error: PLC disconnected: [WinError 10051] A socket operation was attempted to an unreachable network
2026-02-10 16:36:12,290 [ERROR] Polling thread error: PLC disconnected: [WinError 10051] A socket operation was attempted to an unreachable network
2026-02-10 16:36:13,389 [ERROR] Polling thread error: PLC disconnected: [WinError 10051] A socket operation was attempted to an unreachable network
2026-02-10 16:36:14,478 [ERROR] Polling thread error: PLC disconnected: [WinError 10051] A socket operation was attempted to an unreachable network
2026-02-10 16:36:15,570 [ERROR] Polling thread error: PLC disconnected: [WinError 10051] A socket operation was attempted to an unreachable network
2026-02-10 16:36:16,656 [ERROR] Polling thread error: PLC disconnected: [WinError 10051] A socket operation was attempted to an unreachable network
2026-02-10 16:36:17,750 [ERROR] Polling thread error: PLC disconnected: [WinError 10051] A socket operation was attempted to an unreachable network
2026-02-10 16:36:18,839 [ERROR] Polling thread error: PLC disconnected: [WinError 10051] A socket operation was attempted to an unreachable network
2026-02-10 16:36:19,927 [ERROR] Polling thread error: PLC disconnected: [WinError 10051] A socket operation was attempted to an unreachable network
2026-02-10 16:36:21,031 [ERROR] Polling thread error: PLC disconnected: [WinError 10051] A socket operation was attempted to an unreachable network
2026-02-10 16:36:22,137 [ERROR] Polling thread error: PLC disconnected: [WinError 10051] A socket operation was attempted to an unreachable network
2026-02-10 16:36:23,223 [ERROR] Polling thread error: PLC disconnected: [WinError 10051] A socket operation was attempted to an unreachable network
2026-02-10 16:36:24,328 [ERROR] Polling thread error: PLC disconnected: [WinError 10051] A socket operation was attempted to an unreachable network
2026-02-10 16:36:25,432 [ERROR] Polling thread error: PLC disconnected: [WinError 10051] A socket operation was attempted to an unreachable network
2026-02-10 16:36:26,532 [ERROR] Polling thread error: PLC disconnected: [WinError 10051] A socket operation was attempted to an unreachable network
2026-02-10 16:36:27,633 [ERROR] Polling thread error: PLC disconnected: [WinError 10051] A socket operation was attempted to an unreachable network
2026-02-10 16:36:28,746 [ERROR] Polling thread error: PLC disconnected: [WinError 10051] A socket operation was attempted to an unreachable network
2026-02-10 16:36:29,847 [ERROR] Polling thread error: PLC disconnected: [WinError 10051] A socket operation was attempted to an unreachable network
2026-02-10 16:36:30,955 [ERROR] Polling thread error: PLC disconnected: [WinError 10051] A socket operation was attempted to an unreachable network
2026-02-10 16:36:32,055 [ERROR] Polling thread error: PLC disconnected: [WinError 10051] A socket operation was attempted to an unreachable network
2026-02-10 16:36:33,147 [ERROR] Polling thread error: PLC disconnected: [WinError 10051] A socket operation was attempted to an unreachable network
2026-02-10 16:36:34,235 [ERROR] Polling thread error: PLC disconnected: [WinError 10051] A socket operation was attempted to an unreachable network
2026-02-10 16:36:35,338 [ERROR] Polling thread error: PLC disconnected: [WinError 10051] A socket operation was attempted to an unreachable network
2026-02-10 16:36:36,426 [ERROR] Polling thread error: PLC disconnected: [WinError 10051] A socket operation was attempted to an unreachable network
2026-02-10 16:36:37,536 [ERROR] Polling thread error: PLC disconnected: [WinError 10051] A socket operation was attempted to an unreachable network
2026-02-10 16:36:38,652 [ERROR] Polling thread error: PLC disconnected: [WinError 10051] A socket operation was attempted to an unreachable network
2026-02-10 16:36:39,743 [ERROR] Polling thread error: PLC disconnected: [WinError 10051] A socket operation was attempted to an unreachable network
2026-02-10 16:36:40,832 [ERROR] Polling thread error: PLC disconnected: [WinError 10051] A socket operation was attempted to an unreachable network
2026-02-10 16:36:41,923 [ERROR] Polling thread error: PLC disconnected: [WinError 10051] A socket operation was attempted to an unreachable network
2026-02-10 16:36:43,015 [ERROR] Polling thread error: PLC disconnected: [WinError 10051] A socket operation was attempted to an unreachable network
2026-02-10 16:36:44,103 [ERROR] Polling thread error: PLC disconnected: [WinError 10051] A socket operation was attempted to an unreachable network
2026-02-10 16:36:45,207 [ERROR] Polling thread error: PLC disconnected: [WinError 10051] A socket operation was attempted to an unreachable network
2026-02-10 16:36:46,314 [ERROR] Polling thread error: PLC disconnected: [WinError 10051] A socket operation was attempted to an unreachable network
2026-02-10 16:36:47,414 [ERROR] Polling thread error: PLC disconnected: [WinError 10051] A socket operation was attempted to an unreachable network
2026-02-10 16:36:48,510 [ERROR] Polling thread error: PLC disconnected: [WinError 10051] A socket operation was attempted to an unreachable network
2026-02-10 16:36:49,594 [ERROR] Polling thread error: PLC disconnected: [WinError 10051] A socket operation was attempted to an unreachable network
2026-02-10 16:36:50,682 [ERROR] Polling thread error: PLC disconnected: [WinError 10051] A socket operation was attempted to an unreachable network
2026-02-10 16:36:51,776 [ERROR] Polling thread error: PLC disconnected: [WinError 10051] A socket operation was attempted to an unreachable network
2026-02-10 16:36:52,875 [ERROR] Polling thread error: PLC disconnected: [WinError 10051] A socket operation was attempted to an unreachable network
2026-02-10 16:36:53,956 [ERROR] Polling thread error: PLC disconnected: [WinError 10051] A socket operation was attempted to an unreachable network
2026-02-10 16:36:55,045 [ERROR] Polling thread error: PLC disconnected: [WinError 10051] A socket operation was attempted to an unreachable network
2026-02-10 16:36:56,154 [ERROR] Polling thread error: PLC disconnected: [WinError 10051] A socket operation was attempted to an unreachable network
2026-02-10 16:36:57,263 [ERROR] Polling thread error: PLC disconnected: [WinError 10051] A socket operation was attempted to an unreachable network
2026-02-10 16:36:58,348 [ERROR] Polling thread error: PLC disconnected: [WinError 10051] A socket operation was attempted to an unreachable network
2026-02-10 16:36:59,436 [ERROR] Polling thread error: PLC disconnected: [WinError 10051] A socket operation was attempted to an unreachable network
2026-02-10 16:37:00,542 [ERROR] Polling thread error: PLC disconnected: [WinError 10051] A socket operation was attempted to an unreachable network
2026-02-10 16:37:01,654 [ERROR] Polling thread error: PLC disconnected: [WinError 10051] A socket operation was attempted to an unreachable network
2026-02-10 16:37:02,755 [ERROR] Polling thread error: PLC disconnected: [WinError 10051] A socket operation was attempted to an unreachable network
2026-02-10 16:37:03,859 [ERROR] Polling thread error: PLC disconnected: [WinError 10051] A socket operation was attempted to an unreachable network
2026-02-10 16:37:04,955 [ERROR] Polling thread error: PLC disconnected: [WinError 10051] A socket operation was attempted to an unreachable network
2026-02-10 16:37:06,059 [ERROR] Polling thread error: PLC disconnected: [WinError 10051] A socket operation was attempted to an unreachable network
2026-02-10 16:37:07,161 [ERROR] Polling thread error: PLC disconnected: [WinError 10051] A socket operation was attempted to an unreachable network
2026-02-10 16:37:08,265 [ERROR] Polling thread error: PLC disconnected: [WinError 10051] A socket operation was attempted to an unreachable network
2026-02-10 16:37:09,380 [ERROR] Polling thread error: PLC disconnected: [WinError 10051] A socket operation was attempted to an unreachable network
2026-02-10 16:37:10,471 [ERROR] Polling thread error: PLC disconnected: [WinError 10051] A socket operation was attempted to an unreachable network
2026-02-10 16:37:11,571 [ERROR] Polling thread error: PLC disconnected: [WinError 10051] A socket operation was attempted to an unreachable network
2026-02-10 16:37:12,660 [ERROR] Polling thread error: PLC disconnected: [WinError 10051] A socket operation was attempted to an unreachable network
2026-02-10 16:37:13,753 [ERROR] Polling thread error: PLC disconnected: [WinError 10051] A socket operation was attempted to an unreachable network
2026-02-10 16:37:14,846 [ERROR] Polling thread error: PLC disconnected: [WinError 10051] A socket operation was attempted to an unreachable network
2026-02-10 16:37:15,950 [ERROR] Polling thread error: PLC disconnected: [WinError 10051] A socket operation was attempted to an unreachable network
2026-02-10 16:37:17,030 [ERROR] Polling thread error: PLC disconnected: [WinError 10051] A socket operation was attempted to an unreachable network
2026-02-10 16:37:18,133 [ERROR] Polling thread error: PLC disconnected: [WinError 10051] A socket operation was attempted to an unreachable network
2026-02-10 16:37:19,225 [ERROR] Polling thread error: PLC disconnected: [WinError 10051] A socket operation was attempted to an unreachable network
2026-02-10 16:37:20,314 [ERROR] Polling thread error: PLC disconnected: [WinError 10051] A socket operation was attempted to an unreachable network
2026-02-10 16:37:21,402 [ERROR] Polling thread error: PLC disconnected: [WinError 10051] A socket operation was attempted to an unreachable network
2026-02-10 16:37:22,486 [ERROR] Polling thread error: PLC disconnected: [WinError 10051] A socket operation was attempted to an unreachable network
2026-02-10 16:37:23,582 [ERROR] Polling thread error: PLC disconnected: [WinError 10051] A socket operation was attempted to an unreachable network
2026-02-10 16:37:24,692 [ERROR] Polling thread error: PLC disconnected: [WinError 10051] A socket operation was attempted to an unreachable network
2026-02-10 16:37:25,784 [ERROR] Polling thread error: PLC disconnected: [WinError 10051] A socket operation was attempted to an unreachable network
2026-02-10 16:37:26,877 [ERROR] Polling thread error: PLC disconnected: [WinError 10051] A socket operation was attempted to an unreachable network
2026-02-10 16:37:27,983 [ERROR] Polling thread error: PLC disconnected: [WinError 10051] A socket operation was attempted to an unreachable network
2026-02-10 16:37:29,066 [ERROR] Polling thread error: PLC disconnected: [WinError 10051] A socket operation was attempted to an unreachable network
2026-02-10 16:37:30,149 [ERROR] Polling thread error: PLC disconnected: [WinError 10051] A socket operation was attempted to an unreachable network
2026-02-10 16:37:31,242 [ERROR] Polling thread error: PLC disconnected: [WinError 10051] A socket operation was attempted to an unreachable network
2026-02-10 16:37:32,348 [ERROR] Polling thread error: PLC disconnected: [WinError 10051] A socket operation was attempted to an unreachable network
2026-02-10 16:37:33,436 [ERROR] Polling thread error: PLC disconnected: [WinError 10051] A socket operation was attempted to an unreachable network
2026-02-10 16:37:34,546 [ERROR] Polling thread error: PLC disconnected: [WinError 10051] A socket operation was attempted to an unreachable network
2026-02-10 16:37:35,644 [ERROR] Polling thread error: PLC disconnected: [WinError 10051] A socket operation was attempted to an unreachable network
2026-02-10 16:37:36,731 [ERROR] Polling thread error: PLC disconnected: [WinError 10051] A socket operation was attempted to an unreachable network
2026-02-10 16:37:37,826 [ERROR] Polling thread error: PLC disconnected: [WinError 10051] A socket operation was attempted to an unreachable network
2026-02-10 16:37:38,931 [ERROR] Polling thread error: PLC disconnected: [WinError 10051] A socket operation was attempted to an unreachable network
2026-02-10 16:37:40,036 [ERROR] Polling thread error: PLC disconnected: [WinError 10051] A socket operation was attempted to an unreachable network
2026-02-10 16:37:41,129 [ERROR] Polling thread error: PLC disconnected: [WinError 10051] A socket operation was attempted to an unreachable network
2026-02-10 16:37:42,231 [ERROR] Polling thread error: PLC disconnected: [WinError 10051] A socket operation was attempted to an unreachable network
2026-02-10 16:37:43,355 [ERROR] Polling thread error: PLC disconnected: [WinError 10051] A socket operation was attempted to an unreachable network
2026-02-10 16:37:44,446 [ERROR] Polling thread error: PLC disconnected: [WinError 10051] A socket operation was attempted to an unreachable network
2026-02-10 16:37:45,530 [ERROR] Polling thread error: PLC disconnected: [WinError 10051] A socket operation was attempted to an unreachable network
2026-02-10 16:37:46,636 [ERROR] Polling thread error: PLC disconnected: [WinError 10051] A socket operation was attempted to an unreachable network
2026-02-10 16:37:47,741 [ERROR] Polling thread error: PLC disconnected: [WinError 10051] A socket operation was attempted to an unreachable network
2026-02-10 16:37:48,831 [ERROR] Polling thread error: PLC disconnected: [WinError 10051] A socket operation was attempted to an unreachable network
2026-02-10 16:37:49,922 [ERROR] Polling thread error: PLC disconnected: [WinError 10051] A socket operation was attempted to an unreachable network
2026-02-10 16:37:51,024 [ERROR] Polling thread error: PLC disconnected: [WinError 10051] A socket operation was attempted to an unreachable network
2026-02-10 16:37:52,132 [ERROR] Polling thread error: PLC disconnected: [WinError 10051] A socket operation was attempted to an unreachable network
2026-02-10 16:37:53,252 [ERROR] Polling thread error: PLC disconnected: [WinError 10051] A socket operation was attempted to an unreachable network
2026-02-10 16:37:54,370 [ERROR] Polling thread error: PLC disconnected: [WinError 10051] A socket operation was attempted to an unreachable network
2026-02-10 16:37:55,470 [ERROR] Polling thread error: PLC disconnected: [WinError 10051] A socket operation was attempted to an unreachable network
2026-02-10 16:37:56,576 [ERROR] Polling thread error: PLC disconnected: [WinError 10051] A socket operation was attempted to an unreachable network
2026-02-10 16:37:57,660 [ERROR] Polling thread error: PLC disconnected: [WinError 10051] A socket operation was attempted to an unreachable network
2026-02-10 16:37:58,764 [ERROR] Polling thread error: PLC disconnected: [WinError 10051] A socket operation was attempted to an unreachable network
2026-02-10 16:37:59,855 [ERROR] Polling thread error: PLC disconnected: [WinError 10051] A socket operation was attempted to an unreachable network
2026-02-10 16:38:00,958 [ERROR] Polling thread error: PLC disconnected: [WinError 10051] A socket operation was attempted to an unreachable network
2026-02-10 16:38:02,039 [ERROR] Polling thread error: PLC disconnected: [WinError 10051] A socket operation was attempted to an unreachable network
2026-02-10 16:38:03,127 [ERROR] Polling thread error: PLC disconnected: [WinError 10051] A socket operation was attempted to an unreachable network
2026-02-10 16:38:04,220 [ERROR] Polling thread error: PLC disconnected: [WinError 10051] A socket operation was attempted to an unreachable network
2026-02-10 16:38:05,320 [ERROR] Polling thread error: PLC disconnected: [WinError 10051] A socket operation was attempted to an unreachable network
2026-02-10 16:38:06,425 [ERROR] Polling thread error: PLC disconnected: [WinError 10051] A socket operation was attempted to an unreachable network
2026-02-10 16:38:07,536 [ERROR] Polling thread error: PLC disconnected: [WinError 10051] A socket operation was attempted to an unreachable network
2026-02-10 16:38:08,631 [ERROR] Polling thread error: PLC disconnected: [WinError 10051] A socket operation was attempted to an unreachable network
2026-02-10 16:38:09,725 [ERROR] Polling thread error: PLC disconnected: [WinError 10051] A socket operation was attempted to an unreachable network
2026-02-10 16:38:10,817 [ERROR] Polling thread error: PLC disconnected: [WinError 10051] A socket operation was attempted to an unreachable network
2026-02-10 16:38:11,922 [ERROR] Polling thread error: PLC disconnected: [WinError 10051] A socket operation was attempted to an unreachable network
2026-02-10 16:38:13,009 [ERROR] Polling thread error: PLC disconnected: [WinError 10051] A socket operation was attempted to an unreachable network
2026-02-10 16:38:14,117 [ERROR] Polling thread error: PLC disconnected: [WinError 10051] A socket operation was attempted to an unreachable network
2026-02-10 16:38:15,222 [ERROR] Polling thread error: PLC disconnected: [WinError 10051] A socket operation was attempted to an unreachable network
2026-02-10 16:38:16,321 [ERROR] Polling thread error: PLC disconnected: [WinError 10051] A socket operation was attempted to an unreachable network
2026-02-10 16:38:17,414 [ERROR] Polling thread error: PLC disconnected: [WinError 10051] A socket operation was attempted to an unreachable network
2026-02-10 16:38:18,513 [ERROR] Polling thread error: PLC disconnected: [WinError 10051] A socket operation was attempted to an unreachable network
2026-02-10 16:38:19,605 [ERROR] Polling thread error: PLC disconnected: [WinError 10051] A socket operation was attempted to an unreachable network
2026-02-10 16:38:20,702 [ERROR] Polling thread error: PLC disconnected: [WinError 10051] A socket operation was attempted to an unreachable network
2026-02-10 16:38:21,783 [ERROR] Polling thread error: PLC disconnected: [WinError 10051] A socket operation was attempted to an unreachable network
2026-02-10 16:38:22,871 [ERROR] Polling thread error: PLC disconnected: [WinError 10051] A socket operation was attempted to an unreachable network
2026-02-10 16:38:23,956 [ERROR] Polling thread error: PLC disconnected: [WinError 10051] A socket operation was attempted to an unreachable network
2026-02-10 16:38:25,049 [ERROR] Polling thread error: PLC disconnected: [WinError 10051] A socket operation was attempted to an unreachable network
2026-02-10 16:38:26,168 [ERROR] Polling thread error: PLC disconnected: [WinError 10051] A socket operation was attempted to an unreachable network
2026-02-10 16:38:27,284 [ERROR] Polling thread error: PLC disconnected: [WinError 10051] A socket operation was attempted to an unreachable network
2026-02-10 16:38:28,371 [ERROR] Polling thread error: PLC disconnected: [WinError 10051] A socket operation was attempted to an unreachable network
2026-02-10 16:38:29,464 [ERROR] Polling thread error: PLC disconnected: [WinError 10051] A socket operation was attempted to an unreachable network
2026-02-10 16:38:30,565 [ERROR] Polling thread error: PLC disconnected: [WinError 10051] A socket operation was attempted to an unreachable network
2026-02-10 16:38:31,656 [ERROR] Polling thread error: PLC disconnected: [WinError 10051] A socket operation was attempted to an unreachable network
2026-02-10 16:38:32,751 [ERROR] Polling thread error: PLC disconnected: [WinError 10051] A socket operation was attempted to an unreachable network
2026-02-10 16:38:33,846 [ERROR] Polling thread error: PLC disconnected: [WinError 10051] A socket operation was attempted to an unreachable network
2026-02-10 16:38:34,945 [ERROR] Polling thread error: PLC disconnected: [WinError 10051] A socket operation was attempted to an unreachable network
2026-02-10 16:38:36,044 [ERROR] Polling thread error: PLC disconnected: [WinError 10051] A socket operation was attempted to an unreachable network
2026-02-10 16:38:37,146 [ERROR] Polling thread error: PLC disconnected: [WinError 10051] A socket operation was attempted to an unreachable network
2026-02-10 16:38:38,244 [ERROR] Polling thread error: PLC disconnected: [WinError 10051] A socket operation was attempted to an unreachable network
2026-02-10 16:38:39,333 [ERROR] Polling thread error: PLC disconnected: [WinError 10051] A socket operation was attempted to an unreachable network
2026-02-10 16:38:40,438 [ERROR] Polling thread error: PLC disconnected: [WinError 10051] A socket operation was attempted to an unreachable network
2026-02-10 16:38:41,542 [ERROR] Polling thread error: PLC disconnected: [WinError 10051] A socket operation was attempted to an unreachable network
2026-02-10 16:38:42,652 [ERROR] Polling thread error: PLC disconnected: [WinError 10051] A socket operation was attempted to an unreachable network
2026-02-10 16:38:43,736 [ERROR] Polling thread error: PLC disconnected: [WinError 10051] A socket operation was attempted to an unreachable network
2026-02-10 16:38:44,822 [ERROR] Polling thread error: PLC disconnected: [WinError 10051] A socket operation was attempted to an unreachable network
2026-02-10 16:38:45,909 [ERROR] Polling thread error: PLC disconnected: [WinError 10051] A socket operation was attempted to an unreachable network
2026-02-10 16:38:47,019 [ERROR] Polling thread error: PLC disconnected: [WinError 10051] A socket operation was attempted to an unreachable network
2026-02-10 16:38:48,126 [ERROR] Polling thread error: PLC disconnected: [WinError 10051] A socket operation was attempted to an unreachable network
2026-02-10 16:38:49,235 [ERROR] Polling thread error: PLC disconnected: [WinError 10051] A socket operation was attempted to an unreachable network
2026-02-10 16:38:50,327 [ERROR] Polling thread error: PLC disconnected: [WinError 10051] A socket operation was attempted to an unreachable network
2026-02-10 16:38:51,436 [ERROR] Polling thread error: PLC disconnected: [WinError 10051] A socket operation was attempted to an unreachable network
2026-02-10 16:38:52,527 [ERROR] Polling thread error: PLC disconnected: [WinError 10051] A socket operation was attempted to an unreachable network
2026-02-10 16:38:53,611 [ERROR] Polling thread error: PLC disconnected: [WinError 10051] A socket operation was attempted to an unreachable network
2026-02-10 16:38:54,729 [ERROR] Polling thread error: PLC disconnected: [WinError 10051] A socket operation was attempted to an unreachable network
2026-02-10 16:38:55,823 [ERROR] Polling thread error: PLC disconnected: [WinError 10051] A socket operation was attempted to an unreachable network
2026-02-10 16:38:56,925 [ERROR] Polling thread error: PLC disconnected: [WinError 10051] A socket operation was attempted to an unreachable network
2026-02-10 16:38:58,027 [ERROR] Polling thread error: PLC disconnected: [WinError 10051] A socket operation was attempted to an unreachable network
2026-02-10 16:38:59,123 [ERROR] Polling thread error: PLC disconnected: [WinError 10051] A socket operation was attempted to an unreachable network
2026-02-10 16:39:00,207 [ERROR] Polling thread error: PLC disconnected: [WinError 10051] A socket operation was attempted to an unreachable network
2026-02-10 16:39:01,295 [ERROR] Polling thread error: PLC disconnected: [WinError 10051] A socket operation was attempted to an unreachable network
2026-02-10 16:39:02,383 [ERROR] Polling thread error: PLC disconnected: [WinError 10051] A socket operation was attempted to an unreachable network
2026-02-10 16:39:03,485 [ERROR] Polling thread error: PLC disconnected: [WinError 10051] A socket operation was attempted to an unreachable network
2026-02-10 16:39:04,588 [ERROR] Polling thread error: PLC disconnected: [WinError 10051] A socket operation was attempted to an unreachable network
2026-02-10 16:39:05,695 [ERROR] Polling thread error: PLC disconnected: [WinError 10051] A socket operation was attempted to an unreachable network
2026-02-10 16:39:06,787 [ERROR] Polling thread error: PLC disconnected: [WinError 10051] A socket operation was attempted to an unreachable network
2026-02-10 16:39:07,880 [ERROR] Polling thread error: PLC disconnected: [WinError 10051] A socket operation was attempted to an unreachable network
2026-02-10 16:39:08,976 [ERROR] Polling thread error: PLC disconnected: [WinError 10051] A socket operation was attempted to an unreachable network
2026-02-10 16:39:10,067 [ERROR] Polling thread error: PLC disconnected: [WinError 10051] A socket operation was attempted to an unreachable network
2026-02-10 16:39:11,169 [ERROR] Polling thread error: PLC disconnected: [WinError 10051] A socket operation was attempted to an unreachable network
2026-02-10 16:39:12,265 [ERROR] Polling thread error: PLC disconnected: [WinError 10051] A socket operation was attempted to an unreachable network
2026-02-10 16:39:13,366 [ERROR] Polling thread error: PLC disconnected: [WinError 10051] A socket operation was attempted to an unreachable network
2026-02-10 16:39:14,488 [ERROR] Polling thread error: PLC disconnected: [WinError 10051] A socket operation was attempted to an unreachable network
2026-02-10 16:39:15,590 [ERROR] Polling thread error: PLC disconnected: [WinError 10051] A socket operation was attempted to an unreachable network
2026-02-10 16:39:16,679 [ERROR] Polling thread error: PLC disconnected: [WinError 10051] A socket operation was attempted to an unreachable network
2026-02-10 16:39:17,771 [ERROR] Polling thread error: PLC disconnected: [WinError 10051] A socket operation was attempted to an unreachable network
2026-02-10 16:39:18,878 [ERROR] Polling thread error: PLC disconnected: [WinError 10051] A socket operation was attempted to an unreachable network
2026-02-10 16:39:19,971 [ERROR] Polling thread error: PLC disconnected: [WinError 10051] A socket operation was attempted to an unreachable network
2026-02-10 16:39:21,076 [ERROR] Polling thread error: PLC disconnected: [WinError 10051] A socket operation was attempted to an unreachable network
2026-02-10 16:39:22,169 [ERROR] Polling thread error: PLC disconnected: [WinError 10051] A socket operation was attempted to an unreachable network
2026-02-10 16:39:23,272 [ERROR] Polling thread error: PLC disconnected: [WinError 10051] A socket operation was attempted to an unreachable network
2026-02-10 16:39:24,368 [ERROR] Polling thread error: PLC disconnected: [WinError 10051] A socket operation was attempted to an unreachable network
2026-02-10 16:39:25,458 [ERROR] Polling thread error: PLC disconnected: [WinError 10051] A socket operation was attempted to an unreachable network
2026-02-10 16:39:26,551 [ERROR] Polling thread error: PLC disconnected: [WinError 10051] A socket operation was attempted to an unreachable network
2026-02-10 16:39:27,641 [ERROR] Polling thread error: PLC disconnected: [WinError 10051] A socket operation was attempted to an unreachable network
2026-02-10 16:39:28,731 [ERROR] Polling thread error: PLC disconnected: [WinError 10051] A socket operation was attempted to an unreachable network
2026-02-10 16:39:29,822 [ERROR] Polling thread error: PLC disconnected: [WinError 10051] A socket operation was attempted to an unreachable network
2026-02-10 16:39:30,929 [ERROR] Polling thread error: PLC disconnected: [WinError 10051] A socket operation was attempted to an unreachable network
2026-02-10 16:39:32,019 [ERROR] Polling thread error: PLC disconnected: [WinError 10051] A socket operation was attempted to an unreachable network
2026-02-10 16:39:33,125 [ERROR] Polling thread error: PLC disconnected: [WinError 10051] A socket operation was attempted to an unreachable network
2026-02-10 16:39:34,216 [ERROR] Polling thread error: PLC disconnected: [WinError 10051] A socket operation was attempted to an unreachable network
2026-02-10 16:39:35,303 [ERROR] Polling thread error: PLC disconnected: [WinError 10051] A socket operation was attempted to an unreachable network
2026-02-10 16:39:36,427 [ERROR] Polling thread error: PLC disconnected: [WinError 10051] A socket operation was attempted to an unreachable network
2026-02-10 16:39:37,519 [ERROR] Polling thread error: PLC disconnected: [WinError 10051] A socket operation was attempted to an unreachable network
2026-02-10 16:39:38,609 [ERROR] Polling thread error: PLC disconnected: [WinError 10051] A socket operation was attempted to an unreachable network
2026-02-10 16:39:39,700 [ERROR] Polling thread error: PLC disconnected: [WinError 10051] A socket operation was attempted to an unreachable network
2026-02-10 16:39:40,785 [ERROR] Polling thread error: PLC disconnected: [WinError 10051] A socket operation was attempted to an unreachable network
2026-02-10 16:39:41,893 [ERROR] Polling thread error: PLC disconnected: [WinError 10051] A socket operation was attempted to an unreachable network
2026-02-10 16:39:43,000 [ERROR] Polling thread error: PLC disconnected: [WinError 10051] A socket operation was attempted to an unreachable network
2026-02-10 16:39:44,102 [ERROR] Polling thread error: PLC disconnected: [WinError 10051] A socket operation was attempted to an unreachable network
2026-02-10 16:39:45,215 [ERROR] Polling thread error: PLC disconnected: [WinError 10051] A socket operation was attempted to an unreachable network
2026-02-10 16:39:46,323 [ERROR] Polling thread error: PLC disconnected: [WinError 10051] A socket operation was attempted to an unreachable network
2026-02-10 16:39:47,422 [ERROR] Polling thread error: PLC disconnected: [WinError 10051] A socket operation was attempted to an unreachable network
2026-02-10 16:39:48,526 [ERROR] Polling thread error: PLC disconnected: [WinError 10051] A socket operation was attempted to an unreachable network
2026-02-10 16:39:49,634 [ERROR] Polling thread error: PLC disconnected: [WinError 10051] A socket operation was attempted to an unreachable network
2026-02-10 16:39:50,735 [ERROR] Polling thread error: PLC disconnected: [WinError 10051] A socket operation was attempted to an unreachable network
2026-02-10 16:39:51,831 [ERROR] Polling thread error: PLC disconnected: [WinError 10051] A socket operation was attempted to an unreachable network
2026-02-10 16:39:52,914 [ERROR] Polling thread error: PLC disconnected: [WinError 10051] A socket operation was attempted to an unreachable network
2026-02-10 16:39:54,024 [ERROR] Polling thread error: PLC disconnected: [WinError 10051] A socket operation was attempted to an unreachable network
2026-02-10 16:39:55,112 [ERROR] Polling thread error: PLC disconnected: [WinError 10051] A socket operation was attempted to an unreachable network
2026-02-10 16:39:56,195 [ERROR] Polling thread error: PLC disconnected: [WinError 10051] A socket operation was attempted to an unreachable network
2026-02-10 16:39:57,298 [ERROR] Polling thread error: PLC disconnected: [WinError 10051] A socket operation was attempted to an unreachable network
2026-02-10 16:39:58,401 [ERROR] Polling thread error: PLC disconnected: [WinError 10051] A socket operation was attempted to an unreachable network
2026-02-10 16:39:59,501 [ERROR] Polling thread error: PLC disconnected: [WinError 10051] A socket operation was attempted to an unreachable network
2026-02-10 16:40:00,603 [ERROR] Polling thread error: PLC disconnected: [WinError 10051] A socket operation was attempted to an unreachable network
2026-02-10 16:40:01,707 [ERROR] Polling thread error: PLC disconnected: [WinError 10051] A socket operation was attempted to an unreachable network
2026-02-10 16:40:02,800 [ERROR] Polling thread error: PLC disconnected: [WinError 10051] A socket operation was attempted to an unreachable network
2026-02-10 16:40:03,897 [ERROR] Polling thread error: PLC disconnected: [WinError 10051] A socket operation was attempted to an unreachable network
2026-02-10 16:40:04,985 [ERROR] Polling thread error: PLC disconnected: [WinError 10051] A socket operation was attempted to an unreachable network
2026-02-10 16:40:06,072 [ERROR] Polling thread error: PLC disconnected: [WinError 10051] A socket operation was attempted to an unreachable network
2026-02-10 16:40:07,162 [ERROR] Polling thread error: PLC disconnected: [WinError 10051] A socket operation was attempted to an unreachable network
2026-02-10 16:40:08,260 [ERROR] Polling thread error: PLC disconnected: [WinError 10051] A socket operation was attempted to an unreachable network
2026-02-10 16:40:09,358 [ERROR] Polling thread error: PLC disconnected: [WinError 10051] A socket operation was attempted to an unreachable network
2026-02-10 16:40:10,480 [ERROR] Polling thread error: PLC disconnected: [WinError 10051] A socket operation was attempted to an unreachable network
2026-02-10 16:40:11,579 [ERROR] Polling thread error: PLC disconnected: [WinError 10051] A socket operation was attempted to an unreachable network
2026-02-10 16:40:12,665 [ERROR] Polling thread error: PLC disconnected: [WinError 10051] A socket operation was attempted to an unreachable network
2026-02-10 16:40:13,747 [ERROR] Polling thread error: PLC disconnected: [WinError 10051] A socket operation was attempted to an unreachable network
2026-02-10 16:40:14,849 [ERROR] Polling thread error: PLC disconnected: [WinError 10051] A socket operation was attempted to an unreachable network
2026-02-10 16:40:15,939 [ERROR] Polling thread error: PLC disconnected: [WinError 10051] A socket operation was attempted to an unreachable network
2026-02-10 16:40:17,046 [ERROR] Polling thread error: PLC disconnected: [WinError 10051] A socket operation was attempted to an unreachable network
2026-02-10 16:40:18,141 [ERROR] Polling thread error: PLC disconnected: [WinError 10051] A socket operation was attempted to an unreachable network
2026-02-10 16:40:19,234 [ERROR] Polling thread error: PLC disconnected: [WinError 10051] A socket operation was attempted to an unreachable network
2026-02-10 16:40:20,315 [ERROR] Polling thread error: PLC disconnected: [WinError 10051] A socket operation was attempted to an unreachable network
2026-02-10 16:40:21,425 [ERROR] Polling thread error: PLC disconnected: [WinError 10051] A socket operation was attempted to an unreachable network
2026-02-10 16:40:22,520 [ERROR] Polling thread error: PLC disconnected: [WinError 10051] A socket operation was attempted to an unreachable network
2026-02-10 16:40:23,629 [ERROR] Polling thread error: PLC disconnected: [WinError 10051] A socket operation was attempted to an unreachable network
2026-02-10 16:40:24,714 [ERROR] Polling thread error: PLC disconnected: [WinError 10051] A socket operation was attempted to an unreachable network
2026-02-10 16:40:25,799 [ERROR] Polling thread error: PLC disconnected: [WinError 10051] A socket operation was attempted to an unreachable network
2026-02-10 16:40:26,892 [ERROR] Polling thread error: PLC disconnected: [WinError 10051] A socket operation was attempted to an unreachable network
2026-02-10 16:40:27,987 [ERROR] Polling thread error: PLC disconnected: [WinError 10051] A socket operation was attempted to an unreachable network
2026-02-10 16:40:29,089 [ERROR] Polling thread error: PLC disconnected: [WinError 10051] A socket operation was attempted to an unreachable network
2026-02-10 16:40:30,185 [ERROR] Polling thread error: PLC disconnected: [WinError 10051] A socket operation was attempted to an unreachable network
2026-02-10 16:40:31,284 [ERROR] Polling thread error: PLC disconnected: [WinError 10051] A socket operation was attempted to an unreachable network
2026-02-10 16:40:32,379 [ERROR] Polling thread error: PLC disconnected: [WinError 10051] A socket operation was attempted to an unreachable network
2026-02-10 16:40:33,485 [ERROR] Polling thread error: PLC disconnected: [WinError 10051] A socket operation was attempted to an unreachable network
2026-02-10 16:40:34,571 [ERROR] Polling thread error: PLC disconnected: [WinError 10051] A socket operation was attempted to an unreachable network
2026-02-10 16:40:35,670 [ERROR] Polling thread error: PLC disconnected: [WinError 10051] A socket operation was attempted to an unreachable network
2026-02-10 16:40:36,777 [ERROR] Polling thread error: PLC disconnected: [WinError 10051] A socket operation was attempted to an unreachable network
2026-02-10 16:40:37,886 [ERROR] Polling thread error: PLC disconnected: [WinError 10051] A socket operation was attempted to an unreachable network
2026-02-10 16:40:38,971 [ERROR] Polling thread error: PLC disconnected: [WinError 10051] A socket operation was attempted to an unreachable network
2026-02-10 16:40:40,081 [ERROR] Polling thread error: PLC disconnected: [WinError 10051] A socket operation was attempted to an unreachable network
2026-02-10 16:40:41,190 [ERROR] Polling thread error: PLC disconnected: [WinError 10051] A socket operation was attempted to an unreachable network
2026-02-10 16:40:42,291 [ERROR] Polling thread error: PLC disconnected: [WinError 10051] A socket operation was attempted to an unreachable network
2026-02-10 16:40:43,395 [ERROR] Polling thread error: PLC disconnected: [WinError 10051] A socket operation was attempted to an unreachable network
2026-02-10 16:40:44,488 [ERROR] Polling thread error: PLC disconnected: [WinError 10051] A socket operation was attempted to an unreachable network
2026-02-10 16:40:45,577 [ERROR] Polling thread error: PLC disconnected: [WinError 10051] A socket operation was attempted to an unreachable network
2026-02-10 16:40:46,680 [ERROR] Polling thread error: PLC disconnected: [WinError 10051] A socket operation was attempted to an unreachable network
2026-02-10 16:40:47,785 [ERROR] Polling thread error: PLC disconnected: [WinError 10051] A socket operation was attempted to an unreachable network
2026-02-10 16:40:48,893 [ERROR] Polling thread error: PLC disconnected: [WinError 10051] A socket operation was attempted to an unreachable network
2026-02-10 16:40:49,997 [ERROR] Polling thread error: PLC disconnected: [WinError 10051] A socket operation was attempted to an unreachable network
2026-02-10 16:40:51,085 [ERROR] Polling thread error: PLC disconnected: [WinError 10051] A socket operation was attempted to an unreachable network
2026-02-10 16:40:52,173 [ERROR] Polling thread error: PLC disconnected: [WinError 10051] A socket operation was attempted to an unreachable network
2026-02-10 16:40:53,260 [ERROR] Polling thread error: PLC disconnected: [WinError 10051] A socket operation was attempted to an unreachable network
2026-02-10 16:40:54,375 [ERROR] Polling thread error: PLC disconnected: [WinError 10051] A socket operation was attempted to an unreachable network
2026-02-10 16:40:55,481 [ERROR] Polling thread error: PLC disconnected: [WinError 10051] A socket operation was attempted to an unreachable network
2026-02-10 16:40:56,590 [ERROR] Polling thread error: PLC disconnected: [WinError 10051] A socket operation was attempted to an unreachable network
2026-02-10 16:40:57,696 [ERROR] Polling thread error: PLC disconnected: [WinError 10051] A socket operation was attempted to an unreachable network
2026-02-10 16:40:58,785 [ERROR] Polling thread error: PLC disconnected: [WinError 10051] A socket operation was attempted to an unreachable network
2026-02-10 16:40:59,894 [ERROR] Polling thread error: PLC disconnected: [WinError 10051] A socket operation was attempted to an unreachable network
2026-02-10 16:41:00,990 [ERROR] Polling thread error: PLC disconnected: [WinError 10051] A socket operation was attempted to an unreachable network
2026-02-10 16:41:02,083 [ERROR] Polling thread error: PLC disconnected: [WinError 10051] A socket operation was attempted to an unreachable network
2026-02-10 16:41:03,190 [ERROR] Polling thread error: PLC disconnected: [WinError 10051] A socket operation was attempted to an unreachable network
2026-02-10 16:41:04,283 [ERROR] Polling thread error: PLC disconnected: [WinError 10051] A socket operation was attempted to an unreachable network
2026-02-10 16:41:05,387 [ERROR] Polling thread error: PLC disconnected: [WinError 10051] A socket operation was attempted to an unreachable network
2026-02-10 16:41:06,476 [ERROR] Polling thread error: PLC disconnected: [WinError 10051] A socket operation was attempted to an unreachable network
2026-02-10 16:41:07,579 [ERROR] Polling thread error: PLC disconnected: [WinError 10051] A socket operation was attempted to an unreachable network
2026-02-10 16:41:08,667 [ERROR] Polling thread error: PLC disconnected: [WinError 10051] A socket operation was attempted to an unreachable network
2026-02-10 16:41:09,752 [ERROR] Polling thread error: PLC disconnected: [WinError 10051] A socket operation was attempted to an unreachable network
2026-02-10 16:41:10,854 [ERROR] Polling thread error: PLC disconnected: [WinError 10051] A socket operation was attempted to an unreachable network
2026-02-10 16:41:11,975 [ERROR] Polling thread error: PLC disconnected: [WinError 10051] A socket operation was attempted to an unreachable network
2026-02-10 16:41:13,077 [ERROR] Polling thread error: PLC disconnected: [WinError 10051] A socket operation was attempted to an unreachable network
2026-02-10 16:41:14,180 [ERROR] Polling thread error: PLC disconnected: [WinError 10051] A socket operation was attempted to an unreachable network
2026-02-10 16:41:15,268 [ERROR] Polling thread error: PLC disconnected: [WinError 10051] A socket operation was attempted to an unreachable network
2026-02-10 16:41:16,358 [ERROR] Polling thread error: PLC disconnected: [WinError 10051] A socket operation was attempted to an unreachable network
2026-02-10 16:41:17,469 [ERROR] Polling thread error: PLC disconnected: [WinError 10051] A socket operation was attempted to an unreachable network
2026-02-10 16:41:18,564 [ERROR] Polling thread error: PLC disconnected: [WinError 10051] A socket operation was attempted to an unreachable network
2026-02-10 16:41:19,663 [ERROR] Polling thread error: PLC disconnected: [WinError 10051] A socket operation was attempted to an unreachable network
2026-02-10 16:41:20,766 [ERROR] Polling thread error: PLC disconnected: [WinError 10051] A socket operation was attempted to an unreachable network
2026-02-10 16:41:21,863 [ERROR] Polling thread error: PLC disconnected: [WinError 10051] A socket operation was attempted to an unreachable network
2026-02-10 16:41:22,959 [ERROR] Polling thread error: PLC disconnected: [WinError 10051] A socket operation was attempted to an unreachable network
2026-02-10 16:41:24,049 [ERROR] Polling thread error: PLC disconnected: [WinError 10051] A socket operation was attempted to an unreachable network
2026-02-10 16:41:25,156 [ERROR] Polling thread error: PLC disconnected: [WinError 10051] A socket operation was attempted to an unreachable network
2026-02-10 16:41:26,261 [ERROR] Polling thread error: PLC disconnected: [WinError 10051] A socket operation was attempted to an unreachable network
2026-02-10 16:41:27,350 [ERROR] Polling thread error: PLC disconnected: [WinError 10051] A socket operation was attempted to an unreachable network
2026-02-10 16:41:28,443 [ERROR] Polling thread error: PLC disconnected: [WinError 10051] A socket operation was attempted to an unreachable network
2026-02-10 16:41:29,533 [ERROR] Polling thread error: PLC disconnected: [WinError 10051] A socket operation was attempted to an unreachable network
2026-02-10 16:41:30,622 [ERROR] Polling thread error: PLC disconnected: [WinError 10051] A socket operation was attempted to an unreachable network
2026-02-10 16:41:31,711 [ERROR] Polling thread error: PLC disconnected: [WinError 10051] A socket operation was attempted to an unreachable network
2026-02-10 16:41:32,817 [ERROR] Polling thread error: PLC disconnected: [WinError 10051] A socket operation was attempted to an unreachable network
2026-02-10 16:41:33,917 [ERROR] Polling thread error: PLC disconnected: [WinError 10051] A socket operation was attempted to an unreachable network
2026-02-10 16:41:35,020 [ERROR] Polling thread error: PLC disconnected: [WinError 10051] A socket operation was attempted to an unreachable network
2026-02-10 16:41:36,120 [ERROR] Polling thread error: PLC disconnected: [WinError 10051] A socket operation was attempted to an unreachable network
2026-02-10 16:41:37,220 [ERROR] Polling thread error: PLC disconnected: [WinError 10051] A socket operation was attempted to an unreachable network
2026-02-10 16:41:38,325 [ERROR] Polling thread error: PLC disconnected: [WinError 10051] A socket operation was attempted to an unreachable network
2026-02-10 16:41:39,413 [ERROR] Polling thread error: PLC disconnected: [WinError 10051] A socket operation was attempted to an unreachable network
2026-02-10 16:41:40,518 [ERROR] Polling thread error: PLC disconnected: [WinError 10051] A socket operation was attempted to an unreachable network
2026-02-10 16:41:41,607 [ERROR] Polling thread error: PLC disconnected: [WinError 10051] A socket operation was attempted to an unreachable network
2026-02-10 16:41:42,707 [ERROR] Polling thread error: PLC disconnected: [WinError 10051] A socket operation was attempted to an unreachable network
2026-02-10 16:41:43,798 [ERROR] Polling thread error: PLC disconnected: [WinError 10051] A socket operation was attempted to an unreachable network
2026-02-10 16:41:44,902 [ERROR] Polling thread error: PLC disconnected: [WinError 10051] A socket operation was attempted to an unreachable network
2026-02-10 16:41:46,008 [ERROR] Polling thread error: PLC disconnected: [WinError 10051] A socket operation was attempted to an unreachable network
2026-02-10 16:41:47,095 [ERROR] Polling thread error: PLC disconnected: [WinError 10051] A socket operation was attempted to an unreachable network
2026-02-10 16:41:48,195 [ERROR] Polling thread error: PLC disconnected: [WinError 10051] A socket operation was attempted to an unreachable network
2026-02-10 16:41:49,287 [ERROR] Polling thread error: PLC disconnected: [WinError 10051] A socket operation was attempted to an unreachable network
2026-02-10 16:41:50,376 [ERROR] Polling thread error: PLC disconnected: [WinError 10051] A socket operation was attempted to an unreachable network
2026-02-10 16:41:51,465 [ERROR] Polling thread error: PLC disconnected: [WinError 10051] A socket operation was attempted to an unreachable network
2026-02-10 16:41:52,572 [ERROR] Polling thread error: PLC disconnected: [WinError 10051] A socket operation was attempted to an unreachable network
2026-02-10 16:41:53,684 [ERROR] Polling thread error: PLC disconnected: [WinError 10051] A socket operation was attempted to an unreachable network
2026-02-10 16:41:54,771 [ERROR] Polling thread error: PLC disconnected: [WinError 10051] A socket operation was attempted to an unreachable network
2026-02-10 16:41:55,863 [ERROR] Polling thread error: PLC disconnected: [WinError 10051] A socket operation was attempted to an unreachable network
2026-02-10 16:41:56,952 [ERROR] Polling thread error: PLC disconnected: [WinError 10051] A socket operation was attempted to an unreachable network
2026-02-10 16:41:58,042 [ERROR] Polling thread error: PLC disconnected: [WinError 10051] A socket operation was attempted to an unreachable network
2026-02-10 16:41:59,131 [ERROR] Polling thread error: PLC disconnected: [WinError 10051] A socket operation was attempted to an unreachable network
2026-02-10 16:42:00,236 [ERROR] Polling thread error: PLC disconnected: [WinError 10051] A socket operation was attempted to an unreachable network
2026-02-10 16:42:01,324 [ERROR] Polling thread error: PLC disconnected: [WinError 10051] A socket operation was attempted to an unreachable network
2026-02-10 16:42:02,429 [ERROR] Polling thread error: PLC disconnected: [WinError 10051] A socket operation was attempted to an unreachable network
2026-02-10 16:42:03,516 [ERROR] Polling thread error: PLC disconnected: [WinError 10051] A socket operation was attempted to an unreachable network
2026-02-10 16:42:04,626 [ERROR] Polling thread error: PLC disconnected: [WinError 10051] A socket operation was attempted to an unreachable network
2026-02-10 16:42:05,714 [ERROR] Polling thread error: PLC disconnected: [WinError 10051] A socket operation was attempted to an unreachable network
2026-02-10 16:42:06,806 [ERROR] Polling thread error: PLC disconnected: [WinError 10051] A socket operation was attempted to an unreachable network
2026-02-10 16:42:07,916 [ERROR] Polling thread error: PLC disconnected: [WinError 10051] A socket operation was attempted to an unreachable network
2026-02-10 16:42:09,009 [ERROR] Polling thread error: PLC disconnected: [WinError 10051] A socket operation was attempted to an unreachable network
2026-02-10 16:42:10,116 [ERROR] Polling thread error: PLC disconnected: [WinError 10051] A socket operation was attempted to an unreachable network
2026-02-10 16:42:11,229 [ERROR] Polling thread error: PLC disconnected: [WinError 10051] A socket operation was attempted to an unreachable network
2026-02-10 16:42:12,311 [ERROR] Polling thread error: PLC disconnected: [WinError 10051] A socket operation was attempted to an unreachable network
2026-02-10 16:42:13,398 [ERROR] Polling thread error: PLC disconnected: [WinError 10051] A socket operation was attempted to an unreachable network
2026-02-10 16:42:14,487 [ERROR] Polling thread error: PLC disconnected: [WinError 10051] A socket operation was attempted to an unreachable network
2026-02-10 16:42:15,575 [ERROR] Polling thread error: PLC disconnected: [WinError 10051] A socket operation was attempted to an unreachable network
2026-02-10 16:42:16,670 [ERROR] Polling thread error: PLC disconnected: [WinError 10051] A socket operation was attempted to an unreachable network
2026-02-10 16:42:17,757 [ERROR] Polling thread error: PLC disconnected: [WinError 10051] A socket operation was attempted to an unreachable network
2026-02-10 16:42:18,853 [ERROR] Polling thread error: PLC disconnected: [WinError 10051] A socket operation was attempted to an unreachable network
2026-02-10 16:42:19,947 [ERROR] Polling thread error: PLC disconnected: [WinError 10051] A socket operation was attempted to an unreachable network
2026-02-10 16:42:21,046 [ERROR] Polling thread error: PLC disconnected: [WinError 10051] A socket operation was attempted to an unreachable network
2026-02-10 16:42:22,144 [ERROR] Polling thread error: PLC disconnected: [WinError 10051] A socket operation was attempted to an unreachable network
2026-02-10 16:42:23,231 [ERROR] Polling thread error: PLC disconnected: [WinError 10051] A socket operation was attempted to an unreachable network
2026-02-10 16:42:24,320 [ERROR] Polling thread error: PLC disconnected: [WinError 10051] A socket operation was attempted to an unreachable network
2026-02-10 16:42:25,407 [ERROR] Polling thread error: PLC disconnected: [WinError 10051] A socket operation was attempted to an unreachable network
2026-02-10 16:42:26,506 [ERROR] Polling thread error: PLC disconnected: [WinError 10051] A socket operation was attempted to an unreachable network
2026-02-10 16:42:27,614 [ERROR] Polling thread error: PLC disconnected: [WinError 10051] A socket operation was attempted to an unreachable network
2026-02-10 16:42:28,704 [ERROR] Polling thread error: PLC disconnected: [WinError 10051] A socket operation was attempted to an unreachable network
2026-02-10 16:42:29,807 [ERROR] Polling thread error: PLC disconnected: [WinError 10051] A socket operation was attempted to an unreachable network
2026-02-10 16:42:30,928 [ERROR] Polling thread error: PLC disconnected: [WinError 10051] A socket operation was attempted to an unreachable network
2026-02-10 16:42:32,047 [ERROR] Polling thread error: PLC disconnected: [WinError 10051] A socket operation was attempted to an unreachable network
2026-02-10 16:42:33,138 [ERROR] Polling thread error: PLC disconnected: [WinError 10051] A socket operation was attempted to an unreachable network
2026-02-10 16:42:34,224 [ERROR] Polling thread error: PLC disconnected: [WinError 10051] A socket operation was attempted to an unreachable network
2026-02-10 16:42:35,329 [ERROR] Polling thread error: PLC disconnected: [WinError 10051] A socket operation was attempted to an unreachable network
2026-02-10 16:42:36,419 [ERROR] Polling thread error: PLC disconnected: [WinError 10051] A socket operation was attempted to an unreachable network
2026-02-10 16:42:37,521 [ERROR] Polling thread error: PLC disconnected: [WinError 10051] A socket operation was attempted to an unreachable network
2026-02-10 16:42:38,630 [ERROR] Polling thread error: PLC disconnected: [WinError 10051] A socket operation was attempted to an unreachable network
2026-02-10 16:42:39,751 [ERROR] Polling thread error: PLC disconnected: [WinError 10051] A socket operation was attempted to an unreachable network
2026-02-10 16:42:40,851 [ERROR] Polling thread error: PLC disconnected: [WinError 10051] A socket operation was attempted to an unreachable network
2026-02-10 16:42:41,948 [ERROR] Polling thread error: PLC disconnected: [WinError 10051] A socket operation was attempted to an unreachable network
2026-02-10 16:42:43,041 [ERROR] Polling thread error: PLC disconnected: [WinError 10051] A socket operation was attempted to an unreachable network
2026-02-10 16:42:44,137 [ERROR] Polling thread error: PLC disconnected: [WinError 10051] A socket operation was attempted to an unreachable network
2026-02-10 16:42:45,232 [ERROR] Polling thread error: PLC disconnected: [WinError 10051] A socket operation was attempted to an unreachable network
2026-02-10 16:42:46,334 [ERROR] Polling thread error: PLC disconnected: [WinError 10051] A socket operation was attempted to an unreachable network
2026-02-10 16:42:47,422 [ERROR] Polling thread error: PLC disconnected: [WinError 10051] A socket operation was attempted to an unreachable network
2026-02-10 16:42:48,525 [ERROR] Polling thread error: PLC disconnected: [WinError 10051] A socket operation was attempted to an unreachable network
2026-02-10 16:42:49,616 [ERROR] Polling thread error: PLC disconnected: [WinError 10051] A socket operation was attempted to an unreachable network
2026-02-10 16:42:50,708 [ERROR] Polling thread error: PLC disconnected: [WinError 10051] A socket operation was attempted to an unreachable network
2026-02-10 16:42:51,797 [ERROR] Polling thread error: PLC disconnected: [WinError 10051] A socket operation was attempted to an unreachable network
2026-02-10 16:42:52,902 [ERROR] Polling thread error: PLC disconnected: [WinError 10051] A socket operation was attempted to an unreachable network
2026-02-10 16:42:53,999 [ERROR] Polling thread error: PLC disconnected: [WinError 10051] A socket operation was attempted to an unreachable network
2026-02-10 16:42:55,106 [ERROR] Polling thread error: PLC disconnected: [WinError 10051] A socket operation was attempted to an unreachable network
2026-02-10 16:42:56,200 [ERROR] Polling thread error: PLC disconnected: [WinError 10051] A socket operation was attempted to an unreachable network
2026-02-10 16:42:57,304 [ERROR] Polling thread error: PLC disconnected: [WinError 10051] A socket operation was attempted to an unreachable network
2026-02-10 16:42:58,427 [ERROR] Polling thread error: PLC disconnected: [WinError 10051] A socket operation was attempted to an unreachable network
2026-02-10 16:42:59,520 [ERROR] Polling thread error: PLC disconnected: [WinError 10051] A socket operation was attempted to an unreachable network
2026-02-10 16:43:00,620 [ERROR] Polling thread error: PLC disconnected: [WinError 10051] A socket operation was attempted to an unreachable network
2026-02-10 16:43:01,709 [ERROR] Polling thread error: PLC disconnected: [WinError 10051] A socket operation was attempted to an unreachable network
2026-02-10 16:43:02,806 [ERROR] Polling thread error: PLC disconnected: [WinError 10051] A socket operation was attempted to an unreachable network
2026-02-10 16:43:03,913 [ERROR] Polling thread error: PLC disconnected: [WinError 10051] A socket operation was attempted to an unreachable network
2026-02-10 16:43:05,019 [ERROR] Polling thread error: PLC disconnected: [WinError 10051] A socket operation was attempted to an unreachable network
2026-02-10 16:43:06,110 [ERROR] Polling thread error: PLC disconnected: [WinError 10051] A socket operation was attempted to an unreachable network
2026-02-10 16:43:07,212 [ERROR] Polling thread error: PLC disconnected: [WinError 10051] A socket operation was attempted to an unreachable network
2026-02-10 16:43:08,320 [ERROR] Polling thread error: PLC disconnected: [WinError 10051] A socket operation was attempted to an unreachable network
2026-02-10 16:43:09,424 [ERROR] Polling thread error: PLC disconnected: [WinError 10051] A socket operation was attempted to an unreachable network
2026-02-10 16:43:10,529 [ERROR] Polling thread error: PLC disconnected: [WinError 10051] A socket operation was attempted to an unreachable network
2026-02-10 16:43:11,638 [ERROR] Polling thread error: PLC disconnected: [WinError 10051] A socket operation was attempted to an unreachable network
2026-02-10 16:43:12,727 [ERROR] Polling thread error: PLC disconnected: [WinError 10051] A socket operation was attempted to an unreachable network
2026-02-10 16:43:13,815 [ERROR] Polling thread error: PLC disconnected: [WinError 10051] A socket operation was attempted to an unreachable network
2026-02-10 16:43:14,902 [ERROR] Polling thread error: PLC disconnected: [WinError 10051] A socket operation was attempted to an unreachable network
2026-02-10 16:43:15,990 [ERROR] Polling thread error: PLC disconnected: [WinError 10051] A socket operation was attempted to an unreachable network
2026-02-10 16:43:17,100 [ERROR] Polling thread error: PLC disconnected: [WinError 10051] A socket operation was attempted to an unreachable network
2026-02-10 16:43:18,190 [ERROR] Polling thread error: PLC disconnected: [WinError 10051] A socket operation was attempted to an unreachable network
2026-02-10 16:43:19,278 [ERROR] Polling thread error: PLC disconnected: [WinError 10051] A socket operation was attempted to an unreachable network
2026-02-10 16:43:20,387 [ERROR] Polling thread error: PLC disconnected: [WinError 10051] A socket operation was attempted to an unreachable network
2026-02-10 16:43:21,489 [ERROR] Polling thread error: PLC disconnected: [WinError 10051] A socket operation was attempted to an unreachable network
2026-02-10 16:43:22,593 [ERROR] Polling thread error: PLC disconnected: [WinError 10051] A socket operation was attempted to an unreachable network
2026-02-10 16:43:23,701 [ERROR] Polling thread error: PLC disconnected: [WinError 10051] A socket operation was attempted to an unreachable network
2026-02-10 16:43:24,789 [ERROR] Polling thread error: PLC disconnected: [WinError 10051] A socket operation was attempted to an unreachable network
2026-02-10 16:43:25,891 [ERROR] Polling thread error: PLC disconnected: [WinError 10051] A socket operation was attempted to an unreachable network
2026-02-10 16:43:26,981 [ERROR] Polling thread error: PLC disconnected: [WinError 10051] A socket operation was attempted to an unreachable network
2026-02-10 16:43:28,073 [ERROR] Polling thread error: PLC disconnected: [WinError 10051] A socket operation was attempted to an unreachable network
2026-02-10 16:43:29,178 [ERROR] Polling thread error: PLC disconnected: [WinError 10051] A socket operation was attempted to an unreachable network
2026-02-10 16:43:30,281 [ERROR] Polling thread error: PLC disconnected: [WinError 10051] A socket operation was attempted to an unreachable network
2026-02-10 16:43:31,382 [ERROR] Polling thread error: PLC disconnected: [WinError 10051] A socket operation was attempted to an unreachable network
2026-02-10 16:43:32,493 [ERROR] Polling thread error: PLC disconnected: [WinError 10051] A socket operation was attempted to an unreachable network
2026-02-10 16:43:33,597 [ERROR] Polling thread error: PLC disconnected: [WinError 10051] A socket operation was attempted to an unreachable network
2026-02-10 16:43:34,701 [ERROR] Polling thread error: PLC disconnected: [WinError 10051] A socket operation was attempted to an unreachable network
2026-02-10 16:43:35,807 [ERROR] Polling thread error: PLC disconnected: [WinError 10051] A socket operation was attempted to an unreachable network
2026-02-10 16:43:36,916 [ERROR] Polling thread error: PLC disconnected: [WinError 10051] A socket operation was attempted to an unreachable network
2026-02-10 16:43:38,019 [ERROR] Polling thread error: PLC disconnected: [WinError 10051] A socket operation was attempted to an unreachable network
2026-02-10 16:43:39,105 [ERROR] Polling thread error: PLC disconnected: [WinError 10051] A socket operation was attempted to an unreachable network
2026-02-10 16:43:40,210 [ERROR] Polling thread error: PLC disconnected: [WinError 10051] A socket operation was attempted to an unreachable network
2026-02-10 16:43:41,308 [ERROR] Polling thread error: PLC disconnected: [WinError 10051] A socket operation was attempted to an unreachable network
2026-02-10 16:43:42,421 [ERROR] Polling thread error: PLC disconnected: [WinError 10051] A socket operation was attempted to an unreachable network
2026-02-10 16:43:43,544 [ERROR] Polling thread error: PLC disconnected: [WinError 10051] A socket operation was attempted to an unreachable network
2026-02-10 16:43:44,647 [ERROR] Polling thread error: PLC disconnected: [WinError 10051] A socket operation was attempted to an unreachable network
2026-02-10 16:43:45,748 [ERROR] Polling thread error: PLC disconnected: [WinError 10051] A socket operation was attempted to an unreachable network
2026-02-10 16:43:46,857 [ERROR] Polling thread error: PLC disconnected: [WinError 10051] A socket operation was attempted to an unreachable network
2026-02-10 16:43:47,970 [ERROR] Polling thread error: PLC disconnected: [WinError 10051] A socket operation was attempted to an unreachable network
2026-02-10 16:43:49,056 [ERROR] Polling thread error: PLC disconnected: [WinError 10051] A socket operation was attempted to an unreachable network
2026-02-10 16:43:50,163 [ERROR] Polling thread error: PLC disconnected: [WinError 10051] A socket operation was attempted to an unreachable network
2026-02-10 16:43:51,269 [ERROR] Polling thread error: PLC disconnected: [WinError 10051] A socket operation was attempted to an unreachable network
2026-02-10 16:43:52,360 [ERROR] Polling thread error: PLC disconnected: [WinError 10051] A socket operation was attempted to an unreachable network
2026-02-10 16:43:53,450 [ERROR] Polling thread error: PLC disconnected: [WinError 10051] A socket operation was attempted to an unreachable network
2026-02-10 16:43:54,537 [ERROR] Polling thread error: PLC disconnected: [WinError 10051] A socket operation was attempted to an unreachable network
2026-02-10 16:43:55,624 [ERROR] Polling thread error: PLC disconnected: [WinError 10051] A socket operation was attempted to an unreachable network
2026-02-10 16:43:56,746 [ERROR] Polling thread error: PLC disconnected: [WinError 10051] A socket operation was attempted to an unreachable network
2026-02-10 16:43:57,856 [ERROR] Polling thread error: PLC disconnected: [WinError 10051] A socket operation was attempted to an unreachable network
2026-02-10 16:43:58,946 [ERROR] Polling thread error: PLC disconnected: [WinError 10051] A socket operation was attempted to an unreachable network
2026-02-10 16:44:00,040 [ERROR] Polling thread error: PLC disconnected: [WinError 10051] A socket operation was attempted to an unreachable network
2026-02-10 16:44:01,143 [ERROR] Polling thread error: PLC disconnected: [WinError 10051] A socket operation was attempted to an unreachable network
2026-02-10 16:44:02,266 [ERROR] Polling thread error: PLC disconnected: [WinError 10051] A socket operation was attempted to an unreachable network
2026-02-10 16:44:03,373 [ERROR] Polling thread error: PLC disconnected: [WinError 10051] A socket operation was attempted to an unreachable network
2026-02-10 16:44:04,457 [ERROR] Polling thread error: PLC disconnected: [WinError 10051] A socket operation was attempted to an unreachable network
2026-02-10 16:44:05,566 [ERROR] Polling thread error: PLC disconnected: [WinError 10051] A socket operation was attempted to an unreachable network
2026-02-10 16:44:06,659 [ERROR] Polling thread error: PLC disconnected: [WinError 10051] A socket operation was attempted to an unreachable network
2026-02-10 16:44:07,763 [ERROR] Polling thread error: PLC disconnected: [WinError 10051] A socket operation was attempted to an unreachable network
2026-02-10 16:44:08,856 [ERROR] Polling thread error: PLC disconnected: [WinError 10051] A socket operation was attempted to an unreachable network
2026-02-10 16:44:09,947 [ERROR] Polling thread error: PLC disconnected: [WinError 10051] A socket operation was attempted to an unreachable network
2026-02-10 16:44:11,048 [ERROR] Polling thread error: PLC disconnected: [WinError 10051] A socket operation was attempted to an unreachable network
2026-02-10 16:44:12,171 [ERROR] Polling thread error: PLC disconnected: [WinError 10051] A socket operation was attempted to an unreachable network
2026-02-10 16:44:13,275 [ERROR] Polling thread error: PLC disconnected: [WinError 10051] A socket operation was attempted to an unreachable network
2026-02-10 16:44:14,381 [ERROR] Polling thread error: PLC disconnected: [WinError 10051] A socket operation was attempted to an unreachable network
2026-02-10 16:44:15,477 [ERROR] Polling thread error: PLC disconnected: [WinError 10051] A socket operation was attempted to an unreachable network
2026-02-10 16:44:16,561 [ERROR] Polling thread error: PLC disconnected: [WinError 10051] A socket operation was attempted to an unreachable network
2026-02-10 16:44:17,652 [ERROR] Polling thread error: PLC disconnected: [WinError 10051] A socket operation was attempted to an unreachable network
2026-02-10 16:44:18,739 [ERROR] Polling thread error: PLC disconnected: [WinError 10051] A socket operation was attempted to an unreachable network
2026-02-10 16:44:19,841 [ERROR] Polling thread error: PLC disconnected: [WinError 10051] A socket operation was attempted to an unreachable network
2026-02-10 16:44:20,934 [ERROR] Polling thread error: PLC disconnected: [WinError 10051] A socket operation was attempted to an unreachable network
2026-02-10 16:44:22,020 [ERROR] Polling thread error: PLC disconnected: [WinError 10051] A socket operation was attempted to an unreachable network
2026-02-10 16:44:23,121 [ERROR] Polling thread error: PLC disconnected: [WinError 10051] A socket operation was attempted to an unreachable network
2026-02-10 16:44:24,223 [ERROR] Polling thread error: PLC disconnected: [WinError 10051] A socket operation was attempted to an unreachable network
2026-02-10 16:44:25,317 [ERROR] Polling thread error: PLC disconnected: [WinError 10051] A socket operation was attempted to an unreachable network
2026-02-10 16:44:26,415 [ERROR] Polling thread error: PLC disconnected: [WinError 10051] A socket operation was attempted to an unreachable network
2026-02-10 16:44:27,529 [ERROR] Polling thread error: PLC disconnected: [WinError 10051] A socket operation was attempted to an unreachable network
2026-02-10 16:44:28,624 [ERROR] Polling thread error: PLC disconnected: [WinError 10051] A socket operation was attempted to an unreachable network
2026-02-10 16:44:29,732 [ERROR] Polling thread error: PLC disconnected: [WinError 10051] A socket operation was attempted to an unreachable network
2026-02-10 16:44:30,817 [ERROR] Polling thread error: PLC disconnected: [WinError 10051] A socket operation was attempted to an unreachable network
2026-02-10 16:44:31,902 [ERROR] Polling thread error: PLC disconnected: [WinError 10051] A socket operation was attempted to an unreachable network
2026-02-10 16:44:33,007 [ERROR] Polling thread error: PLC disconnected: [WinError 10051] A socket operation was attempted to an unreachable network
2026-02-10 16:44:34,095 [ERROR] Polling thread error: PLC disconnected: [WinError 10051] A socket operation was attempted to an unreachable network
2026-02-10 16:44:35,186 [ERROR] Polling thread error: PLC disconnected: [WinError 10051] A socket operation was attempted to an unreachable network
2026-02-10 16:44:36,289 [ERROR] Polling thread error: PLC disconnected: [WinError 10051] A socket operation was attempted to an unreachable network
2026-02-10 16:44:37,387 [ERROR] Polling thread error: PLC disconnected: [WinError 10051] A socket operation was attempted to an unreachable network
2026-02-10 16:44:38,492 [ERROR] Polling thread error: PLC disconnected: [WinError 10051] A socket operation was attempted to an unreachable network
2026-02-10 16:44:39,583 [ERROR] Polling thread error: PLC disconnected: [WinError 10051] A socket operation was attempted to an unreachable network
2026-02-10 16:44:40,669 [ERROR] Polling thread error: PLC disconnected: [WinError 10051] A socket operation was attempted to an unreachable network
2026-02-10 16:44:41,760 [ERROR] Polling thread error: PLC disconnected: [WinError 10051] A socket operation was attempted to an unreachable network
2026-02-10 16:44:42,850 [ERROR] Polling thread error: PLC disconnected: [WinError 10051] A socket operation was attempted to an unreachable network
2026-02-10 16:44:43,971 [ERROR] Polling thread error: PLC disconnected: [WinError 10051] A socket operation was attempted to an unreachable network
2026-02-10 16:44:45,062 [ERROR] Polling thread error: PLC disconnected: [WinError 10051] A socket operation was attempted to an unreachable network
2026-02-10 16:44:46,168 [ERROR] Polling thread error: PLC disconnected: [WinError 10051] A socket operation was attempted to an unreachable network
2026-02-10 16:44:47,256 [ERROR] Polling thread error: PLC disconnected: [WinError 10051] A socket operation was attempted to an unreachable network
2026-02-10 16:44:48,347 [ERROR] Polling thread error: PLC disconnected: [WinError 10051] A socket operation was attempted to an unreachable network
2026-02-10 16:44:49,433 [ERROR] Polling thread error: PLC disconnected: [WinError 10051] A socket operation was attempted to an unreachable network
2026-02-10 16:44:50,520 [ERROR] Polling thread error: PLC disconnected: [WinError 10051] A socket operation was attempted to an unreachable network
2026-02-10 16:44:51,625 [ERROR] Polling thread error: PLC disconnected: [WinError 10051] A socket operation was attempted to an unreachable network
2026-02-10 16:44:52,729 [ERROR] Polling thread error: PLC disconnected: [WinError 10051] A socket operation was attempted to an unreachable network
2026-02-10 16:44:53,826 [ERROR] Polling thread error: PLC disconnected: [WinError 10051] A socket operation was attempted to an unreachable network
2026-02-10 16:44:54,941 [ERROR] Polling thread error: PLC disconnected: [WinError 10051] A socket operation was attempted to an unreachable network
2026-02-10 16:44:56,043 [ERROR] Polling thread error: PLC disconnected: [WinError 10051] A socket operation was attempted to an unreachable network
2026-02-10 16:44:57,153 [ERROR] Polling thread error: PLC disconnected: [WinError 10051] A socket operation was attempted to an unreachable network
2026-02-10 16:44:58,260 [ERROR] Polling thread error: PLC disconnected: [WinError 10051] A socket operation was attempted to an unreachable network
2026-02-10 16:44:59,368 [ERROR] Polling thread error: PLC disconnected: [WinError 10051] A socket operation was attempted to an unreachable network
2026-02-10 16:45:00,456 [ERROR] Polling thread error: PLC disconnected: [WinError 10051] A socket operation was attempted to an unreachable network
2026-02-10 16:45:01,545 [ERROR] Polling thread error: PLC disconnected: [WinError 10051] A socket operation was attempted to an unreachable network
2026-02-10 16:45:02,632 [ERROR] Polling thread error: PLC disconnected: [WinError 10051] A socket operation was attempted to an unreachable network
2026-02-10 16:45:03,723 [ERROR] Polling thread error: PLC disconnected: [WinError 10051] A socket operation was attempted to an unreachable network
2026-02-10 16:45:04,814 [ERROR] Polling thread error: PLC disconnected: [WinError 10051] A socket operation was attempted to an unreachable network
2026-02-10 16:45:05,901 [ERROR] Polling thread error: PLC disconnected: [WinError 10051] A socket operation was attempted to an unreachable network
2026-02-10 16:45:06,990 [ERROR] Polling thread error: PLC disconnected: [WinError 10051] A socket operation was attempted to an unreachable network
2026-02-10 16:45:08,097 [ERROR] Polling thread error: PLC disconnected: [WinError 10051] A socket operation was attempted to an unreachable network
2026-02-10 16:45:09,198 [ERROR] Polling thread error: PLC disconnected: [WinError 10051] A socket operation was attempted to an unreachable network
2026-02-10 16:45:10,286 [ERROR] Polling thread error: PLC disconnected: [WinError 10051] A socket operation was attempted to an unreachable network
2026-02-10 16:45:11,375 [ERROR] Polling thread error: PLC disconnected: [WinError 10051] A socket operation was attempted to an unreachable network
2026-02-10 16:45:12,481 [ERROR] Polling thread error: PLC disconnected: [WinError 10051] A socket operation was attempted to an unreachable network
2026-02-10 16:45:13,575 [ERROR] Polling thread error: PLC disconnected: [WinError 10051] A socket operation was attempted to an unreachable network
2026-02-10 16:45:14,683 [ERROR] Polling thread error: PLC disconnected: [WinError 10051] A socket operation was attempted to an unreachable network
2026-02-10 16:45:15,787 [ERROR] Polling thread error: PLC disconnected: [WinError 10051] A socket operation was attempted to an unreachable network
2026-02-10 16:45:16,907 [ERROR] Polling thread error: PLC disconnected: [WinError 10051] A socket operation was attempted to an unreachable network
2026-02-10 16:45:18,004 [ERROR] Polling thread error: PLC disconnected: [WinError 10051] A socket operation was attempted to an unreachable network
2026-02-10 16:45:19,110 [ERROR] Polling thread error: PLC disconnected: [WinError 10051] A socket operation was attempted to an unreachable network
2026-02-10 16:45:20,203 [ERROR] Polling thread error: PLC disconnected: [WinError 10051] A socket operation was attempted to an unreachable network
2026-02-10 16:45:21,305 [ERROR] Polling thread error: PLC disconnected: [WinError 10051] A socket operation was attempted to an unreachable network
2026-02-10 16:45:22,428 [ERROR] Polling thread error: PLC disconnected: [WinError 10051] A socket operation was attempted to an unreachable network
2026-02-10 16:45:23,540 [ERROR] Polling thread error: PLC disconnected: [WinError 10051] A socket operation was attempted to an unreachable network
2026-02-10 16:45:24,624 [ERROR] Polling thread error: PLC disconnected: [WinError 10051] A socket operation was attempted to an unreachable network
2026-02-10 16:45:25,728 [ERROR] Polling thread error: PLC disconnected: [WinError 10051] A socket operation was attempted to an unreachable network
2026-02-10 16:45:26,836 [ERROR] Polling thread error: PLC disconnected: [WinError 10051] A socket operation was attempted to an unreachable network
2026-02-10 16:45:27,928 [ERROR] Polling thread error: PLC disconnected: [WinError 10051] A socket operation was attempted to an unreachable network
2026-02-10 16:45:29,030 [ERROR] Polling thread error: PLC disconnected: [WinError 10051] A socket operation was attempted to an unreachable network
2026-02-10 16:45:30,118 [ERROR] Polling thread error: PLC disconnected: [WinError 10051] A socket operation was attempted to an unreachable network
2026-02-10 16:45:31,205 [ERROR] Polling thread error: PLC disconnected: [WinError 10051] A socket operation was attempted to an unreachable network
2026-02-10 16:45:32,298 [ERROR] Polling thread error: PLC disconnected: [WinError 10051] A socket operation was attempted to an unreachable network
2026-02-10 16:45:33,386 [ERROR] Polling thread error: PLC disconnected: [WinError 10051] A socket operation was attempted to an unreachable network
2026-02-10 16:45:34,481 [ERROR] Polling thread error: PLC disconnected: [WinError 10051] A socket operation was attempted to an unreachable network
2026-02-10 16:45:35,574 [ERROR] Polling thread error: PLC disconnected: [WinError 10051] A socket operation was attempted to an unreachable network
2026-02-10 16:45:36,658 [ERROR] Polling thread error: PLC disconnected: [WinError 10051] A socket operation was attempted to an unreachable network
2026-02-10 16:45:37,748 [ERROR] Polling thread error: PLC disconnected: [WinError 10051] A socket operation was attempted to an unreachable network
2026-02-10 16:45:38,834 [ERROR] Polling thread error: PLC disconnected: [WinError 10051] A socket operation was attempted to an unreachable network
2026-02-10 16:45:39,927 [ERROR] Polling thread error: PLC disconnected: [WinError 10051] A socket operation was attempted to an unreachable network
2026-02-10 16:45:41,024 [ERROR] Polling thread error: PLC disconnected: [WinError 10051] A socket operation was attempted to an unreachable network
2026-02-10 16:45:42,107 [ERROR] Polling thread error: PLC disconnected: [WinError 10051] A socket operation was attempted to an unreachable network
2026-02-10 16:45:43,210 [ERROR] Polling thread error: PLC disconnected: [WinError 10051] A socket operation was attempted to an unreachable network
2026-02-10 16:45:44,300 [ERROR] Polling thread error: PLC disconnected: [WinError 10051] A socket operation was attempted to an unreachable network
2026-02-10 16:45:45,397 [ERROR] Polling thread error: PLC disconnected: [WinError 10051] A socket operation was attempted to an unreachable network
2026-02-10 16:45:46,478 [ERROR] Polling thread error: PLC disconnected: [WinError 10051] A socket operation was attempted to an unreachable network
2026-02-10 16:45:47,567 [ERROR] Polling thread error: PLC disconnected: [WinError 10051] A socket operation was attempted to an unreachable network
2026-02-10 16:45:48,656 [ERROR] Polling thread error: PLC disconnected: [WinError 10051] A socket operation was attempted to an unreachable network
2026-02-10 16:45:49,747 [ERROR] Polling thread error: PLC disconnected: [WinError 10051] A socket operation was attempted to an unreachable network
2026-02-10 16:45:50,847 [ERROR] Polling thread error: PLC disconnected: [WinError 10051] A socket operation was attempted to an unreachable network
2026-02-10 16:45:51,948 [ERROR] Polling thread error: PLC disconnected: [WinError 10051] A socket operation was attempted to an unreachable network
2026-02-10 16:45:53,049 [ERROR] Polling thread error: PLC disconnected: [WinError 10051] A socket operation was attempted to an unreachable network
2026-02-10 16:45:54,135 [ERROR] Polling thread error: PLC disconnected: [WinError 10051] A socket operation was attempted to an unreachable network
2026-02-10 16:45:55,219 [ERROR] Polling thread error: PLC disconnected: [WinError 10051] A socket operation was attempted to an unreachable network
2026-02-10 16:45:56,307 [ERROR] Polling thread error: PLC disconnected: [WinError 10051] A socket operation was attempted to an unreachable network
2026-02-10 16:45:57,391 [ERROR] Polling thread error: PLC disconnected: [WinError 10051] A socket operation was attempted to an unreachable network
2026-02-10 16:45:58,478 [ERROR] Polling thread error: PLC disconnected: [WinError 10051] A socket operation was attempted to an unreachable network
2026-02-10 16:45:59,577 [ERROR] Polling thread error: PLC disconnected: [WinError 10051] A socket operation was attempted to an unreachable network
2026-02-10 16:46:00,667 [ERROR] Polling thread error: PLC disconnected: [WinError 10051] A socket operation was attempted to an unreachable network
2026-02-10 16:46:01,754 [ERROR] Polling thread error: PLC disconnected: [WinError 10051] A socket operation was attempted to an unreachable network
2026-02-10 16:46:02,840 [ERROR] Polling thread error: PLC disconnected: [WinError 10051] A socket operation was attempted to an unreachable network
2026-02-10 16:46:03,932 [ERROR] Polling thread error: PLC disconnected: [WinError 10051] A socket operation was attempted to an unreachable network
2026-02-10 16:46:05,042 [ERROR] Polling thread error: PLC disconnected: [WinError 10051] A socket operation was attempted to an unreachable network
2026-02-10 16:46:06,149 [ERROR] Polling thread error: PLC disconnected: [WinError 10051] A socket operation was attempted to an unreachable network
2026-02-10 16:46:07,240 [ERROR] Polling thread error: PLC disconnected: [WinError 10051] A socket operation was attempted to an unreachable network
2026-02-10 16:46:08,342 [ERROR] Polling thread error: PLC disconnected: [WinError 10051] A socket operation was attempted to an unreachable network
2026-02-10 16:46:09,429 [ERROR] Polling thread error: PLC disconnected: [WinError 10051] A socket operation was attempted to an unreachable network
2026-02-10 16:46:10,518 [ERROR] Polling thread error: PLC disconnected: [WinError 10051] A socket operation was attempted to an unreachable network
2026-02-10 16:46:11,622 [ERROR] Polling thread error: PLC disconnected: [WinError 10051] A socket operation was attempted to an unreachable network
2026-02-10 16:46:12,725 [ERROR] Polling thread error: PLC disconnected: [WinError 10051] A socket operation was attempted to an unreachable network
2026-02-10 16:46:13,818 [ERROR] Polling thread error: PLC disconnected: [WinError 10051] A socket operation was attempted to an unreachable network
2026-02-10 16:46:14,924 [ERROR] Polling thread error: PLC disconnected: [WinError 10051] A socket operation was attempted to an unreachable network
2026-02-10 16:46:16,010 [ERROR] Polling thread error: PLC disconnected: [WinError 10051] A socket operation was attempted to an unreachable network
2026-02-10 16:46:17,103 [ERROR] Polling thread error: PLC disconnected: [WinError 10051] A socket operation was attempted to an unreachable network
2026-02-10 16:46:18,208 [ERROR] Polling thread error: PLC disconnected: [WinError 10051] A socket operation was attempted to an unreachable network
2026-02-10 16:46:19,313 [ERROR] Polling thread error: PLC disconnected: [WinError 10051] A socket operation was attempted to an unreachable network
2026-02-10 16:46:20,416 [ERROR] Polling thread error: PLC disconnected: [WinError 10051] A socket operation was attempted to an unreachable network
2026-02-10 16:46:21,518 [ERROR] Polling thread error: PLC disconnected: [WinError 10051] A socket operation was attempted to an unreachable network
2026-02-10 16:46:22,616 [ERROR] Polling thread error: PLC disconnected: [WinError 10051] A socket operation was attempted to an unreachable network
2026-02-10 16:46:23,703 [ERROR] Polling thread error: PLC disconnected: [WinError 10051] A socket operation was attempted to an unreachable network
2026-02-10 16:46:24,797 [ERROR] Polling thread error: PLC disconnected: [WinError 10051] A socket operation was attempted to an unreachable network
2026-02-10 16:46:25,903 [ERROR] Polling thread error: PLC disconnected: [WinError 10051] A socket operation was attempted to an unreachable network
2026-02-10 16:46:26,992 [ERROR] Polling thread error: PLC disconnected: [WinError 10051] A socket operation was attempted to an unreachable network
2026-02-10 16:46:28,079 [ERROR] Polling thread error: PLC disconnected: [WinError 10051] A socket operation was attempted to an unreachable network
2026-02-10 16:46:29,182 [ERROR] Polling thread error: PLC disconnected: [WinError 10051] A socket operation was attempted to an unreachable network
2026-02-10 16:46:30,291 [ERROR] Polling thread error: PLC disconnected: [WinError 10051] A socket operation was attempted to an unreachable network
2026-02-10 16:46:31,375 [ERROR] Polling thread error: PLC disconnected: [WinError 10051] A socket operation was attempted to an unreachable network
2026-02-10 16:46:32,468 [ERROR] Polling thread error: PLC disconnected: [WinError 10051] A socket operation was attempted to an unreachable network
2026-02-10 16:46:33,563 [ERROR] Polling thread error: PLC disconnected: [WinError 10051] A socket operation was attempted to an unreachable network
2026-02-10 16:46:34,673 [ERROR] Polling thread error: PLC disconnected: [WinError 10051] A socket operation was attempted to an unreachable network
2026-02-10 16:46:35,781 [ERROR] Polling thread error: PLC disconnected: [WinError 10051] A socket operation was attempted to an unreachable network
2026-02-10 16:46:36,876 [ERROR] Polling thread error: PLC disconnected: [WinError 10051] A socket operation was attempted to an unreachable network
2026-02-10 16:46:37,982 [ERROR] Polling thread error: PLC disconnected: [WinError 10051] A socket operation was attempted to an unreachable network
2026-02-10 16:46:39,090 [ERROR] Polling thread error: PLC disconnected: [WinError 10051] A socket operation was attempted to an unreachable network
2026-02-10 16:46:40,195 [ERROR] Polling thread error: PLC disconnected: [WinError 10051] A socket operation was attempted to an unreachable network
2026-02-10 16:46:41,301 [ERROR] Polling thread error: PLC disconnected: [WinError 10051] A socket operation was attempted to an unreachable network
2026-02-10 16:46:42,407 [ERROR] Polling thread error: PLC disconnected: [WinError 10051] A socket operation was attempted to an unreachable network
2026-02-10 16:46:43,503 [ERROR] Polling thread error: PLC disconnected: [WinError 10051] A socket operation was attempted to an unreachable network
2026-02-10 16:46:44,594 [ERROR] Polling thread error: PLC disconnected: [WinError 10051] A socket operation was attempted to an unreachable network
2026-02-10 16:46:45,692 [ERROR] Polling thread error: PLC disconnected: [WinError 10051] A socket operation was attempted to an unreachable network
2026-02-10 16:46:46,803 [ERROR] Polling thread error: PLC disconnected: [WinError 10051] A socket operation was attempted to an unreachable network
2026-02-10 16:46:47,912 [ERROR] Polling thread error: PLC disconnected: [WinError 10051] A socket operation was attempted to an unreachable network
2026-02-10 16:46:49,019 [ERROR] Polling thread error: PLC disconnected: [WinError 10051] A socket operation was attempted to an unreachable network
2026-02-10 16:46:50,122 [ERROR] Polling thread error: PLC disconnected: [WinError 10051] A socket operation was attempted to an unreachable network
2026-02-10 16:46:51,234 [ERROR] Polling thread error: PLC disconnected: [WinError 10051] A socket operation was attempted to an unreachable network
2026-02-10 16:46:52,339 [ERROR] Polling thread error: PLC disconnected: [WinError 10051] A socket operation was attempted to an unreachable network
2026-02-10 16:46:53,432 [ERROR] Polling thread error: PLC disconnected: [WinError 10051] A socket operation was attempted to an unreachable network
2026-02-10 16:46:54,529 [ERROR] Polling thread error: PLC disconnected: [WinError 10051] A socket operation was attempted to an unreachable network
2026-02-10 16:46:55,639 [ERROR] Polling thread error: PLC disconnected: [WinError 10051] A socket operation was attempted to an unreachable network
2026-02-10 16:46:56,746 [ERROR] Polling thread error: PLC disconnected: [WinError 10051] A socket operation was attempted to an unreachable network
2026-02-10 16:46:57,828 [ERROR] Polling thread error: PLC disconnected: [WinError 10051] A socket operation was attempted to an unreachable network
2026-02-10 16:46:58,922 [ERROR] Polling thread error: PLC disconnected: [WinError 10051] A socket operation was attempted to an unreachable network
2026-02-10 16:47:00,014 [ERROR] Polling thread error: PLC disconnected: [WinError 10051] A socket operation was attempted to an unreachable network
2026-02-10 16:47:01,096 [ERROR] Polling thread error: PLC disconnected: [WinError 10051] A socket operation was attempted to an unreachable network
2026-02-10 16:47:02,179 [ERROR] Polling thread error: PLC disconnected: [WinError 10051] A socket operation was attempted to an unreachable network
2026-02-10 16:47:03,275 [ERROR] Polling thread error: PLC disconnected: [WinError 10051] A socket operation was attempted to an unreachable network
2026-02-10 16:47:04,384 [ERROR] Polling thread error: PLC disconnected: [WinError 10051] A socket operation was attempted to an unreachable network
2026-02-10 16:47:05,474 [ERROR] Polling thread error: PLC disconnected: [WinError 10051] A socket operation was attempted to an unreachable network
2026-02-10 16:47:06,567 [ERROR] Polling thread error: PLC disconnected: [WinError 10051] A socket operation was attempted to an unreachable network
2026-02-10 16:47:07,659 [ERROR] Polling thread error: PLC disconnected: [WinError 10051] A socket operation was attempted to an unreachable network
2026-02-10 16:47:08,756 [ERROR] Polling thread error: PLC disconnected: [WinError 10051] A socket operation was attempted to an unreachable network
2026-02-10 16:47:09,843 [ERROR] Polling thread error: PLC disconnected: [WinError 10051] A socket operation was attempted to an unreachable network
2026-02-10 16:47:10,936 [ERROR] Polling thread error: PLC disconnected: [WinError 10051] A socket operation was attempted to an unreachable network
2026-02-10 16:47:12,039 [ERROR] Polling thread error: PLC disconnected: [WinError 10051] A socket operation was attempted to an unreachable network
2026-02-10 16:47:13,147 [ERROR] Polling thread error: PLC disconnected: [WinError 10051] A socket operation was attempted to an unreachable network
2026-02-10 16:47:14,253 [ERROR] Polling thread error: PLC disconnected: [WinError 10051] A socket operation was attempted to an unreachable network
2026-02-10 16:47:15,359 [ERROR] Polling thread error: PLC disconnected: [WinError 10051] A socket operation was attempted to an unreachable network
2026-02-10 16:47:16,451 [ERROR] Polling thread error: PLC disconnected: [WinError 10051] A socket operation was attempted to an unreachable network
2026-02-10 16:47:17,540 [ERROR] Polling thread error: PLC disconnected: [WinError 10051] A socket operation was attempted to an unreachable network
2026-02-10 16:47:18,642 [ERROR] Polling thread error: PLC disconnected: [WinError 10051] A socket operation was attempted to an unreachable network
2026-02-10 16:47:19,748 [ERROR] Polling thread error: PLC disconnected: [WinError 10051] A socket operation was attempted to an unreachable network
2026-02-10 16:47:20,851 [ERROR] Polling thread error: PLC disconnected: [WinError 10051] A socket operation was attempted to an unreachable network
2026-02-10 16:47:21,955 [ERROR] Polling thread error: PLC disconnected: [WinError 10051] A socket operation was attempted to an unreachable network
2026-02-10 16:47:23,048 [ERROR] Polling thread error: PLC disconnected: [WinError 10051] A socket operation was attempted to an unreachable network
2026-02-10 16:47:24,133 [ERROR] Polling thread error: PLC disconnected: [WinError 10051] A socket operation was attempted to an unreachable network
2026-02-10 16:47:25,222 [ERROR] Polling thread error: PLC disconnected: [WinError 10051] A socket operation was attempted to an unreachable network
2026-02-10 16:47:26,321 [ERROR] Polling thread error: PLC disconnected: [WinError 10051] A socket operation was attempted to an unreachable network
2026-02-10 16:47:27,410 [ERROR] Polling thread error: PLC disconnected: [WinError 10051] A socket operation was attempted to an unreachable network
2026-02-10 16:47:28,515 [ERROR] Polling thread error: PLC disconnected: [WinError 10051] A socket operation was attempted to an unreachable network
2026-02-10 16:47:29,600 [ERROR] Polling thread error: PLC disconnected: [WinError 10051] A socket operation was attempted to an unreachable network
2026-02-10 16:47:30,693 [ERROR] Polling thread error: PLC disconnected: [WinError 10051] A socket operation was attempted to an unreachable network
2026-02-10 16:47:31,796 [ERROR] Polling thread error: PLC disconnected: [WinError 10051] A socket operation was attempted to an unreachable network
2026-02-10 16:47:32,903 [ERROR] Polling thread error: PLC disconnected: [WinError 10051] A socket operation was attempted to an unreachable network
2026-02-10 16:47:33,994 [ERROR] Polling thread error: PLC disconnected: [WinError 10051] A socket operation was attempted to an unreachable network
2026-02-10 16:47:35,100 [ERROR] Polling thread error: PLC disconnected: [WinError 10051] A socket operation was attempted to an unreachable network
2026-02-10 16:47:36,207 [ERROR] Polling thread error: PLC disconnected: [WinError 10051] A socket operation was attempted to an unreachable network
2026-02-10 16:47:37,297 [ERROR] Polling thread error: PLC disconnected: [WinError 10051] A socket operation was attempted to an unreachable network
2026-02-10 16:47:38,401 [ERROR] Polling thread error: PLC disconnected: [WinError 10051] A socket operation was attempted to an unreachable network
2026-02-10 16:47:39,508 [ERROR] Polling thread error: PLC disconnected: [WinError 10051] A socket operation was attempted to an unreachable network
2026-02-10 16:47:40,597 [ERROR] Polling thread error: PLC disconnected: [WinError 10051] A socket operation was attempted to an unreachable network
2026-02-10 16:47:41,705 [ERROR] Polling thread error: PLC disconnected: [WinError 10051] A socket operation was attempted to an unreachable network
2026-02-10 16:47:42,794 [ERROR] Polling thread error: PLC disconnected: [WinError 10051] A socket operation was attempted to an unreachable network
2026-02-10 16:47:43,890 [ERROR] Polling thread error: PLC disconnected: [WinError 10051] A socket operation was attempted to an unreachable network
2026-02-10 16:47:44,975 [ERROR] Polling thread error: PLC disconnected: [WinError 10051] A socket operation was attempted to an unreachable network
2026-02-10 16:47:46,058 [ERROR] Polling thread error: PLC disconnected: [WinError 10051] A socket operation was attempted to an unreachable network
2026-02-10 16:51:47,590 [ERROR] Polling thread error: PLC disconnected: [WinError 10051] A socket operation was attempted to an unreachable network
2026-02-10 16:51:48,689 [ERROR] Polling thread error: PLC disconnected: [WinError 10051] A socket operation was attempted to an unreachable network
2026-02-10 16:51:49,795 [ERROR] Polling thread error: PLC disconnected: [WinError 10051] A socket operation was attempted to an unreachable network
2026-02-10 16:51:50,886 [ERROR] Polling thread error: PLC disconnected: [WinError 10051] A socket operation was attempted to an unreachable network
2026-02-10 16:51:51,965 [ERROR] Polling thread error: PLC disconnected: [WinError 10051] A socket operation was attempted to an unreachable network
2026-02-10 16:51:53,044 [ERROR] Polling thread error: PLC disconnected: [WinError 10051] A socket operation was attempted to an unreachable network
2026-02-10 16:51:54,131 [ERROR] Polling thread error: PLC disconnected: [WinError 10051] A socket operation was attempted to an unreachable network
2026-02-10 16:51:55,219 [ERROR] Polling thread error: PLC disconnected: [WinError 10051] A socket operation was attempted to an unreachable network
2026-02-10 16:51:56,308 [ERROR] Polling thread error: PLC disconnected: [WinError 10051] A socket operation was attempted to an unreachable network
2026-02-10 16:51:57,385 [ERROR] Polling thread error: PLC disconnected: [WinError 10051] A socket operation was attempted to an unreachable network
2026-02-10 16:51:58,474 [ERROR] Polling thread error: PLC disconnected: [WinError 10051] A socket operation was attempted to an unreachable network
2026-02-10 16:51:59,554 [ERROR] Polling thread error: PLC disconnected: [WinError 10051] A socket operation was attempted to an unreachable network
2026-02-10 16:52:00,631 [ERROR] Polling thread error: PLC disconnected: [WinError 10051] A socket operation was attempted to an unreachable network
2026-02-10 16:52:01,719 [ERROR] Polling thread error: PLC disconnected: [WinError 10051] A socket operation was attempted to an unreachable network
2026-02-10 16:52:02,796 [ERROR] Polling thread error: PLC disconnected: [WinError 10051] A socket operation was attempted to an unreachable network
2026-02-10 16:52:03,884 [ERROR] Polling thread error: PLC disconnected: [WinError 10051] A socket operation was attempted to an unreachable network
2026-02-10 16:52:04,962 [ERROR] Polling thread error: PLC disconnected: [WinError 10051] A socket operation was attempted to an unreachable network
2026-02-10 16:52:06,042 [ERROR] Polling thread error: PLC disconnected: [WinError 10051] A socket operation was attempted to an unreachable network
2026-02-10 16:52:07,132 [ERROR] Polling thread error: PLC disconnected: [WinError 10051] A socket operation was attempted to an unreachable network
2026-02-10 16:52:08,218 [ERROR] Polling thread error: PLC disconnected: [WinError 10051] A socket operation was attempted to an unreachable network
2026-02-10 16:52:09,314 [ERROR] Polling thread error: PLC disconnected: [WinError 10051] A socket operation was attempted to an unreachable network
2026-02-10 16:52:10,407 [ERROR] Polling thread error: PLC disconnected: [WinError 10051] A socket operation was attempted to an unreachable network
2026-02-10 16:52:11,511 [ERROR] Polling thread error: PLC disconnected: [WinError 10051] A socket operation was attempted to an unreachable network
2026-02-10 16:52:12,609 [ERROR] Polling thread error: PLC disconnected: [WinError 10051] A socket operation was attempted to an unreachable network
2026-02-10 16:52:13,697 [ERROR] Polling thread error: PLC disconnected: [WinError 10051] A socket operation was attempted to an unreachable network
2026-02-10 16:52:14,790 [ERROR] Polling thread error: PLC disconnected: [WinError 10051] A socket operation was attempted to an unreachable network
2026-02-10 16:52:15,878 [ERROR] Polling thread error: PLC disconnected: [WinError 10051] A socket operation was attempted to an unreachable network
2026-02-10 16:52:16,968 [ERROR] Polling thread error: PLC disconnected: [WinError 10051] A socket operation was attempted to an unreachable network
2026-02-10 16:52:18,064 [ERROR] Polling thread error: PLC disconnected: [WinError 10051] A socket operation was attempted to an unreachable network
2026-02-10 16:52:19,157 [ERROR] Polling thread error: PLC disconnected: [WinError 10051] A socket operation was attempted to an unreachable network
2026-02-10 16:52:20,245 [ERROR] Polling thread error: PLC disconnected: [WinError 10051] A socket operation was attempted to an unreachable network
2026-02-10 16:52:21,332 [ERROR] Polling thread error: PLC disconnected: [WinError 10051] A socket operation was attempted to an unreachable network
2026-02-10 16:52:22,419 [ERROR] Polling thread error: PLC disconnected: [WinError 10051] A socket operation was attempted to an unreachable network
2026-02-10 16:52:23,506 [ERROR] Polling thread error: PLC disconnected: [WinError 10051] A socket operation was attempted to an unreachable network
2026-02-10 16:52:24,598 [ERROR] Polling thread error: PLC disconnected: [WinError 10051] A socket operation was attempted to an unreachable network
2026-02-10 16:52:25,702 [ERROR] Polling thread error: PLC disconnected: [WinError 10051] A socket operation was attempted to an unreachable network
2026-02-10 16:52:26,790 [ERROR] Polling thread error: PLC disconnected: [WinError 10051] A socket operation was attempted to an unreachable network
2026-02-10 16:52:27,881 [ERROR] Polling thread error: PLC disconnected: [WinError 10051] A socket operation was attempted to an unreachable network
2026-02-10 16:52:28,969 [ERROR] Polling thread error: PLC disconnected: [WinError 10051] A socket operation was attempted to an unreachable network
2026-02-10 16:52:30,062 [ERROR] Polling thread error: PLC disconnected: [WinError 10051] A socket operation was attempted to an unreachable network
2026-02-10 16:52:31,163 [ERROR] Polling thread error: PLC disconnected: [WinError 10051] A socket operation was attempted to an unreachable network
2026-02-10 16:52:32,247 [ERROR] Polling thread error: PLC disconnected: [WinError 10051] A socket operation was attempted to an unreachable network
2026-02-10 16:52:33,356 [ERROR] Polling thread error: PLC disconnected: [WinError 10051] A socket operation was attempted to an unreachable network
2026-02-10 16:52:34,441 [ERROR] Polling thread error: PLC disconnected: [WinError 10051] A socket operation was attempted to an unreachable network
2026-02-10 16:52:35,546 [ERROR] Polling thread error: PLC disconnected: [WinError 10051] A socket operation was attempted to an unreachable network
2026-02-10 16:52:36,637 [ERROR] Polling thread error: PLC disconnected: [WinError 10051] A socket operation was attempted to an unreachable network
2026-02-10 16:52:37,725 [ERROR] Polling thread error: PLC disconnected: [WinError 10051] A socket operation was attempted to an unreachable network
2026-02-10 16:52:38,829 [ERROR] Polling thread error: PLC disconnected: [WinError 10051] A socket operation was attempted to an unreachable network
2026-02-10 16:52:39,917 [ERROR] Polling thread error: PLC disconnected: [WinError 10051] A socket operation was attempted to an unreachable network
2026-02-10 16:52:41,005 [ERROR] Polling thread error: PLC disconnected: [WinError 10051] A socket operation was attempted to an unreachable network
2026-02-10 16:52:42,107 [ERROR] Polling thread error: PLC disconnected: [WinError 10051] A socket operation was attempted to an unreachable network
2026-02-10 16:52:43,209 [ERROR] Polling thread error: PLC disconnected: [WinError 10051] A socket operation was attempted to an unreachable network
2026-02-10 16:52:44,297 [ERROR] Polling thread error: PLC disconnected: [WinError 10051] A socket operation was attempted to an unreachable network
2026-02-10 16:52:45,385 [ERROR] Polling thread error: PLC disconnected: [WinError 10051] A socket operation was attempted to an unreachable network
2026-02-10 16:52:46,475 [ERROR] Polling thread error: PLC disconnected: [WinError 10051] A socket operation was attempted to an unreachable network
2026-02-10 16:52:47,580 [ERROR] Polling thread error: PLC disconnected: [WinError 10051] A socket operation was attempted to an unreachable network
2026-02-10 16:52:48,672 [ERROR] Polling thread error: PLC disconnected: [WinError 10051] A socket operation was attempted to an unreachable network
2026-02-10 16:52:49,778 [ERROR] Polling thread error: PLC disconnected: [WinError 10051] A socket operation was attempted to an unreachable network
2026-02-10 16:52:50,878 [ERROR] Polling thread error: PLC disconnected: [WinError 10051] A socket operation was attempted to an unreachable network
2026-02-10 16:52:51,989 [ERROR] Polling thread error: PLC disconnected: [WinError 10051] A socket operation was attempted to an unreachable network
2026-02-10 16:52:53,072 [ERROR] Polling thread error: PLC disconnected: [WinError 10051] A socket operation was attempted to an unreachable network
2026-02-10 16:52:54,174 [ERROR] Polling thread error: PLC disconnected: [WinError 10051] A socket operation was attempted to an unreachable network
2026-02-10 16:52:55,274 [ERROR] Polling thread error: PLC disconnected: [WinError 10051] A socket operation was attempted to an unreachable network
2026-02-10 16:52:56,394 [ERROR] Polling thread error: PLC disconnected: [WinError 10051] A socket operation was attempted to an unreachable network
2026-02-10 16:52:57,481 [ERROR] Polling thread error: PLC disconnected: [WinError 10051] A socket operation was attempted to an unreachable network
2026-02-10 16:52:58,576 [ERROR] Polling thread error: PLC disconnected: [WinError 10051] A socket operation was attempted to an unreachable network
2026-02-10 16:52:59,675 [ERROR] Polling thread error: PLC disconnected: [WinError 10051] A socket operation was attempted to an unreachable network
2026-02-10 16:53:00,775 [ERROR] Polling thread error: PLC disconnected: [WinError 10051] A socket operation was attempted to an unreachable network
2026-02-10 16:53:01,882 [ERROR] Polling thread error: PLC disconnected: [WinError 10051] A socket operation was attempted to an unreachable network
2026-02-10 16:53:02,980 [ERROR] Polling thread error: PLC disconnected: [WinError 10051] A socket operation was attempted to an unreachable network
2026-02-10 16:53:04,072 [ERROR] Polling thread error: PLC disconnected: [WinError 10051] A socket operation was attempted to an unreachable network
2026-02-10 16:53:05,157 [ERROR] Polling thread error: PLC disconnected: [WinError 10051] A socket operation was attempted to an unreachable network
2026-02-10 16:53:06,246 [ERROR] Polling thread error: PLC disconnected: [WinError 10051] A socket operation was attempted to an unreachable network
2026-02-10 16:53:07,352 [ERROR] Polling thread error: PLC disconnected: [WinError 10051] A socket operation was attempted to an unreachable network
2026-02-10 16:53:08,452 [ERROR] Polling thread error: PLC disconnected: [WinError 10051] A socket operation was attempted to an unreachable network
2026-02-10 16:53:09,543 [ERROR] Polling thread error: PLC disconnected: [WinError 10051] A socket operation was attempted to an unreachable network
2026-02-10 16:53:10,665 [ERROR] Polling thread error: PLC disconnected: [WinError 10051] A socket operation was attempted to an unreachable network
2026-02-10 16:53:11,753 [ERROR] Polling thread error: PLC disconnected: [WinError 10051] A socket operation was attempted to an unreachable network
2026-02-10 16:53:12,855 [ERROR] Polling thread error: PLC disconnected: [WinError 10051] A socket operation was attempted to an unreachable network
2026-02-10 16:53:13,944 [ERROR] Polling thread error: PLC disconnected: [WinError 10051] A socket operation was attempted to an unreachable network
2026-02-10 16:53:15,029 [ERROR] Polling thread error: PLC disconnected: [WinError 10051] A socket operation was attempted to an unreachable network
2026-02-10 16:53:16,123 [ERROR] Polling thread error: PLC disconnected: [WinError 10051] A socket operation was attempted to an unreachable network
2026-02-10 16:53:17,221 [ERROR] Polling thread error: PLC disconnected: [WinError 10051] A socket operation was attempted to an unreachable network
2026-02-10 16:53:18,313 [ERROR] Polling thread error: PLC disconnected: [WinError 10051] A socket operation was attempted to an unreachable network
2026-02-10 16:53:19,411 [ERROR] Polling thread error: PLC disconnected: [WinError 10051] A socket operation was attempted to an unreachable network
2026-02-10 16:53:20,504 [ERROR] Polling thread error: PLC disconnected: [WinError 10051] A socket operation was attempted to an unreachable network
2026-02-10 16:53:21,600 [ERROR] Polling thread error: PLC disconnected: [WinError 10051] A socket operation was attempted to an unreachable network
2026-02-10 16:53:22,689 [ERROR] Polling thread error: PLC disconnected: [WinError 10051] A socket operation was attempted to an unreachable network
2026-02-10 16:53:23,779 [ERROR] Polling thread error: PLC disconnected: [WinError 10051] A socket operation was attempted to an unreachable network
2026-02-10 16:53:24,874 [ERROR] Polling thread error: PLC disconnected: [WinError 10051] A socket operation was attempted to an unreachable network
2026-02-10 16:53:25,962 [ERROR] Polling thread error: PLC disconnected: [WinError 10051] A socket operation was attempted to an unreachable network
2026-02-10 16:53:27,063 [ERROR] Polling thread error: PLC disconnected: [WinError 10051] A socket operation was attempted to an unreachable network
2026-02-10 16:53:28,180 [ERROR] Polling thread error: PLC disconnected: [WinError 10051] A socket operation was attempted to an unreachable network
2026-02-10 16:53:29,271 [ERROR] Polling thread error: PLC disconnected: [WinError 10051] A socket operation was attempted to an unreachable network
2026-02-10 16:53:30,354 [ERROR] Polling thread error: PLC disconnected: [WinError 10051] A socket operation was attempted to an unreachable network
2026-02-10 16:53:31,461 [ERROR] Polling thread error: PLC disconnected: [WinError 10051] A socket operation was attempted to an unreachable network
2026-02-10 16:53:32,545 [ERROR] Polling thread error: PLC disconnected: [WinError 10051] A socket operation was attempted to an unreachable network
2026-02-10 16:53:33,627 [ERROR] Polling thread error: PLC disconnected: [WinError 10051] A socket operation was attempted to an unreachable network
2026-02-10 16:53:34,731 [ERROR] Polling thread error: PLC disconnected: [WinError 10051] A socket operation was attempted to an unreachable network
2026-02-10 16:53:35,827 [ERROR] Polling thread error: PLC disconnected: [WinError 10051] A socket operation was attempted to an unreachable network
2026-02-10 16:53:36,909 [ERROR] Polling thread error: PLC disconnected: [WinError 10051] A socket operation was attempted to an unreachable network
2026-02-10 16:53:37,999 [ERROR] Polling thread error: PLC disconnected: [WinError 10051] A socket operation was attempted to an unreachable network
2026-02-10 16:53:39,095 [ERROR] Polling thread error: PLC disconnected: [WinError 10051] A socket operation was attempted to an unreachable network
2026-02-10 16:53:40,199 [ERROR] Polling thread error: PLC disconnected: [WinError 10051] A socket operation was attempted to an unreachable network
2026-02-10 16:53:41,303 [ERROR] Polling thread error: PLC disconnected: [WinError 10051] A socket operation was attempted to an unreachable network
2026-02-10 16:53:42,391 [ERROR] Polling thread error: PLC disconnected: [WinError 10051] A socket operation was attempted to an unreachable network
2026-02-10 16:53:43,488 [ERROR] Polling thread error: PLC disconnected: [WinError 10051] A socket operation was attempted to an unreachable network
2026-02-10 16:53:44,584 [ERROR] Polling thread error: PLC disconnected: [WinError 10051] A socket operation was attempted to an unreachable network
2026-02-10 16:53:45,682 [ERROR] Polling thread error: PLC disconnected: [WinError 10051] A socket operation was attempted to an unreachable network
2026-02-10 16:53:46,776 [ERROR] Polling thread error: PLC disconnected: [WinError 10051] A socket operation was attempted to an unreachable network
2026-02-10 16:53:47,858 [ERROR] Polling thread error: PLC disconnected: [WinError 10051] A socket operation was attempted to an unreachable network
2026-02-10 16:53:48,955 [ERROR] Polling thread error: PLC disconnected: [WinError 10051] A socket operation was attempted to an unreachable network
2026-02-10 16:53:50,041 [ERROR] Polling thread error: PLC disconnected: [WinError 10051] A socket operation was attempted to an unreachable network
2026-02-10 16:53:51,124 [ERROR] Polling thread error: PLC disconnected: [WinError 10051] A socket operation was attempted to an unreachable network
2026-02-10 16:53:52,224 [ERROR] Polling thread error: PLC disconnected: [WinError 10051] A socket operation was attempted to an unreachable network
2026-02-10 16:53:53,310 [ERROR] Polling thread error: PLC disconnected: [WinError 10051] A socket operation was attempted to an unreachable network
2026-02-10 16:53:54,416 [ERROR] Polling thread error: PLC disconnected: [WinError 10051] A socket operation was attempted to an unreachable network
2026-02-10 16:53:55,506 [ERROR] Polling thread error: PLC disconnected: [WinError 10051] A socket operation was attempted to an unreachable network
2026-02-10 16:53:56,593 [ERROR] Polling thread error: PLC disconnected: [WinError 10051] A socket operation was attempted to an unreachable network
2026-02-10 16:53:57,701 [ERROR] Polling thread error: PLC disconnected: [WinError 10051] A socket operation was attempted to an unreachable network
2026-02-10 16:53:58,786 [ERROR] Polling thread error: PLC disconnected: [WinError 10051] A socket operation was attempted to an unreachable network
2026-02-10 16:53:59,866 [ERROR] Polling thread error: PLC disconnected: [WinError 10051] A socket operation was attempted to an unreachable network
2026-02-10 16:54:00,970 [ERROR] Polling thread error: PLC disconnected: [WinError 10051] A socket operation was attempted to an unreachable network
2026-02-10 16:54:02,071 [ERROR] Polling thread error: PLC disconnected: [WinError 10051] A socket operation was attempted to an unreachable network
2026-02-10 16:54:03,157 [ERROR] Polling thread error: PLC disconnected: [WinError 10051] A socket operation was attempted to an unreachable network
2026-02-10 16:54:04,258 [ERROR] Polling thread error: PLC disconnected: [WinError 10051] A socket operation was attempted to an unreachable network
2026-02-10 16:54:05,349 [ERROR] Polling thread error: PLC disconnected: [WinError 10051] A socket operation was attempted to an unreachable network
2026-02-10 16:54:06,437 [ERROR] Polling thread error: PLC disconnected: [WinError 10051] A socket operation was attempted to an unreachable network
2026-02-10 16:54:07,525 [ERROR] Polling thread error: PLC disconnected: [WinError 10051] A socket operation was attempted to an unreachable network
2026-02-10 16:54:08,610 [ERROR] Polling thread error: PLC disconnected: [WinError 10051] A socket operation was attempted to an unreachable network
2026-02-10 16:54:09,705 [ERROR] Polling thread error: PLC disconnected: [WinError 10051] A socket operation was attempted to an unreachable network
2026-02-10 16:54:10,812 [ERROR] Polling thread error: PLC disconnected: [WinError 10051] A socket operation was attempted to an unreachable network
2026-02-10 16:54:11,925 [ERROR] Polling thread error: PLC disconnected: [WinError 10051] A socket operation was attempted to an unreachable network
2026-02-10 16:54:13,015 [ERROR] Polling thread error: PLC disconnected: [WinError 10051] A socket operation was attempted to an unreachable network
2026-02-10 16:54:14,119 [ERROR] Polling thread error: PLC disconnected: [WinError 10051] A socket operation was attempted to an unreachable network
2026-02-10 16:54:15,205 [ERROR] Polling thread error: PLC disconnected: [WinError 10051] A socket operation was attempted to an unreachable network
2026-02-10 16:54:16,315 [ERROR] Polling thread error: PLC disconnected: [WinError 10051] A socket operation was attempted to an unreachable network
2026-02-10 16:54:17,399 [ERROR] Polling thread error: PLC disconnected: [WinError 10051] A socket operation was attempted to an unreachable network
2026-02-10 16:54:18,506 [ERROR] Polling thread error: PLC disconnected: [WinError 10051] A socket operation was attempted to an unreachable network
2026-02-10 16:54:19,620 [ERROR] Polling thread error: PLC disconnected: [WinError 10051] A socket operation was attempted to an unreachable network
2026-02-10 16:54:20,718 [ERROR] Polling thread error: PLC disconnected: [WinError 10051] A socket operation was attempted to an unreachable network
2026-02-10 16:54:21,810 [ERROR] Polling thread error: PLC disconnected: [WinError 10051] A socket operation was attempted to an unreachable network
2026-02-10 16:54:22,936 [ERROR] Polling thread error: PLC disconnected: [WinError 10051] A socket operation was attempted to an unreachable network
2026-02-10 16:54:24,041 [ERROR] Polling thread error: PLC disconnected: [WinError 10051] A socket operation was attempted to an unreachable network
2026-02-10 16:54:25,147 [ERROR] Polling thread error: PLC disconnected: [WinError 10051] A socket operation was attempted to an unreachable network
2026-02-10 16:54:26,265 [ERROR] Polling thread error: PLC disconnected: [WinError 10051] A socket operation was attempted to an unreachable network
2026-02-10 16:54:27,373 [ERROR] Polling thread error: PLC disconnected: [WinError 10051] A socket operation was attempted to an unreachable network
2026-02-10 16:54:28,463 [ERROR] Polling thread error: PLC disconnected: [WinError 10051] A socket operation was attempted to an unreachable network
2026-02-10 16:54:29,567 [ERROR] Polling thread error: PLC disconnected: [WinError 10051] A socket operation was attempted to an unreachable network
2026-02-10 16:54:30,667 [ERROR] Polling thread error: PLC disconnected: [WinError 10051] A socket operation was attempted to an unreachable network
2026-02-10 16:54:31,761 [ERROR] Polling thread error: PLC disconnected: [WinError 10051] A socket operation was attempted to an unreachable network
2026-02-10 16:54:32,865 [ERROR] Polling thread error: PLC disconnected: [WinError 10051] A socket operation was attempted to an unreachable network
2026-02-10 16:54:33,960 [ERROR] Polling thread error: PLC disconnected: [WinError 10051] A socket operation was attempted to an unreachable network
2026-02-10 16:54:35,049 [ERROR] Polling thread error: PLC disconnected: [WinError 10051] A socket operation was attempted to an unreachable network
2026-02-10 16:54:36,151 [ERROR] Polling thread error: PLC disconnected: [WinError 10051] A socket operation was attempted to an unreachable network
2026-02-10 16:54:37,257 [ERROR] Polling thread error: PLC disconnected: [WinError 10051] A socket operation was attempted to an unreachable network
2026-02-10 16:54:38,344 [ERROR] Polling thread error: PLC disconnected: [WinError 10051] A socket operation was attempted to an unreachable network
2026-02-10 16:54:39,448 [ERROR] Polling thread error: PLC disconnected: [WinError 10051] A socket operation was attempted to an unreachable network
2026-02-10 16:54:40,558 [ERROR] Polling thread error: PLC disconnected: [WinError 10051] A socket operation was attempted to an unreachable network
2026-02-10 16:54:41,648 [ERROR] Polling thread error: PLC disconnected: [WinError 10051] A socket operation was attempted to an unreachable network
2026-02-10 16:54:42,751 [ERROR] Polling thread error: PLC disconnected: [WinError 10051] A socket operation was attempted to an unreachable network
2026-02-10 16:54:43,842 [ERROR] Polling thread error: PLC disconnected: [WinError 10051] A socket operation was attempted to an unreachable network
2026-02-10 16:54:44,933 [ERROR] Polling thread error: PLC disconnected: [WinError 10051] A socket operation was attempted to an unreachable network
2026-02-10 16:54:46,039 [ERROR] Polling thread error: PLC disconnected: [WinError 10051] A socket operation was attempted to an unreachable network
2026-02-10 16:54:47,156 [ERROR] Polling thread error: PLC disconnected: [WinError 10051] A socket operation was attempted to an unreachable network
2026-02-10 16:54:48,254 [ERROR] Polling thread error: PLC disconnected: [WinError 10051] A socket operation was attempted to an unreachable network
2026-02-10 16:54:49,354 [ERROR] Polling thread error: PLC disconnected: [WinError 10051] A socket operation was attempted to an unreachable network
2026-02-10 16:54:50,459 [ERROR] Polling thread error: PLC disconnected: [WinError 10051] A socket operation was attempted to an unreachable network
2026-02-10 16:54:51,553 [ERROR] Polling thread error: PLC disconnected: [WinError 10051] A socket operation was attempted to an unreachable network
2026-02-10 16:54:52,639 [ERROR] Polling thread error: PLC disconnected: [WinError 10051] A socket operation was attempted to an unreachable network
2026-02-10 16:54:53,729 [ERROR] Polling thread error: PLC disconnected: [WinError 10051] A socket operation was attempted to an unreachable network
2026-02-10 16:54:54,822 [ERROR] Polling thread error: PLC disconnected: [WinError 10051] A socket operation was attempted to an unreachable network
2026-02-10 16:54:55,913 [ERROR] Polling thread error: PLC disconnected: [WinError 10051] A socket operation was attempted to an unreachable network
2026-02-10 16:54:57,013 [ERROR] Polling thread error: PLC disconnected: [WinError 10051] A socket operation was attempted to an unreachable network
2026-02-10 16:54:58,131 [ERROR] Polling thread error: PLC disconnected: [WinError 10051] A socket operation was attempted to an unreachable network
2026-02-10 16:54:59,237 [ERROR] Polling thread error: PLC disconnected: [WinError 10051] A socket operation was attempted to an unreachable network
2026-02-10 16:55:00,328 [ERROR] Polling thread error: PLC disconnected: [WinError 10051] A socket operation was attempted to an unreachable network
2026-02-10 16:55:01,429 [ERROR] Polling thread error: PLC disconnected: [WinError 10051] A socket operation was attempted to an unreachable network
2026-02-10 16:55:02,538 [ERROR] Polling thread error: PLC disconnected: [WinError 10051] A socket operation was attempted to an unreachable network
2026-02-10 16:55:03,627 [ERROR] Polling thread error: PLC disconnected: [WinError 10051] A socket operation was attempted to an unreachable network
2026-02-10 16:55:04,720 [ERROR] Polling thread error: PLC disconnected: [WinError 10051] A socket operation was attempted to an unreachable network
2026-02-10 16:55:05,808 [ERROR] Polling thread error: PLC disconnected: [WinError 10051] A socket operation was attempted to an unreachable network
2026-02-10 16:55:06,897 [ERROR] Polling thread error: PLC disconnected: [WinError 10051] A socket operation was attempted to an unreachable network
2026-02-10 16:55:08,006 [ERROR] Polling thread error: PLC disconnected: [WinError 10051] A socket operation was attempted to an unreachable network
2026-02-10 16:55:09,105 [ERROR] Polling thread error: PLC disconnected: [WinError 10051] A socket operation was attempted to an unreachable network
2026-02-10 16:55:10,201 [ERROR] Polling thread error: PLC disconnected: [WinError 10051] A socket operation was attempted to an unreachable network
2026-02-10 16:55:11,309 [ERROR] Polling thread error: PLC disconnected: [WinError 10051] A socket operation was attempted to an unreachable network
2026-02-10 16:55:12,425 [ERROR] Polling thread error: PLC disconnected: [WinError 10051] A socket operation was attempted to an unreachable network
2026-02-10 16:55:13,534 [ERROR] Polling thread error: PLC disconnected: [WinError 10051] A socket operation was attempted to an unreachable network
2026-02-10 16:55:14,644 [ERROR] Polling thread error: PLC disconnected: [WinError 10051] A socket operation was attempted to an unreachable network
2026-02-10 16:55:15,749 [ERROR] Polling thread error: PLC disconnected: [WinError 10051] A socket operation was attempted to an unreachable network
2026-02-10 16:55:16,845 [ERROR] Polling thread error: PLC disconnected: [WinError 10051] A socket operation was attempted to an unreachable network
2026-02-10 16:55:17,928 [ERROR] Polling thread error: PLC disconnected: [WinError 10051] A socket operation was attempted to an unreachable network
2026-02-10 16:55:19,031 [ERROR] Polling thread error: PLC disconnected: [WinError 10051] A socket operation was attempted to an unreachable network
2026-02-10 16:55:20,124 [ERROR] Polling thread error: PLC disconnected: [WinError 10051] A socket operation was attempted to an unreachable network
2026-02-10 16:55:21,226 [ERROR] Polling thread error: PLC disconnected: [WinError 10051] A socket operation was attempted to an unreachable network
2026-02-10 16:55:22,319 [ERROR] Polling thread error: PLC disconnected: [WinError 10051] A socket operation was attempted to an unreachable network
2026-02-10 16:55:23,409 [ERROR] Polling thread error: PLC disconnected: [WinError 10051] A socket operation was attempted to an unreachable network
2026-02-10 16:55:24,510 [ERROR] Polling thread error: PLC disconnected: [WinError 10051] A socket operation was attempted to an unreachable network
2026-02-10 16:55:25,618 [ERROR] Polling thread error: PLC disconnected: [WinError 10051] A socket operation was attempted to an unreachable network
2026-02-10 16:55:26,724 [ERROR] Polling thread error: PLC disconnected: [WinError 10051] A socket operation was attempted to an unreachable network
2026-02-10 16:55:27,829 [ERROR] Polling thread error: PLC disconnected: [WinError 10051] A socket operation was attempted to an unreachable network
2026-02-10 16:55:28,923 [ERROR] Polling thread error: PLC disconnected: [WinError 10051] A socket operation was attempted to an unreachable network
2026-02-10 16:55:30,050 [ERROR] Polling thread error: PLC disconnected: [WinError 10051] A socket operation was attempted to an unreachable network
2026-02-10 16:55:31,148 [ERROR] Polling thread error: PLC disconnected: [WinError 10051] A socket operation was attempted to an unreachable network
2026-02-10 16:55:32,243 [ERROR] Polling thread error: PLC disconnected: [WinError 10051] A socket operation was attempted to an unreachable network
2026-02-10 16:55:33,333 [ERROR] Polling thread error: PLC disconnected: [WinError 10051] A socket operation was attempted to an unreachable network
2026-02-10 16:55:34,423 [ERROR] Polling thread error: PLC disconnected: [WinError 10051] A socket operation was attempted to an unreachable network
2026-02-10 16:55:35,528 [ERROR] Polling thread error: PLC disconnected: [WinError 10051] A socket operation was attempted to an unreachable network
2026-02-10 16:55:36,633 [ERROR] Polling thread error: PLC disconnected: [WinError 10051] A socket operation was attempted to an unreachable network
2026-02-10 16:55:37,734 [ERROR] Polling thread error: PLC disconnected: [WinError 10051] A socket operation was attempted to an unreachable network
2026-02-10 16:55:38,844 [ERROR] Polling thread error: PLC disconnected: [WinError 10051] A socket operation was attempted to an unreachable network
2026-02-10 16:55:39,944 [ERROR] Polling thread error: PLC disconnected: [WinError 10051] A socket operation was attempted to an unreachable network
2026-02-10 16:55:41,041 [ERROR] Polling thread error: PLC disconnected: [WinError 10051] A socket operation was attempted to an unreachable network
2026-02-10 16:55:42,148 [ERROR] Polling thread error: PLC disconnected: [WinError 10051] A socket operation was attempted to an unreachable network
2026-02-10 16:55:43,258 [ERROR] Polling thread error: PLC disconnected: [WinError 10051] A socket operation was attempted to an unreachable network
2026-02-10 16:55:44,344 [ERROR] Polling thread error: PLC disconnected: [WinError 10051] A socket operation was attempted to an unreachable network
2026-02-10 16:55:45,447 [ERROR] Polling thread error: PLC disconnected: [WinError 10051] A socket operation was attempted to an unreachable network
2026-02-10 16:55:46,538 [ERROR] Polling thread error: PLC disconnected: [WinError 10051] A socket operation was attempted to an unreachable network
2026-02-10 16:55:47,623 [ERROR] Polling thread error: PLC disconnected: [WinError 10051] A socket operation was attempted to an unreachable network
2026-02-10 16:55:48,723 [ERROR] Polling thread error: PLC disconnected: [WinError 10051] A socket operation was attempted to an unreachable network
2026-02-10 16:55:49,820 [ERROR] Polling thread error: PLC disconnected: [WinError 10051] A socket operation was attempted to an unreachable network
2026-02-10 16:55:50,906 [ERROR] Polling thread error: PLC disconnected: [WinError 10051] A socket operation was attempted to an unreachable network
2026-02-10 16:55:52,013 [ERROR] Polling thread error: PLC disconnected: [WinError 10051] A socket operation was attempted to an unreachable network
2026-02-10 16:55:53,112 [ERROR] Polling thread error: PLC disconnected: [WinError 10051] A socket operation was attempted to an unreachable network
2026-02-10 16:55:54,218 [ERROR] Polling thread error: PLC disconnected: [WinError 10051] A socket operation was attempted to an unreachable network
2026-02-10 16:55:55,326 [ERROR] Polling thread error: PLC disconnected: [WinError 10051] A socket operation was attempted to an unreachable network
2026-02-10 16:55:56,411 [ERROR] Polling thread error: PLC disconnected: [WinError 10051] A socket operation was attempted to an unreachable network
2026-02-10 16:55:57,517 [ERROR] Polling thread error: PLC disconnected: [WinError 10051] A socket operation was attempted to an unreachable network
2026-02-10 16:55:58,606 [ERROR] Polling thread error: PLC disconnected: [WinError 10051] A socket operation was attempted to an unreachable network
2026-02-10 16:55:59,712 [ERROR] Polling thread error: PLC disconnected: [WinError 10051] A socket operation was attempted to an unreachable network
2026-02-10 16:56:00,805 [ERROR] Polling thread error: PLC disconnected: [WinError 10051] A socket operation was attempted to an unreachable network
2026-02-10 16:56:01,903 [ERROR] Polling thread error: PLC disconnected: [WinError 10051] A socket operation was attempted to an unreachable network
2026-02-10 16:56:02,997 [ERROR] Polling thread error: PLC disconnected: [WinError 10051] A socket operation was attempted to an unreachable network
2026-02-10 16:56:04,102 [ERROR] Polling thread error: PLC disconnected: [WinError 10051] A socket operation was attempted to an unreachable network
2026-02-10 16:56:05,190 [ERROR] Polling thread error: PLC disconnected: [WinError 10051] A socket operation was attempted to an unreachable network
2026-02-10 16:56:06,302 [ERROR] Polling thread error: PLC disconnected: [WinError 10051] A socket operation was attempted to an unreachable network
2026-02-10 16:56:07,411 [ERROR] Polling thread error: PLC disconnected: [WinError 10051] A socket operation was attempted to an unreachable network
2026-02-10 16:56:08,513 [ERROR] Polling thread error: PLC disconnected: [WinError 10051] A socket operation was attempted to an unreachable network
2026-02-10 16:56:09,611 [ERROR] Polling thread error: PLC disconnected: [WinError 10051] A socket operation was attempted to an unreachable network
2026-02-10 16:56:10,697 [ERROR] Polling thread error: PLC disconnected: [WinError 10051] A socket operation was attempted to an unreachable network
2026-02-10 16:56:11,784 [ERROR] Polling thread error: PLC disconnected: [WinError 10051] A socket operation was attempted to an unreachable network
2026-02-10 16:56:12,877 [ERROR] Polling thread error: PLC disconnected: [WinError 10051] A socket operation was attempted to an unreachable network
2026-02-10 16:56:13,981 [ERROR] Polling thread error: PLC disconnected: [WinError 10051] A socket operation was attempted to an unreachable network
2026-02-10 16:56:15,101 [ERROR] Polling thread error: PLC disconnected: [WinError 10051] A socket operation was attempted to an unreachable network
2026-02-10 16:56:16,208 [ERROR] Polling thread error: PLC disconnected: [WinError 10051] A socket operation was attempted to an unreachable network
2026-02-10 16:56:17,313 [ERROR] Polling thread error: PLC disconnected: [WinError 10051] A socket operation was attempted to an unreachable network
2026-02-10 16:56:18,434 [ERROR] Polling thread error: PLC disconnected: [WinError 10051] A socket operation was attempted to an unreachable network
2026-02-10 16:56:19,529 [ERROR] Polling thread error: PLC disconnected: [WinError 10051] A socket operation was attempted to an unreachable network
2026-02-10 16:56:20,622 [ERROR] Polling thread error: PLC disconnected: [WinError 10051] A socket operation was attempted to an unreachable network
2026-02-10 16:56:21,721 [ERROR] Polling thread error: PLC disconnected: [WinError 10051] A socket operation was attempted to an unreachable network
2026-02-10 16:56:22,819 [ERROR] Polling thread error: PLC disconnected: [WinError 10051] A socket operation was attempted to an unreachable network
2026-02-10 16:56:23,920 [ERROR] Polling thread error: PLC disconnected: [WinError 10051] A socket operation was attempted to an unreachable network
2026-02-10 16:56:25,013 [ERROR] Polling thread error: PLC disconnected: [WinError 10051] A socket operation was attempted to an unreachable network
2026-02-10 16:56:26,105 [ERROR] Polling thread error: PLC disconnected: [WinError 10051] A socket operation was attempted to an unreachable network
2026-02-10 16:56:27,199 [ERROR] Polling thread error: PLC disconnected: [WinError 10051] A socket operation was attempted to an unreachable network
2026-02-10 16:56:28,306 [ERROR] Polling thread error: PLC disconnected: [WinError 10051] A socket operation was attempted to an unreachable network
2026-02-10 16:56:29,391 [ERROR] Polling thread error: PLC disconnected: [WinError 10051] A socket operation was attempted to an unreachable network
2026-02-10 16:56:30,494 [ERROR] Polling thread error: PLC disconnected: [WinError 10051] A socket operation was attempted to an unreachable network
2026-02-10 16:56:31,597 [ERROR] Polling thread error: PLC disconnected: [WinError 10051] A socket operation was attempted to an unreachable network
2026-02-10 16:56:32,687 [ERROR] Polling thread error: PLC disconnected: [WinError 10051] A socket operation was attempted to an unreachable network
2026-02-10 16:56:33,787 [ERROR] Polling thread error: PLC disconnected: [WinError 10051] A socket operation was attempted to an unreachable network
2026-02-10 16:56:34,892 [ERROR] Polling thread error: PLC disconnected: [WinError 10051] A socket operation was attempted to an unreachable network
2026-02-10 16:56:35,997 [ERROR] Polling thread error: PLC disconnected: [WinError 10051] A socket operation was attempted to an unreachable network
2026-02-10 16:56:37,112 [ERROR] Polling thread error: PLC disconnected: [WinError 10051] A socket operation was attempted to an unreachable network
2026-02-10 16:56:38,204 [ERROR] Polling thread error: PLC disconnected: [WinError 10051] A socket operation was attempted to an unreachable network
2026-02-10 16:56:39,309 [ERROR] Polling thread error: PLC disconnected: [WinError 10051] A socket operation was attempted to an unreachable network
2026-02-10 16:56:40,401 [ERROR] Polling thread error: PLC disconnected: [WinError 10051] A socket operation was attempted to an unreachable network
2026-02-10 16:56:41,509 [ERROR] Polling thread error: PLC disconnected: [WinError 10051] A socket operation was attempted to an unreachable network
2026-02-10 16:56:42,627 [ERROR] Polling thread error: PLC disconnected: [WinError 10051] A socket operation was attempted to an unreachable network
2026-02-10 16:56:43,722 [ERROR] Polling thread error: PLC disconnected: [WinError 10051] A socket operation was attempted to an unreachable network
2026-02-10 16:56:44,815 [ERROR] Polling thread error: PLC disconnected: [WinError 10051] A socket operation was attempted to an unreachable network
2026-02-10 16:56:45,907 [ERROR] Polling thread error: PLC disconnected: [WinError 10051] A socket operation was attempted to an unreachable network
2026-02-10 16:56:47,009 [ERROR] Polling thread error: PLC disconnected: [WinError 10051] A socket operation was attempted to an unreachable network
2026-02-10 16:56:48,100 [ERROR] Polling thread error: PLC disconnected: [WinError 10051] A socket operation was attempted to an unreachable network
2026-02-10 16:56:49,196 [ERROR] Polling thread error: PLC disconnected: [WinError 10051] A socket operation was attempted to an unreachable network
2026-02-10 16:56:50,279 [ERROR] Polling thread error: PLC disconnected: [WinError 10051] A socket operation was attempted to an unreachable network
2026-02-10 16:56:51,380 [ERROR] Polling thread error: PLC disconnected: [WinError 10051] A socket operation was attempted to an unreachable network
2026-02-10 16:56:52,497 [ERROR] Polling thread error: PLC disconnected: [WinError 10051] A socket operation was attempted to an unreachable network
2026-02-10 16:56:53,601 [ERROR] Polling thread error: PLC disconnected: [WinError 10051] A socket operation was attempted to an unreachable network
2026-02-10 16:56:54,704 [ERROR] Polling thread error: PLC disconnected: [WinError 10051] A socket operation was attempted to an unreachable network
2026-02-10 16:56:55,801 [ERROR] Polling thread error: PLC disconnected: [WinError 10051] A socket operation was attempted to an unreachable network
2026-02-10 16:56:56,897 [ERROR] Polling thread error: PLC disconnected: [WinError 10051] A socket operation was attempted to an unreachable network
2026-02-10 16:56:57,989 [ERROR] Polling thread error: PLC disconnected: [WinError 10051] A socket operation was attempted to an unreachable network
2026-02-10 16:56:59,089 [ERROR] Polling thread error: PLC disconnected: [WinError 10051] A socket operation was attempted to an unreachable network
2026-02-10 16:57:00,176 [ERROR] Polling thread error: PLC disconnected: [WinError 10051] A socket operation was attempted to an unreachable network
2026-02-10 16:57:01,266 [ERROR] Polling thread error: PLC disconnected: [WinError 10051] A socket operation was attempted to an unreachable network
2026-02-10 16:57:02,356 [ERROR] Polling thread error: PLC disconnected: [WinError 10051] A socket operation was attempted to an unreachable network
2026-02-10 16:57:03,447 [ERROR] Polling thread error: PLC disconnected: [WinError 10051] A socket operation was attempted to an unreachable network
2026-02-10 16:57:04,535 [ERROR] Polling thread error: PLC disconnected: [WinError 10051] A socket operation was attempted to an unreachable network
2026-02-10 16:57:05,613 [ERROR] Polling thread error: PLC disconnected: [WinError 10051] A socket operation was attempted to an unreachable network
2026-02-10 16:57:06,700 [ERROR] Polling thread error: PLC disconnected: [WinError 10051] A socket operation was attempted to an unreachable network
2026-02-10 16:57:07,788 [ERROR] Polling thread error: PLC disconnected: [WinError 10051] A socket operation was attempted to an unreachable network
2026-02-10 16:57:08,867 [ERROR] Polling thread error: PLC disconnected: [WinError 10051] A socket operation was attempted to an unreachable network
2026-02-10 16:57:09,948 [ERROR] Polling thread error: PLC disconnected: [WinError 10051] A socket operation was attempted to an unreachable network
2026-02-10 17:04:01,958 [ERROR] Polling thread error: PLC disconnected: [WinError 10051] A socket operation was attempted to an unreachable network
2026-02-10 17:04:03,046 [ERROR] Polling thread error: PLC disconnected: [WinError 10051] A socket operation was attempted to an unreachable network
2026-02-10 17:04:04,135 [ERROR] Polling thread error: PLC disconnected: [WinError 10051] A socket operation was attempted to an unreachable network
2026-02-10 17:04:05,225 [ERROR] Polling thread error: PLC disconnected: [WinError 10051] A socket operation was attempted to an unreachable network
2026-02-10 17:04:06,303 [ERROR] Polling thread error: PLC disconnected: [WinError 10051] A socket operation was attempted to an unreachable network
2026-02-10 17:04:07,381 [ERROR] Polling thread error: PLC disconnected: [WinError 10051] A socket operation was attempted to an unreachable network
2026-02-10 17:04:08,461 [ERROR] Polling thread error: PLC disconnected: [WinError 10051] A socket operation was attempted to an unreachable network
2026-02-10 17:04:09,539 [ERROR] Polling thread error: PLC disconnected: [WinError 10051] A socket operation was attempted to an unreachable network
2026-02-10 17:04:10,626 [ERROR] Polling thread error: PLC disconnected: [WinError 10051] A socket operation was attempted to an unreachable network
2026-02-10 17:04:11,703 [ERROR] Polling thread error: PLC disconnected: [WinError 10051] A socket operation was attempted to an unreachable network
2026-02-10 17:04:12,786 [ERROR] Polling thread error: PLC disconnected: [WinError 10051] A socket operation was attempted to an unreachable network
2026-02-10 17:04:13,875 [ERROR] Polling thread error: PLC disconnected: [WinError 10051] A socket operation was attempted to an unreachable network
2026-02-10 17:04:14,966 [ERROR] Polling thread error: PLC disconnected: [WinError 10051] A socket operation was attempted to an unreachable network
2026-02-10 17:04:16,064 [ERROR] Polling thread error: PLC disconnected: [WinError 10051] A socket operation was attempted to an unreachable network
2026-02-10 17:04:17,156 [ERROR] Polling thread error: PLC disconnected: [WinError 10051] A socket operation was attempted to an unreachable network
2026-02-10 17:04:18,258 [ERROR] Polling thread error: PLC disconnected: [WinError 10051] A socket operation was attempted to an unreachable network
2026-02-10 17:04:19,368 [ERROR] Polling thread error: PLC disconnected: [WinError 10051] A socket operation was attempted to an unreachable network
2026-02-10 17:04:20,456 [ERROR] Polling thread error: PLC disconnected: [WinError 10051] A socket operation was attempted to an unreachable network
2026-02-10 17:04:21,544 [ERROR] Polling thread error: PLC disconnected: [WinError 10051] A socket operation was attempted to an unreachable network
2026-02-10 17:04:22,634 [ERROR] Polling thread error: PLC disconnected: [WinError 10051] A socket operation was attempted to an unreachable network
2026-02-10 17:04:23,733 [ERROR] Polling thread error: PLC disconnected: [WinError 10051] A socket operation was attempted to an unreachable network
2026-02-10 17:04:24,836 [ERROR] Polling thread error: PLC disconnected: [WinError 10051] A socket operation was attempted to an unreachable network
2026-02-10 17:04:25,931 [ERROR] Polling thread error: PLC disconnected: [WinError 10051] A socket operation was attempted to an unreachable network
2026-02-10 17:04:27,020 [ERROR] Polling thread error: PLC disconnected: [WinError 10051] A socket operation was attempted to an unreachable network
2026-02-10 17:04:28,120 [ERROR] Polling thread error: PLC disconnected: [WinError 10051] A socket operation was attempted to an unreachable network
2026-02-10 17:04:29,220 [ERROR] Polling thread error: PLC disconnected: [WinError 10051] A socket operation was attempted to an unreachable network
2026-02-10 17:04:30,323 [ERROR] Polling thread error: PLC disconnected: [WinError 10051] A socket operation was attempted to an unreachable network
2026-02-10 17:04:31,421 [ERROR] Polling thread error: PLC disconnected: [WinError 10051] A socket operation was attempted to an unreachable network
2026-02-10 17:04:32,509 [ERROR] Polling thread error: PLC disconnected: [WinError 10051] A socket operation was attempted to an unreachable network
2026-02-10 17:04:33,605 [ERROR] Polling thread error: PLC disconnected: [WinError 10051] A socket operation was attempted to an unreachable network
2026-02-10 17:04:34,706 [ERROR] Polling thread error: PLC disconnected: [WinError 10051] A socket operation was attempted to an unreachable network
2026-02-10 17:04:35,813 [ERROR] Polling thread error: PLC disconnected: [WinError 10051] A socket operation was attempted to an unreachable network
2026-02-10 17:04:36,906 [ERROR] Polling thread error: PLC disconnected: [WinError 10051] A socket operation was attempted to an unreachable network
2026-02-10 17:04:37,992 [ERROR] Polling thread error: PLC disconnected: [WinError 10051] A socket operation was attempted to an unreachable network
2026-02-10 17:04:39,111 [ERROR] Polling thread error: PLC disconnected: [WinError 10051] A socket operation was attempted to an unreachable network
2026-02-10 17:04:40,211 [ERROR] Polling thread error: PLC disconnected: [WinError 10051] A socket operation was attempted to an unreachable network
2026-02-10 17:04:41,318 [ERROR] Polling thread error: PLC disconnected: [WinError 10051] A socket operation was attempted to an unreachable network
2026-02-10 17:04:42,411 [ERROR] Polling thread error: PLC disconnected: [WinError 10051] A socket operation was attempted to an unreachable network
2026-02-10 17:04:43,508 [ERROR] Polling thread error: PLC disconnected: [WinError 10051] A socket operation was attempted to an unreachable network
2026-02-10 17:04:44,593 [ERROR] Polling thread error: PLC disconnected: [WinError 10051] A socket operation was attempted to an unreachable network
2026-02-10 17:04:45,696 [ERROR] Polling thread error: PLC disconnected: [WinError 10051] A socket operation was attempted to an unreachable network
2026-02-10 17:04:46,799 [ERROR] Polling thread error: PLC disconnected: [WinError 10051] A socket operation was attempted to an unreachable network
2026-02-10 17:04:47,886 [ERROR] Polling thread error: PLC disconnected: [WinError 10051] A socket operation was attempted to an unreachable network
2026-02-10 17:04:48,989 [ERROR] Polling thread error: PLC disconnected: [WinError 10051] A socket operation was attempted to an unreachable network
2026-02-10 17:04:50,084 [ERROR] Polling thread error: PLC disconnected: [WinError 10051] A socket operation was attempted to an unreachable network
2026-02-10 17:04:51,191 [ERROR] Polling thread error: PLC disconnected: [WinError 10051] A socket operation was attempted to an unreachable network
2026-02-10 17:04:52,298 [ERROR] Polling thread error: PLC disconnected: [WinError 10051] A socket operation was attempted to an unreachable network
2026-02-10 17:04:53,391 [ERROR] Polling thread error: PLC disconnected: [WinError 10051] A socket operation was attempted to an unreachable network
2026-02-10 17:04:54,494 [ERROR] Polling thread error: PLC disconnected: [WinError 10051] A socket operation was attempted to an unreachable network
2026-02-10 17:04:55,606 [ERROR] Polling thread error: PLC disconnected: [WinError 10051] A socket operation was attempted to an unreachable network
2026-02-10 17:04:56,709 [ERROR] Polling thread error: PLC disconnected: [WinError 10051] A socket operation was attempted to an unreachable network
2026-02-10 17:04:57,816 [ERROR] Polling thread error: PLC disconnected: [WinError 10051] A socket operation was attempted to an unreachable network
2026-02-10 17:04:58,905 [ERROR] Polling thread error: PLC disconnected: [WinError 10051] A socket operation was attempted to an unreachable network
2026-02-10 17:04:59,991 [ERROR] Polling thread error: PLC disconnected: [WinError 10051] A socket operation was attempted to an unreachable network
2026-02-10 17:05:01,093 [ERROR] Polling thread error: PLC disconnected: [WinError 10051] A socket operation was attempted to an unreachable network
2026-02-10 17:05:02,195 [ERROR] Polling thread error: PLC disconnected: [WinError 10051] A socket operation was attempted to an unreachable network
2026-02-10 17:05:03,287 [ERROR] Polling thread error: PLC disconnected: [WinError 10051] A socket operation was attempted to an unreachable network
2026-02-10 17:05:04,390 [ERROR] Polling thread error: PLC disconnected: [WinError 10051] A socket operation was attempted to an unreachable network
2026-02-10 17:05:05,475 [ERROR] Polling thread error: PLC disconnected: [WinError 10051] A socket operation was attempted to an unreachable network
2026-02-10 17:05:06,564 [ERROR] Polling thread error: PLC disconnected: [WinError 10051] A socket operation was attempted to an unreachable network
2026-02-10 17:05:07,671 [ERROR] Polling thread error: PLC disconnected: [WinError 10051] A socket operation was attempted to an unreachable network
2026-02-10 17:05:08,775 [ERROR] Polling thread error: PLC disconnected: [WinError 10051] A socket operation was attempted to an unreachable network
2026-02-10 17:05:09,864 [ERROR] Polling thread error: PLC disconnected: [WinError 10051] A socket operation was attempted to an unreachable network
2026-02-10 17:05:10,947 [ERROR] Polling thread error: PLC disconnected: [WinError 10051] A socket operation was attempted to an unreachable network
2026-02-10 17:05:12,048 [ERROR] Polling thread error: PLC disconnected: [WinError 10051] A socket operation was attempted to an unreachable network
2026-02-10 17:05:13,152 [ERROR] Polling thread error: PLC disconnected: [WinError 10051] A socket operation was attempted to an unreachable network
2026-02-10 17:05:14,253 [ERROR] Polling thread error: PLC disconnected: [WinError 10051] A socket operation was attempted to an unreachable network
2026-02-10 17:05:15,341 [ERROR] Polling thread error: PLC disconnected: [WinError 10051] A socket operation was attempted to an unreachable network
2026-02-10 17:05:16,433 [ERROR] Polling thread error: PLC disconnected: [WinError 10051] A socket operation was attempted to an unreachable network
2026-02-10 17:05:17,535 [ERROR] Polling thread error: PLC disconnected: [WinError 10051] A socket operation was attempted to an unreachable network
2026-02-10 17:05:18,629 [ERROR] Polling thread error: PLC disconnected: [WinError 10051] A socket operation was attempted to an unreachable network
2026-02-10 17:05:19,713 [ERROR] Polling thread error: PLC disconnected: [WinError 10051] A socket operation was attempted to an unreachable network
2026-02-10 17:05:20,818 [ERROR] Polling thread error: PLC disconnected: [WinError 10051] A socket operation was attempted to an unreachable network
2026-02-10 17:05:21,923 [ERROR] Polling thread error: PLC disconnected: [WinError 10051] A socket operation was attempted to an unreachable network
2026-02-10 17:05:23,027 [ERROR] Polling thread error: PLC disconnected: [WinError 10051] A socket operation was attempted to an unreachable network
2026-02-10 17:05:24,145 [ERROR] Polling thread error: PLC disconnected: [WinError 10051] A socket operation was attempted to an unreachable network
2026-02-10 17:05:25,254 [ERROR] Polling thread error: PLC disconnected: [WinError 10051] A socket operation was attempted to an unreachable network
2026-02-10 17:05:26,359 [ERROR] Polling thread error: PLC disconnected: [WinError 10051] A socket operation was attempted to an unreachable network
2026-02-10 17:05:27,462 [ERROR] Polling thread error: PLC disconnected: [WinError 10051] A socket operation was attempted to an unreachable network
2026-02-10 17:05:28,557 [ERROR] Polling thread error: PLC disconnected: [WinError 10051] A socket operation was attempted to an unreachable network
2026-02-10 17:05:29,644 [ERROR] Polling thread error: PLC disconnected: [WinError 10051] A socket operation was attempted to an unreachable network
2026-02-10 17:05:30,738 [ERROR] Polling thread error: PLC disconnected: [WinError 10051] A socket operation was attempted to an unreachable network
2026-02-10 17:05:31,835 [ERROR] Polling thread error: PLC disconnected: [WinError 10051] A socket operation was attempted to an unreachable network
2026-02-10 17:05:32,923 [ERROR] Polling thread error: PLC disconnected: [WinError 10051] A socket operation was attempted to an unreachable network
2026-02-10 17:05:34,025 [ERROR] Polling thread error: PLC disconnected: [WinError 10051] A socket operation was attempted to an unreachable network
2026-02-10 17:05:35,138 [ERROR] Polling thread error: PLC disconnected: [WinError 10051] A socket operation was attempted to an unreachable network
2026-02-10 17:05:36,256 [ERROR] Polling thread error: PLC disconnected: [WinError 10051] A socket operation was attempted to an unreachable network
2026-02-10 17:05:37,358 [ERROR] Polling thread error: PLC disconnected: [WinError 10051] A socket operation was attempted to an unreachable network
2026-02-10 17:05:38,454 [ERROR] Polling thread error: PLC disconnected: [WinError 10051] A socket operation was attempted to an unreachable network
2026-02-10 17:05:39,560 [ERROR] Polling thread error: PLC disconnected: [WinError 10051] A socket operation was attempted to an unreachable network
2026-02-10 17:05:40,666 [ERROR] Polling thread error: PLC disconnected: [WinError 10051] A socket operation was attempted to an unreachable network
2026-02-10 17:05:41,771 [ERROR] Polling thread error: PLC disconnected: [WinError 10051] A socket operation was attempted to an unreachable network
2026-02-10 17:05:42,880 [ERROR] Polling thread error: PLC disconnected: [WinError 10051] A socket operation was attempted to an unreachable network
2026-02-10 17:05:43,974 [ERROR] Polling thread error: PLC disconnected: [WinError 10051] A socket operation was attempted to an unreachable network
2026-02-10 17:05:45,064 [ERROR] Polling thread error: PLC disconnected: [WinError 10051] A socket operation was attempted to an unreachable network
2026-02-10 17:05:46,156 [ERROR] Polling thread error: PLC disconnected: [WinError 10051] A socket operation was attempted to an unreachable network
2026-02-10 17:05:47,250 [ERROR] Polling thread error: PLC disconnected: [WinError 10051] A socket operation was attempted to an unreachable network
2026-02-10 17:05:48,355 [ERROR] Polling thread error: PLC disconnected: [WinError 10051] A socket operation was attempted to an unreachable network
2026-02-10 17:05:49,449 [ERROR] Polling thread error: PLC disconnected: [WinError 10051] A socket operation was attempted to an unreachable network
2026-02-10 17:05:50,560 [ERROR] Polling thread error: PLC disconnected: [WinError 10051] A socket operation was attempted to an unreachable network
2026-02-10 17:05:51,671 [ERROR] Polling thread error: PLC disconnected: [WinError 10051] A socket operation was attempted to an unreachable network
2026-02-10 17:05:52,773 [ERROR] Polling thread error: PLC disconnected: [WinError 10051] A socket operation was attempted to an unreachable network
2026-02-10 17:05:53,879 [ERROR] Polling thread error: PLC disconnected: [WinError 10051] A socket operation was attempted to an unreachable network
2026-02-10 17:05:54,981 [ERROR] Polling thread error: PLC disconnected: [WinError 10051] A socket operation was attempted to an unreachable network
2026-02-10 17:05:56,089 [ERROR] Polling thread error: PLC disconnected: [WinError 10051] A socket operation was attempted to an unreachable network
2026-02-10 17:05:57,200 [ERROR] Polling thread error: PLC disconnected: [WinError 10051] A socket operation was attempted to an unreachable network
2026-02-10 17:05:58,298 [ERROR] Polling thread error: PLC disconnected: [WinError 10051] A socket operation was attempted to an unreachable network
2026-02-10 17:05:59,406 [ERROR] Polling thread error: PLC disconnected: [WinError 10051] A socket operation was attempted to an unreachable network
2026-02-10 17:06:00,509 [ERROR] Polling thread error: PLC disconnected: [WinError 10051] A socket operation was attempted to an unreachable network
2026-02-10 17:06:01,617 [ERROR] Polling thread error: PLC disconnected: [WinError 10051] A socket operation was attempted to an unreachable network
2026-02-10 17:06:02,712 [ERROR] Polling thread error: PLC disconnected: [WinError 10051] A socket operation was attempted to an unreachable network
2026-02-10 17:06:03,803 [ERROR] Polling thread error: PLC disconnected: [WinError 10051] A socket operation was attempted to an unreachable network
2026-02-10 17:06:04,909 [ERROR] Polling thread error: PLC disconnected: [WinError 10051] A socket operation was attempted to an unreachable network
2026-02-10 17:06:06,017 [ERROR] Polling thread error: PLC disconnected: [WinError 10051] A socket operation was attempted to an unreachable network
2026-02-10 17:06:07,125 [ERROR] Polling thread error: PLC disconnected: [WinError 10051] A socket operation was attempted to an unreachable network
2026-02-10 17:06:08,229 [ERROR] Polling thread error: PLC disconnected: [WinError 10051] A socket operation was attempted to an unreachable network
2026-02-10 17:06:09,318 [ERROR] Polling thread error: PLC disconnected: [WinError 10051] A socket operation was attempted to an unreachable network
2026-02-10 17:06:10,406 [ERROR] Polling thread error: PLC disconnected: [WinError 10051] A socket operation was attempted to an unreachable network
2026-02-10 17:06:11,513 [ERROR] Polling thread error: PLC disconnected: [WinError 10051] A socket operation was attempted to an unreachable network
2026-02-10 17:06:12,612 [ERROR] Polling thread error: PLC disconnected: [WinError 10051] A socket operation was attempted to an unreachable network
2026-02-10 17:06:13,715 [ERROR] Polling thread error: PLC disconnected: [WinError 10051] A socket operation was attempted to an unreachable network
2026-02-10 17:06:14,824 [ERROR] Polling thread error: PLC disconnected: [WinError 10051] A socket operation was attempted to an unreachable network
2026-02-10 17:06:15,930 [ERROR] Polling thread error: PLC disconnected: [WinError 10051] A socket operation was attempted to an unreachable network
2026-02-10 17:06:17,033 [ERROR] Polling thread error: PLC disconnected: [WinError 10051] A socket operation was attempted to an unreachable network
2026-02-10 17:06:18,124 [ERROR] Polling thread error: PLC disconnected: [WinError 10051] A socket operation was attempted to an unreachable network
2026-02-10 17:06:19,227 [ERROR] Polling thread error: PLC disconnected: [WinError 10051] A socket operation was attempted to an unreachable network
2026-02-10 17:06:20,319 [ERROR] Polling thread error: PLC disconnected: [WinError 10051] A socket operation was attempted to an unreachable network
2026-02-10 17:06:21,419 [ERROR] Polling thread error: PLC disconnected: [WinError 10051] A socket operation was attempted to an unreachable network
2026-02-10 17:06:22,508 [ERROR] Polling thread error: PLC disconnected: [WinError 10051] A socket operation was attempted to an unreachable network
2026-02-10 17:06:23,630 [ERROR] Polling thread error: PLC disconnected: [WinError 10051] A socket operation was attempted to an unreachable network
2026-02-10 17:06:24,725 [ERROR] Polling thread error: PLC disconnected: [WinError 10051] A socket operation was attempted to an unreachable network
2026-02-10 17:06:25,832 [ERROR] Polling thread error: PLC disconnected: [WinError 10051] A socket operation was attempted to an unreachable network
2026-02-10 17:06:26,924 [ERROR] Polling thread error: PLC disconnected: [WinError 10051] A socket operation was attempted to an unreachable network
2026-02-10 17:06:28,012 [ERROR] Polling thread error: PLC disconnected: [WinError 10051] A socket operation was attempted to an unreachable network
2026-02-10 17:06:29,098 [ERROR] Polling thread error: PLC disconnected: [WinError 10051] A socket operation was attempted to an unreachable network
2026-02-10 17:06:30,203 [ERROR] Polling thread error: PLC disconnected: [WinError 10051] A socket operation was attempted to an unreachable network
2026-02-10 17:06:31,317 [ERROR] Polling thread error: PLC disconnected: [WinError 10051] A socket operation was attempted to an unreachable network
2026-02-10 17:06:32,425 [ERROR] Polling thread error: PLC disconnected: [WinError 10051] A socket operation was attempted to an unreachable network
2026-02-10 17:06:33,528 [ERROR] Polling thread error: PLC disconnected: [WinError 10051] A socket operation was attempted to an unreachable network
2026-02-10 17:06:34,621 [ERROR] Polling thread error: PLC disconnected: [WinError 10051] A socket operation was attempted to an unreachable network
2026-02-10 17:06:35,712 [ERROR] Polling thread error: PLC disconnected: [WinError 10051] A socket operation was attempted to an unreachable network
2026-02-10 17:06:36,798 [ERROR] Polling thread error: PLC disconnected: [WinError 10051] A socket operation was attempted to an unreachable network
2026-02-10 17:06:37,895 [ERROR] Polling thread error: PLC disconnected: [WinError 10051] A socket operation was attempted to an unreachable network
2026-02-10 17:06:38,990 [ERROR] Polling thread error: PLC disconnected: [WinError 10051] A socket operation was attempted to an unreachable network
2026-02-10 17:06:40,075 [ERROR] Polling thread error: PLC disconnected: [WinError 10051] A socket operation was attempted to an unreachable network
2026-02-10 17:06:41,202 [ERROR] Polling thread error: PLC disconnected: [WinError 10051] A socket operation was attempted to an unreachable network
2026-02-10 17:06:42,300 [ERROR] Polling thread error: PLC disconnected: [WinError 10051] A socket operation was attempted to an unreachable network
2026-02-10 17:06:43,408 [ERROR] Polling thread error: PLC disconnected: [WinError 10051] A socket operation was attempted to an unreachable network
2026-02-10 17:06:44,527 [ERROR] Polling thread error: PLC disconnected: [WinError 10051] A socket operation was attempted to an unreachable network
2026-02-10 17:06:45,633 [ERROR] Polling thread error: PLC disconnected: [WinError 10051] A socket operation was attempted to an unreachable network
2026-02-10 17:06:46,739 [ERROR] Polling thread error: PLC disconnected: [WinError 10051] A socket operation was attempted to an unreachable network
2026-02-10 17:06:47,846 [ERROR] Polling thread error: PLC disconnected: [WinError 10051] A socket operation was attempted to an unreachable network
2026-02-10 17:06:48,936 [ERROR] Polling thread error: PLC disconnected: [WinError 10051] A socket operation was attempted to an unreachable network
2026-02-10 17:06:50,029 [ERROR] Polling thread error: PLC disconnected: [WinError 10051] A socket operation was attempted to an unreachable network
2026-02-10 17:06:51,135 [ERROR] Polling thread error: PLC disconnected: [WinError 10051] A socket operation was attempted to an unreachable network
2026-02-10 17:06:52,241 [ERROR] Polling thread error: PLC disconnected: [WinError 10051] A socket operation was attempted to an unreachable network
2026-02-10 17:06:53,333 [ERROR] Polling thread error: PLC disconnected: [WinError 10051] A socket operation was attempted to an unreachable network
2026-02-10 17:06:54,434 [ERROR] Polling thread error: PLC disconnected: [WinError 10051] A socket operation was attempted to an unreachable network
2026-02-10 17:06:55,536 [ERROR] Polling thread error: PLC disconnected: [WinError 10051] A socket operation was attempted to an unreachable network
2026-02-10 17:06:56,628 [ERROR] Polling thread error: PLC disconnected: [WinError 10051] A socket operation was attempted to an unreachable network
2026-02-10 17:06:57,734 [ERROR] Polling thread error: PLC disconnected: [WinError 10051] A socket operation was attempted to an unreachable network
2026-02-10 17:06:58,858 [ERROR] Polling thread error: PLC disconnected: [WinError 10051] A socket operation was attempted to an unreachable network
2026-02-10 17:06:59,944 [ERROR] Polling thread error: PLC disconnected: [WinError 10051] A socket operation was attempted to an unreachable network
2026-02-10 17:07:01,041 [ERROR] Polling thread error: PLC disconnected: [WinError 10051] A socket operation was attempted to an unreachable network
2026-02-10 17:07:02,131 [ERROR] Polling thread error: PLC disconnected: [WinError 10051] A socket operation was attempted to an unreachable network
2026-02-10 17:07:03,239 [ERROR] Polling thread error: PLC disconnected: [WinError 10051] A socket operation was attempted to an unreachable network
2026-02-10 17:07:04,323 [ERROR] Polling thread error: PLC disconnected: [WinError 10051] A socket operation was attempted to an unreachable network
2026-02-10 17:07:05,410 [ERROR] Polling thread error: PLC disconnected: [WinError 10051] A socket operation was attempted to an unreachable network
2026-02-10 17:07:06,510 [ERROR] Polling thread error: PLC disconnected: [WinError 10051] A socket operation was attempted to an unreachable network
2026-02-10 17:07:07,604 [ERROR] Polling thread error: PLC disconnected: [WinError 10051] A socket operation was attempted to an unreachable network
2026-02-10 17:07:08,686 [ERROR] Polling thread error: PLC disconnected: [WinError 10051] A socket operation was attempted to an unreachable network
2026-02-10 17:07:09,794 [ERROR] Polling thread error: PLC disconnected: [WinError 10051] A socket operation was attempted to an unreachable network
2026-02-10 17:07:10,899 [ERROR] Polling thread error: PLC disconnected: [WinError 10051] A socket operation was attempted to an unreachable network
2026-02-10 17:07:12,001 [ERROR] Polling thread error: PLC disconnected: [WinError 10051] A socket operation was attempted to an unreachable network
2026-02-10 17:07:13,092 [ERROR] Polling thread error: PLC disconnected: [WinError 10051] A socket operation was attempted to an unreachable network
2026-02-10 17:07:14,185 [ERROR] Polling thread error: PLC disconnected: [WinError 10051] A socket operation was attempted to an unreachable network
2026-02-10 17:07:15,292 [ERROR] Polling thread error: PLC disconnected: [WinError 10051] A socket operation was attempted to an unreachable network
2026-02-10 17:07:16,398 [ERROR] Polling thread error: PLC disconnected: [WinError 10051] A socket operation was attempted to an unreachable network
2026-02-10 17:07:17,489 [ERROR] Polling thread error: PLC disconnected: [WinError 10051] A socket operation was attempted to an unreachable network
2026-02-10 17:07:18,591 [ERROR] Polling thread error: PLC disconnected: [WinError 10051] A socket operation was attempted to an unreachable network
2026-02-10 17:07:19,694 [ERROR] Polling thread error: PLC disconnected: [WinError 10051] A socket operation was attempted to an unreachable network
2026-02-10 17:07:20,783 [ERROR] Polling thread error: PLC disconnected: [WinError 10051] A socket operation was attempted to an unreachable network
2026-02-10 17:07:21,875 [ERROR] Polling thread error: PLC disconnected: [WinError 10051] A socket operation was attempted to an unreachable network
2026-02-10 17:07:22,987 [ERROR] Polling thread error: PLC disconnected: [WinError 10051] A socket operation was attempted to an unreachable network
2026-02-10 17:07:24,072 [ERROR] Polling thread error: PLC disconnected: [WinError 10051] A socket operation was attempted to an unreachable network
2026-02-10 17:07:25,160 [ERROR] Polling thread error: PLC disconnected: [WinError 10051] A socket operation was attempted to an unreachable network
2026-02-10 17:07:26,263 [ERROR] Polling thread error: PLC disconnected: [WinError 10051] A socket operation was attempted to an unreachable network
2026-02-10 17:07:27,366 [ERROR] Polling thread error: PLC disconnected: [WinError 10051] A socket operation was attempted to an unreachable network
2026-02-10 17:07:28,475 [ERROR] Polling thread error: PLC disconnected: [WinError 10051] A socket operation was attempted to an unreachable network
2026-02-10 17:07:29,580 [ERROR] Polling thread error: PLC disconnected: [WinError 10051] A socket operation was attempted to an unreachable network
2026-02-10 17:07:30,684 [ERROR] Polling thread error: PLC disconnected: [WinError 10051] A socket operation was attempted to an unreachable network
2026-02-10 17:07:31,771 [ERROR] Polling thread error: PLC disconnected: [WinError 10051] A socket operation was attempted to an unreachable network
2026-02-10 17:07:32,860 [ERROR] Polling thread error: PLC disconnected: [WinError 10051] A socket operation was attempted to an unreachable network
2026-02-10 17:07:33,959 [ERROR] Polling thread error: PLC disconnected: [WinError 10051] A socket operation was attempted to an unreachable network
2026-02-10 17:07:35,049 [ERROR] Polling thread error: PLC disconnected: [WinError 10051] A socket operation was attempted to an unreachable network
2026-02-10 17:07:36,136 [ERROR] Polling thread error: PLC disconnected: [WinError 10051] A socket operation was attempted to an unreachable network
2026-02-10 17:07:37,222 [ERROR] Polling thread error: PLC disconnected: [WinError 10051] A socket operation was attempted to an unreachable network
2026-02-10 17:07:38,321 [ERROR] Polling thread error: PLC disconnected: [WinError 10051] A socket operation was attempted to an unreachable network
2026-02-10 17:07:39,429 [ERROR] Polling thread error: PLC disconnected: [WinError 10051] A socket operation was attempted to an unreachable network
2026-02-10 17:07:40,534 [ERROR] Polling thread error: PLC disconnected: [WinError 10051] A socket operation was attempted to an unreachable network
2026-02-10 17:07:41,635 [ERROR] Polling thread error: PLC disconnected: [WinError 10051] A socket operation was attempted to an unreachable network
2026-02-10 17:07:42,724 [ERROR] Polling thread error: PLC disconnected: [WinError 10051] A socket operation was attempted to an unreachable network
2026-02-10 17:07:43,816 [ERROR] Polling thread error: PLC disconnected: [WinError 10051] A socket operation was attempted to an unreachable network
2026-02-10 17:07:44,903 [ERROR] Polling thread error: PLC disconnected: [WinError 10051] A socket operation was attempted to an unreachable network
2026-02-10 17:07:46,003 [ERROR] Polling thread error: PLC disconnected: [WinError 10051] A socket operation was attempted to an unreachable network
2026-02-10 17:07:47,100 [ERROR] Polling thread error: PLC disconnected: [WinError 10051] A socket operation was attempted to an unreachable network
2026-02-10 17:07:48,185 [ERROR] Polling thread error: PLC disconnected: [WinError 10051] A socket operation was attempted to an unreachable network
2026-02-10 17:07:49,267 [ERROR] Polling thread error: PLC disconnected: [WinError 10051] A socket operation was attempted to an unreachable network
2026-02-10 17:07:50,356 [ERROR] Polling thread error: PLC disconnected: [WinError 10051] A socket operation was attempted to an unreachable network
2026-02-10 17:07:51,440 [ERROR] Polling thread error: PLC disconnected: [WinError 10051] A socket operation was attempted to an unreachable network
2026-02-10 17:07:52,530 [ERROR] Polling thread error: PLC disconnected: [WinError 10051] A socket operation was attempted to an unreachable network
2026-02-10 17:07:53,640 [ERROR] Polling thread error: PLC disconnected: [WinError 10051] A socket operation was attempted to an unreachable network
2026-02-10 17:07:54,732 [ERROR] Polling thread error: PLC disconnected: [WinError 10051] A socket operation was attempted to an unreachable network
2026-02-10 17:07:55,820 [ERROR] Polling thread error: PLC disconnected: [WinError 10051] A socket operation was attempted to an unreachable network
2026-02-10 17:07:56,905 [ERROR] Polling thread error: PLC disconnected: [WinError 10051] A socket operation was attempted to an unreachable network
2026-02-10 17:07:58,010 [ERROR] Polling thread error: PLC disconnected: [WinError 10051] A socket operation was attempted to an unreachable network
2026-02-10 17:07:59,117 [ERROR] Polling thread error: PLC disconnected: [WinError 10051] A socket operation was attempted to an unreachable network
2026-02-10 17:08:00,217 [ERROR] Polling thread error: PLC disconnected: [WinError 10051] A socket operation was attempted to an unreachable network
2026-02-10 17:08:01,321 [ERROR] Polling thread error: PLC disconnected: [WinError 10051] A socket operation was attempted to an unreachable network
2026-02-10 17:08:02,424 [ERROR] Polling thread error: PLC disconnected: [WinError 10051] A socket operation was attempted to an unreachable network
2026-02-10 17:08:03,519 [ERROR] Polling thread error: PLC disconnected: [WinError 10051] A socket operation was attempted to an unreachable network
2026-02-10 17:08:04,610 [ERROR] Polling thread error: PLC disconnected: [WinError 10051] A socket operation was attempted to an unreachable network
2026-02-10 17:08:05,711 [ERROR] Polling thread error: PLC disconnected: [WinError 10051] A socket operation was attempted to an unreachable network
2026-02-10 17:08:06,801 [ERROR] Polling thread error: PLC disconnected: [WinError 10051] A socket operation was attempted to an unreachable network
2026-02-10 17:08:07,905 [ERROR] Polling thread error: PLC disconnected: [WinError 10051] A socket operation was attempted to an unreachable network
2026-02-10 17:08:09,013 [ERROR] Polling thread error: PLC disconnected: [WinError 10051] A socket operation was attempted to an unreachable network
2026-02-10 17:08:10,117 [ERROR] Polling thread error: PLC disconnected: [WinError 10051] A socket operation was attempted to an unreachable network
2026-02-10 17:08:11,208 [ERROR] Polling thread error: PLC disconnected: [WinError 10051] A socket operation was attempted to an unreachable network
2026-02-10 17:08:12,310 [ERROR] Polling thread error: PLC disconnected: [WinError 10051] A socket operation was attempted to an unreachable network
2026-02-10 17:08:13,416 [ERROR] Polling thread error: PLC disconnected: [WinError 10051] A socket operation was attempted to an unreachable network
2026-02-10 17:08:14,520 [ERROR] Polling thread error: PLC disconnected: [WinError 10051] A socket operation was attempted to an unreachable network
2026-02-10 17:08:15,612 [ERROR] Polling thread error: PLC disconnected: [WinError 10051] A socket operation was attempted to an unreachable network
2026-02-10 17:08:16,703 [ERROR] Polling thread error: PLC disconnected: [WinError 10051] A socket operation was attempted to an unreachable network
2026-02-10 17:08:17,789 [ERROR] Polling thread error: PLC disconnected: [WinError 10051] A socket operation was attempted to an unreachable network
2026-02-10 17:08:18,877 [ERROR] Polling thread error: PLC disconnected: [WinError 10051] A socket operation was attempted to an unreachable network
2026-02-10 17:08:19,997 [ERROR] Polling thread error: PLC disconnected: [WinError 10051] A socket operation was attempted to an unreachable network
2026-02-10 17:08:21,108 [ERROR] Polling thread error: PLC disconnected: [WinError 10051] A socket operation was attempted to an unreachable network
2026-02-10 17:08:22,199 [ERROR] Polling thread error: PLC disconnected: [WinError 10051] A socket operation was attempted to an unreachable network
2026-02-10 17:08:23,294 [ERROR] Polling thread error: PLC disconnected: [WinError 10051] A socket operation was attempted to an unreachable network
2026-02-10 17:08:24,390 [ERROR] Polling thread error: PLC disconnected: [WinError 10051] A socket operation was attempted to an unreachable network
2026-02-10 17:08:25,482 [ERROR] Polling thread error: PLC disconnected: [WinError 10051] A socket operation was attempted to an unreachable network
2026-02-10 17:08:26,566 [ERROR] Polling thread error: PLC disconnected: [WinError 10051] A socket operation was attempted to an unreachable network
2026-02-10 17:08:27,651 [ERROR] Polling thread error: PLC disconnected: [WinError 10051] A socket operation was attempted to an unreachable network
2026-02-10 17:08:28,754 [ERROR] Polling thread error: PLC disconnected: [WinError 10051] A socket operation was attempted to an unreachable network
2026-02-10 17:08:29,837 [ERROR] Polling thread error: PLC disconnected: [WinError 10051] A socket operation was attempted to an unreachable network
2026-02-10 17:08:30,936 [ERROR] Polling thread error: PLC disconnected: [WinError 10051] A socket operation was attempted to an unreachable network
2026-02-10 17:08:32,036 [ERROR] Polling thread error: PLC disconnected: [WinError 10051] A socket operation was attempted to an unreachable network
2026-02-10 17:08:33,125 [ERROR] Polling thread error: PLC disconnected: [WinError 10051] A socket operation was attempted to an unreachable network
2026-02-10 17:08:34,209 [ERROR] Polling thread error: PLC disconnected: [WinError 10051] A socket operation was attempted to an unreachable network
2026-02-10 17:08:35,315 [ERROR] Polling thread error: PLC disconnected: [WinError 10051] A socket operation was attempted to an unreachable network
2026-02-10 17:08:36,425 [ERROR] Polling thread error: PLC disconnected: [WinError 10051] A socket operation was attempted to an unreachable network
2026-02-10 17:08:37,529 [ERROR] Polling thread error: PLC disconnected: [WinError 10051] A socket operation was attempted to an unreachable network
2026-02-10 17:08:38,618 [ERROR] Polling thread error: PLC disconnected: [WinError 10051] A socket operation was attempted to an unreachable network
2026-02-10 17:08:39,712 [ERROR] Polling thread error: PLC disconnected: [WinError 10051] A socket operation was attempted to an unreachable network
2026-02-10 17:08:40,798 [ERROR] Polling thread error: PLC disconnected: [WinError 10051] A socket operation was attempted to an unreachable network
2026-02-10 17:08:41,889 [ERROR] Polling thread error: PLC disconnected: [WinError 10051] A socket operation was attempted to an unreachable network
2026-02-10 17:08:42,994 [ERROR] Polling thread error: PLC disconnected: [WinError 10051] A socket operation was attempted to an unreachable network
2026-02-10 17:08:44,078 [ERROR] Polling thread error: PLC disconnected: [WinError 10051] A socket operation was attempted to an unreachable network
2026-02-10 17:08:45,170 [ERROR] Polling thread error: PLC disconnected: [WinError 10051] A socket operation was attempted to an unreachable network
2026-02-10 17:08:46,257 [ERROR] Polling thread error: PLC disconnected: [WinError 10051] A socket operation was attempted to an unreachable network
2026-02-10 17:08:47,347 [ERROR] Polling thread error: PLC disconnected: [WinError 10051] A socket operation was attempted to an unreachable network
2026-02-10 17:08:48,435 [ERROR] Polling thread error: PLC disconnected: [WinError 10051] A socket operation was attempted to an unreachable network
2026-02-10 17:08:49,532 [ERROR] Polling thread error: PLC disconnected: [WinError 10051] A socket operation was attempted to an unreachable network
2026-02-10 17:08:50,644 [ERROR] Polling thread error: PLC disconnected: [WinError 10051] A socket operation was attempted to an unreachable network
2026-02-10 17:08:51,738 [ERROR] Polling thread error: PLC disconnected: [WinError 10051] A socket operation was attempted to an unreachable network
2026-02-10 17:08:52,840 [ERROR] Polling thread error: PLC disconnected: [WinError 10051] A socket operation was attempted to an unreachable network
2026-02-10 17:08:53,932 [ERROR] Polling thread error: PLC disconnected: [WinError 10051] A socket operation was attempted to an unreachable network
2026-02-10 17:08:55,034 [ERROR] Polling thread error: PLC disconnected: [WinError 10051] A socket operation was attempted to an unreachable network
2026-02-10 17:08:56,120 [ERROR] Polling thread error: PLC disconnected: [WinError 10051] A socket operation was attempted to an unreachable network
2026-02-10 17:08:57,230 [ERROR] Polling thread error: PLC disconnected: [WinError 10051] A socket operation was attempted to an unreachable network
2026-02-10 17:08:58,334 [ERROR] Polling thread error: PLC disconnected: [WinError 10051] A socket operation was attempted to an unreachable network
2026-02-10 17:08:59,439 [ERROR] Polling thread error: PLC disconnected: [WinError 10051] A socket operation was attempted to an unreachable network
2026-02-10 17:09:00,527 [ERROR] Polling thread error: PLC disconnected: [WinError 10051] A socket operation was attempted to an unreachable network
2026-02-10 17:09:01,626 [ERROR] Polling thread error: PLC disconnected: [WinError 10051] A socket operation was attempted to an unreachable network
2026-02-10 17:09:02,722 [ERROR] Polling thread error: PLC disconnected: [WinError 10051] A socket operation was attempted to an unreachable network
2026-02-10 17:09:03,810 [ERROR] Polling thread error: PLC disconnected: [WinError 10051] A socket operation was attempted to an unreachable network
2026-02-10 17:09:04,909 [ERROR] Polling thread error: PLC disconnected: [WinError 10051] A socket operation was attempted to an unreachable network
2026-02-10 17:09:06,006 [ERROR] Polling thread error: PLC disconnected: [WinError 10051] A socket operation was attempted to an unreachable network
2026-02-10 17:09:07,110 [ERROR] Polling thread error: PLC disconnected: [WinError 10051] A socket operation was attempted to an unreachable network
2026-02-10 17:09:08,227 [ERROR] Polling thread error: PLC disconnected: [WinError 10051] A socket operation was attempted to an unreachable network
2026-02-10 17:09:09,316 [ERROR] Polling thread error: PLC disconnected: [WinError 10051] A socket operation was attempted to an unreachable network
2026-02-10 17:09:10,400 [ERROR] Polling thread error: PLC disconnected: [WinError 10051] A socket operation was attempted to an unreachable network
2026-02-10 17:09:11,499 [ERROR] Polling thread error: PLC disconnected: [WinError 10051] A socket operation was attempted to an unreachable network
2026-02-10 17:09:12,584 [ERROR] Polling thread error: PLC disconnected: [WinError 10051] A socket operation was attempted to an unreachable network
2026-02-10 17:09:13,686 [ERROR] Polling thread error: PLC disconnected: [WinError 10051] A socket operation was attempted to an unreachable network
2026-02-10 17:09:14,781 [ERROR] Polling thread error: PLC disconnected: [WinError 10051] A socket operation was attempted to an unreachable network
2026-02-10 17:09:15,865 [ERROR] Polling thread error: PLC disconnected: [WinError 10051] A socket operation was attempted to an unreachable network
2026-02-10 17:09:16,957 [ERROR] Polling thread error: PLC disconnected: [WinError 10051] A socket operation was attempted to an unreachable network
2026-02-10 17:09:18,067 [ERROR] Polling thread error: PLC disconnected: [WinError 10051] A socket operation was attempted to an unreachable network
2026-02-10 17:09:19,170 [ERROR] Polling thread error: PLC disconnected: [WinError 10051] A socket operation was attempted to an unreachable network
2026-02-10 17:09:20,258 [ERROR] Polling thread error: PLC disconnected: [WinError 10051] A socket operation was attempted to an unreachable network
2026-02-10 17:09:21,367 [ERROR] Polling thread error: PLC disconnected: [WinError 10051] A socket operation was attempted to an unreachable network
2026-02-10 17:09:22,456 [ERROR] Polling thread error: PLC disconnected: [WinError 10051] A socket operation was attempted to an unreachable network
2026-02-10 17:09:23,563 [ERROR] Polling thread error: PLC disconnected: [WinError 10051] A socket operation was attempted to an unreachable network
2026-02-10 17:09:24,690 [ERROR] Polling thread error: PLC disconnected: [WinError 10051] A socket operation was attempted to an unreachable network
2026-02-10 17:09:25,781 [ERROR] Polling thread error: PLC disconnected: [WinError 10051] A socket operation was attempted to an unreachable network
2026-02-10 17:09:26,874 [ERROR] Polling thread error: PLC disconnected: [WinError 10051] A socket operation was attempted to an unreachable network
2026-02-10 17:09:27,962 [ERROR] Polling thread error: PLC disconnected: [WinError 10051] A socket operation was attempted to an unreachable network
2026-02-10 17:09:29,067 [ERROR] Polling thread error: PLC disconnected: [WinError 10051] A socket operation was attempted to an unreachable network
2026-02-10 17:09:30,167 [ERROR] Polling thread error: PLC disconnected: [WinError 10051] A socket operation was attempted to an unreachable network
2026-02-10 17:09:31,268 [ERROR] Polling thread error: PLC disconnected: [WinError 10051] A socket operation was attempted to an unreachable network
2026-02-10 17:09:32,373 [ERROR] Polling thread error: PLC disconnected: [WinError 10051] A socket operation was attempted to an unreachable network
2026-02-10 17:09:33,473 [ERROR] Polling thread error: PLC disconnected: [WinError 10051] A socket operation was attempted to an unreachable network
2026-02-10 17:09:34,557 [ERROR] Polling thread error: PLC disconnected: [WinError 10051] A socket operation was attempted to an unreachable network
2026-02-10 17:09:35,656 [ERROR] Polling thread error: PLC disconnected: [WinError 10051] A socket operation was attempted to an unreachable network
2026-02-10 17:09:36,743 [ERROR] Polling thread error: PLC disconnected: [WinError 10051] A socket operation was attempted to an unreachable network
2026-02-10 17:09:37,837 [ERROR] Polling thread error: PLC disconnected: [WinError 10051] A socket operation was attempted to an unreachable network
2026-02-10 17:09:38,941 [ERROR] Polling thread error: PLC disconnected: [WinError 10051] A socket operation was attempted to an unreachable network
2026-02-10 17:09:40,042 [ERROR] Polling thread error: PLC disconnected: [WinError 10051] A socket operation was attempted to an unreachable network
2026-02-10 17:09:41,132 [ERROR] Polling thread error: PLC disconnected: [WinError 10051] A socket operation was attempted to an unreachable network
2026-02-10 17:09:42,219 [ERROR] Polling thread error: PLC disconnected: [WinError 10051] A socket operation was attempted to an unreachable network
2026-02-10 17:09:43,327 [ERROR] Polling thread error: PLC disconnected: [WinError 10051] A socket operation was attempted to an unreachable network
2026-02-10 17:09:44,427 [ERROR] Polling thread error: PLC disconnected: [WinError 10051] A socket operation was attempted to an unreachable network
2026-02-10 17:09:45,537 [ERROR] Polling thread error: PLC disconnected: [WinError 10051] A socket operation was attempted to an unreachable network
2026-02-10 17:09:46,640 [ERROR] Polling thread error: PLC disconnected: [WinError 10051] A socket operation was attempted to an unreachable network
2026-02-10 17:09:47,725 [ERROR] Polling thread error: PLC disconnected: [WinError 10051] A socket operation was attempted to an unreachable network
2026-02-10 17:09:48,816 [ERROR] Polling thread error: PLC disconnected: [WinError 10051] A socket operation was attempted to an unreachable network
2026-02-10 17:09:49,904 [ERROR] Polling thread error: PLC disconnected: [WinError 10051] A socket operation was attempted to an unreachable network
2026-02-10 17:09:51,027 [ERROR] Polling thread error: PLC disconnected: [WinError 10051] A socket operation was attempted to an unreachable network
2026-02-10 17:09:52,127 [ERROR] Polling thread error: PLC disconnected: [WinError 10051] A socket operation was attempted to an unreachable network
2026-02-10 17:09:53,218 [ERROR] Polling thread error: PLC disconnected: [WinError 10051] A socket operation was attempted to an unreachable network
2026-02-10 17:09:54,314 [ERROR] Polling thread error: PLC disconnected: [WinError 10051] A socket operation was attempted to an unreachable network
2026-02-10 17:09:55,401 [ERROR] Polling thread error: PLC disconnected: [WinError 10051] A socket operation was attempted to an unreachable network
2026-02-10 17:09:56,499 [ERROR] Polling thread error: PLC disconnected: [WinError 10051] A socket operation was attempted to an unreachable network
2026-02-10 17:09:57,590 [ERROR] Polling thread error: PLC disconnected: [WinError 10051] A socket operation was attempted to an unreachable network
2026-02-10 17:09:58,679 [ERROR] Polling thread error: PLC disconnected: [WinError 10051] A socket operation was attempted to an unreachable network
2026-02-10 17:09:59,772 [ERROR] Polling thread error: PLC disconnected: [WinError 10051] A socket operation was attempted to an unreachable network
2026-02-10 17:10:00,857 [ERROR] Polling thread error: PLC disconnected: [WinError 10051] A socket operation was attempted to an unreachable network
2026-02-10 17:10:01,943 [ERROR] Polling thread error: PLC disconnected: [WinError 10051] A socket operation was attempted to an unreachable network
2026-02-10 17:10:03,032 [ERROR] Polling thread error: PLC disconnected: [WinError 10051] A socket operation was attempted to an unreachable network
2026-02-10 17:10:04,120 [ERROR] Polling thread error: PLC disconnected: [WinError 10051] A socket operation was attempted to an unreachable network
2026-02-10 17:10:05,210 [ERROR] Polling thread error: PLC disconnected: [WinError 10051] A socket operation was attempted to an unreachable network
2026-02-10 17:10:06,302 [ERROR] Polling thread error: PLC disconnected: [WinError 10051] A socket operation was attempted to an unreachable network
2026-02-10 17:10:07,389 [ERROR] Polling thread error: PLC disconnected: [WinError 10051] A socket operation was attempted to an unreachable network
2026-02-10 17:10:08,478 [ERROR] Polling thread error: PLC disconnected: [WinError 10051] A socket operation was attempted to an unreachable network
2026-02-10 17:10:09,565 [ERROR] Polling thread error: PLC disconnected: [WinError 10051] A socket operation was attempted to an unreachable network
2026-02-10 17:10:10,670 [ERROR] Polling thread error: PLC disconnected: [WinError 10051] A socket operation was attempted to an unreachable network
2026-02-10 17:10:11,754 [ERROR] Polling thread error: PLC disconnected: [WinError 10051] A socket operation was attempted to an unreachable network
2026-02-10 17:10:12,845 [ERROR] Polling thread error: PLC disconnected: [WinError 10051] A socket operation was attempted to an unreachable network
2026-02-10 17:10:13,947 [ERROR] Polling thread error: PLC disconnected: [WinError 10051] A socket operation was attempted to an unreachable network
2026-02-10 17:10:15,043 [ERROR] Polling thread error: PLC disconnected: [WinError 10051] A socket operation was attempted to an unreachable network
2026-02-10 17:10:16,151 [ERROR] Polling thread error: PLC disconnected: [WinError 10051] A socket operation was attempted to an unreachable network
2026-02-10 17:10:17,241 [ERROR] Polling thread error: PLC disconnected: [WinError 10051] A socket operation was attempted to an unreachable network
2026-02-10 17:10:18,323 [ERROR] Polling thread error: PLC disconnected: [WinError 10051] A socket operation was attempted to an unreachable network
2026-02-10 17:10:19,408 [ERROR] Polling thread error: PLC disconnected: [WinError 10051] A socket operation was attempted to an unreachable network
2026-02-10 17:10:20,510 [ERROR] Polling thread error: PLC disconnected: [WinError 10051] A socket operation was attempted to an unreachable network
2026-02-10 17:10:21,611 [ERROR] Polling thread error: PLC disconnected: [WinError 10051] A socket operation was attempted to an unreachable network
2026-02-10 17:10:22,731 [ERROR] Polling thread error: PLC disconnected: [WinError 10051] A socket operation was attempted to an unreachable network
2026-02-10 17:10:23,827 [ERROR] Polling thread error: PLC disconnected: [WinError 10051] A socket operation was attempted to an unreachable network
2026-02-10 17:10:24,918 [ERROR] Polling thread error: PLC disconnected: [WinError 10051] A socket operation was attempted to an unreachable network
2026-02-10 17:10:26,022 [ERROR] Polling thread error: PLC disconnected: [WinError 10051] A socket operation was attempted to an unreachable network
2026-02-10 17:10:27,125 [ERROR] Polling thread error: PLC disconnected: [WinError 10051] A socket operation was attempted to an unreachable network
2026-02-10 17:10:28,228 [ERROR] Polling thread error: PLC disconnected: [WinError 10051] A socket operation was attempted to an unreachable network
2026-02-10 17:10:29,329 [ERROR] Polling thread error: PLC disconnected: [WinError 10051] A socket operation was attempted to an unreachable network
2026-02-10 17:10:30,429 [ERROR] Polling thread error: PLC disconnected: [WinError 10051] A socket operation was attempted to an unreachable network
2026-02-10 17:10:31,528 [ERROR] Polling thread error: PLC disconnected: [WinError 10051] A socket operation was attempted to an unreachable network
2026-02-10 17:10:32,638 [ERROR] Polling thread error: PLC disconnected: [WinError 10051] A socket operation was attempted to an unreachable network
2026-02-10 17:10:33,729 [ERROR] Polling thread error: PLC disconnected: [WinError 10051] A socket operation was attempted to an unreachable network
2026-02-10 17:10:34,833 [ERROR] Polling thread error: PLC disconnected: [WinError 10051] A socket operation was attempted to an unreachable network
2026-02-10 17:10:35,933 [ERROR] Polling thread error: PLC disconnected: [WinError 10051] A socket operation was attempted to an unreachable network
2026-02-10 17:10:37,022 [ERROR] Polling thread error: PLC disconnected: [WinError 10051] A socket operation was attempted to an unreachable network
2026-02-10 17:10:38,107 [ERROR] Polling thread error: PLC disconnected: [WinError 10051] A socket operation was attempted to an unreachable network
2026-02-10 17:10:39,209 [ERROR] Polling thread error: PLC disconnected: [WinError 10051] A socket operation was attempted to an unreachable network
2026-02-10 17:10:40,299 [ERROR] Polling thread error: PLC disconnected: [WinError 10051] A socket operation was attempted to an unreachable network
2026-02-10 17:10:41,386 [ERROR] Polling thread error: PLC disconnected: [WinError 10051] A socket operation was attempted to an unreachable network
2026-02-10 17:10:42,475 [ERROR] Polling thread error: PLC disconnected: [WinError 10051] A socket operation was attempted to an unreachable network
2026-02-10 17:10:43,563 [ERROR] Polling thread error: PLC disconnected: [WinError 10051] A socket operation was attempted to an unreachable network
2026-02-10 17:10:44,649 [ERROR] Polling thread error: PLC disconnected: [WinError 10051] A socket operation was attempted to an unreachable network
2026-02-10 17:10:45,742 [ERROR] Polling thread error: PLC disconnected: [WinError 10051] A socket operation was attempted to an unreachable network
2026-02-10 17:10:46,821 [ERROR] Polling thread error: PLC disconnected: [WinError 10051] A socket operation was attempted to an unreachable network
2026-02-10 17:10:47,934 [ERROR] Polling thread error: PLC disconnected: [WinError 10051] A socket operation was attempted to an unreachable network
2026-02-10 17:10:49,021 [ERROR] Polling thread error: PLC disconnected: [WinError 10051] A socket operation was attempted to an unreachable network
2026-02-10 17:10:50,118 [ERROR] Polling thread error: PLC disconnected: [WinError 10051] A socket operation was attempted to an unreachable network
2026-02-10 17:10:51,225 [ERROR] Polling thread error: PLC disconnected: [WinError 10051] A socket operation was attempted to an unreachable network
2026-02-10 17:10:52,325 [ERROR] Polling thread error: PLC disconnected: [WinError 10051] A socket operation was attempted to an unreachable network
2026-02-10 17:10:53,424 [ERROR] Polling thread error: PLC disconnected: [WinError 10051] A socket operation was attempted to an unreachable network
2026-02-10 17:10:54,524 [ERROR] Polling thread error: PLC disconnected: [WinError 10051] A socket operation was attempted to an unreachable network
2026-02-10 17:10:55,613 [ERROR] Polling thread error: PLC disconnected: [WinError 10051] A socket operation was attempted to an unreachable network
2026-02-10 17:10:56,715 [ERROR] Polling thread error: PLC disconnected: [WinError 10051] A socket operation was attempted to an unreachable network
2026-02-10 17:10:57,810 [ERROR] Polling thread error: PLC disconnected: [WinError 10051] A socket operation was attempted to an unreachable network
2026-02-10 17:10:58,896 [ERROR] Polling thread error: PLC disconnected: [WinError 10051] A socket operation was attempted to an unreachable network
2026-02-10 17:10:59,983 [ERROR] Polling thread error: PLC disconnected: [WinError 10051] A socket operation was attempted to an unreachable network
2026-02-10 17:11:01,090 [ERROR] Polling thread error: PLC disconnected: [WinError 10051] A socket operation was attempted to an unreachable network
2026-02-10 17:11:02,191 [ERROR] Polling thread error: PLC disconnected: [WinError 10051] A socket operation was attempted to an unreachable network
2026-02-10 17:11:03,296 [ERROR] Polling thread error: PLC disconnected: [WinError 10051] A socket operation was attempted to an unreachable network
2026-02-10 17:11:04,387 [ERROR] Polling thread error: PLC disconnected: [WinError 10051] A socket operation was attempted to an unreachable network
2026-02-10 17:11:05,497 [ERROR] Polling thread error: PLC disconnected: [WinError 10051] A socket operation was attempted to an unreachable network
2026-02-10 17:11:06,588 [ERROR] Polling thread error: PLC disconnected: [WinError 10051] A socket operation was attempted to an unreachable network
2026-02-10 17:11:07,677 [ERROR] Polling thread error: PLC disconnected: [WinError 10051] A socket operation was attempted to an unreachable network
2026-02-10 17:11:08,768 [ERROR] Polling thread error: PLC disconnected: [WinError 10051] A socket operation was attempted to an unreachable network
2026-02-10 17:11:09,871 [ERROR] Polling thread error: PLC disconnected: [WinError 10051] A socket operation was attempted to an unreachable network
2026-02-10 17:11:10,993 [ERROR] Polling thread error: PLC disconnected: [WinError 10051] A socket operation was attempted to an unreachable network
2026-02-10 17:11:12,090 [ERROR] Polling thread error: PLC disconnected: [WinError 10051] A socket operation was attempted to an unreachable network
2026-02-10 17:11:13,192 [ERROR] Polling thread error: PLC disconnected: [WinError 10051] A socket operation was attempted to an unreachable network
2026-02-10 17:11:14,282 [ERROR] Polling thread error: PLC disconnected: [WinError 10051] A socket operation was attempted to an unreachable network
2026-02-10 17:11:15,387 [ERROR] Polling thread error: PLC disconnected: [WinError 10051] A socket operation was attempted to an unreachable network
2026-02-10 17:11:16,476 [ERROR] Polling thread error: PLC disconnected: [WinError 10051] A socket operation was attempted to an unreachable network
2026-02-10 17:11:17,592 [ERROR] Polling thread error: PLC disconnected: [WinError 10051] A socket operation was attempted to an unreachable network
2026-02-10 17:11:18,681 [ERROR] Polling thread error: PLC disconnected: [WinError 10051] A socket operation was attempted to an unreachable network
2026-02-10 17:11:19,784 [ERROR] Polling thread error: PLC disconnected: [WinError 10051] A socket operation was attempted to an unreachable network
2026-02-10 17:11:20,879 [ERROR] Polling thread error: PLC disconnected: [WinError 10051] A socket operation was attempted to an unreachable network
2026-02-10 17:11:21,970 [ERROR] Polling thread error: PLC disconnected: [WinError 10051] A socket operation was attempted to an unreachable network
2026-02-10 17:11:23,075 [ERROR] Polling thread error: PLC disconnected: [WinError 10051] A socket operation was attempted to an unreachable network
2026-02-10 17:11:24,168 [ERROR] Polling thread error: PLC disconnected: [WinError 10051] A socket operation was attempted to an unreachable network
2026-02-10 17:11:25,255 [ERROR] Polling thread error: PLC disconnected: [WinError 10051] A socket operation was attempted to an unreachable network
2026-02-10 17:11:26,366 [ERROR] Polling thread error: PLC disconnected: [WinError 10051] A socket operation was attempted to an unreachable network
2026-02-10 17:11:27,456 [ERROR] Polling thread error: PLC disconnected: [WinError 10051] A socket operation was attempted to an unreachable network
2026-02-10 17:11:28,545 [ERROR] Polling thread error: PLC disconnected: [WinError 10051] A socket operation was attempted to an unreachable network
2026-02-10 17:11:29,665 [ERROR] Polling thread error: PLC disconnected: [WinError 10051] A socket operation was attempted to an unreachable network
2026-02-10 17:11:30,755 [ERROR] Polling thread error: PLC disconnected: [WinError 10051] A socket operation was attempted to an unreachable network
2026-02-10 17:11:31,855 [ERROR] Polling thread error: PLC disconnected: [WinError 10051] A socket operation was attempted to an unreachable network
2026-02-10 17:11:32,963 [ERROR] Polling thread error: PLC disconnected: [WinError 10051] A socket operation was attempted to an unreachable network
2026-02-10 17:11:34,067 [ERROR] Polling thread error: PLC disconnected: [WinError 10051] A socket operation was attempted to an unreachable network
2026-02-10 17:11:35,156 [ERROR] Polling thread error: PLC disconnected: [WinError 10051] A socket operation was attempted to an unreachable network
2026-02-10 17:11:36,241 [ERROR] Polling thread error: PLC disconnected: [WinError 10051] A socket operation was attempted to an unreachable network
2026-02-10 17:11:37,350 [ERROR] Polling thread error: PLC disconnected: [WinError 10051] A socket operation was attempted to an unreachable network
2026-02-10 17:11:38,447 [ERROR] Polling thread error: PLC disconnected: [WinError 10051] A socket operation was attempted to an unreachable network
2026-02-10 17:11:39,554 [ERROR] Polling thread error: PLC disconnected: [WinError 10051] A socket operation was attempted to an unreachable network
2026-02-10 17:11:40,647 [ERROR] Polling thread error: PLC disconnected: [WinError 10051] A socket operation was attempted to an unreachable network
2026-02-10 17:11:41,746 [ERROR] Polling thread error: PLC disconnected: [WinError 10051] A socket operation was attempted to an unreachable network
2026-02-10 17:11:42,845 [ERROR] Polling thread error: PLC disconnected: [WinError 10051] A socket operation was attempted to an unreachable network
2026-02-10 17:11:43,957 [ERROR] Polling thread error: PLC disconnected: [WinError 10051] A socket operation was attempted to an unreachable network
2026-02-10 17:11:45,064 [ERROR] Polling thread error: PLC disconnected: [WinError 10051] A socket operation was attempted to an unreachable network
2026-02-10 17:11:46,168 [ERROR] Polling thread error: PLC disconnected: [WinError 10051] A socket operation was attempted to an unreachable network
2026-02-10 17:11:47,269 [ERROR] Polling thread error: PLC disconnected: [WinError 10051] A socket operation was attempted to an unreachable network
2026-02-10 17:11:48,359 [ERROR] Polling thread error: PLC disconnected: [WinError 10051] A socket operation was attempted to an unreachable network
2026-02-10 17:11:49,465 [ERROR] Polling thread error: PLC disconnected: [WinError 10051] A socket operation was attempted to an unreachable network
2026-02-10 17:11:50,567 [ERROR] Polling thread error: PLC disconnected: [WinError 10051] A socket operation was attempted to an unreachable network
2026-02-10 17:11:51,656 [ERROR] Polling thread error: PLC disconnected: [WinError 10051] A socket operation was attempted to an unreachable network
2026-02-10 17:11:52,742 [ERROR] Polling thread error: PLC disconnected: [WinError 10051] A socket operation was attempted to an unreachable network
2026-02-10 17:11:53,846 [ERROR] Polling thread error: PLC disconnected: [WinError 10051] A socket operation was attempted to an unreachable network
2026-02-10 17:11:54,951 [ERROR] Polling thread error: PLC disconnected: [WinError 10051] A socket operation was attempted to an unreachable network
2026-02-10 17:11:56,038 [ERROR] Polling thread error: PLC disconnected: [WinError 10051] A socket operation was attempted to an unreachable network
2026-02-10 17:11:57,134 [ERROR] Polling thread error: PLC disconnected: [WinError 10051] A socket operation was attempted to an unreachable network
2026-02-10 17:11:58,224 [ERROR] Polling thread error: PLC disconnected: [WinError 10051] A socket operation was attempted to an unreachable network
2026-02-10 17:11:59,310 [ERROR] Polling thread error: PLC disconnected: [WinError 10051] A socket operation was attempted to an unreachable network
2026-02-10 17:12:00,403 [ERROR] Polling thread error: PLC disconnected: [WinError 10051] A socket operation was attempted to an unreachable network
2026-02-10 17:12:01,491 [ERROR] Polling thread error: PLC disconnected: [WinError 10051] A socket operation was attempted to an unreachable network
2026-02-10 17:12:02,578 [ERROR] Polling thread error: PLC disconnected: [WinError 10051] A socket operation was attempted to an unreachable network
2026-02-10 17:12:03,663 [ERROR] Polling thread error: PLC disconnected: [WinError 10051] A socket operation was attempted to an unreachable network
2026-02-10 17:12:04,757 [ERROR] Polling thread error: PLC disconnected: [WinError 10051] A socket operation was attempted to an unreachable network
2026-02-10 17:12:05,846 [ERROR] Polling thread error: PLC disconnected: [WinError 10051] A socket operation was attempted to an unreachable network
2026-02-10 17:12:06,948 [ERROR] Polling thread error: PLC disconnected: [WinError 10051] A socket operation was attempted to an unreachable network
2026-02-10 17:12:08,052 [ERROR] Polling thread error: PLC disconnected: [WinError 10051] A socket operation was attempted to an unreachable network
2026-02-10 17:12:09,137 [ERROR] Polling thread error: PLC disconnected: [WinError 10051] A socket operation was attempted to an unreachable network
2026-02-10 17:12:10,223 [ERROR] Polling thread error: PLC disconnected: [WinError 10051] A socket operation was attempted to an unreachable network
2026-02-10 17:12:11,323 [ERROR] Polling thread error: PLC disconnected: [WinError 10051] A socket operation was attempted to an unreachable network
2026-02-10 17:12:12,414 [ERROR] Polling thread error: PLC disconnected: [WinError 10051] A socket operation was attempted to an unreachable network
2026-02-10 17:12:13,500 [ERROR] Polling thread error: PLC disconnected: [WinError 10051] A socket operation was attempted to an unreachable network
2026-02-10 17:12:14,605 [ERROR] Polling thread error: PLC disconnected: [WinError 10051] A socket operation was attempted to an unreachable network
2026-02-10 17:12:15,693 [ERROR] Polling thread error: PLC disconnected: [WinError 10051] A socket operation was attempted to an unreachable network
2026-02-10 17:12:16,800 [ERROR] Polling thread error: PLC disconnected: [WinError 10051] A socket operation was attempted to an unreachable network
2026-02-10 17:12:17,900 [ERROR] Polling thread error: PLC disconnected: [WinError 10051] A socket operation was attempted to an unreachable network
2026-02-10 17:12:18,989 [ERROR] Polling thread error: PLC disconnected: [WinError 10051] A socket operation was attempted to an unreachable network
2026-02-10 17:12:20,079 [ERROR] Polling thread error: PLC disconnected: [WinError 10051] A socket operation was attempted to an unreachable network
2026-02-10 17:12:21,161 [ERROR] Polling thread error: PLC disconnected: [WinError 10051] A socket operation was attempted to an unreachable network
2026-02-10 17:12:22,248 [ERROR] Polling thread error: PLC disconnected: [WinError 10051] A socket operation was attempted to an unreachable network
2026-02-10 17:12:23,360 [ERROR] Polling thread error: PLC disconnected: [WinError 10051] A socket operation was attempted to an unreachable network
2026-02-10 17:12:24,450 [ERROR] Polling thread error: PLC disconnected: [WinError 10051] A socket operation was attempted to an unreachable network
2026-02-10 17:12:25,540 [ERROR] Polling thread error: PLC disconnected: [WinError 10051] A socket operation was attempted to an unreachable network
2026-02-10 17:12:26,626 [ERROR] Polling thread error: PLC disconnected: [WinError 10051] A socket operation was attempted to an unreachable network
2026-02-10 17:12:27,723 [ERROR] Polling thread error: PLC disconnected: [WinError 10051] A socket operation was attempted to an unreachable network
2026-02-10 17:12:28,823 [ERROR] Polling thread error: PLC disconnected: [WinError 10051] A socket operation was attempted to an unreachable network
2026-02-10 17:12:29,909 [ERROR] Polling thread error: PLC disconnected: [WinError 10051] A socket operation was attempted to an unreachable network
2026-02-10 17:12:31,028 [ERROR] Polling thread error: PLC disconnected: [WinError 10051] A socket operation was attempted to an unreachable network
2026-02-10 17:12:32,135 [ERROR] Polling thread error: PLC disconnected: [WinError 10051] A socket operation was attempted to an unreachable network
2026-02-10 17:12:33,235 [ERROR] Polling thread error: PLC disconnected: [WinError 10051] A socket operation was attempted to an unreachable network
2026-02-10 17:12:34,340 [ERROR] Polling thread error: PLC disconnected: [WinError 10051] A socket operation was attempted to an unreachable network
2026-02-10 17:12:35,425 [ERROR] Polling thread error: PLC disconnected: [WinError 10051] A socket operation was attempted to an unreachable network
2026-02-10 17:12:36,523 [ERROR] Polling thread error: PLC disconnected: [WinError 10051] A socket operation was attempted to an unreachable network
2026-02-10 17:12:37,611 [ERROR] Polling thread error: PLC disconnected: [WinError 10051] A socket operation was attempted to an unreachable network
2026-02-10 17:12:38,713 [ERROR] Polling thread error: PLC disconnected: [WinError 10051] A socket operation was attempted to an unreachable network
2026-02-10 17:12:39,818 [ERROR] Polling thread error: PLC disconnected: [WinError 10051] A socket operation was attempted to an unreachable network
2026-02-10 17:12:40,921 [ERROR] Polling thread error: PLC disconnected: [WinError 10051] A socket operation was attempted to an unreachable network
2026-02-10 17:12:42,025 [ERROR] Polling thread error: PLC disconnected: [WinError 10051] A socket operation was attempted to an unreachable network
2026-02-10 17:12:43,130 [ERROR] Polling thread error: PLC disconnected: [WinError 10051] A socket operation was attempted to an unreachable network
2026-02-10 17:12:44,218 [ERROR] Polling thread error: PLC disconnected: [WinError 10051] A socket operation was attempted to an unreachable network
2026-02-10 17:12:45,321 [ERROR] Polling thread error: PLC disconnected: [WinError 10051] A socket operation was attempted to an unreachable network
2026-02-10 17:12:46,422 [ERROR] Polling thread error: PLC disconnected: [WinError 10051] A socket operation was attempted to an unreachable network
2026-02-10 17:12:47,513 [ERROR] Polling thread error: PLC disconnected: [WinError 10051] A socket operation was attempted to an unreachable network
2026-02-10 17:12:48,605 [ERROR] Polling thread error: PLC disconnected: [WinError 10051] A socket operation was attempted to an unreachable network
2026-02-10 17:12:49,694 [ERROR] Polling thread error: PLC disconnected: [WinError 10051] A socket operation was attempted to an unreachable network
2026-02-10 17:12:50,800 [ERROR] Polling thread error: PLC disconnected: [WinError 10051] A socket operation was attempted to an unreachable network
2026-02-10 17:12:51,906 [ERROR] Polling thread error: PLC disconnected: [WinError 10051] A socket operation was attempted to an unreachable network
2026-02-10 17:12:53,002 [ERROR] Polling thread error: PLC disconnected: [WinError 10051] A socket operation was attempted to an unreachable network
2026-02-10 17:12:54,107 [ERROR] Polling thread error: PLC disconnected: [WinError 10051] A socket operation was attempted to an unreachable network
2026-02-10 17:12:55,217 [ERROR] Polling thread error: PLC disconnected: [WinError 10051] A socket operation was attempted to an unreachable network
2026-02-10 17:12:56,306 [ERROR] Polling thread error: PLC disconnected: [WinError 10051] A socket operation was attempted to an unreachable network
2026-02-10 17:12:57,398 [ERROR] Polling thread error: PLC disconnected: [WinError 10051] A socket operation was attempted to an unreachable network
2026-02-10 17:12:58,486 [ERROR] Polling thread error: PLC disconnected: [WinError 10051] A socket operation was attempted to an unreachable network
2026-02-10 17:12:59,574 [ERROR] Polling thread error: PLC disconnected: [WinError 10051] A socket operation was attempted to an unreachable network
2026-02-10 17:13:00,681 [ERROR] Polling thread error: PLC disconnected: [WinError 10051] A socket operation was attempted to an unreachable network
2026-02-10 17:13:01,771 [ERROR] Polling thread error: PLC disconnected: [WinError 10051] A socket operation was attempted to an unreachable network
2026-02-10 17:13:02,880 [ERROR] Polling thread error: PLC disconnected: [WinError 10051] A socket operation was attempted to an unreachable network
2026-02-10 17:13:03,979 [ERROR] Polling thread error: PLC disconnected: [WinError 10051] A socket operation was attempted to an unreachable network
2026-02-10 17:13:05,071 [ERROR] Polling thread error: PLC disconnected: [WinError 10051] A socket operation was attempted to an unreachable network
2026-02-10 17:13:06,173 [ERROR] Polling thread error: PLC disconnected: [WinError 10051] A socket operation was attempted to an unreachable network
2026-02-10 17:13:07,259 [ERROR] Polling thread error: PLC disconnected: [WinError 10051] A socket operation was attempted to an unreachable network
2026-02-10 17:13:08,350 [ERROR] Polling thread error: PLC disconnected: [WinError 10051] A socket operation was attempted to an unreachable network
2026-02-10 17:13:09,454 [ERROR] Polling thread error: PLC disconnected: [WinError 10051] A socket operation was attempted to an unreachable network
2026-02-10 17:13:10,559 [ERROR] Polling thread error: PLC disconnected: [WinError 10051] A socket operation was attempted to an unreachable network
2026-02-10 17:13:11,665 [ERROR] Polling thread error: PLC disconnected: [WinError 10051] A socket operation was attempted to an unreachable network
2026-02-10 17:13:12,772 [ERROR] Polling thread error: PLC disconnected: [WinError 10051] A socket operation was attempted to an unreachable network
2026-02-10 17:13:13,877 [ERROR] Polling thread error: PLC disconnected: [WinError 10051] A socket operation was attempted to an unreachable network
2026-02-10 17:13:14,968 [ERROR] Polling thread error: PLC disconnected: [WinError 10051] A socket operation was attempted to an unreachable network
2026-02-10 17:13:16,060 [ERROR] Polling thread error: PLC disconnected: [WinError 10051] A socket operation was attempted to an unreachable network
2026-02-10 17:13:17,166 [ERROR] Polling thread error: PLC disconnected: [WinError 10051] A socket operation was attempted to an unreachable network
2026-02-10 17:13:18,272 [ERROR] Polling thread error: PLC disconnected: [WinError 10051] A socket operation was attempted to an unreachable network
2026-02-10 17:13:19,363 [ERROR] Polling thread error: PLC disconnected: [WinError 10051] A socket operation was attempted to an unreachable network
2026-02-10 17:13:20,459 [ERROR] Polling thread error: PLC disconnected: [WinError 10051] A socket operation was attempted to an unreachable network
2026-02-10 17:13:21,555 [ERROR] Polling thread error: PLC disconnected: [WinError 10051] A socket operation was attempted to an unreachable network
2026-02-10 17:13:22,635 [ERROR] Polling thread error: PLC disconnected: [WinError 10051] A socket operation was attempted to an unreachable network
2026-02-10 17:13:23,727 [ERROR] Polling thread error: PLC disconnected: [WinError 10051] A socket operation was attempted to an unreachable network
2026-02-10 17:13:24,813 [ERROR] Polling thread error: PLC disconnected: [WinError 10051] A socket operation was attempted to an unreachable network
2026-02-10 17:13:25,939 [ERROR] Polling thread error: PLC disconnected: [WinError 10051] A socket operation was attempted to an unreachable network
2026-02-10 17:13:27,046 [ERROR] Polling thread error: PLC disconnected: [WinError 10051] A socket operation was attempted to an unreachable network
2026-02-10 17:13:28,153 [ERROR] Polling thread error: PLC disconnected: [WinError 10051] A socket operation was attempted to an unreachable network
2026-02-10 17:13:29,255 [ERROR] Polling thread error: PLC disconnected: [WinError 10051] A socket operation was attempted to an unreachable network
2026-02-10 17:13:30,366 [ERROR] Polling thread error: PLC disconnected: [WinError 10051] A socket operation was attempted to an unreachable network
2026-02-10 17:13:31,476 [ERROR] Polling thread error: PLC disconnected: [WinError 10051] A socket operation was attempted to an unreachable network
2026-02-10 17:13:32,580 [ERROR] Polling thread error: PLC disconnected: [WinError 10051] A socket operation was attempted to an unreachable network
2026-02-10 17:13:33,672 [ERROR] Polling thread error: PLC disconnected: [WinError 10051] A socket operation was attempted to an unreachable network
2026-02-10 17:13:34,779 [ERROR] Polling thread error: PLC disconnected: [WinError 10051] A socket operation was attempted to an unreachable network
2026-02-10 17:13:35,884 [ERROR] Polling thread error: PLC disconnected: [WinError 10051] A socket operation was attempted to an unreachable network
2026-02-10 17:13:36,975 [ERROR] Polling thread error: PLC disconnected: [WinError 10051] A socket operation was attempted to an unreachable network
2026-02-10 17:13:38,065 [ERROR] Polling thread error: PLC disconnected: [WinError 10051] A socket operation was attempted to an unreachable network
2026-02-10 17:13:39,156 [ERROR] Polling thread error: PLC disconnected: [WinError 10051] A socket operation was attempted to an unreachable network
2026-02-10 17:13:40,259 [ERROR] Polling thread error: PLC disconnected: [WinError 10051] A socket operation was attempted to an unreachable network
2026-02-10 17:13:41,363 [ERROR] Polling thread error: PLC disconnected: [WinError 10051] A socket operation was attempted to an unreachable network
2026-02-10 17:13:42,474 [ERROR] Polling thread error: PLC disconnected: [WinError 10051] A socket operation was attempted to an unreachable network
2026-02-10 17:13:43,592 [ERROR] Polling thread error: PLC disconnected: [WinError 10051] A socket operation was attempted to an unreachable network
2026-02-10 17:13:44,694 [ERROR] Polling thread error: PLC disconnected: [WinError 10051] A socket operation was attempted to an unreachable network
2026-02-10 17:13:45,789 [ERROR] Polling thread error: PLC disconnected: [WinError 10051] A socket operation was attempted to an unreachable network
2026-02-10 17:13:46,876 [ERROR] Polling thread error: PLC disconnected: [WinError 10051] A socket operation was attempted to an unreachable network
2026-02-10 17:13:47,985 [ERROR] Polling thread error: PLC disconnected: [WinError 10051] A socket operation was attempted to an unreachable network
2026-02-10 17:13:49,088 [ERROR] Polling thread error: PLC disconnected: [WinError 10051] A socket operation was attempted to an unreachable network
2026-02-10 17:13:50,185 [ERROR] Polling thread error: PLC disconnected: [WinError 10051] A socket operation was attempted to an unreachable network
2026-02-10 17:13:51,290 [ERROR] Polling thread error: PLC disconnected: [WinError 10051] A socket operation was attempted to an unreachable network
2026-02-10 17:13:52,396 [ERROR] Polling thread error: PLC disconnected: [WinError 10051] A socket operation was attempted to an unreachable network
2026-02-10 17:13:53,511 [ERROR] Polling thread error: PLC disconnected: [WinError 10051] A socket operation was attempted to an unreachable network
2026-02-10 17:13:54,613 [ERROR] Polling thread error: PLC disconnected: [WinError 10051] A socket operation was attempted to an unreachable network
2026-02-10 17:13:55,719 [ERROR] Polling thread error: PLC disconnected: [WinError 10051] A socket operation was attempted to an unreachable network
2026-02-10 17:13:56,812 [ERROR] Polling thread error: PLC disconnected: [WinError 10051] A socket operation was attempted to an unreachable network
2026-02-10 17:13:57,915 [ERROR] Polling thread error: PLC disconnected: [WinError 10051] A socket operation was attempted to an unreachable network
2026-02-10 17:13:59,018 [ERROR] Polling thread error: PLC disconnected: [WinError 10051] A socket operation was attempted to an unreachable network
2026-02-10 17:14:00,123 [ERROR] Polling thread error: PLC disconnected: [WinError 10051] A socket operation was attempted to an unreachable network
2026-02-10 17:14:01,212 [ERROR] Polling thread error: PLC disconnected: [WinError 10051] A socket operation was attempted to an unreachable network
2026-02-10 17:14:02,316 [ERROR] Polling thread error: PLC disconnected: [WinError 10051] A socket operation was attempted to an unreachable network
2026-02-10 17:14:03,424 [ERROR] Polling thread error: PLC disconnected: [WinError 10051] A socket operation was attempted to an unreachable network
2026-02-10 17:14:04,531 [ERROR] Polling thread error: PLC disconnected: [WinError 10051] A socket operation was attempted to an unreachable network
2026-02-10 17:14:05,625 [ERROR] Polling thread error: PLC disconnected: [WinError 10051] A socket operation was attempted to an unreachable network
2026-02-10 17:14:06,716 [ERROR] Polling thread error: PLC disconnected: [WinError 10051] A socket operation was attempted to an unreachable network
2026-02-10 17:14:07,807 [ERROR] Polling thread error: PLC disconnected: [WinError 10051] A socket operation was attempted to an unreachable network
2026-02-10 17:14:08,899 [ERROR] Polling thread error: PLC disconnected: [WinError 10051] A socket operation was attempted to an unreachable network
2026-02-10 17:14:10,012 [ERROR] Polling thread error: PLC disconnected: [WinError 10051] A socket operation was attempted to an unreachable network
2026-02-10 17:14:11,124 [ERROR] Polling thread error: PLC disconnected: [WinError 10051] A socket operation was attempted to an unreachable network
2026-02-10 17:14:12,217 [ERROR] Polling thread error: PLC disconnected: [WinError 10051] A socket operation was attempted to an unreachable network
2026-02-10 17:14:13,327 [ERROR] Polling thread error: PLC disconnected: [WinError 10051] A socket operation was attempted to an unreachable network
2026-02-10 17:14:14,432 [ERROR] Polling thread error: PLC disconnected: [WinError 10051] A socket operation was attempted to an unreachable network
2026-02-10 17:14:15,525 [ERROR] Polling thread error: PLC disconnected: [WinError 10051] A socket operation was attempted to an unreachable network
2026-02-10 17:14:16,616 [ERROR] Polling thread error: PLC disconnected: [WinError 10051] A socket operation was attempted to an unreachable network
2026-02-10 17:14:17,721 [ERROR] Polling thread error: PLC disconnected: [WinError 10051] A socket operation was attempted to an unreachable network
2026-02-10 17:14:18,807 [ERROR] Polling thread error: PLC disconnected: [WinError 10051] A socket operation was attempted to an unreachable network
2026-02-10 17:14:19,912 [ERROR] Polling thread error: PLC disconnected: [WinError 10051] A socket operation was attempted to an unreachable network
2026-02-10 17:14:21,003 [ERROR] Polling thread error: PLC disconnected: [WinError 10051] A socket operation was attempted to an unreachable network
2026-02-10 17:14:22,092 [ERROR] Polling thread error: PLC disconnected: [WinError 10051] A socket operation was attempted to an unreachable network
2026-02-10 17:14:23,194 [ERROR] Polling thread error: PLC disconnected: [WinError 10051] A socket operation was attempted to an unreachable network
2026-02-10 17:14:24,304 [ERROR] Polling thread error: PLC disconnected: [WinError 10051] A socket operation was attempted to an unreachable network
2026-02-10 17:14:25,394 [ERROR] Polling thread error: PLC disconnected: [WinError 10051] A socket operation was attempted to an unreachable network
2026-02-10 17:14:26,496 [ERROR] Polling thread error: PLC disconnected: [WinError 10051] A socket operation was attempted to an unreachable network
2026-02-10 17:14:27,600 [ERROR] Polling thread error: PLC disconnected: [WinError 10051] A socket operation was attempted to an unreachable network
2026-02-10 17:14:28,703 [ERROR] Polling thread error: PLC disconnected: [WinError 10051] A socket operation was attempted to an unreachable network
2026-02-10 17:14:29,791 [ERROR] Polling thread error: PLC disconnected: [WinError 10051] A socket operation was attempted to an unreachable network
2026-02-10 17:14:30,893 [ERROR] Polling thread error: PLC disconnected: [WinError 10051] A socket operation was attempted to an unreachable network
2026-02-10 17:14:31,986 [ERROR] Polling thread error: PLC disconnected: [WinError 10051] A socket operation was attempted to an unreachable network
2026-02-10 17:14:33,094 [ERROR] Polling thread error: PLC disconnected: [WinError 10051] A socket operation was attempted to an unreachable network
2026-02-10 17:14:34,184 [ERROR] Polling thread error: PLC disconnected: [WinError 10051] A socket operation was attempted to an unreachable network
2026-02-10 17:14:35,273 [ERROR] Polling thread error: PLC disconnected: [WinError 10051] A socket operation was attempted to an unreachable network
2026-02-10 17:14:36,375 [ERROR] Polling thread error: PLC disconnected: [WinError 10051] A socket operation was attempted to an unreachable network
2026-02-10 17:14:37,483 [ERROR] Polling thread error: PLC disconnected: [WinError 10051] A socket operation was attempted to an unreachable network
2026-02-10 17:14:38,572 [ERROR] Polling thread error: PLC disconnected: [WinError 10051] A socket operation was attempted to an unreachable network
2026-02-10 17:14:39,681 [ERROR] Polling thread error: PLC disconnected: [WinError 10051] A socket operation was attempted to an unreachable network
2026-02-10 17:14:40,791 [ERROR] Polling thread error: PLC disconnected: [WinError 10051] A socket operation was attempted to an unreachable network
2026-02-10 17:14:41,892 [ERROR] Polling thread error: PLC disconnected: [WinError 10051] A socket operation was attempted to an unreachable network
2026-02-10 17:14:42,988 [ERROR] Polling thread error: PLC disconnected: [WinError 10051] A socket operation was attempted to an unreachable network
2026-02-10 17:14:44,094 [ERROR] Polling thread error: PLC disconnected: [WinError 10051] A socket operation was attempted to an unreachable network
2026-02-10 17:14:45,183 [ERROR] Polling thread error: PLC disconnected: [WinError 10051] A socket operation was attempted to an unreachable network
2026-02-10 17:14:46,275 [ERROR] Polling thread error: PLC disconnected: [WinError 10051] A socket operation was attempted to an unreachable network
2026-02-10 17:14:47,359 [ERROR] Polling thread error: PLC disconnected: [WinError 10051] A socket operation was attempted to an unreachable network
2026-02-10 17:14:48,480 [ERROR] Polling thread error: PLC disconnected: [WinError 10051] A socket operation was attempted to an unreachable network
2026-02-10 17:14:49,571 [ERROR] Polling thread error: PLC disconnected: [WinError 10051] A socket operation was attempted to an unreachable network
2026-02-10 17:14:50,664 [ERROR] Polling thread error: PLC disconnected: [WinError 10051] A socket operation was attempted to an unreachable network
2026-02-10 17:14:51,755 [ERROR] Polling thread error: PLC disconnected: [WinError 10051] A socket operation was attempted to an unreachable network
2026-02-10 17:14:52,847 [ERROR] Polling thread error: PLC disconnected: [WinError 10051] A socket operation was attempted to an unreachable network
2026-02-10 17:14:53,950 [ERROR] Polling thread error: PLC disconnected: [WinError 10051] A socket operation was attempted to an unreachable network
2026-02-10 17:14:55,033 [ERROR] Polling thread error: PLC disconnected: [WinError 10051] A socket operation was attempted to an unreachable network
2026-02-10 17:14:56,142 [ERROR] Polling thread error: PLC disconnected: [WinError 10051] A socket operation was attempted to an unreachable network
2026-02-10 17:14:57,235 [ERROR] Polling thread error: PLC disconnected: [WinError 10051] A socket operation was attempted to an unreachable network
2026-02-10 17:14:58,356 [ERROR] Polling thread error: PLC disconnected: [WinError 10051] A socket operation was attempted to an unreachable network
2026-02-10 17:14:59,453 [ERROR] Polling thread error: PLC disconnected: [WinError 10051] A socket operation was attempted to an unreachable network
2026-02-10 17:15:00,544 [ERROR] Polling thread error: PLC disconnected: [WinError 10051] A socket operation was attempted to an unreachable network
2026-02-10 17:15:01,652 [ERROR] Polling thread error: PLC disconnected: [WinError 10051] A socket operation was attempted to an unreachable network
2026-02-10 17:15:02,744 [ERROR] Polling thread error: PLC disconnected: [WinError 10051] A socket operation was attempted to an unreachable network
2026-02-10 17:15:03,850 [ERROR] Polling thread error: PLC disconnected: [WinError 10051] A socket operation was attempted to an unreachable network
2026-02-10 17:15:04,959 [ERROR] Polling thread error: PLC disconnected: [WinError 10051] A socket operation was attempted to an unreachable network
2026-02-10 17:15:06,059 [ERROR] Polling thread error: PLC disconnected: [WinError 10051] A socket operation was attempted to an unreachable network
2026-02-10 17:15:07,150 [ERROR] Polling thread error: PLC disconnected: [WinError 10051] A socket operation was attempted to an unreachable network
2026-02-10 17:15:08,256 [ERROR] Polling thread error: PLC disconnected: [WinError 10051] A socket operation was attempted to an unreachable network
2026-02-10 17:15:09,348 [ERROR] Polling thread error: PLC disconnected: [WinError 10051] A socket operation was attempted to an unreachable network
2026-02-10 17:15:10,439 [ERROR] Polling thread error: PLC disconnected: [WinError 10051] A socket operation was attempted to an unreachable network
2026-02-10 17:15:11,538 [ERROR] Polling thread error: PLC disconnected: [WinError 10051] A socket operation was attempted to an unreachable network
2026-02-10 17:15:12,633 [ERROR] Polling thread error: PLC disconnected: [WinError 10051] A socket operation was attempted to an unreachable network
2026-02-10 17:15:13,731 [ERROR] Polling thread error: PLC disconnected: [WinError 10051] A socket operation was attempted to an unreachable network
2026-02-10 17:15:14,838 [ERROR] Polling thread error: PLC disconnected: [WinError 10051] A socket operation was attempted to an unreachable network
2026-02-10 17:15:15,926 [ERROR] Polling thread error: PLC disconnected: [WinError 10051] A socket operation was attempted to an unreachable network
2026-02-10 17:15:17,028 [ERROR] Polling thread error: PLC disconnected: [WinError 10051] A socket operation was attempted to an unreachable network
2026-02-10 17:15:18,135 [ERROR] Polling thread error: PLC disconnected: [WinError 10051] A socket operation was attempted to an unreachable network
2026-02-10 17:15:19,233 [ERROR] Polling thread error: PLC disconnected: [WinError 10051] A socket operation was attempted to an unreachable network
2026-02-10 17:15:20,318 [ERROR] Polling thread error: PLC disconnected: [WinError 10051] A socket operation was attempted to an unreachable network
2026-02-10 17:15:21,423 [ERROR] Polling thread error: PLC disconnected: [WinError 10051] A socket operation was attempted to an unreachable network
2026-02-10 17:15:22,510 [ERROR] Polling thread error: PLC disconnected: [WinError 10051] A socket operation was attempted to an unreachable network
2026-02-10 17:15:23,603 [ERROR] Polling thread error: PLC disconnected: [WinError 10051] A socket operation was attempted to an unreachable network
2026-02-10 17:15:24,706 [ERROR] Polling thread error: PLC disconnected: [WinError 10051] A socket operation was attempted to an unreachable network
2026-02-10 17:15:25,800 [ERROR] Polling thread error: PLC disconnected: [WinError 10051] A socket operation was attempted to an unreachable network
2026-02-10 17:15:26,905 [ERROR] Polling thread error: PLC disconnected: [WinError 10051] A socket operation was attempted to an unreachable network
2026-02-10 17:15:27,995 [ERROR] Polling thread error: PLC disconnected: [WinError 10051] A socket operation was attempted to an unreachable network
2026-02-10 17:15:29,100 [ERROR] Polling thread error: PLC disconnected: [WinError 10051] A socket operation was attempted to an unreachable network
2026-02-10 17:15:30,188 [ERROR] Polling thread error: PLC disconnected: [WinError 10051] A socket operation was attempted to an unreachable network
2026-02-10 17:15:31,291 [ERROR] Polling thread error: PLC disconnected: [WinError 10051] A socket operation was attempted to an unreachable network
2026-02-10 17:15:32,388 [ERROR] Polling thread error: PLC disconnected: [WinError 10051] A socket operation was attempted to an unreachable network
2026-02-10 17:15:33,477 [ERROR] Polling thread error: PLC disconnected: [WinError 10051] A socket operation was attempted to an unreachable network
2026-02-10 17:15:34,567 [ERROR] Polling thread error: PLC disconnected: [WinError 10051] A socket operation was attempted to an unreachable network
2026-02-10 17:15:35,666 [ERROR] Polling thread error: PLC disconnected: [WinError 10051] A socket operation was attempted to an unreachable network
2026-02-10 17:15:36,776 [ERROR] Polling thread error: PLC disconnected: [WinError 10051] A socket operation was attempted to an unreachable network
2026-02-10 17:15:37,876 [ERROR] Polling thread error: PLC disconnected: [WinError 10051] A socket operation was attempted to an unreachable network
2026-02-10 17:15:38,971 [ERROR] Polling thread error: PLC disconnected: [WinError 10051] A socket operation was attempted to an unreachable network
2026-02-10 17:15:40,072 [ERROR] Polling thread error: PLC disconnected: [WinError 10051] A socket operation was attempted to an unreachable network
2026-02-10 17:15:41,168 [ERROR] Polling thread error: PLC disconnected: [WinError 10051] A socket operation was attempted to an unreachable network
2026-02-10 17:15:42,256 [ERROR] Polling thread error: PLC disconnected: [WinError 10051] A socket operation was attempted to an unreachable network
2026-02-10 17:15:43,352 [ERROR] Polling thread error: PLC disconnected: [WinError 10051] A socket operation was attempted to an unreachable network
2026-02-10 17:15:44,460 [ERROR] Polling thread error: PLC disconnected: [WinError 10051] A socket operation was attempted to an unreachable network
2026-02-10 17:15:45,556 [ERROR] Polling thread error: PLC disconnected: [WinError 10051] A socket operation was attempted to an unreachable network
2026-02-10 17:15:46,640 [ERROR] Polling thread error: PLC disconnected: [WinError 10051] A socket operation was attempted to an unreachable network
2026-02-10 17:15:47,745 [ERROR] Polling thread error: PLC disconnected: [WinError 10051] A socket operation was attempted to an unreachable network
2026-02-10 17:15:48,847 [ERROR] Polling thread error: PLC disconnected: [WinError 10051] A socket operation was attempted to an unreachable network
2026-02-10 17:15:49,935 [ERROR] Polling thread error: PLC disconnected: [WinError 10051] A socket operation was attempted to an unreachable network
2026-02-10 17:15:51,021 [ERROR] Polling thread error: PLC disconnected: [WinError 10051] A socket operation was attempted to an unreachable network
2026-02-10 17:15:52,113 [ERROR] Polling thread error: PLC disconnected: [WinError 10051] A socket operation was attempted to an unreachable network
2026-02-10 17:15:53,206 [ERROR] Polling thread error: PLC disconnected: [WinError 10051] A socket operation was attempted to an unreachable network
2026-02-10 17:15:54,310 [ERROR] Polling thread error: PLC disconnected: [WinError 10051] A socket operation was attempted to an unreachable network
2026-02-10 17:15:55,419 [ERROR] Polling thread error: PLC disconnected: [WinError 10051] A socket operation was attempted to an unreachable network
2026-02-10 17:15:56,525 [ERROR] Polling thread error: PLC disconnected: [WinError 10051] A socket operation was attempted to an unreachable network
2026-02-10 17:15:57,630 [ERROR] Polling thread error: PLC disconnected: [WinError 10051] A socket operation was attempted to an unreachable network
2026-02-10 17:15:58,738 [ERROR] Polling thread error: PLC disconnected: [WinError 10051] A socket operation was attempted to an unreachable network
2026-02-10 17:15:59,840 [ERROR] Polling thread error: PLC disconnected: [WinError 10051] A socket operation was attempted to an unreachable network
2026-02-10 17:16:00,947 [ERROR] Polling thread error: PLC disconnected: [WinError 10051] A socket operation was attempted to an unreachable network
2026-02-10 17:16:02,037 [ERROR] Polling thread error: PLC disconnected: [WinError 10051] A socket operation was attempted to an unreachable network
2026-02-10 17:16:03,134 [ERROR] Polling thread error: PLC disconnected: [WinError 10051] A socket operation was attempted to an unreachable network
2026-02-10 17:16:04,229 [ERROR] Polling thread error: PLC disconnected: [WinError 10051] A socket operation was attempted to an unreachable network
2026-02-10 17:16:05,315 [ERROR] Polling thread error: PLC disconnected: [WinError 10051] A socket operation was attempted to an unreachable network
2026-02-10 17:16:06,421 [ERROR] Polling thread error: PLC disconnected: [WinError 10051] A socket operation was attempted to an unreachable network
2026-02-10 17:16:07,507 [ERROR] Polling thread error: PLC disconnected: [WinError 10051] A socket operation was attempted to an unreachable network
2026-02-10 17:16:08,610 [ERROR] Polling thread error: PLC disconnected: [WinError 10051] A socket operation was attempted to an unreachable network
2026-02-10 17:16:09,715 [ERROR] Polling thread error: PLC disconnected: [WinError 10051] A socket operation was attempted to an unreachable network
2026-02-10 17:16:10,807 [ERROR] Polling thread error: PLC disconnected: [WinError 10051] A socket operation was attempted to an unreachable network
2026-02-10 17:16:11,910 [ERROR] Polling thread error: PLC disconnected: [WinError 10051] A socket operation was attempted to an unreachable network
2026-02-10 17:16:13,016 [ERROR] Polling thread error: PLC disconnected: [WinError 10051] A socket operation was attempted to an unreachable network
2026-02-10 17:16:14,104 [ERROR] Polling thread error: PLC disconnected: [WinError 10051] A socket operation was attempted to an unreachable network
2026-02-10 17:16:15,199 [ERROR] Polling thread error: PLC disconnected: [WinError 10051] A socket operation was attempted to an unreachable network
2026-02-10 17:16:16,300 [ERROR] Polling thread error: PLC disconnected: [WinError 10051] A socket operation was attempted to an unreachable network
2026-02-10 17:16:17,391 [ERROR] Polling thread error: PLC disconnected: [WinError 10051] A socket operation was attempted to an unreachable network
2026-02-10 17:16:18,497 [ERROR] Polling thread error: PLC disconnected: [WinError 10051] A socket operation was attempted to an unreachable network
2026-02-10 17:16:19,603 [ERROR] Polling thread error: PLC disconnected: [WinError 10051] A socket operation was attempted to an unreachable network
2026-02-10 17:16:20,708 [ERROR] Polling thread error: PLC disconnected: [WinError 10051] A socket operation was attempted to an unreachable network
2026-02-10 17:16:21,799 [ERROR] Polling thread error: PLC disconnected: [WinError 10051] A socket operation was attempted to an unreachable network
2026-02-10 17:16:22,888 [ERROR] Polling thread error: PLC disconnected: [WinError 10051] A socket operation was attempted to an unreachable network
2026-02-10 17:16:23,995 [ERROR] Polling thread error: PLC disconnected: [WinError 10051] A socket operation was attempted to an unreachable network
2026-02-10 17:16:25,079 [ERROR] Polling thread error: PLC disconnected: [WinError 10051] A socket operation was attempted to an unreachable network
2026-02-10 17:16:26,163 [ERROR] Polling thread error: PLC disconnected: [WinError 10051] A socket operation was attempted to an unreachable network
2026-02-10 17:16:27,286 [ERROR] Polling thread error: PLC disconnected: [WinError 10051] A socket operation was attempted to an unreachable network
2026-02-10 17:16:28,371 [ERROR] Polling thread error: PLC disconnected: [WinError 10051] A socket operation was attempted to an unreachable network
2026-02-10 17:16:29,482 [ERROR] Polling thread error: PLC disconnected: [WinError 10051] A socket operation was attempted to an unreachable network
2026-02-10 17:16:30,569 [ERROR] Polling thread error: PLC disconnected: [WinError 10051] A socket operation was attempted to an unreachable network
2026-02-10 17:16:31,664 [ERROR] Polling thread error: PLC disconnected: [WinError 10051] A socket operation was attempted to an unreachable network
2026-02-10 17:16:32,753 [ERROR] Polling thread error: PLC disconnected: [WinError 10051] A socket operation was attempted to an unreachable network
2026-02-10 17:16:33,857 [ERROR] Polling thread error: PLC disconnected: [WinError 10051] A socket operation was attempted to an unreachable network
2026-02-10 17:16:34,946 [ERROR] Polling thread error: PLC disconnected: [WinError 10051] A socket operation was attempted to an unreachable network
2026-02-10 17:16:36,045 [ERROR] Polling thread error: PLC disconnected: [WinError 10051] A socket operation was attempted to an unreachable network
2026-02-10 17:16:37,141 [ERROR] Polling thread error: PLC disconnected: [WinError 10051] A socket operation was attempted to an unreachable network
2026-02-10 17:16:38,246 [ERROR] Polling thread error: PLC disconnected: [WinError 10051] A socket operation was attempted to an unreachable network
2026-02-10 17:16:39,334 [ERROR] Polling thread error: PLC disconnected: [WinError 10051] A socket operation was attempted to an unreachable network
2026-02-10 17:16:40,442 [ERROR] Polling thread error: PLC disconnected: [WinError 10051] A socket operation was attempted to an unreachable network
2026-02-10 17:16:41,542 [ERROR] Polling thread error: PLC disconnected: [WinError 10051] A socket operation was attempted to an unreachable network
2026-02-10 17:16:42,625 [ERROR] Polling thread error: PLC disconnected: [WinError 10051] A socket operation was attempted to an unreachable network
2026-02-10 17:16:43,727 [ERROR] Polling thread error: PLC disconnected: [WinError 10051] A socket operation was attempted to an unreachable network
2026-02-10 17:16:44,830 [ERROR] Polling thread error: PLC disconnected: [WinError 10051] A socket operation was attempted to an unreachable network
2026-02-10 17:16:45,954 [ERROR] Polling thread error: PLC disconnected: [WinError 10051] A socket operation was attempted to an unreachable network
2026-02-10 17:16:47,056 [ERROR] Polling thread error: PLC disconnected: [WinError 10051] A socket operation was attempted to an unreachable network
2026-02-10 17:16:48,181 [ERROR] Polling thread error: PLC disconnected: [WinError 10051] A socket operation was attempted to an unreachable network
2026-02-10 17:16:49,281 [ERROR] Polling thread error: PLC disconnected: [WinError 10051] A socket operation was attempted to an unreachable network
2026-02-10 17:16:50,385 [ERROR] Polling thread error: PLC disconnected: [WinError 10051] A socket operation was attempted to an unreachable network
2026-02-10 17:16:51,496 [ERROR] Polling thread error: PLC disconnected: [WinError 10051] A socket operation was attempted to an unreachable network
2026-02-10 17:16:52,596 [ERROR] Polling thread error: PLC disconnected: [WinError 10051] A socket operation was attempted to an unreachable network
2026-02-10 17:16:53,687 [ERROR] Polling thread error: PLC disconnected: [WinError 10051] A socket operation was attempted to an unreachable network
2026-02-10 17:16:54,792 [ERROR] Polling thread error: PLC disconnected: [WinError 10051] A socket operation was attempted to an unreachable network
2026-02-10 17:16:55,886 [ERROR] Polling thread error: PLC disconnected: [WinError 10051] A socket operation was attempted to an unreachable network
2026-02-10 17:16:56,987 [ERROR] Polling thread error: PLC disconnected: [WinError 10051] A socket operation was attempted to an unreachable network
2026-02-10 17:16:58,082 [ERROR] Polling thread error: PLC disconnected: [WinError 10051] A socket operation was attempted to an unreachable network
2026-02-10 17:16:59,186 [ERROR] Polling thread error: PLC disconnected: [WinError 10051] A socket operation was attempted to an unreachable network
2026-02-10 17:17:00,292 [ERROR] Polling thread error: PLC disconnected: [WinError 10051] A socket operation was attempted to an unreachable network
2026-02-10 17:17:01,385 [ERROR] Polling thread error: PLC disconnected: [WinError 10051] A socket operation was attempted to an unreachable network
2026-02-10 17:17:02,479 [ERROR] Polling thread error: PLC disconnected: [WinError 10051] A socket operation was attempted to an unreachable network
2026-02-10 17:17:03,572 [ERROR] Polling thread error: PLC disconnected: [WinError 10051] A socket operation was attempted to an unreachable network
2026-02-10 17:17:04,662 [ERROR] Polling thread error: PLC disconnected: [WinError 10051] A socket operation was attempted to an unreachable network
2026-02-10 17:17:05,771 [ERROR] Polling thread error: PLC disconnected: [WinError 10051] A socket operation was attempted to an unreachable network
2026-02-10 17:17:06,879 [ERROR] Polling thread error: PLC disconnected: [WinError 10051] A socket operation was attempted to an unreachable network
2026-02-10 17:17:08,004 [ERROR] Polling thread error: PLC disconnected: [WinError 10051] A socket operation was attempted to an unreachable network
2026-02-10 17:17:09,101 [ERROR] Polling thread error: PLC disconnected: [WinError 10051] A socket operation was attempted to an unreachable network
2026-02-10 17:17:10,204 [ERROR] Polling thread error: PLC disconnected: [WinError 10051] A socket operation was attempted to an unreachable network
2026-02-10 17:17:11,294 [ERROR] Polling thread error: PLC disconnected: [WinError 10051] A socket operation was attempted to an unreachable network
2026-02-10 17:17:12,394 [ERROR] Polling thread error: PLC disconnected: [WinError 10051] A socket operation was attempted to an unreachable network
2026-02-10 17:17:13,497 [ERROR] Polling thread error: PLC disconnected: [WinError 10051] A socket operation was attempted to an unreachable network
2026-02-10 17:17:14,597 [ERROR] Polling thread error: PLC disconnected: [WinError 10051] A socket operation was attempted to an unreachable network
2026-02-10 17:17:15,699 [ERROR] Polling thread error: PLC disconnected: [WinError 10051] A socket operation was attempted to an unreachable network
2026-02-10 17:17:16,794 [ERROR] Polling thread error: PLC disconnected: [WinError 10051] A socket operation was attempted to an unreachable network
2026-02-10 17:17:17,884 [ERROR] Polling thread error: PLC disconnected: [WinError 10051] A socket operation was attempted to an unreachable network
2026-02-10 17:17:18,991 [ERROR] Polling thread error: PLC disconnected: [WinError 10051] A socket operation was attempted to an unreachable network
2026-02-10 17:17:20,104 [ERROR] Polling thread error: PLC disconnected: [WinError 10051] A socket operation was attempted to an unreachable network
2026-02-10 17:17:21,214 [ERROR] Polling thread error: PLC disconnected: [WinError 10051] A socket operation was attempted to an unreachable network
2026-02-10 17:17:22,329 [ERROR] Polling thread error: PLC disconnected: [WinError 10051] A socket operation was attempted to an unreachable network
2026-02-10 17:17:23,421 [ERROR] Polling thread error: PLC disconnected: [WinError 10051] A socket operation was attempted to an unreachable network
2026-02-10 17:17:24,525 [ERROR] Polling thread error: PLC disconnected: [WinError 10051] A socket operation was attempted to an unreachable network
2026-02-10 17:17:25,616 [ERROR] Polling thread error: PLC disconnected: [WinError 10051] A socket operation was attempted to an unreachable network
2026-02-10 17:17:26,705 [ERROR] Polling thread error: PLC disconnected: [WinError 10051] A socket operation was attempted to an unreachable network
2026-02-10 17:17:27,809 [ERROR] Polling thread error: PLC disconnected: [WinError 10051] A socket operation was attempted to an unreachable network
2026-02-10 17:17:28,920 [ERROR] Polling thread error: PLC disconnected: [WinError 10051] A socket operation was attempted to an unreachable network
2026-02-10 17:17:30,009 [ERROR] Polling thread error: PLC disconnected: [WinError 10051] A socket operation was attempted to an unreachable network
2026-02-10 17:17:31,098 [ERROR] Polling thread error: PLC disconnected: [WinError 10051] A socket operation was attempted to an unreachable network
2026-02-10 17:17:32,205 [ERROR] Polling thread error: PLC disconnected: [WinError 10051] A socket operation was attempted to an unreachable network
2026-02-10 17:17:33,315 [ERROR] Polling thread error: PLC disconnected: [WinError 10051] A socket operation was attempted to an unreachable network
2026-02-10 17:17:34,422 [ERROR] Polling thread error: PLC disconnected: [WinError 10051] A socket operation was attempted to an unreachable network
2026-02-10 17:17:35,516 [ERROR] Polling thread error: PLC disconnected: [WinError 10051] A socket operation was attempted to an unreachable network
2026-02-10 17:17:36,617 [ERROR] Polling thread error: PLC disconnected: [WinError 10051] A socket operation was attempted to an unreachable network
2026-02-10 17:17:37,715 [ERROR] Polling thread error: PLC disconnected: [WinError 10051] A socket operation was attempted to an unreachable network
2026-02-10 17:17:38,806 [ERROR] Polling thread error: PLC disconnected: [WinError 10051] A socket operation was attempted to an unreachable network
2026-02-10 17:17:39,911 [ERROR] Polling thread error: PLC disconnected: [WinError 10051] A socket operation was attempted to an unreachable network
2026-02-10 17:17:41,017 [ERROR] Polling thread error: PLC disconnected: [WinError 10051] A socket operation was attempted to an unreachable network
2026-02-10 17:17:42,124 [ERROR] Polling thread error: PLC disconnected: [WinError 10051] A socket operation was attempted to an unreachable network
2026-02-10 17:17:43,220 [ERROR] Polling thread error: PLC disconnected: [WinError 10051] A socket operation was attempted to an unreachable network
2026-02-10 17:17:44,348 [ERROR] Polling thread error: PLC disconnected: [WinError 10051] A socket operation was attempted to an unreachable network
2026-02-10 17:17:45,432 [ERROR] Polling thread error: PLC disconnected: [WinError 10051] A socket operation was attempted to an unreachable network
2026-02-10 17:17:46,527 [ERROR] Polling thread error: PLC disconnected: [WinError 10051] A socket operation was attempted to an unreachable network
2026-02-10 17:17:47,647 [ERROR] Polling thread error: PLC disconnected: [WinError 10051] A socket operation was attempted to an unreachable network
2026-02-10 17:17:48,754 [ERROR] Polling thread error: PLC disconnected: [WinError 10051] A socket operation was attempted to an unreachable network
2026-02-10 17:17:49,855 [ERROR] Polling thread error: PLC disconnected: [WinError 10051] A socket operation was attempted to an unreachable network
2026-02-10 17:17:50,965 [ERROR] Polling thread error: PLC disconnected: [WinError 10051] A socket operation was attempted to an unreachable network
2026-02-10 17:17:52,075 [ERROR] Polling thread error: PLC disconnected: [WinError 10051] A socket operation was attempted to an unreachable network
2026-02-10 17:17:53,164 [ERROR] Polling thread error: PLC disconnected: [WinError 10051] A socket operation was attempted to an unreachable network
2026-02-10 17:17:54,272 [ERROR] Polling thread error: PLC disconnected: [WinError 10051] A socket operation was attempted to an unreachable network
2026-02-10 17:17:55,375 [ERROR] Polling thread error: PLC disconnected: [WinError 10051] A socket operation was attempted to an unreachable network
2026-02-10 17:17:56,469 [ERROR] Polling thread error: PLC disconnected: [WinError 10051] A socket operation was attempted to an unreachable network
2026-02-10 17:17:57,585 [ERROR] Polling thread error: PLC disconnected: [WinError 10051] A socket operation was attempted to an unreachable network
2026-02-10 17:17:58,687 [ERROR] Polling thread error: PLC disconnected: [WinError 10051] A socket operation was attempted to an unreachable network
2026-02-10 17:17:59,777 [ERROR] Polling thread error: PLC disconnected: [WinError 10051] A socket operation was attempted to an unreachable network
2026-02-10 17:18:00,862 [ERROR] Polling thread error: PLC disconnected: [WinError 10051] A socket operation was attempted to an unreachable network
2026-02-10 17:18:01,948 [ERROR] Polling thread error: PLC disconnected: [WinError 10051] A socket operation was attempted to an unreachable network
2026-02-10 17:18:03,033 [ERROR] Polling thread error: PLC disconnected: [WinError 10051] A socket operation was attempted to an unreachable network
2026-02-10 17:18:04,118 [ERROR] Polling thread error: PLC disconnected: [WinError 10051] A socket operation was attempted to an unreachable network
2026-02-10 17:18:05,220 [ERROR] Polling thread error: PLC disconnected: [WinError 10051] A socket operation was attempted to an unreachable network
2026-02-10 17:18:06,313 [ERROR] Polling thread error: PLC disconnected: [WinError 10051] A socket operation was attempted to an unreachable network
2026-02-10 17:18:07,417 [ERROR] Polling thread error: PLC disconnected: [WinError 10051] A socket operation was attempted to an unreachable network
2026-02-10 17:18:08,524 [ERROR] Polling thread error: PLC disconnected: [WinError 10051] A socket operation was attempted to an unreachable network
2026-02-10 17:18:09,641 [ERROR] Polling thread error: PLC disconnected: [WinError 10051] A socket operation was attempted to an unreachable network
2026-02-10 17:18:10,734 [ERROR] Polling thread error: PLC disconnected: [WinError 10051] A socket operation was attempted to an unreachable network
2026-02-10 17:18:11,832 [ERROR] Polling thread error: PLC disconnected: [WinError 10051] A socket operation was attempted to an unreachable network
2026-02-10 17:18:12,925 [ERROR] Polling thread error: PLC disconnected: [WinError 10051] A socket operation was attempted to an unreachable network
2026-02-10 17:18:14,027 [ERROR] Polling thread error: PLC disconnected: [WinError 10051] A socket operation was attempted to an unreachable network
2026-02-10 17:18:15,130 [ERROR] Polling thread error: PLC disconnected: [WinError 10051] A socket operation was attempted to an unreachable network
2026-02-10 17:18:16,225 [ERROR] Polling thread error: PLC disconnected: [WinError 10051] A socket operation was attempted to an unreachable network
2026-02-10 17:18:17,309 [ERROR] Polling thread error: PLC disconnected: [WinError 10051] A socket operation was attempted to an unreachable network
2026-02-10 17:18:18,412 [ERROR] Polling thread error: PLC disconnected: [WinError 10051] A socket operation was attempted to an unreachable network
2026-02-10 17:18:19,499 [ERROR] Polling thread error: PLC disconnected: [WinError 10051] A socket operation was attempted to an unreachable network
2026-02-10 17:18:20,604 [ERROR] Polling thread error: PLC disconnected: [WinError 10051] A socket operation was attempted to an unreachable network
2026-02-10 17:18:21,697 [ERROR] Polling thread error: PLC disconnected: [WinError 10051] A socket operation was attempted to an unreachable network
2026-02-10 17:18:22,806 [ERROR] Polling thread error: PLC disconnected: [WinError 10051] A socket operation was attempted to an unreachable network
2026-02-10 17:18:23,902 [ERROR] Polling thread error: PLC disconnected: [WinError 10051] A socket operation was attempted to an unreachable network
2026-02-10 17:18:24,999 [ERROR] Polling thread error: PLC disconnected: [WinError 10051] A socket operation was attempted to an unreachable network
2026-02-10 17:18:26,104 [ERROR] Polling thread error: PLC disconnected: [WinError 10051] A socket operation was attempted to an unreachable network
2026-02-10 17:18:27,194 [ERROR] Polling thread error: PLC disconnected: [WinError 10051] A socket operation was attempted to an unreachable network
2026-02-10 17:18:28,282 [ERROR] Polling thread error: PLC disconnected: [WinError 10051] A socket operation was attempted to an unreachable network
2026-02-10 17:18:29,395 [ERROR] Polling thread error: PLC disconnected: [WinError 10051] A socket operation was attempted to an unreachable network
2026-02-10 17:18:30,490 [ERROR] Polling thread error: PLC disconnected: [WinError 10051] A socket operation was attempted to an unreachable network
2026-02-10 17:18:31,580 [ERROR] Polling thread error: PLC disconnected: [WinError 10051] A socket operation was attempted to an unreachable network
2026-02-10 17:18:32,682 [ERROR] Polling thread error: PLC disconnected: [WinError 10051] A socket operation was attempted to an unreachable network
2026-02-10 17:18:33,772 [ERROR] Polling thread error: PLC disconnected: [WinError 10051] A socket operation was attempted to an unreachable network
2026-02-10 17:18:34,871 [ERROR] Polling thread error: PLC disconnected: [WinError 10051] A socket operation was attempted to an unreachable network
2026-02-10 17:18:35,959 [ERROR] Polling thread error: PLC disconnected: [WinError 10051] A socket operation was attempted to an unreachable network
2026-02-10 17:18:37,061 [ERROR] Polling thread error: PLC disconnected: [WinError 10051] A socket operation was attempted to an unreachable network
2026-02-10 17:18:38,169 [ERROR] Polling thread error: PLC disconnected: [WinError 10051] A socket operation was attempted to an unreachable network
2026-02-10 17:18:39,272 [ERROR] Polling thread error: PLC disconnected: [WinError 10051] A socket operation was attempted to an unreachable network
2026-02-10 17:18:40,374 [ERROR] Polling thread error: PLC disconnected: [WinError 10051] A socket operation was attempted to an unreachable network
2026-02-10 17:18:41,479 [ERROR] Polling thread error: PLC disconnected: [WinError 10051] A socket operation was attempted to an unreachable network
2026-02-10 17:18:42,577 [ERROR] Polling thread error: PLC disconnected: [WinError 10051] A socket operation was attempted to an unreachable network
2026-02-10 17:18:43,682 [ERROR] Polling thread error: PLC disconnected: [WinError 10051] A socket operation was attempted to an unreachable network
2026-02-10 17:18:44,771 [ERROR] Polling thread error: PLC disconnected: [WinError 10051] A socket operation was attempted to an unreachable network
2026-02-10 17:18:45,859 [ERROR] Polling thread error: PLC disconnected: [WinError 10051] A socket operation was attempted to an unreachable network
2026-02-10 17:18:46,966 [ERROR] Polling thread error: PLC disconnected: [WinError 10051] A socket operation was attempted to an unreachable network
2026-02-10 17:18:48,066 [ERROR] Polling thread error: PLC disconnected: [WinError 10051] A socket operation was attempted to an unreachable network
2026-02-10 17:18:49,171 [ERROR] Polling thread error: PLC disconnected: [WinError 10051] A socket operation was attempted to an unreachable network
2026-02-10 17:18:50,264 [ERROR] Polling thread error: PLC disconnected: [WinError 10051] A socket operation was attempted to an unreachable network
2026-02-10 17:18:51,357 [ERROR] Polling thread error: PLC disconnected: [WinError 10051] A socket operation was attempted to an unreachable network
2026-02-10 17:18:52,460 [ERROR] Polling thread error: PLC disconnected: [WinError 10051] A socket operation was attempted to an unreachable network
2026-02-10 17:18:53,555 [ERROR] Polling thread error: PLC disconnected: [WinError 10051] A socket operation was attempted to an unreachable network
2026-02-10 17:18:54,662 [ERROR] Polling thread error: PLC disconnected: [WinError 10051] A socket operation was attempted to an unreachable network
2026-02-10 17:18:55,751 [ERROR] Polling thread error: PLC disconnected: [WinError 10051] A socket operation was attempted to an unreachable network
2026-02-10 17:18:56,856 [ERROR] Polling thread error: PLC disconnected: [WinError 10051] A socket operation was attempted to an unreachable network
2026-02-10 17:18:57,964 [ERROR] Polling thread error: PLC disconnected: [WinError 10051] A socket operation was attempted to an unreachable network
2026-02-10 17:18:59,073 [ERROR] Polling thread error: PLC disconnected: [WinError 10051] A socket operation was attempted to an unreachable network
2026-02-10 17:19:00,162 [ERROR] Polling thread error: PLC disconnected: [WinError 10051] A socket operation was attempted to an unreachable network
2026-02-10 17:19:01,257 [ERROR] Polling thread error: PLC disconnected: [WinError 10051] A socket operation was attempted to an unreachable network
2026-02-10 17:19:02,349 [ERROR] Polling thread error: PLC disconnected: [WinError 10051] A socket operation was attempted to an unreachable network
2026-02-10 17:19:03,437 [ERROR] Polling thread error: PLC disconnected: [WinError 10051] A socket operation was attempted to an unreachable network
2026-02-10 17:19:04,540 [ERROR] Polling thread error: PLC disconnected: [WinError 10051] A socket operation was attempted to an unreachable network
2026-02-10 17:19:05,630 [ERROR] Polling thread error: PLC disconnected: [WinError 10051] A socket operation was attempted to an unreachable network
2026-02-10 17:19:06,720 [ERROR] Polling thread error: PLC disconnected: [WinError 10051] A socket operation was attempted to an unreachable network
2026-02-10 17:19:07,816 [ERROR] Polling thread error: PLC disconnected: [WinError 10051] A socket operation was attempted to an unreachable network
2026-02-10 17:19:08,920 [ERROR] Polling thread error: PLC disconnected: [WinError 10051] A socket operation was attempted to an unreachable network
2026-02-10 17:19:10,041 [ERROR] Polling thread error: PLC disconnected: [WinError 10051] A socket operation was attempted to an unreachable network
2026-02-10 17:19:11,131 [ERROR] Polling thread error: PLC disconnected: [WinError 10051] A socket operation was attempted to an unreachable network
2026-02-10 17:19:12,230 [ERROR] Polling thread error: PLC disconnected: [WinError 10051] A socket operation was attempted to an unreachable network
2026-02-10 17:19:13,334 [ERROR] Polling thread error: PLC disconnected: [WinError 10051] A socket operation was attempted to an unreachable network
2026-02-10 17:19:14,450 [ERROR] Polling thread error: PLC disconnected: [WinError 10051] A socket operation was attempted to an unreachable network
2026-02-10 17:19:15,551 [ERROR] Polling thread error: PLC disconnected: [WinError 10051] A socket operation was attempted to an unreachable network
2026-02-10 17:19:16,655 [ERROR] Polling thread error: PLC disconnected: [WinError 10051] A socket operation was attempted to an unreachable network
2026-02-10 17:19:17,758 [ERROR] Polling thread error: PLC disconnected: [WinError 10051] A socket operation was attempted to an unreachable network
2026-02-10 17:19:18,863 [ERROR] Polling thread error: PLC disconnected: [WinError 10051] A socket operation was attempted to an unreachable network
2026-02-10 17:19:19,944 [ERROR] Polling thread error: PLC disconnected: [WinError 10051] A socket operation was attempted to an unreachable network
2026-02-10 17:19:21,051 [ERROR] Polling thread error: PLC disconnected: [WinError 10051] A socket operation was attempted to an unreachable network
2026-02-10 17:19:22,135 [ERROR] Polling thread error: PLC disconnected: [WinError 10051] A socket operation was attempted to an unreachable network
2026-02-10 17:19:23,244 [ERROR] Polling thread error: PLC disconnected: [WinError 10051] A socket operation was attempted to an unreachable network
2026-02-10 17:19:24,336 [ERROR] Polling thread error: PLC disconnected: [WinError 10051] A socket operation was attempted to an unreachable network
2026-02-10 17:19:25,448 [ERROR] Polling thread error: PLC disconnected: [WinError 10051] A socket operation was attempted to an unreachable network
2026-02-10 17:19:26,556 [ERROR] Polling thread error: PLC disconnected: [WinError 10051] A socket operation was attempted to an unreachable network
2026-02-10 17:19:27,660 [ERROR] Polling thread error: PLC disconnected: [WinError 10051] A socket operation was attempted to an unreachable network
2026-02-10 17:19:28,747 [ERROR] Polling thread error: PLC disconnected: [WinError 10051] A socket operation was attempted to an unreachable network
2026-02-10 17:19:29,843 [ERROR] Polling thread error: PLC disconnected: [WinError 10051] A socket operation was attempted to an unreachable network
2026-02-10 17:19:30,951 [ERROR] Polling thread error: PLC disconnected: [WinError 10051] A socket operation was attempted to an unreachable network
2026-02-10 17:19:32,054 [ERROR] Polling thread error: PLC disconnected: [WinError 10051] A socket operation was attempted to an unreachable network
2026-02-10 17:19:33,141 [ERROR] Polling thread error: PLC disconnected: [WinError 10051] A socket operation was attempted to an unreachable network
2026-02-10 17:19:34,264 [ERROR] Polling thread error: PLC disconnected: [WinError 10051] A socket operation was attempted to an unreachable network
2026-02-10 17:19:35,362 [ERROR] Polling thread error: PLC disconnected: [WinError 10051] A socket operation was attempted to an unreachable network
2026-02-10 17:19:36,471 [ERROR] Polling thread error: PLC disconnected: [WinError 10051] A socket operation was attempted to an unreachable network
2026-02-10 17:19:37,580 [ERROR] Polling thread error: PLC disconnected: [WinError 10051] A socket operation was attempted to an unreachable network
2026-02-10 17:19:38,688 [ERROR] Polling thread error: PLC disconnected: [WinError 10051] A socket operation was attempted to an unreachable network
2026-02-10 17:19:39,782 [ERROR] Polling thread error: PLC disconnected: [WinError 10051] A socket operation was attempted to an unreachable network
2026-02-10 17:19:40,892 [ERROR] Polling thread error: PLC disconnected: [WinError 10051] A socket operation was attempted to an unreachable network
2026-02-10 17:19:41,973 [ERROR] Polling thread error: PLC disconnected: [WinError 10051] A socket operation was attempted to an unreachable network
2026-02-10 17:19:43,059 [ERROR] Polling thread error: PLC disconnected: [WinError 10051] A socket operation was attempted to an unreachable network
2026-02-10 17:19:44,148 [ERROR] Polling thread error: PLC disconnected: [WinError 10051] A socket operation was attempted to an unreachable network
2026-02-10 17:19:45,253 [ERROR] Polling thread error: PLC disconnected: [WinError 10051] A socket operation was attempted to an unreachable network
2026-02-10 17:19:46,363 [ERROR] Polling thread error: PLC disconnected: [WinError 10051] A socket operation was attempted to an unreachable network
2026-02-10 17:19:47,452 [ERROR] Polling thread error: PLC disconnected: [WinError 10051] A socket operation was attempted to an unreachable network
2026-02-10 17:19:48,561 [ERROR] Polling thread error: PLC disconnected: [WinError 10051] A socket operation was attempted to an unreachable network
2026-02-10 17:19:49,651 [ERROR] Polling thread error: PLC disconnected: [WinError 10051] A socket operation was attempted to an unreachable network
2026-02-10 17:19:50,740 [ERROR] Polling thread error: PLC disconnected: [WinError 10051] A socket operation was attempted to an unreachable network
2026-02-10 17:19:51,838 [ERROR] Polling thread error: PLC disconnected: [WinError 10051] A socket operation was attempted to an unreachable network
2026-02-10 17:19:52,943 [ERROR] Polling thread error: PLC disconnected: [WinError 10051] A socket operation was attempted to an unreachable network
2026-02-10 17:19:54,048 [ERROR] Polling thread error: PLC disconnected: [WinError 10051] A socket operation was attempted to an unreachable network
2026-02-10 17:19:55,151 [ERROR] Polling thread error: PLC disconnected: [WinError 10051] A socket operation was attempted to an unreachable network
2026-02-10 17:19:56,241 [ERROR] Polling thread error: PLC disconnected: [WinError 10051] A socket operation was attempted to an unreachable network
2026-02-10 17:19:57,346 [ERROR] Polling thread error: PLC disconnected: [WinError 10051] A socket operation was attempted to an unreachable network
2026-02-10 17:19:58,436 [ERROR] Polling thread error: PLC disconnected: [WinError 10051] A socket operation was attempted to an unreachable network
2026-02-10 17:19:59,532 [ERROR] Polling thread error: PLC disconnected: [WinError 10051] A socket operation was attempted to an unreachable network
2026-02-10 17:20:00,621 [ERROR] Polling thread error: PLC disconnected: [WinError 10051] A socket operation was attempted to an unreachable network
2026-02-10 17:20:01,730 [ERROR] Polling thread error: PLC disconnected: [WinError 10051] A socket operation was attempted to an unreachable network
2026-02-10 17:20:02,813 [ERROR] Polling thread error: PLC disconnected: [WinError 10051] A socket operation was attempted to an unreachable network
2026-02-10 17:20:03,937 [ERROR] Polling thread error: PLC disconnected: [WinError 10051] A socket operation was attempted to an unreachable network
2026-02-10 17:20:05,031 [ERROR] Polling thread error: PLC disconnected: [WinError 10051] A socket operation was attempted to an unreachable network
2026-02-10 17:20:06,116 [ERROR] Polling thread error: PLC disconnected: [WinError 10051] A socket operation was attempted to an unreachable network
2026-02-10 17:20:07,218 [ERROR] Polling thread error: PLC disconnected: [WinError 10051] A socket operation was attempted to an unreachable network
2026-02-10 17:20:08,308 [ERROR] Polling thread error: PLC disconnected: [WinError 10051] A socket operation was attempted to an unreachable network
2026-02-10 17:20:09,409 [ERROR] Polling thread error: PLC disconnected: [WinError 10051] A socket operation was attempted to an unreachable network
2026-02-10 17:20:10,514 [ERROR] Polling thread error: PLC disconnected: [WinError 10051] A socket operation was attempted to an unreachable network
2026-02-10 17:20:11,604 [ERROR] Polling thread error: PLC disconnected: [WinError 10051] A socket operation was attempted to an unreachable network
2026-02-10 17:20:12,714 [ERROR] Polling thread error: PLC disconnected: [WinError 10051] A socket operation was attempted to an unreachable network
2026-02-10 17:20:13,820 [ERROR] Polling thread error: PLC disconnected: [WinError 10051] A socket operation was attempted to an unreachable network
2026-02-10 17:20:14,907 [ERROR] Polling thread error: PLC disconnected: [WinError 10051] A socket operation was attempted to an unreachable network
2026-02-10 17:20:15,998 [ERROR] Polling thread error: PLC disconnected: [WinError 10051] A socket operation was attempted to an unreachable network
2026-02-10 17:20:17,090 [ERROR] Polling thread error: PLC disconnected: [WinError 10051] A socket operation was attempted to an unreachable network
2026-02-10 17:20:18,184 [ERROR] Polling thread error: PLC disconnected: [WinError 10051] A socket operation was attempted to an unreachable network
2026-02-10 17:20:19,268 [ERROR] Polling thread error: PLC disconnected: [WinError 10051] A socket operation was attempted to an unreachable network
2026-02-10 17:20:20,368 [ERROR] Polling thread error: PLC disconnected: [WinError 10051] A socket operation was attempted to an unreachable network
2026-02-10 17:20:21,478 [ERROR] Polling thread error: PLC disconnected: [WinError 10051] A socket operation was attempted to an unreachable network
2026-02-10 17:20:22,587 [ERROR] Polling thread error: PLC disconnected: [WinError 10051] A socket operation was attempted to an unreachable network
2026-02-10 17:20:23,694 [ERROR] Polling thread error: PLC disconnected: [WinError 10051] A socket operation was attempted to an unreachable network
2026-02-10 17:20:24,798 [ERROR] Polling thread error: PLC disconnected: [WinError 10051] A socket operation was attempted to an unreachable network
2026-02-10 17:20:25,891 [ERROR] Polling thread error: PLC disconnected: [WinError 10051] A socket operation was attempted to an unreachable network
2026-02-10 17:20:26,990 [ERROR] Polling thread error: PLC disconnected: [WinError 10051] A socket operation was attempted to an unreachable network
2026-02-10 17:20:28,094 [ERROR] Polling thread error: PLC disconnected: [WinError 10051] A socket operation was attempted to an unreachable network
2026-02-10 17:20:29,200 [ERROR] Polling thread error: PLC disconnected: [WinError 10051] A socket operation was attempted to an unreachable network
2026-02-10 17:20:30,289 [ERROR] Polling thread error: PLC disconnected: [WinError 10051] A socket operation was attempted to an unreachable network
2026-02-10 17:20:31,392 [ERROR] Polling thread error: PLC disconnected: [WinError 10051] A socket operation was attempted to an unreachable network
2026-02-10 17:20:32,500 [ERROR] Polling thread error: PLC disconnected: [WinError 10051] A socket operation was attempted to an unreachable network
2026-02-10 17:20:33,605 [ERROR] Polling thread error: PLC disconnected: [WinError 10051] A socket operation was attempted to an unreachable network
2026-02-10 17:20:34,710 [ERROR] Polling thread error: PLC disconnected: [WinError 10051] A socket operation was attempted to an unreachable network
2026-02-10 17:20:35,814 [ERROR] Polling thread error: PLC disconnected: [WinError 10051] A socket operation was attempted to an unreachable network
2026-02-10 17:20:36,919 [ERROR] Polling thread error: PLC disconnected: [WinError 10051] A socket operation was attempted to an unreachable network
2026-02-10 17:20:38,009 [ERROR] Polling thread error: PLC disconnected: [WinError 10051] A socket operation was attempted to an unreachable network
2026-02-10 17:20:39,117 [ERROR] Polling thread error: PLC disconnected: [WinError 10051] A socket operation was attempted to an unreachable network
2026-02-10 17:20:40,209 [ERROR] Polling thread error: PLC disconnected: [WinError 10051] A socket operation was attempted to an unreachable network
2026-02-10 17:20:41,316 [ERROR] Polling thread error: PLC disconnected: [WinError 10051] A socket operation was attempted to an unreachable network
2026-02-10 17:20:42,421 [ERROR] Polling thread error: PLC disconnected: [WinError 10051] A socket operation was attempted to an unreachable network
2026-02-10 17:20:43,531 [ERROR] Polling thread error: PLC disconnected: [WinError 10051] A socket operation was attempted to an unreachable network
2026-02-10 17:20:44,617 [ERROR] Polling thread error: PLC disconnected: [WinError 10051] A socket operation was attempted to an unreachable network
2026-02-10 17:20:45,716 [ERROR] Polling thread error: PLC disconnected: [WinError 10051] A socket operation was attempted to an unreachable network
2026-02-10 17:20:46,823 [ERROR] Polling thread error: PLC disconnected: [WinError 10051] A socket operation was attempted to an unreachable network
2026-02-10 17:20:47,920 [ERROR] Polling thread error: PLC disconnected: [WinError 10051] A socket operation was attempted to an unreachable network
2026-02-10 17:20:49,025 [ERROR] Polling thread error: PLC disconnected: [WinError 10051] A socket operation was attempted to an unreachable network
2026-02-10 17:20:50,131 [ERROR] Polling thread error: PLC disconnected: [WinError 10051] A socket operation was attempted to an unreachable network
2026-02-10 17:20:51,238 [ERROR] Polling thread error: PLC disconnected: [WinError 10051] A socket operation was attempted to an unreachable network
2026-02-10 17:20:52,359 [ERROR] Polling thread error: PLC disconnected: [WinError 10051] A socket operation was attempted to an unreachable network
2026-02-10 17:20:53,459 [ERROR] Polling thread error: PLC disconnected: [WinError 10051] A socket operation was attempted to an unreachable network
2026-02-10 17:20:54,561 [ERROR] Polling thread error: PLC disconnected: [WinError 10051] A socket operation was attempted to an unreachable network
2026-02-10 17:20:55,663 [ERROR] Polling thread error: PLC disconnected: [WinError 10051] A socket operation was attempted to an unreachable network
2026-02-10 17:20:56,771 [ERROR] Polling thread error: PLC disconnected: [WinError 10051] A socket operation was attempted to an unreachable network
2026-02-10 17:20:57,872 [ERROR] Polling thread error: PLC disconnected: [WinError 10051] A socket operation was attempted to an unreachable network
2026-02-10 17:20:58,966 [ERROR] Polling thread error: PLC disconnected: [WinError 10051] A socket operation was attempted to an unreachable network
2026-02-10 17:21:00,063 [ERROR] Polling thread error: PLC disconnected: [WinError 10051] A socket operation was attempted to an unreachable network
2026-02-10 17:21:01,157 [ERROR] Polling thread error: PLC disconnected: [WinError 10051] A socket operation was attempted to an unreachable network
2026-02-10 17:21:02,253 [ERROR] Polling thread error: PLC disconnected: [WinError 10051] A socket operation was attempted to an unreachable network
2026-02-10 17:21:03,344 [ERROR] Polling thread error: PLC disconnected: [WinError 10051] A socket operation was attempted to an unreachable network
2026-02-10 17:21:04,435 [ERROR] Polling thread error: PLC disconnected: [WinError 10051] A socket operation was attempted to an unreachable network
2026-02-10 17:21:05,523 [ERROR] Polling thread error: PLC disconnected: [WinError 10051] A socket operation was attempted to an unreachable network
2026-02-10 17:21:06,614 [ERROR] Polling thread error: PLC disconnected: [WinError 10051] A socket operation was attempted to an unreachable network
2026-02-10 17:21:07,698 [ERROR] Polling thread error: PLC disconnected: [WinError 10051] A socket operation was attempted to an unreachable network
2026-02-10 17:21:08,782 [ERROR] Polling thread error: PLC disconnected: [WinError 10051] A socket operation was attempted to an unreachable network
2026-02-10 17:21:09,891 [ERROR] Polling thread error: PLC disconnected: [WinError 10051] A socket operation was attempted to an unreachable network
2026-02-10 17:21:10,993 [ERROR] Polling thread error: PLC disconnected: [WinError 10051] A socket operation was attempted to an unreachable network
2026-02-10 17:21:12,097 [ERROR] Polling thread error: PLC disconnected: [WinError 10051] A socket operation was attempted to an unreachable network
2026-02-10 17:21:13,190 [ERROR] Polling thread error: PLC disconnected: [WinError 10051] A socket operation was attempted to an unreachable network
2026-02-10 17:21:14,288 [ERROR] Polling thread error: PLC disconnected: [WinError 10051] A socket operation was attempted to an unreachable network
2026-02-10 17:21:15,379 [ERROR] Polling thread error: PLC disconnected: [WinError 10051] A socket operation was attempted to an unreachable network
2026-02-10 17:21:16,470 [ERROR] Polling thread error: PLC disconnected: [WinError 10051] A socket operation was attempted to an unreachable network
2026-02-10 17:21:17,571 [ERROR] Polling thread error: PLC disconnected: [WinError 10051] A socket operation was attempted to an unreachable network
2026-02-10 17:21:18,673 [ERROR] Polling thread error: PLC disconnected: [WinError 10051] A socket operation was attempted to an unreachable network
2026-02-10 17:21:19,795 [ERROR] Polling thread error: PLC disconnected: [WinError 10051] A socket operation was attempted to an unreachable network
2026-02-10 17:21:20,899 [ERROR] Polling thread error: PLC disconnected: [WinError 10051] A socket operation was attempted to an unreachable network
2026-02-10 17:21:22,000 [ERROR] Polling thread error: PLC disconnected: [WinError 10051] A socket operation was attempted to an unreachable network
2026-02-10 17:21:23,091 [ERROR] Polling thread error: PLC disconnected: [WinError 10051] A socket operation was attempted to an unreachable network
2026-02-10 17:21:24,197 [ERROR] Polling thread error: PLC disconnected: [WinError 10051] A socket operation was attempted to an unreachable network
2026-02-10 17:21:25,303 [ERROR] Polling thread error: PLC disconnected: [WinError 10051] A socket operation was attempted to an unreachable network
2026-02-10 17:21:26,393 [ERROR] Polling thread error: PLC disconnected: [WinError 10051] A socket operation was attempted to an unreachable network
2026-02-10 17:21:27,481 [ERROR] Polling thread error: PLC disconnected: [WinError 10051] A socket operation was attempted to an unreachable network
2026-02-10 17:21:28,587 [ERROR] Polling thread error: PLC disconnected: [WinError 10051] A socket operation was attempted to an unreachable network
2026-02-10 17:21:29,681 [ERROR] Polling thread error: PLC disconnected: [WinError 10051] A socket operation was attempted to an unreachable network
2026-02-10 17:21:30,768 [ERROR] Polling thread error: PLC disconnected: [WinError 10051] A socket operation was attempted to an unreachable network
2026-02-10 17:21:31,869 [ERROR] Polling thread error: PLC disconnected: [WinError 10051] A socket operation was attempted to an unreachable network
2026-02-10 17:21:32,957 [ERROR] Polling thread error: PLC disconnected: [WinError 10051] A socket operation was attempted to an unreachable network
2026-02-10 17:21:34,060 [ERROR] Polling thread error: PLC disconnected: [WinError 10051] A socket operation was attempted to an unreachable network
2026-02-10 17:21:35,158 [ERROR] Polling thread error: PLC disconnected: [WinError 10051] A socket operation was attempted to an unreachable network
2026-02-10 17:21:36,262 [ERROR] Polling thread error: PLC disconnected: [WinError 10051] A socket operation was attempted to an unreachable network
2026-02-10 17:21:37,370 [ERROR] Polling thread error: PLC disconnected: [WinError 10051] A socket operation was attempted to an unreachable network
2026-02-10 17:21:38,463 [ERROR] Polling thread error: PLC disconnected: [WinError 10051] A socket operation was attempted to an unreachable network
2026-02-10 17:21:39,559 [ERROR] Polling thread error: PLC disconnected: [WinError 10051] A socket operation was attempted to an unreachable network
2026-02-10 17:21:40,663 [ERROR] Polling thread error: PLC disconnected: [WinError 10051] A socket operation was attempted to an unreachable network
2026-02-10 17:21:41,755 [ERROR] Polling thread error: PLC disconnected: [WinError 10051] A socket operation was attempted to an unreachable network
2026-02-10 17:21:42,864 [ERROR] Polling thread error: PLC disconnected: [WinError 10051] A socket operation was attempted to an unreachable network
2026-02-10 17:21:43,969 [ERROR] Polling thread error: PLC disconnected: [WinError 10051] A socket operation was attempted to an unreachable network
2026-02-10 17:21:45,058 [ERROR] Polling thread error: PLC disconnected: [WinError 10051] A socket operation was attempted to an unreachable network
2026-02-10 17:21:46,148 [ERROR] Polling thread error: PLC disconnected: [WinError 10051] A socket operation was attempted to an unreachable network
2026-02-10 17:21:47,253 [ERROR] Polling thread error: PLC disconnected: [WinError 10051] A socket operation was attempted to an unreachable network
2026-02-10 17:21:48,362 [ERROR] Polling thread error: PLC disconnected: [WinError 10051] A socket operation was attempted to an unreachable network
2026-02-10 17:21:49,467 [ERROR] Polling thread error: PLC disconnected: [WinError 10051] A socket operation was attempted to an unreachable network
2026-02-10 17:21:50,571 [ERROR] Polling thread error: PLC disconnected: [WinError 10051] A socket operation was attempted to an unreachable network
2026-02-10 17:21:51,660 [ERROR] Polling thread error: PLC disconnected: [WinError 10051] A socket operation was attempted to an unreachable network
2026-02-10 17:21:52,764 [ERROR] Polling thread error: PLC disconnected: [WinError 10051] A socket operation was attempted to an unreachable network
2026-02-10 17:21:53,879 [ERROR] Polling thread error: PLC disconnected: [WinError 10051] A socket operation was attempted to an unreachable network
2026-02-10 17:21:54,982 [ERROR] Polling thread error: PLC disconnected: [WinError 10051] A socket operation was attempted to an unreachable network
2026-02-10 17:21:56,084 [ERROR] Polling thread error: PLC disconnected: [WinError 10051] A socket operation was attempted to an unreachable network
2026-02-10 17:21:57,192 [ERROR] Polling thread error: PLC disconnected: [WinError 10051] A socket operation was attempted to an unreachable network
2026-02-10 17:21:58,288 [ERROR] Polling thread error: PLC disconnected: [WinError 10051] A socket operation was attempted to an unreachable network
2026-02-10 17:21:59,372 [ERROR] Polling thread error: PLC disconnected: [WinError 10051] A socket operation was attempted to an unreachable network
2026-02-10 17:22:00,460 [ERROR] Polling thread error: PLC disconnected: [WinError 10051] A socket operation was attempted to an unreachable network
2026-02-10 17:22:01,568 [ERROR] Polling thread error: PLC disconnected: [WinError 10051] A socket operation was attempted to an unreachable network
2026-02-10 17:22:02,678 [ERROR] Polling thread error: PLC disconnected: [WinError 10051] A socket operation was attempted to an unreachable network
2026-02-10 17:22:03,767 [ERROR] Polling thread error: PLC disconnected: [WinError 10051] A socket operation was attempted to an unreachable network
2026-02-10 17:22:04,867 [ERROR] Polling thread error: PLC disconnected: [WinError 10051] A socket operation was attempted to an unreachable network
2026-02-10 17:22:05,956 [ERROR] Polling thread error: PLC disconnected: [WinError 10051] A socket operation was attempted to an unreachable network
2026-02-10 17:22:07,067 [ERROR] Polling thread error: PLC disconnected: [WinError 10051] A socket operation was attempted to an unreachable network
2026-02-10 17:22:08,170 [ERROR] Polling thread error: PLC disconnected: [WinError 10051] A socket operation was attempted to an unreachable network
2026-02-10 17:22:09,269 [ERROR] Polling thread error: PLC disconnected: [WinError 10051] A socket operation was attempted to an unreachable network
2026-02-10 17:22:10,375 [ERROR] Polling thread error: PLC disconnected: [WinError 10051] A socket operation was attempted to an unreachable network
2026-02-10 17:22:11,472 [ERROR] Polling thread error: PLC disconnected: [WinError 10051] A socket operation was attempted to an unreachable network
2026-02-10 17:22:12,577 [ERROR] Polling thread error: PLC disconnected: [WinError 10051] A socket operation was attempted to an unreachable network
2026-02-10 17:22:13,669 [ERROR] Polling thread error: PLC disconnected: [WinError 10051] A socket operation was attempted to an unreachable network
2026-02-10 17:22:14,777 [ERROR] Polling thread error: PLC disconnected: [WinError 10051] A socket operation was attempted to an unreachable network
2026-02-10 17:22:15,876 [ERROR] Polling thread error: PLC disconnected: [WinError 10051] A socket operation was attempted to an unreachable network
2026-02-10 17:22:16,980 [ERROR] Polling thread error: PLC disconnected: [WinError 10051] A socket operation was attempted to an unreachable network
2026-02-10 17:22:18,084 [ERROR] Polling thread error: PLC disconnected: [WinError 10051] A socket operation was attempted to an unreachable network
2026-02-10 17:22:19,193 [ERROR] Polling thread error: PLC disconnected: [WinError 10051] A socket operation was attempted to an unreachable network
2026-02-10 17:22:20,294 [ERROR] Polling thread error: PLC disconnected: [WinError 10051] A socket operation was attempted to an unreachable network
2026-02-10 17:22:21,378 [ERROR] Polling thread error: PLC disconnected: [WinError 10051] A socket operation was attempted to an unreachable network
2026-02-10 17:22:22,484 [ERROR] Polling thread error: PLC disconnected: [WinError 10051] A socket operation was attempted to an unreachable network
2026-02-10 17:22:23,592 [ERROR] Polling thread error: PLC disconnected: [WinError 10051] A socket operation was attempted to an unreachable network
2026-02-10 17:22:24,684 [ERROR] Polling thread error: PLC disconnected: [WinError 10051] A socket operation was attempted to an unreachable network
2026-02-10 17:22:25,790 [ERROR] Polling thread error: PLC disconnected: [WinError 10051] A socket operation was attempted to an unreachable network
2026-02-10 17:22:26,892 [ERROR] Polling thread error: PLC disconnected: [WinError 10051] A socket operation was attempted to an unreachable network
2026-02-10 17:22:27,995 [ERROR] Polling thread error: PLC disconnected: [WinError 10051] A socket operation was attempted to an unreachable network
2026-02-10 17:22:29,083 [ERROR] Polling thread error: PLC disconnected: [WinError 10051] A socket operation was attempted to an unreachable network
2026-02-10 17:22:30,174 [ERROR] Polling thread error: PLC disconnected: [WinError 10051] A socket operation was attempted to an unreachable network
2026-02-10 17:22:31,274 [ERROR] Polling thread error: PLC disconnected: [WinError 10051] A socket operation was attempted to an unreachable network
2026-02-10 17:22:32,379 [ERROR] Polling thread error: PLC disconnected: [WinError 10051] A socket operation was attempted to an unreachable network
2026-02-10 17:22:33,484 [ERROR] Polling thread error: PLC disconnected: [WinError 10051] A socket operation was attempted to an unreachable network
2026-02-10 17:22:34,593 [ERROR] Polling thread error: PLC disconnected: [WinError 10051] A socket operation was attempted to an unreachable network
2026-02-10 17:22:35,676 [ERROR] Polling thread error: PLC disconnected: [WinError 10051] A socket operation was attempted to an unreachable network
2026-02-10 17:22:36,784 [ERROR] Polling thread error: PLC disconnected: [WinError 10051] A socket operation was attempted to an unreachable network
2026-02-10 17:22:37,876 [ERROR] Polling thread error: PLC disconnected: [WinError 10051] A socket operation was attempted to an unreachable network
2026-02-10 17:22:38,976 [ERROR] Polling thread error: PLC disconnected: [WinError 10051] A socket operation was attempted to an unreachable network
2026-02-10 17:22:40,082 [ERROR] Polling thread error: PLC disconnected: [WinError 10051] A socket operation was attempted to an unreachable network
2026-02-10 17:22:41,172 [ERROR] Polling thread error: PLC disconnected: [WinError 10051] A socket operation was attempted to an unreachable network
2026-02-10 17:22:42,273 [ERROR] Polling thread error: PLC disconnected: [WinError 10051] A socket operation was attempted to an unreachable network
2026-02-10 17:22:43,359 [ERROR] Polling thread error: PLC disconnected: [WinError 10051] A socket operation was attempted to an unreachable network
2026-02-10 17:22:44,465 [ERROR] Polling thread error: PLC disconnected: [WinError 10051] A socket operation was attempted to an unreachable network
2026-02-10 17:22:45,556 [ERROR] Polling thread error: PLC disconnected: [WinError 10051] A socket operation was attempted to an unreachable network
2026-02-10 17:22:46,666 [ERROR] Polling thread error: PLC disconnected: [WinError 10051] A socket operation was attempted to an unreachable network
2026-02-10 17:22:47,753 [ERROR] Polling thread error: PLC disconnected: [WinError 10051] A socket operation was attempted to an unreachable network
2026-02-10 17:22:48,846 [ERROR] Polling thread error: PLC disconnected: [WinError 10051] A socket operation was attempted to an unreachable network
2026-02-10 17:22:49,949 [ERROR] Polling thread error: PLC disconnected: [WinError 10051] A socket operation was attempted to an unreachable network
2026-02-10 17:22:51,042 [ERROR] Polling thread error: PLC disconnected: [WinError 10051] A socket operation was attempted to an unreachable network
2026-02-10 17:22:52,141 [ERROR] Polling thread error: PLC disconnected: [WinError 10051] A socket operation was attempted to an unreachable network
2026-02-10 17:22:53,227 [ERROR] Polling thread error: PLC disconnected: [WinError 10051] A socket operation was attempted to an unreachable network
2026-02-10 17:22:54,338 [ERROR] Polling thread error: PLC disconnected: [WinError 10051] A socket operation was attempted to an unreachable network
2026-02-10 17:22:55,444 [ERROR] Polling thread error: PLC disconnected: [WinError 10051] A socket operation was attempted to an unreachable network
2026-02-10 17:22:56,531 [ERROR] Polling thread error: PLC disconnected: [WinError 10051] A socket operation was attempted to an unreachable network
2026-02-10 17:22:57,621 [ERROR] Polling thread error: PLC disconnected: [WinError 10051] A socket operation was attempted to an unreachable network
2026-02-10 17:22:58,709 [ERROR] Polling thread error: PLC disconnected: [WinError 10051] A socket operation was attempted to an unreachable network
2026-02-10 17:22:59,802 [ERROR] Polling thread error: PLC disconnected: [WinError 10051] A socket operation was attempted to an unreachable network
2026-02-10 17:23:00,905 [ERROR] Polling thread error: PLC disconnected: [WinError 10051] A socket operation was attempted to an unreachable network
2026-02-10 17:23:02,001 [ERROR] Polling thread error: PLC disconnected: [WinError 10051] A socket operation was attempted to an unreachable network
2026-02-10 17:23:03,086 [ERROR] Polling thread error: PLC disconnected: [WinError 10051] A socket operation was attempted to an unreachable network
2026-02-10 17:23:04,170 [ERROR] Polling thread error: PLC disconnected: [WinError 10051] A socket operation was attempted to an unreachable network
2026-02-10 17:23:05,284 [ERROR] Polling thread error: PLC disconnected: [WinError 10051] A socket operation was attempted to an unreachable network
2026-02-10 17:23:06,389 [ERROR] Polling thread error: PLC disconnected: [WinError 10051] A socket operation was attempted to an unreachable network
2026-02-10 17:23:07,480 [ERROR] Polling thread error: PLC disconnected: [WinError 10051] A socket operation was attempted to an unreachable network
2026-02-10 17:23:08,567 [ERROR] Polling thread error: PLC disconnected: [WinError 10051] A socket operation was attempted to an unreachable network
2026-02-10 17:23:09,675 [ERROR] Polling thread error: PLC disconnected: [WinError 10051] A socket operation was attempted to an unreachable network
2026-02-10 17:23:10,779 [ERROR] Polling thread error: PLC disconnected: [WinError 10051] A socket operation was attempted to an unreachable network
2026-02-10 17:23:11,867 [ERROR] Polling thread error: PLC disconnected: [WinError 10051] A socket operation was attempted to an unreachable network
2026-02-10 17:23:12,973 [ERROR] Polling thread error: PLC disconnected: [WinError 10051] A socket operation was attempted to an unreachable network
2026-02-10 17:23:14,061 [ERROR] Polling thread error: PLC disconnected: [WinError 10051] A socket operation was attempted to an unreachable network
2026-02-10 17:23:15,164 [ERROR] Polling thread error: PLC disconnected: [WinError 10051] A socket operation was attempted to an unreachable network
2026-02-10 17:23:16,255 [ERROR] Polling thread error: PLC disconnected: [WinError 10051] A socket operation was attempted to an unreachable network
2026-02-10 17:23:17,339 [ERROR] Polling thread error: PLC disconnected: [WinError 10051] A socket operation was attempted to an unreachable network
2026-02-10 17:23:18,444 [ERROR] Polling thread error: PLC disconnected: [WinError 10051] A socket operation was attempted to an unreachable network
2026-02-10 17:23:19,533 [ERROR] Polling thread error: PLC disconnected: [WinError 10051] A socket operation was attempted to an unreachable network
2026-02-10 17:23:20,627 [ERROR] Polling thread error: PLC disconnected: [WinError 10051] A socket operation was attempted to an unreachable network
2026-02-10 17:23:21,735 [ERROR] Polling thread error: PLC disconnected: [WinError 10051] A socket operation was attempted to an unreachable network
2026-02-10 17:23:22,823 [ERROR] Polling thread error: PLC disconnected: [WinError 10051] A socket operation was attempted to an unreachable network
2026-02-10 17:23:23,931 [ERROR] Polling thread error: PLC disconnected: [WinError 10051] A socket operation was attempted to an unreachable network
2026-02-10 17:23:25,050 [ERROR] Polling thread error: PLC disconnected: [WinError 10051] A socket operation was attempted to an unreachable network
2026-02-10 17:23:26,156 [ERROR] Polling thread error: PLC disconnected: [WinError 10051] A socket operation was attempted to an unreachable network
2026-02-10 17:23:27,245 [ERROR] Polling thread error: PLC disconnected: [WinError 10051] A socket operation was attempted to an unreachable network
2026-02-10 17:23:28,353 [ERROR] Polling thread error: PLC disconnected: [WinError 10051] A socket operation was attempted to an unreachable network
2026-02-10 17:23:29,459 [ERROR] Polling thread error: PLC disconnected: [WinError 10051] A socket operation was attempted to an unreachable network
2026-02-10 17:23:30,562 [ERROR] Polling thread error: PLC disconnected: [WinError 10051] A socket operation was attempted to an unreachable network
2026-02-10 17:23:31,664 [ERROR] Polling thread error: PLC disconnected: [WinError 10051] A socket operation was attempted to an unreachable network
2026-02-10 17:23:32,782 [ERROR] Polling thread error: PLC disconnected: [WinError 10051] A socket operation was attempted to an unreachable network
2026-02-10 17:23:33,883 [ERROR] Polling thread error: PLC disconnected: [WinError 10051] A socket operation was attempted to an unreachable network
2026-02-10 17:23:34,969 [ERROR] Polling thread error: PLC disconnected: [WinError 10051] A socket operation was attempted to an unreachable network
2026-02-10 17:23:36,058 [ERROR] Polling thread error: PLC disconnected: [WinError 10051] A socket operation was attempted to an unreachable network
2026-02-10 17:23:37,162 [ERROR] Polling thread error: PLC disconnected: [WinError 10051] A socket operation was attempted to an unreachable network
2026-02-10 17:23:38,255 [ERROR] Polling thread error: PLC disconnected: [WinError 10051] A socket operation was attempted to an unreachable network
2026-02-10 17:23:39,359 [ERROR] Polling thread error: PLC disconnected: [WinError 10051] A socket operation was attempted to an unreachable network
2026-02-10 17:23:40,447 [ERROR] Polling thread error: PLC disconnected: [WinError 10051] A socket operation was attempted to an unreachable network
2026-02-10 17:23:41,548 [ERROR] Polling thread error: PLC disconnected: [WinError 10051] A socket operation was attempted to an unreachable network
2026-02-10 17:23:42,655 [ERROR] Polling thread error: PLC disconnected: [WinError 10051] A socket operation was attempted to an unreachable network
2026-02-10 17:23:43,762 [ERROR] Polling thread error: PLC disconnected: [WinError 10051] A socket operation was attempted to an unreachable network
2026-02-10 17:23:44,850 [ERROR] Polling thread error: PLC disconnected: [WinError 10051] A socket operation was attempted to an unreachable network
2026-02-10 17:23:45,946 [ERROR] Polling thread error: PLC disconnected: [WinError 10051] A socket operation was attempted to an unreachable network
2026-02-10 17:23:47,055 [ERROR] Polling thread error: PLC disconnected: [WinError 10051] A socket operation was attempted to an unreachable network
2026-02-10 17:23:48,159 [ERROR] Polling thread error: PLC disconnected: [WinError 10051] A socket operation was attempted to an unreachable network
2026-02-10 17:23:49,253 [ERROR] Polling thread error: PLC disconnected: [WinError 10051] A socket operation was attempted to an unreachable network
2026-02-10 17:23:50,339 [ERROR] Polling thread error: PLC disconnected: [WinError 10051] A socket operation was attempted to an unreachable network
2026-02-10 17:23:51,442 [ERROR] Polling thread error: PLC disconnected: [WinError 10051] A socket operation was attempted to an unreachable network
2026-02-10 17:23:52,530 [ERROR] Polling thread error: PLC disconnected: [WinError 10051] A socket operation was attempted to an unreachable network
2026-02-10 17:23:53,632 [ERROR] Polling thread error: PLC disconnected: [WinError 10051] A socket operation was attempted to an unreachable network
2026-02-10 17:23:54,745 [ERROR] Polling thread error: PLC disconnected: [WinError 10051] A socket operation was attempted to an unreachable network
2026-02-10 17:23:55,847 [ERROR] Polling thread error: PLC disconnected: [WinError 10051] A socket operation was attempted to an unreachable network
2026-02-10 17:23:56,938 [ERROR] Polling thread error: PLC disconnected: [WinError 10051] A socket operation was attempted to an unreachable network
2026-02-10 17:23:58,065 [ERROR] Polling thread error: PLC disconnected: [WinError 10051] A socket operation was attempted to an unreachable network
2026-02-10 17:23:59,154 [ERROR] Polling thread error: PLC disconnected: [WinError 10051] A socket operation was attempted to an unreachable network
2026-02-10 17:24:00,256 [ERROR] Polling thread error: PLC disconnected: [WinError 10051] A socket operation was attempted to an unreachable network
2026-02-10 17:24:01,375 [ERROR] Polling thread error: PLC disconnected: [WinError 10051] A socket operation was attempted to an unreachable network
2026-02-10 17:24:02,474 [ERROR] Polling thread error: PLC disconnected: [WinError 10051] A socket operation was attempted to an unreachable network
2026-02-10 17:24:03,591 [ERROR] Polling thread error: PLC disconnected: [WinError 10051] A socket operation was attempted to an unreachable network
2026-02-10 17:24:04,696 [ERROR] Polling thread error: PLC disconnected: [WinError 10051] A socket operation was attempted to an unreachable network
2026-02-10 17:24:05,803 [ERROR] Polling thread error: PLC disconnected: [WinError 10051] A socket operation was attempted to an unreachable network
2026-02-10 17:24:06,907 [ERROR] Polling thread error: PLC disconnected: [WinError 10051] A socket operation was attempted to an unreachable network
2026-02-10 17:24:07,998 [ERROR] Polling thread error: PLC disconnected: [WinError 10051] A socket operation was attempted to an unreachable network
2026-02-10 17:24:09,089 [ERROR] Polling thread error: PLC disconnected: [WinError 10051] A socket operation was attempted to an unreachable network
2026-02-10 17:24:10,177 [ERROR] Polling thread error: PLC disconnected: [WinError 10051] A socket operation was attempted to an unreachable network
2026-02-10 17:24:11,291 [ERROR] Polling thread error: PLC disconnected: [WinError 10051] A socket operation was attempted to an unreachable network
2026-02-10 17:24:12,374 [ERROR] Polling thread error: PLC disconnected: [WinError 10051] A socket operation was attempted to an unreachable network
2026-02-10 17:24:13,464 [ERROR] Polling thread error: PLC disconnected: [WinError 10051] A socket operation was attempted to an unreachable network
2026-02-10 17:24:14,566 [ERROR] Polling thread error: PLC disconnected: [WinError 10051] A socket operation was attempted to an unreachable network
2026-02-10 17:24:15,671 [ERROR] Polling thread error: PLC disconnected: [WinError 10051] A socket operation was attempted to an unreachable network
2026-02-10 17:24:16,761 [ERROR] Polling thread error: PLC disconnected: [WinError 10051] A socket operation was attempted to an unreachable network
2026-02-10 17:24:17,851 [ERROR] Polling thread error: PLC disconnected: [WinError 10051] A socket operation was attempted to an unreachable network
2026-02-10 17:24:18,936 [ERROR] Polling thread error: PLC disconnected: [WinError 10051] A socket operation was attempted to an unreachable network
2026-02-10 17:24:20,043 [ERROR] Polling thread error: PLC disconnected: [WinError 10051] A socket operation was attempted to an unreachable network
2026-02-10 17:24:21,148 [ERROR] Polling thread error: PLC disconnected: [WinError 10051] A socket operation was attempted to an unreachable network
2026-02-10 17:24:22,245 [ERROR] Polling thread error: PLC disconnected: [WinError 10051] A socket operation was attempted to an unreachable network
2026-02-10 17:24:23,342 [ERROR] Polling thread error: PLC disconnected: [WinError 10051] A socket operation was attempted to an unreachable network
2026-02-10 17:24:24,432 [ERROR] Polling thread error: PLC disconnected: [WinError 10051] A socket operation was attempted to an unreachable network
2026-02-10 17:24:25,519 [ERROR] Polling thread error: PLC disconnected: [WinError 10051] A socket operation was attempted to an unreachable network
2026-02-10 17:24:26,606 [ERROR] Polling thread error: PLC disconnected: [WinError 10051] A socket operation was attempted to an unreachable network
2026-02-10 17:24:27,692 [ERROR] Polling thread error: PLC disconnected: [WinError 10051] A socket operation was attempted to an unreachable network
2026-02-10 17:24:28,779 [ERROR] Polling thread error: PLC disconnected: [WinError 10051] A socket operation was attempted to an unreachable network
2026-02-10 17:24:29,879 [ERROR] Polling thread error: PLC disconnected: [WinError 10051] A socket operation was attempted to an unreachable network
2026-02-10 17:24:30,983 [ERROR] Polling thread error: PLC disconnected: [WinError 10051] A socket operation was attempted to an unreachable network
2026-02-10 17:24:32,074 [ERROR] Polling thread error: PLC disconnected: [WinError 10051] A socket operation was attempted to an unreachable network
2026-02-10 17:24:33,185 [ERROR] Polling thread error: PLC disconnected: [WinError 10051] A socket operation was attempted to an unreachable network
2026-02-10 17:24:34,276 [ERROR] Polling thread error: PLC disconnected: [WinError 10051] A socket operation was attempted to an unreachable network
2026-02-10 17:24:35,393 [ERROR] Polling thread error: PLC disconnected: [WinError 10051] A socket operation was attempted to an unreachable network
2026-02-10 17:24:36,498 [ERROR] Polling thread error: PLC disconnected: [WinError 10051] A socket operation was attempted to an unreachable network
2026-02-10 17:24:37,600 [ERROR] Polling thread error: PLC disconnected: [WinError 10051] A socket operation was attempted to an unreachable network
2026-02-10 17:24:38,691 [ERROR] Polling thread error: PLC disconnected: [WinError 10051] A socket operation was attempted to an unreachable network
2026-02-10 17:24:39,796 [ERROR] Polling thread error: PLC disconnected: [WinError 10051] A socket operation was attempted to an unreachable network
2026-02-10 17:24:40,884 [ERROR] Polling thread error: PLC disconnected: [WinError 10051] A socket operation was attempted to an unreachable network
2026-02-10 17:24:41,981 [ERROR] Polling thread error: PLC disconnected: [WinError 10051] A socket operation was attempted to an unreachable network
2026-02-10 17:24:43,072 [ERROR] Polling thread error: PLC disconnected: [WinError 10051] A socket operation was attempted to an unreachable network
2026-02-10 17:24:44,181 [ERROR] Polling thread error: PLC disconnected: [WinError 10051] A socket operation was attempted to an unreachable network
2026-02-10 17:24:45,289 [ERROR] Polling thread error: PLC disconnected: [WinError 10051] A socket operation was attempted to an unreachable network
2026-02-10 17:24:46,391 [ERROR] Polling thread error: PLC disconnected: [WinError 10051] A socket operation was attempted to an unreachable network
2026-02-10 17:24:47,480 [ERROR] Polling thread error: PLC disconnected: [WinError 10051] A socket operation was attempted to an unreachable network
2026-02-10 17:24:48,584 [ERROR] Polling thread error: PLC disconnected: [WinError 10051] A socket operation was attempted to an unreachable network
2026-02-10 17:24:49,688 [ERROR] Polling thread error: PLC disconnected: [WinError 10051] A socket operation was attempted to an unreachable network
2026-02-10 17:24:50,775 [ERROR] Polling thread error: PLC disconnected: [WinError 10051] A socket operation was attempted to an unreachable network
2026-02-10 17:24:51,866 [ERROR] Polling thread error: PLC disconnected: [WinError 10051] A socket operation was attempted to an unreachable network
2026-02-10 17:24:52,966 [ERROR] Polling thread error: PLC disconnected: [WinError 10051] A socket operation was attempted to an unreachable network
2026-02-10 17:24:54,059 [ERROR] Polling thread error: PLC disconnected: [WinError 10051] A socket operation was attempted to an unreachable network
2026-02-10 17:24:55,166 [ERROR] Polling thread error: PLC disconnected: [WinError 10051] A socket operation was attempted to an unreachable network
2026-02-10 17:24:56,268 [ERROR] Polling thread error: PLC disconnected: [WinError 10051] A socket operation was attempted to an unreachable network
2026-02-10 17:24:57,366 [ERROR] Polling thread error: PLC disconnected: [WinError 10051] A socket operation was attempted to an unreachable network
2026-02-10 17:24:58,456 [ERROR] Polling thread error: PLC disconnected: [WinError 10051] A socket operation was attempted to an unreachable network
2026-02-10 17:24:59,552 [ERROR] Polling thread error: PLC disconnected: [WinError 10051] A socket operation was attempted to an unreachable network
2026-02-10 17:25:00,654 [ERROR] Polling thread error: PLC disconnected: [WinError 10051] A socket operation was attempted to an unreachable network
2026-02-10 17:25:01,751 [ERROR] Polling thread error: PLC disconnected: [WinError 10051] A socket operation was attempted to an unreachable network
2026-02-10 17:25:02,838 [ERROR] Polling thread error: PLC disconnected: [WinError 10051] A socket operation was attempted to an unreachable network
2026-02-10 17:25:03,937 [ERROR] Polling thread error: PLC disconnected: [WinError 10051] A socket operation was attempted to an unreachable network
2026-02-10 17:25:05,025 [ERROR] Polling thread error: PLC disconnected: [WinError 10051] A socket operation was attempted to an unreachable network
2026-02-10 17:25:06,115 [ERROR] Polling thread error: PLC disconnected: [WinError 10051] A socket operation was attempted to an unreachable network
2026-02-10 17:25:07,212 [ERROR] Polling thread error: PLC disconnected: [WinError 10051] A socket operation was attempted to an unreachable network
2026-02-10 17:25:08,313 [ERROR] Polling thread error: PLC disconnected: [WinError 10051] A socket operation was attempted to an unreachable network
2026-02-10 17:25:09,415 [ERROR] Polling thread error: PLC disconnected: [WinError 10051] A socket operation was attempted to an unreachable network
2026-02-10 17:25:10,527 [ERROR] Polling thread error: PLC disconnected: [WinError 10051] A socket operation was attempted to an unreachable network
2026-02-10 17:25:11,623 [ERROR] Polling thread error: PLC disconnected: [WinError 10051] A socket operation was attempted to an unreachable network
2026-02-10 17:25:12,710 [ERROR] Polling thread error: PLC disconnected: [WinError 10051] A socket operation was attempted to an unreachable network
2026-02-10 17:25:13,808 [ERROR] Polling thread error: PLC disconnected: [WinError 10051] A socket operation was attempted to an unreachable network
2026-02-10 17:25:14,913 [ERROR] Polling thread error: PLC disconnected: [WinError 10051] A socket operation was attempted to an unreachable network
2026-02-10 17:25:16,026 [ERROR] Polling thread error: PLC disconnected: [WinError 10051] A socket operation was attempted to an unreachable network
2026-02-10 17:25:17,118 [ERROR] Polling thread error: PLC disconnected: [WinError 10051] A socket operation was attempted to an unreachable network
2026-02-10 17:25:18,222 [ERROR] Polling thread error: PLC disconnected: [WinError 10051] A socket operation was attempted to an unreachable network
2026-02-10 17:25:19,313 [ERROR] Polling thread error: PLC disconnected: [WinError 10051] A socket operation was attempted to an unreachable network
2026-02-10 17:25:20,422 [ERROR] Polling thread error: PLC disconnected: [WinError 10051] A socket operation was attempted to an unreachable network
2026-02-10 17:25:21,513 [ERROR] Polling thread error: PLC disconnected: [WinError 10051] A socket operation was attempted to an unreachable network
2026-02-10 17:25:22,613 [ERROR] Polling thread error: PLC disconnected: [WinError 10051] A socket operation was attempted to an unreachable network
2026-02-10 17:25:23,723 [ERROR] Polling thread error: PLC disconnected: [WinError 10051] A socket operation was attempted to an unreachable network
2026-02-10 17:25:24,814 [ERROR] Polling thread error: PLC disconnected: [WinError 10051] A socket operation was attempted to an unreachable network
2026-02-10 17:25:25,906 [ERROR] Polling thread error: PLC disconnected: [WinError 10051] A socket operation was attempted to an unreachable network
2026-02-10 17:25:27,007 [ERROR] Polling thread error: PLC disconnected: [WinError 10051] A socket operation was attempted to an unreachable network
2026-02-10 17:25:28,109 [ERROR] Polling thread error: PLC disconnected: [WinError 10051] A socket operation was attempted to an unreachable network
2026-02-10 17:25:29,217 [ERROR] Polling thread error: PLC disconnected: [WinError 10051] A socket operation was attempted to an unreachable network
2026-02-10 17:25:30,301 [ERROR] Polling thread error: PLC disconnected: [WinError 10051] A socket operation was attempted to an unreachable network
2026-02-10 17:25:31,389 [ERROR] Polling thread error: PLC disconnected: [WinError 10051] A socket operation was attempted to an unreachable network
2026-02-10 17:25:32,497 [ERROR] Polling thread error: PLC disconnected: [WinError 10051] A socket operation was attempted to an unreachable network
2026-02-10 17:25:33,606 [ERROR] Polling thread error: PLC disconnected: [WinError 10051] A socket operation was attempted to an unreachable network
2026-02-10 17:25:34,711 [ERROR] Polling thread error: PLC disconnected: [WinError 10051] A socket operation was attempted to an unreachable network
2026-02-10 17:25:35,812 [ERROR] Polling thread error: PLC disconnected: [WinError 10051] A socket operation was attempted to an unreachable network
2026-02-10 17:25:36,905 [ERROR] Polling thread error: PLC disconnected: [WinError 10051] A socket operation was attempted to an unreachable network
2026-02-10 17:25:37,991 [ERROR] Polling thread error: PLC disconnected: [WinError 10051] A socket operation was attempted to an unreachable network
2026-02-10 17:25:39,093 [ERROR] Polling thread error: PLC disconnected: [WinError 10051] A socket operation was attempted to an unreachable network
2026-02-10 17:25:40,189 [ERROR] Polling thread error: PLC disconnected: [WinError 10051] A socket operation was attempted to an unreachable network
2026-02-10 17:25:41,288 [ERROR] Polling thread error: PLC disconnected: [WinError 10051] A socket operation was attempted to an unreachable network
2026-02-10 17:25:42,390 [ERROR] Polling thread error: PLC disconnected: [WinError 10051] A socket operation was attempted to an unreachable network
2026-02-10 17:25:43,489 [ERROR] Polling thread error: PLC disconnected: [WinError 10051] A socket operation was attempted to an unreachable network
2026-02-10 17:25:44,587 [ERROR] Polling thread error: PLC disconnected: [WinError 10051] A socket operation was attempted to an unreachable network
2026-02-10 17:25:45,691 [ERROR] Polling thread error: PLC disconnected: [WinError 10051] A socket operation was attempted to an unreachable network
2026-02-10 17:25:46,798 [ERROR] Polling thread error: PLC disconnected: [WinError 10051] A socket operation was attempted to an unreachable network
2026-02-10 17:25:47,888 [ERROR] Polling thread error: PLC disconnected: [WinError 10051] A socket operation was attempted to an unreachable network
2026-02-10 17:25:48,978 [ERROR] Polling thread error: PLC disconnected: [WinError 10051] A socket operation was attempted to an unreachable network
2026-02-10 17:25:50,077 [ERROR] Polling thread error: PLC disconnected: [WinError 10051] A socket operation was attempted to an unreachable network
2026-02-10 17:25:51,200 [ERROR] Polling thread error: PLC disconnected: [WinError 10051] A socket operation was attempted to an unreachable network
2026-02-10 17:25:52,306 [ERROR] Polling thread error: PLC disconnected: [WinError 10051] A socket operation was attempted to an unreachable network
2026-02-10 17:25:53,398 [ERROR] Polling thread error: PLC disconnected: [WinError 10051] A socket operation was attempted to an unreachable network
2026-02-10 17:25:54,503 [ERROR] Polling thread error: PLC disconnected: [WinError 10051] A socket operation was attempted to an unreachable network
2026-02-10 17:25:55,605 [ERROR] Polling thread error: PLC disconnected: [WinError 10051] A socket operation was attempted to an unreachable network
2026-02-10 17:25:56,704 [ERROR] Polling thread error: PLC disconnected: [WinError 10051] A socket operation was attempted to an unreachable network
2026-02-10 17:25:57,790 [ERROR] Polling thread error: PLC disconnected: [WinError 10051] A socket operation was attempted to an unreachable network
2026-02-10 17:25:58,896 [ERROR] Polling thread error: PLC disconnected: [WinError 10051] A socket operation was attempted to an unreachable network
2026-02-10 17:26:00,000 [ERROR] Polling thread error: PLC disconnected: [WinError 10051] A socket operation was attempted to an unreachable network
2026-02-10 17:26:01,096 [ERROR] Polling thread error: PLC disconnected: [WinError 10051] A socket operation was attempted to an unreachable network
2026-02-10 17:26:02,186 [ERROR] Polling thread error: PLC disconnected: [WinError 10051] A socket operation was attempted to an unreachable network
2026-02-10 17:26:03,272 [ERROR] Polling thread error: PLC disconnected: [WinError 10051] A socket operation was attempted to an unreachable network
2026-02-10 17:26:04,363 [ERROR] Polling thread error: PLC disconnected: [WinError 10051] A socket operation was attempted to an unreachable network
2026-02-10 17:26:05,446 [ERROR] Polling thread error: PLC disconnected: [WinError 10051] A socket operation was attempted to an unreachable network
2026-02-10 17:26:06,551 [ERROR] Polling thread error: PLC disconnected: [WinError 10051] A socket operation was attempted to an unreachable network
2026-02-10 17:26:07,647 [ERROR] Polling thread error: PLC disconnected: [WinError 10051] A socket operation was attempted to an unreachable network
2026-02-10 17:26:08,750 [ERROR] Polling thread error: PLC disconnected: [WinError 10051] A socket operation was attempted to an unreachable network
2026-02-10 17:26:09,855 [ERROR] Polling thread error: PLC disconnected: [WinError 10051] A socket operation was attempted to an unreachable network
2026-02-10 17:26:10,950 [ERROR] Polling thread error: PLC disconnected: [WinError 10051] A socket operation was attempted to an unreachable network
2026-02-10 17:26:12,046 [ERROR] Polling thread error: PLC disconnected: [WinError 10051] A socket operation was attempted to an unreachable network
2026-02-10 17:26:13,154 [ERROR] Polling thread error: PLC disconnected: [WinError 10051] A socket operation was attempted to an unreachable network
2026-02-10 17:26:14,262 [ERROR] Polling thread error: PLC disconnected: [WinError 10051] A socket operation was attempted to an unreachable network
2026-02-10 17:26:15,354 [ERROR] Polling thread error: PLC disconnected: [WinError 10051] A socket operation was attempted to an unreachable network
2026-02-10 17:26:16,455 [ERROR] Polling thread error: PLC disconnected: [WinError 10051] A socket operation was attempted to an unreachable network
2026-02-10 17:26:17,554 [ERROR] Polling thread error: PLC disconnected: [WinError 10051] A socket operation was attempted to an unreachable network
2026-02-10 17:26:18,642 [ERROR] Polling thread error: PLC disconnected: [WinError 10051] A socket operation was attempted to an unreachable network
2026-02-10 17:26:19,742 [ERROR] Polling thread error: PLC disconnected: [WinError 10051] A socket operation was attempted to an unreachable network
2026-02-10 17:26:20,850 [ERROR] Polling thread error: PLC disconnected: [WinError 10051] A socket operation was attempted to an unreachable network
2026-02-10 17:26:21,952 [ERROR] Polling thread error: PLC disconnected: [WinError 10051] A socket operation was attempted to an unreachable network
2026-02-10 17:26:23,059 [ERROR] Polling thread error: PLC disconnected: [WinError 10051] A socket operation was attempted to an unreachable network
2026-02-10 17:26:24,149 [ERROR] Polling thread error: PLC disconnected: [WinError 10051] A socket operation was attempted to an unreachable network
2026-02-10 17:26:25,236 [ERROR] Polling thread error: PLC disconnected: [WinError 10051] A socket operation was attempted to an unreachable network
2026-02-10 17:26:26,326 [ERROR] Polling thread error: PLC disconnected: [WinError 10051] A socket operation was attempted to an unreachable network
2026-02-10 17:26:27,414 [ERROR] Polling thread error: PLC disconnected: [WinError 10051] A socket operation was attempted to an unreachable network
2026-02-10 17:26:28,513 [ERROR] Polling thread error: PLC disconnected: [WinError 10051] A socket operation was attempted to an unreachable network
2026-02-10 17:26:29,605 [ERROR] Polling thread error: PLC disconnected: [WinError 10051] A socket operation was attempted to an unreachable network
2026-02-10 17:26:30,715 [ERROR] Polling thread error: PLC disconnected: [WinError 10051] A socket operation was attempted to an unreachable network
2026-02-10 17:26:31,816 [ERROR] Polling thread error: PLC disconnected: [WinError 10051] A socket operation was attempted to an unreachable network
2026-02-10 17:26:32,922 [ERROR] Polling thread error: PLC disconnected: [WinError 10051] A socket operation was attempted to an unreachable network
2026-02-10 17:26:34,029 [ERROR] Polling thread error: PLC disconnected: [WinError 10051] A socket operation was attempted to an unreachable network
2026-02-10 17:26:35,119 [ERROR] Polling thread error: PLC disconnected: [WinError 10051] A socket operation was attempted to an unreachable network
2026-02-10 17:26:36,218 [ERROR] Polling thread error: PLC disconnected: [WinError 10051] A socket operation was attempted to an unreachable network
2026-02-10 17:26:37,324 [ERROR] Polling thread error: PLC disconnected: [WinError 10051] A socket operation was attempted to an unreachable network
2026-02-10 17:26:38,437 [ERROR] Polling thread error: PLC disconnected: [WinError 10051] A socket operation was attempted to an unreachable network
2026-02-10 17:26:39,519 [ERROR] Polling thread error: PLC disconnected: [WinError 10051] A socket operation was attempted to an unreachable network
2026-02-10 17:26:40,625 [ERROR] Polling thread error: PLC disconnected: [WinError 10051] A socket operation was attempted to an unreachable network
2026-02-10 17:26:41,729 [ERROR] Polling thread error: PLC disconnected: [WinError 10051] A socket operation was attempted to an unreachable network
2026-02-10 17:26:42,812 [ERROR] Polling thread error: PLC disconnected: [WinError 10051] A socket operation was attempted to an unreachable network
2026-02-10 17:26:43,935 [ERROR] Polling thread error: PLC disconnected: [WinError 10051] A socket operation was attempted to an unreachable network
2026-02-10 17:26:45,057 [ERROR] Polling thread error: PLC disconnected: [WinError 10051] A socket operation was attempted to an unreachable network
2026-02-10 17:26:46,155 [ERROR] Polling thread error: PLC disconnected: [WinError 10051] A socket operation was attempted to an unreachable network
2026-02-10 17:26:47,270 [ERROR] Polling thread error: PLC disconnected: [WinError 10051] A socket operation was attempted to an unreachable network
2026-02-10 17:26:48,352 [ERROR] Polling thread error: PLC disconnected: [WinError 10051] A socket operation was attempted to an unreachable network
2026-02-10 17:26:49,476 [ERROR] Polling thread error: PLC disconnected: [WinError 10051] A socket operation was attempted to an unreachable network
2026-02-10 17:26:50,577 [ERROR] Polling thread error: PLC disconnected: [WinError 10051] A socket operation was attempted to an unreachable network
2026-02-10 17:26:51,680 [ERROR] Polling thread error: PLC disconnected: [WinError 10051] A socket operation was attempted to an unreachable network
2026-02-10 17:26:52,804 [ERROR] Polling thread error: PLC disconnected: [WinError 10051] A socket operation was attempted to an unreachable network
2026-02-10 17:26:53,896 [ERROR] Polling thread error: PLC disconnected: [WinError 10051] A socket operation was attempted to an unreachable network
2026-02-10 17:26:55,000 [ERROR] Polling thread error: PLC disconnected: [WinError 10051] A socket operation was attempted to an unreachable network
2026-02-10 17:26:56,095 [ERROR] Polling thread error: PLC disconnected: [WinError 10051] A socket operation was attempted to an unreachable network
2026-02-10 17:26:57,184 [ERROR] Polling thread error: PLC disconnected: [WinError 10051] A socket operation was attempted to an unreachable network
2026-02-10 17:26:58,287 [ERROR] Polling thread error: PLC disconnected: [WinError 10051] A socket operation was attempted to an unreachable network
2026-02-10 17:26:59,381 [ERROR] Polling thread error: PLC disconnected: [WinError 10051] A socket operation was attempted to an unreachable network
2026-02-10 17:27:00,481 [ERROR] Polling thread error: PLC disconnected: [WinError 10051] A socket operation was attempted to an unreachable network
2026-02-10 17:27:01,578 [ERROR] Polling thread error: PLC disconnected: [WinError 10051] A socket operation was attempted to an unreachable network
2026-02-10 17:27:02,663 [ERROR] Polling thread error: PLC disconnected: [WinError 10051] A socket operation was attempted to an unreachable network
2026-02-10 17:27:03,768 [ERROR] Polling thread error: PLC disconnected: [WinError 10051] A socket operation was attempted to an unreachable network
2026-02-10 17:27:04,858 [ERROR] Polling thread error: PLC disconnected: [WinError 10051] A socket operation was attempted to an unreachable network
2026-02-10 17:27:05,965 [ERROR] Polling thread error: PLC disconnected: [WinError 10051] A socket operation was attempted to an unreachable network
2026-02-10 17:27:07,082 [ERROR] Polling thread error: PLC disconnected: [WinError 10051] A socket operation was attempted to an unreachable network
2026-02-10 17:27:08,191 [ERROR] Polling thread error: PLC disconnected: [WinError 10051] A socket operation was attempted to an unreachable network
2026-02-10 17:27:09,295 [ERROR] Polling thread error: PLC disconnected: [WinError 10051] A socket operation was attempted to an unreachable network
2026-02-10 17:27:10,383 [ERROR] Polling thread error: PLC disconnected: [WinError 10051] A socket operation was attempted to an unreachable network
2026-02-10 17:27:11,475 [ERROR] Polling thread error: PLC disconnected: [WinError 10051] A socket operation was attempted to an unreachable network
2026-02-10 17:27:12,572 [ERROR] Polling thread error: PLC disconnected: [WinError 10051] A socket operation was attempted to an unreachable network
2026-02-10 17:27:13,662 [ERROR] Polling thread error: PLC disconnected: [WinError 10051] A socket operation was attempted to an unreachable network
2026-02-10 17:27:14,749 [ERROR] Polling thread error: PLC disconnected: [WinError 10051] A socket operation was attempted to an unreachable network
2026-02-10 17:27:15,857 [ERROR] Polling thread error: PLC disconnected: [WinError 10051] A socket operation was attempted to an unreachable network
2026-02-10 17:27:16,959 [ERROR] Polling thread error: PLC disconnected: [WinError 10051] A socket operation was attempted to an unreachable network
2026-02-10 17:27:18,064 [ERROR] Polling thread error: PLC disconnected: [WinError 10051] A socket operation was attempted to an unreachable network
2026-02-10 17:27:19,156 [ERROR] Polling thread error: PLC disconnected: [WinError 10051] A socket operation was attempted to an unreachable network
2026-02-10 17:27:20,263 [ERROR] Polling thread error: PLC disconnected: [WinError 10051] A socket operation was attempted to an unreachable network
2026-02-10 17:27:21,366 [ERROR] Polling thread error: PLC disconnected: [WinError 10051] A socket operation was attempted to an unreachable network
2026-02-10 17:27:22,459 [ERROR] Polling thread error: PLC disconnected: [WinError 10051] A socket operation was attempted to an unreachable network
2026-02-10 17:27:23,552 [ERROR] Polling thread error: PLC disconnected: [WinError 10051] A socket operation was attempted to an unreachable network
2026-02-10 17:27:24,655 [ERROR] Polling thread error: PLC disconnected: [WinError 10051] A socket operation was attempted to an unreachable network
2026-02-10 17:27:25,741 [ERROR] Polling thread error: PLC disconnected: [WinError 10051] A socket operation was attempted to an unreachable network
2026-02-10 17:27:26,837 [ERROR] Polling thread error: PLC disconnected: [WinError 10051] A socket operation was attempted to an unreachable network
2026-02-10 17:27:27,946 [ERROR] Polling thread error: PLC disconnected: [WinError 10051] A socket operation was attempted to an unreachable network
2026-02-10 17:27:29,049 [ERROR] Polling thread error: PLC disconnected: [WinError 10051] A socket operation was attempted to an unreachable network
2026-02-10 17:27:30,139 [ERROR] Polling thread error: PLC disconnected: [WinError 10051] A socket operation was attempted to an unreachable network
2026-02-10 17:27:31,230 [ERROR] Polling thread error: PLC disconnected: [WinError 10051] A socket operation was attempted to an unreachable network
2026-02-10 17:27:32,322 [ERROR] Polling thread error: PLC disconnected: [WinError 10051] A socket operation was attempted to an unreachable network
2026-02-10 17:27:33,426 [ERROR] Polling thread error: PLC disconnected: [WinError 10051] A socket operation was attempted to an unreachable network
2026-02-10 17:27:34,537 [ERROR] Polling thread error: PLC disconnected: [WinError 10051] A socket operation was attempted to an unreachable network
2026-02-10 17:27:35,642 [ERROR] Polling thread error: PLC disconnected: [WinError 10051] A socket operation was attempted to an unreachable network
2026-02-10 17:27:36,750 [ERROR] Polling thread error: PLC disconnected: [WinError 10051] A socket operation was attempted to an unreachable network
2026-02-10 17:27:37,847 [ERROR] Polling thread error: PLC disconnected: [WinError 10051] A socket operation was attempted to an unreachable network
2026-02-10 17:27:38,939 [ERROR] Polling thread error: PLC disconnected: [WinError 10051] A socket operation was attempted to an unreachable network
2026-02-10 17:27:40,041 [ERROR] Polling thread error: PLC disconnected: [WinError 10051] A socket operation was attempted to an unreachable network
2026-02-10 17:27:41,146 [ERROR] Polling thread error: PLC disconnected: [WinError 10051] A socket operation was attempted to an unreachable network
2026-02-10 17:27:42,248 [ERROR] Polling thread error: PLC disconnected: [WinError 10051] A socket operation was attempted to an unreachable network
2026-02-10 17:27:43,340 [ERROR] Polling thread error: PLC disconnected: [WinError 10051] A socket operation was attempted to an unreachable network
2026-02-10 17:27:44,425 [ERROR] Polling thread error: PLC disconnected: [WinError 10051] A socket operation was attempted to an unreachable network
2026-02-10 17:27:45,524 [ERROR] Polling thread error: PLC disconnected: [WinError 10051] A socket operation was attempted to an unreachable network
2026-02-10 17:27:46,624 [ERROR] Polling thread error: PLC disconnected: [WinError 10051] A socket operation was attempted to an unreachable network
2026-02-10 17:27:47,728 [ERROR] Polling thread error: PLC disconnected: [WinError 10051] A socket operation was attempted to an unreachable network
2026-02-10 17:27:48,821 [ERROR] Polling thread error: PLC disconnected: [WinError 10051] A socket operation was attempted to an unreachable network
2026-02-10 17:27:49,920 [ERROR] Polling thread error: PLC disconnected: [WinError 10051] A socket operation was attempted to an unreachable network
2026-02-10 17:27:51,022 [ERROR] Polling thread error: PLC disconnected: [WinError 10051] A socket operation was attempted to an unreachable network
2026-02-10 17:27:52,131 [ERROR] Polling thread error: PLC disconnected: [WinError 10051] A socket operation was attempted to an unreachable network
2026-02-10 17:27:53,229 [ERROR] Polling thread error: PLC disconnected: [WinError 10051] A socket operation was attempted to an unreachable network
2026-02-10 17:27:54,313 [ERROR] Polling thread error: PLC disconnected: [WinError 10051] A socket operation was attempted to an unreachable network
2026-02-10 17:27:55,420 [ERROR] Polling thread error: PLC disconnected: [WinError 10051] A socket operation was attempted to an unreachable network
2026-02-10 17:27:56,523 [ERROR] Polling thread error: PLC disconnected: [WinError 10051] A socket operation was attempted to an unreachable network
2026-02-10 17:27:57,631 [ERROR] Polling thread error: PLC disconnected: [WinError 10051] A socket operation was attempted to an unreachable network
2026-02-10 17:27:58,722 [ERROR] Polling thread error: PLC disconnected: [WinError 10051] A socket operation was attempted to an unreachable network
2026-02-10 17:27:59,812 [ERROR] Polling thread error: PLC disconnected: [WinError 10051] A socket operation was attempted to an unreachable network
2026-02-10 17:28:00,915 [ERROR] Polling thread error: PLC disconnected: [WinError 10051] A socket operation was attempted to an unreachable network
2026-02-10 17:28:02,015 [ERROR] Polling thread error: PLC disconnected: [WinError 10051] A socket operation was attempted to an unreachable network
2026-02-10 17:28:03,112 [ERROR] Polling thread error: PLC disconnected: [WinError 10051] A socket operation was attempted to an unreachable network
2026-02-10 17:28:04,199 [ERROR] Polling thread error: PLC disconnected: [WinError 10051] A socket operation was attempted to an unreachable network
2026-02-10 17:28:05,302 [ERROR] Polling thread error: PLC disconnected: [WinError 10051] A socket operation was attempted to an unreachable network
2026-02-10 17:28:06,404 [ERROR] Polling thread error: PLC disconnected: [WinError 10051] A socket operation was attempted to an unreachable network
2026-02-10 17:28:07,508 [ERROR] Polling thread error: PLC disconnected: [WinError 10051] A socket operation was attempted to an unreachable network
2026-02-10 17:28:08,608 [ERROR] Polling thread error: PLC disconnected: [WinError 10051] A socket operation was attempted to an unreachable network
2026-02-10 17:28:09,712 [ERROR] Polling thread error: PLC disconnected: [WinError 10051] A socket operation was attempted to an unreachable network
2026-02-10 17:28:10,804 [ERROR] Polling thread error: PLC disconnected: [WinError 10051] A socket operation was attempted to an unreachable network
2026-02-10 17:28:11,890 [ERROR] Polling thread error: PLC disconnected: [WinError 10051] A socket operation was attempted to an unreachable network
2026-02-10 17:28:12,993 [ERROR] Polling thread error: PLC disconnected: [WinError 10051] A socket operation was attempted to an unreachable network
2026-02-10 17:28:14,098 [ERROR] Polling thread error: PLC disconnected: [WinError 10051] A socket operation was attempted to an unreachable network
2026-02-10 17:28:15,197 [ERROR] Polling thread error: PLC disconnected: [WinError 10051] A socket operation was attempted to an unreachable network
2026-02-10 17:28:16,296 [ERROR] Polling thread error: PLC disconnected: [WinError 10051] A socket operation was attempted to an unreachable network
2026-02-10 17:28:17,402 [ERROR] Polling thread error: PLC disconnected: [WinError 10051] A socket operation was attempted to an unreachable network
2026-02-10 17:28:18,509 [ERROR] Polling thread error: PLC disconnected: [WinError 10051] A socket operation was attempted to an unreachable network
2026-02-10 17:28:19,596 [ERROR] Polling thread error: PLC disconnected: [WinError 10051] A socket operation was attempted to an unreachable network
2026-02-10 17:28:20,684 [ERROR] Polling thread error: PLC disconnected: [WinError 10051] A socket operation was attempted to an unreachable network
2026-02-10 17:28:21,790 [ERROR] Polling thread error: PLC disconnected: [WinError 10051] A socket operation was attempted to an unreachable network
2026-02-10 17:28:22,883 [ERROR] Polling thread error: PLC disconnected: [WinError 10051] A socket operation was attempted to an unreachable network
2026-02-10 17:28:23,977 [ERROR] Polling thread error: PLC disconnected: [WinError 10051] A socket operation was attempted to an unreachable network
2026-02-10 17:28:25,086 [ERROR] Polling thread error: PLC disconnected: [WinError 10051] A socket operation was attempted to an unreachable network
2026-02-10 17:28:26,189 [ERROR] Polling thread error: PLC disconnected: [WinError 10051] A socket operation was attempted to an unreachable network
2026-02-10 17:28:27,294 [ERROR] Polling thread error: PLC disconnected: [WinError 10051] A socket operation was attempted to an unreachable network
2026-02-10 17:28:28,386 [ERROR] Polling thread error: PLC disconnected: [WinError 10051] A socket operation was attempted to an unreachable network
2026-02-10 17:28:29,493 [ERROR] Polling thread error: PLC disconnected: [WinError 10051] A socket operation was attempted to an unreachable network
2026-02-10 17:28:30,598 [ERROR] Polling thread error: PLC disconnected: [WinError 10051] A socket operation was attempted to an unreachable network
2026-02-10 17:28:31,689 [ERROR] Polling thread error: PLC disconnected: [WinError 10051] A socket operation was attempted to an unreachable network
2026-02-10 17:28:32,776 [ERROR] Polling thread error: PLC disconnected: [WinError 10051] A socket operation was attempted to an unreachable network
2026-02-10 17:28:33,881 [ERROR] Polling thread error: PLC disconnected: [WinError 10051] A socket operation was attempted to an unreachable network
2026-02-10 17:28:34,972 [ERROR] Polling thread error: PLC disconnected: [WinError 10051] A socket operation was attempted to an unreachable network
2026-02-10 17:28:36,077 [ERROR] Polling thread error: PLC disconnected: [WinError 10051] A socket operation was attempted to an unreachable network
2026-02-10 17:28:37,187 [ERROR] Polling thread error: PLC disconnected: [WinError 10051] A socket operation was attempted to an unreachable network
2026-02-10 17:28:38,277 [ERROR] Polling thread error: PLC disconnected: [WinError 10051] A socket operation was attempted to an unreachable network
2026-02-10 17:28:39,364 [ERROR] Polling thread error: PLC disconnected: [WinError 10051] A socket operation was attempted to an unreachable network
2026-02-10 17:28:40,467 [ERROR] Polling thread error: PLC disconnected: [WinError 10051] A socket operation was attempted to an unreachable network
2026-02-10 17:28:41,572 [ERROR] Polling thread error: PLC disconnected: [WinError 10051] A socket operation was attempted to an unreachable network
2026-02-10 17:28:42,675 [ERROR] Polling thread error: PLC disconnected: [WinError 10051] A socket operation was attempted to an unreachable network
2026-02-10 17:28:43,768 [ERROR] Polling thread error: PLC disconnected: [WinError 10051] A socket operation was attempted to an unreachable network
2026-02-10 17:28:44,858 [ERROR] Polling thread error: PLC disconnected: [WinError 10051] A socket operation was attempted to an unreachable network
2026-02-10 17:28:45,945 [ERROR] Polling thread error: PLC disconnected: [WinError 10051] A socket operation was attempted to an unreachable network
2026-02-10 17:28:47,030 [ERROR] Polling thread error: PLC disconnected: [WinError 10051] A socket operation was attempted to an unreachable network
2026-02-10 17:28:48,117 [ERROR] Polling thread error: PLC disconnected: [WinError 10051] A socket operation was attempted to an unreachable network
2026-02-10 17:28:49,217 [ERROR] Polling thread error: PLC disconnected: [WinError 10051] A socket operation was attempted to an unreachable network
2026-02-10 17:28:50,318 [ERROR] Polling thread error: PLC disconnected: [WinError 10051] A socket operation was attempted to an unreachable network
2026-02-10 17:28:51,401 [ERROR] Polling thread error: PLC disconnected: [WinError 10051] A socket operation was attempted to an unreachable network
2026-02-10 17:28:52,490 [ERROR] Polling thread error: PLC disconnected: [WinError 10051] A socket operation was attempted to an unreachable network
2026-02-10 17:28:53,593 [ERROR] Polling thread error: PLC disconnected: [WinError 10051] A socket operation was attempted to an unreachable network
2026-02-10 17:28:54,697 [ERROR] Polling thread error: PLC disconnected: [WinError 10051] A socket operation was attempted to an unreachable network
2026-02-10 17:28:55,796 [ERROR] Polling thread error: PLC disconnected: [WinError 10051] A socket operation was attempted to an unreachable network
2026-02-10 17:28:56,900 [ERROR] Polling thread error: PLC disconnected: [WinError 10051] A socket operation was attempted to an unreachable network
2026-02-10 17:28:58,002 [ERROR] Polling thread error: PLC disconnected: [WinError 10051] A socket operation was attempted to an unreachable network
2026-02-10 17:28:59,091 [ERROR] Polling thread error: PLC disconnected: [WinError 10051] A socket operation was attempted to an unreachable network
2026-02-10 17:29:00,191 [ERROR] Polling thread error: PLC disconnected: [WinError 10051] A socket operation was attempted to an unreachable network
2026-02-10 17:29:01,280 [ERROR] Polling thread error: PLC disconnected: [WinError 10051] A socket operation was attempted to an unreachable network
2026-02-10 17:29:02,366 [ERROR] Polling thread error: PLC disconnected: [WinError 10051] A socket operation was attempted to an unreachable network
2026-02-10 17:29:03,470 [ERROR] Polling thread error: PLC disconnected: [WinError 10051] A socket operation was attempted to an unreachable network
2026-02-10 17:29:04,571 [ERROR] Polling thread error: PLC disconnected: [WinError 10051] A socket operation was attempted to an unreachable network
2026-02-10 17:29:05,672 [ERROR] Polling thread error: PLC disconnected: [WinError 10051] A socket operation was attempted to an unreachable network
2026-02-10 17:29:06,758 [ERROR] Polling thread error: PLC disconnected: [WinError 10051] A socket operation was attempted to an unreachable network
2026-02-10 17:29:07,849 [ERROR] Polling thread error: PLC disconnected: [WinError 10051] A socket operation was attempted to an unreachable network
2026-02-10 17:29:08,956 [ERROR] Polling thread error: PLC disconnected: [WinError 10051] A socket operation was attempted to an unreachable network
2026-02-10 17:29:10,045 [ERROR] Polling thread error: PLC disconnected: [WinError 10051] A socket operation was attempted to an unreachable network
2026-02-10 17:29:11,145 [ERROR] Polling thread error: PLC disconnected: [WinError 10051] A socket operation was attempted to an unreachable network
2026-02-10 17:29:12,248 [ERROR] Polling thread error: PLC disconnected: [WinError 10051] A socket operation was attempted to an unreachable network
2026-02-10 17:29:13,343 [ERROR] Polling thread error: PLC disconnected: [WinError 10051] A socket operation was attempted to an unreachable network
2026-02-10 17:29:14,427 [ERROR] Polling thread error: PLC disconnected: [WinError 10051] A socket operation was attempted to an unreachable network
2026-02-10 17:29:15,514 [ERROR] Polling thread error: PLC disconnected: [WinError 10051] A socket operation was attempted to an unreachable network
2026-02-10 17:29:16,606 [ERROR] Polling thread error: PLC disconnected: [WinError 10051] A socket operation was attempted to an unreachable network
2026-02-10 17:29:17,712 [ERROR] Polling thread error: PLC disconnected: [WinError 10051] A socket operation was attempted to an unreachable network
2026-02-10 17:29:18,801 [ERROR] Polling thread error: PLC disconnected: [WinError 10051] A socket operation was attempted to an unreachable network
2026-02-10 17:29:19,891 [ERROR] Polling thread error: PLC disconnected: [WinError 10051] A socket operation was attempted to an unreachable network
2026-02-10 17:29:20,995 [ERROR] Polling thread error: PLC disconnected: [WinError 10051] A socket operation was attempted to an unreachable network
2026-02-10 17:29:22,083 [ERROR] Polling thread error: PLC disconnected: [WinError 10051] A socket operation was attempted to an unreachable network
2026-02-10 17:29:23,192 [ERROR] Polling thread error: PLC disconnected: [WinError 10051] A socket operation was attempted to an unreachable network
2026-02-10 17:29:24,283 [ERROR] Polling thread error: PLC disconnected: [WinError 10051] A socket operation was attempted to an unreachable network
2026-02-10 17:29:25,370 [ERROR] Polling thread error: PLC disconnected: [WinError 10051] A socket operation was attempted to an unreachable network
2026-02-10 17:29:26,458 [ERROR] Polling thread error: PLC disconnected: [WinError 10051] A socket operation was attempted to an unreachable network
2026-02-10 17:29:27,564 [ERROR] Polling thread error: PLC disconnected: [WinError 10051] A socket operation was attempted to an unreachable network
2026-02-10 17:29:28,654 [ERROR] Polling thread error: PLC disconnected: [WinError 10051] A socket operation was attempted to an unreachable network
2026-02-10 17:29:29,756 [ERROR] Polling thread error: PLC disconnected: [WinError 10051] A socket operation was attempted to an unreachable network
2026-02-10 17:29:30,866 [ERROR] Polling thread error: PLC disconnected: [WinError 10051] A socket operation was attempted to an unreachable network
2026-02-10 17:29:31,955 [ERROR] Polling thread error: PLC disconnected: [WinError 10051] A socket operation was attempted to an unreachable network
2026-02-10 17:29:33,040 [ERROR] Polling thread error: PLC disconnected: [WinError 10051] A socket operation was attempted to an unreachable network
2026-02-10 17:29:34,144 [ERROR] Polling thread error: PLC disconnected: [WinError 10051] A socket operation was attempted to an unreachable network
2026-02-10 17:29:35,248 [ERROR] Polling thread error: PLC disconnected: [WinError 10051] A socket operation was attempted to an unreachable network
2026-02-10 17:29:36,357 [ERROR] Polling thread error: PLC disconnected: [WinError 10051] A socket operation was attempted to an unreachable network
2026-02-10 17:29:37,459 [ERROR] Polling thread error: PLC disconnected: [WinError 10051] A socket operation was attempted to an unreachable network
2026-02-10 17:29:38,570 [ERROR] Polling thread error: PLC disconnected: [WinError 10051] A socket operation was attempted to an unreachable network
2026-02-10 17:29:39,660 [ERROR] Polling thread error: PLC disconnected: [WinError 10051] A socket operation was attempted to an unreachable network
2026-02-10 17:29:40,763 [ERROR] Polling thread error: PLC disconnected: [WinError 10051] A socket operation was attempted to an unreachable network
2026-02-10 17:29:41,853 [ERROR] Polling thread error: PLC disconnected: [WinError 10051] A socket operation was attempted to an unreachable network
2026-02-10 17:29:42,955 [ERROR] Polling thread error: PLC disconnected: [WinError 10051] A socket operation was attempted to an unreachable network
2026-02-10 17:29:44,066 [ERROR] Polling thread error: PLC disconnected: [WinError 10051] A socket operation was attempted to an unreachable network
2026-02-10 17:29:45,172 [ERROR] Polling thread error: PLC disconnected: [WinError 10051] A socket operation was attempted to an unreachable network
2026-02-10 17:29:46,263 [ERROR] Polling thread error: PLC disconnected: [WinError 10051] A socket operation was attempted to an unreachable network
2026-02-10 17:29:47,368 [ERROR] Polling thread error: PLC disconnected: [WinError 10051] A socket operation was attempted to an unreachable network
2026-02-10 17:29:48,471 [ERROR] Polling thread error: PLC disconnected: [WinError 10051] A socket operation was attempted to an unreachable network
2026-02-10 17:29:49,554 [ERROR] Polling thread error: PLC disconnected: [WinError 10051] A socket operation was attempted to an unreachable network
2026-02-10 17:29:50,646 [ERROR] Polling thread error: PLC disconnected: [WinError 10051] A socket operation was attempted to an unreachable network
2026-02-10 17:29:51,736 [ERROR] Polling thread error: PLC disconnected: [WinError 10051] A socket operation was attempted to an unreachable network
2026-02-10 17:29:52,828 [ERROR] Polling thread error: PLC disconnected: [WinError 10051] A socket operation was attempted to an unreachable network
2026-02-10 17:29:53,930 [ERROR] Polling thread error: PLC disconnected: [WinError 10051] A socket operation was attempted to an unreachable network
2026-02-10 17:29:55,021 [ERROR] Polling thread error: PLC disconnected: [WinError 10051] A socket operation was attempted to an unreachable network
2026-02-10 17:29:56,110 [ERROR] Polling thread error: PLC disconnected: [WinError 10051] A socket operation was attempted to an unreachable network
2026-02-10 17:29:57,218 [ERROR] Polling thread error: PLC disconnected: [WinError 10051] A socket operation was attempted to an unreachable network
2026-02-10 17:29:58,306 [ERROR] Polling thread error: PLC disconnected: [WinError 10051] A socket operation was attempted to an unreachable network
2026-02-10 17:29:59,397 [ERROR] Polling thread error: PLC disconnected: [WinError 10051] A socket operation was attempted to an unreachable network
2026-02-10 17:30:00,500 [ERROR] Polling thread error: PLC disconnected: [WinError 10051] A socket operation was attempted to an unreachable network
2026-02-10 17:30:01,622 [ERROR] Polling thread error: PLC disconnected: [WinError 10051] A socket operation was attempted to an unreachable network
2026-02-10 17:30:02,721 [ERROR] Polling thread error: PLC disconnected: [WinError 10051] A socket operation was attempted to an unreachable network
2026-02-10 17:30:03,808 [ERROR] Polling thread error: PLC disconnected: [WinError 10051] A socket operation was attempted to an unreachable network
2026-02-10 17:30:04,903 [ERROR] Polling thread error: PLC disconnected: [WinError 10051] A socket operation was attempted to an unreachable network
2026-02-10 17:30:06,005 [ERROR] Polling thread error: PLC disconnected: [WinError 10051] A socket operation was attempted to an unreachable network
2026-02-10 17:30:07,099 [ERROR] Polling thread error: PLC disconnected: [WinError 10051] A socket operation was attempted to an unreachable network
2026-02-10 17:30:08,200 [ERROR] Polling thread error: PLC disconnected: [WinError 10051] A socket operation was attempted to an unreachable network
2026-02-10 17:30:09,303 [ERROR] Polling thread error: PLC disconnected: [WinError 10051] A socket operation was attempted to an unreachable network
2026-02-10 17:30:10,410 [ERROR] Polling thread error: PLC disconnected: [WinError 10051] A socket operation was attempted to an unreachable network
2026-02-10 17:30:11,504 [ERROR] Polling thread error: PLC disconnected: [WinError 10051] A socket operation was attempted to an unreachable network
2026-02-10 17:30:12,605 [ERROR] Polling thread error: PLC disconnected: [WinError 10051] A socket operation was attempted to an unreachable network
2026-02-10 17:30:13,695 [ERROR] Polling thread error: PLC disconnected: [WinError 10051] A socket operation was attempted to an unreachable network
2026-02-10 17:30:14,782 [ERROR] Polling thread error: PLC disconnected: [WinError 10051] A socket operation was attempted to an unreachable network
2026-02-10 17:30:15,881 [ERROR] Polling thread error: PLC disconnected: [WinError 10051] A socket operation was attempted to an unreachable network
2026-02-10 17:30:16,972 [ERROR] Polling thread error: PLC disconnected: [WinError 10051] A socket operation was attempted to an unreachable network
2026-02-10 17:30:18,065 [ERROR] Polling thread error: PLC disconnected: [WinError 10051] A socket operation was attempted to an unreachable network
2026-02-10 17:30:19,169 [ERROR] Polling thread error: PLC disconnected: [WinError 10051] A socket operation was attempted to an unreachable network
2026-02-10 17:30:20,271 [ERROR] Polling thread error: PLC disconnected: [WinError 10051] A socket operation was attempted to an unreachable network
2026-02-10 17:30:21,361 [ERROR] Polling thread error: PLC disconnected: [WinError 10051] A socket operation was attempted to an unreachable network
2026-02-10 17:30:22,466 [ERROR] Polling thread error: PLC disconnected: [WinError 10051] A socket operation was attempted to an unreachable network
2026-02-10 17:30:23,556 [ERROR] Polling thread error: PLC disconnected: [WinError 10051] A socket operation was attempted to an unreachable network
2026-02-10 17:30:24,647 [ERROR] Polling thread error: PLC disconnected: [WinError 10051] A socket operation was attempted to an unreachable network
2026-02-10 17:30:25,748 [ERROR] Polling thread error: PLC disconnected: [WinError 10051] A socket operation was attempted to an unreachable network
2026-02-10 17:30:26,836 [ERROR] Polling thread error: PLC disconnected: [WinError 10051] A socket operation was attempted to an unreachable network
2026-02-10 17:30:27,916 [ERROR] Polling thread error: PLC disconnected: [WinError 10051] A socket operation was attempted to an unreachable network
2026-02-10 17:30:29,021 [ERROR] Polling thread error: PLC disconnected: [WinError 10051] A socket operation was attempted to an unreachable network
2026-02-10 17:30:30,106 [ERROR] Polling thread error: PLC disconnected: [WinError 10051] A socket operation was attempted to an unreachable network
2026-02-10 17:30:31,194 [ERROR] Polling thread error: PLC disconnected: [WinError 10051] A socket operation was attempted to an unreachable network
2026-02-10 17:30:32,286 [ERROR] Polling thread error: PLC disconnected: [WinError 10051] A socket operation was attempted to an unreachable network
2026-02-10 17:30:33,389 [ERROR] Polling thread error: PLC disconnected: [WinError 10051] A socket operation was attempted to an unreachable network
2026-02-10 17:30:34,491 [ERROR] Polling thread error: PLC disconnected: [WinError 10051] A socket operation was attempted to an unreachable network
2026-02-10 17:30:35,581 [ERROR] Polling thread error: PLC disconnected: [WinError 10051] A socket operation was attempted to an unreachable network
2026-02-10 17:30:36,686 [ERROR] Polling thread error: PLC disconnected: [WinError 10051] A socket operation was attempted to an unreachable network
2026-02-10 17:30:37,792 [ERROR] Polling thread error: PLC disconnected: [WinError 10051] A socket operation was attempted to an unreachable network
2026-02-10 17:30:38,887 [ERROR] Polling thread error: PLC disconnected: [WinError 10051] A socket operation was attempted to an unreachable network
2026-02-10 17:30:39,977 [ERROR] Polling thread error: PLC disconnected: [WinError 10051] A socket operation was attempted to an unreachable network
2026-02-10 17:30:41,074 [ERROR] Polling thread error: PLC disconnected: [WinError 10051] A socket operation was attempted to an unreachable network
2026-02-10 17:30:42,178 [ERROR] Polling thread error: PLC disconnected: [WinError 10051] A socket operation was attempted to an unreachable network
2026-02-10 17:30:43,283 [ERROR] Polling thread error: PLC disconnected: [WinError 10051] A socket operation was attempted to an unreachable network
2026-02-10 17:30:44,389 [ERROR] Polling thread error: PLC disconnected: [WinError 10051] A socket operation was attempted to an unreachable network
2026-02-10 17:30:45,500 [ERROR] Polling thread error: PLC disconnected: [WinError 10051] A socket operation was attempted to an unreachable network
2026-02-10 17:30:46,603 [ERROR] Polling thread error: PLC disconnected: [WinError 10051] A socket operation was attempted to an unreachable network
2026-02-10 17:30:47,709 [ERROR] Polling thread error: PLC disconnected: [WinError 10051] A socket operation was attempted to an unreachable network
2026-02-10 17:30:48,798 [ERROR] Polling thread error: PLC disconnected: [WinError 10051] A socket operation was attempted to an unreachable network
2026-02-10 17:30:49,887 [ERROR] Polling thread error: PLC disconnected: [WinError 10051] A socket operation was attempted to an unreachable network
2026-02-10 17:30:50,972 [ERROR] Polling thread error: PLC disconnected: [WinError 10051] A socket operation was attempted to an unreachable network
2026-02-10 17:30:52,076 [ERROR] Polling thread error: PLC disconnected: [WinError 10051] A socket operation was attempted to an unreachable network
2026-02-10 17:30:53,181 [ERROR] Polling thread error: PLC disconnected: [WinError 10051] A socket operation was attempted to an unreachable network
2026-02-10 17:30:54,288 [ERROR] Polling thread error: PLC disconnected: [WinError 10051] A socket operation was attempted to an unreachable network
2026-02-10 17:30:55,409 [ERROR] Polling thread error: PLC disconnected: [WinError 10051] A socket operation was attempted to an unreachable network
2026-02-10 17:30:56,513 [ERROR] Polling thread error: PLC disconnected: [WinError 10051] A socket operation was attempted to an unreachable network
2026-02-10 17:30:57,616 [ERROR] Polling thread error: PLC disconnected: [WinError 10051] A socket operation was attempted to an unreachable network
2026-02-10 17:30:58,700 [ERROR] Polling thread error: PLC disconnected: [WinError 10051] A socket operation was attempted to an unreachable network
2026-02-10 17:30:59,807 [ERROR] Polling thread error: PLC disconnected: [WinError 10051] A socket operation was attempted to an unreachable network
2026-02-10 17:31:00,931 [ERROR] Polling thread error: PLC disconnected: [WinError 10051] A socket operation was attempted to an unreachable network
2026-02-10 17:31:02,022 [ERROR] Polling thread error: PLC disconnected: [WinError 10051] A socket operation was attempted to an unreachable network
2026-02-10 17:31:03,134 [ERROR] Polling thread error: PLC disconnected: [WinError 10051] A socket operation was attempted to an unreachable network
2026-02-10 17:31:04,253 [ERROR] Polling thread error: PLC disconnected: [WinError 10051] A socket operation was attempted to an unreachable network
2026-02-10 17:31:05,344 [ERROR] Polling thread error: PLC disconnected: [WinError 10051] A socket operation was attempted to an unreachable network
2026-02-10 17:31:06,450 [ERROR] Polling thread error: PLC disconnected: [WinError 10051] A socket operation was attempted to an unreachable network
2026-02-10 17:31:07,544 [ERROR] Polling thread error: PLC disconnected: [WinError 10051] A socket operation was attempted to an unreachable network
2026-02-10 17:31:08,646 [ERROR] Polling thread error: PLC disconnected: [WinError 10051] A socket operation was attempted to an unreachable network
2026-02-10 17:31:09,731 [ERROR] Polling thread error: PLC disconnected: [WinError 10051] A socket operation was attempted to an unreachable network
2026-02-10 17:31:10,822 [ERROR] Polling thread error: PLC disconnected: [WinError 10051] A socket operation was attempted to an unreachable network
2026-02-10 17:31:11,924 [ERROR] Polling thread error: PLC disconnected: [WinError 10051] A socket operation was attempted to an unreachable network
2026-02-10 17:31:13,030 [ERROR] Polling thread error: PLC disconnected: [WinError 10051] A socket operation was attempted to an unreachable network
2026-02-10 17:31:14,128 [ERROR] Polling thread error: PLC disconnected: [WinError 10051] A socket operation was attempted to an unreachable network
2026-02-10 17:31:15,233 [ERROR] Polling thread error: PLC disconnected: [WinError 10051] A socket operation was attempted to an unreachable network
2026-02-10 17:31:16,343 [ERROR] Polling thread error: PLC disconnected: [WinError 10051] A socket operation was attempted to an unreachable network
2026-02-10 17:31:17,449 [ERROR] Polling thread error: PLC disconnected: [WinError 10051] A socket operation was attempted to an unreachable network
2026-02-10 17:31:18,555 [ERROR] Polling thread error: PLC disconnected: [WinError 10051] A socket operation was attempted to an unreachable network
2026-02-10 17:31:19,652 [ERROR] Polling thread error: PLC disconnected: [WinError 10051] A socket operation was attempted to an unreachable network
2026-02-10 17:31:20,757 [ERROR] Polling thread error: PLC disconnected: [WinError 10051] A socket operation was attempted to an unreachable network
2026-02-10 17:31:21,848 [ERROR] Polling thread error: PLC disconnected: [WinError 10051] A socket operation was attempted to an unreachable network
2026-02-10 17:31:22,955 [ERROR] Polling thread error: PLC disconnected: [WinError 10051] A socket operation was attempted to an unreachable network
2026-02-10 17:31:24,047 [ERROR] Polling thread error: PLC disconnected: [WinError 10051] A socket operation was attempted to an unreachable network
2026-02-10 17:31:25,138 [ERROR] Polling thread error: PLC disconnected: [WinError 10051] A socket operation was attempted to an unreachable network
2026-02-10 17:31:26,258 [ERROR] Polling thread error: PLC disconnected: [WinError 10051] A socket operation was attempted to an unreachable network
2026-02-10 17:31:27,352 [ERROR] Polling thread error: PLC disconnected: [WinError 10051] A socket operation was attempted to an unreachable network
2026-02-10 17:31:28,446 [ERROR] Polling thread error: PLC disconnected: [WinError 10051] A socket operation was attempted to an unreachable network
2026-02-10 17:31:29,541 [ERROR] Polling thread error: PLC disconnected: [WinError 10051] A socket operation was attempted to an unreachable network
2026-02-10 17:31:30,644 [ERROR] Polling thread error: PLC disconnected: [WinError 10051] A socket operation was attempted to an unreachable network
2026-02-10 17:31:31,740 [ERROR] Polling thread error: PLC disconnected: [WinError 10051] A socket operation was attempted to an unreachable network
2026-02-10 17:31:32,836 [ERROR] Polling thread error: PLC disconnected: [WinError 10051] A socket operation was attempted to an unreachable network
2026-02-10 17:31:33,936 [ERROR] Polling thread error: PLC disconnected: [WinError 10051] A socket operation was attempted to an unreachable network
2026-02-10 17:31:35,037 [ERROR] Polling thread error: PLC disconnected: [WinError 10051] A socket operation was attempted to an unreachable network
2026-02-10 17:31:36,137 [ERROR] Polling thread error: PLC disconnected: [WinError 10051] A socket operation was attempted to an unreachable network
2026-02-10 17:31:37,224 [ERROR] Polling thread error: PLC disconnected: [WinError 10051] A socket operation was attempted to an unreachable network
2026-02-10 17:31:38,312 [ERROR] Polling thread error: PLC disconnected: [WinError 10051] A socket operation was attempted to an unreachable network
2026-02-10 17:31:39,402 [ERROR] Polling thread error: PLC disconnected: [WinError 10051] A socket operation was attempted to an unreachable network
2026-02-10 17:31:40,503 [ERROR] Polling thread error: PLC disconnected: [WinError 10051] A socket operation was attempted to an unreachable network
2026-02-10 17:31:41,609 [ERROR] Polling thread error: PLC disconnected: [WinError 10051] A socket operation was attempted to an unreachable network
2026-02-10 17:31:42,713 [ERROR] Polling thread error: PLC disconnected: [WinError 10051] A socket operation was attempted to an unreachable network
2026-02-10 17:31:43,816 [ERROR] Polling thread error: PLC disconnected: [WinError 10051] A socket operation was attempted to an unreachable network
2026-02-10 17:31:44,928 [ERROR] Polling thread error: PLC disconnected: [WinError 10051] A socket operation was attempted to an unreachable network
2026-02-10 17:31:46,028 [ERROR] Polling thread error: PLC disconnected: [WinError 10051] A socket operation was attempted to an unreachable network
2026-02-10 17:31:47,132 [ERROR] Polling thread error: PLC disconnected: [WinError 10051] A socket operation was attempted to an unreachable network
2026-02-10 17:31:48,241 [ERROR] Polling thread error: PLC disconnected: [WinError 10051] A socket operation was attempted to an unreachable network
2026-02-10 17:31:49,336 [ERROR] Polling thread error: PLC disconnected: [WinError 10051] A socket operation was attempted to an unreachable network
2026-02-10 17:31:50,424 [ERROR] Polling thread error: PLC disconnected: [WinError 10051] A socket operation was attempted to an unreachable network
2026-02-10 17:31:51,531 [ERROR] Polling thread error: PLC disconnected: [WinError 10051] A socket operation was attempted to an unreachable network
2026-02-10 17:31:52,622 [ERROR] Polling thread error: PLC disconnected: [WinError 10051] A socket operation was attempted to an unreachable network
2026-02-10 17:31:53,709 [ERROR] Polling thread error: PLC disconnected: [WinError 10051] A socket operation was attempted to an unreachable network
2026-02-10 17:31:54,803 [ERROR] Polling thread error: PLC disconnected: [WinError 10051] A socket operation was attempted to an unreachable network
2026-02-10 17:31:55,896 [ERROR] Polling thread error: PLC disconnected: [WinError 10051] A socket operation was attempted to an unreachable network
2026-02-10 17:31:56,986 [ERROR] Polling thread error: PLC disconnected: [WinError 10051] A socket operation was attempted to an unreachable network
2026-02-10 17:31:58,092 [ERROR] Polling thread error: PLC disconnected: [WinError 10051] A socket operation was attempted to an unreachable network
2026-02-10 17:31:59,186 [ERROR] Polling thread error: PLC disconnected: [WinError 10051] A socket operation was attempted to an unreachable network
2026-02-10 17:32:00,283 [ERROR] Polling thread error: PLC disconnected: [WinError 10051] A socket operation was attempted to an unreachable network
2026-02-10 17:32:01,371 [ERROR] Polling thread error: PLC disconnected: [WinError 10051] A socket operation was attempted to an unreachable network
2026-02-10 17:32:02,475 [ERROR] Polling thread error: PLC disconnected: [WinError 10051] A socket operation was attempted to an unreachable network
2026-02-10 17:32:03,578 [ERROR] Polling thread error: PLC disconnected: [WinError 10051] A socket operation was attempted to an unreachable network
2026-02-10 17:32:04,679 [ERROR] Polling thread error: PLC disconnected: [WinError 10051] A socket operation was attempted to an unreachable network
2026-02-10 17:32:05,773 [ERROR] Polling thread error: PLC disconnected: [WinError 10051] A socket operation was attempted to an unreachable network
2026-02-10 17:32:06,879 [ERROR] Polling thread error: PLC disconnected: [WinError 10051] A socket operation was attempted to an unreachable network
2026-02-10 17:32:07,981 [ERROR] Polling thread error: PLC disconnected: [WinError 10051] A socket operation was attempted to an unreachable network
2026-02-10 17:32:09,072 [ERROR] Polling thread error: PLC disconnected: [WinError 10051] A socket operation was attempted to an unreachable network
2026-02-10 17:32:10,177 [ERROR] Polling thread error: PLC disconnected: [WinError 10051] A socket operation was attempted to an unreachable network
2026-02-10 17:32:11,283 [ERROR] Polling thread error: PLC disconnected: [WinError 10051] A socket operation was attempted to an unreachable network
2026-02-10 17:32:12,379 [ERROR] Polling thread error: PLC disconnected: [WinError 10051] A socket operation was attempted to an unreachable network
2026-02-10 17:32:13,464 [ERROR] Polling thread error: PLC disconnected: [WinError 10051] A socket operation was attempted to an unreachable network
2026-02-10 17:32:14,566 [ERROR] Polling thread error: PLC disconnected: [WinError 10051] A socket operation was attempted to an unreachable network
2026-02-10 17:32:15,670 [ERROR] Polling thread error: PLC disconnected: [WinError 10051] A socket operation was attempted to an unreachable network
2026-02-10 17:32:16,756 [ERROR] Polling thread error: PLC disconnected: [WinError 10051] A socket operation was attempted to an unreachable network
2026-02-10 17:32:17,859 [ERROR] Polling thread error: PLC disconnected: [WinError 10051] A socket operation was attempted to an unreachable network
2026-02-10 17:32:18,960 [ERROR] Polling thread error: PLC disconnected: [WinError 10051] A socket operation was attempted to an unreachable network
2026-02-10 17:32:20,050 [ERROR] Polling thread error: PLC disconnected: [WinError 10051] A socket operation was attempted to an unreachable network
2026-02-10 17:32:21,140 [ERROR] Polling thread error: PLC disconnected: [WinError 10051] A socket operation was attempted to an unreachable network
2026-02-10 17:32:22,242 [ERROR] Polling thread error: PLC disconnected: [WinError 10051] A socket operation was attempted to an unreachable network
2026-02-10 17:32:23,330 [ERROR] Polling thread error: PLC disconnected: [WinError 10051] A socket operation was attempted to an unreachable network
2026-02-10 17:32:24,437 [ERROR] Polling thread error: PLC disconnected: [WinError 10051] A socket operation was attempted to an unreachable network
2026-02-10 17:32:25,531 [ERROR] Polling thread error: PLC disconnected: [WinError 10051] A socket operation was attempted to an unreachable network
2026-02-10 17:32:26,621 [ERROR] Polling thread error: PLC disconnected: [WinError 10051] A socket operation was attempted to an unreachable network
2026-02-10 17:32:27,721 [ERROR] Polling thread error: PLC disconnected: [WinError 10051] A socket operation was attempted to an unreachable network
2026-02-10 17:32:28,807 [ERROR] Polling thread error: PLC disconnected: [WinError 10051] A socket operation was attempted to an unreachable network
2026-02-10 17:32:29,896 [ERROR] Polling thread error: PLC disconnected: [WinError 10051] A socket operation was attempted to an unreachable network
2026-02-10 17:32:30,989 [ERROR] Polling thread error: PLC disconnected: [WinError 10051] A socket operation was attempted to an unreachable network
2026-02-10 17:32:32,094 [ERROR] Polling thread error: PLC disconnected: [WinError 10051] A socket operation was attempted to an unreachable network
2026-02-10 17:32:33,207 [ERROR] Polling thread error: PLC disconnected: [WinError 10051] A socket operation was attempted to an unreachable network
2026-02-10 17:32:34,295 [ERROR] Polling thread error: PLC disconnected: [WinError 10051] A socket operation was attempted to an unreachable network
2026-02-10 17:32:35,396 [ERROR] Polling thread error: PLC disconnected: [WinError 10051] A socket operation was attempted to an unreachable network
2026-02-10 17:32:36,490 [ERROR] Polling thread error: PLC disconnected: [WinError 10051] A socket operation was attempted to an unreachable network
2026-02-10 17:32:37,582 [ERROR] Polling thread error: PLC disconnected: [WinError 10051] A socket operation was attempted to an unreachable network
2026-02-10 17:32:38,682 [ERROR] Polling thread error: PLC disconnected: [WinError 10051] A socket operation was attempted to an unreachable network
2026-02-10 17:32:39,789 [ERROR] Polling thread error: PLC disconnected: [WinError 10051] A socket operation was attempted to an unreachable network
2026-02-10 17:32:40,893 [ERROR] Polling thread error: PLC disconnected: [WinError 10051] A socket operation was attempted to an unreachable network
2026-02-10 17:32:41,995 [ERROR] Polling thread error: PLC disconnected: [WinError 10051] A socket operation was attempted to an unreachable network
2026-02-10 17:32:43,103 [ERROR] Polling thread error: PLC disconnected: [WinError 10051] A socket operation was attempted to an unreachable network
2026-02-10 17:32:44,206 [ERROR] Polling thread error: PLC disconnected: [WinError 10051] A socket operation was attempted to an unreachable network
2026-02-10 17:32:45,296 [ERROR] Polling thread error: PLC disconnected: [WinError 10051] A socket operation was attempted to an unreachable network
2026-02-10 17:32:46,399 [ERROR] Polling thread error: PLC disconnected: [WinError 10051] A socket operation was attempted to an unreachable network
2026-02-10 17:32:47,497 [ERROR] Polling thread error: PLC disconnected: [WinError 10051] A socket operation was attempted to an unreachable network
2026-02-10 17:32:48,593 [ERROR] Polling thread error: PLC disconnected: [WinError 10051] A socket operation was attempted to an unreachable network
2026-02-10 17:32:49,695 [ERROR] Polling thread error: PLC disconnected: [WinError 10051] A socket operation was attempted to an unreachable network
2026-02-10 17:32:50,788 [ERROR] Polling thread error: PLC disconnected: [WinError 10051] A socket operation was attempted to an unreachable network
2026-02-10 17:32:51,879 [ERROR] Polling thread error: PLC disconnected: [WinError 10051] A socket operation was attempted to an unreachable network
2026-02-10 17:32:52,978 [ERROR] Polling thread error: PLC disconnected: [WinError 10051] A socket operation was attempted to an unreachable network
2026-02-10 17:32:54,070 [ERROR] Polling thread error: PLC disconnected: [WinError 10051] A socket operation was attempted to an unreachable network
2026-02-10 17:32:55,156 [ERROR] Polling thread error: PLC disconnected: [WinError 10051] A socket operation was attempted to an unreachable network
2026-02-10 17:32:56,240 [ERROR] Polling thread error: PLC disconnected: [WinError 10051] A socket operation was attempted to an unreachable network
2026-02-10 17:32:57,345 [ERROR] Polling thread error: PLC disconnected: [WinError 10051] A socket operation was attempted to an unreachable network
2026-02-10 17:32:58,449 [ERROR] Polling thread error: PLC disconnected: [WinError 10051] A socket operation was attempted to an unreachable network
2026-02-10 17:32:59,533 [ERROR] Polling thread error: PLC disconnected: [WinError 10051] A socket operation was attempted to an unreachable network
2026-02-10 17:33:00,637 [ERROR] Polling thread error: PLC disconnected: [WinError 10051] A socket operation was attempted to an unreachable network
2026-02-10 17:33:01,731 [ERROR] Polling thread error: PLC disconnected: [WinError 10051] A socket operation was attempted to an unreachable network
2026-02-10 17:33:02,834 [ERROR] Polling thread error: PLC disconnected: [WinError 10051] A socket operation was attempted to an unreachable network
2026-02-10 17:33:03,925 [ERROR] Polling thread error: PLC disconnected: [WinError 10051] A socket operation was attempted to an unreachable network
2026-02-10 17:33:05,028 [ERROR] Polling thread error: PLC disconnected: [WinError 10051] A socket operation was attempted to an unreachable network
2026-02-10 17:33:06,112 [ERROR] Polling thread error: PLC disconnected: [WinError 10051] A socket operation was attempted to an unreachable network
2026-02-10 17:33:07,216 [ERROR] Polling thread error: PLC disconnected: [WinError 10051] A socket operation was attempted to an unreachable network
2026-02-10 17:33:08,303 [ERROR] Polling thread error: PLC disconnected: [WinError 10051] A socket operation was attempted to an unreachable network
2026-02-10 17:33:09,405 [ERROR] Polling thread error: PLC disconnected: [WinError 10051] A socket operation was attempted to an unreachable network
2026-02-10 17:33:10,521 [ERROR] Polling thread error: PLC disconnected: [WinError 10051] A socket operation was attempted to an unreachable network
2026-02-10 17:33:11,612 [ERROR] Polling thread error: PLC disconnected: [WinError 10051] A socket operation was attempted to an unreachable network
2026-02-10 17:33:12,712 [ERROR] Polling thread error: PLC disconnected: [WinError 10051] A socket operation was attempted to an unreachable network
2026-02-10 17:33:13,820 [ERROR] Polling thread error: PLC disconnected: [WinError 10051] A socket operation was attempted to an unreachable network
2026-02-10 17:33:14,905 [ERROR] Polling thread error: PLC disconnected: [WinError 10051] A socket operation was attempted to an unreachable network
2026-02-10 17:33:15,995 [ERROR] Polling thread error: PLC disconnected: [WinError 10051] A socket operation was attempted to an unreachable network
2026-02-10 17:33:17,089 [ERROR] Polling thread error: PLC disconnected: [WinError 10051] A socket operation was attempted to an unreachable network
2026-02-10 17:33:18,176 [ERROR] Polling thread error: PLC disconnected: [WinError 10051] A socket operation was attempted to an unreachable network
2026-02-10 17:33:19,274 [ERROR] Polling thread error: PLC disconnected: [WinError 10051] A socket operation was attempted to an unreachable network
2026-02-10 17:33:20,366 [ERROR] Polling thread error: PLC disconnected: [WinError 10051] A socket operation was attempted to an unreachable network
2026-02-10 17:33:21,453 [ERROR] Polling thread error: PLC disconnected: [WinError 10051] A socket operation was attempted to an unreachable network
2026-02-10 17:33:22,544 [ERROR] Polling thread error: PLC disconnected: [WinError 10051] A socket operation was attempted to an unreachable network
2026-02-10 17:33:23,632 [ERROR] Polling thread error: PLC disconnected: [WinError 10051] A socket operation was attempted to an unreachable network
2026-02-10 17:33:24,726 [ERROR] Polling thread error: PLC disconnected: [WinError 10051] A socket operation was attempted to an unreachable network
2026-02-10 17:33:25,815 [ERROR] Polling thread error: PLC disconnected: [WinError 10051] A socket operation was attempted to an unreachable network
2026-02-10 17:33:26,899 [ERROR] Polling thread error: PLC disconnected: [WinError 10051] A socket operation was attempted to an unreachable network
2026-02-10 17:33:28,009 [ERROR] Polling thread error: PLC disconnected: [WinError 10051] A socket operation was attempted to an unreachable network
2026-02-10 17:33:29,123 [ERROR] Polling thread error: PLC disconnected: [WinError 10051] A socket operation was attempted to an unreachable network
2026-02-10 17:33:30,208 [ERROR] Polling thread error: PLC disconnected: [WinError 10051] A socket operation was attempted to an unreachable network
2026-02-10 17:33:31,310 [ERROR] Polling thread error: PLC disconnected: [WinError 10051] A socket operation was attempted to an unreachable network
2026-02-10 17:33:32,413 [ERROR] Polling thread error: PLC disconnected: [WinError 10051] A socket operation was attempted to an unreachable network
2026-02-10 17:33:33,520 [ERROR] Polling thread error: PLC disconnected: [WinError 10051] A socket operation was attempted to an unreachable network
2026-02-10 17:33:34,613 [ERROR] Polling thread error: PLC disconnected: [WinError 10051] A socket operation was attempted to an unreachable network
2026-02-10 17:33:35,716 [ERROR] Polling thread error: PLC disconnected: [WinError 10051] A socket operation was attempted to an unreachable network
2026-02-10 17:33:36,808 [ERROR] Polling thread error: PLC disconnected: [WinError 10051] A socket operation was attempted to an unreachable network
2026-02-10 17:33:37,900 [ERROR] Polling thread error: PLC disconnected: [WinError 10051] A socket operation was attempted to an unreachable network
2026-02-10 17:33:39,006 [ERROR] Polling thread error: PLC disconnected: [WinError 10051] A socket operation was attempted to an unreachable network
2026-02-10 17:33:40,095 [ERROR] Polling thread error: PLC disconnected: [WinError 10051] A socket operation was attempted to an unreachable network
2026-02-10 17:33:41,183 [ERROR] Polling thread error: PLC disconnected: [WinError 10051] A socket operation was attempted to an unreachable network
2026-02-10 17:33:42,274 [ERROR] Polling thread error: PLC disconnected: [WinError 10051] A socket operation was attempted to an unreachable network
2026-02-10 17:33:43,370 [ERROR] Polling thread error: PLC disconnected: [WinError 10051] A socket operation was attempted to an unreachable network
2026-02-10 17:33:44,474 [ERROR] Polling thread error: PLC disconnected: [WinError 10051] A socket operation was attempted to an unreachable network
2026-02-10 17:33:45,577 [ERROR] Polling thread error: PLC disconnected: [WinError 10051] A socket operation was attempted to an unreachable network
2026-02-10 17:33:46,667 [ERROR] Polling thread error: PLC disconnected: [WinError 10051] A socket operation was attempted to an unreachable network
2026-02-10 17:33:47,757 [ERROR] Polling thread error: PLC disconnected: [WinError 10051] A socket operation was attempted to an unreachable network
2026-02-10 17:33:48,867 [ERROR] Polling thread error: PLC disconnected: [WinError 10051] A socket operation was attempted to an unreachable network
2026-02-10 17:33:49,974 [ERROR] Polling thread error: PLC disconnected: [WinError 10051] A socket operation was attempted to an unreachable network
2026-02-10 17:33:51,060 [ERROR] Polling thread error: PLC disconnected: [WinError 10051] A socket operation was attempted to an unreachable network
2026-02-10 17:33:52,164 [ERROR] Polling thread error: PLC disconnected: [WinError 10051] A socket operation was attempted to an unreachable network
2026-02-10 17:33:53,271 [ERROR] Polling thread error: PLC disconnected: [WinError 10051] A socket operation was attempted to an unreachable network
2026-02-10 17:33:54,392 [ERROR] Polling thread error: PLC disconnected: [WinError 10051] A socket operation was attempted to an unreachable network
2026-02-10 17:33:55,498 [ERROR] Polling thread error: PLC disconnected: [WinError 10051] A socket operation was attempted to an unreachable network
2026-02-10 17:33:56,597 [ERROR] Polling thread error: PLC disconnected: [WinError 10051] A socket operation was attempted to an unreachable network
2026-02-10 17:33:57,703 [ERROR] Polling thread error: PLC disconnected: [WinError 10051] A socket operation was attempted to an unreachable network
2026-02-10 17:33:58,808 [ERROR] Polling thread error: PLC disconnected: [WinError 10051] A socket operation was attempted to an unreachable network
2026-02-10 17:33:59,906 [ERROR] Polling thread error: PLC disconnected: [WinError 10051] A socket operation was attempted to an unreachable network
2026-02-10 17:34:01,000 [ERROR] Polling thread error: PLC disconnected: [WinError 10051] A socket operation was attempted to an unreachable network
2026-02-10 17:34:02,088 [ERROR] Polling thread error: PLC disconnected: [WinError 10051] A socket operation was attempted to an unreachable network
2026-02-10 17:34:03,176 [ERROR] Polling thread error: PLC disconnected: [WinError 10051] A socket operation was attempted to an unreachable network
2026-02-10 17:34:04,283 [ERROR] Polling thread error: PLC disconnected: [WinError 10051] A socket operation was attempted to an unreachable network
2026-02-10 17:34:05,378 [ERROR] Polling thread error: PLC disconnected: [WinError 10051] A socket operation was attempted to an unreachable network
2026-02-10 17:34:06,492 [ERROR] Polling thread error: PLC disconnected: [WinError 10051] A socket operation was attempted to an unreachable network
2026-02-10 17:34:07,578 [ERROR] Polling thread error: PLC disconnected: [WinError 10051] A socket operation was attempted to an unreachable network
2026-02-10 17:34:08,678 [ERROR] Polling thread error: PLC disconnected: [WinError 10051] A socket operation was attempted to an unreachable network
2026-02-10 17:34:09,764 [ERROR] Polling thread error: PLC disconnected: [WinError 10051] A socket operation was attempted to an unreachable network
2026-02-10 17:34:10,865 [ERROR] Polling thread error: PLC disconnected: [WinError 10051] A socket operation was attempted to an unreachable network
2026-02-10 17:34:11,968 [ERROR] Polling thread error: PLC disconnected: [WinError 10051] A socket operation was attempted to an unreachable network
2026-02-10 17:34:13,060 [ERROR] Polling thread error: PLC disconnected: [WinError 10051] A socket operation was attempted to an unreachable network
2026-02-10 17:34:14,167 [ERROR] Polling thread error: PLC disconnected: [WinError 10051] A socket operation was attempted to an unreachable network
2026-02-10 17:34:15,277 [ERROR] Polling thread error: PLC disconnected: [WinError 10051] A socket operation was attempted to an unreachable network
2026-02-10 17:34:16,385 [ERROR] Polling thread error: PLC disconnected: [WinError 10051] A socket operation was attempted to an unreachable network
2026-02-10 17:34:17,503 [ERROR] Polling thread error: PLC disconnected: [WinError 10051] A socket operation was attempted to an unreachable network
2026-02-10 17:34:18,609 [ERROR] Polling thread error: PLC disconnected: [WinError 10051] A socket operation was attempted to an unreachable network
2026-02-10 17:34:19,702 [ERROR] Polling thread error: PLC disconnected: [WinError 10051] A socket operation was attempted to an unreachable network
2026-02-10 17:34:20,793 [ERROR] Polling thread error: PLC disconnected: [WinError 10051] A socket operation was attempted to an unreachable network
2026-02-10 17:34:21,903 [ERROR] Polling thread error: PLC disconnected: [WinError 10051] A socket operation was attempted to an unreachable network
2026-02-10 17:34:22,989 [ERROR] Polling thread error: PLC disconnected: [WinError 10051] A socket operation was attempted to an unreachable network
2026-02-10 17:34:24,074 [ERROR] Polling thread error: PLC disconnected: [WinError 10051] A socket operation was attempted to an unreachable network
2026-02-10 17:34:25,162 [ERROR] Polling thread error: PLC disconnected: [WinError 10051] A socket operation was attempted to an unreachable network
2026-02-10 17:34:26,270 [ERROR] Polling thread error: PLC disconnected: [WinError 10051] A socket operation was attempted to an unreachable network
2026-02-10 17:34:27,374 [ERROR] Polling thread error: PLC disconnected: [WinError 10051] A socket operation was attempted to an unreachable network
2026-02-10 17:34:28,480 [ERROR] Polling thread error: PLC disconnected: [WinError 10051] A socket operation was attempted to an unreachable network
2026-02-10 17:34:29,585 [ERROR] Polling thread error: PLC disconnected: [WinError 10051] A socket operation was attempted to an unreachable network
2026-02-10 17:34:30,688 [ERROR] Polling thread error: PLC disconnected: [WinError 10051] A socket operation was attempted to an unreachable network
2026-02-10 17:34:31,787 [ERROR] Polling thread error: PLC disconnected: [WinError 10051] A socket operation was attempted to an unreachable network
2026-02-10 17:34:32,878 [ERROR] Polling thread error: PLC disconnected: [WinError 10051] A socket operation was attempted to an unreachable network
2026-02-10 17:34:33,986 [ERROR] Polling thread error: PLC disconnected: [WinError 10051] A socket operation was attempted to an unreachable network
2026-02-10 17:34:35,094 [ERROR] Polling thread error: PLC disconnected: [WinError 10051] A socket operation was attempted to an unreachable network
2026-02-10 17:34:36,201 [ERROR] Polling thread error: PLC disconnected: [WinError 10051] A socket operation was attempted to an unreachable network
2026-02-10 17:34:37,306 [ERROR] Polling thread error: PLC disconnected: [WinError 10051] A socket operation was attempted to an unreachable network
2026-02-10 17:34:38,393 [ERROR] Polling thread error: PLC disconnected: [WinError 10051] A socket operation was attempted to an unreachable network
2026-02-10 17:34:39,497 [ERROR] Polling thread error: PLC disconnected: [WinError 10051] A socket operation was attempted to an unreachable network
2026-02-10 17:34:40,584 [ERROR] Polling thread error: PLC disconnected: [WinError 10051] A socket operation was attempted to an unreachable network
2026-02-10 17:34:41,685 [ERROR] Polling thread error: PLC disconnected: [WinError 10051] A socket operation was attempted to an unreachable network
2026-02-10 17:34:42,793 [ERROR] Polling thread error: PLC disconnected: [WinError 10051] A socket operation was attempted to an unreachable network
2026-02-10 17:34:43,877 [ERROR] Polling thread error: PLC disconnected: [WinError 10051] A socket operation was attempted to an unreachable network
2026-02-10 17:34:44,981 [ERROR] Polling thread error: PLC disconnected: [WinError 10051] A socket operation was attempted to an unreachable network
2026-02-10 17:34:46,086 [ERROR] Polling thread error: PLC disconnected: [WinError 10051] A socket operation was attempted to an unreachable network
2026-02-10 17:34:47,192 [ERROR] Polling thread error: PLC disconnected: [WinError 10051] A socket operation was attempted to an unreachable network
2026-02-10 17:34:48,281 [ERROR] Polling thread error: PLC disconnected: [WinError 10051] A socket operation was attempted to an unreachable network
2026-02-10 17:34:49,371 [ERROR] Polling thread error: PLC disconnected: [WinError 10051] A socket operation was attempted to an unreachable network
2026-02-10 17:34:50,474 [ERROR] Polling thread error: PLC disconnected: [WinError 10051] A socket operation was attempted to an unreachable network
2026-02-10 17:34:51,574 [ERROR] Polling thread error: PLC disconnected: [WinError 10051] A socket operation was attempted to an unreachable network
2026-02-10 17:34:52,683 [ERROR] Polling thread error: PLC disconnected: [WinError 10051] A socket operation was attempted to an unreachable network
2026-02-10 17:34:53,789 [ERROR] Polling thread error: PLC disconnected: [WinError 10051] A socket operation was attempted to an unreachable network
2026-02-10 17:34:54,896 [ERROR] Polling thread error: PLC disconnected: [WinError 10051] A socket operation was attempted to an unreachable network
2026-02-10 17:34:55,984 [ERROR] Polling thread error: PLC disconnected: [WinError 10051] A socket operation was attempted to an unreachable network
2026-02-10 17:34:57,086 [ERROR] Polling thread error: PLC disconnected: [WinError 10051] A socket operation was attempted to an unreachable network
2026-02-10 17:34:58,191 [ERROR] Polling thread error: PLC disconnected: [WinError 10051] A socket operation was attempted to an unreachable network
2026-02-10 17:34:59,297 [ERROR] Polling thread error: PLC disconnected: [WinError 10051] A socket operation was attempted to an unreachable network
2026-02-10 17:35:00,387 [ERROR] Polling thread error: PLC disconnected: [WinError 10051] A socket operation was attempted to an unreachable network
2026-02-10 17:35:01,471 [ERROR] Polling thread error: PLC disconnected: [WinError 10051] A socket operation was attempted to an unreachable network
2026-02-10 17:35:02,562 [ERROR] Polling thread error: PLC disconnected: [WinError 10051] A socket operation was attempted to an unreachable network
2026-02-10 17:35:03,673 [ERROR] Polling thread error: PLC disconnected: [WinError 10051] A socket operation was attempted to an unreachable network
2026-02-10 17:35:04,764 [ERROR] Polling thread error: PLC disconnected: [WinError 10051] A socket operation was attempted to an unreachable network
2026-02-10 17:35:05,856 [ERROR] Polling thread error: PLC disconnected: [WinError 10051] A socket operation was attempted to an unreachable network
2026-02-10 17:35:06,963 [ERROR] Polling thread error: PLC disconnected: [WinError 10051] A socket operation was attempted to an unreachable network
2026-02-10 17:35:08,055 [ERROR] Polling thread error: PLC disconnected: [WinError 10051] A socket operation was attempted to an unreachable network
2026-02-10 17:35:09,140 [ERROR] Polling thread error: PLC disconnected: [WinError 10051] A socket operation was attempted to an unreachable network
2026-02-10 17:35:10,230 [ERROR] Polling thread error: PLC disconnected: [WinError 10051] A socket operation was attempted to an unreachable network
2026-02-10 17:35:11,335 [ERROR] Polling thread error: PLC disconnected: [WinError 10051] A socket operation was attempted to an unreachable network
2026-02-10 17:35:12,426 [ERROR] Polling thread error: PLC disconnected: [WinError 10051] A socket operation was attempted to an unreachable network
2026-02-10 17:35:13,513 [ERROR] Polling thread error: PLC disconnected: [WinError 10051] A socket operation was attempted to an unreachable network
2026-02-10 17:35:14,621 [ERROR] Polling thread error: PLC disconnected: [WinError 10051] A socket operation was attempted to an unreachable network
2026-02-10 17:35:15,726 [ERROR] Polling thread error: PLC disconnected: [WinError 10051] A socket operation was attempted to an unreachable network
2026-02-10 17:35:16,825 [ERROR] Polling thread error: PLC disconnected: [WinError 10051] A socket operation was attempted to an unreachable network
2026-02-10 17:35:17,947 [ERROR] Polling thread error: PLC disconnected: [WinError 10051] A socket operation was attempted to an unreachable network
2026-02-10 17:35:19,053 [ERROR] Polling thread error: PLC disconnected: [WinError 10051] A socket operation was attempted to an unreachable network
2026-02-10 17:35:20,144 [ERROR] Polling thread error: PLC disconnected: [WinError 10051] A socket operation was attempted to an unreachable network
2026-02-10 17:35:21,237 [ERROR] Polling thread error: PLC disconnected: [WinError 10051] A socket operation was attempted to an unreachable network
2026-02-10 17:35:22,323 [ERROR] Polling thread error: PLC disconnected: [WinError 10051] A socket operation was attempted to an unreachable network
2026-02-10 17:35:23,412 [ERROR] Polling thread error: PLC disconnected: [WinError 10051] A socket operation was attempted to an unreachable network
2026-02-10 17:35:24,501 [ERROR] Polling thread error: PLC disconnected: [WinError 10051] A socket operation was attempted to an unreachable network
2026-02-10 17:35:25,605 [ERROR] Polling thread error: PLC disconnected: [WinError 10051] A socket operation was attempted to an unreachable network
2026-02-10 17:35:26,708 [ERROR] Polling thread error: PLC disconnected: [WinError 10051] A socket operation was attempted to an unreachable network
2026-02-10 17:35:27,819 [ERROR] Polling thread error: PLC disconnected: [WinError 10051] A socket operation was attempted to an unreachable network
2026-02-10 17:35:28,905 [ERROR] Polling thread error: PLC disconnected: [WinError 10051] A socket operation was attempted to an unreachable network
2026-02-10 17:35:29,994 [ERROR] Polling thread error: PLC disconnected: [WinError 10051] A socket operation was attempted to an unreachable network
2026-02-10 17:35:31,110 [ERROR] Polling thread error: PLC disconnected: [WinError 10051] A socket operation was attempted to an unreachable network
2026-02-10 17:35:32,206 [ERROR] Polling thread error: PLC disconnected: [WinError 10051] A socket operation was attempted to an unreachable network
2026-02-10 17:35:33,306 [ERROR] Polling thread error: PLC disconnected: [WinError 10051] A socket operation was attempted to an unreachable network
2026-02-10 17:35:34,406 [ERROR] Polling thread error: PLC disconnected: [WinError 10051] A socket operation was attempted to an unreachable network
2026-02-10 17:35:35,496 [ERROR] Polling thread error: PLC disconnected: [WinError 10051] A socket operation was attempted to an unreachable network
2026-02-10 17:35:36,601 [ERROR] Polling thread error: PLC disconnected: [WinError 10051] A socket operation was attempted to an unreachable network
2026-02-10 17:35:37,686 [ERROR] Polling thread error: PLC disconnected: [WinError 10051] A socket operation was attempted to an unreachable network
2026-02-10 17:35:38,794 [ERROR] Polling thread error: PLC disconnected: [WinError 10051] A socket operation was attempted to an unreachable network
2026-02-10 17:35:39,886 [ERROR] Polling thread error: PLC disconnected: [WinError 10051] A socket operation was attempted to an unreachable network
2026-02-10 17:35:40,990 [ERROR] Polling thread error: PLC disconnected: [WinError 10051] A socket operation was attempted to an unreachable network
2026-02-10 17:35:42,097 [ERROR] Polling thread error: PLC disconnected: [WinError 10051] A socket operation was attempted to an unreachable network
2026-02-10 17:35:43,182 [ERROR] Polling thread error: PLC disconnected: [WinError 10051] A socket operation was attempted to an unreachable network
2026-02-10 17:35:44,284 [ERROR] Polling thread error: PLC disconnected: [WinError 10051] A socket operation was attempted to an unreachable network
2026-02-10 17:35:45,376 [ERROR] Polling thread error: PLC disconnected: [WinError 10051] A socket operation was attempted to an unreachable network
2026-02-10 17:35:46,467 [ERROR] Polling thread error: PLC disconnected: [WinError 10051] A socket operation was attempted to an unreachable network
2026-02-10 17:35:47,569 [ERROR] Polling thread error: PLC disconnected: [WinError 10051] A socket operation was attempted to an unreachable network
2026-02-10 17:35:48,669 [ERROR] Polling thread error: PLC disconnected: [WinError 10051] A socket operation was attempted to an unreachable network
2026-02-10 17:35:49,781 [ERROR] Polling thread error: PLC disconnected: [WinError 10051] A socket operation was attempted to an unreachable network
2026-02-10 17:35:50,893 [ERROR] Polling thread error: PLC disconnected: [WinError 10051] A socket operation was attempted to an unreachable network
2026-02-10 17:35:51,981 [ERROR] Polling thread error: PLC disconnected: [WinError 10051] A socket operation was attempted to an unreachable network
2026-02-10 17:35:53,071 [ERROR] Polling thread error: PLC disconnected: [WinError 10051] A socket operation was attempted to an unreachable network
2026-02-10 17:35:54,162 [ERROR] Polling thread error: PLC disconnected: [WinError 10051] A socket operation was attempted to an unreachable network
2026-02-10 17:35:55,262 [ERROR] Polling thread error: PLC disconnected: [WinError 10051] A socket operation was attempted to an unreachable network
2026-02-10 17:35:56,366 [ERROR] Polling thread error: PLC disconnected: [WinError 10051] A socket operation was attempted to an unreachable network
2026-02-10 17:35:57,467 [ERROR] Polling thread error: PLC disconnected: [WinError 10051] A socket operation was attempted to an unreachable network
2026-02-10 17:35:58,571 [ERROR] Polling thread error: PLC disconnected: [WinError 10051] A socket operation was attempted to an unreachable network
2026-02-10 17:35:59,660 [ERROR] Polling thread error: PLC disconnected: [WinError 10051] A socket operation was attempted to an unreachable network
2026-02-10 17:36:00,769 [ERROR] Polling thread error: PLC disconnected: [WinError 10051] A socket operation was attempted to an unreachable network
2026-02-10 17:36:01,867 [ERROR] Polling thread error: PLC disconnected: [WinError 10051] A socket operation was attempted to an unreachable network
2026-02-10 17:36:02,956 [ERROR] Polling thread error: PLC disconnected: [WinError 10051] A socket operation was attempted to an unreachable network
2026-02-10 17:36:04,063 [ERROR] Polling thread error: PLC disconnected: [WinError 10051] A socket operation was attempted to an unreachable network
2026-02-10 17:36:05,163 [ERROR] Polling thread error: PLC disconnected: [WinError 10051] A socket operation was attempted to an unreachable network
2026-02-10 17:36:06,271 [ERROR] Polling thread error: PLC disconnected: [WinError 10051] A socket operation was attempted to an unreachable network
2026-02-10 17:36:07,368 [ERROR] Polling thread error: PLC disconnected: [WinError 10051] A socket operation was attempted to an unreachable network
2026-02-10 17:36:08,477 [ERROR] Polling thread error: PLC disconnected: [WinError 10051] A socket operation was attempted to an unreachable network
2026-02-10 17:36:09,578 [ERROR] Polling thread error: PLC disconnected: [WinError 10051] A socket operation was attempted to an unreachable network
2026-02-10 17:36:10,671 [ERROR] Polling thread error: PLC disconnected: [WinError 10051] A socket operation was attempted to an unreachable network
2026-02-10 17:36:11,789 [ERROR] Polling thread error: PLC disconnected: [WinError 10051] A socket operation was attempted to an unreachable network
2026-02-10 17:36:12,890 [ERROR] Polling thread error: PLC disconnected: [WinError 10051] A socket operation was attempted to an unreachable network
2026-02-10 17:36:13,983 [ERROR] Polling thread error: PLC disconnected: [WinError 10051] A socket operation was attempted to an unreachable network
2026-02-10 17:36:15,076 [ERROR] Polling thread error: PLC disconnected: [WinError 10051] A socket operation was attempted to an unreachable network
2026-02-10 17:36:16,164 [ERROR] Polling thread error: PLC disconnected: [WinError 10051] A socket operation was attempted to an unreachable network
2026-02-10 17:36:17,257 [ERROR] Polling thread error: PLC disconnected: [WinError 10051] A socket operation was attempted to an unreachable network
2026-02-10 17:36:18,344 [ERROR] Polling thread error: PLC disconnected: [WinError 10051] A socket operation was attempted to an unreachable network
2026-02-10 17:36:19,436 [ERROR] Polling thread error: PLC disconnected: [WinError 10051] A socket operation was attempted to an unreachable network
2026-02-10 17:36:20,538 [ERROR] Polling thread error: PLC disconnected: [WinError 10051] A socket operation was attempted to an unreachable network
2026-02-10 17:36:21,647 [ERROR] Polling thread error: PLC disconnected: [WinError 10051] A socket operation was attempted to an unreachable network
2026-02-10 17:36:22,736 [ERROR] Polling thread error: PLC disconnected: [WinError 10051] A socket operation was attempted to an unreachable network
2026-02-10 17:36:23,824 [ERROR] Polling thread error: PLC disconnected: [WinError 10051] A socket operation was attempted to an unreachable network
2026-02-10 17:36:24,911 [ERROR] Polling thread error: PLC disconnected: [WinError 10051] A socket operation was attempted to an unreachable network
2026-02-10 17:36:26,009 [ERROR] Polling thread error: PLC disconnected: [WinError 10051] A socket operation was attempted to an unreachable network
2026-02-10 17:36:27,099 [ERROR] Polling thread error: PLC disconnected: [WinError 10051] A socket operation was attempted to an unreachable network
2026-02-10 17:36:28,202 [ERROR] Polling thread error: PLC disconnected: [WinError 10051] A socket operation was attempted to an unreachable network
2026-02-10 17:36:29,314 [ERROR] Polling thread error: PLC disconnected: [WinError 10051] A socket operation was attempted to an unreachable network
2026-02-10 17:36:30,405 [ERROR] Polling thread error: PLC disconnected: [WinError 10051] A socket operation was attempted to an unreachable network
2026-02-10 17:36:31,509 [ERROR] Polling thread error: PLC disconnected: [WinError 10051] A socket operation was attempted to an unreachable network
2026-02-10 17:36:32,596 [ERROR] Polling thread error: PLC disconnected: [WinError 10051] A socket operation was attempted to an unreachable network
2026-02-10 17:36:33,680 [ERROR] Polling thread error: PLC disconnected: [WinError 10051] A socket operation was attempted to an unreachable network
2026-02-10 17:36:34,787 [ERROR] Polling thread error: PLC disconnected: [WinError 10051] A socket operation was attempted to an unreachable network
2026-02-10 17:36:35,907 [ERROR] Polling thread error: PLC disconnected: [WinError 10051] A socket operation was attempted to an unreachable network
2026-02-10 17:36:37,027 [ERROR] Polling thread error: PLC disconnected: [WinError 10051] A socket operation was attempted to an unreachable network
2026-02-10 17:36:38,128 [ERROR] Polling thread error: PLC disconnected: [WinError 10051] A socket operation was attempted to an unreachable network
2026-02-10 17:36:39,236 [ERROR] Polling thread error: PLC disconnected: [WinError 10051] A socket operation was attempted to an unreachable network
2026-02-10 17:36:40,325 [ERROR] Polling thread error: PLC disconnected: [WinError 10051] A socket operation was attempted to an unreachable network
2026-02-10 17:36:41,420 [ERROR] Polling thread error: PLC disconnected: [WinError 10051] A socket operation was attempted to an unreachable network
2026-02-10 17:36:42,528 [ERROR] Polling thread error: PLC disconnected: [WinError 10051] A socket operation was attempted to an unreachable network
2026-02-10 17:36:43,631 [ERROR] Polling thread error: PLC disconnected: [WinError 10051] A socket operation was attempted to an unreachable network
2026-02-10 17:36:44,736 [ERROR] Polling thread error: PLC disconnected: [WinError 10051] A socket operation was attempted to an unreachable network
2026-02-10 17:36:45,827 [ERROR] Polling thread error: PLC disconnected: [WinError 10051] A socket operation was attempted to an unreachable network
2026-02-10 17:36:46,929 [ERROR] Polling thread error: PLC disconnected: [WinError 10051] A socket operation was attempted to an unreachable network
2026-02-10 17:36:48,033 [ERROR] Polling thread error: PLC disconnected: [WinError 10051] A socket operation was attempted to an unreachable network
2026-02-10 17:36:49,116 [ERROR] Polling thread error: PLC disconnected: [WinError 10051] A socket operation was attempted to an unreachable network
2026-02-10 17:36:50,228 [ERROR] Polling thread error: PLC disconnected: [WinError 10051] A socket operation was attempted to an unreachable network
2026-02-10 17:36:51,320 [ERROR] Polling thread error: PLC disconnected: [WinError 10051] A socket operation was attempted to an unreachable network
2026-02-10 17:36:52,420 [ERROR] Polling thread error: PLC disconnected: [WinError 10051] A socket operation was attempted to an unreachable network
2026-02-10 17:36:53,521 [ERROR] Polling thread error: PLC disconnected: [WinError 10051] A socket operation was attempted to an unreachable network
2026-02-10 17:36:54,628 [ERROR] Polling thread error: PLC disconnected: [WinError 10051] A socket operation was attempted to an unreachable network
2026-02-10 17:36:55,730 [ERROR] Polling thread error: PLC disconnected: [WinError 10051] A socket operation was attempted to an unreachable network
2026-02-10 17:36:56,826 [ERROR] Polling thread error: PLC disconnected: [WinError 10051] A socket operation was attempted to an unreachable network
2026-02-10 17:36:57,933 [ERROR] Polling thread error: PLC disconnected: [WinError 10051] A socket operation was attempted to an unreachable network
2026-02-10 17:36:59,026 [ERROR] Polling thread error: PLC disconnected: [WinError 10051] A socket operation was attempted to an unreachable network
2026-02-10 17:37:00,120 [ERROR] Polling thread error: PLC disconnected: [WinError 10051] A socket operation was attempted to an unreachable network
2026-02-10 17:37:01,222 [ERROR] Polling thread error: PLC disconnected: [WinError 10051] A socket operation was attempted to an unreachable network
2026-02-10 17:37:02,325 [ERROR] Polling thread error: PLC disconnected: [WinError 10051] A socket operation was attempted to an unreachable network
2026-02-10 17:37:03,413 [ERROR] Polling thread error: PLC disconnected: [WinError 10051] A socket operation was attempted to an unreachable network
2026-02-10 17:37:04,516 [ERROR] Polling thread error: PLC disconnected: [WinError 10051] A socket operation was attempted to an unreachable network
2026-02-10 17:37:05,609 [ERROR] Polling thread error: PLC disconnected: [WinError 10051] A socket operation was attempted to an unreachable network
2026-02-10 17:37:06,702 [ERROR] Polling thread error: PLC disconnected: [WinError 10051] A socket operation was attempted to an unreachable network
2026-02-10 17:37:07,795 [ERROR] Polling thread error: PLC disconnected: [WinError 10051] A socket operation was attempted to an unreachable network
2026-02-10 17:37:08,887 [ERROR] Polling thread error: PLC disconnected: [WinError 10051] A socket operation was attempted to an unreachable network
2026-02-10 17:37:09,975 [ERROR] Polling thread error: PLC disconnected: [WinError 10051] A socket operation was attempted to an unreachable network
2026-02-10 17:37:11,080 [ERROR] Polling thread error: PLC disconnected: [WinError 10051] A socket operation was attempted to an unreachable network
2026-02-10 17:37:12,187 [ERROR] Polling thread error: PLC disconnected: [WinError 10051] A socket operation was attempted to an unreachable network
2026-02-10 17:37:13,292 [ERROR] Polling thread error: PLC disconnected: [WinError 10051] A socket operation was attempted to an unreachable network
2026-02-10 17:37:14,374 [ERROR] Polling thread error: PLC disconnected: [WinError 10051] A socket operation was attempted to an unreachable network
2026-02-10 17:37:15,486 [ERROR] Polling thread error: PLC disconnected: [WinError 10051] A socket operation was attempted to an unreachable network
2026-02-10 17:37:16,594 [ERROR] Polling thread error: PLC disconnected: [WinError 10051] A socket operation was attempted to an unreachable network
2026-02-10 17:37:17,685 [ERROR] Polling thread error: PLC disconnected: [WinError 10051] A socket operation was attempted to an unreachable network
2026-02-10 17:37:18,793 [ERROR] Polling thread error: PLC disconnected: [WinError 10051] A socket operation was attempted to an unreachable network
2026-02-10 17:37:19,886 [ERROR] Polling thread error: PLC disconnected: [WinError 10051] A socket operation was attempted to an unreachable network
2026-02-10 17:37:20,984 [ERROR] Polling thread error: PLC disconnected: [WinError 10051] A socket operation was attempted to an unreachable network
2026-02-10 17:37:22,080 [ERROR] Polling thread error: PLC disconnected: [WinError 10051] A socket operation was attempted to an unreachable network
2026-02-10 17:37:23,175 [ERROR] Polling thread error: PLC disconnected: [WinError 10051] A socket operation was attempted to an unreachable network
2026-02-10 17:37:24,269 [ERROR] Polling thread error: PLC disconnected: [WinError 10051] A socket operation was attempted to an unreachable network
2026-02-10 17:37:25,376 [ERROR] Polling thread error: PLC disconnected: [WinError 10051] A socket operation was attempted to an unreachable network
2026-02-10 17:37:26,486 [ERROR] Polling thread error: PLC disconnected: [WinError 10051] A socket operation was attempted to an unreachable network
2026-02-10 17:37:27,572 [ERROR] Polling thread error: PLC disconnected: [WinError 10051] A socket operation was attempted to an unreachable network
2026-02-10 17:37:28,674 [ERROR] Polling thread error: PLC disconnected: [WinError 10051] A socket operation was attempted to an unreachable network
2026-02-10 17:37:29,780 [ERROR] Polling thread error: PLC disconnected: [WinError 10051] A socket operation was attempted to an unreachable network
2026-02-10 17:37:30,875 [ERROR] Polling thread error: PLC disconnected: [WinError 10051] A socket operation was attempted to an unreachable network
2026-02-10 17:37:31,963 [ERROR] Polling thread error: PLC disconnected: [WinError 10051] A socket operation was attempted to an unreachable network
2026-02-10 17:37:33,052 [ERROR] Polling thread error: PLC disconnected: [WinError 10051] A socket operation was attempted to an unreachable network
2026-02-10 17:37:34,153 [ERROR] Polling thread error: PLC disconnected: [WinError 10051] A socket operation was attempted to an unreachable network
2026-02-10 17:37:35,241 [ERROR] Polling thread error: PLC disconnected: [WinError 10051] A socket operation was attempted to an unreachable network
2026-02-10 17:37:36,366 [ERROR] Polling thread error: PLC disconnected: [WinError 10051] A socket operation was attempted to an unreachable network
2026-02-10 17:37:37,452 [ERROR] Polling thread error: PLC disconnected: [WinError 10051] A socket operation was attempted to an unreachable network
2026-02-10 17:37:38,553 [ERROR] Polling thread error: PLC disconnected: [WinError 10051] A socket operation was attempted to an unreachable network
2026-02-10 17:37:39,658 [ERROR] Polling thread error: PLC disconnected: [WinError 10051] A socket operation was attempted to an unreachable network
2026-02-10 17:37:40,753 [ERROR] Polling thread error: PLC disconnected: [WinError 10051] A socket operation was attempted to an unreachable network
2026-02-10 17:37:41,841 [ERROR] Polling thread error: PLC disconnected: [WinError 10051] A socket operation was attempted to an unreachable network
2026-02-10 17:37:42,948 [ERROR] Polling thread error: PLC disconnected: [WinError 10051] A socket operation was attempted to an unreachable network
2026-02-10 17:37:44,043 [ERROR] Polling thread error: PLC disconnected: [WinError 10051] A socket operation was attempted to an unreachable network
2026-02-10 17:37:45,142 [ERROR] Polling thread error: PLC disconnected: [WinError 10051] A socket operation was attempted to an unreachable network
2026-02-10 17:37:46,236 [ERROR] Polling thread error: PLC disconnected: [WinError 10051] A socket operation was attempted to an unreachable network
2026-02-10 17:37:47,343 [ERROR] Polling thread error: PLC disconnected: [WinError 10051] A socket operation was attempted to an unreachable network
2026-02-10 17:37:48,455 [ERROR] Polling thread error: PLC disconnected: [WinError 10051] A socket operation was attempted to an unreachable network
2026-02-10 17:37:49,542 [ERROR] Polling thread error: PLC disconnected: [WinError 10051] A socket operation was attempted to an unreachable network
2026-02-10 17:37:50,635 [ERROR] Polling thread error: PLC disconnected: [WinError 10051] A socket operation was attempted to an unreachable network
2026-02-10 17:37:51,737 [ERROR] Polling thread error: PLC disconnected: [WinError 10051] A socket operation was attempted to an unreachable network
2026-02-10 17:37:52,824 [ERROR] Polling thread error: PLC disconnected: [WinError 10051] A socket operation was attempted to an unreachable network
2026-02-10 17:37:53,921 [ERROR] Polling thread error: PLC disconnected: [WinError 10051] A socket operation was attempted to an unreachable network
2026-02-10 17:37:55,021 [ERROR] Polling thread error: PLC disconnected: [WinError 10051] A socket operation was attempted to an unreachable network
2026-02-10 17:37:56,118 [ERROR] Polling thread error: PLC disconnected: [WinError 10051] A socket operation was attempted to an unreachable network
2026-02-10 17:37:57,222 [ERROR] Polling thread error: PLC disconnected: [WinError 10051] A socket operation was attempted to an unreachable network
2026-02-10 17:37:58,333 [ERROR] Polling thread error: PLC disconnected: [WinError 10051] A socket operation was attempted to an unreachable network
2026-02-10 17:37:59,440 [ERROR] Polling thread error: PLC disconnected: [WinError 10051] A socket operation was attempted to an unreachable network
2026-02-10 17:38:00,552 [ERROR] Polling thread error: PLC disconnected: [WinError 10051] A socket operation was attempted to an unreachable network
2026-02-10 17:38:01,656 [ERROR] Polling thread error: PLC disconnected: [WinError 10051] A socket operation was attempted to an unreachable network
2026-02-10 17:38:02,762 [ERROR] Polling thread error: PLC disconnected: [WinError 10051] A socket operation was attempted to an unreachable network
2026-02-10 17:38:03,862 [ERROR] Polling thread error: PLC disconnected: [WinError 10051] A socket operation was attempted to an unreachable network
2026-02-10 17:38:04,972 [ERROR] Polling thread error: PLC disconnected: [WinError 10051] A socket operation was attempted to an unreachable network
2026-02-10 17:38:06,057 [ERROR] Polling thread error: PLC disconnected: [WinError 10051] A socket operation was attempted to an unreachable network
2026-02-10 17:38:07,156 [ERROR] Polling thread error: PLC disconnected: [WinError 10051] A socket operation was attempted to an unreachable network
2026-02-10 17:38:08,263 [ERROR] Polling thread error: PLC disconnected: [WinError 10051] A socket operation was attempted to an unreachable network
2026-02-10 17:38:09,366 [ERROR] Polling thread error: PLC disconnected: [WinError 10051] A socket operation was attempted to an unreachable network
2026-02-10 17:38:10,475 [ERROR] Polling thread error: PLC disconnected: [WinError 10051] A socket operation was attempted to an unreachable network
2026-02-10 17:38:11,576 [ERROR] Polling thread error: PLC disconnected: [WinError 10051] A socket operation was attempted to an unreachable network
2026-02-10 17:38:12,668 [ERROR] Polling thread error: PLC disconnected: [WinError 10051] A socket operation was attempted to an unreachable network
2026-02-10 17:38:13,762 [ERROR] Polling thread error: PLC disconnected: [WinError 10051] A socket operation was attempted to an unreachable network
2026-02-10 17:38:14,859 [ERROR] Polling thread error: PLC disconnected: [WinError 10051] A socket operation was attempted to an unreachable network
2026-02-10 17:38:15,963 [ERROR] Polling thread error: PLC disconnected: [WinError 10051] A socket operation was attempted to an unreachable network
2026-02-10 17:38:17,068 [ERROR] Polling thread error: PLC disconnected: [WinError 10051] A socket operation was attempted to an unreachable network
2026-02-10 17:38:18,173 [ERROR] Polling thread error: PLC disconnected: [WinError 10051] A socket operation was attempted to an unreachable network
2026-02-10 17:38:19,273 [ERROR] Polling thread error: PLC disconnected: [WinError 10051] A socket operation was attempted to an unreachable network
2026-02-10 17:38:20,366 [ERROR] Polling thread error: PLC disconnected: [WinError 10051] A socket operation was attempted to an unreachable network
2026-02-10 17:38:21,461 [ERROR] Polling thread error: PLC disconnected: [WinError 10051] A socket operation was attempted to an unreachable network
2026-02-10 17:38:22,567 [ERROR] Polling thread error: PLC disconnected: [WinError 10051] A socket operation was attempted to an unreachable network
2026-02-10 17:38:23,675 [ERROR] Polling thread error: PLC disconnected: [WinError 10051] A socket operation was attempted to an unreachable network
2026-02-10 17:38:24,782 [ERROR] Polling thread error: PLC disconnected: [WinError 10051] A socket operation was attempted to an unreachable network
2026-02-10 17:38:25,887 [ERROR] Polling thread error: PLC disconnected: [WinError 10051] A socket operation was attempted to an unreachable network
2026-02-10 17:38:26,998 [ERROR] Polling thread error: PLC disconnected: [WinError 10051] A socket operation was attempted to an unreachable network
2026-02-10 17:38:28,099 [ERROR] Polling thread error: PLC disconnected: [WinError 10051] A socket operation was attempted to an unreachable network
2026-02-10 17:38:29,202 [ERROR] Polling thread error: PLC disconnected: [WinError 10051] A socket operation was attempted to an unreachable network
2026-02-10 17:38:30,303 [ERROR] Polling thread error: PLC disconnected: [WinError 10051] A socket operation was attempted to an unreachable network
2026-02-10 17:38:31,395 [ERROR] Polling thread error: PLC disconnected: [WinError 10051] A socket operation was attempted to an unreachable network
2026-02-10 17:38:32,501 [ERROR] Polling thread error: PLC disconnected: [WinError 10051] A socket operation was attempted to an unreachable network
2026-02-10 17:38:33,587 [ERROR] Polling thread error: PLC disconnected: [WinError 10051] A socket operation was attempted to an unreachable network
2026-02-10 17:38:34,701 [ERROR] Polling thread error: PLC disconnected: [WinError 10051] A socket operation was attempted to an unreachable network
2026-02-10 17:38:35,795 [ERROR] Polling thread error: PLC disconnected: [WinError 10051] A socket operation was attempted to an unreachable network
2026-02-10 17:38:36,885 [ERROR] Polling thread error: PLC disconnected: [WinError 10051] A socket operation was attempted to an unreachable network
2026-02-10 17:38:37,974 [ERROR] Polling thread error: PLC disconnected: [WinError 10051] A socket operation was attempted to an unreachable network
2026-02-10 17:38:39,081 [ERROR] Polling thread error: PLC disconnected: [WinError 10051] A socket operation was attempted to an unreachable network
2026-02-10 17:38:40,186 [ERROR] Polling thread error: PLC disconnected: [WinError 10051] A socket operation was attempted to an unreachable network
2026-02-10 17:38:41,296 [ERROR] Polling thread error: PLC disconnected: [WinError 10051] A socket operation was attempted to an unreachable network
2026-02-10 17:38:42,409 [ERROR] Polling thread error: PLC disconnected: [WinError 10051] A socket operation was attempted to an unreachable network
2026-02-10 17:38:43,500 [ERROR] Polling thread error: PLC disconnected: [WinError 10051] A socket operation was attempted to an unreachable network
2026-02-10 17:38:44,588 [ERROR] Polling thread error: PLC disconnected: [WinError 10051] A socket operation was attempted to an unreachable network
2026-02-10 17:38:45,694 [ERROR] Polling thread error: PLC disconnected: [WinError 10051] A socket operation was attempted to an unreachable network
2026-02-10 17:38:46,804 [ERROR] Polling thread error: PLC disconnected: [WinError 10051] A socket operation was attempted to an unreachable network
2026-02-10 17:38:47,910 [ERROR] Polling thread error: PLC disconnected: [WinError 10051] A socket operation was attempted to an unreachable network
2026-02-10 17:38:49,014 [ERROR] Polling thread error: PLC disconnected: [WinError 10051] A socket operation was attempted to an unreachable network
2026-02-10 17:38:50,106 [ERROR] Polling thread error: PLC disconnected: [WinError 10051] A socket operation was attempted to an unreachable network
2026-02-10 17:38:51,195 [ERROR] Polling thread error: PLC disconnected: [WinError 10051] A socket operation was attempted to an unreachable network
2026-02-10 17:38:52,287 [ERROR] Polling thread error: PLC disconnected: [WinError 10051] A socket operation was attempted to an unreachable network
2026-02-10 17:38:53,394 [ERROR] Polling thread error: PLC disconnected: [WinError 10051] A socket operation was attempted to an unreachable network
2026-02-10 17:38:54,498 [ERROR] Polling thread error: PLC disconnected: [WinError 10051] A socket operation was attempted to an unreachable network
2026-02-10 17:38:55,606 [ERROR] Polling thread error: PLC disconnected: [WinError 10051] A socket operation was attempted to an unreachable network
2026-02-10 17:38:56,713 [ERROR] Polling thread error: PLC disconnected: [WinError 10051] A socket operation was attempted to an unreachable network
2026-02-10 17:38:57,805 [ERROR] Polling thread error: PLC disconnected: [WinError 10051] A socket operation was attempted to an unreachable network
2026-02-10 17:38:58,900 [ERROR] Polling thread error: PLC disconnected: [WinError 10051] A socket operation was attempted to an unreachable network
2026-02-10 17:39:00,004 [ERROR] Polling thread error: PLC disconnected: [WinError 10051] A socket operation was attempted to an unreachable network
2026-02-10 17:39:01,113 [ERROR] Polling thread error: PLC disconnected: [WinError 10051] A socket operation was attempted to an unreachable network
2026-02-10 17:39:02,227 [ERROR] Polling thread error: PLC disconnected: [WinError 10051] A socket operation was attempted to an unreachable network
2026-02-10 17:39:03,334 [ERROR] Polling thread error: PLC disconnected: [WinError 10051] A socket operation was attempted to an unreachable network
2026-02-10 17:39:04,458 [ERROR] Polling thread error: PLC disconnected: [WinError 10051] A socket operation was attempted to an unreachable network
2026-02-10 17:39:05,549 [ERROR] Polling thread error: PLC disconnected: [WinError 10051] A socket operation was attempted to an unreachable network
2026-02-10 17:39:06,661 [ERROR] Polling thread error: PLC disconnected: [WinError 10051] A socket operation was attempted to an unreachable network
2026-02-10 17:39:07,756 [ERROR] Polling thread error: PLC disconnected: [WinError 10051] A socket operation was attempted to an unreachable network
2026-02-10 17:39:08,865 [ERROR] Polling thread error: PLC disconnected: [WinError 10051] A socket operation was attempted to an unreachable network
2026-02-10 17:39:09,955 [ERROR] Polling thread error: PLC disconnected: [WinError 10051] A socket operation was attempted to an unreachable network
2026-02-10 17:39:11,057 [ERROR] Polling thread error: PLC disconnected: [WinError 10051] A socket operation was attempted to an unreachable network
2026-02-10 17:39:12,162 [ERROR] Polling thread error: PLC disconnected: [WinError 10051] A socket operation was attempted to an unreachable network
2026-02-10 17:39:13,252 [ERROR] Polling thread error: PLC disconnected: [WinError 10051] A socket operation was attempted to an unreachable network
2026-02-10 17:39:14,345 [ERROR] Polling thread error: PLC disconnected: [WinError 10051] A socket operation was attempted to an unreachable network
2026-02-10 17:39:15,435 [ERROR] Polling thread error: PLC disconnected: [WinError 10051] A socket operation was attempted to an unreachable network
2026-02-10 17:39:16,519 [ERROR] Polling thread error: PLC disconnected: [WinError 10051] A socket operation was attempted to an unreachable network
2026-02-10 17:39:17,626 [ERROR] Polling thread error: PLC disconnected: [WinError 10051] A socket operation was attempted to an unreachable network
2026-02-10 17:39:18,734 [ERROR] Polling thread error: PLC disconnected: [WinError 10051] A socket operation was attempted to an unreachable network
2026-02-10 17:39:19,833 [ERROR] Polling thread error: PLC disconnected: [WinError 10051] A socket operation was attempted to an unreachable network
2026-02-10 17:39:20,938 [ERROR] Polling thread error: PLC disconnected: [WinError 10051] A socket operation was attempted to an unreachable network
2026-02-10 17:39:22,038 [ERROR] Polling thread error: PLC disconnected: [WinError 10051] A socket operation was attempted to an unreachable network
2026-02-10 17:39:23,135 [ERROR] Polling thread error: PLC disconnected: [WinError 10051] A socket operation was attempted to an unreachable network
2026-02-10 17:39:24,221 [ERROR] Polling thread error: PLC disconnected: [WinError 10051] A socket operation was attempted to an unreachable network
2026-02-10 17:39:25,329 [ERROR] Polling thread error: PLC disconnected: [WinError 10051] A socket operation was attempted to an unreachable network
2026-02-10 17:39:26,418 [ERROR] Polling thread error: PLC disconnected: [WinError 10051] A socket operation was attempted to an unreachable network
2026-02-10 17:39:27,508 [ERROR] Polling thread error: PLC disconnected: [WinError 10051] A socket operation was attempted to an unreachable network
2026-02-10 17:39:28,605 [ERROR] Polling thread error: PLC disconnected: [WinError 10051] A socket operation was attempted to an unreachable network
2026-02-10 17:39:29,700 [ERROR] Polling thread error: PLC disconnected: [WinError 10051] A socket operation was attempted to an unreachable network
2026-02-10 17:39:30,795 [ERROR] Polling thread error: PLC disconnected: [WinError 10051] A socket operation was attempted to an unreachable network
2026-02-10 17:39:31,884 [ERROR] Polling thread error: PLC disconnected: [WinError 10051] A socket operation was attempted to an unreachable network
2026-02-10 17:39:51,963 [ERROR] Polling thread error: PLC disconnected: [WinError 10051] A socket operation was attempted to an unreachable network
2026-02-10 17:39:53,046 [ERROR] Polling thread error: PLC disconnected: [WinError 10051] A socket operation was attempted to an unreachable network
2026-02-10 17:39:54,136 [ERROR] Polling thread error: PLC disconnected: [WinError 10051] A socket operation was attempted to an unreachable network
2026-02-10 17:39:55,218 [ERROR] Polling thread error: PLC disconnected: [WinError 10051] A socket operation was attempted to an unreachable network
2026-02-10 17:39:56,309 [ERROR] Polling thread error: PLC disconnected: [WinError 10051] A socket operation was attempted to an unreachable network
2026-02-10 17:39:57,401 [ERROR] Polling thread error: PLC disconnected: [WinError 10051] A socket operation was attempted to an unreachable network
2026-02-10 17:39:58,486 [ERROR] Polling thread error: PLC disconnected: [WinError 10051] A socket operation was attempted to an unreachable network
2026-02-10 17:39:59,574 [ERROR] Polling thread error: PLC disconnected: [WinError 10051] A socket operation was attempted to an unreachable network
2026-02-10 17:40:00,671 [ERROR] Polling thread error: PLC disconnected: [WinError 10051] A socket operation was attempted to an unreachable network
2026-02-10 17:40:01,761 [ERROR] Polling thread error: PLC disconnected: [WinError 10051] A socket operation was attempted to an unreachable network
2026-02-10 17:40:02,846 [ERROR] Polling thread error: PLC disconnected: [WinError 10051] A socket operation was attempted to an unreachable network
2026-02-10 17:40:03,950 [ERROR] Polling thread error: PLC disconnected: [WinError 10051] A socket operation was attempted to an unreachable network
2026-02-10 17:40:05,050 [ERROR] Polling thread error: PLC disconnected: [WinError 10051] A socket operation was attempted to an unreachable network
2026-02-10 17:40:06,155 [ERROR] Polling thread error: PLC disconnected: [WinError 10051] A socket operation was attempted to an unreachable network
2026-02-10 17:40:07,260 [ERROR] Polling thread error: PLC disconnected: [WinError 10051] A socket operation was attempted to an unreachable network
2026-02-10 17:40:08,368 [ERROR] Polling thread error: PLC disconnected: [WinError 10051] A socket operation was attempted to an unreachable network
2026-02-10 17:40:09,467 [ERROR] Polling thread error: PLC disconnected: [WinError 10051] A socket operation was attempted to an unreachable network
2026-02-10 17:40:10,556 [ERROR] Polling thread error: PLC disconnected: [WinError 10051] A socket operation was attempted to an unreachable network
2026-02-10 17:40:11,668 [ERROR] Polling thread error: PLC disconnected: [WinError 10051] A socket operation was attempted to an unreachable network
2026-02-10 17:40:12,766 [ERROR] Polling thread error: PLC disconnected: [WinError 10051] A socket operation was attempted to an unreachable network
2026-02-10 17:40:13,857 [ERROR] Polling thread error: PLC disconnected: [WinError 10051] A socket operation was attempted to an unreachable network
2026-02-10 17:40:14,955 [ERROR] Polling thread error: PLC disconnected: [WinError 10051] A socket operation was attempted to an unreachable network
2026-02-10 17:40:16,057 [ERROR] Polling thread error: PLC disconnected: [WinError 10051] A socket operation was attempted to an unreachable network
2026-02-10 17:40:17,158 [ERROR] Polling thread error: PLC disconnected: [WinError 10051] A socket operation was attempted to an unreachable network
2026-02-10 17:40:18,256 [ERROR] Polling thread error: PLC disconnected: [WinError 10051] A socket operation was attempted to an unreachable network
2026-02-10 17:40:19,362 [ERROR] Polling thread error: PLC disconnected: [WinError 10051] A socket operation was attempted to an unreachable network
2026-02-10 17:40:20,460 [ERROR] Polling thread error: PLC disconnected: [WinError 10051] A socket operation was attempted to an unreachable network
2026-02-10 17:40:21,559 [ERROR] Polling thread error: PLC disconnected: [WinError 10051] A socket operation was attempted to an unreachable network
2026-02-10 17:40:22,657 [ERROR] Polling thread error: PLC disconnected: [WinError 10051] A socket operation was attempted to an unreachable network
2026-02-10 17:40:23,762 [ERROR] Polling thread error: PLC disconnected: [WinError 10051] A socket operation was attempted to an unreachable network
2026-02-10 17:40:24,863 [ERROR] Polling thread error: PLC disconnected: [WinError 10051] A socket operation was attempted to an unreachable network
2026-02-10 17:40:25,950 [ERROR] Polling thread error: PLC disconnected: [WinError 10051] A socket operation was attempted to an unreachable network
2026-02-10 17:40:27,058 [ERROR] Polling thread error: PLC disconnected: [WinError 10051] A socket operation was attempted to an unreachable network
2026-02-10 17:40:28,144 [ERROR] Polling thread error: PLC disconnected: [WinError 10051] A socket operation was attempted to an unreachable network
2026-02-10 17:40:29,258 [ERROR] Polling thread error: PLC disconnected: [WinError 10051] A socket operation was attempted to an unreachable network
2026-02-10 17:40:30,366 [ERROR] Polling thread error: PLC disconnected: [WinError 10051] A socket operation was attempted to an unreachable network
2026-02-10 17:40:31,466 [ERROR] Polling thread error: PLC disconnected: [WinError 10051] A socket operation was attempted to an unreachable network
2026-02-10 17:40:32,573 [ERROR] Polling thread error: PLC disconnected: [WinError 10051] A socket operation was attempted to an unreachable network
2026-02-10 17:40:33,674 [ERROR] Polling thread error: PLC disconnected: [WinError 10051] A socket operation was attempted to an unreachable network
2026-02-10 17:40:34,777 [ERROR] Polling thread error: PLC disconnected: [WinError 10051] A socket operation was attempted to an unreachable network
2026-02-10 17:40:35,884 [ERROR] Polling thread error: PLC disconnected: [WinError 10051] A socket operation was attempted to an unreachable network
2026-02-10 17:40:36,975 [ERROR] Polling thread error: PLC disconnected: [WinError 10051] A socket operation was attempted to an unreachable network
2026-02-10 17:40:38,077 [ERROR] Polling thread error: PLC disconnected: [WinError 10051] A socket operation was attempted to an unreachable network
2026-02-10 17:40:39,183 [ERROR] Polling thread error: PLC disconnected: [WinError 10051] A socket operation was attempted to an unreachable network
2026-02-10 17:40:40,283 [ERROR] Polling thread error: PLC disconnected: [WinError 10051] A socket operation was attempted to an unreachable network
2026-02-10 17:40:41,375 [ERROR] Polling thread error: PLC disconnected: [WinError 10051] A socket operation was attempted to an unreachable network
2026-02-10 17:40:42,476 [ERROR] Polling thread error: PLC disconnected: [WinError 10051] A socket operation was attempted to an unreachable network
2026-02-10 17:40:43,558 [ERROR] Polling thread error: PLC disconnected: [WinError 10051] A socket operation was attempted to an unreachable network
2026-02-10 17:40:44,644 [ERROR] Polling thread error: PLC disconnected: [WinError 10051] A socket operation was attempted to an unreachable network
2026-02-10 17:40:45,740 [ERROR] Polling thread error: PLC disconnected: [WinError 10051] A socket operation was attempted to an unreachable network
2026-02-10 17:40:46,844 [ERROR] Polling thread error: PLC disconnected: [WinError 10051] A socket operation was attempted to an unreachable network
2026-02-10 17:40:47,926 [ERROR] Polling thread error: PLC disconnected: [WinError 10051] A socket operation was attempted to an unreachable network
2026-02-10 17:40:49,006 [ERROR] Polling thread error: PLC disconnected: [WinError 10051] A socket operation was attempted to an unreachable network
2026-02-10 17:40:50,105 [ERROR] Polling thread error: PLC disconnected: [WinError 10051] A socket operation was attempted to an unreachable network
2026-02-10 17:40:51,208 [ERROR] Polling thread error: PLC disconnected: [WinError 10051] A socket operation was attempted to an unreachable network
2026-02-10 17:40:52,308 [ERROR] Polling thread error: PLC disconnected: [WinError 10051] A socket operation was attempted to an unreachable network
2026-02-10 17:40:53,407 [ERROR] Polling thread error: PLC disconnected: [WinError 10051] A socket operation was attempted to an unreachable network
2026-02-10 17:40:54,502 [ERROR] Polling thread error: PLC disconnected: [WinError 10051] A socket operation was attempted to an unreachable network
2026-02-10 17:40:55,590 [ERROR] Polling thread error: PLC disconnected: [WinError 10051] A socket operation was attempted to an unreachable network
2026-02-10 17:40:56,673 [ERROR] Polling thread error: PLC disconnected: [WinError 10051] A socket operation was attempted to an unreachable network
2026-02-10 17:40:57,777 [ERROR] Polling thread error: PLC disconnected: [WinError 10051] A socket operation was attempted to an unreachable network
2026-02-10 17:40:58,884 [ERROR] Polling thread error: PLC disconnected: [WinError 10051] A socket operation was attempted to an unreachable network
2026-02-10 17:40:59,996 [ERROR] Polling thread error: PLC disconnected: [WinError 10051] A socket operation was attempted to an unreachable network
2026-02-10 17:41:01,097 [ERROR] Polling thread error: PLC disconnected: [WinError 10051] A socket operation was attempted to an unreachable network
2026-02-10 17:41:02,186 [ERROR] Polling thread error: PLC disconnected: [WinError 10051] A socket operation was attempted to an unreachable network
2026-02-10 17:41:03,284 [ERROR] Polling thread error: PLC disconnected: [WinError 10051] A socket operation was attempted to an unreachable network
2026-02-10 17:41:04,373 [ERROR] Polling thread error: PLC disconnected: [WinError 10051] A socket operation was attempted to an unreachable network
2026-02-10 17:41:05,475 [ERROR] Polling thread error: PLC disconnected: [WinError 10051] A socket operation was attempted to an unreachable network
2026-02-10 17:41:06,579 [ERROR] Polling thread error: PLC disconnected: [WinError 10051] A socket operation was attempted to an unreachable network
2026-02-10 17:41:07,676 [ERROR] Polling thread error: PLC disconnected: [WinError 10051] A socket operation was attempted to an unreachable network
2026-02-10 17:41:08,787 [ERROR] Polling thread error: PLC disconnected: [WinError 10051] A socket operation was attempted to an unreachable network
2026-02-10 17:41:09,887 [ERROR] Polling thread error: PLC disconnected: [WinError 10051] A socket operation was attempted to an unreachable network
2026-02-10 17:41:10,993 [ERROR] Polling thread error: PLC disconnected: [WinError 10051] A socket operation was attempted to an unreachable network
2026-02-10 17:41:12,100 [ERROR] Polling thread error: PLC disconnected: [WinError 10051] A socket operation was attempted to an unreachable network
2026-02-10 17:41:13,195 [ERROR] Polling thread error: PLC disconnected: [WinError 10051] A socket operation was attempted to an unreachable network
2026-02-10 17:41:14,292 [ERROR] Polling thread error: PLC disconnected: [WinError 10051] A socket operation was attempted to an unreachable network
2026-02-10 17:41:15,396 [ERROR] Polling thread error: PLC disconnected: [WinError 10051] A socket operation was attempted to an unreachable network
2026-02-10 17:41:16,490 [ERROR] Polling thread error: PLC disconnected: [WinError 10051] A socket operation was attempted to an unreachable network
2026-02-10 17:41:17,592 [ERROR] Polling thread error: PLC disconnected: [WinError 10051] A socket operation was attempted to an unreachable network
2026-02-10 17:41:18,694 [ERROR] Polling thread error: PLC disconnected: [WinError 10051] A socket operation was attempted to an unreachable network
2026-02-10 17:41:19,787 [ERROR] Polling thread error: PLC disconnected: [WinError 10051] A socket operation was attempted to an unreachable network
2026-02-10 17:41:20,871 [ERROR] Polling thread error: PLC disconnected: [WinError 10051] A socket operation was attempted to an unreachable network
2026-02-10 17:41:21,974 [ERROR] Polling thread error: PLC disconnected: [WinError 10051] A socket operation was attempted to an unreachable network
2026-02-10 17:41:23,063 [ERROR] Polling thread error: PLC disconnected: [WinError 10051] A socket operation was attempted to an unreachable network
2026-02-10 17:41:24,147 [ERROR] Polling thread error: PLC disconnected: [WinError 10051] A socket operation was attempted to an unreachable network
2026-02-10 17:41:25,248 [ERROR] Polling thread error: PLC disconnected: [WinError 10051] A socket operation was attempted to an unreachable network
2026-02-10 17:41:26,354 [ERROR] Polling thread error: PLC disconnected: [WinError 10051] A socket operation was attempted to an unreachable network
2026-02-10 17:41:27,444 [ERROR] Polling thread error: PLC disconnected: [WinError 10051] A socket operation was attempted to an unreachable network
2026-02-10 17:41:28,548 [ERROR] Polling thread error: PLC disconnected: [WinError 10051] A socket operation was attempted to an unreachable network
2026-02-10 17:41:29,641 [ERROR] Polling thread error: PLC disconnected: [WinError 10051] A socket operation was attempted to an unreachable network
2026-02-10 17:41:30,748 [ERROR] Polling thread error: PLC disconnected: [WinError 10051] A socket operation was attempted to an unreachable network
2026-02-10 17:41:31,833 [ERROR] Polling thread error: PLC disconnected: [WinError 10051] A socket operation was attempted to an unreachable network
2026-02-10 17:41:32,935 [ERROR] Polling thread error: PLC disconnected: [WinError 10051] A socket operation was attempted to an unreachable network
2026-02-10 17:41:34,030 [ERROR] Polling thread error: PLC disconnected: [WinError 10051] A socket operation was attempted to an unreachable network
2026-02-10 17:41:35,133 [ERROR] Polling thread error: PLC disconnected: [WinError 10051] A socket operation was attempted to an unreachable network
2026-02-10 17:41:36,231 [ERROR] Polling thread error: PLC disconnected: [WinError 10051] A socket operation was attempted to an unreachable network
2026-02-10 17:41:37,335 [ERROR] Polling thread error: PLC disconnected: [WinError 10051] A socket operation was attempted to an unreachable network
2026-02-10 17:41:38,425 [ERROR] Polling thread error: PLC disconnected: [WinError 10051] A socket operation was attempted to an unreachable network
2026-02-10 17:41:39,509 [ERROR] Polling thread error: PLC disconnected: [WinError 10051] A socket operation was attempted to an unreachable network
2026-02-10 17:41:40,607 [ERROR] Polling thread error: PLC disconnected: [WinError 10051] A socket operation was attempted to an unreachable network
2026-02-10 17:41:41,715 [ERROR] Polling thread error: PLC disconnected: [WinError 10051] A socket operation was attempted to an unreachable network
2026-02-10 17:41:42,821 [ERROR] Polling thread error: PLC disconnected: [WinError 10051] A socket operation was attempted to an unreachable network
2026-02-10 17:41:43,907 [ERROR] Polling thread error: PLC disconnected: [WinError 10051] A socket operation was attempted to an unreachable network
2026-02-10 17:41:44,992 [ERROR] Polling thread error: PLC disconnected: [WinError 10051] A socket operation was attempted to an unreachable network
2026-02-10 17:41:46,078 [ERROR] Polling thread error: PLC disconnected: [WinError 10051] A socket operation was attempted to an unreachable network
2026-02-10 17:41:47,166 [ERROR] Polling thread error: PLC disconnected: [WinError 10051] A socket operation was attempted to an unreachable network
2026-02-10 17:41:48,263 [ERROR] Polling thread error: PLC disconnected: [WinError 10051] A socket operation was attempted to an unreachable network
2026-02-10 17:41:49,373 [ERROR] Polling thread error: PLC disconnected: [WinError 10051] A socket operation was attempted to an unreachable network
2026-02-10 17:41:50,489 [ERROR] Polling thread error: PLC disconnected: [WinError 10051] A socket operation was attempted to an unreachable network
2026-02-10 17:41:51,592 [ERROR] Polling thread error: PLC disconnected: [WinError 10051] A socket operation was attempted to an unreachable network
2026-02-10 17:41:52,695 [ERROR] Polling thread error: PLC disconnected: [WinError 10051] A socket operation was attempted to an unreachable network
2026-02-10 17:41:53,789 [ERROR] Polling thread error: PLC disconnected: [WinError 10051] A socket operation was attempted to an unreachable network
2026-02-10 17:41:54,883 [ERROR] Polling thread error: PLC disconnected: [WinError 10051] A socket operation was attempted to an unreachable network
2026-02-10 17:41:55,982 [ERROR] Polling thread error: PLC disconnected: [WinError 10051] A socket operation was attempted to an unreachable network
2026-02-10 17:41:57,083 [ERROR] Polling thread error: PLC disconnected: [WinError 10051] A socket operation was attempted to an unreachable network
2026-02-10 17:41:58,185 [ERROR] Polling thread error: PLC disconnected: [WinError 10051] A socket operation was attempted to an unreachable network
2026-02-10 17:41:59,288 [ERROR] Polling thread error: PLC disconnected: [WinError 10051] A socket operation was attempted to an unreachable network
2026-02-10 17:42:00,391 [ERROR] Polling thread error: PLC disconnected: [WinError 10051] A socket operation was attempted to an unreachable network
2026-02-10 17:42:01,500 [ERROR] Polling thread error: PLC disconnected: [WinError 10051] A socket operation was attempted to an unreachable network
2026-02-10 17:42:02,590 [ERROR] Polling thread error: PLC disconnected: [WinError 10051] A socket operation was attempted to an unreachable network
2026-02-10 17:42:03,697 [ERROR] Polling thread error: PLC disconnected: [WinError 10051] A socket operation was attempted to an unreachable network
2026-02-10 17:42:04,799 [ERROR] Polling thread error: PLC disconnected: [WinError 10051] A socket operation was attempted to an unreachable network
2026-02-10 17:42:05,905 [ERROR] Polling thread error: PLC disconnected: [WinError 10051] A socket operation was attempted to an unreachable network
2026-02-10 17:42:07,018 [ERROR] Polling thread error: PLC disconnected: [WinError 10051] A socket operation was attempted to an unreachable network
2026-02-10 17:42:08,116 [ERROR] Polling thread error: PLC disconnected: [WinError 10051] A socket operation was attempted to an unreachable network
2026-02-10 17:42:09,206 [ERROR] Polling thread error: PLC disconnected: [WinError 10051] A socket operation was attempted to an unreachable network
2026-02-10 17:42:10,313 [ERROR] Polling thread error: PLC disconnected: [WinError 10051] A socket operation was attempted to an unreachable network
2026-02-10 17:42:11,422 [ERROR] Polling thread error: PLC disconnected: [WinError 10051] A socket operation was attempted to an unreachable network
2026-02-10 17:42:12,507 [ERROR] Polling thread error: PLC disconnected: [WinError 10051] A socket operation was attempted to an unreachable network
2026-02-10 17:42:13,595 [ERROR] Polling thread error: PLC disconnected: [WinError 10051] A socket operation was attempted to an unreachable network
2026-02-10 17:42:14,700 [ERROR] Polling thread error: PLC disconnected: [WinError 10051] A socket operation was attempted to an unreachable network
2026-02-10 17:42:15,800 [ERROR] Polling thread error: PLC disconnected: [WinError 10051] A socket operation was attempted to an unreachable network
2026-02-10 17:42:16,898 [ERROR] Polling thread error: PLC disconnected: [WinError 10051] A socket operation was attempted to an unreachable network
2026-02-10 17:42:18,000 [ERROR] Polling thread error: PLC disconnected: [WinError 10051] A socket operation was attempted to an unreachable network
2026-02-10 17:42:19,099 [ERROR] Polling thread error: PLC disconnected: [WinError 10051] A socket operation was attempted to an unreachable network
2026-02-10 17:42:20,200 [ERROR] Polling thread error: PLC disconnected: [WinError 10051] A socket operation was attempted to an unreachable network
2026-02-10 17:42:21,301 [ERROR] Polling thread error: PLC disconnected: [WinError 10051] A socket operation was attempted to an unreachable network
2026-02-10 17:42:22,406 [ERROR] Polling thread error: PLC disconnected: [WinError 10051] A socket operation was attempted to an unreachable network
2026-02-10 17:42:23,497 [ERROR] Polling thread error: PLC disconnected: [WinError 10051] A socket operation was attempted to an unreachable network
2026-02-10 17:42:24,581 [ERROR] Polling thread error: PLC disconnected: [WinError 10051] A socket operation was attempted to an unreachable network
2026-02-10 17:42:25,681 [ERROR] Polling thread error: PLC disconnected: [WinError 10051] A socket operation was attempted to an unreachable network
2026-02-10 17:42:26,774 [ERROR] Polling thread error: PLC disconnected: [WinError 10051] A socket operation was attempted to an unreachable network
2026-02-10 17:42:27,866 [ERROR] Polling thread error: PLC disconnected: [WinError 10051] A socket operation was attempted to an unreachable network
2026-02-10 17:42:28,971 [ERROR] Polling thread error: PLC disconnected: [WinError 10051] A socket operation was attempted to an unreachable network
2026-02-10 17:42:30,075 [ERROR] Polling thread error: PLC disconnected: [WinError 10051] A socket operation was attempted to an unreachable network
2026-02-10 17:42:31,175 [ERROR] Polling thread error: PLC disconnected: [WinError 10051] A socket operation was attempted to an unreachable network
2026-02-10 17:42:32,285 [ERROR] Polling thread error: PLC disconnected: [WinError 10051] A socket operation was attempted to an unreachable network
2026-02-10 17:42:33,376 [ERROR] Polling thread error: PLC disconnected: [WinError 10051] A socket operation was attempted to an unreachable network
2026-02-10 17:42:34,494 [ERROR] Polling thread error: PLC disconnected: [WinError 10051] A socket operation was attempted to an unreachable network
2026-02-10 17:42:35,596 [ERROR] Polling thread error: PLC disconnected: [WinError 10051] A socket operation was attempted to an unreachable network
2026-02-10 17:42:36,695 [ERROR] Polling thread error: PLC disconnected: [WinError 10051] A socket operation was attempted to an unreachable network
2026-02-10 17:42:37,798 [ERROR] Polling thread error: PLC disconnected: [WinError 10051] A socket operation was attempted to an unreachable network
2026-02-10 17:42:38,889 [ERROR] Polling thread error: PLC disconnected: [WinError 10051] A socket operation was attempted to an unreachable network
2026-02-10 17:42:39,977 [ERROR] Polling thread error: PLC disconnected: [WinError 10051] A socket operation was attempted to an unreachable network
2026-02-10 17:42:41,097 [ERROR] Polling thread error: PLC disconnected: [WinError 10051] A socket operation was attempted to an unreachable network
2026-02-10 17:42:42,204 [ERROR] Polling thread error: PLC disconnected: [WinError 10051] A socket operation was attempted to an unreachable network
2026-02-10 17:42:43,294 [ERROR] Polling thread error: PLC disconnected: [WinError 10051] A socket operation was attempted to an unreachable network
2026-02-10 17:42:44,396 [ERROR] Polling thread error: PLC disconnected: [WinError 10051] A socket operation was attempted to an unreachable network
2026-02-10 17:42:45,504 [ERROR] Polling thread error: PLC disconnected: [WinError 10051] A socket operation was attempted to an unreachable network
2026-02-10 17:42:46,607 [ERROR] Polling thread error: PLC disconnected: [WinError 10051] A socket operation was attempted to an unreachable network
2026-02-10 17:42:47,700 [ERROR] Polling thread error: PLC disconnected: [WinError 10051] A socket operation was attempted to an unreachable network
2026-02-10 17:42:48,804 [ERROR] Polling thread error: PLC disconnected: [WinError 10051] A socket operation was attempted to an unreachable network
2026-02-10 17:42:49,895 [ERROR] Polling thread error: PLC disconnected: [WinError 10051] A socket operation was attempted to an unreachable network
2026-02-10 17:42:51,000 [ERROR] Polling thread error: PLC disconnected: [WinError 10051] A socket operation was attempted to an unreachable network
2026-02-10 17:42:52,105 [ERROR] Polling thread error: PLC disconnected: [WinError 10051] A socket operation was attempted to an unreachable network
2026-02-10 17:42:53,213 [ERROR] Polling thread error: PLC disconnected: [WinError 10051] A socket operation was attempted to an unreachable network
2026-02-10 17:42:54,317 [ERROR] Polling thread error: PLC disconnected: [WinError 10051] A socket operation was attempted to an unreachable network
2026-02-10 17:42:55,421 [ERROR] Polling thread error: PLC disconnected: [WinError 10051] A socket operation was attempted to an unreachable network
2026-02-10 17:42:56,506 [ERROR] Polling thread error: PLC disconnected: [WinError 10051] A socket operation was attempted to an unreachable network
2026-02-10 17:42:57,609 [ERROR] Polling thread error: PLC disconnected: [WinError 10051] A socket operation was attempted to an unreachable network
2026-02-10 17:42:58,715 [ERROR] Polling thread error: PLC disconnected: [WinError 10051] A socket operation was attempted to an unreachable network
2026-02-10 17:42:59,822 [ERROR] Polling thread error: PLC disconnected: [WinError 10051] A socket operation was attempted to an unreachable network
2026-02-10 17:43:00,927 [ERROR] Polling thread error: PLC disconnected: [WinError 10051] A socket operation was attempted to an unreachable network
2026-02-10 17:43:02,016 [ERROR] Polling thread error: PLC disconnected: [WinError 10051] A socket operation was attempted to an unreachable network
2026-02-10 17:43:03,114 [ERROR] Polling thread error: PLC disconnected: [WinError 10051] A socket operation was attempted to an unreachable network
2026-02-10 17:43:04,222 [ERROR] Polling thread error: PLC disconnected: [WinError 10051] A socket operation was attempted to an unreachable network
2026-02-10 17:43:05,325 [ERROR] Polling thread error: PLC disconnected: [WinError 10051] A socket operation was attempted to an unreachable network
2026-02-10 17:43:06,419 [ERROR] Polling thread error: PLC disconnected: [WinError 10051] A socket operation was attempted to an unreachable network
2026-02-10 17:43:07,517 [ERROR] Polling thread error: PLC disconnected: [WinError 10051] A socket operation was attempted to an unreachable network
2026-02-10 17:43:08,618 [ERROR] Polling thread error: PLC disconnected: [WinError 10051] A socket operation was attempted to an unreachable network
2026-02-10 17:43:09,712 [ERROR] Polling thread error: PLC disconnected: [WinError 10051] A socket operation was attempted to an unreachable network
2026-02-10 17:43:10,804 [ERROR] Polling thread error: PLC disconnected: [WinError 10051] A socket operation was attempted to an unreachable network
2026-02-10 17:43:11,886 [ERROR] Polling thread error: PLC disconnected: [WinError 10051] A socket operation was attempted to an unreachable network
2026-02-10 17:43:12,990 [ERROR] Polling thread error: PLC disconnected: [WinError 10051] A socket operation was attempted to an unreachable network
2026-02-10 17:43:14,096 [ERROR] Polling thread error: PLC disconnected: [WinError 10051] A socket operation was attempted to an unreachable network
2026-02-10 17:43:15,198 [ERROR] Polling thread error: PLC disconnected: [WinError 10051] A socket operation was attempted to an unreachable network
2026-02-10 17:43:16,306 [ERROR] Polling thread error: PLC disconnected: [WinError 10051] A socket operation was attempted to an unreachable network
2026-02-10 17:43:17,410 [ERROR] Polling thread error: PLC disconnected: [WinError 10051] A socket operation was attempted to an unreachable network
2026-02-10 17:43:18,508 [ERROR] Polling thread error: PLC disconnected: [WinError 10051] A socket operation was attempted to an unreachable network
2026-02-10 17:43:19,601 [ERROR] Polling thread error: PLC disconnected: [WinError 10051] A socket operation was attempted to an unreachable network
2026-02-10 17:43:20,690 [ERROR] Polling thread error: PLC disconnected: [WinError 10051] A socket operation was attempted to an unreachable network
2026-02-10 17:43:21,795 [ERROR] Polling thread error: PLC disconnected: [WinError 10051] A socket operation was attempted to an unreachable network
2026-02-10 17:43:22,888 [ERROR] Polling thread error: PLC disconnected: [WinError 10051] A socket operation was attempted to an unreachable network
2026-02-10 17:43:23,976 [ERROR] Polling thread error: PLC disconnected: [WinError 10051] A socket operation was attempted to an unreachable network
2026-02-10 17:43:25,079 [ERROR] Polling thread error: PLC disconnected: [WinError 10051] A socket operation was attempted to an unreachable network
2026-02-10 17:43:26,172 [ERROR] Polling thread error: PLC disconnected: [WinError 10051] A socket operation was attempted to an unreachable network
2026-02-10 17:43:27,266 [ERROR] Polling thread error: PLC disconnected: [WinError 10051] A socket operation was attempted to an unreachable network
2026-02-10 17:43:28,382 [ERROR] Polling thread error: PLC disconnected: [WinError 10051] A socket operation was attempted to an unreachable network
2026-02-10 17:43:29,491 [ERROR] Polling thread error: PLC disconnected: [WinError 10051] A socket operation was attempted to an unreachable network
2026-02-10 17:43:30,579 [ERROR] Polling thread error: PLC disconnected: [WinError 10051] A socket operation was attempted to an unreachable network
2026-02-10 17:43:31,710 [ERROR] Polling thread error: PLC disconnected: [WinError 10051] A socket operation was attempted to an unreachable network
2026-02-10 17:43:32,800 [ERROR] Polling thread error: PLC disconnected: [WinError 10051] A socket operation was attempted to an unreachable network
2026-02-10 17:43:33,917 [ERROR] Polling thread error: PLC disconnected: [WinError 10051] A socket operation was attempted to an unreachable network
2026-02-10 17:43:35,004 [ERROR] Polling thread error: PLC disconnected: [WinError 10051] A socket operation was attempted to an unreachable network
2026-02-10 17:43:36,122 [ERROR] Polling thread error: PLC disconnected: [WinError 10051] A socket operation was attempted to an unreachable network
2026-02-10 17:43:37,224 [ERROR] Polling thread error: PLC disconnected: [WinError 10051] A socket operation was attempted to an unreachable network
2026-02-10 17:43:38,323 [ERROR] Polling thread error: PLC disconnected: [WinError 10051] A socket operation was attempted to an unreachable network
2026-02-10 17:43:39,407 [ERROR] Polling thread error: PLC disconnected: [WinError 10051] A socket operation was attempted to an unreachable network
2026-02-10 17:43:40,494 [ERROR] Polling thread error: PLC disconnected: [WinError 10051] A socket operation was attempted to an unreachable network
2026-02-10 17:43:41,584 [ERROR] Polling thread error: PLC disconnected: [WinError 10051] A socket operation was attempted to an unreachable network
2026-02-10 17:43:42,688 [ERROR] Polling thread error: PLC disconnected: [WinError 10051] A socket operation was attempted to an unreachable network
2026-02-10 17:43:43,776 [ERROR] Polling thread error: PLC disconnected: [WinError 10051] A socket operation was attempted to an unreachable network
2026-02-10 17:43:44,867 [ERROR] Polling thread error: PLC disconnected: [WinError 10051] A socket operation was attempted to an unreachable network
2026-02-10 17:43:45,971 [ERROR] Polling thread error: PLC disconnected: [WinError 10051] A socket operation was attempted to an unreachable network
2026-02-10 17:43:47,057 [ERROR] Polling thread error: PLC disconnected: [WinError 10051] A socket operation was attempted to an unreachable network
2026-02-10 17:43:48,146 [ERROR] Polling thread error: PLC disconnected: [WinError 10051] A socket operation was attempted to an unreachable network
2026-02-10 17:43:49,237 [ERROR] Polling thread error: PLC disconnected: [WinError 10051] A socket operation was attempted to an unreachable network
2026-02-10 17:43:50,338 [ERROR] Polling thread error: PLC disconnected: [WinError 10051] A socket operation was attempted to an unreachable network
2026-02-10 17:43:51,421 [ERROR] Polling thread error: PLC disconnected: [WinError 10051] A socket operation was attempted to an unreachable network
2026-02-10 17:43:52,511 [ERROR] Polling thread error: PLC disconnected: [WinError 10051] A socket operation was attempted to an unreachable network
2026-02-10 17:43:53,598 [ERROR] Polling thread error: PLC disconnected: [WinError 10051] A socket operation was attempted to an unreachable network
2026-02-10 17:43:54,687 [ERROR] Polling thread error: PLC disconnected: [WinError 10051] A socket operation was attempted to an unreachable network
2026-02-10 17:43:55,787 [ERROR] Polling thread error: PLC disconnected: [WinError 10051] A socket operation was attempted to an unreachable network
2026-02-10 17:43:56,885 [ERROR] Polling thread error: PLC disconnected: [WinError 10051] A socket operation was attempted to an unreachable network
2026-02-10 17:43:57,991 [ERROR] Polling thread error: PLC disconnected: [WinError 10051] A socket operation was attempted to an unreachable network
2026-02-10 17:43:59,094 [ERROR] Polling thread error: PLC disconnected: [WinError 10051] A socket operation was attempted to an unreachable network
2026-02-10 17:44:00,178 [ERROR] Polling thread error: PLC disconnected: [WinError 10051] A socket operation was attempted to an unreachable network
2026-02-10 17:44:01,282 [ERROR] Polling thread error: PLC disconnected: [WinError 10051] A socket operation was attempted to an unreachable network
2026-02-10 17:44:02,368 [ERROR] Polling thread error: PLC disconnected: [WinError 10051] A socket operation was attempted to an unreachable network
2026-02-10 17:44:03,475 [ERROR] Polling thread error: PLC disconnected: [WinError 10051] A socket operation was attempted to an unreachable network
2026-02-10 17:44:04,583 [ERROR] Polling thread error: PLC disconnected: [WinError 10051] A socket operation was attempted to an unreachable network
2026-02-10 17:44:05,665 [ERROR] Polling thread error: PLC disconnected: [WinError 10051] A socket operation was attempted to an unreachable network
2026-02-10 17:44:06,755 [ERROR] Polling thread error: PLC disconnected: [WinError 10051] A socket operation was attempted to an unreachable network
2026-02-10 17:44:07,872 [ERROR] Polling thread error: PLC disconnected: [WinError 10051] A socket operation was attempted to an unreachable network
2026-02-10 17:44:08,961 [ERROR] Polling thread error: PLC disconnected: [WinError 10051] A socket operation was attempted to an unreachable network
2026-02-10 17:44:10,055 [ERROR] Polling thread error: PLC disconnected: [WinError 10051] A socket operation was attempted to an unreachable network
2026-02-10 17:44:11,145 [ERROR] Polling thread error: PLC disconnected: [WinError 10051] A socket operation was attempted to an unreachable network
2026-02-10 17:44:12,231 [ERROR] Polling thread error: PLC disconnected: [WinError 10051] A socket operation was attempted to an unreachable network
2026-02-10 17:44:13,320 [ERROR] Polling thread error: PLC disconnected: [WinError 10051] A socket operation was attempted to an unreachable network
2026-02-10 17:44:14,421 [ERROR] Polling thread error: PLC disconnected: [WinError 10051] A socket operation was attempted to an unreachable network
2026-02-10 17:44:15,526 [ERROR] Polling thread error: PLC disconnected: [WinError 10051] A socket operation was attempted to an unreachable network
2026-02-10 17:44:16,634 [ERROR] Polling thread error: PLC disconnected: [WinError 10051] A socket operation was attempted to an unreachable network
2026-02-10 17:44:17,725 [ERROR] Polling thread error: PLC disconnected: [WinError 10051] A socket operation was attempted to an unreachable network
2026-02-10 17:44:18,819 [ERROR] Polling thread error: PLC disconnected: [WinError 10051] A socket operation was attempted to an unreachable network
2026-02-10 17:44:19,918 [ERROR] Polling thread error: PLC disconnected: [WinError 10051] A socket operation was attempted to an unreachable network
2026-02-10 17:44:21,030 [ERROR] Polling thread error: PLC disconnected: [WinError 10051] A socket operation was attempted to an unreachable network
2026-02-10 17:44:22,128 [ERROR] Polling thread error: PLC disconnected: [WinError 10051] A socket operation was attempted to an unreachable network
2026-02-10 17:44:23,226 [ERROR] Polling thread error: PLC disconnected: [WinError 10051] A socket operation was attempted to an unreachable network
2026-02-10 17:44:24,332 [ERROR] Polling thread error: PLC disconnected: [WinError 10051] A socket operation was attempted to an unreachable network
2026-02-10 17:44:25,426 [ERROR] Polling thread error: PLC disconnected: [WinError 10051] A socket operation was attempted to an unreachable network
2026-02-10 17:44:26,530 [ERROR] Polling thread error: PLC disconnected: [WinError 10051] A socket operation was attempted to an unreachable network
2026-02-10 17:44:27,618 [ERROR] Polling thread error: PLC disconnected: [WinError 10051] A socket operation was attempted to an unreachable network
2026-02-10 17:44:28,706 [ERROR] Polling thread error: PLC disconnected: [WinError 10051] A socket operation was attempted to an unreachable network
2026-02-10 17:44:29,787 [ERROR] Polling thread error: PLC disconnected: [WinError 10051] A socket operation was attempted to an unreachable network
2026-02-10 17:44:30,890 [ERROR] Polling thread error: PLC disconnected: [WinError 10051] A socket operation was attempted to an unreachable network
2026-02-10 17:44:31,986 [ERROR] Polling thread error: PLC disconnected: [WinError 10051] A socket operation was attempted to an unreachable network
2026-02-10 17:44:33,071 [ERROR] Polling thread error: PLC disconnected: [WinError 10051] A socket operation was attempted to an unreachable network
2026-02-10 17:44:34,179 [ERROR] Polling thread error: PLC disconnected: [WinError 10051] A socket operation was attempted to an unreachable network
2026-02-10 17:44:35,268 [ERROR] Polling thread error: PLC disconnected: [WinError 10051] A socket operation was attempted to an unreachable network
2026-02-10 17:44:36,379 [ERROR] Polling thread error: PLC disconnected: [WinError 10051] A socket operation was attempted to an unreachable network
2026-02-10 17:44:37,490 [ERROR] Polling thread error: PLC disconnected: [WinError 10051] A socket operation was attempted to an unreachable network
2026-02-10 17:44:38,595 [ERROR] Polling thread error: PLC disconnected: [WinError 10051] A socket operation was attempted to an unreachable network
2026-02-10 17:44:39,690 [ERROR] Polling thread error: PLC disconnected: [WinError 10051] A socket operation was attempted to an unreachable network
2026-02-10 17:44:40,780 [ERROR] Polling thread error: PLC disconnected: [WinError 10051] A socket operation was attempted to an unreachable network
2026-02-10 17:44:41,894 [ERROR] Polling thread error: PLC disconnected: [WinError 10051] A socket operation was attempted to an unreachable network
2026-02-10 17:44:42,988 [ERROR] Polling thread error: PLC disconnected: [WinError 10051] A socket operation was attempted to an unreachable network
2026-02-10 17:44:44,098 [ERROR] Polling thread error: PLC disconnected: [WinError 10051] A socket operation was attempted to an unreachable network
2026-02-10 17:44:45,204 [ERROR] Polling thread error: PLC disconnected: [WinError 10051] A socket operation was attempted to an unreachable network
2026-02-10 17:44:46,298 [ERROR] Polling thread error: PLC disconnected: [WinError 10051] A socket operation was attempted to an unreachable network
2026-02-10 17:44:47,391 [ERROR] Polling thread error: PLC disconnected: [WinError 10051] A socket operation was attempted to an unreachable network
2026-02-10 17:44:48,512 [ERROR] Polling thread error: PLC disconnected: [WinError 10051] A socket operation was attempted to an unreachable network
2026-02-10 17:44:49,615 [ERROR] Polling thread error: PLC disconnected: [WinError 10051] A socket operation was attempted to an unreachable network
2026-02-10 17:44:50,716 [ERROR] Polling thread error: PLC disconnected: [WinError 10051] A socket operation was attempted to an unreachable network
2026-02-10 17:44:51,813 [ERROR] Polling thread error: PLC disconnected: [WinError 10051] A socket operation was attempted to an unreachable network
2026-02-10 17:44:52,921 [ERROR] Polling thread error: PLC disconnected: [WinError 10051] A socket operation was attempted to an unreachable network
2026-02-10 17:44:54,013 [ERROR] Polling thread error: PLC disconnected: [WinError 10051] A socket operation was attempted to an unreachable network
2026-02-10 17:44:55,121 [ERROR] Polling thread error: PLC disconnected: [WinError 10051] A socket operation was attempted to an unreachable network
2026-02-10 17:44:56,210 [ERROR] Polling thread error: PLC disconnected: [WinError 10051] A socket operation was attempted to an unreachable network
2026-02-10 17:44:57,296 [ERROR] Polling thread error: PLC disconnected: [WinError 10051] A socket operation was attempted to an unreachable network
2026-02-10 17:44:58,398 [ERROR] Polling thread error: PLC disconnected: [WinError 10051] A socket operation was attempted to an unreachable network
2026-02-10 17:44:59,499 [ERROR] Polling thread error: PLC disconnected: [WinError 10051] A socket operation was attempted to an unreachable network
2026-02-10 17:45:00,588 [ERROR] Polling thread error: PLC disconnected: [WinError 10051] A socket operation was attempted to an unreachable network
2026-02-10 17:45:01,692 [ERROR] Polling thread error: PLC disconnected: [WinError 10051] A socket operation was attempted to an unreachable network
2026-02-10 17:45:02,790 [ERROR] Polling thread error: PLC disconnected: [WinError 10051] A socket operation was attempted to an unreachable network
2026-02-10 17:45:03,894 [ERROR] Polling thread error: PLC disconnected: [WinError 10051] A socket operation was attempted to an unreachable network
2026-02-10 17:45:04,998 [ERROR] Polling thread error: PLC disconnected: [WinError 10051] A socket operation was attempted to an unreachable network
2026-02-10 17:45:06,091 [ERROR] Polling thread error: PLC disconnected: [WinError 10051] A socket operation was attempted to an unreachable network
2026-02-10 17:45:07,181 [ERROR] Polling thread error: PLC disconnected: [WinError 10051] A socket operation was attempted to an unreachable network
2026-02-10 17:45:08,270 [ERROR] Polling thread error: PLC disconnected: [WinError 10051] A socket operation was attempted to an unreachable network
2026-02-10 17:45:09,359 [ERROR] Polling thread error: PLC disconnected: [WinError 10051] A socket operation was attempted to an unreachable network
2026-02-10 17:45:10,447 [ERROR] Polling thread error: PLC disconnected: [WinError 10051] A socket operation was attempted to an unreachable network
2026-02-10 17:45:11,558 [ERROR] Polling thread error: PLC disconnected: [WinError 10051] A socket operation was attempted to an unreachable network
2026-02-10 17:45:12,661 [ERROR] Polling thread error: PLC disconnected: [WinError 10051] A socket operation was attempted to an unreachable network
2026-02-10 17:45:13,758 [ERROR] Polling thread error: PLC disconnected: [WinError 10051] A socket operation was attempted to an unreachable network
2026-02-10 17:45:14,866 [ERROR] Polling thread error: PLC disconnected: [WinError 10051] A socket operation was attempted to an unreachable network
2026-02-10 17:45:15,966 [ERROR] Polling thread error: PLC disconnected: [WinError 10051] A socket operation was attempted to an unreachable network
2026-02-10 17:45:17,066 [ERROR] Polling thread error: PLC disconnected: [WinError 10051] A socket operation was attempted to an unreachable network
2026-02-10 17:45:18,164 [ERROR] Polling thread error: PLC disconnected: [WinError 10051] A socket operation was attempted to an unreachable network
2026-02-10 17:45:19,260 [ERROR] Polling thread error: PLC disconnected: [WinError 10051] A socket operation was attempted to an unreachable network
2026-02-10 17:45:20,366 [ERROR] Polling thread error: PLC disconnected: [WinError 10051] A socket operation was attempted to an unreachable network
2026-02-10 17:45:21,471 [ERROR] Polling thread error: PLC disconnected: [WinError 10051] A socket operation was attempted to an unreachable network
2026-02-10 17:45:22,564 [ERROR] Polling thread error: PLC disconnected: [WinError 10051] A socket operation was attempted to an unreachable network
2026-02-10 17:45:23,654 [ERROR] Polling thread error: PLC disconnected: [WinError 10051] A socket operation was attempted to an unreachable network
2026-02-10 17:45:24,759 [ERROR] Polling thread error: PLC disconnected: [WinError 10051] A socket operation was attempted to an unreachable network
2026-02-10 17:45:25,866 [ERROR] Polling thread error: PLC disconnected: [WinError 10051] A socket operation was attempted to an unreachable network
2026-02-10 17:45:26,959 [ERROR] Polling thread error: PLC disconnected: [WinError 10051] A socket operation was attempted to an unreachable network
2026-02-10 17:45:28,048 [ERROR] Polling thread error: PLC disconnected: [WinError 10051] A socket operation was attempted to an unreachable network
2026-02-10 17:45:29,135 [ERROR] Polling thread error: PLC disconnected: [WinError 10051] A socket operation was attempted to an unreachable network
2026-02-10 17:45:30,241 [ERROR] Polling thread error: PLC disconnected: [WinError 10051] A socket operation was attempted to an unreachable network
2026-02-10 17:45:31,347 [ERROR] Polling thread error: PLC disconnected: [WinError 10051] A socket operation was attempted to an unreachable network
2026-02-10 17:45:32,457 [ERROR] Polling thread error: PLC disconnected: [WinError 10051] A socket operation was attempted to an unreachable network
2026-02-10 17:45:33,562 [ERROR] Polling thread error: PLC disconnected: [WinError 10051] A socket operation was attempted to an unreachable network
2026-02-10 17:45:34,665 [ERROR] Polling thread error: PLC disconnected: [WinError 10051] A socket operation was attempted to an unreachable network
2026-02-10 17:45:35,774 [ERROR] Polling thread error: PLC disconnected: [WinError 10051] A socket operation was attempted to an unreachable network
2026-02-10 17:45:36,880 [ERROR] Polling thread error: PLC disconnected: [WinError 10051] A socket operation was attempted to an unreachable network
2026-02-10 17:45:37,972 [ERROR] Polling thread error: PLC disconnected: [WinError 10051] A socket operation was attempted to an unreachable network
2026-02-10 17:45:39,083 [ERROR] Polling thread error: PLC disconnected: [WinError 10051] A socket operation was attempted to an unreachable network
2026-02-10 17:45:40,182 [ERROR] Polling thread error: PLC disconnected: [WinError 10051] A socket operation was attempted to an unreachable network
2026-02-10 17:45:41,271 [ERROR] Polling thread error: PLC disconnected: [WinError 10051] A socket operation was attempted to an unreachable network
2026-02-10 17:45:42,368 [ERROR] Polling thread error: PLC disconnected: [WinError 10051] A socket operation was attempted to an unreachable network
2026-02-10 17:45:43,478 [ERROR] Polling thread error: PLC disconnected: [WinError 10051] A socket operation was attempted to an unreachable network
2026-02-10 17:45:44,573 [ERROR] Polling thread error: PLC disconnected: [WinError 10051] A socket operation was attempted to an unreachable network
2026-02-10 17:45:45,681 [ERROR] Polling thread error: PLC disconnected: [WinError 10051] A socket operation was attempted to an unreachable network
2026-02-10 17:45:46,771 [ERROR] Polling thread error: PLC disconnected: [WinError 10051] A socket operation was attempted to an unreachable network
2026-02-10 17:45:47,858 [ERROR] Polling thread error: PLC disconnected: [WinError 10051] A socket operation was attempted to an unreachable network
2026-02-10 17:45:48,961 [ERROR] Polling thread error: PLC disconnected: [WinError 10051] A socket operation was attempted to an unreachable network
2026-02-10 17:45:50,066 [ERROR] Polling thread error: PLC disconnected: [WinError 10051] A socket operation was attempted to an unreachable network
2026-02-10 17:45:51,180 [ERROR] Polling thread error: PLC disconnected: [WinError 10051] A socket operation was attempted to an unreachable network
2026-02-10 17:45:52,287 [ERROR] Polling thread error: PLC disconnected: [WinError 10051] A socket operation was attempted to an unreachable network
2026-02-10 17:45:53,398 [ERROR] Polling thread error: PLC disconnected: [WinError 10051] A socket operation was attempted to an unreachable network
2026-02-10 17:45:54,505 [ERROR] Polling thread error: PLC disconnected: [WinError 10051] A socket operation was attempted to an unreachable network
2026-02-10 17:45:55,605 [ERROR] Polling thread error: PLC disconnected: [WinError 10051] A socket operation was attempted to an unreachable network
2026-02-10 17:45:56,713 [ERROR] Polling thread error: PLC disconnected: [WinError 10051] A socket operation was attempted to an unreachable network
2026-02-10 17:45:57,809 [ERROR] Polling thread error: PLC disconnected: [WinError 10051] A socket operation was attempted to an unreachable network
2026-02-10 17:45:58,915 [ERROR] Polling thread error: PLC disconnected: [WinError 10051] A socket operation was attempted to an unreachable network
2026-02-10 17:46:00,009 [ERROR] Polling thread error: PLC disconnected: [WinError 10051] A socket operation was attempted to an unreachable network
2026-02-10 17:46:01,114 [ERROR] Polling thread error: PLC disconnected: [WinError 10051] A socket operation was attempted to an unreachable network
2026-02-10 17:46:02,223 [ERROR] Polling thread error: PLC disconnected: [WinError 10051] A socket operation was attempted to an unreachable network
2026-02-10 17:46:03,355 [ERROR] Polling thread error: PLC disconnected: [WinError 10051] A socket operation was attempted to an unreachable network
2026-02-10 17:46:04,464 [ERROR] Polling thread error: PLC disconnected: [WinError 10051] A socket operation was attempted to an unreachable network
2026-02-10 17:46:05,563 [ERROR] Polling thread error: PLC disconnected: [WinError 10051] A socket operation was attempted to an unreachable network
2026-02-10 17:46:06,656 [ERROR] Polling thread error: PLC disconnected: [WinError 10051] A socket operation was attempted to an unreachable network
2026-02-10 17:46:07,771 [ERROR] Polling thread error: PLC disconnected: [WinError 10051] A socket operation was attempted to an unreachable network
2026-02-10 17:46:08,887 [ERROR] Polling thread error: PLC disconnected: [WinError 10051] A socket operation was attempted to an unreachable network
2026-02-10 17:46:09,989 [ERROR] Polling thread error: PLC disconnected: [WinError 10051] A socket operation was attempted to an unreachable network
2026-02-10 17:46:11,089 [ERROR] Polling thread error: PLC disconnected: [WinError 10051] A socket operation was attempted to an unreachable network
2026-02-10 17:46:12,192 [ERROR] Polling thread error: PLC disconnected: [WinError 10051] A socket operation was attempted to an unreachable network
2026-02-10 17:46:13,285 [ERROR] Polling thread error: PLC disconnected: [WinError 10051] A socket operation was attempted to an unreachable network
2026-02-10 17:46:14,379 [ERROR] Polling thread error: PLC disconnected: [WinError 10051] A socket operation was attempted to an unreachable network
2026-02-10 17:46:15,484 [ERROR] Polling thread error: PLC disconnected: [WinError 10051] A socket operation was attempted to an unreachable network
2026-02-10 17:46:16,602 [ERROR] Polling thread error: PLC disconnected: [WinError 10051] A socket operation was attempted to an unreachable network
2026-02-10 17:46:17,690 [ERROR] Polling thread error: PLC disconnected: [WinError 10051] A socket operation was attempted to an unreachable network
2026-02-10 17:46:18,781 [ERROR] Polling thread error: PLC disconnected: [WinError 10051] A socket operation was attempted to an unreachable network
2026-02-10 17:46:19,882 [ERROR] Polling thread error: PLC disconnected: [WinError 10051] A socket operation was attempted to an unreachable network
2026-02-10 17:46:20,972 [ERROR] Polling thread error: PLC disconnected: [WinError 10051] A socket operation was attempted to an unreachable network
2026-02-10 17:46:22,074 [ERROR] Polling thread error: PLC disconnected: [WinError 10051] A socket operation was attempted to an unreachable network
2026-02-10 17:46:23,170 [ERROR] Polling thread error: PLC disconnected: [WinError 10051] A socket operation was attempted to an unreachable network
2026-02-10 17:46:24,277 [ERROR] Polling thread error: PLC disconnected: [WinError 10051] A socket operation was attempted to an unreachable network
2026-02-10 17:46:25,370 [ERROR] Polling thread error: PLC disconnected: [WinError 10051] A socket operation was attempted to an unreachable network
2026-02-10 17:46:26,478 [ERROR] Polling thread error: PLC disconnected: [WinError 10051] A socket operation was attempted to an unreachable network
2026-02-10 17:46:27,580 [ERROR] Polling thread error: PLC disconnected: [WinError 10051] A socket operation was attempted to an unreachable network
2026-02-10 17:46:28,686 [ERROR] Polling thread error: PLC disconnected: [WinError 10051] A socket operation was attempted to an unreachable network
2026-02-10 17:46:29,774 [ERROR] Polling thread error: PLC disconnected: [WinError 10051] A socket operation was attempted to an unreachable network
2026-02-10 17:46:30,879 [ERROR] Polling thread error: PLC disconnected: [WinError 10051] A socket operation was attempted to an unreachable network
2026-02-10 17:46:31,989 [ERROR] Polling thread error: PLC disconnected: [WinError 10051] A socket operation was attempted to an unreachable network
2026-02-10 17:46:33,089 [ERROR] Polling thread error: PLC disconnected: [WinError 10051] A socket operation was attempted to an unreachable network
2026-02-10 17:46:34,193 [ERROR] Polling thread error: PLC disconnected: [WinError 10051] A socket operation was attempted to an unreachable network
2026-02-10 17:46:35,295 [ERROR] Polling thread error: PLC disconnected: [WinError 10051] A socket operation was attempted to an unreachable network
2026-02-10 17:46:36,410 [ERROR] Polling thread error: PLC disconnected: [WinError 10051] A socket operation was attempted to an unreachable network
2026-02-10 17:46:37,513 [ERROR] Polling thread error: PLC disconnected: [WinError 10051] A socket operation was attempted to an unreachable network
2026-02-10 17:46:38,605 [ERROR] Polling thread error: PLC disconnected: [WinError 10051] A socket operation was attempted to an unreachable network
2026-02-10 17:46:39,712 [ERROR] Polling thread error: PLC disconnected: [WinError 10051] A socket operation was attempted to an unreachable network
2026-02-10 17:46:40,808 [ERROR] Polling thread error: PLC disconnected: [WinError 10051] A socket operation was attempted to an unreachable network
2026-02-10 17:46:41,916 [ERROR] Polling thread error: PLC disconnected: [WinError 10051] A socket operation was attempted to an unreachable network
2026-02-10 17:46:43,017 [ERROR] Polling thread error: PLC disconnected: [WinError 10051] A socket operation was attempted to an unreachable network
2026-02-10 17:46:44,117 [ERROR] Polling thread error: PLC disconnected: [WinError 10051] A socket operation was attempted to an unreachable network
2026-02-10 17:46:45,205 [ERROR] Polling thread error: PLC disconnected: [WinError 10051] A socket operation was attempted to an unreachable network
2026-02-10 17:46:46,305 [ERROR] Polling thread error: PLC disconnected: [WinError 10051] A socket operation was attempted to an unreachable network
2026-02-10 17:46:47,395 [ERROR] Polling thread error: PLC disconnected: [WinError 10051] A socket operation was attempted to an unreachable network
2026-02-10 17:46:48,494 [ERROR] Polling thread error: PLC disconnected: [WinError 10051] A socket operation was attempted to an unreachable network
2026-02-10 17:46:49,586 [ERROR] Polling thread error: PLC disconnected: [WinError 10051] A socket operation was attempted to an unreachable network
2026-02-10 18:11:38,858 [ERROR] Polling thread error: PLC disconnected: [WinError 10051] A socket operation was attempted to an unreachable network
2026-02-10 18:11:39,957 [ERROR] Polling thread error: PLC disconnected: [WinError 10051] A socket operation was attempted to an unreachable network
2026-02-10 18:11:41,041 [ERROR] Polling thread error: PLC disconnected: [WinError 10051] A socket operation was attempted to an unreachable network
2026-02-10 18:11:42,131 [ERROR] Polling thread error: PLC disconnected: [WinError 10051] A socket operation was attempted to an unreachable network
2026-02-10 18:11:43,215 [ERROR] Polling thread error: PLC disconnected: [WinError 10051] A socket operation was attempted to an unreachable network
2026-02-10 18:11:44,295 [ERROR] Polling thread error: PLC disconnected: [WinError 10051] A socket operation was attempted to an unreachable network
2026-02-10 18:11:45,392 [ERROR] Polling thread error: PLC disconnected: [WinError 10051] A socket operation was attempted to an unreachable network
2026-02-10 18:11:46,478 [ERROR] Polling thread error: PLC disconnected: [WinError 10051] A socket operation was attempted to an unreachable network
2026-02-10 18:11:47,580 [ERROR] Polling thread error: PLC disconnected: [WinError 10051] A socket operation was attempted to an unreachable network
2026-02-10 18:11:48,669 [ERROR] Polling thread error: PLC disconnected: [WinError 10051] A socket operation was attempted to an unreachable network
2026-02-10 18:11:49,771 [ERROR] Polling thread error: PLC disconnected: [WinError 10051] A socket operation was attempted to an unreachable network
2026-02-10 18:11:50,894 [ERROR] Polling thread error: PLC disconnected: [WinError 10051] A socket operation was attempted to an unreachable network
2026-02-10 18:11:51,993 [ERROR] Polling thread error: PLC disconnected: [WinError 10051] A socket operation was attempted to an unreachable network
2026-02-10 18:11:53,094 [ERROR] Polling thread error: PLC disconnected: [WinError 10051] A socket operation was attempted to an unreachable network
2026-02-10 18:11:54,186 [ERROR] Polling thread error: PLC disconnected: [WinError 10051] A socket operation was attempted to an unreachable network
2026-02-10 18:11:55,275 [ERROR] Polling thread error: PLC disconnected: [WinError 10051] A socket operation was attempted to an unreachable network
2026-02-10 18:11:56,368 [ERROR] Polling thread error: PLC disconnected: [WinError 10051] A socket operation was attempted to an unreachable network
2026-02-10 18:11:57,453 [ERROR] Polling thread error: PLC disconnected: [WinError 10051] A socket operation was attempted to an unreachable network
2026-02-10 18:11:58,539 [ERROR] Polling thread error: PLC disconnected: [WinError 10051] A socket operation was attempted to an unreachable network
2026-02-10 18:11:59,638 [ERROR] Polling thread error: PLC disconnected: [WinError 10051] A socket operation was attempted to an unreachable network
2026-02-10 18:12:00,731 [ERROR] Polling thread error: PLC disconnected: [WinError 10051] A socket operation was attempted to an unreachable network
2026-02-10 18:12:01,832 [ERROR] Polling thread error: PLC disconnected: [WinError 10051] A socket operation was attempted to an unreachable network
2026-02-10 18:12:02,936 [ERROR] Polling thread error: PLC disconnected: [WinError 10051] A socket operation was attempted to an unreachable network
2026-02-10 18:12:04,021 [ERROR] Polling thread error: PLC disconnected: [WinError 10051] A socket operation was attempted to an unreachable network
2026-02-10 18:12:05,124 [ERROR] Polling thread error: PLC disconnected: [WinError 10051] A socket operation was attempted to an unreachable network
2026-02-10 18:12:06,231 [ERROR] Polling thread error: PLC disconnected: [WinError 10051] A socket operation was attempted to an unreachable network
2026-02-10 18:12:07,333 [ERROR] Polling thread error: PLC disconnected: [WinError 10051] A socket operation was attempted to an unreachable network
2026-02-10 18:12:08,421 [ERROR] Polling thread error: PLC disconnected: [WinError 10051] A socket operation was attempted to an unreachable network
2026-02-10 18:12:09,505 [ERROR] Polling thread error: PLC disconnected: [WinError 10051] A socket operation was attempted to an unreachable network
2026-02-10 18:12:10,626 [ERROR] Polling thread error: PLC disconnected: [WinError 10051] A socket operation was attempted to an unreachable network
2026-02-10 18:12:11,725 [ERROR] Polling thread error: PLC disconnected: [WinError 10051] A socket operation was attempted to an unreachable network
2026-02-10 18:12:12,820 [ERROR] Polling thread error: PLC disconnected: [WinError 10051] A socket operation was attempted to an unreachable network
2026-02-10 18:12:13,910 [ERROR] Polling thread error: PLC disconnected: [WinError 10051] A socket operation was attempted to an unreachable network
2026-02-10 18:12:14,998 [ERROR] Polling thread error: PLC disconnected: [WinError 10051] A socket operation was attempted to an unreachable network
2026-02-10 18:12:16,088 [ERROR] Polling thread error: PLC disconnected: [WinError 10051] A socket operation was attempted to an unreachable network
2026-02-10 18:12:17,175 [ERROR] Polling thread error: PLC disconnected: [WinError 10051] A socket operation was attempted to an unreachable network
2026-02-10 18:12:18,283 [ERROR] Polling thread error: PLC disconnected: [WinError 10051] A socket operation was attempted to an unreachable network
2026-02-10 18:12:19,385 [ERROR] Polling thread error: PLC disconnected: [WinError 10051] A socket operation was attempted to an unreachable network
2026-02-10 18:12:20,491 [ERROR] Polling thread error: PLC disconnected: [WinError 10051] A socket operation was attempted to an unreachable network
2026-02-10 18:12:21,576 [ERROR] Polling thread error: PLC disconnected: [WinError 10051] A socket operation was attempted to an unreachable network
2026-02-10 18:12:22,661 [ERROR] Polling thread error: PLC disconnected: [WinError 10051] A socket operation was attempted to an unreachable network
2026-02-10 18:12:23,769 [ERROR] Polling thread error: PLC disconnected: [WinError 10051] A socket operation was attempted to an unreachable network
2026-02-10 18:12:24,870 [ERROR] Polling thread error: PLC disconnected: [WinError 10051] A socket operation was attempted to an unreachable network
2026-02-10 18:12:25,960 [ERROR] Polling thread error: PLC disconnected: [WinError 10051] A socket operation was attempted to an unreachable network
2026-02-10 18:12:27,058 [ERROR] Polling thread error: PLC disconnected: [WinError 10051] A socket operation was attempted to an unreachable network
2026-02-10 18:12:28,147 [ERROR] Polling thread error: PLC disconnected: [WinError 10051] A socket operation was attempted to an unreachable network
2026-02-10 18:12:29,247 [ERROR] Polling thread error: PLC disconnected: [WinError 10051] A socket operation was attempted to an unreachable network
2026-02-10 18:12:30,356 [ERROR] Polling thread error: PLC disconnected: [WinError 10051] A socket operation was attempted to an unreachable network
2026-02-10 18:12:31,438 [ERROR] Polling thread error: PLC disconnected: [WinError 10051] A socket operation was attempted to an unreachable network
2026-02-10 18:12:32,523 [ERROR] Polling thread error: PLC disconnected: [WinError 10051] A socket operation was attempted to an unreachable network
2026-02-10 18:12:33,609 [ERROR] Polling thread error: PLC disconnected: [WinError 10051] A socket operation was attempted to an unreachable network
2026-02-10 18:12:34,718 [ERROR] Polling thread error: PLC disconnected: [WinError 10051] A socket operation was attempted to an unreachable network
2026-02-10 18:12:35,809 [ERROR] Polling thread error: PLC disconnected: [WinError 10051] A socket operation was attempted to an unreachable network
2026-02-10 18:12:36,905 [ERROR] Polling thread error: PLC disconnected: [WinError 10051] A socket operation was attempted to an unreachable network
2026-02-10 18:12:38,005 [ERROR] Polling thread error: PLC disconnected: [WinError 10051] A socket operation was attempted to an unreachable network
2026-02-10 18:12:39,109 [ERROR] Polling thread error: PLC disconnected: [WinError 10051] A socket operation was attempted to an unreachable network
2026-02-10 18:12:40,197 [ERROR] Polling thread error: PLC disconnected: [WinError 10051] A socket operation was attempted to an unreachable network
2026-02-10 18:12:41,287 [ERROR] Polling thread error: PLC disconnected: [WinError 10051] A socket operation was attempted to an unreachable network
2026-02-10 18:12:42,384 [ERROR] Polling thread error: PLC disconnected: [WinError 10051] A socket operation was attempted to an unreachable network
2026-02-10 18:12:43,481 [ERROR] Polling thread error: PLC disconnected: [WinError 10051] A socket operation was attempted to an unreachable network
2026-02-10 18:12:44,580 [ERROR] Polling thread error: PLC disconnected: [WinError 10051] A socket operation was attempted to an unreachable network
2026-02-10 18:12:45,688 [ERROR] Polling thread error: PLC disconnected: [WinError 10051] A socket operation was attempted to an unreachable network
2026-02-10 18:12:46,792 [ERROR] Polling thread error: PLC disconnected: [WinError 10051] A socket operation was attempted to an unreachable network
2026-02-10 18:12:47,894 [ERROR] Polling thread error: PLC disconnected: [WinError 10051] A socket operation was attempted to an unreachable network
2026-02-10 18:12:49,000 [ERROR] Polling thread error: PLC disconnected: [WinError 10051] A socket operation was attempted to an unreachable network
2026-02-10 18:12:50,107 [ERROR] Polling thread error: PLC disconnected: [WinError 10051] A socket operation was attempted to an unreachable network
2026-02-10 18:12:51,208 [ERROR] Polling thread error: PLC disconnected: [WinError 10051] A socket operation was attempted to an unreachable network
2026-02-10 18:12:52,289 [ERROR] Polling thread error: PLC disconnected: [WinError 10051] A socket operation was attempted to an unreachable network
2026-02-10 18:12:53,388 [ERROR] Polling thread error: PLC disconnected: [WinError 10051] A socket operation was attempted to an unreachable network
2026-02-10 18:12:54,488 [ERROR] Polling thread error: PLC disconnected: [WinError 10051] A socket operation was attempted to an unreachable network
2026-02-10 18:12:55,572 [ERROR] Polling thread error: PLC disconnected: [WinError 10051] A socket operation was attempted to an unreachable network
2026-02-10 18:12:56,656 [ERROR] Polling thread error: PLC disconnected: [WinError 10051] A socket operation was attempted to an unreachable network
2026-02-10 18:12:57,743 [ERROR] Polling thread error: PLC disconnected: [WinError 10051] A socket operation was attempted to an unreachable network
2026-02-10 18:12:58,842 [ERROR] Polling thread error: PLC disconnected: [WinError 10051] A socket operation was attempted to an unreachable network
2026-02-10 18:12:59,924 [ERROR] Polling thread error: PLC disconnected: [WinError 10051] A socket operation was attempted to an unreachable network
2026-02-10 18:13:01,008 [ERROR] Polling thread error: PLC disconnected: [WinError 10051] A socket operation was attempted to an unreachable network
2026-02-10 18:13:02,106 [ERROR] Polling thread error: PLC disconnected: [WinError 10051] A socket operation was attempted to an unreachable network
2026-02-10 18:13:03,209 [ERROR] Polling thread error: PLC disconnected: [WinError 10051] A socket operation was attempted to an unreachable network
2026-02-10 18:13:04,295 [ERROR] Polling thread error: PLC disconnected: [WinError 10051] A socket operation was attempted to an unreachable network
2026-02-10 18:13:05,393 [ERROR] Polling thread error: PLC disconnected: [WinError 10051] A socket operation was attempted to an unreachable network
2026-02-10 18:13:06,492 [ERROR] Polling thread error: PLC disconnected: [WinError 10051] A socket operation was attempted to an unreachable network
2026-02-10 18:13:07,598 [ERROR] Polling thread error: PLC disconnected: [WinError 10051] A socket operation was attempted to an unreachable network
2026-02-10 18:13:08,697 [ERROR] Polling thread error: PLC disconnected: [WinError 10051] A socket operation was attempted to an unreachable network
2026-02-10 18:13:09,802 [ERROR] Polling thread error: PLC disconnected: [WinError 10051] A socket operation was attempted to an unreachable network
2026-02-10 18:13:10,883 [ERROR] Polling thread error: PLC disconnected: [WinError 10051] A socket operation was attempted to an unreachable network
2026-02-10 18:13:11,978 [ERROR] Polling thread error: PLC disconnected: [WinError 10051] A socket operation was attempted to an unreachable network
2026-02-10 18:13:13,060 [ERROR] Polling thread error: PLC disconnected: [WinError 10051] A socket operation was attempted to an unreachable network
2026-02-10 18:13:14,163 [ERROR] Polling thread error: PLC disconnected: [WinError 10051] A socket operation was attempted to an unreachable network
2026-02-10 18:13:15,265 [ERROR] Polling thread error: PLC disconnected: [WinError 10051] A socket operation was attempted to an unreachable network
2026-02-10 18:13:16,371 [ERROR] Polling thread error: PLC disconnected: [WinError 10051] A socket operation was attempted to an unreachable network
2026-02-10 18:13:17,471 [ERROR] Polling thread error: PLC disconnected: [WinError 10051] A socket operation was attempted to an unreachable network
2026-02-10 18:13:18,574 [ERROR] Polling thread error: PLC disconnected: [WinError 10051] A socket operation was attempted to an unreachable network
2026-02-10 18:13:19,665 [ERROR] Polling thread error: PLC disconnected: [WinError 10051] A socket operation was attempted to an unreachable network
2026-02-10 18:13:20,770 [ERROR] Polling thread error: PLC disconnected: [WinError 10051] A socket operation was attempted to an unreachable network
2026-02-10 18:13:21,853 [ERROR] Polling thread error: PLC disconnected: [WinError 10051] A socket operation was attempted to an unreachable network
2026-02-10 18:13:22,953 [ERROR] Polling thread error: PLC disconnected: [WinError 10051] A socket operation was attempted to an unreachable network
2026-02-10 18:13:24,055 [ERROR] Polling thread error: PLC disconnected: [WinError 10051] A socket operation was attempted to an unreachable network
2026-02-10 18:13:25,155 [ERROR] Polling thread error: PLC disconnected: [WinError 10051] A socket operation was attempted to an unreachable network
2026-02-10 18:13:26,261 [ERROR] Polling thread error: PLC disconnected: [WinError 10051] A socket operation was attempted to an unreachable network
2026-02-10 18:13:27,364 [ERROR] Polling thread error: PLC disconnected: [WinError 10051] A socket operation was attempted to an unreachable network
2026-02-10 18:13:28,464 [ERROR] Polling thread error: PLC disconnected: [WinError 10051] A socket operation was attempted to an unreachable network
2026-02-10 18:13:29,555 [ERROR] Polling thread error: PLC disconnected: [WinError 10051] A socket operation was attempted to an unreachable network
2026-02-10 18:13:30,643 [ERROR] Polling thread error: PLC disconnected: [WinError 10051] A socket operation was attempted to an unreachable network
2026-02-10 18:13:31,739 [ERROR] Polling thread error: PLC disconnected: [WinError 10051] A socket operation was attempted to an unreachable network
2026-02-10 18:13:32,837 [ERROR] Polling thread error: PLC disconnected: [WinError 10051] A socket operation was attempted to an unreachable network
2026-02-10 18:13:33,938 [ERROR] Polling thread error: PLC disconnected: [WinError 10051] A socket operation was attempted to an unreachable network
2026-02-10 18:13:35,042 [ERROR] Polling thread error: PLC disconnected: [WinError 10051] A socket operation was attempted to an unreachable network
2026-02-10 18:13:36,153 [ERROR] Polling thread error: PLC disconnected: [WinError 10051] A socket operation was attempted to an unreachable network
2026-02-10 18:13:37,256 [ERROR] Polling thread error: PLC disconnected: [WinError 10051] A socket operation was attempted to an unreachable network
2026-02-10 18:13:38,354 [ERROR] Polling thread error: PLC disconnected: [WinError 10051] A socket operation was attempted to an unreachable network
2026-02-10 18:13:39,457 [ERROR] Polling thread error: PLC disconnected: [WinError 10051] A socket operation was attempted to an unreachable network
2026-02-10 18:13:40,562 [ERROR] Polling thread error: PLC disconnected: [WinError 10051] A socket operation was attempted to an unreachable network
2026-02-10 18:13:41,655 [ERROR] Polling thread error: PLC disconnected: [WinError 10051] A socket operation was attempted to an unreachable network
2026-02-10 18:13:42,742 [ERROR] Polling thread error: PLC disconnected: [WinError 10051] A socket operation was attempted to an unreachable network
2026-02-10 18:13:43,826 [ERROR] Polling thread error: PLC disconnected: [WinError 10051] A socket operation was attempted to an unreachable network
2026-02-10 18:13:44,926 [ERROR] Polling thread error: PLC disconnected: [WinError 10051] A socket operation was attempted to an unreachable network
2026-02-10 18:13:46,027 [ERROR] Polling thread error: PLC disconnected: [WinError 10051] A socket operation was attempted to an unreachable network
2026-02-10 18:13:47,137 [ERROR] Polling thread error: PLC disconnected: [WinError 10051] A socket operation was attempted to an unreachable network
2026-02-10 18:13:48,238 [ERROR] Polling thread error: PLC disconnected: [WinError 10051] A socket operation was attempted to an unreachable network
2026-02-10 18:13:49,340 [ERROR] Polling thread error: PLC disconnected: [WinError 10051] A socket operation was attempted to an unreachable network
2026-02-10 18:13:50,443 [ERROR] Polling thread error: PLC disconnected: [WinError 10051] A socket operation was attempted to an unreachable network
2026-02-10 18:13:51,541 [ERROR] Polling thread error: PLC disconnected: [WinError 10051] A socket operation was attempted to an unreachable network
2026-02-10 18:13:52,658 [ERROR] Polling thread error: PLC disconnected: [WinError 10051] A socket operation was attempted to an unreachable network
2026-02-10 18:13:53,760 [ERROR] Polling thread error: PLC disconnected: [WinError 10051] A socket operation was attempted to an unreachable network
2026-02-10 18:13:54,860 [ERROR] Polling thread error: PLC disconnected: [WinError 10051] A socket operation was attempted to an unreachable network
2026-02-10 18:13:55,955 [ERROR] Polling thread error: PLC disconnected: [WinError 10051] A socket operation was attempted to an unreachable network
2026-02-10 18:13:57,055 [ERROR] Polling thread error: PLC disconnected: [WinError 10051] A socket operation was attempted to an unreachable network
2026-02-10 18:13:58,154 [ERROR] Polling thread error: PLC disconnected: [WinError 10051] A socket operation was attempted to an unreachable network
2026-02-10 18:13:59,242 [ERROR] Polling thread error: PLC disconnected: [WinError 10051] A socket operation was attempted to an unreachable network
2026-02-10 18:14:00,338 [ERROR] Polling thread error: PLC disconnected: [WinError 10051] A socket operation was attempted to an unreachable network
2026-02-10 18:14:01,444 [ERROR] Polling thread error: PLC disconnected: [WinError 10051] A socket operation was attempted to an unreachable network
2026-02-10 18:14:02,548 [ERROR] Polling thread error: PLC disconnected: [WinError 10051] A socket operation was attempted to an unreachable network
2026-02-10 18:14:03,648 [ERROR] Polling thread error: PLC disconnected: [WinError 10051] A socket operation was attempted to an unreachable network
2026-02-10 18:14:04,743 [ERROR] Polling thread error: PLC disconnected: [WinError 10051] A socket operation was attempted to an unreachable network
2026-02-10 18:14:05,843 [ERROR] Polling thread error: PLC disconnected: [WinError 10051] A socket operation was attempted to an unreachable network
2026-02-10 18:14:06,930 [ERROR] Polling thread error: PLC disconnected: [WinError 10051] A socket operation was attempted to an unreachable network
2026-02-10 18:14:08,037 [ERROR] Polling thread error: PLC disconnected: [WinError 10051] A socket operation was attempted to an unreachable network
2026-02-10 18:14:09,141 [ERROR] Polling thread error: PLC disconnected: [WinError 10051] A socket operation was attempted to an unreachable network
2026-02-10 18:14:10,225 [ERROR] Polling thread error: PLC disconnected: [WinError 10051] A socket operation was attempted to an unreachable network
2026-02-10 18:14:11,345 [ERROR] Polling thread error: PLC disconnected: [WinError 10051] A socket operation was attempted to an unreachable network
2026-02-10 18:14:12,442 [ERROR] Polling thread error: PLC disconnected: [WinError 10051] A socket operation was attempted to an unreachable network
2026-02-10 18:14:13,543 [ERROR] Polling thread error: PLC disconnected: [WinError 10051] A socket operation was attempted to an unreachable network
2026-02-10 18:14:14,645 [ERROR] Polling thread error: PLC disconnected: [WinError 10051] A socket operation was attempted to an unreachable network
2026-02-10 18:14:15,732 [ERROR] Polling thread error: PLC disconnected: [WinError 10051] A socket operation was attempted to an unreachable network
2026-02-10 18:14:16,836 [ERROR] Polling thread error: PLC disconnected: [WinError 10051] A socket operation was attempted to an unreachable network
2026-02-10 18:14:17,946 [ERROR] Polling thread error: PLC disconnected: [WinError 10051] A socket operation was attempted to an unreachable network
2026-02-10 18:14:19,037 [ERROR] Polling thread error: PLC disconnected: [WinError 10051] A socket operation was attempted to an unreachable network
2026-02-10 18:14:20,137 [ERROR] Polling thread error: PLC disconnected: [WinError 10051] A socket operation was attempted to an unreachable network
2026-02-10 18:14:21,232 [ERROR] Polling thread error: PLC disconnected: [WinError 10051] A socket operation was attempted to an unreachable network
2026-02-10 18:14:22,314 [ERROR] Polling thread error: PLC disconnected: [WinError 10051] A socket operation was attempted to an unreachable network
2026-02-10 18:14:23,414 [ERROR] Polling thread error: PLC disconnected: [WinError 10051] A socket operation was attempted to an unreachable network
2026-02-10 18:14:24,511 [ERROR] Polling thread error: PLC disconnected: [WinError 10051] A socket operation was attempted to an unreachable network
2026-02-10 18:14:25,614 [ERROR] Polling thread error: PLC disconnected: [WinError 10051] A socket operation was attempted to an unreachable network
2026-02-10 18:14:26,716 [ERROR] Polling thread error: PLC disconnected: [WinError 10051] A socket operation was attempted to an unreachable network
2026-02-10 18:14:27,813 [ERROR] Polling thread error: PLC disconnected: [WinError 10051] A socket operation was attempted to an unreachable network
2026-02-10 18:14:28,913 [ERROR] Polling thread error: PLC disconnected: [WinError 10051] A socket operation was attempted to an unreachable network
2026-02-10 18:14:30,110 [ERROR] Polling thread error: PLC disconnected: [WinError 10051] A socket operation was attempted to an unreachable network
2026-02-10 18:15:18,435 [ERROR] Polling thread error: PLC disconnected: [WinError 10051] A socket operation was attempted to an unreachable network
2026-02-10 18:15:19,539 [ERROR] Polling thread error: PLC disconnected: [WinError 10051] A socket operation was attempted to an unreachable network
2026-02-10 18:15:20,641 [ERROR] Polling thread error: PLC disconnected: [WinError 10051] A socket operation was attempted to an unreachable network
2026-02-10 18:15:21,741 [ERROR] Polling thread error: PLC disconnected: [WinError 10051] A socket operation was attempted to an unreachable network
2026-02-10 18:15:22,834 [ERROR] Polling thread error: PLC disconnected: [WinError 10051] A socket operation was attempted to an unreachable network
2026-02-10 18:15:23,926 [ERROR] Polling thread error: PLC disconnected: [WinError 10051] A socket operation was attempted to an unreachable network
2026-02-10 18:15:25,024 [ERROR] Polling thread error: PLC disconnected: [WinError 10051] A socket operation was attempted to an unreachable network
2026-02-10 18:15:26,115 [ERROR] Polling thread error: PLC disconnected: [WinError 10051] A socket operation was attempted to an unreachable network
2026-02-10 18:15:27,217 [ERROR] Polling thread error: PLC disconnected: [WinError 10051] A socket operation was attempted to an unreachable network
2026-02-10 18:15:28,303 [ERROR] Polling thread error: PLC disconnected: [WinError 10051] A socket operation was attempted to an unreachable network
2026-02-10 18:15:29,397 [ERROR] Polling thread error: PLC disconnected: [WinError 10051] A socket operation was attempted to an unreachable network
2026-02-10 18:15:30,483 [ERROR] Polling thread error: PLC disconnected: [WinError 10051] A socket operation was attempted to an unreachable network
2026-02-10 18:15:31,577 [ERROR] Polling thread error: PLC disconnected: [WinError 10051] A socket operation was attempted to an unreachable network
2026-02-10 18:15:32,671 [ERROR] Polling thread error: PLC disconnected: [WinError 10051] A socket operation was attempted to an unreachable network
2026-02-10 18:15:33,766 [ERROR] Polling thread error: PLC disconnected: [WinError 10051] A socket operation was attempted to an unreachable network
2026-02-10 18:15:34,890 [ERROR] Polling thread error: PLC disconnected: [WinError 10051] A socket operation was attempted to an unreachable network
2026-02-10 18:15:35,987 [ERROR] Polling thread error: PLC disconnected: [WinError 10051] A socket operation was attempted to an unreachable network
2026-02-10 18:15:37,092 [ERROR] Polling thread error: PLC disconnected: [WinError 10051] A socket operation was attempted to an unreachable network
2026-02-10 18:15:38,186 [ERROR] Polling thread error: PLC disconnected: [WinError 10051] A socket operation was attempted to an unreachable network
2026-02-10 18:15:39,279 [ERROR] Polling thread error: PLC disconnected: [WinError 10051] A socket operation was attempted to an unreachable network
2026-02-10 18:15:40,386 [ERROR] Polling thread error: PLC disconnected: [WinError 10051] A socket operation was attempted to an unreachable network
2026-02-10 18:15:41,477 [ERROR] Polling thread error: PLC disconnected: [WinError 10051] A socket operation was attempted to an unreachable network
2026-02-10 18:15:42,566 [ERROR] Polling thread error: PLC disconnected: [WinError 10051] A socket operation was attempted to an unreachable network
2026-02-10 18:15:43,661 [ERROR] Polling thread error: PLC disconnected: [WinError 10051] A socket operation was attempted to an unreachable network
2026-02-10 18:15:44,753 [ERROR] Polling thread error: PLC disconnected: [WinError 10051] A socket operation was attempted to an unreachable network
2026-02-10 18:15:45,837 [ERROR] Polling thread error: PLC disconnected: [WinError 10051] A socket operation was attempted to an unreachable network
2026-02-10 18:15:46,924 [ERROR] Polling thread error: PLC disconnected: [WinError 10051] A socket operation was attempted to an unreachable network
2026-02-10 18:15:48,014 [ERROR] Polling thread error: PLC disconnected: [WinError 10051] A socket operation was attempted to an unreachable network
2026-02-10 18:15:49,116 [ERROR] Polling thread error: PLC disconnected: [WinError 10051] A socket operation was attempted to an unreachable network
2026-02-10 18:15:50,206 [ERROR] Polling thread error: PLC disconnected: [WinError 10051] A socket operation was attempted to an unreachable network
2026-02-10 18:15:51,307 [ERROR] Polling thread error: PLC disconnected: [WinError 10051] A socket operation was attempted to an unreachable network
2026-02-10 18:15:52,405 [ERROR] Polling thread error: PLC disconnected: [WinError 10051] A socket operation was attempted to an unreachable network
2026-02-10 18:15:53,512 [ERROR] Polling thread error: PLC disconnected: [WinError 10051] A socket operation was attempted to an unreachable network
2026-02-10 18:15:54,600 [ERROR] Polling thread error: PLC disconnected: [WinError 10051] A socket operation was attempted to an unreachable network
2026-02-10 18:15:55,694 [ERROR] Polling thread error: PLC disconnected: [WinError 10051] A socket operation was attempted to an unreachable network
2026-02-10 18:15:56,784 [ERROR] Polling thread error: PLC disconnected: [WinError 10051] A socket operation was attempted to an unreachable network
2026-02-10 18:15:57,878 [ERROR] Polling thread error: PLC disconnected: [WinError 10051] A socket operation was attempted to an unreachable network
2026-02-10 18:15:58,986 [ERROR] Polling thread error: PLC disconnected: [WinError 10051] A socket operation was attempted to an unreachable network
2026-02-10 18:16:00,080 [ERROR] Polling thread error: PLC disconnected: [WinError 10051] A socket operation was attempted to an unreachable network
2026-02-10 18:16:01,185 [ERROR] Polling thread error: PLC disconnected: [WinError 10051] A socket operation was attempted to an unreachable network
2026-02-10 18:16:02,282 [ERROR] Polling thread error: PLC disconnected: [WinError 10051] A socket operation was attempted to an unreachable network
2026-02-10 18:16:03,381 [ERROR] Polling thread error: PLC disconnected: [WinError 10051] A socket operation was attempted to an unreachable network
2026-02-10 18:16:04,500 [ERROR] Polling thread error: PLC disconnected: [WinError 10051] A socket operation was attempted to an unreachable network
2026-02-10 18:16:05,613 [ERROR] Polling thread error: PLC disconnected: [WinError 10051] A socket operation was attempted to an unreachable network
2026-02-10 18:16:06,714 [ERROR] Polling thread error: PLC disconnected: [WinError 10051] A socket operation was attempted to an unreachable network
2026-02-10 18:16:07,818 [ERROR] Polling thread error: PLC disconnected: [WinError 10051] A socket operation was attempted to an unreachable network
2026-02-10 18:16:08,904 [ERROR] Polling thread error: PLC disconnected: [WinError 10051] A socket operation was attempted to an unreachable network
2026-02-10 18:16:10,012 [ERROR] Polling thread error: PLC disconnected: [WinError 10051] A socket operation was attempted to an unreachable network
2026-02-10 18:16:11,106 [ERROR] Polling thread error: PLC disconnected: [WinError 10051] A socket operation was attempted to an unreachable network
2026-02-10 18:16:12,195 [ERROR] Polling thread error: PLC disconnected: [WinError 10051] A socket operation was attempted to an unreachable network
2026-02-10 18:19:06,498 [ERROR] Polling thread error: PLC disconnected: [WinError 10051] A socket operation was attempted to an unreachable network
2026-02-10 18:19:07,600 [ERROR] Polling thread error: PLC disconnected: [WinError 10051] A socket operation was attempted to an unreachable network
2026-02-10 18:19:08,701 [ERROR] Polling thread error: PLC disconnected: [WinError 10051] A socket operation was attempted to an unreachable network
2026-02-10 18:19:09,802 [ERROR] Polling thread error: PLC disconnected: [WinError 10051] A socket operation was attempted to an unreachable network
2026-02-10 18:19:10,892 [ERROR] Polling thread error: PLC disconnected: [WinError 10051] A socket operation was attempted to an unreachable network
2026-02-10 18:19:11,997 [ERROR] Polling thread error: PLC disconnected: [WinError 10051] A socket operation was attempted to an unreachable network
2026-02-10 18:19:13,101 [ERROR] Polling thread error: PLC disconnected: [WinError 10051] A socket operation was attempted to an unreachable network
2026-02-10 18:19:14,189 [ERROR] Polling thread error: PLC disconnected: [WinError 10051] A socket operation was attempted to an unreachable network
2026-02-10 18:19:15,286 [ERROR] Polling thread error: PLC disconnected: [WinError 10051] A socket operation was attempted to an unreachable network
2026-02-10 18:19:16,386 [ERROR] Polling thread error: PLC disconnected: [WinError 10051] A socket operation was attempted to an unreachable network
2026-02-10 18:19:17,479 [ERROR] Polling thread error: PLC disconnected: [WinError 10051] A socket operation was attempted to an unreachable network
2026-02-10 18:19:18,567 [ERROR] Polling thread error: PLC disconnected: [WinError 10051] A socket operation was attempted to an unreachable network
2026-02-10 18:19:19,665 [ERROR] Polling thread error: PLC disconnected: [WinError 10051] A socket operation was attempted to an unreachable network
2026-02-10 18:19:20,751 [ERROR] Polling thread error: PLC disconnected: [WinError 10051] A socket operation was attempted to an unreachable network
2026-02-10 18:19:21,828 [ERROR] Polling thread error: PLC disconnected: [WinError 10051] A socket operation was attempted to an unreachable network
2026-02-10 18:57:30,103 [WARNING] [Inference] TensorRT or cuda-python not installed: No module named 'tensorrt'
2026-02-10 18:57:30,898 [INFO] [Inference] Using GPU
2026-02-10 18:57:30,898 [INFO] [Inference] Loading OpenVINO model from C:\MyStuff\VS\MECup\backend\inference\openvino_model\model.xml
2026-02-10 18:57:31,717 [INFO] [Inference] Using OpenVINO backend on GPU
2026-02-10 18:57:31,900 [INFO] [Inference] Model ready (openvino)
2026-02-10 18:57:31,933 [ERROR] Polling thread error: PLC disconnected: [WinError 10051] A socket operation was attempted to an unreachable network
2026-02-10 18:57:32,698 [WARNING] [Inference] TensorRT or cuda-python not installed: No module named 'tensorrt'
2026-02-10 18:57:33,002 [INFO] [Inference] Using GPU
2026-02-10 18:57:33,002 [INFO] [Inference] Loading OpenVINO model from C:\MyStuff\VS\MECup\backend\inference\openvino_model\model.xml
2026-02-10 18:57:33,010 [ERROR] Polling thread error: PLC disconnected: [WinError 10051] A socket operation was attempted to an unreachable network
2026-02-10 18:57:33,649 [INFO] [Inference] Using OpenVINO backend on GPU
2026-02-10 18:57:33,845 [INFO] [Inference] Model ready (openvino)
2026-02-10 18:57:34,096 [ERROR] Polling thread error: PLC disconnected: [WinError 10051] A socket operation was attempted to an unreachable network
2026-02-10 18:57:35,183 [ERROR] Polling thread error: PLC disconnected: [WinError 10051] A socket operation was attempted to an unreachable network
2026-02-10 18:57:36,277 [ERROR] Polling thread error: PLC disconnected: [WinError 10051] A socket operation was attempted to an unreachable network
2026-02-10 18:57:37,387 [ERROR] Polling thread error: PLC disconnected: [WinError 10051] A socket operation was attempted to an unreachable network
2026-02-10 18:57:38,483 [ERROR] Polling thread error: PLC disconnected: [WinError 10051] A socket operation was attempted to an unreachable network
2026-02-10 18:57:39,594 [ERROR] Polling thread error: PLC disconnected: [WinError 10051] A socket operation was attempted to an unreachable network
2026-02-10 18:57:40,696 [ERROR] Polling thread error: PLC disconnected: [WinError 10051] A socket operation was attempted to an unreachable network
2026-02-10 18:57:41,783 [ERROR] Polling thread error: PLC disconnected: [WinError 10051] A socket operation was attempted to an unreachable network
2026-02-10 18:57:42,881 [ERROR] Polling thread error: PLC disconnected: [WinError 10051] A socket operation was attempted to an unreachable network
2026-02-10 18:57:43,972 [ERROR] Polling thread error: PLC disconnected: [WinError 10051] A socket operation was attempted to an unreachable network
2026-02-10 18:57:45,060 [ERROR] Polling thread error: PLC disconnected: [WinError 10051] A socket operation was attempted to an unreachable network
2026-02-10 18:57:46,149 [ERROR] Polling thread error: PLC disconnected: [WinError 10051] A socket operation was attempted to an unreachable network
2026-02-10 18:57:47,256 [ERROR] Polling thread error: PLC disconnected: [WinError 10051] A socket operation was attempted to an unreachable network
2026-02-10 18:57:48,346 [ERROR] Polling thread error: PLC disconnected: [WinError 10051] A socket operation was attempted to an unreachable network
2026-02-10 18:57:49,427 [ERROR] Polling thread error: PLC disconnected: [WinError 10051] A socket operation was attempted to an unreachable network
2026-02-10 18:57:50,519 [ERROR] Polling thread error: PLC disconnected: [WinError 10051] A socket operation was attempted to an unreachable network
2026-02-10 18:57:51,612 [ERROR] Polling thread error: PLC disconnected: [WinError 10051] A socket operation was attempted to an unreachable network
2026-02-10 18:57:52,709 [ERROR] Polling thread error: PLC disconnected: [WinError 10051] A socket operation was attempted to an unreachable network
2026-02-10 18:57:53,815 [ERROR] Polling thread error: PLC disconnected: [WinError 10051] A socket operation was attempted to an unreachable network
2026-02-10 18:57:54,923 [ERROR] Polling thread error: PLC disconnected: [WinError 10051] A socket operation was attempted to an unreachable network
2026-02-10 18:57:56,009 [ERROR] Polling thread error: PLC disconnected: [WinError 10051] A socket operation was attempted to an unreachable network
2026-02-10 18:57:57,112 [ERROR] Polling thread error: PLC disconnected: [WinError 10051] A socket operation was attempted to an unreachable network
2026-02-10 18:57:58,217 [ERROR] Polling thread error: PLC disconnected: [WinError 10051] A socket operation was attempted to an unreachable network
2026-02-10 18:57:59,296 [ERROR] Polling thread error: PLC disconnected: [WinError 10051] A socket operation was attempted to an unreachable network
2026-02-10 18:58:00,403 [ERROR] Polling thread error: PLC disconnected: [WinError 10051] A socket operation was attempted to an unreachable network
2026-02-10 18:58:01,510 [ERROR] Polling thread error: PLC disconnected: [WinError 10051] A socket operation was attempted to an unreachable network
2026-02-10 18:58:02,615 [ERROR] Polling thread error: PLC disconnected: [WinError 10051] A socket operation was attempted to an unreachable network
2026-02-10 18:58:03,715 [ERROR] Polling thread error: PLC disconnected: [WinError 10051] A socket operation was attempted to an unreachable network
2026-02-10 18:58:04,803 [ERROR] Polling thread error: PLC disconnected: [WinError 10051] A socket operation was attempted to an unreachable network
2026-02-10 18:58:05,902 [ERROR] Polling thread error: PLC disconnected: [WinError 10051] A socket operation was attempted to an unreachable network
2026-02-10 18:58:07,010 [ERROR] Polling thread error: PLC disconnected: [WinError 10051] A socket operation was attempted to an unreachable network
2026-02-10 18:58:08,117 [ERROR] Polling thread error: PLC disconnected: [WinError 10051] A socket operation was attempted to an unreachable network
2026-02-10 18:58:09,218 [ERROR] Polling thread error: PLC disconnected: [WinError 10051] A socket operation was attempted to an unreachable network
2026-02-10 18:58:10,320 [ERROR] Polling thread error: PLC disconnected: [WinError 10051] A socket operation was attempted to an unreachable network
2026-02-10 18:58:11,417 [ERROR] Polling thread error: PLC disconnected: [WinError 10051] A socket operation was attempted to an unreachable network
2026-02-10 18:58:12,524 [ERROR] Polling thread error: PLC disconnected: [WinError 10051] A socket operation was attempted to an unreachable network
2026-02-10 18:58:13,623 [ERROR] Polling thread error: PLC disconnected: [WinError 10051] A socket operation was attempted to an unreachable network
2026-02-10 18:58:14,724 [ERROR] Polling thread error: PLC disconnected: [WinError 10051] A socket operation was attempted to an unreachable network
2026-02-10 18:58:15,811 [ERROR] Polling thread error: PLC disconnected: [WinError 10051] A socket operation was attempted to an unreachable network
2026-02-10 18:58:16,890 [ERROR] Polling thread error: PLC disconnected: [WinError 10051] A socket operation was attempted to an unreachable network
2026-02-10 18:58:17,992 [ERROR] Polling thread error: PLC disconnected: [WinError 10051] A socket operation was attempted to an unreachable network
2026-02-10 18:58:19,083 [ERROR] Polling thread error: PLC disconnected: [WinError 10051] A socket operation was attempted to an unreachable network
2026-02-10 18:58:20,191 [ERROR] Polling thread error: PLC disconnected: [WinError 10051] A socket operation was attempted to an unreachable network
2026-02-10 18:58:21,283 [ERROR] Polling thread error: PLC disconnected: [WinError 10051] A socket operation was attempted to an unreachable network
2026-02-10 18:58:22,373 [ERROR] Polling thread error: PLC disconnected: [WinError 10051] A socket operation was attempted to an unreachable network
2026-02-10 18:58:23,464 [ERROR] Polling thread error: PLC disconnected: [WinError 10051] A socket operation was attempted to an unreachable network
2026-02-10 18:58:24,555 [ERROR] Polling thread error: PLC disconnected: [WinError 10051] A socket operation was attempted to an unreachable network
2026-02-10 18:58:25,656 [ERROR] Polling thread error: PLC disconnected: [WinError 10051] A socket operation was attempted to an unreachable network
2026-02-10 18:58:26,747 [ERROR] Polling thread error: PLC disconnected: [WinError 10051] A socket operation was attempted to an unreachable network
2026-02-10 18:58:27,857 [ERROR] Polling thread error: PLC disconnected: [WinError 10051] A socket operation was attempted to an unreachable network
2026-02-10 18:58:28,939 [ERROR] Polling thread error: PLC disconnected: [WinError 10051] A socket operation was attempted to an unreachable network
2026-02-10 18:58:30,044 [ERROR] Polling thread error: PLC disconnected: [WinError 10051] A socket operation was attempted to an unreachable network
2026-02-10 18:58:31,142 [ERROR] Polling thread error: PLC disconnected: [WinError 10051] A socket operation was attempted to an unreachable network
2026-02-10 18:58:32,232 [ERROR] Polling thread error: PLC disconnected: [WinError 10051] A socket operation was attempted to an unreachable network
2026-02-10 18:58:33,336 [ERROR] Polling thread error: PLC disconnected: [WinError 10051] A socket operation was attempted to an unreachable network
2026-02-10 18:58:34,443 [ERROR] Polling thread error: PLC disconnected: [WinError 10051] A socket operation was attempted to an unreachable network
2026-02-10 18:58:35,533 [ERROR] Polling thread error: PLC disconnected: [WinError 10051] A socket operation was attempted to an unreachable network
2026-02-10 18:58:36,638 [ERROR] Polling thread error: PLC disconnected: [WinError 10051] A socket operation was attempted to an unreachable network
2026-02-10 18:58:37,743 [ERROR] Polling thread error: PLC disconnected: [WinError 10051] A socket operation was attempted to an unreachable network
2026-02-10 18:58:38,833 [ERROR] Polling thread error: PLC disconnected: [WinError 10051] A socket operation was attempted to an unreachable network
2026-02-10 18:58:39,935 [ERROR] Polling thread error: PLC disconnected: [WinError 10051] A socket operation was attempted to an unreachable network
2026-02-10 18:58:41,014 [ERROR] Polling thread error: PLC disconnected: [WinError 10051] A socket operation was attempted to an unreachable network
2026-02-10 18:58:42,104 [ERROR] Polling thread error: PLC disconnected: [WinError 10051] A socket operation was attempted to an unreachable network
2026-02-10 18:58:43,197 [ERROR] Polling thread error: PLC disconnected: [WinError 10051] A socket operation was attempted to an unreachable network
2026-02-10 18:58:44,302 [ERROR] Polling thread error: PLC disconnected: [WinError 10051] A socket operation was attempted to an unreachable network
2026-02-10 18:58:45,392 [ERROR] Polling thread error: PLC disconnected: [WinError 10051] A socket operation was attempted to an unreachable network
2026-02-10 18:58:46,502 [ERROR] Polling thread error: PLC disconnected: [WinError 10051] A socket operation was attempted to an unreachable network
2026-02-10 18:58:47,597 [ERROR] Polling thread error: PLC disconnected: [WinError 10051] A socket operation was attempted to an unreachable network
2026-02-10 18:58:48,687 [ERROR] Polling thread error: PLC disconnected: [WinError 10051] A socket operation was attempted to an unreachable network
2026-02-10 18:58:49,795 [ERROR] Polling thread error: PLC disconnected: [WinError 10051] A socket operation was attempted to an unreachable network
2026-02-10 18:58:50,900 [ERROR] Polling thread error: PLC disconnected: [WinError 10051] A socket operation was attempted to an unreachable network
2026-02-10 18:58:51,999 [ERROR] Polling thread error: PLC disconnected: [WinError 10051] A socket operation was attempted to an unreachable network
2026-02-10 18:58:53,102 [ERROR] Polling thread error: PLC disconnected: [WinError 10051] A socket operation was attempted to an unreachable network
2026-02-10 18:58:54,201 [ERROR] Polling thread error: PLC disconnected: [WinError 10051] A socket operation was attempted to an unreachable network
2026-02-10 18:58:55,284 [ERROR] Polling thread error: PLC disconnected: [WinError 10051] A socket operation was attempted to an unreachable network
2026-02-10 18:58:56,384 [ERROR] Polling thread error: PLC disconnected: [WinError 10051] A socket operation was attempted to an unreachable network
2026-02-10 18:58:57,487 [ERROR] Polling thread error: PLC disconnected: [WinError 10051] A socket operation was attempted to an unreachable network
2026-02-10 18:58:58,576 [ERROR] Polling thread error: PLC disconnected: [WinError 10051] A socket operation was attempted to an unreachable network
2026-02-10 18:58:59,672 [ERROR] Polling thread error: PLC disconnected: [WinError 10051] A socket operation was attempted to an unreachable network
2026-02-10 18:59:00,757 [ERROR] Polling thread error: PLC disconnected: [WinError 10051] A socket operation was attempted to an unreachable network
2026-02-10 18:59:01,859 [ERROR] Polling thread error: PLC disconnected: [WinError 10051] A socket operation was attempted to an unreachable network
2026-02-10 18:59:02,957 [ERROR] Polling thread error: PLC disconnected: [WinError 10051] A socket operation was attempted to an unreachable network
2026-02-10 18:59:04,062 [ERROR] Polling thread error: PLC disconnected: [WinError 10051] A socket operation was attempted to an unreachable network
2026-02-10 18:59:05,152 [ERROR] Polling thread error: PLC disconnected: [WinError 10051] A socket operation was attempted to an unreachable network
2026-02-10 18:59:06,252 [ERROR] Polling thread error: PLC disconnected: [WinError 10051] A socket operation was attempted to an unreachable network
2026-02-10 18:59:07,351 [ERROR] Polling thread error: PLC disconnected: [WinError 10051] A socket operation was attempted to an unreachable network
2026-02-10 18:59:08,442 [ERROR] Polling thread error: PLC disconnected: [WinError 10051] A socket operation was attempted to an unreachable network
2026-02-10 18:59:09,527 [ERROR] Polling thread error: PLC disconnected: [WinError 10051] A socket operation was attempted to an unreachable network
2026-02-10 18:59:10,612 [ERROR] Polling thread error: PLC disconnected: [WinError 10051] A socket operation was attempted to an unreachable network
2026-02-10 18:59:11,715 [ERROR] Polling thread error: PLC disconnected: [WinError 10051] A socket operation was attempted to an unreachable network
2026-02-10 18:59:12,817 [ERROR] Polling thread error: PLC disconnected: [WinError 10051] A socket operation was attempted to an unreachable network
2026-02-10 18:59:13,901 [ERROR] Polling thread error: PLC disconnected: [WinError 10051] A socket operation was attempted to an unreachable network
2026-02-10 18:59:15,009 [ERROR] Polling thread error: PLC disconnected: [WinError 10051] A socket operation was attempted to an unreachable network
2026-02-10 18:59:16,094 [ERROR] Polling thread error: PLC disconnected: [WinError 10051] A socket operation was attempted to an unreachable network
2026-02-10 18:59:17,201 [ERROR] Polling thread error: PLC disconnected: [WinError 10051] A socket operation was attempted to an unreachable network
2026-02-10 18:59:18,293 [ERROR] Polling thread error: PLC disconnected: [WinError 10051] A socket operation was attempted to an unreachable network
2026-02-10 18:59:19,387 [ERROR] Polling thread error: PLC disconnected: [WinError 10051] A socket operation was attempted to an unreachable network
2026-02-10 18:59:20,477 [ERROR] Polling thread error: PLC disconnected: [WinError 10051] A socket operation was attempted to an unreachable network
2026-02-10 18:59:21,567 [ERROR] Polling thread error: PLC disconnected: [WinError 10051] A socket operation was attempted to an unreachable network
2026-02-10 18:59:22,672 [ERROR] Polling thread error: PLC disconnected: [WinError 10051] A socket operation was attempted to an unreachable network
2026-02-10 18:59:23,770 [ERROR] Polling thread error: PLC disconnected: [WinError 10051] A socket operation was attempted to an unreachable network
2026-02-10 18:59:24,847 [ERROR] Polling thread error: PLC disconnected: [WinError 10051] A socket operation was attempted to an unreachable network
2026-02-10 18:59:25,935 [ERROR] Polling thread error: PLC disconnected: [WinError 10051] A socket operation was attempted to an unreachable network
2026-02-10 18:59:27,042 [ERROR] Polling thread error: PLC disconnected: [WinError 10051] A socket operation was attempted to an unreachable network
2026-02-10 18:59:28,124 [ERROR] Polling thread error: PLC disconnected: [WinError 10051] A socket operation was attempted to an unreachable network
2026-02-10 18:59:29,225 [ERROR] Polling thread error: PLC disconnected: [WinError 10051] A socket operation was attempted to an unreachable network
2026-02-10 18:59:30,316 [ERROR] Polling thread error: PLC disconnected: [WinError 10051] A socket operation was attempted to an unreachable network
2026-02-10 18:59:31,418 [ERROR] Polling thread error: PLC disconnected: [WinError 10051] A socket operation was attempted to an unreachable network
2026-02-10 18:59:32,504 [ERROR] Polling thread error: PLC disconnected: [WinError 10051] A socket operation was attempted to an unreachable network
2026-02-10 18:59:33,589 [ERROR] Polling thread error: PLC disconnected: [WinError 10051] A socket operation was attempted to an unreachable network
2026-02-10 18:59:34,691 [ERROR] Polling thread error: PLC disconnected: [WinError 10051] A socket operation was attempted to an unreachable network
2026-02-10 18:59:35,789 [ERROR] Polling thread error: PLC disconnected: [WinError 10051] A socket operation was attempted to an unreachable network
2026-02-10 18:59:36,875 [ERROR] Polling thread error: PLC disconnected: [WinError 10051] A socket operation was attempted to an unreachable network
2026-02-10 18:59:37,979 [ERROR] Polling thread error: PLC disconnected: [WinError 10051] A socket operation was attempted to an unreachable network
2026-02-10 18:59:39,069 [ERROR] Polling thread error: PLC disconnected: [WinError 10051] A socket operation was attempted to an unreachable network
2026-02-10 18:59:40,172 [ERROR] Polling thread error: PLC disconnected: [WinError 10051] A socket operation was attempted to an unreachable network
2026-02-10 18:59:41,269 [ERROR] Polling thread error: PLC disconnected: [WinError 10051] A socket operation was attempted to an unreachable network
2026-02-10 18:59:42,360 [ERROR] Polling thread error: PLC disconnected: [WinError 10051] A socket operation was attempted to an unreachable network
2026-02-10 18:59:43,466 [ERROR] Polling thread error: PLC disconnected: [WinError 10051] A socket operation was attempted to an unreachable network
2026-02-10 18:59:44,572 [ERROR] Polling thread error: PLC disconnected: [WinError 10051] A socket operation was attempted to an unreachable network
2026-02-10 18:59:45,660 [ERROR] Polling thread error: PLC disconnected: [WinError 10051] A socket operation was attempted to an unreachable network
2026-02-10 18:59:46,764 [ERROR] Polling thread error: PLC disconnected: [WinError 10051] A socket operation was attempted to an unreachable network
2026-02-10 18:59:47,852 [ERROR] Polling thread error: PLC disconnected: [WinError 10051] A socket operation was attempted to an unreachable network
2026-02-10 18:59:48,947 [ERROR] Polling thread error: PLC disconnected: [WinError 10051] A socket operation was attempted to an unreachable network
2026-02-10 18:59:50,050 [ERROR] Polling thread error: PLC disconnected: [WinError 10051] A socket operation was attempted to an unreachable network
2026-02-10 18:59:51,135 [ERROR] Polling thread error: PLC disconnected: [WinError 10051] A socket operation was attempted to an unreachable network
2026-02-10 18:59:52,226 [ERROR] Polling thread error: PLC disconnected: [WinError 10051] A socket operation was attempted to an unreachable network
2026-02-10 18:59:53,315 [ERROR] Polling thread error: PLC disconnected: [WinError 10051] A socket operation was attempted to an unreachable network
2026-02-10 18:59:54,403 [ERROR] Polling thread error: PLC disconnected: [WinError 10051] A socket operation was attempted to an unreachable network
2026-02-10 18:59:55,489 [ERROR] Polling thread error: PLC disconnected: [WinError 10051] A socket operation was attempted to an unreachable network
2026-02-10 18:59:56,576 [ERROR] Polling thread error: PLC disconnected: [WinError 10051] A socket operation was attempted to an unreachable network
2026-02-10 18:59:57,674 [ERROR] Polling thread error: PLC disconnected: [WinError 10051] A socket operation was attempted to an unreachable network
2026-02-10 18:59:58,772 [ERROR] Polling thread error: PLC disconnected: [WinError 10051] A socket operation was attempted to an unreachable network
2026-02-10 18:59:59,856 [ERROR] Polling thread error: PLC disconnected: [WinError 10051] A socket operation was attempted to an unreachable network
2026-02-10 19:00:00,940 [ERROR] Polling thread error: PLC disconnected: [WinError 10051] A socket operation was attempted to an unreachable network
2026-02-10 19:00:02,042 [ERROR] Polling thread error: PLC disconnected: [WinError 10051] A socket operation was attempted to an unreachable network
2026-02-10 19:00:03,124 [ERROR] Polling thread error: PLC disconnected: [WinError 10051] A socket operation was attempted to an unreachable network
2026-02-10 19:00:04,206 [ERROR] Polling thread error: PLC disconnected: [WinError 10051] A socket operation was attempted to an unreachable network
2026-02-10 19:00:05,308 [ERROR] Polling thread error: PLC disconnected: [WinError 10051] A socket operation was attempted to an unreachable network
2026-02-10 19:00:06,404 [ERROR] Polling thread error: PLC disconnected: [WinError 10051] A socket operation was attempted to an unreachable network
2026-02-10 19:00:07,488 [ERROR] Polling thread error: PLC disconnected: [WinError 10051] A socket operation was attempted to an unreachable network
2026-02-10 19:00:08,595 [ERROR] Polling thread error: PLC disconnected: [WinError 10051] A socket operation was attempted to an unreachable network
2026-02-10 19:00:09,692 [ERROR] Polling thread error: PLC disconnected: [WinError 10051] A socket operation was attempted to an unreachable network
2026-02-10 19:00:10,782 [ERROR] Polling thread error: PLC disconnected: [WinError 10051] A socket operation was attempted to an unreachable network
2026-02-10 19:00:11,883 [ERROR] Polling thread error: PLC disconnected: [WinError 10051] A socket operation was attempted to an unreachable network
2026-02-10 19:00:12,988 [ERROR] Polling thread error: PLC disconnected: [WinError 10051] A socket operation was attempted to an unreachable network
2026-02-10 19:00:14,091 [ERROR] Polling thread error: PLC disconnected: [WinError 10051] A socket operation was attempted to an unreachable network
2026-02-10 19:00:15,192 [ERROR] Polling thread error: PLC disconnected: [WinError 10051] A socket operation was attempted to an unreachable network
2026-02-10 19:00:16,279 [ERROR] Polling thread error: PLC disconnected: [WinError 10051] A socket operation was attempted to an unreachable network
2026-02-10 19:00:17,361 [ERROR] Polling thread error: PLC disconnected: [WinError 10051] A socket operation was attempted to an unreachable network
2026-02-10 19:00:18,458 [ERROR] Polling thread error: PLC disconnected: [WinError 10051] A socket operation was attempted to an unreachable network
2026-02-10 19:00:19,545 [ERROR] Polling thread error: PLC disconnected: [WinError 10051] A socket operation was attempted to an unreachable network
2026-02-10 19:00:20,645 [ERROR] Polling thread error: PLC disconnected: [WinError 10051] A socket operation was attempted to an unreachable network
2026-02-10 19:00:21,745 [ERROR] Polling thread error: PLC disconnected: [WinError 10051] A socket operation was attempted to an unreachable network
2026-02-10 19:00:22,848 [ERROR] Polling thread error: PLC disconnected: [WinError 10051] A socket operation was attempted to an unreachable network
2026-02-10 19:00:23,941 [ERROR] Polling thread error: PLC disconnected: [WinError 10051] A socket operation was attempted to an unreachable network
2026-02-10 19:00:25,046 [ERROR] Polling thread error: PLC disconnected: [WinError 10051] A socket operation was attempted to an unreachable network
2026-02-10 19:00:26,149 [ERROR] Polling thread error: PLC disconnected: [WinError 10051] A socket operation was attempted to an unreachable network
2026-02-10 19:00:27,270 [ERROR] Polling thread error: PLC disconnected: [WinError 10051] A socket operation was attempted to an unreachable network
2026-02-10 19:00:28,368 [ERROR] Polling thread error: PLC disconnected: [WinError 10051] A socket operation was attempted to an unreachable network
2026-02-10 19:00:31,466 [ERROR] Polling thread error: PLC disconnected: timed out
2026-02-10 19:00:34,551 [ERROR] Polling thread error: PLC disconnected: timed out
2026-02-10 19:00:37,634 [ERROR] Polling thread error: PLC disconnected: timed out
2026-02-10 19:00:40,734 [ERROR] Polling thread error: PLC disconnected: timed out
2026-02-10 19:00:43,833 [ERROR] Polling thread error: PLC disconnected: timed out
2026-02-10 19:00:46,931 [ERROR] Polling thread error: PLC disconnected: timed out
2026-02-10 19:00:50,025 [ERROR] Polling thread error: PLC disconnected: timed out
2026-02-10 19:00:53,111 [ERROR] Polling thread error: PLC disconnected: timed out
2026-02-10 19:00:56,199 [ERROR] Polling thread error: PLC disconnected: timed out
2026-02-10 19:00:59,296 [ERROR] Polling thread error: PLC disconnected: timed out
2026-02-10 19:01:02,381 [ERROR] Polling thread error: PLC disconnected: timed out
2026-02-10 19:01:05,478 [ERROR] Polling thread error: PLC disconnected: timed out
2026-02-10 19:01:08,579 [ERROR] Polling thread error: PLC disconnected: timed out
2026-02-10 19:01:11,671 [ERROR] Polling thread error: PLC disconnected: timed out
2026-02-10 19:01:14,766 [ERROR] Polling thread error: PLC disconnected: timed out
2026-02-10 19:01:17,864 [ERROR] Polling thread error: PLC disconnected: timed out
2026-02-10 19:01:20,955 [ERROR] Polling thread error: PLC disconnected: timed out
2026-02-10 19:01:24,037 [ERROR] Polling thread error: PLC disconnected: timed out
2026-02-10 19:01:27,129 [ERROR] Polling thread error: PLC disconnected: timed out
2026-02-10 19:01:30,216 [ERROR] Polling thread error: PLC disconnected: timed out
2026-02-10 19:01:33,315 [ERROR] Polling thread error: PLC disconnected: timed out
2026-02-10 19:01:36,417 [ERROR] Polling thread error: PLC disconnected: timed out
2026-02-10 19:01:39,513 [ERROR] Polling thread error: PLC disconnected: timed out
2026-02-10 19:01:42,613 [ERROR] Polling thread error: PLC disconnected: timed out
2026-02-10 19:01:45,710 [ERROR] Polling thread error: PLC disconnected: timed out
2026-02-10 19:01:48,792 [ERROR] Polling thread error: PLC disconnected: timed out
2026-02-10 19:01:49,896 [ERROR] Polling thread error: PLC disconnected: [WinError 10051] A socket operation was attempted to an unreachable network
2026-02-10 19:01:50,993 [ERROR] Polling thread error: PLC disconnected: [WinError 10051] A socket operation was attempted to an unreachable network
2026-02-10 19:01:52,078 [ERROR] Polling thread error: PLC disconnected: [WinError 10051] A socket operation was attempted to an unreachable network
2026-02-10 19:01:53,161 [ERROR] Polling thread error: PLC disconnected: [WinError 10051] A socket operation was attempted to an unreachable network
2026-02-10 19:01:54,245 [ERROR] Polling thread error: PLC disconnected: [WinError 10051] A socket operation was attempted to an unreachable network
2026-02-10 19:01:55,325 [ERROR] Polling thread error: PLC disconnected: [WinError 10051] A socket operation was attempted to an unreachable network
2026-02-10 19:01:56,419 [ERROR] Polling thread error: PLC disconnected: [WinError 10051] A socket operation was attempted to an unreachable network
2026-02-10 19:01:57,523 [ERROR] Polling thread error: PLC disconnected: [WinError 10051] A socket operation was attempted to an unreachable network
2026-02-10 19:01:58,607 [ERROR] Polling thread error: PLC disconnected: [WinError 10051] A socket operation was attempted to an unreachable network
2026-02-10 19:01:59,694 [ERROR] Polling thread error: PLC disconnected: [WinError 10051] A socket operation was attempted to an unreachable network
2026-02-10 19:02:00,779 [ERROR] Polling thread error: PLC disconnected: [WinError 10051] A socket operation was attempted to an unreachable network
2026-02-10 19:02:01,862 [ERROR] Polling thread error: PLC disconnected: [WinError 10051] A socket operation was attempted to an unreachable network
2026-02-10 19:02:02,970 [ERROR] Polling thread error: PLC disconnected: [WinError 10051] A socket operation was attempted to an unreachable network
2026-02-10 19:02:04,056 [ERROR] Polling thread error: PLC disconnected: [WinError 10051] A socket operation was attempted to an unreachable network
2026-02-10 19:02:05,139 [ERROR] Polling thread error: PLC disconnected: [WinError 10051] A socket operation was attempted to an unreachable network
2026-02-10 19:02:18,618 [ERROR] Polling thread error: timed out
2026-02-10 19:02:20,712 [ERROR] Polling thread error: PLC Connection Closed
2026-02-10 19:02:23,817 [ERROR] Polling thread error: PLC disconnected: timed out
2026-02-10 19:02:26,916 [ERROR] Polling thread error: PLC disconnected: timed out
2026-02-10 19:02:30,014 [ERROR] Polling thread error: PLC disconnected: timed out
2026-02-10 19:02:33,124 [ERROR] Polling thread error: PLC disconnected: timed out
2026-02-10 19:02:36,225 [ERROR] Polling thread error: PLC disconnected: timed out
2026-02-10 19:02:39,317 [ERROR] Polling thread error: PLC disconnected: timed out
2026-02-10 19:02:42,416 [ERROR] Polling thread error: PLC disconnected: timed out
2026-02-10 19:02:45,505 [ERROR] Polling thread error: PLC disconnected: timed out
2026-02-10 19:02:48,590 [ERROR] Polling thread error: PLC disconnected: timed out
2026-02-10 19:02:51,686 [ERROR] Polling thread error: PLC disconnected: timed out
2026-02-10 19:02:54,775 [ERROR] Polling thread error: PLC disconnected: timed out
2026-02-10 19:02:57,868 [ERROR] Polling thread error: PLC disconnected: timed out
2026-02-10 19:03:00,966 [ERROR] Polling thread error: PLC disconnected: timed out
2026-02-10 19:03:04,061 [ERROR] Polling thread error: PLC disconnected: timed out
2026-02-10 19:03:07,155 [ERROR] Polling thread error: PLC disconnected: timed out
2026-02-10 19:03:10,250 [ERROR] Polling thread error: PLC disconnected: timed out
2026-02-10 19:03:13,350 [ERROR] Polling thread error: PLC disconnected: timed out
2026-02-10 19:03:16,444 [ERROR] Polling thread error: PLC disconnected: timed out
2026-02-10 19:03:19,539 [ERROR] Polling thread error: PLC disconnected: timed out
2026-02-10 19:03:22,627 [ERROR] Polling thread error: PLC disconnected: timed out
2026-02-10 19:03:25,727 [ERROR] Polling thread error: PLC disconnected: timed out
2026-02-10 19:03:28,824 [ERROR] Polling thread error: PLC disconnected: timed out
2026-02-10 19:03:31,927 [ERROR] Polling thread error: PLC disconnected: timed out
2026-02-10 19:03:35,019 [ERROR] Polling thread error: PLC disconnected: timed out
2026-02-10 19:03:38,108 [ERROR] Polling thread error: PLC disconnected: timed out
2026-02-10 19:03:41,207 [ERROR] Polling thread error: PLC disconnected: timed out
2026-02-10 19:03:44,308 [ERROR] Polling thread error: PLC disconnected: timed out
2026-02-10 19:03:47,405 [ERROR] Polling thread error: PLC disconnected: timed out
2026-02-10 19:03:50,501 [ERROR] Polling thread error: PLC disconnected: timed out
2026-02-10 19:03:53,586 [ERROR] Polling thread error: PLC disconnected: timed out
2026-02-10 19:03:56,672 [ERROR] Polling thread error: PLC disconnected: timed out
2026-02-10 19:03:59,762 [ERROR] Polling thread error: PLC disconnected: timed out
2026-02-10 19:04:10,065 [ERROR] Polling thread error: timed out
2026-02-10 19:04:11,163 [ERROR] Polling thread error: PLC Connection Closed
2026-02-10 19:04:12,256 [ERROR] Polling thread error: PLC Connection Closed
2026-02-10 19:04:13,343 [ERROR] Polling thread error: PLC Connection Closed
2026-02-10 19:04:14,439 [ERROR] Polling thread error: PLC Connection Closed
2026-02-10 19:07:03,969 [ERROR] Polling thread error: [WinError 10054] An existing connection was forcibly closed by the remote host
2026-02-10 19:07:05,063 [ERROR] Polling thread error: PLC disconnected: [WinError 10051] A socket operation was attempted to an unreachable network
2026-02-10 19:07:06,156 [ERROR] Polling thread error: PLC disconnected: [WinError 10051] A socket operation was attempted to an unreachable network
2026-02-10 19:07:07,243 [ERROR] Polling thread error: PLC disconnected: [WinError 10051] A socket operation was attempted to an unreachable network
2026-02-10 19:07:08,353 [ERROR] Polling thread error: PLC disconnected: [WinError 10051] A socket operation was attempted to an unreachable network
2026-02-10 19:07:09,439 [ERROR] Polling thread error: PLC disconnected: [WinError 10051] A socket operation was attempted to an unreachable network
2026-02-10 19:07:10,540 [ERROR] Polling thread error: PLC disconnected: [WinError 10051] A socket operation was attempted to an unreachable network
2026-02-10 19:07:11,641 [ERROR] Polling thread error: PLC disconnected: [WinError 10051] A socket operation was attempted to an unreachable network
2026-02-10 19:07:12,737 [ERROR] Polling thread error: PLC disconnected: [WinError 10051] A socket operation was attempted to an unreachable network
2026-02-10 19:07:13,826 [ERROR] Polling thread error: PLC disconnected: [WinError 10051] A socket operation was attempted to an unreachable network
2026-02-10 19:07:14,919 [ERROR] Polling thread error: PLC disconnected: [WinError 10051] A socket operation was attempted to an unreachable network
2026-02-10 19:07:16,008 [ERROR] Polling thread error: PLC disconnected: [WinError 10051] A socket operation was attempted to an unreachable network
2026-02-10 19:07:17,112 [ERROR] Polling thread error: PLC disconnected: [WinError 10051] A socket operation was attempted to an unreachable network
2026-02-10 19:07:18,221 [ERROR] Polling thread error: PLC disconnected: [WinError 10051] A socket operation was attempted to an unreachable network
2026-02-10 19:07:19,312 [ERROR] Polling thread error: PLC disconnected: [WinError 10051] A socket operation was attempted to an unreachable network
2026-02-10 19:07:20,400 [ERROR] Polling thread error: PLC disconnected: [WinError 10051] A socket operation was attempted to an unreachable network
2026-02-10 19:07:21,487 [ERROR] Polling thread error: PLC disconnected: [WinError 10051] A socket operation was attempted to an unreachable network
2026-02-10 19:07:22,567 [ERROR] Polling thread error: PLC disconnected: [WinError 10051] A socket operation was attempted to an unreachable network
2026-02-10 19:07:23,657 [ERROR] Polling thread error: PLC disconnected: [WinError 10051] A socket operation was attempted to an unreachable network
2026-02-10 19:07:24,745 [ERROR] Polling thread error: PLC disconnected: [WinError 10051] A socket operation was attempted to an unreachable network
2026-02-10 19:07:25,832 [ERROR] Polling thread error: PLC disconnected: [WinError 10051] A socket operation was attempted to an unreachable network
2026-02-10 19:07:26,911 [ERROR] Polling thread error: PLC disconnected: [WinError 10051] A socket operation was attempted to an unreachable network
2026-02-10 19:07:27,989 [ERROR] Polling thread error: PLC disconnected: [WinError 10051] A socket operation was attempted to an unreachable network
2026-02-10 19:07:29,068 [ERROR] Polling thread error: PLC disconnected: [WinError 10051] A socket operation was attempted to an unreachable network
2026-02-10 19:07:30,145 [ERROR] Polling thread error: PLC disconnected: [WinError 10051] A socket operation was attempted to an unreachable network
2026-02-10 19:07:31,223 [ERROR] Polling thread error: PLC disconnected: [WinError 10051] A socket operation was attempted to an unreachable network
2026-02-10 19:07:32,313 [ERROR] Polling thread error: PLC disconnected: [WinError 10051] A socket operation was attempted to an unreachable network
2026-02-10 19:07:33,392 [ERROR] Polling thread error: PLC disconnected: [WinError 10051] A socket operation was attempted to an unreachable network
2026-02-10 19:07:34,479 [ERROR] Polling thread error: PLC disconnected: [WinError 10051] A socket operation was attempted to an unreachable network
2026-02-10 19:07:35,558 [ERROR] Polling thread error: PLC disconnected: [WinError 10051] A socket operation was attempted to an unreachable network
2026-02-10 19:07:36,647 [ERROR] Polling thread error: PLC disconnected: [WinError 10051] A socket operation was attempted to an unreachable network
2026-02-10 19:07:37,741 [ERROR] Polling thread error: PLC disconnected: [WinError 10051] A socket operation was attempted to an unreachable network
2026-02-10 19:07:38,830 [ERROR] Polling thread error: PLC disconnected: [WinError 10051] A socket operation was attempted to an unreachable network
2026-02-10 19:07:39,917 [ERROR] Polling thread error: PLC disconnected: [WinError 10051] A socket operation was attempted to an unreachable network
2026-02-10 19:07:41,006 [ERROR] Polling thread error: PLC disconnected: [WinError 10051] A socket operation was attempted to an unreachable network
2026-02-10 19:07:42,096 [ERROR] Polling thread error: PLC disconnected: [WinError 10051] A socket operation was attempted to an unreachable network
2026-02-10 19:07:43,186 [ERROR] Polling thread error: PLC disconnected: [WinError 10051] A socket operation was attempted to an unreachable network
2026-02-10 19:07:44,264 [ERROR] Polling thread error: PLC disconnected: [WinError 10051] A socket operation was attempted to an unreachable network
2026-02-10 19:07:45,345 [ERROR] Polling thread error: PLC disconnected: [WinError 10051] A socket operation was attempted to an unreachable network
2026-02-10 19:07:46,422 [ERROR] Polling thread error: PLC disconnected: [WinError 10051] A socket operation was attempted to an unreachable network
2026-02-10 19:07:47,501 [ERROR] Polling thread error: PLC disconnected: [WinError 10051] A socket operation was attempted to an unreachable network
2026-02-10 19:07:48,591 [ERROR] Polling thread error: PLC disconnected: [WinError 10051] A socket operation was attempted to an unreachable network
2026-02-10 19:07:49,670 [ERROR] Polling thread error: PLC disconnected: [WinError 10051] A socket operation was attempted to an unreachable network
2026-02-10 19:07:50,772 [ERROR] Polling thread error: PLC disconnected: [WinError 10051] A socket operation was attempted to an unreachable network
2026-02-10 19:07:51,876 [ERROR] Polling thread error: PLC disconnected: [WinError 10051] A socket operation was attempted to an unreachable network
2026-02-10 19:07:52,980 [ERROR] Polling thread error: PLC disconnected: [WinError 10051] A socket operation was attempted to an unreachable network
2026-02-10 19:07:54,071 [ERROR] Polling thread error: PLC disconnected: [WinError 10051] A socket operation was attempted to an unreachable network
2026-02-10 19:07:55,186 [ERROR] Polling thread error: PLC disconnected: [WinError 10051] A socket operation was attempted to an unreachable network
2026-02-10 19:07:56,285 [ERROR] Polling thread error: PLC disconnected: [WinError 10051] A socket operation was attempted to an unreachable network
2026-02-10 19:07:57,370 [ERROR] Polling thread error: PLC disconnected: [WinError 10051] A socket operation was attempted to an unreachable network
2026-02-10 19:07:58,460 [ERROR] Polling thread error: PLC disconnected: [WinError 10051] A socket operation was attempted to an unreachable network
2026-02-10 19:07:59,545 [ERROR] Polling thread error: PLC disconnected: [WinError 10051] A socket operation was attempted to an unreachable network
2026-02-10 19:08:00,634 [ERROR] Polling thread error: PLC disconnected: [WinError 10051] A socket operation was attempted to an unreachable network
2026-02-10 19:08:01,721 [ERROR] Polling thread error: PLC disconnected: [WinError 10051] A socket operation was attempted to an unreachable network
2026-02-10 19:08:02,831 [ERROR] Polling thread error: PLC disconnected: [WinError 10051] A socket operation was attempted to an unreachable network
2026-02-10 19:08:03,920 [ERROR] Polling thread error: PLC disconnected: [WinError 10051] A socket operation was attempted to an unreachable network
2026-02-10 19:08:05,005 [ERROR] Polling thread error: PLC disconnected: [WinError 10051] A socket operation was attempted to an unreachable network
2026-02-10 19:08:06,110 [ERROR] Polling thread error: PLC disconnected: [WinError 10051] A socket operation was attempted to an unreachable network
2026-02-10 19:08:07,202 [ERROR] Polling thread error: PLC disconnected: [WinError 10051] A socket operation was attempted to an unreachable network
2026-02-10 19:08:08,283 [ERROR] Polling thread error: PLC disconnected: [WinError 10051] A socket operation was attempted to an unreachable network
2026-02-10 19:08:09,386 [ERROR] Polling thread error: PLC disconnected: [WinError 10051] A socket operation was attempted to an unreachable network
2026-02-10 19:08:10,480 [ERROR] Polling thread error: PLC disconnected: [WinError 10051] A socket operation was attempted to an unreachable network
2026-02-10 19:08:11,570 [ERROR] Polling thread error: PLC disconnected: [WinError 10051] A socket operation was attempted to an unreachable network
2026-02-10 19:08:12,677 [ERROR] Polling thread error: PLC disconnected: [WinError 10051] A socket operation was attempted to an unreachable network
2026-02-10 19:08:13,767 [ERROR] Polling thread error: PLC disconnected: [WinError 10051] A socket operation was attempted to an unreachable network
2026-02-10 19:08:14,870 [ERROR] Polling thread error: PLC disconnected: [WinError 10051] A socket operation was attempted to an unreachable network
2026-02-10 19:08:15,976 [ERROR] Polling thread error: PLC disconnected: [WinError 10051] A socket operation was attempted to an unreachable network
2026-02-10 19:08:17,064 [ERROR] Polling thread error: PLC disconnected: [WinError 10051] A socket operation was attempted to an unreachable network
2026-02-10 19:08:18,164 [ERROR] Polling thread error: PLC disconnected: [WinError 10051] A socket operation was attempted to an unreachable network
2026-02-10 19:08:19,254 [ERROR] Polling thread error: PLC disconnected: [WinError 10051] A socket operation was attempted to an unreachable network
2026-02-10 19:08:20,361 [ERROR] Polling thread error: PLC disconnected: [WinError 10051] A socket operation was attempted to an unreachable network
2026-02-10 19:08:21,448 [ERROR] Polling thread error: PLC disconnected: [WinError 10051] A socket operation was attempted to an unreachable network
2026-02-10 19:08:22,554 [ERROR] Polling thread error: PLC disconnected: [WinError 10051] A socket operation was attempted to an unreachable network
2026-02-10 19:08:23,641 [ERROR] Polling thread error: PLC disconnected: [WinError 10051] A socket operation was attempted to an unreachable network
2026-02-10 19:08:24,731 [ERROR] Polling thread error: PLC disconnected: [WinError 10051] A socket operation was attempted to an unreachable network
2026-02-10 19:08:25,821 [ERROR] Polling thread error: PLC disconnected: [WinError 10051] A socket operation was attempted to an unreachable network
2026-02-10 19:08:26,926 [ERROR] Polling thread error: PLC disconnected: [WinError 10051] A socket operation was attempted to an unreachable network
2026-02-10 19:08:28,019 [ERROR] Polling thread error: PLC disconnected: [WinError 10051] A socket operation was attempted to an unreachable network
2026-02-10 19:08:29,119 [ERROR] Polling thread error: PLC disconnected: [WinError 10051] A socket operation was attempted to an unreachable network
2026-02-10 19:08:30,228 [ERROR] Polling thread error: PLC disconnected: [WinError 10051] A socket operation was attempted to an unreachable network
2026-02-10 19:08:31,324 [ERROR] Polling thread error: PLC disconnected: [WinError 10051] A socket operation was attempted to an unreachable network
2026-02-10 19:08:32,426 [ERROR] Polling thread error: PLC disconnected: [WinError 10051] A socket operation was attempted to an unreachable network
2026-02-10 19:08:33,516 [ERROR] Polling thread error: PLC disconnected: [WinError 10051] A socket operation was attempted to an unreachable network
2026-02-10 19:08:34,603 [ERROR] Polling thread error: PLC disconnected: [WinError 10051] A socket operation was attempted to an unreachable network
2026-02-10 19:08:35,691 [ERROR] Polling thread error: PLC disconnected: [WinError 10051] A socket operation was attempted to an unreachable network
2026-02-10 19:08:36,782 [ERROR] Polling thread error: PLC disconnected: [WinError 10051] A socket operation was attempted to an unreachable network
2026-02-10 19:08:37,874 [ERROR] Polling thread error: PLC disconnected: [WinError 10051] A socket operation was attempted to an unreachable network
2026-02-10 19:08:38,971 [ERROR] Polling thread error: PLC disconnected: [WinError 10051] A socket operation was attempted to an unreachable network
2026-02-10 19:08:40,067 [ERROR] Polling thread error: PLC disconnected: [WinError 10051] A socket operation was attempted to an unreachable network
2026-02-10 19:08:41,162 [ERROR] Polling thread error: PLC disconnected: [WinError 10051] A socket operation was attempted to an unreachable network
2026-02-10 19:08:42,251 [ERROR] Polling thread error: PLC disconnected: [WinError 10051] A socket operation was attempted to an unreachable network
2026-02-10 19:08:43,352 [ERROR] Polling thread error: PLC disconnected: [WinError 10051] A socket operation was attempted to an unreachable network
2026-02-10 19:08:44,458 [ERROR] Polling thread error: PLC disconnected: [WinError 10051] A socket operation was attempted to an unreachable network
2026-02-10 19:08:45,545 [ERROR] Polling thread error: PLC disconnected: [WinError 10051] A socket operation was attempted to an unreachable network
2026-02-10 19:08:46,649 [ERROR] Polling thread error: PLC disconnected: [WinError 10051] A socket operation was attempted to an unreachable network
2026-02-10 19:08:47,741 [ERROR] Polling thread error: PLC disconnected: [WinError 10051] A socket operation was attempted to an unreachable network
2026-02-10 19:08:48,845 [ERROR] Polling thread error: PLC disconnected: [WinError 10051] A socket operation was attempted to an unreachable network
2026-02-10 19:08:49,952 [ERROR] Polling thread error: PLC disconnected: [WinError 10051] A socket operation was attempted to an unreachable network
2026-02-10 19:08:51,042 [ERROR] Polling thread error: PLC disconnected: [WinError 10051] A socket operation was attempted to an unreachable network
2026-02-10 19:08:52,146 [ERROR] Polling thread error: PLC disconnected: [WinError 10051] A socket operation was attempted to an unreachable network
2026-02-10 19:08:53,235 [ERROR] Polling thread error: PLC disconnected: [WinError 10051] A socket operation was attempted to an unreachable network
2026-02-10 19:08:54,324 [ERROR] Polling thread error: PLC disconnected: [WinError 10051] A socket operation was attempted to an unreachable network
2026-02-10 19:08:55,422 [ERROR] Polling thread error: PLC disconnected: [WinError 10051] A socket operation was attempted to an unreachable network
2026-02-10 19:08:56,503 [ERROR] Polling thread error: PLC disconnected: [WinError 10051] A socket operation was attempted to an unreachable network
2026-02-10 19:08:57,608 [ERROR] Polling thread error: PLC disconnected: [WinError 10051] A socket operation was attempted to an unreachable network
2026-02-10 19:08:58,697 [ERROR] Polling thread error: PLC disconnected: [WinError 10051] A socket operation was attempted to an unreachable network
2026-02-10 19:08:59,792 [ERROR] Polling thread error: PLC disconnected: [WinError 10051] A socket operation was attempted to an unreachable network
2026-02-10 19:09:00,875 [ERROR] Polling thread error: PLC disconnected: [WinError 10051] A socket operation was attempted to an unreachable network
2026-02-10 19:09:01,969 [ERROR] Polling thread error: PLC disconnected: [WinError 10051] A socket operation was attempted to an unreachable network
2026-02-10 19:09:03,075 [ERROR] Polling thread error: PLC disconnected: [WinError 10051] A socket operation was attempted to an unreachable network
2026-02-10 19:09:04,169 [ERROR] Polling thread error: PLC disconnected: [WinError 10051] A socket operation was attempted to an unreachable network
2026-02-10 19:09:05,256 [ERROR] Polling thread error: PLC disconnected: [WinError 10051] A socket operation was attempted to an unreachable network
2026-02-10 19:09:06,346 [ERROR] Polling thread error: PLC disconnected: [WinError 10051] A socket operation was attempted to an unreachable network
2026-02-10 19:09:07,438 [ERROR] Polling thread error: PLC disconnected: [WinError 10051] A socket operation was attempted to an unreachable network
2026-02-10 19:09:08,547 [ERROR] Polling thread error: PLC disconnected: [WinError 10051] A socket operation was attempted to an unreachable network
2026-02-10 19:09:09,636 [ERROR] Polling thread error: PLC disconnected: [WinError 10051] A socket operation was attempted to an unreachable network
2026-02-10 19:09:10,741 [ERROR] Polling thread error: PLC disconnected: [WinError 10051] A socket operation was attempted to an unreachable network
2026-02-10 19:09:11,834 [ERROR] Polling thread error: PLC disconnected: [WinError 10051] A socket operation was attempted to an unreachable network
2026-02-10 19:09:12,938 [ERROR] Polling thread error: PLC disconnected: [WinError 10051] A socket operation was attempted to an unreachable network
2026-02-10 19:09:14,040 [ERROR] Polling thread error: PLC disconnected: [WinError 10051] A socket operation was attempted to an unreachable network
2026-02-10 19:09:15,134 [ERROR] Polling thread error: PLC disconnected: [WinError 10051] A socket operation was attempted to an unreachable network
2026-02-10 19:09:16,224 [ERROR] Polling thread error: PLC disconnected: [WinError 10051] A socket operation was attempted to an unreachable network
2026-02-10 19:09:17,313 [ERROR] Polling thread error: PLC disconnected: [WinError 10051] A socket operation was attempted to an unreachable network
2026-02-10 19:09:18,400 [ERROR] Polling thread error: PLC disconnected: [WinError 10051] A socket operation was attempted to an unreachable network
2026-02-10 19:09:19,504 [ERROR] Polling thread error: PLC disconnected: [WinError 10051] A socket operation was attempted to an unreachable network
2026-02-10 19:09:20,596 [ERROR] Polling thread error: PLC disconnected: [WinError 10051] A socket operation was attempted to an unreachable network
2026-02-10 19:09:21,682 [ERROR] Polling thread error: PLC disconnected: [WinError 10051] A socket operation was attempted to an unreachable network
2026-02-10 19:09:22,793 [ERROR] Polling thread error: PLC disconnected: [WinError 10051] A socket operation was attempted to an unreachable network
2026-02-10 19:09:23,884 [ERROR] Polling thread error: PLC disconnected: [WinError 10051] A socket operation was attempted to an unreachable network
2026-02-10 19:09:24,993 [ERROR] Polling thread error: PLC disconnected: [WinError 10051] A socket operation was attempted to an unreachable network
2026-02-10 19:09:26,093 [ERROR] Polling thread error: PLC disconnected: [WinError 10051] A socket operation was attempted to an unreachable network
2026-02-10 19:09:27,190 [ERROR] Polling thread error: PLC disconnected: [WinError 10051] A socket operation was attempted to an unreachable network
2026-02-10 19:09:28,291 [ERROR] Polling thread error: PLC disconnected: [WinError 10051] A socket operation was attempted to an unreachable network
2026-02-10 19:09:29,389 [ERROR] Polling thread error: PLC disconnected: [WinError 10051] A socket operation was attempted to an unreachable network
2026-02-10 19:09:30,478 [ERROR] Polling thread error: PLC disconnected: [WinError 10051] A socket operation was attempted to an unreachable network
2026-02-10 19:09:31,582 [ERROR] Polling thread error: PLC disconnected: [WinError 10051] A socket operation was attempted to an unreachable network
2026-02-10 19:09:32,674 [ERROR] Polling thread error: PLC disconnected: [WinError 10051] A socket operation was attempted to an unreachable network
2026-02-10 19:09:33,771 [ERROR] Polling thread error: PLC disconnected: [WinError 10051] A socket operation was attempted to an unreachable network
2026-02-10 19:09:34,860 [ERROR] Polling thread error: PLC disconnected: [WinError 10051] A socket operation was attempted to an unreachable network
2026-02-10 19:09:35,967 [ERROR] Polling thread error: PLC disconnected: [WinError 10051] A socket operation was attempted to an unreachable network
2026-02-10 19:09:37,057 [ERROR] Polling thread error: PLC disconnected: [WinError 10051] A socket operation was attempted to an unreachable network
2026-02-10 19:09:38,148 [ERROR] Polling thread error: PLC disconnected: [WinError 10051] A socket operation was attempted to an unreachable network
2026-02-10 19:09:39,231 [ERROR] Polling thread error: PLC disconnected: [WinError 10051] A socket operation was attempted to an unreachable network
2026-02-10 19:09:40,332 [ERROR] Polling thread error: PLC disconnected: [WinError 10051] A socket operation was attempted to an unreachable network
2026-02-10 19:09:41,439 [ERROR] Polling thread error: PLC disconnected: [WinError 10051] A socket operation was attempted to an unreachable network
2026-02-10 19:09:42,535 [ERROR] Polling thread error: PLC disconnected: [WinError 10051] A socket operation was attempted to an unreachable network
2026-02-10 19:09:43,639 [ERROR] Polling thread error: PLC disconnected: [WinError 10051] A socket operation was attempted to an unreachable network
2026-02-10 19:09:44,734 [ERROR] Polling thread error: PLC disconnected: [WinError 10051] A socket operation was attempted to an unreachable network
2026-02-10 19:09:45,825 [ERROR] Polling thread error: PLC disconnected: [WinError 10051] A socket operation was attempted to an unreachable network
2026-02-10 19:09:46,916 [ERROR] Polling thread error: PLC disconnected: [WinError 10051] A socket operation was attempted to an unreachable network
2026-02-10 19:09:48,018 [ERROR] Polling thread error: PLC disconnected: [WinError 10051] A socket operation was attempted to an unreachable network
2026-02-10 19:09:49,124 [ERROR] Polling thread error: PLC disconnected: [WinError 10051] A socket operation was attempted to an unreachable network
2026-02-10 19:09:50,228 [ERROR] Polling thread error: PLC disconnected: [WinError 10051] A socket operation was attempted to an unreachable network
2026-02-10 19:09:51,322 [ERROR] Polling thread error: PLC disconnected: [WinError 10051] A socket operation was attempted to an unreachable network
2026-02-10 19:09:52,426 [ERROR] Polling thread error: PLC disconnected: [WinError 10051] A socket operation was attempted to an unreachable network
2026-02-10 19:09:53,521 [ERROR] Polling thread error: PLC disconnected: [WinError 10051] A socket operation was attempted to an unreachable network
2026-02-10 19:09:54,609 [ERROR] Polling thread error: PLC disconnected: [WinError 10051] A socket operation was attempted to an unreachable network
2026-02-10 19:09:55,720 [ERROR] Polling thread error: PLC disconnected: [WinError 10051] A socket operation was attempted to an unreachable network
2026-02-10 19:09:56,820 [ERROR] Polling thread error: PLC disconnected: [WinError 10051] A socket operation was attempted to an unreachable network
2026-02-10 19:09:57,925 [ERROR] Polling thread error: PLC disconnected: [WinError 10051] A socket operation was attempted to an unreachable network
2026-02-10 19:09:59,021 [ERROR] Polling thread error: PLC disconnected: [WinError 10051] A socket operation was attempted to an unreachable network
2026-02-10 19:10:00,109 [ERROR] Polling thread error: PLC disconnected: [WinError 10051] A socket operation was attempted to an unreachable network
2026-02-10 19:10:01,201 [ERROR] Polling thread error: PLC disconnected: [WinError 10051] A socket operation was attempted to an unreachable network
2026-02-10 19:10:02,306 [ERROR] Polling thread error: PLC disconnected: [WinError 10051] A socket operation was attempted to an unreachable network
2026-02-10 19:10:03,405 [ERROR] Polling thread error: PLC disconnected: [WinError 10051] A socket operation was attempted to an unreachable network
2026-02-10 19:10:04,490 [ERROR] Polling thread error: PLC disconnected: [WinError 10051] A socket operation was attempted to an unreachable network
2026-02-10 19:10:05,594 [ERROR] Polling thread error: PLC disconnected: [WinError 10051] A socket operation was attempted to an unreachable network
2026-02-10 19:10:06,702 [ERROR] Polling thread error: PLC disconnected: [WinError 10051] A socket operation was attempted to an unreachable network
2026-02-10 19:10:07,792 [ERROR] Polling thread error: PLC disconnected: [WinError 10051] A socket operation was attempted to an unreachable network
2026-02-10 19:10:08,894 [ERROR] Polling thread error: PLC disconnected: [WinError 10051] A socket operation was attempted to an unreachable network
2026-02-10 19:10:10,002 [ERROR] Polling thread error: PLC disconnected: [WinError 10051] A socket operation was attempted to an unreachable network
2026-02-10 19:10:11,104 [ERROR] Polling thread error: PLC disconnected: [WinError 10051] A socket operation was attempted to an unreachable network
2026-02-10 19:10:12,211 [ERROR] Polling thread error: PLC disconnected: [WinError 10051] A socket operation was attempted to an unreachable network
2026-02-10 19:10:13,303 [ERROR] Polling thread error: PLC disconnected: [WinError 10051] A socket operation was attempted to an unreachable network
2026-02-10 19:10:14,391 [ERROR] Polling thread error: PLC disconnected: [WinError 10051] A socket operation was attempted to an unreachable network
2026-02-10 19:10:15,479 [ERROR] Polling thread error: PLC disconnected: [WinError 10051] A socket operation was attempted to an unreachable network
2026-02-10 19:10:16,568 [ERROR] Polling thread error: PLC disconnected: [WinError 10051] A socket operation was attempted to an unreachable network
2026-02-10 19:10:17,660 [ERROR] Polling thread error: PLC disconnected: [WinError 10051] A socket operation was attempted to an unreachable network
2026-02-10 19:10:18,754 [ERROR] Polling thread error: PLC disconnected: [WinError 10051] A socket operation was attempted to an unreachable network
2026-02-10 19:10:19,839 [ERROR] Polling thread error: PLC disconnected: [WinError 10051] A socket operation was attempted to an unreachable network
2026-02-10 19:10:20,926 [ERROR] Polling thread error: PLC disconnected: [WinError 10051] A socket operation was attempted to an unreachable network
2026-02-10 19:10:22,020 [ERROR] Polling thread error: PLC disconnected: [WinError 10051] A socket operation was attempted to an unreachable network
2026-02-10 19:10:23,112 [ERROR] Polling thread error: PLC disconnected: [WinError 10051] A socket operation was attempted to an unreachable network
2026-02-10 19:10:24,217 [ERROR] Polling thread error: PLC disconnected: [WinError 10051] A socket operation was attempted to an unreachable network
2026-02-10 19:10:25,325 [ERROR] Polling thread error: PLC disconnected: [WinError 10051] A socket operation was attempted to an unreachable network
2026-02-10 19:10:26,418 [ERROR] Polling thread error: PLC disconnected: [WinError 10051] A socket operation was attempted to an unreachable network
2026-02-10 19:10:27,502 [ERROR] Polling thread error: PLC disconnected: [WinError 10051] A socket operation was attempted to an unreachable network
2026-02-10 19:10:28,606 [ERROR] Polling thread error: PLC disconnected: [WinError 10051] A socket operation was attempted to an unreachable network
2026-02-10 19:10:29,690 [ERROR] Polling thread error: PLC disconnected: [WinError 10051] A socket operation was attempted to an unreachable network
2026-02-10 19:10:30,795 [ERROR] Polling thread error: PLC disconnected: [WinError 10051] A socket operation was attempted to an unreachable network
2026-02-10 19:10:31,888 [ERROR] Polling thread error: PLC disconnected: [WinError 10051] A socket operation was attempted to an unreachable network
2026-02-10 19:10:32,989 [ERROR] Polling thread error: PLC disconnected: [WinError 10051] A socket operation was attempted to an unreachable network
2026-02-10 19:10:34,090 [ERROR] Polling thread error: PLC disconnected: [WinError 10051] A socket operation was attempted to an unreachable network
2026-02-10 19:10:35,181 [ERROR] Polling thread error: PLC disconnected: [WinError 10051] A socket operation was attempted to an unreachable network
2026-02-10 19:10:36,273 [ERROR] Polling thread error: PLC disconnected: [WinError 10051] A socket operation was attempted to an unreachable network
2026-02-10 19:10:37,373 [ERROR] Polling thread error: PLC disconnected: [WinError 10051] A socket operation was attempted to an unreachable network
2026-02-10 19:10:38,469 [ERROR] Polling thread error: PLC disconnected: [WinError 10051] A socket operation was attempted to an unreachable network
2026-02-10 19:10:39,551 [ERROR] Polling thread error: PLC disconnected: [WinError 10051] A socket operation was attempted to an unreachable network
2026-02-10 19:10:40,650 [ERROR] Polling thread error: PLC disconnected: [WinError 10051] A socket operation was attempted to an unreachable network
2026-02-10 19:10:41,742 [ERROR] Polling thread error: PLC disconnected: [WinError 10051] A socket operation was attempted to an unreachable network
2026-02-10 19:10:42,833 [ERROR] Polling thread error: PLC disconnected: [WinError 10051] A socket operation was attempted to an unreachable network
2026-02-10 19:10:43,920 [ERROR] Polling thread error: PLC disconnected: [WinError 10051] A socket operation was attempted to an unreachable network
2026-02-10 19:10:45,026 [ERROR] Polling thread error: PLC disconnected: [WinError 10051] A socket operation was attempted to an unreachable network
2026-02-10 19:10:46,119 [ERROR] Polling thread error: PLC disconnected: [WinError 10051] A socket operation was attempted to an unreachable network
2026-02-10 19:10:47,209 [ERROR] Polling thread error: PLC disconnected: [WinError 10051] A socket operation was attempted to an unreachable network
2026-02-10 19:10:48,297 [ERROR] Polling thread error: PLC disconnected: [WinError 10051] A socket operation was attempted to an unreachable network
2026-02-10 19:10:49,405 [ERROR] Polling thread error: PLC disconnected: [WinError 10051] A socket operation was attempted to an unreachable network
2026-02-10 19:10:50,499 [ERROR] Polling thread error: PLC disconnected: [WinError 10051] A socket operation was attempted to an unreachable network
2026-02-10 19:10:51,605 [ERROR] Polling thread error: PLC disconnected: [WinError 10051] A socket operation was attempted to an unreachable network
2026-02-10 19:10:52,691 [ERROR] Polling thread error: PLC disconnected: [WinError 10051] A socket operation was attempted to an unreachable network
2026-02-10 19:10:53,796 [ERROR] Polling thread error: PLC disconnected: [WinError 10051] A socket operation was attempted to an unreachable network
2026-02-10 19:10:54,888 [ERROR] Polling thread error: PLC disconnected: [WinError 10051] A socket operation was attempted to an unreachable network
2026-02-10 19:10:55,977 [ERROR] Polling thread error: PLC disconnected: [WinError 10051] A socket operation was attempted to an unreachable network
2026-02-10 19:10:57,067 [ERROR] Polling thread error: PLC disconnected: [WinError 10051] A socket operation was attempted to an unreachable network
2026-02-10 19:10:58,152 [ERROR] Polling thread error: PLC disconnected: [WinError 10051] A socket operation was attempted to an unreachable network
2026-02-10 19:10:59,257 [ERROR] Polling thread error: PLC disconnected: [WinError 10051] A socket operation was attempted to an unreachable network
2026-02-10 19:11:00,356 [ERROR] Polling thread error: PLC disconnected: [WinError 10051] A socket operation was attempted to an unreachable network
2026-02-10 19:11:01,463 [ERROR] Polling thread error: PLC disconnected: [WinError 10051] A socket operation was attempted to an unreachable network
2026-02-10 19:11:02,553 [ERROR] Polling thread error: PLC disconnected: [WinError 10051] A socket operation was attempted to an unreachable network
2026-02-10 19:11:03,659 [ERROR] Polling thread error: PLC disconnected: [WinError 10051] A socket operation was attempted to an unreachable network
2026-02-10 19:11:04,779 [ERROR] Polling thread error: PLC disconnected: [WinError 10051] A socket operation was attempted to an unreachable network
2026-02-10 19:11:05,869 [ERROR] Polling thread error: PLC disconnected: [WinError 10051] A socket operation was attempted to an unreachable network
2026-02-10 19:11:06,978 [ERROR] Polling thread error: PLC disconnected: [WinError 10051] A socket operation was attempted to an unreachable network
2026-02-10 19:11:08,072 [ERROR] Polling thread error: PLC disconnected: [WinError 10051] A socket operation was attempted to an unreachable network
2026-02-10 19:11:09,162 [ERROR] Polling thread error: PLC disconnected: [WinError 10051] A socket operation was attempted to an unreachable network
2026-02-10 19:11:10,282 [ERROR] Polling thread error: PLC disconnected: [WinError 10051] A socket operation was attempted to an unreachable network
2026-02-10 19:11:11,384 [ERROR] Polling thread error: PLC disconnected: [WinError 10051] A socket operation was attempted to an unreachable network
2026-02-10 19:11:12,478 [ERROR] Polling thread error: PLC disconnected: [WinError 10051] A socket operation was attempted to an unreachable network
2026-02-10 19:11:13,580 [ERROR] Polling thread error: PLC disconnected: [WinError 10051] A socket operation was attempted to an unreachable network
2026-02-10 19:11:14,673 [ERROR] Polling thread error: PLC disconnected: [WinError 10051] A socket operation was attempted to an unreachable network
2026-02-10 19:11:15,763 [ERROR] Polling thread error: PLC disconnected: [WinError 10051] A socket operation was attempted to an unreachable network
2026-02-10 19:11:16,864 [ERROR] Polling thread error: PLC disconnected: [WinError 10051] A socket operation was attempted to an unreachable network
2026-02-10 19:11:17,955 [ERROR] Polling thread error: PLC disconnected: [WinError 10051] A socket operation was attempted to an unreachable network
2026-02-10 19:11:19,036 [ERROR] Polling thread error: PLC disconnected: [WinError 10051] A socket operation was attempted to an unreachable network
2026-02-10 19:11:20,127 [ERROR] Polling thread error: PLC disconnected: [WinError 10051] A socket operation was attempted to an unreachable network
2026-02-10 19:11:21,222 [ERROR] Polling thread error: PLC disconnected: [WinError 10051] A socket operation was attempted to an unreachable network
2026-02-10 19:11:22,313 [ERROR] Polling thread error: PLC disconnected: [WinError 10051] A socket operation was attempted to an unreachable network
2026-02-10 19:11:23,421 [ERROR] Polling thread error: PLC disconnected: [WinError 10051] A socket operation was attempted to an unreachable network
2026-02-10 19:11:24,527 [ERROR] Polling thread error: PLC disconnected: [WinError 10051] A socket operation was attempted to an unreachable network
2026-02-10 19:11:25,623 [ERROR] Polling thread error: PLC disconnected: [WinError 10051] A socket operation was attempted to an unreachable network
2026-02-10 19:11:26,720 [ERROR] Polling thread error: PLC disconnected: [WinError 10051] A socket operation was attempted to an unreachable network
2026-02-10 19:11:27,815 [ERROR] Polling thread error: PLC disconnected: [WinError 10051] A socket operation was attempted to an unreachable network
2026-02-10 19:11:28,916 [ERROR] Polling thread error: PLC disconnected: [WinError 10051] A socket operation was attempted to an unreachable network
2026-02-10 19:11:30,005 [ERROR] Polling thread error: PLC disconnected: [WinError 10051] A socket operation was attempted to an unreachable network
2026-02-10 19:11:31,095 [ERROR] Polling thread error: PLC disconnected: [WinError 10051] A socket operation was attempted to an unreachable network
2026-02-10 19:11:32,186 [ERROR] Polling thread error: PLC disconnected: [WinError 10051] A socket operation was attempted to an unreachable network
2026-02-10 19:11:33,276 [ERROR] Polling thread error: PLC disconnected: [WinError 10051] A socket operation was attempted to an unreachable network
2026-02-10 19:11:34,369 [ERROR] Polling thread error: PLC disconnected: [WinError 10051] A socket operation was attempted to an unreachable network
2026-02-10 19:11:35,458 [ERROR] Polling thread error: PLC disconnected: [WinError 10051] A socket operation was attempted to an unreachable network
2026-02-10 19:11:36,546 [ERROR] Polling thread error: PLC disconnected: [WinError 10051] A socket operation was attempted to an unreachable network
2026-02-10 19:11:37,641 [ERROR] Polling thread error: PLC disconnected: [WinError 10051] A socket operation was attempted to an unreachable network
2026-02-10 19:11:38,728 [ERROR] Polling thread error: PLC disconnected: [WinError 10051] A socket operation was attempted to an unreachable network
2026-02-10 19:11:39,814 [ERROR] Polling thread error: PLC disconnected: [WinError 10051] A socket operation was attempted to an unreachable network
2026-02-10 19:11:40,902 [ERROR] Polling thread error: PLC disconnected: [WinError 10051] A socket operation was attempted to an unreachable network
2026-02-10 19:11:42,022 [ERROR] Polling thread error: PLC disconnected: [WinError 10051] A socket operation was attempted to an unreachable network
2026-02-10 19:11:43,130 [ERROR] Polling thread error: PLC disconnected: [WinError 10051] A socket operation was attempted to an unreachable network
2026-02-10 19:11:44,219 [ERROR] Polling thread error: PLC disconnected: [WinError 10051] A socket operation was attempted to an unreachable network
2026-02-10 19:11:45,331 [ERROR] Polling thread error: PLC disconnected: [WinError 10051] A socket operation was attempted to an unreachable network
2026-02-10 19:11:46,422 [ERROR] Polling thread error: PLC disconnected: [WinError 10051] A socket operation was attempted to an unreachable network
2026-02-10 19:11:47,526 [ERROR] Polling thread error: PLC disconnected: [WinError 10051] A socket operation was attempted to an unreachable network
2026-02-10 19:11:48,617 [ERROR] Polling thread error: PLC disconnected: [WinError 10051] A socket operation was attempted to an unreachable network
2026-02-10 19:11:49,725 [ERROR] Polling thread error: PLC disconnected: [WinError 10051] A socket operation was attempted to an unreachable network
2026-02-10 19:11:50,824 [ERROR] Polling thread error: PLC disconnected: [WinError 10051] A socket operation was attempted to an unreachable network
2026-02-10 19:11:51,930 [ERROR] Polling thread error: PLC disconnected: [WinError 10051] A socket operation was attempted to an unreachable network
2026-02-10 19:11:53,019 [ERROR] Polling thread error: PLC disconnected: [WinError 10051] A socket operation was attempted to an unreachable network
2026-02-10 19:11:54,117 [ERROR] Polling thread error: PLC disconnected: [WinError 10051] A socket operation was attempted to an unreachable network
2026-02-10 19:11:55,209 [ERROR] Polling thread error: PLC disconnected: [WinError 10051] A socket operation was attempted to an unreachable network
2026-02-10 19:11:56,301 [ERROR] Polling thread error: PLC disconnected: [WinError 10051] A socket operation was attempted to an unreachable network
2026-02-10 19:11:57,384 [ERROR] Polling thread error: PLC disconnected: [WinError 10051] A socket operation was attempted to an unreachable network
2026-02-10 19:11:58,488 [ERROR] Polling thread error: PLC disconnected: [WinError 10051] A socket operation was attempted to an unreachable network
2026-02-10 19:11:59,578 [ERROR] Polling thread error: PLC disconnected: [WinError 10051] A socket operation was attempted to an unreachable network
2026-02-10 19:12:00,684 [ERROR] Polling thread error: PLC disconnected: [WinError 10051] A socket operation was attempted to an unreachable network
2026-02-10 19:12:01,778 [ERROR] Polling thread error: PLC disconnected: [WinError 10051] A socket operation was attempted to an unreachable network
2026-02-10 19:12:02,867 [ERROR] Polling thread error: PLC disconnected: [WinError 10051] A socket operation was attempted to an unreachable network
2026-02-10 19:12:03,958 [ERROR] Polling thread error: PLC disconnected: [WinError 10051] A socket operation was attempted to an unreachable network
2026-02-10 19:12:05,064 [ERROR] Polling thread error: PLC disconnected: [WinError 10051] A socket operation was attempted to an unreachable network
2026-02-10 19:12:06,168 [ERROR] Polling thread error: PLC disconnected: [WinError 10051] A socket operation was attempted to an unreachable network
2026-02-10 19:12:07,263 [ERROR] Polling thread error: PLC disconnected: [WinError 10051] A socket operation was attempted to an unreachable network
2026-02-10 19:12:08,373 [ERROR] Polling thread error: PLC disconnected: [WinError 10051] A socket operation was attempted to an unreachable network
2026-02-10 19:12:09,459 [ERROR] Polling thread error: PLC disconnected: [WinError 10051] A socket operation was attempted to an unreachable network
2026-02-10 19:12:10,544 [ERROR] Polling thread error: PLC disconnected: [WinError 10051] A socket operation was attempted to an unreachable network
2026-02-10 19:12:11,648 [ERROR] Polling thread error: PLC disconnected: [WinError 10051] A socket operation was attempted to an unreachable network
2026-02-10 19:12:12,749 [ERROR] Polling thread error: PLC disconnected: [WinError 10051] A socket operation was attempted to an unreachable network
2026-02-10 19:12:13,859 [ERROR] Polling thread error: PLC disconnected: [WinError 10051] A socket operation was attempted to an unreachable network
2026-02-10 19:12:14,967 [ERROR] Polling thread error: PLC disconnected: [WinError 10051] A socket operation was attempted to an unreachable network
2026-02-10 19:12:16,072 [ERROR] Polling thread error: PLC disconnected: [WinError 10051] A socket operation was attempted to an unreachable network
2026-02-10 19:12:17,164 [ERROR] Polling thread error: PLC disconnected: [WinError 10051] A socket operation was attempted to an unreachable network
2026-02-10 19:12:18,259 [ERROR] Polling thread error: PLC disconnected: [WinError 10051] A socket operation was attempted to an unreachable network
2026-02-10 19:12:19,342 [ERROR] Polling thread error: PLC disconnected: [WinError 10051] A socket operation was attempted to an unreachable network
2026-02-10 19:12:20,448 [ERROR] Polling thread error: PLC disconnected: [WinError 10051] A socket operation was attempted to an unreachable network
2026-02-10 19:12:21,559 [ERROR] Polling thread error: PLC disconnected: [WinError 10051] A socket operation was attempted to an unreachable network
2026-02-10 19:12:22,655 [ERROR] Polling thread error: PLC disconnected: [WinError 10051] A socket operation was attempted to an unreachable network
2026-02-10 19:12:23,739 [ERROR] Polling thread error: PLC disconnected: [WinError 10051] A socket operation was attempted to an unreachable network
2026-02-10 19:12:24,848 [ERROR] Polling thread error: PLC disconnected: [WinError 10051] A socket operation was attempted to an unreachable network
2026-02-10 19:12:25,954 [ERROR] Polling thread error: PLC disconnected: [WinError 10051] A socket operation was attempted to an unreachable network
2026-02-10 19:12:27,037 [ERROR] Polling thread error: PLC disconnected: [WinError 10051] A socket operation was attempted to an unreachable network
2026-02-10 19:12:28,120 [ERROR] Polling thread error: PLC disconnected: [WinError 10051] A socket operation was attempted to an unreachable network
2026-02-10 19:12:29,229 [ERROR] Polling thread error: PLC disconnected: [WinError 10051] A socket operation was attempted to an unreachable network
2026-02-10 19:12:30,348 [ERROR] Polling thread error: PLC disconnected: [WinError 10051] A socket operation was attempted to an unreachable network
2026-02-10 19:12:31,450 [ERROR] Polling thread error: PLC disconnected: [WinError 10051] A socket operation was attempted to an unreachable network
2026-02-10 19:12:32,542 [ERROR] Polling thread error: PLC disconnected: [WinError 10051] A socket operation was attempted to an unreachable network
2026-02-10 19:12:33,647 [ERROR] Polling thread error: PLC disconnected: [WinError 10051] A socket operation was attempted to an unreachable network
2026-02-10 19:12:34,752 [ERROR] Polling thread error: PLC disconnected: [WinError 10051] A socket operation was attempted to an unreachable network
2026-02-10 19:12:35,864 [ERROR] Polling thread error: PLC disconnected: [WinError 10051] A socket operation was attempted to an unreachable network
2026-02-10 19:12:36,972 [ERROR] Polling thread error: PLC disconnected: [WinError 10051] A socket operation was attempted to an unreachable network
2026-02-10 19:12:38,060 [ERROR] Polling thread error: PLC disconnected: [WinError 10051] A socket operation was attempted to an unreachable network
2026-02-10 19:12:39,161 [ERROR] Polling thread error: PLC disconnected: [WinError 10051] A socket operation was attempted to an unreachable network
2026-02-10 19:12:40,253 [ERROR] Polling thread error: PLC disconnected: [WinError 10051] A socket operation was attempted to an unreachable network
2026-02-10 19:12:41,351 [ERROR] Polling thread error: PLC disconnected: [WinError 10051] A socket operation was attempted to an unreachable network
2026-02-10 19:12:42,456 [ERROR] Polling thread error: PLC disconnected: [WinError 10051] A socket operation was attempted to an unreachable network
2026-02-10 19:12:43,561 [ERROR] Polling thread error: PLC disconnected: [WinError 10051] A socket operation was attempted to an unreachable network
2026-02-10 19:12:44,669 [ERROR] Polling thread error: PLC disconnected: [WinError 10051] A socket operation was attempted to an unreachable network
2026-02-10 19:12:45,774 [ERROR] Polling thread error: PLC disconnected: [WinError 10051] A socket operation was attempted to an unreachable network
2026-02-10 19:12:46,860 [ERROR] Polling thread error: PLC disconnected: [WinError 10051] A socket operation was attempted to an unreachable network
2026-02-10 19:12:47,978 [ERROR] Polling thread error: PLC disconnected: [WinError 10051] A socket operation was attempted to an unreachable network
2026-02-10 19:12:49,061 [ERROR] Polling thread error: PLC disconnected: [WinError 10051] A socket operation was attempted to an unreachable network
2026-02-10 19:12:50,151 [ERROR] Polling thread error: PLC disconnected: [WinError 10051] A socket operation was attempted to an unreachable network
2026-02-10 19:12:51,236 [ERROR] Polling thread error: PLC disconnected: [WinError 10051] A socket operation was attempted to an unreachable network
2026-02-10 19:12:52,383 [ERROR] Polling thread error: PLC disconnected: [WinError 10051] A socket operation was attempted to an unreachable network
2026-02-10 19:12:53,463 [ERROR] Polling thread error: PLC disconnected: [WinError 10051] A socket operation was attempted to an unreachable network
2026-02-10 19:12:54,572 [ERROR] Polling thread error: PLC disconnected: [WinError 10051] A socket operation was attempted to an unreachable network
2026-02-10 19:12:55,685 [ERROR] Polling thread error: PLC disconnected: [WinError 10051] A socket operation was attempted to an unreachable network
2026-02-10 19:12:56,776 [ERROR] Polling thread error: PLC disconnected: [WinError 10051] A socket operation was attempted to an unreachable network
2026-02-10 19:12:57,882 [ERROR] Polling thread error: PLC disconnected: [WinError 10051] A socket operation was attempted to an unreachable network
2026-02-10 19:12:58,986 [ERROR] Polling thread error: PLC disconnected: [WinError 10051] A socket operation was attempted to an unreachable network
2026-02-10 19:13:00,077 [ERROR] Polling thread error: PLC disconnected: [WinError 10051] A socket operation was attempted to an unreachable network
2026-02-10 19:13:01,179 [ERROR] Polling thread error: PLC disconnected: [WinError 10051] A socket operation was attempted to an unreachable network
2026-02-10 19:13:02,270 [ERROR] Polling thread error: PLC disconnected: [WinError 10051] A socket operation was attempted to an unreachable network
2026-02-10 19:13:03,374 [ERROR] Polling thread error: PLC disconnected: [WinError 10051] A socket operation was attempted to an unreachable network
2026-02-10 19:13:04,464 [ERROR] Polling thread error: PLC disconnected: [WinError 10051] A socket operation was attempted to an unreachable network
2026-02-10 19:13:05,567 [ERROR] Polling thread error: PLC disconnected: [WinError 10051] A socket operation was attempted to an unreachable network
2026-02-10 19:13:06,662 [ERROR] Polling thread error: PLC disconnected: [WinError 10051] A socket operation was attempted to an unreachable network
2026-02-10 19:13:07,772 [ERROR] Polling thread error: PLC disconnected: [WinError 10051] A socket operation was attempted to an unreachable network
2026-02-10 19:13:08,873 [ERROR] Polling thread error: PLC disconnected: [WinError 10051] A socket operation was attempted to an unreachable network
2026-02-10 19:13:09,965 [ERROR] Polling thread error: PLC disconnected: [WinError 10051] A socket operation was attempted to an unreachable network
2026-02-10 19:13:11,053 [ERROR] Polling thread error: PLC disconnected: [WinError 10051] A socket operation was attempted to an unreachable network
2026-02-10 19:13:12,161 [ERROR] Polling thread error: PLC disconnected: [WinError 10051] A socket operation was attempted to an unreachable network
2026-02-10 19:13:13,272 [ERROR] Polling thread error: PLC disconnected: [WinError 10051] A socket operation was attempted to an unreachable network
2026-02-10 19:13:14,359 [ERROR] Polling thread error: PLC disconnected: [WinError 10051] A socket operation was attempted to an unreachable network
2026-02-10 19:13:15,473 [ERROR] Polling thread error: PLC disconnected: [WinError 10051] A socket operation was attempted to an unreachable network
2026-02-10 19:13:16,570 [ERROR] Polling thread error: PLC disconnected: [WinError 10051] A socket operation was attempted to an unreachable network
2026-02-10 19:13:17,681 [ERROR] Polling thread error: PLC disconnected: [WinError 10051] A socket operation was attempted to an unreachable network
2026-02-10 19:13:18,772 [ERROR] Polling thread error: PLC disconnected: [WinError 10051] A socket operation was attempted to an unreachable network
2026-02-10 19:13:19,875 [ERROR] Polling thread error: PLC disconnected: [WinError 10051] A socket operation was attempted to an unreachable network
2026-02-10 19:13:21,001 [ERROR] Polling thread error: PLC disconnected: [WinError 10051] A socket operation was attempted to an unreachable network
2026-02-10 19:13:22,111 [ERROR] Polling thread error: PLC disconnected: [WinError 10051] A socket operation was attempted to an unreachable network
2026-02-10 19:13:23,211 [ERROR] Polling thread error: PLC disconnected: [WinError 10051] A socket operation was attempted to an unreachable network
2026-02-10 19:13:24,316 [ERROR] Polling thread error: PLC disconnected: [WinError 10051] A socket operation was attempted to an unreachable network
2026-02-10 19:13:25,420 [ERROR] Polling thread error: PLC disconnected: [WinError 10051] A socket operation was attempted to an unreachable network
2026-02-10 19:13:26,506 [ERROR] Polling thread error: PLC disconnected: [WinError 10051] A socket operation was attempted to an unreachable network
2026-02-10 19:13:27,614 [ERROR] Polling thread error: PLC disconnected: [WinError 10051] A socket operation was attempted to an unreachable network
2026-02-10 19:13:28,717 [ERROR] Polling thread error: PLC disconnected: [WinError 10051] A socket operation was attempted to an unreachable network
2026-02-10 19:13:29,810 [ERROR] Polling thread error: PLC disconnected: [WinError 10051] A socket operation was attempted to an unreachable network
2026-02-10 19:13:30,903 [ERROR] Polling thread error: PLC disconnected: [WinError 10051] A socket operation was attempted to an unreachable network
2026-02-10 19:13:32,006 [ERROR] Polling thread error: PLC disconnected: [WinError 10051] A socket operation was attempted to an unreachable network
2026-02-10 19:13:33,110 [ERROR] Polling thread error: PLC disconnected: [WinError 10051] A socket operation was attempted to an unreachable network
2026-02-10 19:13:34,198 [ERROR] Polling thread error: PLC disconnected: [WinError 10051] A socket operation was attempted to an unreachable network
2026-02-10 19:13:35,297 [ERROR] Polling thread error: PLC disconnected: [WinError 10051] A socket operation was attempted to an unreachable network
2026-02-10 19:13:36,386 [ERROR] Polling thread error: PLC disconnected: [WinError 10051] A socket operation was attempted to an unreachable network
2026-02-10 19:13:37,486 [ERROR] Polling thread error: PLC disconnected: [WinError 10051] A socket operation was attempted to an unreachable network
2026-02-10 19:13:38,590 [ERROR] Polling thread error: PLC disconnected: [WinError 10051] A socket operation was attempted to an unreachable network
2026-02-10 19:13:39,675 [ERROR] Polling thread error: PLC disconnected: [WinError 10051] A socket operation was attempted to an unreachable network
2026-02-10 19:13:40,787 [ERROR] Polling thread error: PLC disconnected: [WinError 10051] A socket operation was attempted to an unreachable network
2026-02-10 19:13:41,891 [ERROR] Polling thread error: PLC disconnected: [WinError 10051] A socket operation was attempted to an unreachable network
2026-02-10 19:13:42,980 [ERROR] Polling thread error: PLC disconnected: [WinError 10051] A socket operation was attempted to an unreachable network
2026-02-10 19:13:44,073 [ERROR] Polling thread error: PLC disconnected: [WinError 10051] A socket operation was attempted to an unreachable network
2026-02-10 19:13:45,178 [ERROR] Polling thread error: PLC disconnected: [WinError 10051] A socket operation was attempted to an unreachable network
2026-02-10 19:13:46,263 [ERROR] Polling thread error: PLC disconnected: [WinError 10051] A socket operation was attempted to an unreachable network
2026-02-10 19:13:47,363 [ERROR] Polling thread error: PLC disconnected: [WinError 10051] A socket operation was attempted to an unreachable network
2026-02-10 19:13:48,454 [ERROR] Polling thread error: PLC disconnected: [WinError 10051] A socket operation was attempted to an unreachable network
2026-02-10 19:13:49,543 [ERROR] Polling thread error: PLC disconnected: [WinError 10051] A socket operation was attempted to an unreachable network
2026-02-10 19:13:50,636 [ERROR] Polling thread error: PLC disconnected: [WinError 10051] A socket operation was attempted to an unreachable network
2026-02-10 19:13:51,745 [ERROR] Polling thread error: PLC disconnected: [WinError 10051] A socket operation was attempted to an unreachable network
2026-02-10 19:13:52,837 [ERROR] Polling thread error: PLC disconnected: [WinError 10051] A socket operation was attempted to an unreachable network
2026-02-10 19:13:53,928 [ERROR] Polling thread error: PLC disconnected: [WinError 10051] A socket operation was attempted to an unreachable network
2026-02-10 19:13:55,033 [ERROR] Polling thread error: PLC disconnected: [WinError 10051] A socket operation was attempted to an unreachable network
2026-02-10 19:13:56,113 [ERROR] Polling thread error: PLC disconnected: [WinError 10051] A socket operation was attempted to an unreachable network
2026-02-10 19:13:57,218 [ERROR] Polling thread error: PLC disconnected: [WinError 10051] A socket operation was attempted to an unreachable network
2026-02-10 19:13:58,311 [ERROR] Polling thread error: PLC disconnected: [WinError 10051] A socket operation was attempted to an unreachable network
2026-02-10 19:13:59,404 [ERROR] Polling thread error: PLC disconnected: [WinError 10051] A socket operation was attempted to an unreachable network
2026-02-10 19:14:00,492 [ERROR] Polling thread error: PLC disconnected: [WinError 10051] A socket operation was attempted to an unreachable network
2026-02-10 19:14:01,592 [ERROR] Polling thread error: PLC disconnected: [WinError 10051] A socket operation was attempted to an unreachable network
2026-02-10 19:14:02,684 [ERROR] Polling thread error: PLC disconnected: [WinError 10051] A socket operation was attempted to an unreachable network
2026-02-10 19:14:03,767 [ERROR] Polling thread error: PLC disconnected: [WinError 10051] A socket operation was attempted to an unreachable network
2026-02-10 19:14:04,874 [ERROR] Polling thread error: PLC disconnected: [WinError 10051] A socket operation was attempted to an unreachable network
2026-02-10 19:14:05,967 [ERROR] Polling thread error: PLC disconnected: [WinError 10051] A socket operation was attempted to an unreachable network
2026-02-10 19:14:07,056 [ERROR] Polling thread error: PLC disconnected: [WinError 10051] A socket operation was attempted to an unreachable network
2026-02-10 19:14:08,160 [ERROR] Polling thread error: PLC disconnected: [WinError 10051] A socket operation was attempted to an unreachable network
2026-02-10 19:14:09,255 [ERROR] Polling thread error: PLC disconnected: [WinError 10051] A socket operation was attempted to an unreachable network
2026-02-10 19:14:10,356 [ERROR] Polling thread error: PLC disconnected: [WinError 10051] A socket operation was attempted to an unreachable network
2026-02-10 19:14:11,442 [ERROR] Polling thread error: PLC disconnected: [WinError 10051] A socket operation was attempted to an unreachable network
2026-02-10 19:14:12,546 [ERROR] Polling thread error: PLC disconnected: [WinError 10051] A socket operation was attempted to an unreachable network
2026-02-10 19:14:13,652 [ERROR] Polling thread error: PLC disconnected: [WinError 10051] A socket operation was attempted to an unreachable network
2026-02-10 19:14:14,753 [ERROR] Polling thread error: PLC disconnected: [WinError 10051] A socket operation was attempted to an unreachable network
2026-02-10 19:14:15,845 [ERROR] Polling thread error: PLC disconnected: [WinError 10051] A socket operation was attempted to an unreachable network
2026-02-10 19:14:16,952 [ERROR] Polling thread error: PLC disconnected: [WinError 10051] A socket operation was attempted to an unreachable network
2026-02-10 19:14:18,040 [ERROR] Polling thread error: PLC disconnected: [WinError 10051] A socket operation was attempted to an unreachable network
2026-02-10 19:14:19,131 [ERROR] Polling thread error: PLC disconnected: [WinError 10051] A socket operation was attempted to an unreachable network
2026-02-10 19:14:20,228 [ERROR] Polling thread error: PLC disconnected: [WinError 10051] A socket operation was attempted to an unreachable network
2026-02-10 19:14:21,318 [ERROR] Polling thread error: PLC disconnected: [WinError 10051] A socket operation was attempted to an unreachable network
2026-02-10 19:14:22,407 [ERROR] Polling thread error: PLC disconnected: [WinError 10051] A socket operation was attempted to an unreachable network
2026-02-10 19:14:23,496 [ERROR] Polling thread error: PLC disconnected: [WinError 10051] A socket operation was attempted to an unreachable network
2026-02-10 19:14:24,601 [ERROR] Polling thread error: PLC disconnected: [WinError 10051] A socket operation was attempted to an unreachable network
2026-02-10 19:14:25,707 [ERROR] Polling thread error: PLC disconnected: [WinError 10051] A socket operation was attempted to an unreachable network
2026-02-10 19:14:26,815 [ERROR] Polling thread error: PLC disconnected: [WinError 10051] A socket operation was attempted to an unreachable network
2026-02-10 19:14:27,904 [ERROR] Polling thread error: PLC disconnected: [WinError 10051] A socket operation was attempted to an unreachable network
2026-02-10 19:14:28,994 [ERROR] Polling thread error: PLC disconnected: [WinError 10051] A socket operation was attempted to an unreachable network
2026-02-10 19:14:30,083 [ERROR] Polling thread error: PLC disconnected: [WinError 10051] A socket operation was attempted to an unreachable network
2026-02-10 19:14:31,185 [ERROR] Polling thread error: PLC disconnected: [WinError 10051] A socket operation was attempted to an unreachable network
2026-02-10 19:14:32,290 [ERROR] Polling thread error: PLC disconnected: [WinError 10051] A socket operation was attempted to an unreachable network
2026-02-10 19:14:33,401 [ERROR] Polling thread error: PLC disconnected: [WinError 10051] A socket operation was attempted to an unreachable network
2026-02-10 19:14:34,507 [ERROR] Polling thread error: PLC disconnected: [WinError 10051] A socket operation was attempted to an unreachable network
2026-02-10 19:14:35,614 [ERROR] Polling thread error: PLC disconnected: [WinError 10051] A socket operation was attempted to an unreachable network
2026-02-10 19:14:36,720 [ERROR] Polling thread error: PLC disconnected: [WinError 10051] A socket operation was attempted to an unreachable network
2026-02-10 19:14:37,812 [ERROR] Polling thread error: PLC disconnected: [WinError 10051] A socket operation was attempted to an unreachable network
2026-02-10 19:14:38,919 [ERROR] Polling thread error: PLC disconnected: [WinError 10051] A socket operation was attempted to an unreachable network
2026-02-10 19:14:40,026 [ERROR] Polling thread error: PLC disconnected: [WinError 10051] A socket operation was attempted to an unreachable network
2026-02-10 19:14:41,123 [ERROR] Polling thread error: PLC disconnected: [WinError 10051] A socket operation was attempted to an unreachable network
2026-02-10 19:14:42,233 [ERROR] Polling thread error: PLC disconnected: [WinError 10051] A socket operation was attempted to an unreachable network
2026-02-10 19:14:43,329 [ERROR] Polling thread error: PLC disconnected: [WinError 10051] A socket operation was attempted to an unreachable network
2026-02-10 19:14:44,438 [ERROR] Polling thread error: PLC disconnected: [WinError 10051] A socket operation was attempted to an unreachable network
2026-02-10 19:14:45,531 [ERROR] Polling thread error: PLC disconnected: [WinError 10051] A socket operation was attempted to an unreachable network
2026-02-10 19:14:46,616 [ERROR] Polling thread error: PLC disconnected: [WinError 10051] A socket operation was attempted to an unreachable network
2026-02-10 19:14:47,702 [ERROR] Polling thread error: PLC disconnected: [WinError 10051] A socket operation was attempted to an unreachable network
2026-02-10 19:14:48,799 [ERROR] Polling thread error: PLC disconnected: [WinError 10051] A socket operation was attempted to an unreachable network
2026-02-10 19:14:49,883 [ERROR] Polling thread error: PLC disconnected: [WinError 10051] A socket operation was attempted to an unreachable network
2026-02-10 19:14:50,983 [ERROR] Polling thread error: PLC disconnected: [WinError 10051] A socket operation was attempted to an unreachable network
2026-02-10 19:14:52,069 [ERROR] Polling thread error: PLC disconnected: [WinError 10051] A socket operation was attempted to an unreachable network
2026-02-10 19:14:53,173 [ERROR] Polling thread error: PLC disconnected: [WinError 10051] A socket operation was attempted to an unreachable network
2026-02-10 19:14:54,263 [ERROR] Polling thread error: PLC disconnected: [WinError 10051] A socket operation was attempted to an unreachable network
2026-02-10 19:14:55,369 [ERROR] Polling thread error: PLC disconnected: [WinError 10051] A socket operation was attempted to an unreachable network
2026-02-10 19:14:56,457 [ERROR] Polling thread error: PLC disconnected: [WinError 10051] A socket operation was attempted to an unreachable network
2026-02-10 19:14:57,545 [ERROR] Polling thread error: PLC disconnected: [WinError 10051] A socket operation was attempted to an unreachable network
2026-02-10 19:14:58,628 [ERROR] Polling thread error: PLC disconnected: [WinError 10051] A socket operation was attempted to an unreachable network
2026-02-10 19:14:59,711 [ERROR] Polling thread error: PLC disconnected: [WinError 10051] A socket operation was attempted to an unreachable network
2026-02-10 19:15:00,794 [ERROR] Polling thread error: PLC disconnected: [WinError 10051] A socket operation was attempted to an unreachable network
2026-02-10 19:15:01,896 [ERROR] Polling thread error: PLC disconnected: [WinError 10051] A socket operation was attempted to an unreachable network
2026-02-10 19:15:02,988 [ERROR] Polling thread error: PLC disconnected: [WinError 10051] A socket operation was attempted to an unreachable network
2026-02-10 19:15:04,090 [ERROR] Polling thread error: PLC disconnected: [WinError 10051] A socket operation was attempted to an unreachable network
2026-02-10 19:15:05,184 [ERROR] Polling thread error: PLC disconnected: [WinError 10051] A socket operation was attempted to an unreachable network
2026-02-10 19:15:06,269 [ERROR] Polling thread error: PLC disconnected: [WinError 10051] A socket operation was attempted to an unreachable network
2026-02-10 19:15:07,359 [ERROR] Polling thread error: PLC disconnected: [WinError 10051] A socket operation was attempted to an unreachable network
2026-02-10 19:15:08,450 [ERROR] Polling thread error: PLC disconnected: [WinError 10051] A socket operation was attempted to an unreachable network
2026-02-10 19:15:09,536 [ERROR] Polling thread error: PLC disconnected: [WinError 10051] A socket operation was attempted to an unreachable network
2026-02-10 19:15:10,636 [ERROR] Polling thread error: PLC disconnected: [WinError 10051] A socket operation was attempted to an unreachable network
2026-02-10 19:15:11,727 [ERROR] Polling thread error: PLC disconnected: [WinError 10051] A socket operation was attempted to an unreachable network
2026-02-10 19:15:12,814 [ERROR] Polling thread error: PLC disconnected: [WinError 10051] A socket operation was attempted to an unreachable network
2026-02-10 19:15:13,907 [ERROR] Polling thread error: PLC disconnected: [WinError 10051] A socket operation was attempted to an unreachable network
2026-02-10 19:15:14,995 [ERROR] Polling thread error: PLC disconnected: [WinError 10051] A socket operation was attempted to an unreachable network
2026-02-10 19:15:16,100 [ERROR] Polling thread error: PLC disconnected: [WinError 10051] A socket operation was attempted to an unreachable network
2026-02-10 19:15:17,207 [ERROR] Polling thread error: PLC disconnected: [WinError 10051] A socket operation was attempted to an unreachable network
2026-02-10 19:15:18,300 [ERROR] Polling thread error: PLC disconnected: [WinError 10051] A socket operation was attempted to an unreachable network
2026-02-10 19:15:19,411 [ERROR] Polling thread error: PLC disconnected: [WinError 10051] A socket operation was attempted to an unreachable network
2026-02-10 19:15:20,502 [ERROR] Polling thread error: PLC disconnected: [WinError 10051] A socket operation was attempted to an unreachable network
2026-02-10 19:15:21,611 [ERROR] Polling thread error: PLC disconnected: [WinError 10051] A socket operation was attempted to an unreachable network
2026-02-10 19:15:22,704 [ERROR] Polling thread error: PLC disconnected: [WinError 10051] A socket operation was attempted to an unreachable network
2026-02-10 19:15:23,789 [ERROR] Polling thread error: PLC disconnected: [WinError 10051] A socket operation was attempted to an unreachable network
2026-02-10 19:15:24,894 [ERROR] Polling thread error: PLC disconnected: [WinError 10051] A socket operation was attempted to an unreachable network
2026-02-10 19:15:25,986 [ERROR] Polling thread error: PLC disconnected: [WinError 10051] A socket operation was attempted to an unreachable network
2026-02-10 19:15:27,089 [ERROR] Polling thread error: PLC disconnected: [WinError 10051] A socket operation was attempted to an unreachable network
2026-02-10 19:15:28,189 [ERROR] Polling thread error: PLC disconnected: [WinError 10051] A socket operation was attempted to an unreachable network
2026-02-10 19:15:29,283 [ERROR] Polling thread error: PLC disconnected: [WinError 10051] A socket operation was attempted to an unreachable network
2026-02-10 19:15:30,400 [ERROR] Polling thread error: PLC disconnected: [WinError 10051] A socket operation was attempted to an unreachable network
2026-02-10 19:15:31,492 [ERROR] Polling thread error: PLC disconnected: [WinError 10051] A socket operation was attempted to an unreachable network
2026-02-10 19:15:32,587 [ERROR] Polling thread error: PLC disconnected: [WinError 10051] A socket operation was attempted to an unreachable network
2026-02-10 19:15:33,690 [ERROR] Polling thread error: PLC disconnected: [WinError 10051] A socket operation was attempted to an unreachable network
2026-02-10 19:15:34,783 [ERROR] Polling thread error: PLC disconnected: [WinError 10051] A socket operation was attempted to an unreachable network
2026-02-10 19:15:35,874 [ERROR] Polling thread error: PLC disconnected: [WinError 10051] A socket operation was attempted to an unreachable network
2026-02-10 19:15:36,975 [ERROR] Polling thread error: PLC disconnected: [WinError 10051] A socket operation was attempted to an unreachable network
2026-02-10 19:15:38,067 [ERROR] Polling thread error: PLC disconnected: [WinError 10051] A socket operation was attempted to an unreachable network
2026-02-10 19:15:39,188 [ERROR] Polling thread error: PLC disconnected: [WinError 10051] A socket operation was attempted to an unreachable network
2026-02-10 19:15:40,280 [ERROR] Polling thread error: PLC disconnected: [WinError 10051] A socket operation was attempted to an unreachable network
2026-02-10 19:15:41,386 [ERROR] Polling thread error: PLC disconnected: [WinError 10051] A socket operation was attempted to an unreachable network
2026-02-10 19:15:42,480 [ERROR] Polling thread error: PLC disconnected: [WinError 10051] A socket operation was attempted to an unreachable network
2026-02-10 19:15:43,570 [ERROR] Polling thread error: PLC disconnected: [WinError 10051] A socket operation was attempted to an unreachable network
2026-02-10 19:15:44,667 [ERROR] Polling thread error: PLC disconnected: [WinError 10051] A socket operation was attempted to an unreachable network
2026-02-10 19:15:45,750 [ERROR] Polling thread error: PLC disconnected: [WinError 10051] A socket operation was attempted to an unreachable network
2026-02-10 19:15:46,845 [ERROR] Polling thread error: PLC disconnected: [WinError 10051] A socket operation was attempted to an unreachable network
2026-02-10 19:15:47,944 [ERROR] Polling thread error: PLC disconnected: [WinError 10051] A socket operation was attempted to an unreachable network
2026-02-10 19:15:49,046 [ERROR] Polling thread error: PLC disconnected: [WinError 10051] A socket operation was attempted to an unreachable network
2026-02-10 19:15:50,152 [ERROR] Polling thread error: PLC disconnected: [WinError 10051] A socket operation was attempted to an unreachable network
2026-02-10 19:15:51,242 [ERROR] Polling thread error: PLC disconnected: [WinError 10051] A socket operation was attempted to an unreachable network
2026-02-10 19:15:52,343 [ERROR] Polling thread error: PLC disconnected: [WinError 10051] A socket operation was attempted to an unreachable network
2026-02-10 19:15:53,445 [ERROR] Polling thread error: PLC disconnected: [WinError 10051] A socket operation was attempted to an unreachable network
2026-02-10 19:15:54,551 [ERROR] Polling thread error: PLC disconnected: [WinError 10051] A socket operation was attempted to an unreachable network
2026-02-10 19:15:55,637 [ERROR] Polling thread error: PLC disconnected: [WinError 10051] A socket operation was attempted to an unreachable network
2026-02-10 19:15:56,740 [ERROR] Polling thread error: PLC disconnected: [WinError 10051] A socket operation was attempted to an unreachable network
2026-02-10 19:15:57,835 [ERROR] Polling thread error: PLC disconnected: [WinError 10051] A socket operation was attempted to an unreachable network
2026-02-10 19:15:58,918 [ERROR] Polling thread error: PLC disconnected: [WinError 10051] A socket operation was attempted to an unreachable network
2026-02-10 19:16:00,003 [ERROR] Polling thread error: PLC disconnected: [WinError 10051] A socket operation was attempted to an unreachable network
2026-02-10 19:16:01,112 [ERROR] Polling thread error: PLC disconnected: [WinError 10051] A socket operation was attempted to an unreachable network
2026-02-10 19:16:02,198 [ERROR] Polling thread error: PLC disconnected: [WinError 10051] A socket operation was attempted to an unreachable network
2026-02-10 19:16:03,300 [ERROR] Polling thread error: PLC disconnected: [WinError 10051] A socket operation was attempted to an unreachable network
2026-02-10 19:16:04,386 [ERROR] Polling thread error: PLC disconnected: [WinError 10051] A socket operation was attempted to an unreachable network
2026-02-10 19:16:05,477 [ERROR] Polling thread error: PLC disconnected: [WinError 10051] A socket operation was attempted to an unreachable network
2026-02-10 19:16:06,579 [ERROR] Polling thread error: PLC disconnected: [WinError 10051] A socket operation was attempted to an unreachable network
2026-02-10 19:16:07,667 [ERROR] Polling thread error: PLC disconnected: [WinError 10051] A socket operation was attempted to an unreachable network
2026-02-10 19:16:08,770 [ERROR] Polling thread error: PLC disconnected: [WinError 10051] A socket operation was attempted to an unreachable network
2026-02-10 19:16:09,859 [ERROR] Polling thread error: PLC disconnected: [WinError 10051] A socket operation was attempted to an unreachable network
2026-02-10 19:16:10,949 [ERROR] Polling thread error: PLC disconnected: [WinError 10051] A socket operation was attempted to an unreachable network
2026-02-10 19:16:12,036 [ERROR] Polling thread error: PLC disconnected: [WinError 10051] A socket operation was attempted to an unreachable network
2026-02-10 19:16:13,122 [ERROR] Polling thread error: PLC disconnected: [WinError 10051] A socket operation was attempted to an unreachable network
2026-02-10 19:16:14,216 [ERROR] Polling thread error: PLC disconnected: [WinError 10051] A socket operation was attempted to an unreachable network
2026-02-10 19:16:15,323 [ERROR] Polling thread error: PLC disconnected: [WinError 10051] A socket operation was attempted to an unreachable network
2026-02-10 19:16:16,412 [ERROR] Polling thread error: PLC disconnected: [WinError 10051] A socket operation was attempted to an unreachable network
2026-02-10 19:16:17,502 [ERROR] Polling thread error: PLC disconnected: [WinError 10051] A socket operation was attempted to an unreachable network
2026-02-10 19:16:18,588 [ERROR] Polling thread error: PLC disconnected: [WinError 10051] A socket operation was attempted to an unreachable network
2026-02-10 19:16:19,694 [ERROR] Polling thread error: PLC disconnected: [WinError 10051] A socket operation was attempted to an unreachable network
2026-02-10 19:16:20,794 [ERROR] Polling thread error: PLC disconnected: [WinError 10051] A socket operation was attempted to an unreachable network
2026-02-10 19:16:21,885 [ERROR] Polling thread error: PLC disconnected: [WinError 10051] A socket operation was attempted to an unreachable network
2026-02-10 19:16:22,968 [ERROR] Polling thread error: PLC disconnected: [WinError 10051] A socket operation was attempted to an unreachable network
2026-02-10 19:16:24,074 [ERROR] Polling thread error: PLC disconnected: [WinError 10051] A socket operation was attempted to an unreachable network
2026-02-10 19:16:25,160 [ERROR] Polling thread error: PLC disconnected: [WinError 10051] A socket operation was attempted to an unreachable network
2026-02-10 19:16:26,247 [ERROR] Polling thread error: PLC disconnected: [WinError 10051] A socket operation was attempted to an unreachable network
2026-02-10 19:16:27,338 [ERROR] Polling thread error: PLC disconnected: [WinError 10051] A socket operation was attempted to an unreachable network
2026-02-10 19:16:28,446 [ERROR] Polling thread error: PLC disconnected: [WinError 10051] A socket operation was attempted to an unreachable network
2026-02-10 19:16:29,543 [ERROR] Polling thread error: PLC disconnected: [WinError 10051] A socket operation was attempted to an unreachable network
2026-02-10 19:16:30,647 [ERROR] Polling thread error: PLC disconnected: [WinError 10051] A socket operation was attempted to an unreachable network
2026-02-10 19:16:31,733 [ERROR] Polling thread error: PLC disconnected: [WinError 10051] A socket operation was attempted to an unreachable network
2026-02-10 19:16:32,822 [ERROR] Polling thread error: PLC disconnected: [WinError 10051] A socket operation was attempted to an unreachable network
2026-02-10 19:16:33,905 [ERROR] Polling thread error: PLC disconnected: [WinError 10051] A socket operation was attempted to an unreachable network
2026-02-10 19:16:35,000 [ERROR] Polling thread error: PLC disconnected: [WinError 10051] A socket operation was attempted to an unreachable network
2026-02-10 19:16:36,087 [ERROR] Polling thread error: PLC disconnected: [WinError 10051] A socket operation was attempted to an unreachable network
2026-02-10 19:16:37,178 [ERROR] Polling thread error: PLC disconnected: [WinError 10051] A socket operation was attempted to an unreachable network
2026-02-10 19:16:38,277 [ERROR] Polling thread error: PLC disconnected: [WinError 10051] A socket operation was attempted to an unreachable network
2026-02-10 19:16:39,386 [ERROR] Polling thread error: PLC disconnected: [WinError 10051] A socket operation was attempted to an unreachable network
2026-02-10 19:16:40,470 [ERROR] Polling thread error: PLC disconnected: [WinError 10051] A socket operation was attempted to an unreachable network
2026-02-10 19:16:41,560 [ERROR] Polling thread error: PLC disconnected: [WinError 10051] A socket operation was attempted to an unreachable network
2026-02-10 19:16:42,642 [ERROR] Polling thread error: PLC disconnected: [WinError 10051] A socket operation was attempted to an unreachable network
2026-02-10 19:16:43,730 [ERROR] Polling thread error: PLC disconnected: [WinError 10051] A socket operation was attempted to an unreachable network
2026-02-10 19:16:44,811 [ERROR] Polling thread error: PLC disconnected: [WinError 10051] A socket operation was attempted to an unreachable network
2026-02-10 19:16:45,917 [ERROR] Polling thread error: PLC disconnected: [WinError 10051] A socket operation was attempted to an unreachable network
2026-02-10 19:16:47,020 [ERROR] Polling thread error: PLC disconnected: [WinError 10051] A socket operation was attempted to an unreachable network
2026-02-10 19:16:48,126 [ERROR] Polling thread error: PLC disconnected: [WinError 10051] A socket operation was attempted to an unreachable network
2026-02-10 19:16:49,230 [ERROR] Polling thread error: PLC disconnected: [WinError 10051] A socket operation was attempted to an unreachable network
2026-02-10 19:16:50,330 [ERROR] Polling thread error: PLC disconnected: [WinError 10051] A socket operation was attempted to an unreachable network
2026-02-10 19:16:51,422 [ERROR] Polling thread error: PLC disconnected: [WinError 10051] A socket operation was attempted to an unreachable network
2026-02-10 19:16:52,525 [ERROR] Polling thread error: PLC disconnected: [WinError 10051] A socket operation was attempted to an unreachable network
2026-02-10 19:16:53,628 [ERROR] Polling thread error: PLC disconnected: [WinError 10051] A socket operation was attempted to an unreachable network
2026-02-10 19:16:54,716 [ERROR] Polling thread error: PLC disconnected: [WinError 10051] A socket operation was attempted to an unreachable network
2026-02-10 19:16:55,822 [ERROR] Polling thread error: PLC disconnected: [WinError 10051] A socket operation was attempted to an unreachable network
2026-02-10 19:16:56,928 [ERROR] Polling thread error: PLC disconnected: [WinError 10051] A socket operation was attempted to an unreachable network
2026-02-10 19:16:58,019 [ERROR] Polling thread error: PLC disconnected: [WinError 10051] A socket operation was attempted to an unreachable network
2026-02-10 19:16:59,126 [ERROR] Polling thread error: PLC disconnected: [WinError 10051] A socket operation was attempted to an unreachable network
2026-02-10 19:17:00,211 [ERROR] Polling thread error: PLC disconnected: [WinError 10051] A socket operation was attempted to an unreachable network
2026-02-10 19:17:01,299 [ERROR] Polling thread error: PLC disconnected: [WinError 10051] A socket operation was attempted to an unreachable network
2026-02-10 19:17:02,406 [ERROR] Polling thread error: PLC disconnected: [WinError 10051] A socket operation was attempted to an unreachable network
2026-02-10 19:17:03,497 [ERROR] Polling thread error: PLC disconnected: [WinError 10051] A socket operation was attempted to an unreachable network
2026-02-10 19:17:04,598 [ERROR] Polling thread error: PLC disconnected: [WinError 10051] A socket operation was attempted to an unreachable network
2026-02-10 19:17:05,684 [ERROR] Polling thread error: PLC disconnected: [WinError 10051] A socket operation was attempted to an unreachable network
2026-02-10 19:17:06,778 [ERROR] Polling thread error: PLC disconnected: [WinError 10051] A socket operation was attempted to an unreachable network
2026-02-10 19:17:07,869 [ERROR] Polling thread error: PLC disconnected: [WinError 10051] A socket operation was attempted to an unreachable network
2026-02-10 19:17:08,958 [ERROR] Polling thread error: PLC disconnected: [WinError 10051] A socket operation was attempted to an unreachable network
2026-02-10 19:17:10,051 [ERROR] Polling thread error: PLC disconnected: [WinError 10051] A socket operation was attempted to an unreachable network
2026-02-10 19:17:11,158 [ERROR] Polling thread error: PLC disconnected: [WinError 10051] A socket operation was attempted to an unreachable network
2026-02-10 19:17:12,251 [ERROR] Polling thread error: PLC disconnected: [WinError 10051] A socket operation was attempted to an unreachable network
2026-02-10 19:17:13,342 [ERROR] Polling thread error: PLC disconnected: [WinError 10051] A socket operation was attempted to an unreachable network
2026-02-10 19:17:14,437 [ERROR] Polling thread error: PLC disconnected: [WinError 10051] A socket operation was attempted to an unreachable network
2026-02-10 19:17:15,544 [ERROR] Polling thread error: PLC disconnected: [WinError 10051] A socket operation was attempted to an unreachable network
2026-02-10 19:17:16,640 [ERROR] Polling thread error: PLC disconnected: [WinError 10051] A socket operation was attempted to an unreachable network
2026-02-10 19:17:17,731 [ERROR] Polling thread error: PLC disconnected: [WinError 10051] A socket operation was attempted to an unreachable network
2026-02-10 19:17:18,822 [ERROR] Polling thread error: PLC disconnected: [WinError 10051] A socket operation was attempted to an unreachable network
2026-02-10 19:17:19,914 [ERROR] Polling thread error: PLC disconnected: [WinError 10051] A socket operation was attempted to an unreachable network
2026-02-10 19:17:21,002 [ERROR] Polling thread error: PLC disconnected: [WinError 10051] A socket operation was attempted to an unreachable network
2026-02-10 19:17:22,088 [ERROR] Polling thread error: PLC disconnected: [WinError 10051] A socket operation was attempted to an unreachable network
2026-02-10 19:17:23,195 [ERROR] Polling thread error: PLC disconnected: [WinError 10051] A socket operation was attempted to an unreachable network
2026-02-10 19:17:24,278 [ERROR] Polling thread error: PLC disconnected: [WinError 10051] A socket operation was attempted to an unreachable network
2026-02-10 19:17:25,385 [ERROR] Polling thread error: PLC disconnected: [WinError 10051] A socket operation was attempted to an unreachable network
2026-02-10 19:17:26,491 [ERROR] Polling thread error: PLC disconnected: [WinError 10051] A socket operation was attempted to an unreachable network
2026-02-10 19:17:27,582 [ERROR] Polling thread error: PLC disconnected: [WinError 10051] A socket operation was attempted to an unreachable network
2026-02-10 19:17:28,672 [ERROR] Polling thread error: PLC disconnected: [WinError 10051] A socket operation was attempted to an unreachable network
2026-02-10 19:17:29,775 [ERROR] Polling thread error: PLC disconnected: [WinError 10051] A socket operation was attempted to an unreachable network
2026-02-10 19:17:30,873 [ERROR] Polling thread error: PLC disconnected: [WinError 10051] A socket operation was attempted to an unreachable network
2026-02-10 19:17:31,981 [ERROR] Polling thread error: PLC disconnected: [WinError 10051] A socket operation was attempted to an unreachable network
2026-02-10 19:17:33,071 [ERROR] Polling thread error: PLC disconnected: [WinError 10051] A socket operation was attempted to an unreachable network
2026-02-10 19:17:34,155 [ERROR] Polling thread error: PLC disconnected: [WinError 10051] A socket operation was attempted to an unreachable network
2026-02-10 19:17:35,244 [ERROR] Polling thread error: PLC disconnected: [WinError 10051] A socket operation was attempted to an unreachable network
2026-02-10 19:17:36,334 [ERROR] Polling thread error: PLC disconnected: [WinError 10051] A socket operation was attempted to an unreachable network
2026-02-10 19:17:37,431 [ERROR] Polling thread error: PLC disconnected: [WinError 10051] A socket operation was attempted to an unreachable network
2026-02-10 19:17:38,520 [ERROR] Polling thread error: PLC disconnected: [WinError 10051] A socket operation was attempted to an unreachable network
2026-02-10 19:17:39,607 [ERROR] Polling thread error: PLC disconnected: [WinError 10051] A socket operation was attempted to an unreachable network
2026-02-10 19:17:40,700 [ERROR] Polling thread error: PLC disconnected: [WinError 10051] A socket operation was attempted to an unreachable network
2026-02-10 19:17:41,806 [ERROR] Polling thread error: PLC disconnected: [WinError 10051] A socket operation was attempted to an unreachable network
2026-02-10 19:17:42,891 [ERROR] Polling thread error: PLC disconnected: [WinError 10051] A socket operation was attempted to an unreachable network
2026-02-10 19:17:43,986 [ERROR] Polling thread error: PLC disconnected: [WinError 10051] A socket operation was attempted to an unreachable network
2026-02-10 19:17:45,076 [ERROR] Polling thread error: PLC disconnected: [WinError 10051] A socket operation was attempted to an unreachable network
2026-02-10 19:17:46,174 [ERROR] Polling thread error: PLC disconnected: [WinError 10051] A socket operation was attempted to an unreachable network
2026-02-10 19:17:47,281 [ERROR] Polling thread error: PLC disconnected: [WinError 10051] A socket operation was attempted to an unreachable network
2026-02-10 19:17:48,375 [ERROR] Polling thread error: PLC disconnected: [WinError 10051] A socket operation was attempted to an unreachable network
2026-02-10 19:17:49,462 [ERROR] Polling thread error: PLC disconnected: [WinError 10051] A socket operation was attempted to an unreachable network
2026-02-10 19:17:50,550 [ERROR] Polling thread error: PLC disconnected: [WinError 10051] A socket operation was attempted to an unreachable network
2026-02-10 19:17:51,641 [ERROR] Polling thread error: PLC disconnected: [WinError 10051] A socket operation was attempted to an unreachable network
2026-02-10 19:17:52,733 [ERROR] Polling thread error: PLC disconnected: [WinError 10051] A socket operation was attempted to an unreachable network
2026-02-10 19:17:53,832 [ERROR] Polling thread error: PLC disconnected: [WinError 10051] A socket operation was attempted to an unreachable network
2026-02-10 19:17:54,929 [ERROR] Polling thread error: PLC disconnected: [WinError 10051] A socket operation was attempted to an unreachable network
2026-02-10 19:17:56,021 [ERROR] Polling thread error: PLC disconnected: [WinError 10051] A socket operation was attempted to an unreachable network
2026-02-10 19:17:57,116 [ERROR] Polling thread error: PLC disconnected: [WinError 10051] A socket operation was attempted to an unreachable network
2026-02-10 19:17:58,222 [ERROR] Polling thread error: PLC disconnected: [WinError 10051] A socket operation was attempted to an unreachable network
2026-02-10 19:17:59,330 [ERROR] Polling thread error: PLC disconnected: [WinError 10051] A socket operation was attempted to an unreachable network
2026-02-10 19:18:00,437 [ERROR] Polling thread error: PLC disconnected: [WinError 10051] A socket operation was attempted to an unreachable network
2026-02-10 19:18:01,525 [ERROR] Polling thread error: PLC disconnected: [WinError 10051] A socket operation was attempted to an unreachable network
2026-02-10 19:18:02,625 [ERROR] Polling thread error: PLC disconnected: [WinError 10051] A socket operation was attempted to an unreachable network
2026-02-10 19:18:03,720 [ERROR] Polling thread error: PLC disconnected: [WinError 10051] A socket operation was attempted to an unreachable network
2026-02-10 19:18:04,826 [ERROR] Polling thread error: PLC disconnected: [WinError 10051] A socket operation was attempted to an unreachable network
2026-02-10 19:18:05,915 [ERROR] Polling thread error: PLC disconnected: [WinError 10051] A socket operation was attempted to an unreachable network
2026-02-10 19:18:07,004 [ERROR] Polling thread error: PLC disconnected: [WinError 10051] A socket operation was attempted to an unreachable network
2026-02-10 19:18:08,095 [ERROR] Polling thread error: PLC disconnected: [WinError 10051] A socket operation was attempted to an unreachable network
2026-02-10 19:18:09,183 [ERROR] Polling thread error: PLC disconnected: [WinError 10051] A socket operation was attempted to an unreachable network
2026-02-10 19:18:10,272 [ERROR] Polling thread error: PLC disconnected: [WinError 10051] A socket operation was attempted to an unreachable network
2026-02-10 19:18:11,361 [ERROR] Polling thread error: PLC disconnected: [WinError 10051] A socket operation was attempted to an unreachable network
2026-02-10 19:18:12,450 [ERROR] Polling thread error: PLC disconnected: [WinError 10051] A socket operation was attempted to an unreachable network
2026-02-10 19:18:13,540 [ERROR] Polling thread error: PLC disconnected: [WinError 10051] A socket operation was attempted to an unreachable network
2026-02-10 19:18:14,639 [ERROR] Polling thread error: PLC disconnected: [WinError 10051] A socket operation was attempted to an unreachable network
2026-02-10 19:18:15,729 [ERROR] Polling thread error: PLC disconnected: [WinError 10051] A socket operation was attempted to an unreachable network
2026-02-10 19:18:16,833 [ERROR] Polling thread error: PLC disconnected: [WinError 10051] A socket operation was attempted to an unreachable network
2026-02-10 19:18:17,924 [ERROR] Polling thread error: PLC disconnected: [WinError 10051] A socket operation was attempted to an unreachable network
2026-02-10 19:18:19,015 [ERROR] Polling thread error: PLC disconnected: [WinError 10051] A socket operation was attempted to an unreachable network
2026-02-10 19:18:20,104 [ERROR] Polling thread error: PLC disconnected: [WinError 10051] A socket operation was attempted to an unreachable network
2026-02-10 19:18:21,209 [ERROR] Polling thread error: PLC disconnected: [WinError 10051] A socket operation was attempted to an unreachable network
2026-02-10 19:18:22,300 [ERROR] Polling thread error: PLC disconnected: [WinError 10051] A socket operation was attempted to an unreachable network
2026-02-10 19:18:23,390 [ERROR] Polling thread error: PLC disconnected: [WinError 10051] A socket operation was attempted to an unreachable network
2026-02-10 19:18:24,495 [ERROR] Polling thread error: PLC disconnected: [WinError 10051] A socket operation was attempted to an unreachable network
2026-02-10 19:18:25,596 [ERROR] Polling thread error: PLC disconnected: [WinError 10051] A socket operation was attempted to an unreachable network
2026-02-10 19:18:26,682 [ERROR] Polling thread error: PLC disconnected: [WinError 10051] A socket operation was attempted to an unreachable network
2026-02-10 19:18:27,771 [ERROR] Polling thread error: PLC disconnected: [WinError 10051] A socket operation was attempted to an unreachable network
2026-02-10 19:18:28,867 [ERROR] Polling thread error: PLC disconnected: [WinError 10051] A socket operation was attempted to an unreachable network
2026-02-10 19:18:29,977 [ERROR] Polling thread error: PLC disconnected: [WinError 10051] A socket operation was attempted to an unreachable network
2026-02-10 19:18:31,099 [ERROR] Polling thread error: PLC disconnected: [WinError 10051] A socket operation was attempted to an unreachable network
2026-02-10 19:18:32,192 [ERROR] Polling thread error: PLC disconnected: [WinError 10051] A socket operation was attempted to an unreachable network
2026-02-10 19:18:33,293 [ERROR] Polling thread error: PLC disconnected: [WinError 10051] A socket operation was attempted to an unreachable network
2026-02-10 19:18:34,376 [ERROR] Polling thread error: PLC disconnected: [WinError 10051] A socket operation was attempted to an unreachable network
2026-02-10 19:18:35,461 [ERROR] Polling thread error: PLC disconnected: [WinError 10051] A socket operation was attempted to an unreachable network
2026-02-10 19:18:36,552 [ERROR] Polling thread error: PLC disconnected: [WinError 10051] A socket operation was attempted to an unreachable network
2026-02-10 19:18:37,644 [ERROR] Polling thread error: PLC disconnected: [WinError 10051] A socket operation was attempted to an unreachable network
2026-02-10 19:18:38,728 [ERROR] Polling thread error: PLC disconnected: [WinError 10051] A socket operation was attempted to an unreachable network
2026-02-10 19:18:39,825 [ERROR] Polling thread error: PLC disconnected: [WinError 10051] A socket operation was attempted to an unreachable network
2026-02-10 19:18:40,921 [ERROR] Polling thread error: PLC disconnected: [WinError 10051] A socket operation was attempted to an unreachable network
2026-02-10 19:18:42,031 [ERROR] Polling thread error: PLC disconnected: [WinError 10051] A socket operation was attempted to an unreachable network
2026-02-10 19:18:43,123 [ERROR] Polling thread error: PLC disconnected: [WinError 10051] A socket operation was attempted to an unreachable network
2026-02-10 19:18:44,210 [ERROR] Polling thread error: PLC disconnected: [WinError 10051] A socket operation was attempted to an unreachable network
2026-02-10 19:18:45,312 [ERROR] Polling thread error: PLC disconnected: [WinError 10051] A socket operation was attempted to an unreachable network
2026-02-10 19:18:46,410 [ERROR] Polling thread error: PLC disconnected: [WinError 10051] A socket operation was attempted to an unreachable network
2026-02-10 19:18:47,503 [ERROR] Polling thread error: PLC disconnected: [WinError 10051] A socket operation was attempted to an unreachable network
2026-02-10 19:18:48,588 [ERROR] Polling thread error: PLC disconnected: [WinError 10051] A socket operation was attempted to an unreachable network
2026-02-10 19:18:49,695 [ERROR] Polling thread error: PLC disconnected: [WinError 10051] A socket operation was attempted to an unreachable network
2026-02-10 19:18:50,789 [ERROR] Polling thread error: PLC disconnected: [WinError 10051] A socket operation was attempted to an unreachable network
2026-02-10 19:18:51,880 [ERROR] Polling thread error: PLC disconnected: [WinError 10051] A socket operation was attempted to an unreachable network
2026-02-10 19:18:52,974 [ERROR] Polling thread error: PLC disconnected: [WinError 10051] A socket operation was attempted to an unreachable network
2026-02-10 19:18:54,057 [ERROR] Polling thread error: PLC disconnected: [WinError 10051] A socket operation was attempted to an unreachable network
2026-02-10 19:18:55,146 [ERROR] Polling thread error: PLC disconnected: [WinError 10051] A socket operation was attempted to an unreachable network
2026-02-10 19:18:56,235 [ERROR] Polling thread error: PLC disconnected: [WinError 10051] A socket operation was attempted to an unreachable network
2026-02-10 19:18:57,326 [ERROR] Polling thread error: PLC disconnected: [WinError 10051] A socket operation was attempted to an unreachable network
2026-02-10 19:18:58,417 [ERROR] Polling thread error: PLC disconnected: [WinError 10051] A socket operation was attempted to an unreachable network
2026-02-10 19:18:59,505 [ERROR] Polling thread error: PLC disconnected: [WinError 10051] A socket operation was attempted to an unreachable network
2026-02-10 19:19:00,595 [ERROR] Polling thread error: PLC disconnected: [WinError 10051] A socket operation was attempted to an unreachable network
2026-02-10 19:19:01,688 [ERROR] Polling thread error: PLC disconnected: [WinError 10051] A socket operation was attempted to an unreachable network
2026-02-10 19:19:02,798 [ERROR] Polling thread error: PLC disconnected: [WinError 10051] A socket operation was attempted to an unreachable network
2026-02-10 19:19:03,890 [ERROR] Polling thread error: PLC disconnected: [WinError 10051] A socket operation was attempted to an unreachable network
2026-02-10 19:19:04,986 [ERROR] Polling thread error: PLC disconnected: [WinError 10051] A socket operation was attempted to an unreachable network
2026-02-10 19:19:06,075 [ERROR] Polling thread error: PLC disconnected: [WinError 10051] A socket operation was attempted to an unreachable network
2026-02-10 19:19:07,166 [ERROR] Polling thread error: PLC disconnected: [WinError 10051] A socket operation was attempted to an unreachable network
2026-02-10 19:19:08,268 [ERROR] Polling thread error: PLC disconnected: [WinError 10051] A socket operation was attempted to an unreachable network
2026-02-10 19:19:09,353 [ERROR] Polling thread error: PLC disconnected: [WinError 10051] A socket operation was attempted to an unreachable network
2026-02-10 19:19:10,442 [ERROR] Polling thread error: PLC disconnected: [WinError 10051] A socket operation was attempted to an unreachable network
2026-02-10 19:19:11,539 [ERROR] Polling thread error: PLC disconnected: [WinError 10051] A socket operation was attempted to an unreachable network
2026-02-10 19:19:12,642 [ERROR] Polling thread error: PLC disconnected: [WinError 10051] A socket operation was attempted to an unreachable network
2026-02-10 19:19:13,729 [ERROR] Polling thread error: PLC disconnected: [WinError 10051] A socket operation was attempted to an unreachable network
2026-02-10 19:19:14,820 [ERROR] Polling thread error: PLC disconnected: [WinError 10051] A socket operation was attempted to an unreachable network
2026-02-10 19:19:15,925 [ERROR] Polling thread error: PLC disconnected: [WinError 10051] A socket operation was attempted to an unreachable network
2026-02-10 19:19:17,026 [ERROR] Polling thread error: PLC disconnected: [WinError 10051] A socket operation was attempted to an unreachable network
2026-02-10 19:19:18,127 [ERROR] Polling thread error: PLC disconnected: [WinError 10051] A socket operation was attempted to an unreachable network
2026-02-10 19:19:19,221 [ERROR] Polling thread error: PLC disconnected: [WinError 10051] A socket operation was attempted to an unreachable network
2026-02-10 19:19:20,322 [ERROR] Polling thread error: PLC disconnected: [WinError 10051] A socket operation was attempted to an unreachable network
2026-02-10 19:19:21,420 [ERROR] Polling thread error: PLC disconnected: [WinError 10051] A socket operation was attempted to an unreachable network
2026-02-10 19:19:22,525 [ERROR] Polling thread error: PLC disconnected: [WinError 10051] A socket operation was attempted to an unreachable network
2026-02-10 19:19:23,617 [ERROR] Polling thread error: PLC disconnected: [WinError 10051] A socket operation was attempted to an unreachable network
2026-02-10 19:19:24,733 [ERROR] Polling thread error: PLC disconnected: [WinError 10051] A socket operation was attempted to an unreachable network
2026-02-10 19:19:25,819 [ERROR] Polling thread error: PLC disconnected: [WinError 10051] A socket operation was attempted to an unreachable network
2026-02-10 19:19:26,913 [ERROR] Polling thread error: PLC disconnected: [WinError 10051] A socket operation was attempted to an unreachable network
2026-02-10 19:19:28,015 [ERROR] Polling thread error: PLC disconnected: [WinError 10051] A socket operation was attempted to an unreachable network
2026-02-10 19:19:29,117 [ERROR] Polling thread error: PLC disconnected: [WinError 10051] A socket operation was attempted to an unreachable network
2026-02-10 19:19:30,220 [ERROR] Polling thread error: PLC disconnected: [WinError 10051] A socket operation was attempted to an unreachable network
2026-02-10 19:19:31,304 [ERROR] Polling thread error: PLC disconnected: [WinError 10051] A socket operation was attempted to an unreachable network
2026-02-10 19:19:32,391 [ERROR] Polling thread error: PLC disconnected: [WinError 10051] A socket operation was attempted to an unreachable network
2026-02-10 19:19:33,475 [ERROR] Polling thread error: PLC disconnected: [WinError 10051] A socket operation was attempted to an unreachable network
2026-02-10 19:19:34,581 [ERROR] Polling thread error: PLC disconnected: [WinError 10051] A socket operation was attempted to an unreachable network
2026-02-10 19:19:35,675 [ERROR] Polling thread error: PLC disconnected: [WinError 10051] A socket operation was attempted to an unreachable network
2026-02-10 19:19:36,788 [ERROR] Polling thread error: PLC disconnected: [WinError 10051] A socket operation was attempted to an unreachable network
2026-02-10 19:19:37,885 [ERROR] Polling thread error: PLC disconnected: [WinError 10051] A socket operation was attempted to an unreachable network
2026-02-10 19:19:38,976 [ERROR] Polling thread error: PLC disconnected: [WinError 10051] A socket operation was attempted to an unreachable network
2026-02-10 19:19:40,080 [ERROR] Polling thread error: PLC disconnected: [WinError 10051] A socket operation was attempted to an unreachable network
2026-02-10 19:19:41,177 [ERROR] Polling thread error: PLC disconnected: [WinError 10051] A socket operation was attempted to an unreachable network
2026-02-10 19:19:42,266 [ERROR] Polling thread error: PLC disconnected: [WinError 10051] A socket operation was attempted to an unreachable network
2026-02-10 19:19:43,355 [ERROR] Polling thread error: PLC disconnected: [WinError 10051] A socket operation was attempted to an unreachable network
2026-02-10 19:19:44,445 [ERROR] Polling thread error: PLC disconnected: [WinError 10051] A socket operation was attempted to an unreachable network
2026-02-10 19:19:45,551 [ERROR] Polling thread error: PLC disconnected: [WinError 10051] A socket operation was attempted to an unreachable network
2026-02-10 19:19:46,642 [ERROR] Polling thread error: PLC disconnected: [WinError 10051] A socket operation was attempted to an unreachable network
2026-02-10 19:19:47,741 [ERROR] Polling thread error: PLC disconnected: [WinError 10051] A socket operation was attempted to an unreachable network
2026-02-10 19:19:48,830 [ERROR] Polling thread error: PLC disconnected: [WinError 10051] A socket operation was attempted to an unreachable network
2026-02-10 19:19:49,916 [ERROR] Polling thread error: PLC disconnected: [WinError 10051] A socket operation was attempted to an unreachable network
2026-02-10 19:19:51,001 [ERROR] Polling thread error: PLC disconnected: [WinError 10051] A socket operation was attempted to an unreachable network
2026-02-10 19:19:52,107 [ERROR] Polling thread error: PLC disconnected: [WinError 10051] A socket operation was attempted to an unreachable network
2026-02-10 19:19:53,207 [ERROR] Polling thread error: PLC disconnected: [WinError 10051] A socket operation was attempted to an unreachable network
2026-02-10 19:19:54,290 [ERROR] Polling thread error: PLC disconnected: [WinError 10051] A socket operation was attempted to an unreachable network
2026-02-10 19:19:55,381 [ERROR] Polling thread error: PLC disconnected: [WinError 10051] A socket operation was attempted to an unreachable network
2026-02-10 19:19:56,467 [ERROR] Polling thread error: PLC disconnected: [WinError 10051] A socket operation was attempted to an unreachable network
2026-02-10 19:19:57,557 [ERROR] Polling thread error: PLC disconnected: [WinError 10051] A socket operation was attempted to an unreachable network
2026-02-10 19:19:58,661 [ERROR] Polling thread error: PLC disconnected: [WinError 10051] A socket operation was attempted to an unreachable network
2026-02-10 19:19:59,756 [ERROR] Polling thread error: PLC disconnected: [WinError 10051] A socket operation was attempted to an unreachable network
2026-02-10 19:20:00,861 [ERROR] Polling thread error: PLC disconnected: [WinError 10051] A socket operation was attempted to an unreachable network
2026-02-10 19:20:01,953 [ERROR] Polling thread error: PLC disconnected: [WinError 10051] A socket operation was attempted to an unreachable network
2026-02-10 19:20:03,038 [ERROR] Polling thread error: PLC disconnected: [WinError 10051] A socket operation was attempted to an unreachable network
2026-02-10 19:20:04,126 [ERROR] Polling thread error: PLC disconnected: [WinError 10051] A socket operation was attempted to an unreachable network
2026-02-10 19:20:05,209 [ERROR] Polling thread error: PLC disconnected: [WinError 10051] A socket operation was attempted to an unreachable network
2026-02-10 19:20:06,301 [ERROR] Polling thread error: PLC disconnected: [WinError 10051] A socket operation was attempted to an unreachable network
2026-02-10 19:20:07,408 [ERROR] Polling thread error: PLC disconnected: [WinError 10051] A socket operation was attempted to an unreachable network
2026-02-10 19:20:08,498 [ERROR] Polling thread error: PLC disconnected: [WinError 10051] A socket operation was attempted to an unreachable network
2026-02-10 19:20:09,580 [ERROR] Polling thread error: PLC disconnected: [WinError 10051] A socket operation was attempted to an unreachable network
2026-02-10 19:20:10,673 [ERROR] Polling thread error: PLC disconnected: [WinError 10051] A socket operation was attempted to an unreachable network
2026-02-10 19:20:11,780 [ERROR] Polling thread error: PLC disconnected: [WinError 10051] A socket operation was attempted to an unreachable network
2026-02-10 19:20:12,883 [ERROR] Polling thread error: PLC disconnected: [WinError 10051] A socket operation was attempted to an unreachable network
2026-02-10 19:20:13,988 [ERROR] Polling thread error: PLC disconnected: [WinError 10051] A socket operation was attempted to an unreachable network
2026-02-10 19:20:15,081 [ERROR] Polling thread error: PLC disconnected: [WinError 10051] A socket operation was attempted to an unreachable network
2026-02-10 19:20:16,184 [ERROR] Polling thread error: PLC disconnected: [WinError 10051] A socket operation was attempted to an unreachable network
2026-02-10 19:20:17,287 [ERROR] Polling thread error: PLC disconnected: [WinError 10051] A socket operation was attempted to an unreachable network
2026-02-10 19:20:18,389 [ERROR] Polling thread error: PLC disconnected: [WinError 10051] A socket operation was attempted to an unreachable network
2026-02-10 19:24:14,191 [ERROR] Polling thread error: PLC disconnected: [WinError 10051] A socket operation was attempted to an unreachable network
2026-02-10 19:24:15,278 [ERROR] Polling thread error: PLC disconnected: [WinError 10051] A socket operation was attempted to an unreachable network
2026-02-10 19:24:16,365 [ERROR] Polling thread error: PLC disconnected: [WinError 10051] A socket operation was attempted to an unreachable network
2026-02-10 19:24:17,476 [ERROR] Polling thread error: PLC disconnected: [WinError 10051] A socket operation was attempted to an unreachable network
2026-02-10 19:24:18,559 [ERROR] Polling thread error: PLC disconnected: [WinError 10051] A socket operation was attempted to an unreachable network
2026-02-10 19:24:19,652 [ERROR] Polling thread error: PLC disconnected: [WinError 10051] A socket operation was attempted to an unreachable network
2026-02-10 19:24:20,745 [ERROR] Polling thread error: PLC disconnected: [WinError 10051] A socket operation was attempted to an unreachable network
2026-02-10 19:24:21,835 [ERROR] Polling thread error: PLC disconnected: [WinError 10051] A socket operation was attempted to an unreachable network
2026-02-10 19:24:22,926 [ERROR] Polling thread error: PLC disconnected: [WinError 10051] A socket operation was attempted to an unreachable network
2026-02-10 19:24:24,016 [ERROR] Polling thread error: PLC disconnected: [WinError 10051] A socket operation was attempted to an unreachable network
2026-02-10 19:24:25,123 [ERROR] Polling thread error: PLC disconnected: [WinError 10051] A socket operation was attempted to an unreachable network
2026-02-10 19:24:26,229 [ERROR] Polling thread error: PLC disconnected: [WinError 10051] A socket operation was attempted to an unreachable network
2026-02-10 19:24:27,318 [ERROR] Polling thread error: PLC disconnected: [WinError 10051] A socket operation was attempted to an unreachable network
2026-02-10 19:24:28,406 [ERROR] Polling thread error: PLC disconnected: [WinError 10051] A socket operation was attempted to an unreachable network
2026-02-10 19:24:29,492 [ERROR] Polling thread error: PLC disconnected: [WinError 10051] A socket operation was attempted to an unreachable network
2026-02-10 19:24:30,581 [ERROR] Polling thread error: PLC disconnected: [WinError 10051] A socket operation was attempted to an unreachable network
2026-02-10 19:24:31,698 [ERROR] Polling thread error: PLC disconnected: [WinError 10051] A socket operation was attempted to an unreachable network
2026-02-10 19:24:32,800 [ERROR] Polling thread error: PLC disconnected: [WinError 10051] A socket operation was attempted to an unreachable network
2026-02-10 19:24:33,889 [ERROR] Polling thread error: PLC disconnected: [WinError 10051] A socket operation was attempted to an unreachable network
2026-02-10 19:24:34,980 [ERROR] Polling thread error: PLC disconnected: [WinError 10051] A socket operation was attempted to an unreachable network
2026-02-10 19:24:36,071 [ERROR] Polling thread error: PLC disconnected: [WinError 10051] A socket operation was attempted to an unreachable network
2026-02-10 19:24:37,174 [ERROR] Polling thread error: PLC disconnected: [WinError 10051] A socket operation was attempted to an unreachable network
2026-02-10 19:24:38,264 [ERROR] Polling thread error: PLC disconnected: [WinError 10051] A socket operation was attempted to an unreachable network
2026-02-10 19:24:39,349 [ERROR] Polling thread error: PLC disconnected: [WinError 10051] A socket operation was attempted to an unreachable network
2026-02-10 19:24:40,432 [ERROR] Polling thread error: PLC disconnected: [WinError 10051] A socket operation was attempted to an unreachable network
2026-02-10 19:24:41,534 [ERROR] Polling thread error: PLC disconnected: [WinError 10051] A socket operation was attempted to an unreachable network
2026-02-10 19:24:42,622 [ERROR] Polling thread error: PLC disconnected: [WinError 10051] A socket operation was attempted to an unreachable network
2026-02-10 19:24:43,722 [ERROR] Polling thread error: PLC disconnected: [WinError 10051] A socket operation was attempted to an unreachable network
2026-02-10 19:24:44,812 [ERROR] Polling thread error: PLC disconnected: [WinError 10051] A socket operation was attempted to an unreachable network
2026-02-10 19:24:45,912 [ERROR] Polling thread error: PLC disconnected: [WinError 10051] A socket operation was attempted to an unreachable network
2026-02-10 19:24:47,031 [ERROR] Polling thread error: PLC disconnected: [WinError 10051] A socket operation was attempted to an unreachable network
2026-02-10 19:24:48,122 [ERROR] Polling thread error: PLC disconnected: [WinError 10051] A socket operation was attempted to an unreachable network
2026-02-10 19:24:49,211 [ERROR] Polling thread error: PLC disconnected: [WinError 10051] A socket operation was attempted to an unreachable network
2026-02-10 19:24:50,303 [ERROR] Polling thread error: PLC disconnected: [WinError 10051] A socket operation was attempted to an unreachable network
2026-02-10 19:24:51,405 [ERROR] Polling thread error: PLC disconnected: [WinError 10051] A socket operation was attempted to an unreachable network
2026-02-10 19:24:52,505 [ERROR] Polling thread error: PLC disconnected: [WinError 10051] A socket operation was attempted to an unreachable network
2026-02-10 19:24:53,608 [ERROR] Polling thread error: PLC disconnected: [WinError 10051] A socket operation was attempted to an unreachable network
2026-02-10 19:24:54,713 [ERROR] Polling thread error: PLC disconnected: [WinError 10051] A socket operation was attempted to an unreachable network
2026-02-10 19:24:55,817 [ERROR] Polling thread error: PLC disconnected: [WinError 10051] A socket operation was attempted to an unreachable network
2026-02-10 19:24:56,920 [ERROR] Polling thread error: PLC disconnected: [WinError 10051] A socket operation was attempted to an unreachable network
2026-02-10 19:24:58,011 [ERROR] Polling thread error: PLC disconnected: [WinError 10051] A socket operation was attempted to an unreachable network
2026-02-10 19:24:59,111 [ERROR] Polling thread error: PLC disconnected: [WinError 10051] A socket operation was attempted to an unreachable network
2026-02-10 19:25:00,218 [ERROR] Polling thread error: PLC disconnected: [WinError 10051] A socket operation was attempted to an unreachable network
2026-02-10 19:25:01,320 [ERROR] Polling thread error: PLC disconnected: [WinError 10051] A socket operation was attempted to an unreachable network
2026-02-10 19:25:02,424 [ERROR] Polling thread error: PLC disconnected: [WinError 10051] A socket operation was attempted to an unreachable network
2026-02-10 19:25:03,528 [ERROR] Polling thread error: PLC disconnected: [WinError 10051] A socket operation was attempted to an unreachable network
2026-02-10 19:25:04,633 [ERROR] Polling thread error: PLC disconnected: [WinError 10051] A socket operation was attempted to an unreachable network
2026-02-10 19:25:05,719 [ERROR] Polling thread error: PLC disconnected: [WinError 10051] A socket operation was attempted to an unreachable network
2026-02-10 19:25:06,811 [ERROR] Polling thread error: PLC disconnected: [WinError 10051] A socket operation was attempted to an unreachable network
2026-02-10 19:25:07,908 [ERROR] Polling thread error: PLC disconnected: [WinError 10051] A socket operation was attempted to an unreachable network
2026-02-10 19:25:09,022 [ERROR] Polling thread error: PLC disconnected: [WinError 10051] A socket operation was attempted to an unreachable network
2026-02-10 19:25:10,112 [ERROR] Polling thread error: PLC disconnected: [WinError 10051] A socket operation was attempted to an unreachable network
2026-02-10 19:25:11,213 [ERROR] Polling thread error: PLC disconnected: [WinError 10051] A socket operation was attempted to an unreachable network
2026-02-10 19:25:12,316 [ERROR] Polling thread error: PLC disconnected: [WinError 10051] A socket operation was attempted to an unreachable network
2026-02-10 19:25:13,426 [ERROR] Polling thread error: PLC disconnected: [WinError 10051] A socket operation was attempted to an unreachable network
2026-02-10 19:25:14,520 [ERROR] Polling thread error: PLC disconnected: [WinError 10051] A socket operation was attempted to an unreachable network
2026-02-10 19:25:15,627 [ERROR] Polling thread error: PLC disconnected: [WinError 10051] A socket operation was attempted to an unreachable network
2026-02-10 19:25:16,735 [ERROR] Polling thread error: PLC disconnected: [WinError 10051] A socket operation was attempted to an unreachable network
2026-02-10 19:25:17,822 [ERROR] Polling thread error: PLC disconnected: [WinError 10051] A socket operation was attempted to an unreachable network
2026-02-10 19:25:18,902 [ERROR] Polling thread error: PLC disconnected: [WinError 10051] A socket operation was attempted to an unreachable network
2026-02-10 19:25:19,986 [ERROR] Polling thread error: PLC disconnected: [WinError 10051] A socket operation was attempted to an unreachable network
2026-02-10 19:25:21,071 [ERROR] Polling thread error: PLC disconnected: [WinError 10051] A socket operation was attempted to an unreachable network
2026-02-10 19:25:22,174 [ERROR] Polling thread error: PLC disconnected: [WinError 10051] A socket operation was attempted to an unreachable network
2026-02-10 19:25:23,266 [ERROR] Polling thread error: PLC disconnected: [WinError 10051] A socket operation was attempted to an unreachable network
2026-02-10 19:25:24,359 [ERROR] Polling thread error: PLC disconnected: [WinError 10051] A socket operation was attempted to an unreachable network
2026-02-10 19:25:25,457 [ERROR] Polling thread error: PLC disconnected: [WinError 10051] A socket operation was attempted to an unreachable network
2026-02-10 19:25:26,552 [ERROR] Polling thread error: PLC disconnected: [WinError 10051] A socket operation was attempted to an unreachable network
2026-02-10 19:25:27,641 [ERROR] Polling thread error: PLC disconnected: [WinError 10051] A socket operation was attempted to an unreachable network
2026-02-10 19:25:28,740 [ERROR] Polling thread error: PLC disconnected: [WinError 10051] A socket operation was attempted to an unreachable network
2026-02-10 19:25:29,845 [ERROR] Polling thread error: PLC disconnected: [WinError 10051] A socket operation was attempted to an unreachable network
2026-02-10 19:25:30,965 [ERROR] Polling thread error: PLC disconnected: [WinError 10051] A socket operation was attempted to an unreachable network
2026-02-10 19:25:32,057 [ERROR] Polling thread error: PLC disconnected: [WinError 10051] A socket operation was attempted to an unreachable network
2026-02-10 19:36:54,260 [ERROR] Polling thread error: [WinError 10054] An existing connection was forcibly closed by the remote host
2026-02-10 19:46:28,517 [ERROR] Polling thread error: [WinError 10054] An existing connection was forcibly closed by the remote host
2026-02-10 19:48:48,201 [ERROR] Polling thread error: [WinError 10054] An existing connection was forcibly closed by the remote host
2026-02-10 20:01:17,280 [ERROR] Polling thread error: [WinError 10054] An existing connection was forcibly closed by the remote host
2026-02-10 20:01:18,380 [ERROR] Polling thread error: PLC disconnected: [WinError 10051] A socket operation was attempted to an unreachable network
2026-02-10 20:01:19,480 [ERROR] Polling thread error: PLC disconnected: [WinError 10051] A socket operation was attempted to an unreachable network
2026-02-10 20:01:20,582 [ERROR] Polling thread error: PLC disconnected: [WinError 10051] A socket operation was attempted to an unreachable network
2026-02-10 20:01:21,689 [ERROR] Polling thread error: PLC disconnected: [WinError 10051] A socket operation was attempted to an unreachable network
2026-02-10 20:01:22,792 [ERROR] Polling thread error: PLC disconnected: [WinError 10051] A socket operation was attempted to an unreachable network
2026-02-10 20:01:23,900 [ERROR] Polling thread error: PLC disconnected: [WinError 10051] A socket operation was attempted to an unreachable network
2026-02-10 20:01:25,004 [ERROR] Polling thread error: PLC disconnected: [WinError 10051] A socket operation was attempted to an unreachable network
2026-02-10 20:01:26,108 [ERROR] Polling thread error: PLC disconnected: [WinError 10051] A socket operation was attempted to an unreachable network
2026-02-10 20:01:27,212 [ERROR] Polling thread error: PLC disconnected: [WinError 10051] A socket operation was attempted to an unreachable network
2026-02-10 20:01:28,315 [ERROR] Polling thread error: PLC disconnected: [WinError 10051] A socket operation was attempted to an unreachable network
2026-02-10 20:01:29,396 [ERROR] Polling thread error: PLC disconnected: [WinError 10051] A socket operation was attempted to an unreachable network
2026-02-10 20:01:30,514 [ERROR] Polling thread error: PLC disconnected: [WinError 10051] A socket operation was attempted to an unreachable network
2026-02-10 20:01:31,615 [ERROR] Polling thread error: PLC disconnected: [WinError 10051] A socket operation was attempted to an unreachable network
2026-02-10 20:01:32,733 [ERROR] Polling thread error: PLC disconnected: [WinError 10051] A socket operation was attempted to an unreachable network
2026-02-10 20:01:33,838 [ERROR] Polling thread error: PLC disconnected: [WinError 10051] A socket operation was attempted to an unreachable network
2026-02-10 20:01:34,925 [ERROR] Polling thread error: PLC disconnected: [WinError 10051] A socket operation was attempted to an unreachable network
2026-02-10 20:01:36,026 [ERROR] Polling thread error: PLC disconnected: [WinError 10051] A socket operation was attempted to an unreachable network
2026-02-10 20:01:37,118 [ERROR] Polling thread error: PLC disconnected: [WinError 10051] A socket operation was attempted to an unreachable network
2026-02-10 20:01:38,205 [ERROR] Polling thread error: PLC disconnected: [WinError 10051] A socket operation was attempted to an unreachable network
2026-02-10 20:01:39,295 [ERROR] Polling thread error: PLC disconnected: [WinError 10051] A socket operation was attempted to an unreachable network
2026-02-10 20:01:40,393 [ERROR] Polling thread error: PLC disconnected: [WinError 10051] A socket operation was attempted to an unreachable network
2026-02-10 20:01:41,496 [ERROR] Polling thread error: PLC disconnected: [WinError 10051] A socket operation was attempted to an unreachable network
2026-02-10 20:01:42,587 [ERROR] Polling thread error: PLC disconnected: [WinError 10051] A socket operation was attempted to an unreachable network
2026-02-10 20:01:43,694 [ERROR] Polling thread error: PLC disconnected: [WinError 10051] A socket operation was attempted to an unreachable network
2026-02-10 20:01:44,780 [ERROR] Polling thread error: PLC disconnected: [WinError 10051] A socket operation was attempted to an unreachable network
2026-02-10 20:01:45,887 [ERROR] Polling thread error: PLC disconnected: [WinError 10051] A socket operation was attempted to an unreachable network
2026-02-10 20:01:46,976 [ERROR] Polling thread error: PLC disconnected: [WinError 10051] A socket operation was attempted to an unreachable network
2026-02-10 20:01:48,069 [ERROR] Polling thread error: PLC disconnected: [WinError 10051] A socket operation was attempted to an unreachable network
2026-02-10 20:01:49,160 [ERROR] Polling thread error: PLC disconnected: [WinError 10051] A socket operation was attempted to an unreachable network
2026-02-10 20:01:50,261 [ERROR] Polling thread error: PLC disconnected: [WinError 10051] A socket operation was attempted to an unreachable network
2026-02-10 20:01:51,356 [ERROR] Polling thread error: PLC disconnected: [WinError 10051] A socket operation was attempted to an unreachable network
2026-02-10 20:01:52,457 [ERROR] Polling thread error: PLC disconnected: [WinError 10051] A socket operation was attempted to an unreachable network
2026-02-10 20:01:53,562 [ERROR] Polling thread error: PLC disconnected: [WinError 10051] A socket operation was attempted to an unreachable network
2026-02-10 20:01:54,671 [ERROR] Polling thread error: PLC disconnected: [WinError 10051] A socket operation was attempted to an unreachable network
2026-02-10 20:01:55,763 [ERROR] Polling thread error: PLC disconnected: [WinError 10051] A socket operation was attempted to an unreachable network
2026-02-10 20:01:56,862 [ERROR] Polling thread error: PLC disconnected: [WinError 10051] A socket operation was attempted to an unreachable network
2026-02-10 20:01:57,966 [ERROR] Polling thread error: PLC disconnected: [WinError 10051] A socket operation was attempted to an unreachable network
2026-02-10 20:01:59,063 [ERROR] Polling thread error: PLC disconnected: [WinError 10051] A socket operation was attempted to an unreachable network
2026-02-10 20:02:00,151 [ERROR] Polling thread error: PLC disconnected: [WinError 10051] A socket operation was attempted to an unreachable network
2026-02-10 20:02:01,253 [ERROR] Polling thread error: PLC disconnected: [WinError 10051] A socket operation was attempted to an unreachable network
2026-02-10 20:02:02,353 [ERROR] Polling thread error: PLC disconnected: [WinError 10051] A socket operation was attempted to an unreachable network
2026-02-10 20:02:03,451 [ERROR] Polling thread error: PLC disconnected: [WinError 10051] A socket operation was attempted to an unreachable network
2026-02-10 20:02:04,542 [ERROR] Polling thread error: PLC disconnected: [WinError 10051] A socket operation was attempted to an unreachable network
2026-02-10 20:02:05,643 [ERROR] Polling thread error: PLC disconnected: [WinError 10051] A socket operation was attempted to an unreachable network
2026-02-10 20:02:06,749 [ERROR] Polling thread error: PLC disconnected: [WinError 10051] A socket operation was attempted to an unreachable network
2026-02-10 20:02:07,853 [ERROR] Polling thread error: PLC disconnected: [WinError 10051] A socket operation was attempted to an unreachable network
2026-02-10 20:02:08,936 [ERROR] Polling thread error: PLC disconnected: [WinError 10051] A socket operation was attempted to an unreachable network
2026-02-10 20:02:10,034 [ERROR] Polling thread error: PLC disconnected: [WinError 10051] A socket operation was attempted to an unreachable network
2026-02-10 20:02:11,127 [ERROR] Polling thread error: PLC disconnected: [WinError 10051] A socket operation was attempted to an unreachable network
2026-02-10 20:02:12,225 [ERROR] Polling thread error: PLC disconnected: [WinError 10051] A socket operation was attempted to an unreachable network
2026-02-10 20:02:13,327 [ERROR] Polling thread error: PLC disconnected: [WinError 10051] A socket operation was attempted to an unreachable network
2026-02-10 20:02:14,425 [ERROR] Polling thread error: PLC disconnected: [WinError 10051] A socket operation was attempted to an unreachable network
2026-02-10 20:02:15,537 [ERROR] Polling thread error: PLC disconnected: [WinError 10051] A socket operation was attempted to an unreachable network
2026-02-10 20:02:16,635 [ERROR] Polling thread error: PLC disconnected: [WinError 10051] A socket operation was attempted to an unreachable network
2026-02-10 20:02:17,720 [ERROR] Polling thread error: PLC disconnected: [WinError 10051] A socket operation was attempted to an unreachable network
2026-02-10 20:02:18,819 [ERROR] Polling thread error: PLC disconnected: [WinError 10051] A socket operation was attempted to an unreachable network
2026-02-10 20:02:19,919 [ERROR] Polling thread error: PLC disconnected: [WinError 10051] A socket operation was attempted to an unreachable network
2026-02-10 20:02:21,007 [ERROR] Polling thread error: PLC disconnected: [WinError 10051] A socket operation was attempted to an unreachable network
2026-02-10 20:02:22,094 [ERROR] Polling thread error: PLC disconnected: [WinError 10051] A socket operation was attempted to an unreachable network
2026-02-10 20:02:23,194 [ERROR] Polling thread error: PLC disconnected: [WinError 10051] A socket operation was attempted to an unreachable network
2026-02-10 20:02:24,297 [ERROR] Polling thread error: PLC disconnected: [WinError 10051] A socket operation was attempted to an unreachable network
2026-02-10 20:02:25,384 [ERROR] Polling thread error: PLC disconnected: [WinError 10051] A socket operation was attempted to an unreachable network
2026-02-10 20:02:26,483 [ERROR] Polling thread error: PLC disconnected: [WinError 10051] A socket operation was attempted to an unreachable network
2026-02-10 20:02:27,592 [ERROR] Polling thread error: PLC disconnected: [WinError 10051] A socket operation was attempted to an unreachable network
2026-02-10 20:02:28,694 [ERROR] Polling thread error: PLC disconnected: [WinError 10051] A socket operation was attempted to an unreachable network
2026-02-10 20:02:29,796 [ERROR] Polling thread error: PLC disconnected: [WinError 10051] A socket operation was attempted to an unreachable network
2026-02-10 20:02:30,896 [ERROR] Polling thread error: PLC disconnected: [WinError 10051] A socket operation was attempted to an unreachable network
2026-02-10 20:02:31,981 [ERROR] Polling thread error: PLC disconnected: [WinError 10051] A socket operation was attempted to an unreachable network
2026-02-10 20:02:33,083 [ERROR] Polling thread error: PLC disconnected: [WinError 10051] A socket operation was attempted to an unreachable network
2026-02-10 20:02:34,183 [ERROR] Polling thread error: PLC disconnected: [WinError 10051] A socket operation was attempted to an unreachable network
2026-02-10 20:02:35,282 [ERROR] Polling thread error: PLC disconnected: [WinError 10051] A socket operation was attempted to an unreachable network
2026-02-10 20:02:36,383 [ERROR] Polling thread error: PLC disconnected: [WinError 10051] A socket operation was attempted to an unreachable network
2026-02-10 20:02:37,470 [ERROR] Polling thread error: PLC disconnected: [WinError 10051] A socket operation was attempted to an unreachable network
2026-02-10 20:02:38,556 [ERROR] Polling thread error: PLC disconnected: [WinError 10051] A socket operation was attempted to an unreachable network
2026-02-10 20:02:39,660 [ERROR] Polling thread error: PLC disconnected: [WinError 10051] A socket operation was attempted to an unreachable network
2026-02-10 20:02:40,760 [ERROR] Polling thread error: PLC disconnected: [WinError 10051] A socket operation was attempted to an unreachable network
2026-02-10 20:02:41,859 [ERROR] Polling thread error: PLC disconnected: [WinError 10051] A socket operation was attempted to an unreachable network
2026-02-10 20:02:42,952 [ERROR] Polling thread error: PLC disconnected: [WinError 10051] A socket operation was attempted to an unreachable network
2026-02-10 20:02:44,056 [ERROR] Polling thread error: PLC disconnected: [WinError 10051] A socket operation was attempted to an unreachable network
2026-02-10 20:02:45,144 [ERROR] Polling thread error: PLC disconnected: [WinError 10051] A socket operation was attempted to an unreachable network
2026-02-10 20:02:46,244 [ERROR] Polling thread error: PLC disconnected: [WinError 10051] A socket operation was attempted to an unreachable network
2026-02-10 20:02:47,348 [ERROR] Polling thread error: PLC disconnected: [WinError 10051] A socket operation was attempted to an unreachable network
2026-02-10 20:02:48,446 [ERROR] Polling thread error: PLC disconnected: [WinError 10051] A socket operation was attempted to an unreachable network
2026-02-10 20:02:49,543 [ERROR] Polling thread error: PLC disconnected: [WinError 10051] A socket operation was attempted to an unreachable network
2026-02-10 20:02:50,645 [ERROR] Polling thread error: PLC disconnected: [WinError 10051] A socket operation was attempted to an unreachable network
2026-02-10 20:02:51,747 [ERROR] Polling thread error: PLC disconnected: [WinError 10051] A socket operation was attempted to an unreachable network
2026-02-10 20:02:52,847 [ERROR] Polling thread error: PLC disconnected: [WinError 10051] A socket operation was attempted to an unreachable network
2026-02-10 20:02:53,949 [ERROR] Polling thread error: PLC disconnected: [WinError 10051] A socket operation was attempted to an unreachable network
2026-02-10 20:02:55,051 [ERROR] Polling thread error: PLC disconnected: [WinError 10051] A socket operation was attempted to an unreachable network
2026-02-10 20:02:56,149 [ERROR] Polling thread error: PLC disconnected: [WinError 10051] A socket operation was attempted to an unreachable network
2026-02-10 20:02:57,252 [ERROR] Polling thread error: PLC disconnected: [WinError 10051] A socket operation was attempted to an unreachable network
2026-02-10 20:02:58,359 [ERROR] Polling thread error: PLC disconnected: [WinError 10051] A socket operation was attempted to an unreachable network
2026-02-10 20:02:59,443 [ERROR] Polling thread error: PLC disconnected: [WinError 10051] A socket operation was attempted to an unreachable network
2026-02-10 20:03:00,532 [ERROR] Polling thread error: PLC disconnected: [WinError 10051] A socket operation was attempted to an unreachable network
2026-02-10 20:03:01,625 [ERROR] Polling thread error: PLC disconnected: [WinError 10051] A socket operation was attempted to an unreachable network
2026-02-10 20:03:02,731 [ERROR] Polling thread error: PLC disconnected: [WinError 10051] A socket operation was attempted to an unreachable network
2026-02-10 20:03:03,834 [ERROR] Polling thread error: PLC disconnected: [WinError 10051] A socket operation was attempted to an unreachable network
2026-02-10 20:03:04,921 [ERROR] Polling thread error: PLC disconnected: [WinError 10051] A socket operation was attempted to an unreachable network
2026-02-10 20:03:06,027 [ERROR] Polling thread error: PLC disconnected: [WinError 10051] A socket operation was attempted to an unreachable network
2026-02-10 20:03:07,109 [ERROR] Polling thread error: PLC disconnected: [WinError 10051] A socket operation was attempted to an unreachable network
2026-02-10 20:03:08,214 [ERROR] Polling thread error: PLC disconnected: [WinError 10051] A socket operation was attempted to an unreachable network
2026-02-10 20:03:09,316 [ERROR] Polling thread error: PLC disconnected: [WinError 10051] A socket operation was attempted to an unreachable network
2026-02-10 20:03:10,420 [ERROR] Polling thread error: PLC disconnected: [WinError 10051] A socket operation was attempted to an unreachable network
2026-02-10 20:03:11,512 [ERROR] Polling thread error: PLC disconnected: [WinError 10051] A socket operation was attempted to an unreachable network
2026-02-10 20:03:12,598 [ERROR] Polling thread error: PLC disconnected: [WinError 10051] A socket operation was attempted to an unreachable network
2026-02-10 20:03:13,697 [ERROR] Polling thread error: PLC disconnected: [WinError 10051] A socket operation was attempted to an unreachable network
2026-02-10 20:03:14,786 [ERROR] Polling thread error: PLC disconnected: [WinError 10051] A socket operation was attempted to an unreachable network
2026-02-10 20:03:15,891 [ERROR] Polling thread error: PLC disconnected: [WinError 10051] A socket operation was attempted to an unreachable network
2026-02-10 20:03:16,980 [ERROR] Polling thread error: PLC disconnected: [WinError 10051] A socket operation was attempted to an unreachable network
2026-02-10 20:03:18,085 [ERROR] Polling thread error: PLC disconnected: [WinError 10051] A socket operation was attempted to an unreachable network
2026-02-10 20:03:19,193 [ERROR] Polling thread error: PLC disconnected: [WinError 10051] A socket operation was attempted to an unreachable network
2026-02-10 20:03:20,277 [ERROR] Polling thread error: PLC disconnected: [WinError 10051] A socket operation was attempted to an unreachable network
2026-02-10 20:03:21,360 [ERROR] Polling thread error: PLC disconnected: [WinError 10051] A socket operation was attempted to an unreachable network
2026-02-10 20:03:22,460 [ERROR] Polling thread error: PLC disconnected: [WinError 10051] A socket operation was attempted to an unreachable network
2026-02-10 20:03:23,564 [ERROR] Polling thread error: PLC disconnected: [WinError 10051] A socket operation was attempted to an unreachable network
2026-02-10 20:03:24,670 [ERROR] Polling thread error: PLC disconnected: [WinError 10051] A socket operation was attempted to an unreachable network
2026-02-10 20:03:25,777 [ERROR] Polling thread error: PLC disconnected: [WinError 10051] A socket operation was attempted to an unreachable network
2026-02-10 20:03:26,877 [ERROR] Polling thread error: PLC disconnected: [WinError 10051] A socket operation was attempted to an unreachable network
2026-02-10 20:03:27,977 [ERROR] Polling thread error: PLC disconnected: [WinError 10051] A socket operation was attempted to an unreachable network
2026-02-10 20:03:29,079 [ERROR] Polling thread error: PLC disconnected: [WinError 10051] A socket operation was attempted to an unreachable network
2026-02-10 20:03:30,180 [ERROR] Polling thread error: PLC disconnected: [WinError 10051] A socket operation was attempted to an unreachable network
2026-02-10 20:03:31,282 [ERROR] Polling thread error: PLC disconnected: [WinError 10051] A socket operation was attempted to an unreachable network
2026-02-10 20:03:32,383 [ERROR] Polling thread error: PLC disconnected: [WinError 10051] A socket operation was attempted to an unreachable network
2026-02-10 20:03:33,484 [ERROR] Polling thread error: PLC disconnected: [WinError 10051] A socket operation was attempted to an unreachable network
2026-02-10 20:03:34,586 [ERROR] Polling thread error: PLC disconnected: [WinError 10051] A socket operation was attempted to an unreachable network
2026-02-10 20:03:35,670 [ERROR] Polling thread error: PLC disconnected: [WinError 10051] A socket operation was attempted to an unreachable network
2026-02-10 20:03:36,762 [ERROR] Polling thread error: PLC disconnected: [WinError 10051] A socket operation was attempted to an unreachable network
2026-02-10 20:03:37,863 [ERROR] Polling thread error: PLC disconnected: [WinError 10051] A socket operation was attempted to an unreachable network
2026-02-10 20:03:38,949 [ERROR] Polling thread error: PLC disconnected: [WinError 10051] A socket operation was attempted to an unreachable network
2026-02-10 20:03:40,063 [ERROR] Polling thread error: PLC disconnected: [WinError 10051] A socket operation was attempted to an unreachable network
2026-02-10 20:03:41,181 [ERROR] Polling thread error: PLC disconnected: [WinError 10051] A socket operation was attempted to an unreachable network
2026-02-10 20:03:42,281 [ERROR] Polling thread error: PLC disconnected: [WinError 10051] A socket operation was attempted to an unreachable network
2026-02-10 20:03:43,380 [ERROR] Polling thread error: PLC disconnected: [WinError 10051] A socket operation was attempted to an unreachable network
2026-02-10 20:03:44,461 [ERROR] Polling thread error: PLC disconnected: [WinError 10051] A socket operation was attempted to an unreachable network
2026-02-10 20:03:45,545 [ERROR] Polling thread error: PLC disconnected: [WinError 10051] A socket operation was attempted to an unreachable network
2026-02-10 20:03:46,643 [ERROR] Polling thread error: PLC disconnected: [WinError 10051] A socket operation was attempted to an unreachable network
2026-02-10 20:03:47,728 [ERROR] Polling thread error: PLC disconnected: [WinError 10051] A socket operation was attempted to an unreachable network
2026-02-10 20:38:18,353 [ERROR] Polling thread error: timed out
2026-02-10 20:38:21,449 [ERROR] Polling thread error: PLC disconnected: timed out
2026-02-10 20:38:24,546 [ERROR] Polling thread error: PLC disconnected: timed out
2026-02-10 20:38:27,639 [ERROR] Polling thread error: PLC disconnected: timed out
2026-02-10 20:38:28,721 [ERROR] Polling thread error: PLC disconnected: [WinError 10065] A socket operation was attempted to an unreachable host
2026-02-10 20:38:29,822 [ERROR] Polling thread error: PLC disconnected: [WinError 10065] A socket operation was attempted to an unreachable host
2026-02-10 20:38:30,914 [ERROR] Polling thread error: PLC disconnected: [WinError 10065] A socket operation was attempted to an unreachable host
2026-02-10 20:38:31,998 [ERROR] Polling thread error: PLC disconnected: [WinError 10065] A socket operation was attempted to an unreachable host
2026-02-10 20:38:33,088 [ERROR] Polling thread error: PLC disconnected: [WinError 10065] A socket operation was attempted to an unreachable host
2026-02-10 20:38:34,208 [ERROR] Polling thread error: PLC disconnected: [WinError 10065] A socket operation was attempted to an unreachable host
2026-02-10 20:38:35,295 [ERROR] Polling thread error: PLC disconnected: [WinError 10065] A socket operation was attempted to an unreachable host
2026-02-10 20:38:36,394 [ERROR] Polling thread error: PLC disconnected: [WinError 10065] A socket operation was attempted to an unreachable host
2026-02-10 20:38:37,494 [ERROR] Polling thread error: PLC disconnected: [WinError 10065] A socket operation was attempted to an unreachable host
2026-02-10 20:38:38,585 [ERROR] Polling thread error: PLC disconnected: [WinError 10065] A socket operation was attempted to an unreachable host
2026-02-10 20:38:39,682 [ERROR] Polling thread error: PLC disconnected: [WinError 10065] A socket operation was attempted to an unreachable host
2026-02-10 20:38:40,787 [ERROR] Polling thread error: PLC disconnected: [WinError 10065] A socket operation was attempted to an unreachable host
2026-02-10 20:38:43,894 [ERROR] Polling thread error: PLC disconnected: timed out
2026-02-10 20:38:47,000 [ERROR] Polling thread error: PLC disconnected: timed out
2026-02-10 20:38:50,104 [ERROR] Polling thread error: PLC disconnected: timed out
2026-02-10 20:38:53,211 [ERROR] Polling thread error: PLC disconnected: timed out
2026-02-10 20:38:56,307 [ERROR] Polling thread error: PLC disconnected: timed out
2026-02-10 20:38:59,400 [ERROR] Polling thread error: PLC disconnected: timed out
2026-02-10 20:39:02,496 [ERROR] Polling thread error: PLC disconnected: timed out
2026-02-10 20:39:05,587 [ERROR] Polling thread error: PLC disconnected: timed out
2026-02-10 20:39:08,683 [ERROR] Polling thread error: PLC disconnected: timed out
2026-02-10 20:39:11,778 [ERROR] Polling thread error: PLC disconnected: timed out
2026-02-10 20:39:14,874 [ERROR] Polling thread error: PLC disconnected: timed out
2026-02-10 20:39:17,984 [ERROR] Polling thread error: PLC disconnected: timed out
2026-02-10 20:39:21,073 [ERROR] Polling thread error: PLC disconnected: timed out
2026-02-10 20:39:24,165 [ERROR] Polling thread error: PLC disconnected: timed out
2026-02-10 20:39:27,256 [ERROR] Polling thread error: PLC disconnected: timed out
2026-02-10 20:39:30,359 [ERROR] Polling thread error: PLC disconnected: timed out
2026-02-10 20:39:33,458 [ERROR] Polling thread error: PLC disconnected: timed out
2026-02-10 20:39:36,554 [ERROR] Polling thread error: PLC disconnected: timed out
2026-02-10 20:39:39,634 [ERROR] Polling thread error: PLC disconnected: timed out
2026-02-10 20:39:42,712 [ERROR] Polling thread error: PLC disconnected: timed out
2026-02-10 20:51:52,944 [WARNING] [Inference] TensorRT or cuda-python not installed: No module named 'tensorrt'
2026-02-10 20:51:55,017 [INFO] [Inference] Using GPU
2026-02-10 20:51:55,017 [INFO] [Inference] Loading OpenVINO model from C:\MyStuff\VS\MECup\backend\inference\openvino_model\model.xml
2026-02-10 20:51:57,268 [INFO] [Inference] Using OpenVINO backend on GPU
2026-02-10 20:51:57,456 [INFO] [Inference] Model ready (openvino)
2026-02-10 20:51:59,101 [WARNING] [Inference] TensorRT or cuda-python not installed: No module named 'tensorrt'
2026-02-10 20:51:59,483 [ERROR] Polling thread error: PLC disconnected: timed out
2026-02-10 20:51:59,526 [INFO] [Inference] Using GPU
2026-02-10 20:51:59,527 [INFO] [Inference] Loading OpenVINO model from C:\MyStuff\VS\MECup\backend\inference\openvino_model\model.xml
2026-02-10 20:52:00,776 [INFO] [Inference] Using OpenVINO backend on GPU
2026-02-10 20:52:00,956 [INFO] [Inference] Model ready (openvino)
2026-02-10 20:52:02,562 [ERROR] Polling thread error: PLC disconnected: timed out
2026-02-10 20:52:05,640 [ERROR] Polling thread error: PLC disconnected: timed out
2026-02-10 20:52:08,717 [ERROR] Polling thread error: PLC disconnected: timed out
2026-02-10 20:52:11,794 [ERROR] Polling thread error: PLC disconnected: timed out
2026-02-10 20:52:14,871 [ERROR] Polling thread error: PLC disconnected: timed out
2026-02-10 20:52:17,949 [ERROR] Polling thread error: PLC disconnected: timed out
2026-02-10 20:52:21,026 [ERROR] Polling thread error: PLC disconnected: timed out
2026-02-10 20:52:24,103 [ERROR] Polling thread error: PLC disconnected: timed out
2026-02-10 20:52:27,180 [ERROR] Polling thread error: PLC disconnected: timed out
2026-02-10 20:52:30,257 [ERROR] Polling thread error: PLC disconnected: timed out
2026-02-10 20:52:33,335 [ERROR] Polling thread error: PLC disconnected: timed out
2026-02-10 20:52:36,413 [ERROR] Polling thread error: PLC disconnected: timed out
2026-02-10 20:52:39,492 [ERROR] Polling thread error: PLC disconnected: timed out
2026-02-10 20:52:42,569 [ERROR] Polling thread error: PLC disconnected: timed out
2026-02-10 20:52:45,645 [ERROR] Polling thread error: PLC disconnected: timed out
2026-02-10 20:52:48,725 [ERROR] Polling thread error: PLC disconnected: timed out
2026-02-10 20:52:51,811 [ERROR] Polling thread error: PLC disconnected: timed out
2026-02-10 20:52:54,891 [ERROR] Polling thread error: PLC disconnected: timed out
2026-02-10 20:52:57,969 [ERROR] Polling thread error: PLC disconnected: timed out
2026-02-10 20:53:01,049 [ERROR] Polling thread error: PLC disconnected: timed out
2026-02-10 20:53:04,127 [ERROR] Polling thread error: PLC disconnected: timed out
2026-02-10 20:53:07,210 [ERROR] Polling thread error: PLC disconnected: timed out
2026-02-10 20:53:10,289 [ERROR] Polling thread error: PLC disconnected: timed out
2026-02-10 20:53:13,367 [ERROR] Polling thread error: PLC disconnected: timed out
2026-02-10 20:53:16,445 [ERROR] Polling thread error: PLC disconnected: timed out
2026-02-10 20:53:19,525 [ERROR] Polling thread error: PLC disconnected: timed out
2026-02-10 20:53:22,605 [ERROR] Polling thread error: PLC disconnected: timed out
2026-02-10 20:53:25,686 [ERROR] Polling thread error: PLC disconnected: timed out
2026-02-10 20:53:28,766 [ERROR] Polling thread error: PLC disconnected: timed out
2026-02-10 20:53:31,847 [ERROR] Polling thread error: PLC disconnected: timed out
2026-02-10 20:53:34,927 [ERROR] Polling thread error: PLC disconnected: timed out
2026-02-10 20:53:38,008 [ERROR] Polling thread error: PLC disconnected: timed out
2026-02-10 20:53:41,087 [ERROR] Polling thread error: PLC disconnected: timed out
2026-02-10 20:53:44,166 [ERROR] Polling thread error: PLC disconnected: timed out
2026-02-10 20:53:47,245 [ERROR] Polling thread error: PLC disconnected: timed out
2026-02-10 20:53:50,323 [ERROR] Polling thread error: PLC disconnected: timed out
2026-02-10 20:53:53,402 [ERROR] Polling thread error: PLC disconnected: timed out
2026-02-10 20:53:56,481 [ERROR] Polling thread error: PLC disconnected: timed out
2026-02-10 20:53:59,559 [ERROR] Polling thread error: PLC disconnected: timed out
2026-02-10 20:54:02,640 [ERROR] Polling thread error: PLC disconnected: timed out
2026-02-10 20:54:05,720 [ERROR] Polling thread error: PLC disconnected: timed out
2026-02-10 20:54:08,798 [ERROR] Polling thread error: PLC disconnected: timed out
2026-02-10 20:54:11,879 [ERROR] Polling thread error: PLC disconnected: timed out
2026-02-10 20:54:14,958 [ERROR] Polling thread error: PLC disconnected: timed out
2026-02-10 20:54:18,037 [ERROR] Polling thread error: PLC disconnected: timed out
2026-02-10 20:54:21,115 [ERROR] Polling thread error: PLC disconnected: timed out
2026-02-10 20:54:24,196 [ERROR] Polling thread error: PLC disconnected: timed out
2026-02-10 20:54:27,273 [ERROR] Polling thread error: PLC disconnected: timed out
2026-02-10 20:54:30,350 [ERROR] Polling thread error: PLC disconnected: timed out
2026-02-10 20:54:33,431 [ERROR] Polling thread error: PLC disconnected: timed out
2026-02-10 20:54:36,510 [ERROR] Polling thread error: PLC disconnected: timed out
2026-02-10 20:54:39,589 [ERROR] Polling thread error: PLC disconnected: timed out
2026-02-10 20:54:42,669 [ERROR] Polling thread error: PLC disconnected: timed out
2026-02-10 20:54:45,750 [ERROR] Polling thread error: PLC disconnected: timed out
2026-02-10 20:54:48,829 [ERROR] Polling thread error: PLC disconnected: timed out
2026-02-10 20:54:51,908 [ERROR] Polling thread error: PLC disconnected: timed out
2026-02-10 20:54:54,998 [ERROR] Polling thread error: PLC disconnected: timed out
2026-02-10 20:54:58,076 [ERROR] Polling thread error: PLC disconnected: timed out
2026-02-10 20:55:01,156 [ERROR] Polling thread error: PLC disconnected: timed out
2026-02-10 20:55:04,235 [ERROR] Polling thread error: PLC disconnected: timed out
2026-02-10 20:55:07,314 [ERROR] Polling thread error: PLC disconnected: timed out
2026-02-10 20:55:10,391 [ERROR] Polling thread error: PLC disconnected: timed out
2026-02-10 20:55:13,471 [ERROR] Polling thread error: PLC disconnected: timed out
2026-02-10 20:55:16,554 [ERROR] Polling thread error: PLC disconnected: timed out
2026-02-10 20:55:19,634 [ERROR] Polling thread error: PLC disconnected: timed out
2026-02-10 20:55:22,714 [ERROR] Polling thread error: PLC disconnected: timed out
2026-02-10 20:55:25,792 [ERROR] Polling thread error: PLC disconnected: timed out
2026-02-10 20:55:28,871 [ERROR] Polling thread error: PLC disconnected: timed out
2026-02-10 20:55:31,951 [ERROR] Polling thread error: PLC disconnected: timed out
2026-02-10 20:55:35,032 [ERROR] Polling thread error: PLC disconnected: timed out
2026-02-10 20:55:38,110 [ERROR] Polling thread error: PLC disconnected: timed out
2026-02-10 20:55:41,189 [ERROR] Polling thread error: PLC disconnected: timed out
2026-02-10 20:55:44,270 [ERROR] Polling thread error: PLC disconnected: timed out
2026-02-10 20:55:47,350 [ERROR] Polling thread error: PLC disconnected: timed out
2026-02-10 20:55:50,430 [ERROR] Polling thread error: PLC disconnected: timed out
2026-02-10 20:55:53,510 [ERROR] Polling thread error: PLC disconnected: timed out
2026-02-10 20:55:56,590 [ERROR] Polling thread error: PLC disconnected: timed out
2026-02-10 20:55:59,669 [ERROR] Polling thread error: PLC disconnected: timed out
2026-02-10 20:56:02,747 [ERROR] Polling thread error: PLC disconnected: timed out
2026-02-10 20:56:05,826 [ERROR] Polling thread error: PLC disconnected: timed out
2026-02-10 20:56:08,906 [ERROR] Polling thread error: PLC disconnected: timed out
2026-02-10 20:56:11,987 [ERROR] Polling thread error: PLC disconnected: timed out
2026-02-10 20:56:15,067 [ERROR] Polling thread error: PLC disconnected: timed out
2026-02-10 20:56:18,147 [ERROR] Polling thread error: PLC disconnected: timed out
2026-02-10 20:56:21,227 [ERROR] Polling thread error: PLC disconnected: timed out
2026-02-10 20:56:24,307 [ERROR] Polling thread error: PLC disconnected: timed out
2026-02-10 20:56:27,388 [ERROR] Polling thread error: PLC disconnected: timed out
2026-02-10 20:56:30,466 [ERROR] Polling thread error: PLC disconnected: timed out
2026-02-10 20:56:33,544 [ERROR] Polling thread error: PLC disconnected: timed out
2026-02-10 20:56:36,623 [ERROR] Polling thread error: PLC disconnected: timed out
2026-02-10 20:56:39,701 [ERROR] Polling thread error: PLC disconnected: timed out
2026-02-10 20:56:42,780 [ERROR] Polling thread error: PLC disconnected: timed out
2026-02-10 20:56:45,857 [ERROR] Polling thread error: PLC disconnected: timed out
2026-02-10 20:56:48,936 [ERROR] Polling thread error: PLC disconnected: timed out
2026-02-10 20:56:52,014 [ERROR] Polling thread error: PLC disconnected: timed out
2026-02-10 20:56:55,091 [ERROR] Polling thread error: PLC disconnected: timed out
2026-02-10 20:56:58,171 [ERROR] Polling thread error: PLC disconnected: timed out
2026-02-10 20:57:01,248 [ERROR] Polling thread error: PLC disconnected: timed out
2026-02-10 20:57:04,327 [ERROR] Polling thread error: PLC disconnected: timed out
2026-02-10 20:57:07,406 [ERROR] Polling thread error: PLC disconnected: timed out
2026-02-10 20:57:10,486 [ERROR] Polling thread error: PLC disconnected: timed out
2026-02-10 20:57:13,564 [ERROR] Polling thread error: PLC disconnected: timed out
2026-02-10 20:57:16,643 [ERROR] Polling thread error: PLC disconnected: timed out
2026-02-10 20:57:19,723 [ERROR] Polling thread error: PLC disconnected: timed out
2026-02-10 20:57:22,804 [ERROR] Polling thread error: PLC disconnected: timed out
2026-02-10 20:57:25,881 [ERROR] Polling thread error: PLC disconnected: timed out
2026-02-10 20:57:28,961 [ERROR] Polling thread error: PLC disconnected: timed out
2026-02-10 20:57:32,039 [ERROR] Polling thread error: PLC disconnected: timed out
2026-02-10 20:57:35,117 [ERROR] Polling thread error: PLC disconnected: timed out
2026-02-10 20:57:38,196 [ERROR] Polling thread error: PLC disconnected: timed out
2026-02-10 20:57:41,275 [ERROR] Polling thread error: PLC disconnected: timed out
2026-02-10 20:57:44,355 [ERROR] Polling thread error: PLC disconnected: timed out
2026-02-10 20:57:47,434 [ERROR] Polling thread error: PLC disconnected: timed out
2026-02-10 20:57:50,511 [ERROR] Polling thread error: PLC disconnected: timed out
2026-02-10 20:57:53,591 [ERROR] Polling thread error: PLC disconnected: timed out
2026-02-10 20:57:56,671 [ERROR] Polling thread error: PLC disconnected: timed out
2026-02-10 20:57:59,748 [ERROR] Polling thread error: PLC disconnected: timed out
2026-02-10 20:58:02,825 [ERROR] Polling thread error: PLC disconnected: timed out
2026-02-10 20:58:05,905 [ERROR] Polling thread error: PLC disconnected: timed out
2026-02-10 20:58:08,982 [ERROR] Polling thread error: PLC disconnected: timed out
2026-02-10 20:58:12,060 [ERROR] Polling thread error: PLC disconnected: timed out
2026-02-10 20:58:15,143 [ERROR] Polling thread error: PLC disconnected: timed out
2026-02-10 20:58:18,221 [ERROR] Polling thread error: PLC disconnected: timed out
2026-02-10 20:58:21,299 [ERROR] Polling thread error: PLC disconnected: timed out
2026-02-10 20:58:24,379 [ERROR] Polling thread error: PLC disconnected: timed out
2026-02-10 20:58:27,460 [ERROR] Polling thread error: PLC disconnected: timed out
2026-02-10 20:58:30,540 [ERROR] Polling thread error: PLC disconnected: timed out
2026-02-10 20:58:33,617 [ERROR] Polling thread error: PLC disconnected: timed out
2026-02-10 20:58:36,698 [ERROR] Polling thread error: PLC disconnected: timed out
2026-02-10 20:58:39,776 [ERROR] Polling thread error: PLC disconnected: timed out
2026-02-10 20:58:42,856 [ERROR] Polling thread error: PLC disconnected: timed out
2026-02-10 20:58:45,933 [ERROR] Polling thread error: PLC disconnected: timed out
2026-02-10 20:58:49,012 [ERROR] Polling thread error: PLC disconnected: timed out
2026-02-10 20:58:52,090 [ERROR] Polling thread error: PLC disconnected: timed out
2026-02-10 20:58:55,169 [ERROR] Polling thread error: PLC disconnected: timed out
2026-02-10 20:58:58,249 [ERROR] Polling thread error: PLC disconnected: timed out
2026-02-10 20:59:01,328 [ERROR] Polling thread error: PLC disconnected: timed out
2026-02-10 20:59:04,406 [ERROR] Polling thread error: PLC disconnected: timed out
2026-02-10 20:59:07,486 [ERROR] Polling thread error: PLC disconnected: timed out
2026-02-10 20:59:10,565 [ERROR] Polling thread error: PLC disconnected: timed out
2026-02-10 20:59:13,642 [ERROR] Polling thread error: PLC disconnected: timed out
2026-02-10 20:59:16,723 [ERROR] Polling thread error: PLC disconnected: timed out
2026-02-10 20:59:19,802 [ERROR] Polling thread error: PLC disconnected: timed out
2026-02-10 20:59:22,881 [ERROR] Polling thread error: PLC disconnected: timed out
2026-02-10 20:59:25,960 [ERROR] Polling thread error: PLC disconnected: timed out
2026-02-10 20:59:29,039 [ERROR] Polling thread error: PLC disconnected: timed out
2026-02-10 20:59:32,118 [ERROR] Polling thread error: PLC disconnected: timed out
2026-02-10 20:59:35,195 [ERROR] Polling thread error: PLC disconnected: timed out
2026-02-10 20:59:38,275 [ERROR] Polling thread error: PLC disconnected: timed out
2026-02-10 20:59:41,355 [ERROR] Polling thread error: PLC disconnected: timed out
2026-02-10 20:59:44,434 [ERROR] Polling thread error: PLC disconnected: timed out
2026-02-10 20:59:47,512 [ERROR] Polling thread error: PLC disconnected: timed out
2026-02-10 20:59:50,590 [ERROR] Polling thread error: PLC disconnected: timed out
2026-02-10 20:59:53,671 [ERROR] Polling thread error: PLC disconnected: timed out
2026-02-10 20:59:56,750 [ERROR] Polling thread error: PLC disconnected: timed out
2026-02-10 20:59:59,828 [ERROR] Polling thread error: PLC disconnected: timed out
2026-02-10 21:00:02,907 [ERROR] Polling thread error: PLC disconnected: timed out
2026-02-10 21:00:05,987 [ERROR] Polling thread error: PLC disconnected: timed out
2026-02-10 21:00:09,067 [ERROR] Polling thread error: PLC disconnected: timed out
2026-02-10 21:00:12,148 [ERROR] Polling thread error: PLC disconnected: timed out
2026-02-10 21:00:15,225 [ERROR] Polling thread error: PLC disconnected: timed out
2026-02-10 21:00:18,304 [ERROR] Polling thread error: PLC disconnected: timed out
2026-02-10 21:00:21,382 [ERROR] Polling thread error: PLC disconnected: timed out
2026-02-10 21:00:24,465 [ERROR] Polling thread error: PLC disconnected: timed out
2026-02-10 21:00:27,544 [ERROR] Polling thread error: PLC disconnected: timed out
2026-02-10 21:00:30,623 [ERROR] Polling thread error: PLC disconnected: timed out
2026-02-10 21:00:33,704 [ERROR] Polling thread error: PLC disconnected: timed out
2026-02-10 21:00:36,783 [ERROR] Polling thread error: PLC disconnected: timed out
2026-02-10 21:00:39,862 [ERROR] Polling thread error: PLC disconnected: timed out
2026-02-10 21:00:42,942 [ERROR] Polling thread error: PLC disconnected: timed out
2026-02-10 21:00:46,022 [ERROR] Polling thread error: PLC disconnected: timed out
2026-02-10 21:00:49,101 [ERROR] Polling thread error: PLC disconnected: timed out
2026-02-10 21:00:52,180 [ERROR] Polling thread error: PLC disconnected: timed out
2026-02-10 21:00:55,259 [ERROR] Polling thread error: PLC disconnected: timed out
2026-02-10 21:00:58,340 [ERROR] Polling thread error: PLC disconnected: timed out
2026-02-10 21:01:01,417 [ERROR] Polling thread error: PLC disconnected: timed out
2026-02-10 21:01:04,497 [ERROR] Polling thread error: PLC disconnected: timed out
2026-02-10 21:01:07,576 [ERROR] Polling thread error: PLC disconnected: timed out
2026-02-10 21:01:10,655 [ERROR] Polling thread error: PLC disconnected: timed out
2026-02-10 21:01:13,735 [ERROR] Polling thread error: PLC disconnected: timed out
2026-02-10 21:01:16,813 [ERROR] Polling thread error: PLC disconnected: timed out
2026-02-10 21:01:19,895 [ERROR] Polling thread error: PLC disconnected: timed out
2026-02-10 21:01:22,977 [ERROR] Polling thread error: PLC disconnected: timed out
2026-02-10 21:01:26,054 [ERROR] Polling thread error: PLC disconnected: timed out
2026-02-10 21:01:29,132 [ERROR] Polling thread error: PLC disconnected: timed out
2026-02-10 21:01:32,211 [ERROR] Polling thread error: PLC disconnected: timed out
2026-02-10 21:01:35,291 [ERROR] Polling thread error: PLC disconnected: timed out
2026-02-10 21:01:38,370 [ERROR] Polling thread error: PLC disconnected: timed out
2026-02-10 21:01:41,446 [ERROR] Polling thread error: PLC disconnected: timed out
2026-02-10 21:01:44,525 [ERROR] Polling thread error: PLC disconnected: timed out
2026-02-10 21:01:47,608 [ERROR] Polling thread error: PLC disconnected: timed out
2026-02-10 21:01:50,687 [ERROR] Polling thread error: PLC disconnected: timed out
2026-02-10 21:01:53,767 [ERROR] Polling thread error: PLC disconnected: timed out
2026-02-10 21:01:56,846 [ERROR] Polling thread error: PLC disconnected: timed out
2026-02-10 21:01:59,925 [ERROR] Polling thread error: PLC disconnected: timed out
2026-02-10 21:02:03,004 [ERROR] Polling thread error: PLC disconnected: timed out
2026-02-10 21:02:06,082 [ERROR] Polling thread error: PLC disconnected: timed out
2026-02-10 21:02:09,162 [ERROR] Polling thread error: PLC disconnected: timed out
2026-02-10 21:02:12,241 [ERROR] Polling thread error: PLC disconnected: timed out
2026-02-10 21:02:15,319 [ERROR] Polling thread error: PLC disconnected: timed out
2026-02-10 21:02:18,398 [ERROR] Polling thread error: PLC disconnected: timed out
2026-02-10 21:02:21,478 [ERROR] Polling thread error: PLC disconnected: timed out
2026-02-10 21:02:24,556 [ERROR] Polling thread error: PLC disconnected: timed out
2026-02-10 21:02:27,635 [ERROR] Polling thread error: PLC disconnected: timed out
2026-02-10 21:02:30,715 [ERROR] Polling thread error: PLC disconnected: timed out
2026-02-10 21:02:33,795 [ERROR] Polling thread error: PLC disconnected: timed out
2026-02-10 21:02:36,874 [ERROR] Polling thread error: PLC disconnected: timed out
2026-02-10 21:02:39,953 [ERROR] Polling thread error: PLC disconnected: timed out
2026-02-10 21:02:43,033 [ERROR] Polling thread error: PLC disconnected: timed out
2026-02-10 21:02:46,114 [ERROR] Polling thread error: PLC disconnected: timed out
2026-02-10 21:02:49,193 [ERROR] Polling thread error: PLC disconnected: timed out
2026-02-10 21:02:52,272 [ERROR] Polling thread error: PLC disconnected: timed out
2026-02-10 21:02:55,352 [ERROR] Polling thread error: PLC disconnected: timed out
2026-02-10 21:02:58,431 [ERROR] Polling thread error: PLC disconnected: timed out
2026-02-10 21:03:01,512 [ERROR] Polling thread error: PLC disconnected: timed out
2026-02-10 21:03:04,592 [ERROR] Polling thread error: PLC disconnected: timed out
2026-02-10 21:03:07,670 [ERROR] Polling thread error: PLC disconnected: timed out
2026-02-10 21:03:10,753 [ERROR] Polling thread error: PLC disconnected: timed out
2026-02-10 21:03:13,832 [ERROR] Polling thread error: PLC disconnected: timed out
2026-02-10 21:03:16,909 [ERROR] Polling thread error: PLC disconnected: timed out
2026-02-10 21:03:19,988 [ERROR] Polling thread error: PLC disconnected: timed out
2026-02-10 21:03:23,070 [ERROR] Polling thread error: PLC disconnected: timed out
2026-02-10 21:03:26,150 [ERROR] Polling thread error: PLC disconnected: timed out
2026-02-10 21:03:29,229 [ERROR] Polling thread error: PLC disconnected: timed out
2026-02-10 21:03:32,309 [ERROR] Polling thread error: PLC disconnected: timed out
2026-02-10 21:03:35,387 [ERROR] Polling thread error: PLC disconnected: timed out
2026-02-10 21:03:38,465 [ERROR] Polling thread error: PLC disconnected: timed out
2026-02-10 21:03:41,544 [ERROR] Polling thread error: PLC disconnected: timed out
2026-02-10 21:03:44,621 [ERROR] Polling thread error: PLC disconnected: timed out
2026-02-10 21:03:47,701 [ERROR] Polling thread error: PLC disconnected: timed out
2026-02-10 21:03:50,782 [ERROR] Polling thread error: PLC disconnected: timed out
2026-02-10 21:03:53,861 [ERROR] Polling thread error: PLC disconnected: timed out
2026-02-10 21:03:56,938 [ERROR] Polling thread error: PLC disconnected: timed out
2026-02-10 21:04:00,034 [ERROR] Polling thread error: PLC disconnected: timed out
2026-02-10 21:04:03,131 [ERROR] Polling thread error: PLC disconnected: timed out
2026-02-10 21:04:06,220 [ERROR] Polling thread error: PLC disconnected: timed out
2026-02-10 21:04:09,302 [ERROR] Polling thread error: PLC disconnected: timed out
2026-02-10 21:04:12,381 [ERROR] Polling thread error: PLC disconnected: timed out
2026-02-10 21:04:15,472 [ERROR] Polling thread error: PLC disconnected: timed out
2026-02-10 21:04:18,561 [ERROR] Polling thread error: PLC disconnected: timed out
2026-02-10 21:04:21,648 [ERROR] Polling thread error: PLC disconnected: timed out
2026-02-10 21:04:24,740 [ERROR] Polling thread error: PLC disconnected: timed out
2026-02-10 21:04:27,830 [ERROR] Polling thread error: PLC disconnected: timed out
2026-02-10 21:04:30,924 [ERROR] Polling thread error: PLC disconnected: timed out
2026-02-10 21:04:34,003 [ERROR] Polling thread error: PLC disconnected: timed out
2026-02-10 21:04:37,080 [ERROR] Polling thread error: PLC disconnected: timed out
2026-02-10 21:04:40,158 [ERROR] Polling thread error: PLC disconnected: timed out
2026-02-10 21:04:43,236 [ERROR] Polling thread error: PLC disconnected: timed out
2026-02-10 21:04:46,315 [ERROR] Polling thread error: PLC disconnected: timed out
2026-02-10 21:04:49,395 [ERROR] Polling thread error: PLC disconnected: timed out
2026-02-10 21:04:52,474 [ERROR] Polling thread error: PLC disconnected: timed out
2026-02-10 21:04:55,551 [ERROR] Polling thread error: PLC disconnected: timed out
2026-02-10 21:04:58,629 [ERROR] Polling thread error: PLC disconnected: timed out
2026-02-10 21:05:01,708 [ERROR] Polling thread error: PLC disconnected: timed out
2026-02-10 21:05:04,787 [ERROR] Polling thread error: PLC disconnected: timed out
2026-02-10 21:05:07,865 [ERROR] Polling thread error: PLC disconnected: timed out
2026-02-10 21:05:10,944 [ERROR] Polling thread error: PLC disconnected: timed out
2026-02-10 21:05:14,037 [ERROR] Polling thread error: PLC disconnected: timed out
2026-02-10 21:05:17,118 [ERROR] Polling thread error: PLC disconnected: timed out
2026-02-10 21:05:20,197 [ERROR] Polling thread error: PLC disconnected: timed out
2026-02-10 21:05:23,292 [ERROR] Polling thread error: PLC disconnected: timed out
2026-02-10 21:05:26,391 [ERROR] Polling thread error: PLC disconnected: timed out
2026-02-10 21:05:29,486 [ERROR] Polling thread error: PLC disconnected: timed out
2026-02-10 21:05:32,574 [ERROR] Polling thread error: PLC disconnected: timed out
2026-02-10 21:05:35,654 [ERROR] Polling thread error: PLC disconnected: timed out
2026-02-10 21:05:38,731 [ERROR] Polling thread error: PLC disconnected: timed out
2026-02-10 21:05:41,812 [ERROR] Polling thread error: PLC disconnected: timed out
2026-02-10 21:05:44,895 [ERROR] Polling thread error: PLC disconnected: timed out
2026-02-10 21:05:47,974 [ERROR] Polling thread error: PLC disconnected: timed out
2026-02-10 21:05:51,058 [ERROR] Polling thread error: PLC disconnected: timed out
2026-02-10 21:05:54,138 [ERROR] Polling thread error: PLC disconnected: timed out
2026-02-10 21:05:57,217 [ERROR] Polling thread error: PLC disconnected: timed out
2026-02-10 21:06:00,300 [ERROR] Polling thread error: PLC disconnected: timed out
2026-02-10 21:06:03,380 [ERROR] Polling thread error: PLC disconnected: timed out
2026-02-10 21:06:06,457 [ERROR] Polling thread error: PLC disconnected: timed out
2026-02-10 21:06:09,536 [ERROR] Polling thread error: PLC disconnected: timed out
2026-02-10 21:06:12,615 [ERROR] Polling thread error: PLC disconnected: timed out
2026-02-10 21:06:15,693 [ERROR] Polling thread error: PLC disconnected: timed out
2026-02-10 21:06:18,772 [ERROR] Polling thread error: PLC disconnected: timed out
2026-02-10 21:06:21,850 [ERROR] Polling thread error: PLC disconnected: timed out
2026-02-10 21:06:24,932 [ERROR] Polling thread error: PLC disconnected: timed out
2026-02-10 21:06:28,026 [ERROR] Polling thread error: PLC disconnected: timed out
2026-02-10 21:06:31,120 [ERROR] Polling thread error: PLC disconnected: timed out
2026-02-10 21:06:34,223 [ERROR] Polling thread error: PLC disconnected: timed out
2026-02-10 21:06:37,324 [ERROR] Polling thread error: PLC disconnected: timed out
2026-02-10 21:06:40,427 [ERROR] Polling thread error: PLC disconnected: timed out
2026-02-10 21:06:43,531 [ERROR] Polling thread error: PLC disconnected: timed out
2026-02-10 21:06:46,631 [ERROR] Polling thread error: PLC disconnected: timed out
2026-02-10 21:06:49,728 [ERROR] Polling thread error: PLC disconnected: timed out
2026-02-10 21:06:52,814 [ERROR] Polling thread error: PLC disconnected: timed out
2026-02-10 21:06:55,895 [ERROR] Polling thread error: PLC disconnected: timed out
2026-02-10 21:06:58,973 [ERROR] Polling thread error: PLC disconnected: timed out
2026-02-10 21:07:02,080 [ERROR] Polling thread error: PLC disconnected: timed out
2026-02-10 21:07:05,181 [ERROR] Polling thread error: PLC disconnected: timed out
2026-02-10 21:07:08,281 [ERROR] Polling thread error: PLC disconnected: timed out
2026-02-10 21:07:11,381 [ERROR] Polling thread error: PLC disconnected: timed out
2026-02-10 21:07:14,485 [ERROR] Polling thread error: PLC disconnected: timed out
2026-02-10 21:07:17,590 [ERROR] Polling thread error: PLC disconnected: timed out
2026-02-10 21:07:20,679 [ERROR] Polling thread error: PLC disconnected: timed out
2026-02-10 21:07:23,779 [ERROR] Polling thread error: PLC disconnected: timed out
2026-02-10 21:07:26,871 [ERROR] Polling thread error: PLC disconnected: timed out
2026-02-10 21:07:29,976 [ERROR] Polling thread error: PLC disconnected: timed out
2026-02-10 21:07:33,055 [ERROR] Polling thread error: PLC disconnected: timed out
2026-02-10 21:07:36,134 [ERROR] Polling thread error: PLC disconnected: timed out
2026-02-10 21:07:39,214 [ERROR] Polling thread error: PLC disconnected: timed out
2026-02-10 21:07:42,294 [ERROR] Polling thread error: PLC disconnected: timed out
2026-02-10 22:04:16,716 [WARNING] [Inference] TensorRT or cuda-python not installed: No module named 'tensorrt'
2026-02-10 22:04:17,971 [INFO] [Inference] Using GPU
2026-02-10 22:04:17,971 [INFO] [Inference] Loading OpenVINO model from C:\MyStuff\VS\MECup\backend\inference\openvino_model\model.xml
2026-02-10 22:04:19,459 [INFO] [Inference] Using OpenVINO backend on GPU
2026-02-10 22:04:19,660 [INFO] [Inference] Model ready (openvino)
2026-02-10 22:04:19,740 [ERROR] Polling thread error: PLC disconnected: [WinError 10051] A socket operation was attempted to an unreachable network
2026-02-10 22:04:20,837 [ERROR] Polling thread error: PLC disconnected: [WinError 10051] A socket operation was attempted to an unreachable network
2026-02-10 22:04:21,635 [WARNING] [Inference] TensorRT or cuda-python not installed: No module named 'tensorrt'
2026-02-10 22:04:21,931 [ERROR] Polling thread error: PLC disconnected: [WinError 10051] A socket operation was attempted to an unreachable network
2026-02-10 22:04:22,123 [INFO] [Inference] Using GPU
2026-02-10 22:04:22,124 [INFO] [Inference] Loading OpenVINO model from C:\MyStuff\VS\MECup\backend\inference\openvino_model\model.xml
2026-02-10 22:04:23,020 [ERROR] Polling thread error: PLC disconnected: [WinError 10051] A socket operation was attempted to an unreachable network
2026-02-10 22:04:23,770 [INFO] [Inference] Using OpenVINO backend on GPU
2026-02-10 22:04:23,967 [INFO] [Inference] Model ready (openvino)
2026-02-10 22:04:24,106 [ERROR] Polling thread error: PLC disconnected: [WinError 10051] A socket operation was attempted to an unreachable network
2026-02-10 22:04:25,190 [ERROR] Polling thread error: PLC disconnected: [WinError 10051] A socket operation was attempted to an unreachable network
2026-02-10 22:04:26,279 [ERROR] Polling thread error: PLC disconnected: [WinError 10051] A socket operation was attempted to an unreachable network
2026-02-10 22:04:27,381 [ERROR] Polling thread error: PLC disconnected: [WinError 10051] A socket operation was attempted to an unreachable network
2026-02-10 22:04:28,471 [ERROR] Polling thread error: PLC disconnected: [WinError 10051] A socket operation was attempted to an unreachable network
2026-02-10 22:04:29,574 [ERROR] Polling thread error: PLC disconnected: [WinError 10051] A socket operation was attempted to an unreachable network
2026-02-10 22:04:30,662 [ERROR] Polling thread error: PLC disconnected: [WinError 10051] A socket operation was attempted to an unreachable network
2026-02-10 22:04:31,749 [ERROR] Polling thread error: PLC disconnected: [WinError 10051] A socket operation was attempted to an unreachable network
2026-02-10 22:04:32,837 [ERROR] Polling thread error: PLC disconnected: [WinError 10051] A socket operation was attempted to an unreachable network
2026-02-10 22:04:33,926 [ERROR] Polling thread error: PLC disconnected: [WinError 10051] A socket operation was attempted to an unreachable network
2026-02-10 22:04:35,003 [ERROR] Polling thread error: PLC disconnected: [WinError 10051] A socket operation was attempted to an unreachable network
2026-02-10 22:04:36,091 [ERROR] Polling thread error: PLC disconnected: [WinError 10051] A socket operation was attempted to an unreachable network
2026-02-10 22:04:37,178 [ERROR] Polling thread error: PLC disconnected: [WinError 10051] A socket operation was attempted to an unreachable network
2026-02-10 22:04:38,266 [ERROR] Polling thread error: PLC disconnected: [WinError 10051] A socket operation was attempted to an unreachable network
2026-02-10 22:04:39,355 [ERROR] Polling thread error: PLC disconnected: [WinError 10051] A socket operation was attempted to an unreachable network
2026-02-10 22:04:40,441 [ERROR] Polling thread error: PLC disconnected: [WinError 10051] A socket operation was attempted to an unreachable network
2026-02-10 22:04:41,529 [ERROR] Polling thread error: PLC disconnected: [WinError 10051] A socket operation was attempted to an unreachable network
2026-02-10 22:04:42,616 [ERROR] Polling thread error: PLC disconnected: [WinError 10051] A socket operation was attempted to an unreachable network
2026-02-10 22:04:43,717 [ERROR] Polling thread error: PLC disconnected: [WinError 10051] A socket operation was attempted to an unreachable network
2026-02-10 22:04:44,811 [ERROR] Polling thread error: PLC disconnected: [WinError 10051] A socket operation was attempted to an unreachable network
2026-02-10 22:04:45,913 [ERROR] Polling thread error: PLC disconnected: [WinError 10051] A socket operation was attempted to an unreachable network
2026-02-10 22:04:47,007 [ERROR] Polling thread error: PLC disconnected: [WinError 10051] A socket operation was attempted to an unreachable network
2026-02-10 22:04:48,106 [ERROR] Polling thread error: PLC disconnected: [WinError 10051] A socket operation was attempted to an unreachable network
2026-02-10 22:04:49,206 [ERROR] Polling thread error: PLC disconnected: [WinError 10051] A socket operation was attempted to an unreachable network
2026-02-10 22:04:50,308 [ERROR] Polling thread error: PLC disconnected: [WinError 10051] A socket operation was attempted to an unreachable network
2026-02-10 22:04:51,397 [ERROR] Polling thread error: PLC disconnected: [WinError 10051] A socket operation was attempted to an unreachable network
2026-02-10 22:04:52,487 [ERROR] Polling thread error: PLC disconnected: [WinError 10051] A socket operation was attempted to an unreachable network
2026-02-10 22:04:53,574 [ERROR] Polling thread error: PLC disconnected: [WinError 10051] A socket operation was attempted to an unreachable network
2026-02-10 22:04:54,660 [ERROR] Polling thread error: PLC disconnected: [WinError 10051] A socket operation was attempted to an unreachable network
2026-02-10 22:04:57,764 [ERROR] Polling thread error: PLC disconnected: timed out
2026-02-10 22:05:00,867 [ERROR] Polling thread error: PLC disconnected: timed out
2026-02-10 22:05:03,965 [ERROR] Polling thread error: PLC disconnected: timed out
2026-02-10 22:05:07,055 [ERROR] Polling thread error: PLC disconnected: timed out
2026-02-10 22:05:10,157 [ERROR] Polling thread error: PLC disconnected: timed out
2026-02-10 22:05:13,251 [ERROR] Polling thread error: PLC disconnected: timed out
2026-02-10 22:05:16,348 [ERROR] Polling thread error: PLC disconnected: timed out
2026-02-10 22:05:19,452 [ERROR] Polling thread error: PLC disconnected: timed out
2026-02-10 22:05:22,544 [ERROR] Polling thread error: PLC disconnected: timed out
2026-02-10 22:05:25,622 [ERROR] Polling thread error: PLC disconnected: timed out
2026-02-10 22:05:28,700 [ERROR] Polling thread error: PLC disconnected: timed out
2026-02-10 22:05:31,778 [ERROR] Polling thread error: PLC disconnected: timed out
2026-02-10 22:05:34,867 [ERROR] Polling thread error: PLC disconnected: timed out
2026-02-10 22:05:37,954 [ERROR] Polling thread error: PLC disconnected: timed out
2026-02-10 22:05:41,051 [ERROR] Polling thread error: PLC disconnected: timed out
2026-02-10 22:05:44,155 [ERROR] Polling thread error: PLC disconnected: timed out
2026-02-10 22:05:47,249 [ERROR] Polling thread error: PLC disconnected: timed out
2026-02-10 22:05:50,353 [ERROR] Polling thread error: PLC disconnected: timed out
2026-02-10 22:05:53,441 [ERROR] Polling thread error: PLC disconnected: timed out
2026-02-10 22:05:56,533 [ERROR] Polling thread error: PLC disconnected: timed out
2026-02-10 22:05:59,638 [ERROR] Polling thread error: PLC disconnected: timed out
2026-02-10 22:06:02,732 [ERROR] Polling thread error: PLC disconnected: timed out
2026-02-10 22:06:05,827 [ERROR] Polling thread error: PLC disconnected: timed out
2026-02-10 22:06:08,921 [ERROR] Polling thread error: PLC disconnected: timed out
2026-02-10 22:06:12,012 [ERROR] Polling thread error: PLC disconnected: timed out
2026-02-10 22:06:15,109 [ERROR] Polling thread error: PLC disconnected: timed out
2026-02-10 22:06:18,203 [ERROR] Polling thread error: PLC disconnected: timed out
2026-02-10 22:06:21,300 [ERROR] Polling thread error: PLC disconnected: timed out
2026-02-10 22:06:24,391 [ERROR] Polling thread error: PLC disconnected: timed out
2026-02-10 22:06:27,487 [ERROR] Polling thread error: PLC disconnected: timed out
2026-02-10 22:06:30,574 [ERROR] Polling thread error: PLC disconnected: timed out
2026-02-10 22:06:33,667 [ERROR] Polling thread error: PLC disconnected: timed out
2026-02-10 22:06:36,751 [ERROR] Polling thread error: PLC disconnected: timed out
2026-02-10 22:06:39,838 [ERROR] Polling thread error: PLC disconnected: timed out
2026-02-10 22:06:42,927 [ERROR] Polling thread error: PLC disconnected: timed out
2026-02-10 22:06:46,015 [ERROR] Polling thread error: PLC disconnected: timed out
2026-02-10 22:06:49,112 [ERROR] Polling thread error: PLC disconnected: timed out
2026-02-10 22:06:52,198 [ERROR] Polling thread error: PLC disconnected: timed out
2026-02-10 22:06:55,287 [ERROR] Polling thread error: PLC disconnected: timed out
2026-02-10 22:06:58,377 [ERROR] Polling thread error: PLC disconnected: timed out
2026-02-10 22:07:01,473 [ERROR] Polling thread error: PLC disconnected: timed out
2026-02-10 22:07:04,561 [ERROR] Polling thread error: PLC disconnected: timed out
2026-02-10 22:07:07,654 [ERROR] Polling thread error: PLC disconnected: timed out
2026-02-10 22:07:10,745 [ERROR] Polling thread error: PLC disconnected: timed out
2026-02-10 22:07:13,841 [ERROR] Polling thread error: PLC disconnected: timed out
2026-02-10 22:07:14,984 [ERROR] Polling thread error: PLC disconnected: [WinError 10065] A socket operation was attempted to an unreachable host
2026-02-10 22:07:16,076 [ERROR] Polling thread error: PLC disconnected: [WinError 10051] A socket operation was attempted to an unreachable network
2026-02-10 22:07:17,162 [ERROR] Polling thread error: PLC disconnected: [WinError 10051] A socket operation was attempted to an unreachable network
2026-02-10 22:07:18,244 [ERROR] Polling thread error: PLC disconnected: [WinError 10051] A socket operation was attempted to an unreachable network
2026-02-10 22:07:19,344 [ERROR] Polling thread error: PLC disconnected: [WinError 10051] A socket operation was attempted to an unreachable network
2026-02-10 22:07:20,447 [ERROR] Polling thread error: PLC disconnected: [WinError 10051] A socket operation was attempted to an unreachable network
2026-02-10 22:07:21,544 [ERROR] Polling thread error: PLC disconnected: [WinError 10051] A socket operation was attempted to an unreachable network
2026-02-10 22:07:22,645 [ERROR] Polling thread error: PLC disconnected: [WinError 10051] A socket operation was attempted to an unreachable network
2026-02-10 22:07:23,749 [ERROR] Polling thread error: PLC disconnected: [WinError 10051] A socket operation was attempted to an unreachable network
2026-02-10 22:07:24,855 [ERROR] Polling thread error: PLC disconnected: [WinError 10051] A socket operation was attempted to an unreachable network
2026-02-10 22:07:25,939 [ERROR] Polling thread error: PLC disconnected: [WinError 10051] A socket operation was attempted to an unreachable network
2026-02-10 22:07:27,037 [ERROR] Polling thread error: PLC disconnected: [WinError 10051] A socket operation was attempted to an unreachable network
2026-02-10 22:07:28,139 [ERROR] Polling thread error: PLC disconnected: [WinError 10051] A socket operation was attempted to an unreachable network
2026-02-10 22:07:29,223 [ERROR] Polling thread error: PLC disconnected: [WinError 10051] A socket operation was attempted to an unreachable network
2026-02-10 22:07:30,323 [ERROR] Polling thread error: PLC disconnected: [WinError 10051] A socket operation was attempted to an unreachable network
2026-02-10 22:07:31,409 [ERROR] Polling thread error: PLC disconnected: [WinError 10051] A socket operation was attempted to an unreachable network
2026-02-10 22:07:32,514 [ERROR] Polling thread error: PLC disconnected: [WinError 10051] A socket operation was attempted to an unreachable network
2026-02-10 22:07:33,621 [ERROR] Polling thread error: PLC disconnected: [WinError 10051] A socket operation was attempted to an unreachable network
2026-02-10 22:07:34,707 [ERROR] Polling thread error: PLC disconnected: [WinError 10051] A socket operation was attempted to an unreachable network
2026-02-10 22:07:35,807 [ERROR] Polling thread error: PLC disconnected: [WinError 10051] A socket operation was attempted to an unreachable network
2026-02-10 22:07:36,907 [ERROR] Polling thread error: PLC disconnected: [WinError 10051] A socket operation was attempted to an unreachable network
2026-02-10 22:07:37,995 [ERROR] Polling thread error: PLC disconnected: [WinError 10051] A socket operation was attempted to an unreachable network
2026-02-10 22:07:39,102 [ERROR] Polling thread error: PLC disconnected: [WinError 10051] A socket operation was attempted to an unreachable network
2026-02-10 22:07:40,202 [ERROR] Polling thread error: PLC disconnected: [WinError 10051] A socket operation was attempted to an unreachable network
2026-02-10 22:07:41,310 [ERROR] Polling thread error: PLC disconnected: [WinError 10051] A socket operation was attempted to an unreachable network
2026-02-10 22:07:42,393 [ERROR] Polling thread error: PLC disconnected: [WinError 10051] A socket operation was attempted to an unreachable network
2026-02-10 22:07:43,497 [ERROR] Polling thread error: PLC disconnected: [WinError 10051] A socket operation was attempted to an unreachable network
2026-02-10 22:07:44,594 [ERROR] Polling thread error: PLC disconnected: [WinError 10051] A socket operation was attempted to an unreachable network
2026-02-10 22:07:45,691 [ERROR] Polling thread error: PLC disconnected: [WinError 10051] A socket operation was attempted to an unreachable network
2026-02-10 22:07:46,774 [ERROR] Polling thread error: PLC disconnected: [WinError 10051] A socket operation was attempted to an unreachable network
2026-02-10 22:07:47,862 [ERROR] Polling thread error: PLC disconnected: [WinError 10051] A socket operation was attempted to an unreachable network
2026-02-10 22:09:13,207 [ERROR] Polling thread error: [WinError 10054] An existing connection was forcibly closed by the remote host
2026-02-10 22:09:14,315 [ERROR] Polling thread error: PLC disconnected: [WinError 10051] A socket operation was attempted to an unreachable network
2026-02-10 22:09:15,404 [ERROR] Polling thread error: PLC disconnected: [WinError 10051] A socket operation was attempted to an unreachable network
2026-02-10 22:09:16,490 [ERROR] Polling thread error: PLC disconnected: [WinError 10051] A socket operation was attempted to an unreachable network
2026-02-10 22:09:17,593 [ERROR] Polling thread error: PLC disconnected: [WinError 10051] A socket operation was attempted to an unreachable network
2026-02-10 22:09:18,673 [ERROR] Polling thread error: PLC disconnected: [WinError 10051] A socket operation was attempted to an unreachable network
2026-02-10 22:09:19,777 [ERROR] Polling thread error: PLC disconnected: [WinError 10051] A socket operation was attempted to an unreachable network
2026-02-10 22:09:20,881 [ERROR] Polling thread error: PLC disconnected: [WinError 10051] A socket operation was attempted to an unreachable network
2026-02-10 22:09:21,966 [ERROR] Polling thread error: PLC disconnected: [WinError 10051] A socket operation was attempted to an unreachable network
2026-02-10 22:09:23,065 [ERROR] Polling thread error: PLC disconnected: [WinError 10051] A socket operation was attempted to an unreachable network
2026-02-10 22:09:24,167 [ERROR] Polling thread error: PLC disconnected: [WinError 10051] A socket operation was attempted to an unreachable network
2026-02-10 22:09:25,266 [ERROR] Polling thread error: PLC disconnected: [WinError 10051] A socket operation was attempted to an unreachable network
2026-02-10 22:09:26,352 [ERROR] Polling thread error: PLC disconnected: [WinError 10051] A socket operation was attempted to an unreachable network
2026-02-10 22:09:27,455 [ERROR] Polling thread error: PLC disconnected: [WinError 10051] A socket operation was attempted to an unreachable network
2026-02-10 22:09:28,561 [ERROR] Polling thread error: PLC disconnected: [WinError 10051] A socket operation was attempted to an unreachable network
2026-02-10 22:09:29,663 [ERROR] Polling thread error: PLC disconnected: [WinError 10051] A socket operation was attempted to an unreachable network
2026-02-10 22:09:30,764 [ERROR] Polling thread error: PLC disconnected: [WinError 10051] A socket operation was attempted to an unreachable network
2026-02-10 22:09:31,864 [ERROR] Polling thread error: PLC disconnected: [WinError 10051] A socket operation was attempted to an unreachable network
2026-02-10 22:09:32,965 [ERROR] Polling thread error: PLC disconnected: [WinError 10051] A socket operation was attempted to an unreachable network
2026-02-10 22:09:34,070 [ERROR] Polling thread error: PLC disconnected: [WinError 10051] A socket operation was attempted to an unreachable network
2026-02-10 22:09:35,169 [ERROR] Polling thread error: PLC disconnected: [WinError 10051] A socket operation was attempted to an unreachable network
2026-02-10 22:09:38,272 [ERROR] Polling thread error: PLC disconnected: timed out
2026-02-10 22:09:41,361 [ERROR] Polling thread error: PLC disconnected: timed out
2026-02-10 22:09:44,459 [ERROR] Polling thread error: PLC disconnected: timed out
2026-02-10 22:09:47,554 [ERROR] Polling thread error: PLC disconnected: timed out
2026-02-10 22:09:50,640 [ERROR] Polling thread error: PLC disconnected: timed out
2026-02-10 22:09:53,737 [ERROR] Polling thread error: PLC disconnected: timed out
2026-02-10 22:09:56,833 [ERROR] Polling thread error: PLC disconnected: timed out
2026-02-10 22:09:59,925 [ERROR] Polling thread error: PLC disconnected: timed out
2026-02-10 22:10:03,021 [ERROR] Polling thread error: PLC disconnected: timed out
2026-02-10 22:10:06,125 [ERROR] Polling thread error: PLC disconnected: timed out
2026-02-10 22:10:09,222 [ERROR] Polling thread error: PLC disconnected: timed out
2026-02-10 22:10:12,320 [ERROR] Polling thread error: PLC disconnected: timed out
2026-02-10 22:10:15,417 [ERROR] Polling thread error: PLC disconnected: timed out
2026-02-10 22:10:18,515 [ERROR] Polling thread error: PLC disconnected: timed out
2026-02-10 22:10:21,628 [ERROR] Polling thread error: PLC disconnected: timed out
2026-02-10 22:10:24,727 [ERROR] Polling thread error: PLC disconnected: timed out
2026-02-10 22:10:27,823 [ERROR] Polling thread error: PLC disconnected: timed out
2026-02-10 22:10:30,926 [ERROR] Polling thread error: PLC disconnected: timed out
2026-02-10 22:10:34,031 [ERROR] Polling thread error: PLC disconnected: timed out
2026-02-10 22:10:37,129 [ERROR] Polling thread error: PLC disconnected: timed out
2026-02-10 22:10:40,220 [ERROR] Polling thread error: PLC disconnected: timed out
2026-02-10 22:10:43,317 [ERROR] Polling thread error: PLC disconnected: timed out
2026-02-10 22:10:46,415 [ERROR] Polling thread error: PLC disconnected: timed out
2026-02-10 22:10:49,510 [ERROR] Polling thread error: PLC disconnected: timed out
2026-02-10 22:10:52,613 [ERROR] Polling thread error: PLC disconnected: timed out
2026-02-10 22:10:55,706 [ERROR] Polling thread error: PLC disconnected: timed out
2026-02-10 22:10:58,806 [ERROR] Polling thread error: PLC disconnected: timed out
2026-02-10 22:11:01,902 [ERROR] Polling thread error: PLC disconnected: timed out
2026-02-10 22:11:05,002 [ERROR] Polling thread error: PLC disconnected: timed out
2026-02-10 22:11:08,097 [ERROR] Polling thread error: PLC disconnected: timed out
2026-02-10 22:11:11,189 [ERROR] Polling thread error: PLC disconnected: timed out
2026-02-10 22:11:14,277 [ERROR] Polling thread error: PLC disconnected: timed out
2026-02-10 22:11:17,380 [ERROR] Polling thread error: PLC disconnected: timed out
2026-02-10 22:11:20,476 [ERROR] Polling thread error: PLC disconnected: timed out
2026-02-10 22:11:21,603 [ERROR] Polling thread error: PLC disconnected: [WinError 10065] A socket operation was attempted to an unreachable host
2026-02-10 22:11:22,709 [ERROR] Polling thread error: PLC disconnected: [WinError 10051] A socket operation was attempted to an unreachable network
2026-02-10 22:11:23,813 [ERROR] Polling thread error: PLC disconnected: [WinError 10051] A socket operation was attempted to an unreachable network
2026-02-10 22:11:24,899 [ERROR] Polling thread error: PLC disconnected: [WinError 10051] A socket operation was attempted to an unreachable network
2026-02-10 22:11:25,999 [ERROR] Polling thread error: PLC disconnected: [WinError 10051] A socket operation was attempted to an unreachable network
2026-02-10 22:11:27,100 [ERROR] Polling thread error: PLC disconnected: [WinError 10051] A socket operation was attempted to an unreachable network
2026-02-10 22:11:28,189 [ERROR] Polling thread error: PLC disconnected: [WinError 10051] A socket operation was attempted to an unreachable network
2026-02-10 22:11:29,279 [ERROR] Polling thread error: PLC disconnected: [WinError 10051] A socket operation was attempted to an unreachable network
2026-02-10 22:11:30,361 [ERROR] Polling thread error: PLC disconnected: [WinError 10051] A socket operation was attempted to an unreachable network
2026-02-10 22:11:31,457 [ERROR] Polling thread error: PLC disconnected: [WinError 10051] A socket operation was attempted to an unreachable network
2026-02-10 22:11:32,555 [ERROR] Polling thread error: PLC disconnected: [WinError 10051] A socket operation was attempted to an unreachable network
2026-02-10 22:11:33,657 [ERROR] Polling thread error: PLC disconnected: [WinError 10051] A socket operation was attempted to an unreachable network
2026-02-10 22:11:34,765 [ERROR] Polling thread error: PLC disconnected: [WinError 10051] A socket operation was attempted to an unreachable network
2026-02-10 22:11:35,873 [ERROR] Polling thread error: PLC disconnected: [WinError 10051] A socket operation was attempted to an unreachable network
2026-02-10 22:11:36,980 [ERROR] Polling thread error: PLC disconnected: [WinError 10051] A socket operation was attempted to an unreachable network
2026-02-10 22:11:38,090 [ERROR] Polling thread error: PLC disconnected: [WinError 10051] A socket operation was attempted to an unreachable network
2026-02-10 22:11:39,186 [ERROR] Polling thread error: PLC disconnected: [WinError 10051] A socket operation was attempted to an unreachable network
2026-02-10 22:11:40,290 [ERROR] Polling thread error: PLC disconnected: [WinError 10051] A socket operation was attempted to an unreachable network
2026-02-10 22:11:41,381 [ERROR] Polling thread error: PLC disconnected: [WinError 10051] A socket operation was attempted to an unreachable network
2026-02-10 22:11:42,467 [ERROR] Polling thread error: PLC disconnected: [WinError 10051] A socket operation was attempted to an unreachable network
2026-02-10 22:11:43,567 [ERROR] Polling thread error: PLC disconnected: [WinError 10051] A socket operation was attempted to an unreachable network
2026-02-10 22:11:44,683 [ERROR] Polling thread error: PLC disconnected: [WinError 10051] A socket operation was attempted to an unreachable network
2026-02-10 22:11:45,780 [ERROR] Polling thread error: PLC disconnected: [WinError 10051] A socket operation was attempted to an unreachable network
2026-02-10 22:11:46,888 [ERROR] Polling thread error: PLC disconnected: [WinError 10051] A socket operation was attempted to an unreachable network
2026-02-10 22:11:47,977 [ERROR] Polling thread error: PLC disconnected: [WinError 10051] A socket operation was attempted to an unreachable network
2026-02-10 22:11:49,083 [ERROR] Polling thread error: PLC disconnected: [WinError 10051] A socket operation was attempted to an unreachable network
2026-02-10 22:11:50,187 [ERROR] Polling thread error: PLC disconnected: [WinError 10051] A socket operation was attempted to an unreachable network
2026-02-10 22:11:51,273 [ERROR] Polling thread error: PLC disconnected: [WinError 10051] A socket operation was attempted to an unreachable network
2026-02-10 22:11:52,361 [ERROR] Polling thread error: PLC disconnected: [WinError 10051] A socket operation was attempted to an unreachable network
2026-02-10 22:11:53,466 [ERROR] Polling thread error: PLC disconnected: [WinError 10051] A socket operation was attempted to an unreachable network
2026-02-10 22:11:54,553 [ERROR] Polling thread error: PLC disconnected: [WinError 10051] A socket operation was attempted to an unreachable network
2026-02-10 22:11:55,641 [ERROR] Polling thread error: PLC disconnected: [WinError 10051] A socket operation was attempted to an unreachable network
2026-02-10 22:11:56,732 [ERROR] Polling thread error: PLC disconnected: [WinError 10051] A socket operation was attempted to an unreachable network
2026-02-10 22:11:57,832 [ERROR] Polling thread error: PLC disconnected: [WinError 10051] A socket operation was attempted to an unreachable network
2026-02-10 22:11:58,926 [ERROR] Polling thread error: PLC disconnected: [WinError 10051] A socket operation was attempted to an unreachable network
2026-02-10 22:12:00,009 [ERROR] Polling thread error: PLC disconnected: [WinError 10051] A socket operation was attempted to an unreachable network
2026-02-10 22:12:01,127 [ERROR] Polling thread error: PLC disconnected: [WinError 10051] A socket operation was attempted to an unreachable network
2026-02-10 22:12:02,232 [ERROR] Polling thread error: PLC disconnected: [WinError 10051] A socket operation was attempted to an unreachable network
2026-02-10 22:12:03,332 [ERROR] Polling thread error: PLC disconnected: [WinError 10051] A socket operation was attempted to an unreachable network
2026-02-10 22:12:04,414 [ERROR] Polling thread error: PLC disconnected: [WinError 10051] A socket operation was attempted to an unreachable network
2026-02-10 22:12:05,521 [ERROR] Polling thread error: PLC disconnected: [WinError 10051] A socket operation was attempted to an unreachable network
2026-02-10 22:12:06,609 [ERROR] Polling thread error: PLC disconnected: [WinError 10051] A socket operation was attempted to an unreachable network
2026-02-10 22:12:07,696 [ERROR] Polling thread error: PLC disconnected: [WinError 10051] A socket operation was attempted to an unreachable network
2026-02-10 22:12:08,799 [ERROR] Polling thread error: PLC disconnected: [WinError 10051] A socket operation was attempted to an unreachable network
2026-02-10 22:12:09,907 [ERROR] Polling thread error: PLC disconnected: [WinError 10051] A socket operation was attempted to an unreachable network
2026-02-10 22:12:10,990 [ERROR] Polling thread error: PLC disconnected: [WinError 10051] A socket operation was attempted to an unreachable network
2026-02-10 22:12:12,080 [ERROR] Polling thread error: PLC disconnected: [WinError 10051] A socket operation was attempted to an unreachable network
2026-02-10 22:12:13,178 [ERROR] Polling thread error: PLC disconnected: [WinError 10051] A socket operation was attempted to an unreachable network
2026-02-10 22:12:14,283 [ERROR] Polling thread error: PLC disconnected: [WinError 10051] A socket operation was attempted to an unreachable network
2026-02-10 22:12:15,391 [ERROR] Polling thread error: PLC disconnected: [WinError 10051] A socket operation was attempted to an unreachable network
2026-02-10 22:12:16,496 [ERROR] Polling thread error: PLC disconnected: [WinError 10051] A socket operation was attempted to an unreachable network
2026-02-10 22:12:17,584 [ERROR] Polling thread error: PLC disconnected: [WinError 10051] A socket operation was attempted to an unreachable network
2026-02-10 22:12:18,686 [ERROR] Polling thread error: PLC disconnected: [WinError 10051] A socket operation was attempted to an unreachable network
2026-02-10 22:12:19,774 [ERROR] Polling thread error: PLC disconnected: [WinError 10051] A socket operation was attempted to an unreachable network
2026-02-10 22:12:20,861 [ERROR] Polling thread error: PLC disconnected: [WinError 10051] A socket operation was attempted to an unreachable network
2026-02-10 22:12:21,962 [ERROR] Polling thread error: PLC disconnected: [WinError 10051] A socket operation was attempted to an unreachable network
2026-02-10 22:12:23,056 [ERROR] Polling thread error: PLC disconnected: [WinError 10051] A socket operation was attempted to an unreachable network
2026-02-10 22:12:24,146 [ERROR] Polling thread error: PLC disconnected: [WinError 10051] A socket operation was attempted to an unreachable network
2026-02-10 22:12:25,248 [ERROR] Polling thread error: PLC disconnected: [WinError 10051] A socket operation was attempted to an unreachable network
2026-02-10 22:12:26,351 [ERROR] Polling thread error: PLC disconnected: [WinError 10051] A socket operation was attempted to an unreachable network
2026-02-10 22:12:27,454 [ERROR] Polling thread error: PLC disconnected: [WinError 10051] A socket operation was attempted to an unreachable network
2026-02-10 22:12:28,545 [ERROR] Polling thread error: PLC disconnected: [WinError 10051] A socket operation was attempted to an unreachable network
2026-02-10 22:12:29,638 [ERROR] Polling thread error: PLC disconnected: [WinError 10051] A socket operation was attempted to an unreachable network
2026-02-10 22:12:30,734 [ERROR] Polling thread error: PLC disconnected: [WinError 10051] A socket operation was attempted to an unreachable network
2026-02-10 22:12:31,822 [ERROR] Polling thread error: PLC disconnected: [WinError 10051] A socket operation was attempted to an unreachable network
2026-02-10 22:12:32,914 [ERROR] Polling thread error: PLC disconnected: [WinError 10051] A socket operation was attempted to an unreachable network
2026-02-10 22:12:34,001 [ERROR] Polling thread error: PLC disconnected: [WinError 10051] A socket operation was attempted to an unreachable network
2026-02-10 22:12:35,109 [ERROR] Polling thread error: PLC disconnected: [WinError 10051] A socket operation was attempted to an unreachable network
2026-02-10 22:12:36,209 [ERROR] Polling thread error: PLC disconnected: [WinError 10051] A socket operation was attempted to an unreachable network
2026-02-10 22:12:37,313 [ERROR] Polling thread error: PLC disconnected: [WinError 10051] A socket operation was attempted to an unreachable network
2026-02-10 22:12:38,407 [ERROR] Polling thread error: PLC disconnected: [WinError 10051] A socket operation was attempted to an unreachable network
2026-02-10 22:12:39,515 [ERROR] Polling thread error: PLC disconnected: [WinError 10051] A socket operation was attempted to an unreachable network
2026-02-10 22:12:40,617 [ERROR] Polling thread error: PLC disconnected: [WinError 10051] A socket operation was attempted to an unreachable network
2026-02-10 22:12:41,708 [ERROR] Polling thread error: PLC disconnected: [WinError 10051] A socket operation was attempted to an unreachable network
2026-02-10 22:12:42,794 [ERROR] Polling thread error: PLC disconnected: [WinError 10051] A socket operation was attempted to an unreachable network
2026-02-10 22:12:43,899 [ERROR] Polling thread error: PLC disconnected: [WinError 10051] A socket operation was attempted to an unreachable network
2026-02-10 22:12:45,006 [ERROR] Polling thread error: PLC disconnected: [WinError 10051] A socket operation was attempted to an unreachable network
2026-02-10 22:12:46,112 [ERROR] Polling thread error: PLC disconnected: [WinError 10051] A socket operation was attempted to an unreachable network
2026-02-10 22:12:47,202 [ERROR] Polling thread error: PLC disconnected: [WinError 10051] A socket operation was attempted to an unreachable network
2026-02-10 22:12:48,289 [ERROR] Polling thread error: PLC disconnected: [WinError 10051] A socket operation was attempted to an unreachable network
2026-02-10 22:12:49,391 [ERROR] Polling thread error: PLC disconnected: [WinError 10051] A socket operation was attempted to an unreachable network
2026-02-10 22:12:50,498 [ERROR] Polling thread error: PLC disconnected: [WinError 10051] A socket operation was attempted to an unreachable network
2026-02-10 22:12:51,588 [ERROR] Polling thread error: PLC disconnected: [WinError 10051] A socket operation was attempted to an unreachable network
2026-02-10 22:12:52,691 [ERROR] Polling thread error: PLC disconnected: [WinError 10051] A socket operation was attempted to an unreachable network
2026-02-10 22:12:53,794 [ERROR] Polling thread error: PLC disconnected: [WinError 10051] A socket operation was attempted to an unreachable network
2026-02-10 22:12:54,881 [ERROR] Polling thread error: PLC disconnected: [WinError 10051] A socket operation was attempted to an unreachable network
2026-02-10 22:12:55,965 [ERROR] Polling thread error: PLC disconnected: [WinError 10051] A socket operation was attempted to an unreachable network
2026-02-10 22:12:57,072 [ERROR] Polling thread error: PLC disconnected: [WinError 10051] A socket operation was attempted to an unreachable network
2026-02-10 22:12:58,161 [ERROR] Polling thread error: PLC disconnected: [WinError 10051] A socket operation was attempted to an unreachable network
2026-02-10 22:12:59,262 [ERROR] Polling thread error: PLC disconnected: [WinError 10051] A socket operation was attempted to an unreachable network
2026-02-10 22:13:00,349 [ERROR] Polling thread error: PLC disconnected: [WinError 10051] A socket operation was attempted to an unreachable network
2026-02-10 22:13:01,455 [ERROR] Polling thread error: PLC disconnected: [WinError 10051] A socket operation was attempted to an unreachable network
2026-02-10 22:13:02,562 [ERROR] Polling thread error: PLC disconnected: [WinError 10051] A socket operation was attempted to an unreachable network
2026-02-10 22:13:03,705 [ERROR] Polling thread error: PLC disconnected: [WinError 10051] A socket operation was attempted to an unreachable network
2026-02-10 22:13:04,798 [ERROR] Polling thread error: PLC disconnected: [WinError 10051] A socket operation was attempted to an unreachable network
2026-02-10 22:13:05,892 [ERROR] Polling thread error: PLC disconnected: [WinError 10051] A socket operation was attempted to an unreachable network
2026-02-10 22:13:06,981 [ERROR] Polling thread error: PLC disconnected: [WinError 10051] A socket operation was attempted to an unreachable network
2026-02-10 22:13:08,089 [ERROR] Polling thread error: PLC disconnected: [WinError 10051] A socket operation was attempted to an unreachable network
2026-02-10 22:13:09,190 [ERROR] Polling thread error: PLC disconnected: [WinError 10051] A socket operation was attempted to an unreachable network
2026-02-10 22:13:10,297 [ERROR] Polling thread error: PLC disconnected: [WinError 10051] A socket operation was attempted to an unreachable network
2026-02-10 22:13:11,397 [ERROR] Polling thread error: PLC disconnected: [WinError 10051] A socket operation was attempted to an unreachable network
2026-02-10 22:13:12,512 [ERROR] Polling thread error: PLC disconnected: [WinError 10051] A socket operation was attempted to an unreachable network
2026-02-10 22:13:13,619 [ERROR] Polling thread error: PLC disconnected: [WinError 10051] A socket operation was attempted to an unreachable network
2026-02-10 22:13:14,708 [ERROR] Polling thread error: PLC disconnected: [WinError 10051] A socket operation was attempted to an unreachable network
2026-02-10 22:13:15,799 [ERROR] Polling thread error: PLC disconnected: [WinError 10051] A socket operation was attempted to an unreachable network
2026-02-10 22:13:16,902 [ERROR] Polling thread error: PLC disconnected: [WinError 10051] A socket operation was attempted to an unreachable network
2026-02-10 22:13:18,006 [ERROR] Polling thread error: PLC disconnected: [WinError 10051] A socket operation was attempted to an unreachable network
2026-02-10 22:13:19,089 [ERROR] Polling thread error: PLC disconnected: [WinError 10051] A socket operation was attempted to an unreachable network
2026-02-10 22:13:20,192 [ERROR] Polling thread error: PLC disconnected: [WinError 10051] A socket operation was attempted to an unreachable network
2026-02-10 22:13:21,282 [ERROR] Polling thread error: PLC disconnected: [WinError 10051] A socket operation was attempted to an unreachable network
2026-02-10 22:13:22,388 [ERROR] Polling thread error: PLC disconnected: [WinError 10051] A socket operation was attempted to an unreachable network
2026-02-10 22:13:23,474 [ERROR] Polling thread error: PLC disconnected: [WinError 10051] A socket operation was attempted to an unreachable network
2026-02-10 22:13:24,586 [ERROR] Polling thread error: PLC disconnected: [WinError 10051] A socket operation was attempted to an unreachable network
2026-02-10 22:13:25,694 [ERROR] Polling thread error: PLC disconnected: [WinError 10051] A socket operation was attempted to an unreachable network
2026-02-10 22:13:26,804 [ERROR] Polling thread error: PLC disconnected: [WinError 10051] A socket operation was attempted to an unreachable network
2026-02-10 22:13:27,908 [ERROR] Polling thread error: PLC disconnected: [WinError 10051] A socket operation was attempted to an unreachable network
2026-02-10 22:13:29,013 [ERROR] Polling thread error: PLC disconnected: [WinError 10051] A socket operation was attempted to an unreachable network
2026-02-10 22:13:30,104 [ERROR] Polling thread error: PLC disconnected: [WinError 10051] A socket operation was attempted to an unreachable network
2026-02-10 22:13:31,205 [ERROR] Polling thread error: PLC disconnected: [WinError 10051] A socket operation was attempted to an unreachable network
2026-02-10 22:13:32,310 [ERROR] Polling thread error: PLC disconnected: [WinError 10051] A socket operation was attempted to an unreachable network
2026-02-10 22:13:33,411 [ERROR] Polling thread error: PLC disconnected: [WinError 10051] A socket operation was attempted to an unreachable network
2026-02-10 22:13:34,516 [ERROR] Polling thread error: PLC disconnected: [WinError 10051] A socket operation was attempted to an unreachable network
2026-02-10 22:13:35,621 [ERROR] Polling thread error: PLC disconnected: [WinError 10051] A socket operation was attempted to an unreachable network
2026-02-10 22:13:36,712 [ERROR] Polling thread error: PLC disconnected: [WinError 10051] A socket operation was attempted to an unreachable network
2026-02-10 22:13:37,828 [ERROR] Polling thread error: PLC disconnected: [WinError 10051] A socket operation was attempted to an unreachable network
2026-02-10 22:13:38,917 [ERROR] Polling thread error: PLC disconnected: [WinError 10051] A socket operation was attempted to an unreachable network
2026-02-10 22:13:40,023 [ERROR] Polling thread error: PLC disconnected: [WinError 10051] A socket operation was attempted to an unreachable network
2026-02-10 22:13:41,137 [ERROR] Polling thread error: PLC disconnected: [WinError 10051] A socket operation was attempted to an unreachable network
2026-02-10 22:13:42,242 [ERROR] Polling thread error: PLC disconnected: [WinError 10051] A socket operation was attempted to an unreachable network
2026-02-10 22:13:43,332 [ERROR] Polling thread error: PLC disconnected: [WinError 10051] A socket operation was attempted to an unreachable network
2026-02-10 22:13:44,418 [ERROR] Polling thread error: PLC disconnected: [WinError 10051] A socket operation was attempted to an unreachable network
2026-02-10 22:13:45,525 [ERROR] Polling thread error: PLC disconnected: [WinError 10051] A socket operation was attempted to an unreachable network
2026-02-10 22:13:46,616 [ERROR] Polling thread error: PLC disconnected: [WinError 10051] A socket operation was attempted to an unreachable network
2026-02-10 22:13:47,704 [ERROR] Polling thread error: PLC disconnected: [WinError 10051] A socket operation was attempted to an unreachable network
2026-02-10 22:13:48,793 [ERROR] Polling thread error: PLC disconnected: [WinError 10051] A socket operation was attempted to an unreachable network
2026-02-10 22:13:49,874 [ERROR] Polling thread error: PLC disconnected: [WinError 10051] A socket operation was attempted to an unreachable network
2026-02-10 22:13:50,965 [ERROR] Polling thread error: PLC disconnected: [WinError 10051] A socket operation was attempted to an unreachable network
2026-02-11 11:23:04,959 [WARNING] [Inference] TensorRT or cuda-python not installed: No module named 'tensorrt'
2026-02-11 11:23:07,169 [INFO] [Inference] Using GPU
2026-02-11 11:23:07,169 [INFO] [Inference] Loading OpenVINO model from C:\MyStuff\VS\MECup\backend\inference\openvino_model\model.xml
2026-02-11 11:23:09,764 [INFO] [Inference] Using OpenVINO backend on GPU
2026-02-11 11:23:09,946 [INFO] [Inference] Model ready (openvino)
2026-02-11 11:23:11,595 [WARNING] [Inference] TensorRT or cuda-python not installed: No module named 'tensorrt'
2026-02-11 11:23:12,018 [INFO] [Inference] Using GPU
2026-02-11 11:23:12,019 [INFO] [Inference] Loading OpenVINO model from C:\MyStuff\VS\MECup\backend\inference\openvino_model\model.xml
2026-02-11 11:23:13,324 [INFO] [Inference] Using OpenVINO backend on GPU
2026-02-11 11:23:13,511 [INFO] [Inference] Model ready (openvino)
2026-02-11 11:33:43,426 [ERROR] Polling thread error: PLC disconnected: timed out
2026-02-11 11:33:51,465 [ERROR] Polling thread error: PLC disconnected: timed out
2026-02-11 11:33:59,043 [ERROR] Polling thread error: timed out
2026-02-11 11:34:01,063 [ERROR] Polling thread error: PLC disconnected: [WinError 10065] A socket operation was attempted to an unreachable host
2026-02-11 11:34:04,214 [ERROR] Polling thread error: PLC disconnected: timed out
2026-02-11 11:34:07,306 [ERROR] Polling thread error: PLC disconnected: timed out
2026-02-11 11:34:10,405 [ERROR] Polling thread error: PLC disconnected: timed out
2026-02-11 11:34:13,503 [ERROR] Polling thread error: PLC disconnected: timed out
2026-02-11 11:34:16,602 [ERROR] Polling thread error: PLC disconnected: timed out
2026-02-11 11:34:19,700 [ERROR] Polling thread error: PLC disconnected: timed out
2026-02-11 11:34:22,794 [ERROR] Polling thread error: PLC disconnected: timed out
2026-02-11 11:34:25,895 [ERROR] Polling thread error: PLC disconnected: timed out
2026-02-11 11:34:28,987 [ERROR] Polling thread error: PLC disconnected: timed out
2026-02-11 11:34:32,078 [ERROR] Polling thread error: PLC disconnected: timed out
2026-02-11 11:34:34,278 [ERROR] Polling thread error: PLC disconnected: [WinError 10053] An established connection was aborted by the software in your host machine
2026-02-11 11:34:35,379 [ERROR] Polling thread error: PLC disconnected: [WinError 10051] A socket operation was attempted to an unreachable network
2026-02-11 11:34:36,472 [ERROR] Polling thread error: PLC disconnected: [WinError 10051] A socket operation was attempted to an unreachable network
2026-02-11 11:34:37,557 [ERROR] Polling thread error: PLC disconnected: [WinError 10051] A socket operation was attempted to an unreachable network
2026-02-11 11:34:38,661 [ERROR] Polling thread error: PLC disconnected: [WinError 10051] A socket operation was attempted to an unreachable network
2026-02-11 11:34:39,742 [ERROR] Polling thread error: PLC disconnected: [WinError 10051] A socket operation was attempted to an unreachable network
2026-02-11 11:34:40,829 [ERROR] Polling thread error: PLC disconnected: [WinError 10051] A socket operation was attempted to an unreachable network
2026-02-11 11:34:41,913 [ERROR] Polling thread error: PLC disconnected: [WinError 10051] A socket operation was attempted to an unreachable network
2026-02-11 11:34:43,001 [ERROR] Polling thread error: PLC disconnected: [WinError 10051] A socket operation was attempted to an unreachable network
2026-02-11 11:34:46,106 [ERROR] Polling thread error: PLC disconnected: timed out
2026-02-11 11:34:49,199 [ERROR] Polling thread error: PLC disconnected: timed out
2026-02-11 11:34:52,297 [ERROR] Polling thread error: PLC disconnected: timed out
2026-02-11 11:34:55,394 [ERROR] Polling thread error: PLC disconnected: timed out
2026-02-11 11:34:58,498 [ERROR] Polling thread error: PLC disconnected: timed out
2026-02-11 11:35:01,598 [ERROR] Polling thread error: PLC disconnected: timed out
2026-02-11 11:35:04,703 [ERROR] Polling thread error: PLC disconnected: timed out
2026-02-11 11:35:07,806 [ERROR] Polling thread error: PLC disconnected: timed out
2026-02-11 11:35:10,913 [ERROR] Polling thread error: PLC disconnected: timed out
2026-02-11 11:35:14,010 [ERROR] Polling thread error: PLC disconnected: timed out
2026-02-11 11:35:34,333 [WARNING] [Inference] TensorRT or cuda-python not installed: No module named 'tensorrt'
2026-02-11 11:35:34,834 [INFO] [Inference] Using GPU
2026-02-11 11:35:34,834 [INFO] [Inference] Loading OpenVINO model from C:\MyStuff\VS\MECup\backend\inference\openvino_model\model.xml
2026-02-11 11:35:36,497 [INFO] [Inference] Using OpenVINO backend on GPU
2026-02-11 11:35:36,678 [INFO] [Inference] Model ready (openvino)
2026-02-11 11:35:38,708 [ERROR] Polling thread error: PLC disconnected: timed out
2026-02-11 11:35:38,770 [WARNING] [Inference] TensorRT or cuda-python not installed: No module named 'tensorrt'
2026-02-11 11:35:39,274 [INFO] [Inference] Using GPU
2026-02-11 11:35:39,275 [INFO] [Inference] Loading OpenVINO model from C:\MyStuff\VS\MECup\backend\inference\openvino_model\model.xml
2026-02-11 11:35:40,933 [INFO] [Inference] Using OpenVINO backend on GPU
2026-02-11 11:35:41,113 [INFO] [Inference] Model ready (openvino)
2026-02-11 11:35:41,792 [ERROR] Polling thread error: PLC disconnected: timed out
2026-02-11 11:35:44,870 [ERROR] Polling thread error: PLC disconnected: timed out
2026-02-11 11:35:45,958 [ERROR] Polling thread error: PLC disconnected: [WinError 10065] A socket operation was attempted to an unreachable host
2026-02-11 11:35:47,055 [ERROR] Polling thread error: PLC disconnected: [WinError 10065] A socket operation was attempted to an unreachable host
2026-02-11 11:35:48,140 [ERROR] Polling thread error: PLC disconnected: [WinError 10065] A socket operation was attempted to an unreachable host
2026-02-11 11:35:49,241 [ERROR] Polling thread error: PLC disconnected: [WinError 10065] A socket operation was attempted to an unreachable host
2026-02-11 11:35:50,323 [ERROR] Polling thread error: PLC disconnected: [WinError 10065] A socket operation was attempted to an unreachable host
2026-02-11 11:35:51,426 [ERROR] Polling thread error: PLC disconnected: [WinError 10065] A socket operation was attempted to an unreachable host
2026-02-11 11:35:52,528 [ERROR] Polling thread error: PLC disconnected: [WinError 10065] A socket operation was attempted to an unreachable host
2026-02-11 11:35:53,618 [ERROR] Polling thread error: PLC disconnected: [WinError 10065] A socket operation was attempted to an unreachable host
2026-02-11 11:35:54,722 [ERROR] Polling thread error: PLC disconnected: [WinError 10065] A socket operation was attempted to an unreachable host
2026-02-11 11:35:55,827 [ERROR] Polling thread error: PLC disconnected: [WinError 10065] A socket operation was attempted to an unreachable host
2026-02-11 11:35:56,932 [ERROR] Polling thread error: PLC disconnected: [WinError 10065] A socket operation was attempted to an unreachable host
2026-02-11 11:35:58,040 [ERROR] Polling thread error: PLC disconnected: [WinError 10065] A socket operation was attempted to an unreachable host
2026-02-11 11:35:59,133 [ERROR] Polling thread error: PLC disconnected: [WinError 10065] A socket operation was attempted to an unreachable host
2026-02-11 11:36:00,240 [ERROR] Polling thread error: PLC disconnected: [WinError 10065] A socket operation was attempted to an unreachable host
2026-02-11 11:36:03,352 [ERROR] Polling thread error: PLC disconnected: timed out
2026-02-11 11:36:06,452 [ERROR] Polling thread error: PLC disconnected: timed out
2026-02-11 11:36:37,466 [ERROR] Polling thread error: timed out
2026-02-11 11:36:41,495 [ERROR] Polling thread error: PLC disconnected: timed out
2026-02-11 11:36:44,588 [ERROR] Polling thread error: PLC disconnected: timed out
2026-02-11 11:36:47,688 [ERROR] Polling thread error: PLC disconnected: timed out
2026-02-11 11:36:50,787 [ERROR] Polling thread error: PLC disconnected: timed out
2026-02-11 11:36:53,881 [ERROR] Polling thread error: PLC disconnected: timed out
2026-02-11 11:36:56,989 [ERROR] Polling thread error: PLC disconnected: timed out
2026-02-11 11:37:00,076 [ERROR] Polling thread error: PLC disconnected: timed out
2026-02-11 11:37:32,108 [ERROR] Polling thread error: timed out
2026-02-11 11:38:05,913 [ERROR] Polling thread error: PLC Connection Closed
2026-02-11 11:38:07,341 [ERROR] Polling thread error: PLC Connection Closed
2026-02-11 11:38:09,208 [ERROR] Polling thread error: PLC Connection Closed
2026-02-11 11:38:10,693 [ERROR] Polling thread error: PLC Connection Closed
2026-02-11 11:38:13,004 [ERROR] Polling thread error: PLC Connection Closed
2026-02-11 11:38:16,083 [ERROR] Polling thread error: PLC disconnected: timed out
2026-02-11 11:38:19,160 [ERROR] Polling thread error: PLC disconnected: timed out
2026-02-11 11:38:22,238 [ERROR] Polling thread error: PLC disconnected: timed out
2026-02-11 11:38:24,625 [ERROR] Polling thread error: PLC Connection Closed
2026-02-11 11:38:26,417 [ERROR] Polling thread error: PLC Connection Closed
2026-02-11 11:38:28,221 [ERROR] Polling thread error: PLC Connection Closed
2026-02-11 11:38:31,273 [ERROR] Polling thread error: PLC Connection Closed
2026-02-11 11:38:34,072 [ERROR] Polling thread error: PLC Connection Closed
2026-02-11 11:38:37,771 [ERROR] Polling thread error: PLC Connection Closed
2026-02-11 11:38:41,474 [ERROR] Polling thread error: PLC Connection Closed
2026-02-11 11:38:45,489 [ERROR] Polling thread error: PLC disconnected: timed out
2026-02-11 11:38:48,570 [ERROR] Polling thread error: PLC disconnected: timed out
2026-02-11 11:38:51,652 [ERROR] Polling thread error: PLC disconnected: timed out
2026-02-11 11:38:54,729 [ERROR] Polling thread error: PLC disconnected: timed out
2026-02-11 11:38:57,807 [ERROR] Polling thread error: PLC disconnected: timed out
2026-02-11 11:39:00,887 [ERROR] Polling thread error: PLC disconnected: timed out
2026-02-11 11:39:03,967 [ERROR] Polling thread error: PLC disconnected: timed out
2026-02-11 11:39:07,049 [ERROR] Polling thread error: PLC disconnected: timed out
2026-02-11 11:39:10,127 [ERROR] Polling thread error: PLC disconnected: timed out
2026-02-11 11:39:13,206 [ERROR] Polling thread error: PLC disconnected: timed out
2026-02-11 11:39:16,285 [ERROR] Polling thread error: PLC disconnected: timed out
2026-02-11 11:39:19,362 [ERROR] Polling thread error: PLC disconnected: timed out
2026-02-11 11:39:22,440 [ERROR] Polling thread error: PLC disconnected: timed out
2026-02-11 11:39:25,519 [ERROR] Polling thread error: PLC disconnected: timed out
2026-02-11 11:39:28,598 [ERROR] Polling thread error: PLC disconnected: timed out
2026-02-11 11:39:31,675 [ERROR] Polling thread error: PLC disconnected: timed out
2026-02-11 11:39:34,757 [ERROR] Polling thread error: PLC disconnected: timed out
2026-02-11 11:39:37,837 [ERROR] Polling thread error: PLC disconnected: timed out
2026-02-11 11:39:40,917 [ERROR] Polling thread error: PLC disconnected: timed out
2026-02-11 11:39:43,995 [ERROR] Polling thread error: PLC disconnected: timed out
2026-02-11 11:39:47,073 [ERROR] Polling thread error: PLC disconnected: timed out
2026-02-11 11:39:50,152 [ERROR] Polling thread error: PLC disconnected: timed out
2026-02-11 11:39:53,231 [ERROR] Polling thread error: PLC disconnected: timed out
2026-02-11 11:39:56,309 [ERROR] Polling thread error: PLC disconnected: timed out
2026-02-11 11:39:59,390 [ERROR] Polling thread error: PLC disconnected: timed out
2026-02-11 11:40:02,472 [ERROR] Polling thread error: PLC disconnected: timed out
2026-02-11 11:40:05,554 [ERROR] Polling thread error: PLC disconnected: timed out
2026-02-11 11:40:08,632 [ERROR] Polling thread error: PLC disconnected: timed out
2026-02-11 11:40:11,710 [ERROR] Polling thread error: PLC disconnected: timed out
2026-02-11 11:40:14,792 [ERROR] Polling thread error: PLC disconnected: timed out
2026-02-11 11:40:17,869 [ERROR] Polling thread error: PLC disconnected: timed out
2026-02-11 11:40:20,947 [ERROR] Polling thread error: PLC disconnected: timed out
2026-02-11 11:40:24,026 [ERROR] Polling thread error: PLC disconnected: timed out
2026-02-11 11:40:27,104 [ERROR] Polling thread error: PLC disconnected: timed out
2026-02-11 11:40:30,182 [ERROR] Polling thread error: PLC disconnected: timed out
2026-02-11 11:40:33,261 [ERROR] Polling thread error: PLC disconnected: timed out
2026-02-11 11:40:36,337 [ERROR] Polling thread error: PLC disconnected: timed out
2026-02-11 11:40:39,416 [ERROR] Polling thread error: PLC disconnected: timed out
2026-02-11 11:40:42,501 [ERROR] Polling thread error: PLC disconnected: timed out
2026-02-11 11:40:45,581 [ERROR] Polling thread error: PLC disconnected: timed out
2026-02-11 11:40:48,660 [ERROR] Polling thread error: PLC disconnected: timed out
2026-02-11 11:40:51,737 [ERROR] Polling thread error: PLC disconnected: timed out
2026-02-11 11:40:54,818 [ERROR] Polling thread error: PLC disconnected: timed out
2026-02-11 11:40:57,897 [ERROR] Polling thread error: PLC disconnected: timed out
2026-02-11 11:41:00,975 [ERROR] Polling thread error: PLC disconnected: timed out
2026-02-11 11:41:04,052 [ERROR] Polling thread error: PLC disconnected: timed out
2026-02-11 11:41:07,146 [ERROR] Polling thread error: PLC disconnected: timed out
2026-02-11 11:41:10,247 [ERROR] Polling thread error: PLC disconnected: timed out
2026-02-11 11:41:12,341 [ERROR] Polling thread error: PLC disconnected: [WinError 10053] An established connection was aborted by the software in your host machine
2026-02-11 11:41:15,440 [ERROR] Polling thread error: PLC disconnected: timed out
2026-02-11 11:41:18,520 [ERROR] Polling thread error: PLC disconnected: timed out
2026-02-11 11:41:21,608 [ERROR] Polling thread error: PLC disconnected: timed out
2026-02-11 11:41:24,705 [ERROR] Polling thread error: PLC disconnected: timed out
2026-02-11 11:41:27,803 [ERROR] Polling thread error: PLC disconnected: timed out
2026-02-11 11:41:30,883 [ERROR] Polling thread error: PLC disconnected: timed out
2026-02-11 11:41:33,963 [ERROR] Polling thread error: PLC disconnected: timed out
2026-02-11 11:41:37,041 [ERROR] Polling thread error: PLC disconnected: timed out
2026-02-11 11:41:40,118 [ERROR] Polling thread error: PLC disconnected: timed out
2026-02-11 11:41:43,195 [ERROR] Polling thread error: PLC disconnected: timed out
2026-02-11 11:41:46,272 [ERROR] Polling thread error: PLC disconnected: timed out
2026-02-11 11:41:49,351 [ERROR] Polling thread error: PLC disconnected: timed out
2026-02-11 11:41:52,430 [ERROR] Polling thread error: PLC disconnected: timed out
2026-02-11 11:41:55,509 [ERROR] Polling thread error: PLC disconnected: timed out
2026-02-11 11:41:58,592 [ERROR] Polling thread error: PLC disconnected: timed out
2026-02-11 11:42:01,686 [ERROR] Polling thread error: PLC disconnected: timed out
2026-02-11 11:42:04,776 [ERROR] Polling thread error: PLC disconnected: timed out
2026-02-11 11:42:07,878 [ERROR] Polling thread error: PLC disconnected: timed out
2026-02-11 11:42:10,970 [ERROR] Polling thread error: PLC disconnected: timed out
2026-02-11 11:42:14,048 [ERROR] Polling thread error: PLC disconnected: timed out
2026-02-11 11:42:17,125 [ERROR] Polling thread error: PLC disconnected: timed out
2026-02-11 11:42:20,202 [ERROR] Polling thread error: PLC disconnected: timed out
2026-02-11 11:42:23,284 [ERROR] Polling thread error: PLC disconnected: timed out
2026-02-11 11:42:26,363 [ERROR] Polling thread error: PLC disconnected: timed out
2026-02-11 11:42:29,441 [ERROR] Polling thread error: PLC disconnected: timed out
2026-02-11 11:42:32,518 [ERROR] Polling thread error: PLC disconnected: timed out
2026-02-11 11:42:35,601 [ERROR] Polling thread error: PLC disconnected: timed out
2026-02-11 11:42:38,680 [ERROR] Polling thread error: PLC disconnected: timed out
2026-02-11 11:42:41,760 [ERROR] Polling thread error: PLC disconnected: timed out
2026-02-11 11:42:44,837 [ERROR] Polling thread error: PLC disconnected: timed out
2026-02-11 11:42:47,917 [ERROR] Polling thread error: PLC disconnected: timed out
2026-02-11 11:42:50,996 [ERROR] Polling thread error: PLC disconnected: timed out
2026-02-11 11:42:54,073 [ERROR] Polling thread error: PLC disconnected: timed out
2026-02-11 11:42:57,153 [ERROR] Polling thread error: PLC disconnected: timed out
2026-02-11 11:43:00,231 [ERROR] Polling thread error: PLC disconnected: timed out
2026-02-11 11:43:03,323 [ERROR] Polling thread error: PLC disconnected: timed out
2026-02-11 11:43:06,400 [ERROR] Polling thread error: PLC disconnected: timed out
2026-02-11 11:43:09,480 [ERROR] Polling thread error: PLC disconnected: timed out
2026-02-11 11:43:12,566 [ERROR] Polling thread error: PLC disconnected: timed out
2026-02-11 11:43:15,645 [ERROR] Polling thread error: PLC disconnected: timed out
2026-02-11 11:43:18,723 [ERROR] Polling thread error: PLC disconnected: timed out
2026-02-11 11:43:21,804 [ERROR] Polling thread error: PLC disconnected: timed out
2026-02-11 11:43:24,883 [ERROR] Polling thread error: PLC disconnected: timed out
2026-02-11 11:43:27,962 [ERROR] Polling thread error: PLC disconnected: timed out
2026-02-11 11:43:31,041 [ERROR] Polling thread error: PLC disconnected: timed out
2026-02-11 11:43:34,120 [ERROR] Polling thread error: PLC disconnected: timed out
2026-02-11 11:43:37,199 [ERROR] Polling thread error: PLC disconnected: timed out
2026-02-11 11:43:40,276 [ERROR] Polling thread error: PLC disconnected: timed out
2026-02-11 11:43:43,359 [ERROR] Polling thread error: PLC disconnected: timed out
2026-02-11 11:43:46,438 [ERROR] Polling thread error: PLC disconnected: timed out
2026-02-11 11:43:49,516 [ERROR] Polling thread error: PLC disconnected: timed out
2026-02-11 11:43:52,598 [ERROR] Polling thread error: PLC disconnected: timed out
2026-02-11 11:43:55,675 [ERROR] Polling thread error: PLC disconnected: timed out
2026-02-11 11:43:58,754 [ERROR] Polling thread error: PLC disconnected: timed out
2026-02-11 11:44:01,837 [ERROR] Polling thread error: PLC disconnected: timed out
2026-02-11 11:44:04,916 [ERROR] Polling thread error: PLC disconnected: timed out
2026-02-11 11:44:07,996 [ERROR] Polling thread error: PLC disconnected: timed out
2026-02-11 11:44:11,074 [ERROR] Polling thread error: PLC disconnected: timed out
2026-02-11 11:44:14,154 [ERROR] Polling thread error: PLC disconnected: timed out
2026-02-11 11:44:17,232 [ERROR] Polling thread error: PLC disconnected: timed out
2026-02-11 11:44:20,314 [ERROR] Polling thread error: PLC disconnected: timed out
2026-02-11 11:44:23,395 [ERROR] Polling thread error: PLC disconnected: timed out
2026-02-11 11:44:26,473 [ERROR] Polling thread error: PLC disconnected: timed out
2026-02-11 11:44:29,551 [ERROR] Polling thread error: PLC disconnected: timed out
2026-02-11 11:44:32,629 [ERROR] Polling thread error: PLC disconnected: timed out
2026-02-11 11:44:35,709 [ERROR] Polling thread error: PLC disconnected: timed out
2026-02-11 11:44:38,788 [ERROR] Polling thread error: PLC disconnected: timed out
2026-02-11 11:44:41,866 [ERROR] Polling thread error: PLC disconnected: timed out
2026-02-11 11:44:44,943 [ERROR] Polling thread error: PLC disconnected: timed out
2026-02-11 11:44:48,023 [ERROR] Polling thread error: PLC disconnected: timed out
2026-02-11 11:44:51,115 [ERROR] Polling thread error: PLC disconnected: timed out
2026-02-11 11:44:54,213 [ERROR] Polling thread error: PLC disconnected: timed out
2026-02-11 11:44:57,313 [ERROR] Polling thread error: PLC disconnected: timed out
2026-02-11 11:45:00,403 [ERROR] Polling thread error: PLC disconnected: timed out
2026-02-11 11:45:03,502 [ERROR] Polling thread error: PLC disconnected: timed out
2026-02-11 11:45:06,610 [ERROR] Polling thread error: PLC disconnected: timed out
2026-02-11 11:45:09,714 [ERROR] Polling thread error: PLC disconnected: timed out
2026-02-11 11:45:12,813 [ERROR] Polling thread error: PLC disconnected: timed out
2026-02-11 11:45:15,891 [ERROR] Polling thread error: PLC disconnected: timed out
2026-02-11 11:45:18,970 [ERROR] Polling thread error: PLC disconnected: timed out
2026-02-11 11:45:22,049 [ERROR] Polling thread error: PLC disconnected: timed out
2026-02-11 11:45:25,128 [ERROR] Polling thread error: PLC disconnected: timed out
2026-02-11 11:45:28,207 [ERROR] Polling thread error: PLC disconnected: timed out
2026-02-11 11:45:31,284 [ERROR] Polling thread error: PLC disconnected: timed out
2026-02-11 11:45:34,361 [ERROR] Polling thread error: PLC disconnected: timed out
2026-02-11 11:45:37,438 [ERROR] Polling thread error: PLC disconnected: timed out
2026-02-11 11:45:40,517 [ERROR] Polling thread error: PLC disconnected: timed out
2026-02-11 11:45:43,595 [ERROR] Polling thread error: PLC disconnected: timed out
2026-02-11 11:45:46,671 [ERROR] Polling thread error: PLC disconnected: timed out
2026-02-11 11:45:49,750 [ERROR] Polling thread error: PLC disconnected: timed out
2026-02-11 11:45:52,830 [ERROR] Polling thread error: PLC disconnected: timed out
2026-02-11 11:45:55,908 [ERROR] Polling thread error: PLC disconnected: timed out
2026-02-11 11:45:58,994 [ERROR] Polling thread error: PLC disconnected: timed out
2026-02-11 11:46:02,072 [ERROR] Polling thread error: PLC disconnected: timed out
2026-02-11 11:46:05,150 [ERROR] Polling thread error: PLC disconnected: timed out
2026-02-11 11:46:08,173 [ERROR] Polling thread error: PLC disconnected: [WinError 10053] An established connection was aborted by the software in your host machine
2026-02-11 11:46:11,252 [ERROR] Polling thread error: PLC disconnected: timed out
2026-02-11 11:46:14,328 [ERROR] Polling thread error: PLC disconnected: timed out
2026-02-11 11:46:17,406 [ERROR] Polling thread error: PLC disconnected: timed out
2026-02-11 11:46:20,484 [ERROR] Polling thread error: PLC disconnected: timed out
2026-02-11 11:46:23,563 [ERROR] Polling thread error: PLC disconnected: timed out
2026-02-11 11:46:26,639 [ERROR] Polling thread error: PLC disconnected: timed out
2026-02-11 11:46:29,716 [ERROR] Polling thread error: PLC disconnected: timed out
2026-02-11 11:46:32,795 [ERROR] Polling thread error: PLC disconnected: timed out
2026-02-11 11:46:35,873 [ERROR] Polling thread error: PLC disconnected: timed out
2026-02-11 11:46:38,952 [ERROR] Polling thread error: PLC disconnected: timed out
2026-02-11 11:46:42,030 [ERROR] Polling thread error: PLC disconnected: timed out
2026-02-11 11:46:45,110 [ERROR] Polling thread error: PLC disconnected: timed out
2026-02-11 11:46:48,188 [ERROR] Polling thread error: PLC disconnected: timed out
2026-02-11 11:46:51,266 [ERROR] Polling thread error: PLC disconnected: timed out
2026-02-11 11:46:54,345 [ERROR] Polling thread error: PLC disconnected: timed out
2026-02-11 11:46:57,424 [ERROR] Polling thread error: PLC disconnected: timed out
2026-02-11 11:47:00,503 [ERROR] Polling thread error: PLC disconnected: timed out
2026-02-11 11:47:03,582 [ERROR] Polling thread error: PLC disconnected: timed out
2026-02-11 11:47:06,660 [ERROR] Polling thread error: PLC disconnected: timed out
2026-02-11 11:47:09,738 [ERROR] Polling thread error: PLC disconnected: timed out
2026-02-11 11:47:12,816 [ERROR] Polling thread error: PLC disconnected: timed out
2026-02-11 11:47:15,895 [ERROR] Polling thread error: PLC disconnected: timed out
2026-02-11 11:47:18,971 [ERROR] Polling thread error: PLC disconnected: timed out
2026-02-11 11:47:22,052 [ERROR] Polling thread error: PLC disconnected: timed out
2026-02-11 11:47:25,131 [ERROR] Polling thread error: PLC disconnected: timed out
2026-02-11 11:47:28,208 [ERROR] Polling thread error: PLC disconnected: timed out
2026-02-11 11:47:31,287 [ERROR] Polling thread error: PLC disconnected: timed out
2026-02-11 11:47:34,366 [ERROR] Polling thread error: PLC disconnected: timed out
2026-02-11 11:47:37,444 [ERROR] Polling thread error: PLC disconnected: timed out
2026-02-11 11:47:40,523 [ERROR] Polling thread error: PLC disconnected: timed out
2026-02-11 11:47:43,602 [ERROR] Polling thread error: PLC disconnected: timed out
2026-02-11 11:47:46,682 [ERROR] Polling thread error: PLC disconnected: timed out
2026-02-11 11:47:49,761 [ERROR] Polling thread error: PLC disconnected: timed out
2026-02-11 11:47:52,841 [ERROR] Polling thread error: PLC disconnected: timed out
2026-02-11 11:47:55,918 [ERROR] Polling thread error: PLC disconnected: timed out
2026-02-11 11:47:58,996 [ERROR] Polling thread error: PLC disconnected: timed out
2026-02-11 11:48:02,073 [ERROR] Polling thread error: PLC disconnected: timed out
2026-02-11 11:48:05,152 [ERROR] Polling thread error: PLC disconnected: timed out
2026-02-11 11:48:08,230 [ERROR] Polling thread error: PLC disconnected: timed out
2026-02-11 11:48:11,307 [ERROR] Polling thread error: PLC disconnected: timed out
2026-02-11 11:48:14,386 [ERROR] Polling thread error: PLC disconnected: timed out
2026-02-11 11:48:17,465 [ERROR] Polling thread error: PLC disconnected: timed out
2026-02-11 11:48:20,545 [ERROR] Polling thread error: PLC disconnected: timed out
2026-02-11 11:48:23,624 [ERROR] Polling thread error: PLC disconnected: timed out
2026-02-11 11:48:26,703 [ERROR] Polling thread error: PLC disconnected: timed out
2026-02-11 11:48:29,780 [ERROR] Polling thread error: PLC disconnected: timed out
2026-02-11 11:48:32,858 [ERROR] Polling thread error: PLC disconnected: timed out
2026-02-11 11:48:35,949 [ERROR] Polling thread error: PLC disconnected: timed out
2026-02-11 11:48:39,053 [ERROR] Polling thread error: PLC disconnected: timed out
2026-02-11 11:48:42,161 [ERROR] Polling thread error: PLC disconnected: timed out
2026-02-11 11:48:45,238 [ERROR] Polling thread error: PLC disconnected: timed out
2026-02-11 11:48:48,322 [ERROR] Polling thread error: PLC disconnected: timed out
2026-02-11 11:48:51,434 [ERROR] Polling thread error: PLC disconnected: timed out
2026-02-11 11:48:54,529 [ERROR] Polling thread error: PLC disconnected: timed out
2026-02-11 11:48:57,621 [ERROR] Polling thread error: PLC disconnected: timed out
2026-02-11 11:49:00,724 [ERROR] Polling thread error: PLC disconnected: timed out
2026-02-11 11:49:03,823 [ERROR] Polling thread error: PLC disconnected: timed out
2026-02-11 11:49:06,910 [ERROR] Polling thread error: PLC disconnected: timed out
2026-02-11 11:49:10,007 [ERROR] Polling thread error: PLC disconnected: timed out
2026-02-11 11:49:13,099 [ERROR] Polling thread error: PLC disconnected: timed out
2026-02-11 11:49:16,200 [ERROR] Polling thread error: PLC disconnected: timed out
2026-02-11 11:49:19,294 [ERROR] Polling thread error: PLC disconnected: timed out
2026-02-11 11:49:22,401 [ERROR] Polling thread error: PLC disconnected: timed out
2026-02-11 11:49:25,499 [ERROR] Polling thread error: PLC disconnected: timed out
2026-02-11 11:49:28,585 [ERROR] Polling thread error: PLC disconnected: timed out
2026-02-11 11:49:31,685 [ERROR] Polling thread error: PLC disconnected: timed out
2026-02-11 11:49:34,785 [ERROR] Polling thread error: PLC disconnected: timed out
2026-02-11 11:49:37,881 [ERROR] Polling thread error: PLC disconnected: timed out
2026-02-11 11:49:40,975 [ERROR] Polling thread error: PLC disconnected: timed out
2026-02-11 11:49:44,064 [ERROR] Polling thread error: PLC disconnected: timed out
2026-02-11 11:49:47,153 [ERROR] Polling thread error: PLC disconnected: timed out
2026-02-11 11:49:50,250 [ERROR] Polling thread error: PLC disconnected: timed out
2026-02-11 11:49:53,342 [ERROR] Polling thread error: PLC disconnected: timed out
2026-02-11 11:49:56,433 [ERROR] Polling thread error: PLC disconnected: timed out
2026-02-11 11:49:59,533 [ERROR] Polling thread error: PLC disconnected: timed out
2026-02-11 11:50:02,631 [ERROR] Polling thread error: PLC disconnected: timed out
2026-02-11 11:50:05,723 [ERROR] Polling thread error: PLC disconnected: timed out
2026-02-11 11:50:08,812 [ERROR] Polling thread error: PLC disconnected: timed out
2026-02-11 11:50:11,916 [ERROR] Polling thread error: PLC disconnected: timed out
2026-02-11 11:50:15,015 [ERROR] Polling thread error: PLC disconnected: timed out
2026-02-11 11:50:18,108 [ERROR] Polling thread error: PLC disconnected: timed out
2026-02-11 11:50:21,186 [ERROR] Polling thread error: PLC disconnected: timed out
2026-02-11 11:50:24,264 [ERROR] Polling thread error: PLC disconnected: timed out
2026-02-11 11:50:27,343 [ERROR] Polling thread error: PLC disconnected: timed out
2026-02-11 11:50:30,420 [ERROR] Polling thread error: PLC disconnected: timed out
2026-02-11 11:50:33,499 [ERROR] Polling thread error: PLC disconnected: timed out
2026-02-11 11:50:36,600 [ERROR] Polling thread error: PLC disconnected: timed out
2026-02-11 11:50:39,693 [ERROR] Polling thread error: PLC disconnected: timed out
2026-02-11 11:50:42,780 [ERROR] Polling thread error: PLC disconnected: timed out
2026-02-11 11:50:45,858 [ERROR] Polling thread error: PLC disconnected: timed out
2026-02-11 11:50:48,935 [ERROR] Polling thread error: PLC disconnected: timed out
2026-02-11 11:50:52,013 [ERROR] Polling thread error: PLC disconnected: timed out
2026-02-11 11:50:55,091 [ERROR] Polling thread error: PLC disconnected: timed out
2026-02-11 11:50:58,171 [ERROR] Polling thread error: PLC disconnected: timed out
2026-02-11 11:51:01,249 [ERROR] Polling thread error: PLC disconnected: timed out
2026-02-11 11:51:04,328 [ERROR] Polling thread error: PLC disconnected: timed out
2026-02-11 11:51:07,406 [ERROR] Polling thread error: PLC disconnected: timed out
2026-02-11 11:51:10,488 [ERROR] Polling thread error: PLC disconnected: timed out
2026-02-11 11:51:13,565 [ERROR] Polling thread error: PLC disconnected: timed out
2026-02-11 11:51:16,643 [ERROR] Polling thread error: PLC disconnected: timed out
2026-02-11 11:51:19,721 [ERROR] Polling thread error: PLC disconnected: timed out
2026-02-11 11:51:22,798 [ERROR] Polling thread error: PLC disconnected: timed out
2026-02-11 11:51:25,878 [ERROR] Polling thread error: PLC disconnected: timed out
2026-02-11 11:51:28,955 [ERROR] Polling thread error: PLC disconnected: timed out
2026-02-11 11:51:32,033 [ERROR] Polling thread error: PLC disconnected: timed out
2026-02-11 11:51:35,133 [ERROR] Polling thread error: PLC disconnected: timed out
2026-02-11 11:51:38,234 [ERROR] Polling thread error: PLC disconnected: timed out
2026-02-11 11:51:41,332 [ERROR] Polling thread error: PLC disconnected: timed out
2026-02-11 11:51:44,427 [ERROR] Polling thread error: PLC disconnected: timed out
2026-02-11 11:51:47,515 [ERROR] Polling thread error: PLC disconnected: timed out
2026-02-11 11:51:50,606 [ERROR] Polling thread error: PLC disconnected: timed out
2026-02-11 11:51:53,704 [ERROR] Polling thread error: PLC disconnected: timed out
2026-02-11 11:51:56,782 [ERROR] Polling thread error: PLC disconnected: timed out
2026-02-11 11:51:59,860 [ERROR] Polling thread error: PLC disconnected: timed out
2026-02-11 11:52:02,937 [ERROR] Polling thread error: PLC disconnected: timed out
2026-02-11 11:52:06,015 [ERROR] Polling thread error: PLC disconnected: timed out
2026-02-11 11:52:09,093 [ERROR] Polling thread error: PLC disconnected: timed out
2026-02-11 11:52:12,188 [ERROR] Polling thread error: PLC disconnected: timed out
2026-02-11 11:52:15,281 [ERROR] Polling thread error: PLC disconnected: timed out
2026-02-11 11:52:18,377 [ERROR] Polling thread error: PLC disconnected: timed out
2026-02-11 11:52:21,473 [ERROR] Polling thread error: PLC disconnected: timed out
2026-02-11 11:52:24,563 [ERROR] Polling thread error: PLC disconnected: timed out
2026-02-11 11:52:27,657 [ERROR] Polling thread error: PLC disconnected: timed out
2026-02-11 11:52:30,754 [ERROR] Polling thread error: PLC disconnected: timed out
2026-02-11 11:52:33,855 [ERROR] Polling thread error: PLC disconnected: timed out
2026-02-11 11:52:36,950 [ERROR] Polling thread error: PLC disconnected: timed out
2026-02-11 11:52:40,038 [ERROR] Polling thread error: PLC disconnected: timed out
2026-02-11 11:52:43,132 [ERROR] Polling thread error: PLC disconnected: timed out
2026-02-11 11:52:46,228 [ERROR] Polling thread error: PLC disconnected: timed out
2026-02-11 11:52:49,323 [ERROR] Polling thread error: PLC disconnected: timed out
2026-02-11 11:52:52,412 [ERROR] Polling thread error: PLC disconnected: timed out
2026-02-11 11:52:55,512 [ERROR] Polling thread error: PLC disconnected: timed out
2026-02-11 11:52:58,606 [ERROR] Polling thread error: PLC disconnected: timed out
2026-02-11 11:53:01,695 [ERROR] Polling thread error: PLC disconnected: timed out
2026-02-11 11:53:04,800 [ERROR] Polling thread error: PLC disconnected: timed out
2026-02-11 11:53:07,893 [ERROR] Polling thread error: PLC disconnected: timed out
2026-02-11 11:53:10,979 [ERROR] Polling thread error: PLC disconnected: timed out
2026-02-11 11:53:14,083 [ERROR] Polling thread error: PLC disconnected: timed out
2026-02-11 11:53:17,177 [ERROR] Polling thread error: PLC disconnected: timed out
2026-02-11 11:53:20,274 [ERROR] Polling thread error: PLC disconnected: timed out
2026-02-11 11:53:23,371 [ERROR] Polling thread error: PLC disconnected: timed out
2026-02-11 11:53:26,471 [ERROR] Polling thread error: PLC disconnected: timed out
2026-02-11 11:53:29,572 [ERROR] Polling thread error: PLC disconnected: timed out
2026-02-11 11:53:32,660 [ERROR] Polling thread error: PLC disconnected: timed out
2026-02-11 11:53:35,769 [ERROR] Polling thread error: PLC disconnected: timed out
2026-02-11 11:53:38,878 [ERROR] Polling thread error: PLC disconnected: timed out
2026-02-11 11:53:41,976 [ERROR] Polling thread error: PLC disconnected: timed out
2026-02-11 11:53:45,068 [ERROR] Polling thread error: PLC disconnected: timed out
2026-02-11 11:53:48,167 [ERROR] Polling thread error: PLC disconnected: timed out
2026-02-11 11:53:51,265 [ERROR] Polling thread error: PLC disconnected: timed out
2026-02-11 11:53:54,363 [ERROR] Polling thread error: PLC disconnected: timed out
2026-02-11 11:53:57,460 [ERROR] Polling thread error: PLC disconnected: timed out
2026-02-11 11:54:00,558 [ERROR] Polling thread error: PLC disconnected: timed out
2026-02-11 11:54:03,652 [ERROR] Polling thread error: PLC disconnected: timed out
2026-02-11 11:54:06,756 [ERROR] Polling thread error: PLC disconnected: timed out
2026-02-11 11:54:09,852 [ERROR] Polling thread error: PLC disconnected: timed out
2026-02-11 11:54:12,954 [ERROR] Polling thread error: PLC disconnected: timed out
2026-02-11 11:54:16,045 [ERROR] Polling thread error: PLC disconnected: timed out
2026-02-11 11:54:19,143 [ERROR] Polling thread error: PLC disconnected: timed out
2026-02-11 11:54:22,235 [ERROR] Polling thread error: PLC disconnected: timed out
2026-02-11 11:54:25,341 [ERROR] Polling thread error: PLC disconnected: timed out
2026-02-11 11:54:28,438 [ERROR] Polling thread error: PLC disconnected: timed out
2026-02-11 11:54:31,541 [ERROR] Polling thread error: PLC disconnected: timed out
2026-02-11 11:54:34,631 [ERROR] Polling thread error: PLC disconnected: timed out
2026-02-11 11:54:37,731 [ERROR] Polling thread error: PLC disconnected: timed out
2026-02-11 11:54:40,838 [ERROR] Polling thread error: PLC disconnected: timed out
2026-02-11 11:54:43,938 [ERROR] Polling thread error: PLC disconnected: timed out
2026-02-11 11:54:47,031 [ERROR] Polling thread error: PLC disconnected: timed out
2026-02-11 11:54:50,132 [ERROR] Polling thread error: PLC disconnected: timed out
2026-02-11 11:54:53,227 [ERROR] Polling thread error: PLC disconnected: timed out
2026-02-11 11:54:56,324 [ERROR] Polling thread error: PLC disconnected: timed out
2026-02-11 11:54:59,413 [ERROR] Polling thread error: PLC disconnected: timed out
2026-02-11 11:55:02,510 [ERROR] Polling thread error: PLC disconnected: timed out
2026-02-11 11:55:05,612 [ERROR] Polling thread error: PLC disconnected: timed out
2026-02-11 11:55:08,710 [ERROR] Polling thread error: PLC disconnected: timed out
2026-02-11 11:55:11,808 [ERROR] Polling thread error: PLC disconnected: timed out
2026-02-11 11:55:14,897 [ERROR] Polling thread error: PLC disconnected: timed out
2026-02-11 11:55:17,988 [ERROR] Polling thread error: PLC disconnected: timed out
2026-02-11 11:55:21,083 [ERROR] Polling thread error: PLC disconnected: timed out
2026-02-11 11:55:24,183 [ERROR] Polling thread error: PLC disconnected: timed out
2026-02-11 11:55:27,283 [ERROR] Polling thread error: PLC disconnected: timed out
2026-02-11 11:55:30,375 [ERROR] Polling thread error: PLC disconnected: timed out
2026-02-11 11:55:33,471 [ERROR] Polling thread error: PLC disconnected: timed out
2026-02-11 11:55:36,570 [ERROR] Polling thread error: PLC disconnected: timed out
2026-02-11 13:29:53,387 [WARNING] [Inference] TensorRT or cuda-python not installed: No module named 'tensorrt'
2026-02-11 13:29:53,666 [INFO] [Inference] Using GPU
2026-02-11 13:29:53,666 [INFO] [Inference] Loading OpenVINO model from C:\MyStuff\VS\MECup\backend\inference\openvino_model\model.xml
2026-02-11 13:29:54,252 [INFO] [Inference] Using OpenVINO backend on GPU
2026-02-11 13:29:54,421 [INFO] [Inference] Model ready (openvino)
2026-02-11 13:29:55,175 [WARNING] [Inference] TensorRT or cuda-python not installed: No module named 'tensorrt'
2026-02-11 13:29:55,415 [INFO] [Inference] Using GPU
2026-02-11 13:29:55,415 [INFO] [Inference] Loading OpenVINO model from C:\MyStuff\VS\MECup\backend\inference\openvino_model\model.xml
2026-02-11 13:29:55,991 [INFO] [Inference] Using OpenVINO backend on GPU
2026-02-11 13:29:56,162 [INFO] [Inference] Model ready (openvino)
2026-02-11 13:51:23,658 [ERROR] Polling thread error: [WinError 10054] An existing connection was forcibly closed by the remote host
2026-02-11 13:52:25,674 [ERROR] Polling thread error: [WinError 10054] An existing connection was forcibly closed by the remote host
2026-02-11 13:53:49,765 [ERROR] Polling thread error: [WinError 10054] An existing connection was forcibly closed by the remote host
2026-02-11 14:08:53,881 [ERROR] Polling thread error: [WinError 10054] An existing connection was forcibly closed by the remote host
2026-02-11 14:09:09,256 [ERROR] Polling thread error: [WinError 10054] An existing connection was forcibly closed by the remote host
2026-02-11 14:09:13,272 [ERROR] Polling thread error: PLC disconnected: timed out
2026-02-11 14:09:16,370 [ERROR] Polling thread error: PLC disconnected: timed out
2026-02-11 14:09:19,471 [ERROR] Polling thread error: PLC disconnected: timed out
2026-02-11 14:09:22,550 [ERROR] Polling thread error: PLC disconnected: timed out
2026-02-11 14:17:12,591 [ERROR] Polling thread error: [WinError 10054] An existing connection was forcibly closed by the remote host
2026-02-11 14:20:22,288 [ERROR] Polling thread error: [WinError 10054] An existing connection was forcibly closed by the remote host
2026-02-11 14:20:25,386 [ERROR] Polling thread error: PLC disconnected: timed out
2026-02-11 14:20:28,481 [ERROR] Polling thread error: PLC disconnected: timed out
2026-02-11 14:20:31,575 [ERROR] Polling thread error: PLC disconnected: timed out
2026-02-11 14:20:34,660 [ERROR] Polling thread error: PLC disconnected: timed out
2026-02-11 14:20:37,776 [ERROR] Polling thread error: PLC disconnected: timed out
2026-02-11 14:20:39,791 [ERROR] Grid One Error: PLC disconnected: timed out
2026-02-11 14:20:41,803 [ERROR] Grid One Error: PLC disconnected: timed out
2026-02-11 14:20:43,813 [ERROR] Polling thread error: PLC disconnected: timed out
2026-02-11 14:20:46,908 [ERROR] Polling thread error: PLC disconnected: timed out
2026-02-11 14:20:50,005 [ERROR] Polling thread error: PLC disconnected: timed out
2026-02-11 14:20:53,092 [ERROR] Polling thread error: PLC disconnected: timed out
2026-02-11 14:20:56,171 [ERROR] Polling thread error: PLC disconnected: timed out
2026-02-11 14:20:59,251 [ERROR] Polling thread error: PLC disconnected: timed out
2026-02-11 14:21:02,329 [ERROR] Polling thread error: PLC disconnected: timed out
2026-02-11 14:21:05,411 [ERROR] Polling thread error: PLC disconnected: timed out
2026-02-11 14:21:08,489 [ERROR] Polling thread error: PLC disconnected: timed out
2026-02-11 14:21:11,570 [ERROR] Polling thread error: PLC disconnected: timed out
2026-02-11 14:21:14,650 [ERROR] Polling thread error: PLC disconnected: timed out
2026-02-11 14:21:17,729 [ERROR] Polling thread error: PLC disconnected: timed out
2026-02-11 14:21:20,809 [ERROR] Polling thread error: PLC disconnected: timed out
2026-02-11 14:21:23,889 [ERROR] Polling thread error: PLC disconnected: timed out
2026-02-11 14:21:26,971 [ERROR] Polling thread error: PLC disconnected: timed out
2026-02-11 14:21:30,052 [ERROR] Polling thread error: PLC disconnected: timed out
2026-02-11 14:21:33,130 [ERROR] Polling thread error: PLC disconnected: timed out
2026-02-11 14:21:36,211 [ERROR] Polling thread error: PLC disconnected: timed out
2026-02-11 14:21:39,291 [ERROR] Polling thread error: PLC disconnected: timed out
2026-02-11 14:21:42,371 [ERROR] Polling thread error: PLC disconnected: timed out
2026-02-11 14:21:45,453 [ERROR] Polling thread error: PLC disconnected: timed out
2026-02-11 14:21:48,532 [ERROR] Polling thread error: PLC disconnected: timed out
2026-02-11 14:21:51,612 [ERROR] Polling thread error: PLC disconnected: timed out
2026-02-11 14:21:54,691 [ERROR] Polling thread error: PLC disconnected: timed out
2026-02-11 14:21:57,780 [ERROR] Polling thread error: PLC disconnected: timed out
2026-02-11 16:38:02,906 [WARNING] [Inference] TensorRT or cuda-python not installed: No module named 'tensorrt'
2026-02-11 16:38:03,391 [INFO] [Inference] Using GPU
2026-02-11 16:38:03,391 [INFO] [Inference] Loading OpenVINO model from C:\MyStuff\VS\MECup\backend\inference\openvino_model\model.xml
2026-02-11 16:38:04,602 [INFO] [Inference] Using OpenVINO backend on GPU
2026-02-11 16:38:04,795 [INFO] [Inference] Model ready (openvino)
2026-02-11 16:38:07,253 [WARNING] [Inference] TensorRT or cuda-python not installed: No module named 'tensorrt'
2026-02-11 16:38:07,774 [INFO] [Inference] Using GPU
2026-02-11 16:38:07,775 [INFO] [Inference] Loading OpenVINO model from C:\MyStuff\VS\MECup\backend\inference\openvino_model\model.xml
2026-02-11 16:38:09,251 [INFO] [Inference] Using OpenVINO backend on GPU
2026-02-11 16:38:09,443 [INFO] [Inference] Model ready (openvino)
2026-02-11 16:38:12,536 [WARNING] [Inference] TensorRT or cuda-python not installed: No module named 'tensorrt'
2026-02-11 16:38:12,993 [ERROR] Polling thread error: PLC disconnected: timed out
2026-02-11 16:38:13,067 [INFO] [Inference] Using GPU
2026-02-11 16:38:13,068 [INFO] [Inference] Loading OpenVINO model from C:\MyStuff\VS\MECup\backend\inference\openvino_model\model.xml
2026-02-11 16:38:14,476 [INFO] [Inference] Using OpenVINO backend on GPU
2026-02-11 16:38:14,691 [INFO] [Inference] Model ready (openvino)
2026-02-11 16:38:16,091 [ERROR] Polling thread error: PLC disconnected: timed out
2026-02-11 16:38:19,194 [ERROR] Polling thread error: PLC disconnected: timed out
2026-02-11 16:38:22,299 [ERROR] Polling thread error: PLC disconnected: timed out
2026-02-11 16:38:25,402 [ERROR] Polling thread error: PLC disconnected: timed out
2026-02-11 16:38:28,503 [ERROR] Polling thread error: PLC disconnected: timed out
2026-02-11 16:38:31,613 [ERROR] Polling thread error: PLC disconnected: timed out
2026-02-11 16:38:34,720 [ERROR] Polling thread error: PLC disconnected: timed out
2026-02-11 16:38:37,821 [ERROR] Polling thread error: PLC disconnected: timed out
2026-02-11 16:38:40,906 [ERROR] Polling thread error: PLC disconnected: timed out
2026-02-11 16:38:44,003 [ERROR] Polling thread error: PLC disconnected: timed out
2026-02-11 16:38:47,101 [ERROR] Polling thread error: PLC disconnected: timed out
2026-02-11 16:38:50,199 [ERROR] Polling thread error: PLC disconnected: timed out
2026-02-11 16:38:53,304 [ERROR] Polling thread error: PLC disconnected: timed out
2026-02-11 16:38:56,401 [ERROR] Polling thread error: PLC disconnected: timed out
2026-02-11 16:38:59,508 [ERROR] Polling thread error: PLC disconnected: timed out
2026-02-11 16:39:02,615 [ERROR] Polling thread error: PLC disconnected: timed out
2026-02-11 16:39:05,716 [ERROR] Polling thread error: PLC disconnected: timed out
2026-02-11 16:39:08,805 [ERROR] Polling thread error: PLC disconnected: timed out
2026-02-11 16:39:11,906 [ERROR] Polling thread error: PLC disconnected: timed out
2026-02-11 16:39:15,001 [ERROR] Polling thread error: PLC disconnected: timed out
2026-02-11 16:39:18,100 [ERROR] Polling thread error: PLC disconnected: timed out
2026-02-11 16:39:21,193 [ERROR] Polling thread error: PLC disconnected: timed out
2026-02-11 16:39:24,286 [ERROR] Polling thread error: PLC disconnected: timed out
2026-02-11 16:39:27,378 [ERROR] Polling thread error: PLC disconnected: timed out
2026-02-11 16:39:30,474 [ERROR] Polling thread error: PLC disconnected: timed out
2026-02-11 16:39:33,576 [ERROR] Polling thread error: PLC disconnected: timed out
2026-02-11 16:39:36,666 [ERROR] Polling thread error: PLC disconnected: timed out
2026-02-11 16:39:39,748 [ERROR] Polling thread error: PLC disconnected: timed out
2026-02-11 16:39:42,843 [ERROR] Polling thread error: PLC disconnected: timed out
2026-02-11 16:39:45,932 [ERROR] Polling thread error: PLC disconnected: timed out
2026-02-11 16:39:49,031 [ERROR] Polling thread error: PLC disconnected: timed out
2026-02-11 16:39:52,128 [ERROR] Polling thread error: PLC disconnected: timed out
2026-02-11 16:39:55,235 [ERROR] Polling thread error: PLC disconnected: timed out
2026-02-11 16:39:58,329 [ERROR] Polling thread error: PLC disconnected: timed out
2026-02-11 16:40:01,422 [ERROR] Polling thread error: PLC disconnected: timed out
2026-02-11 16:40:04,526 [ERROR] Polling thread error: PLC disconnected: timed out
2026-02-11 16:40:07,622 [ERROR] Polling thread error: PLC disconnected: timed out
2026-02-11 16:40:10,718 [ERROR] Polling thread error: PLC disconnected: timed out
2026-02-11 16:40:13,822 [ERROR] Polling thread error: PLC disconnected: timed out
2026-02-11 16:40:16,918 [ERROR] Polling thread error: PLC disconnected: timed out
2026-02-11 16:40:20,015 [ERROR] Polling thread error: PLC disconnected: timed out
2026-02-11 16:40:23,111 [ERROR] Polling thread error: PLC disconnected: timed out
2026-02-11 16:40:26,205 [ERROR] Polling thread error: PLC disconnected: timed out
2026-02-11 16:40:29,296 [ERROR] Polling thread error: PLC disconnected: timed out
2026-02-11 16:40:32,427 [ERROR] Polling thread error: PLC disconnected: timed out
2026-02-11 16:40:35,532 [ERROR] Polling thread error: PLC disconnected: timed out
2026-02-11 16:40:38,631 [ERROR] Polling thread error: PLC disconnected: timed out
2026-02-11 16:40:41,747 [ERROR] Polling thread error: PLC disconnected: timed out
2026-02-11 16:40:44,842 [ERROR] Polling thread error: PLC disconnected: timed out
2026-02-11 16:40:47,946 [ERROR] Polling thread error: PLC disconnected: timed out
2026-02-11 16:40:51,049 [ERROR] Polling thread error: PLC disconnected: timed out
2026-02-11 16:40:54,142 [ERROR] Polling thread error: PLC disconnected: timed out
2026-02-11 16:40:57,253 [ERROR] Polling thread error: PLC disconnected: timed out
2026-02-11 16:41:00,355 [ERROR] Polling thread error: PLC disconnected: timed out
2026-02-11 16:41:03,455 [ERROR] Polling thread error: PLC disconnected: timed out
2026-02-11 16:41:06,552 [ERROR] Polling thread error: PLC disconnected: timed out
2026-02-11 16:41:09,645 [ERROR] Polling thread error: PLC disconnected: timed out
2026-02-11 16:41:12,738 [ERROR] Polling thread error: PLC disconnected: timed out
2026-02-11 16:41:15,829 [ERROR] Polling thread error: PLC disconnected: timed out
2026-02-11 16:41:18,935 [ERROR] Polling thread error: PLC disconnected: timed out
2026-02-11 16:41:22,039 [ERROR] Polling thread error: PLC disconnected: timed out
2026-02-11 16:41:25,125 [ERROR] Polling thread error: PLC disconnected: timed out
2026-02-11 16:41:28,224 [ERROR] Polling thread error: PLC disconnected: timed out
2026-02-11 16:41:31,338 [ERROR] Polling thread error: PLC disconnected: timed out
2026-02-11 16:41:34,428 [ERROR] Polling thread error: PLC disconnected: timed out
2026-02-11 16:41:37,514 [ERROR] Polling thread error: PLC disconnected: timed out
2026-02-11 16:41:40,621 [ERROR] Polling thread error: PLC disconnected: timed out
2026-02-11 16:41:43,711 [ERROR] Polling thread error: PLC disconnected: timed out
2026-02-11 16:41:46,806 [ERROR] Polling thread error: PLC disconnected: timed out
2026-02-11 16:41:49,897 [ERROR] Polling thread error: PLC disconnected: timed out
2026-02-11 16:41:52,998 [ERROR] Polling thread error: PLC disconnected: timed out
2026-02-11 16:41:56,096 [ERROR] Polling thread error: PLC disconnected: timed out
2026-02-11 16:41:59,187 [ERROR] Polling thread error: PLC disconnected: timed out
2026-02-11 16:42:02,295 [ERROR] Polling thread error: PLC disconnected: timed out
2026-02-11 16:42:05,400 [ERROR] Polling thread error: PLC disconnected: timed out
2026-02-11 16:42:08,493 [ERROR] Polling thread error: PLC disconnected: timed out
2026-02-11 16:42:11,598 [ERROR] Polling thread error: PLC disconnected: timed out
2026-02-11 16:42:14,687 [ERROR] Polling thread error: PLC disconnected: timed out
2026-02-11 16:42:17,808 [ERROR] Polling thread error: PLC disconnected: timed out
2026-02-11 16:42:20,914 [ERROR] Polling thread error: PLC disconnected: timed out
2026-02-11 16:42:24,003 [ERROR] Polling thread error: PLC disconnected: timed out
2026-02-11 16:42:27,106 [ERROR] Polling thread error: PLC disconnected: timed out
2026-02-11 16:42:30,215 [ERROR] Polling thread error: PLC disconnected: timed out
2026-02-11 16:42:33,299 [ERROR] Polling thread error: PLC disconnected: timed out
2026-02-11 16:42:36,405 [ERROR] Polling thread error: PLC disconnected: timed out
2026-02-11 16:50:10,471 [WARNING] [Inference] TensorRT or cuda-python not installed: No module named 'tensorrt'
2026-02-11 16:50:10,980 [INFO] [Inference] Using GPU
2026-02-11 16:50:10,981 [INFO] [Inference] Loading OpenVINO model from C:\MyStuff\VS\MECup\backend\inference\openvino_model\model.xml
2026-02-11 16:50:12,304 [INFO] [Inference] Using OpenVINO backend on GPU
2026-02-11 16:50:12,492 [INFO] [Inference] Model ready (openvino)
2026-02-11 16:50:15,118 [WARNING] [Inference] TensorRT or cuda-python not installed: No module named 'tensorrt'
2026-02-11 16:50:15,637 [INFO] [Inference] Using GPU
2026-02-11 16:50:15,638 [INFO] [Inference] Loading OpenVINO model from C:\MyStuff\VS\MECup\backend\inference\openvino_model\model.xml
2026-02-11 16:50:17,014 [INFO] [Inference] Using OpenVINO backend on GPU
2026-02-11 16:50:17,199 [INFO] [Inference] Model ready (openvino)
2026-02-11 16:50:20,013 [WARNING] [Inference] TensorRT or cuda-python not installed: No module named 'tensorrt'
2026-02-11 16:50:20,124 [ERROR] Polling thread error: PLC disconnected: timed out
2026-02-11 16:50:20,549 [INFO] [Inference] Using GPU
2026-02-11 16:50:20,550 [INFO] [Inference] Loading OpenVINO model from C:\MyStuff\VS\MECup\backend\inference\openvino_model\model.xml
2026-02-11 16:50:21,974 [INFO] [Inference] Using OpenVINO backend on GPU
2026-02-11 16:50:22,155 [INFO] [Inference] Model ready (openvino)
2026-02-11 16:50:23,203 [ERROR] Polling thread error: PLC disconnected: timed out
2026-02-11 16:50:26,280 [ERROR] Polling thread error: PLC disconnected: timed out
2026-02-11 16:50:29,358 [ERROR] Polling thread error: PLC disconnected: timed out
2026-02-11 16:50:32,438 [ERROR] Polling thread error: PLC disconnected: timed out
2026-02-11 16:50:35,516 [ERROR] Polling thread error: PLC disconnected: timed out
2026-02-11 16:50:38,596 [ERROR] Polling thread error: PLC disconnected: timed out
2026-02-11 16:50:41,676 [ERROR] Polling thread error: PLC disconnected: timed out
2026-02-11 16:50:44,754 [ERROR] Polling thread error: PLC disconnected: timed out
2026-02-11 16:50:47,834 [ERROR] Polling thread error: PLC disconnected: timed out
2026-02-11 16:50:50,915 [ERROR] Polling thread error: PLC disconnected: timed out
2026-02-11 16:50:53,996 [ERROR] Polling thread error: PLC disconnected: timed out
2026-02-11 16:50:57,077 [ERROR] Polling thread error: PLC disconnected: timed out
2026-02-11 16:51:00,156 [ERROR] Polling thread error: PLC disconnected: timed out
2026-02-11 16:51:03,234 [ERROR] Polling thread error: PLC disconnected: timed out
2026-02-11 16:51:06,314 [ERROR] Polling thread error: PLC disconnected: timed out
2026-02-11 16:51:09,394 [ERROR] Polling thread error: PLC disconnected: timed out
2026-02-11 16:51:12,475 [ERROR] Polling thread error: PLC disconnected: timed out
2026-02-11 16:51:15,554 [ERROR] Polling thread error: PLC disconnected: timed out
2026-02-11 16:51:18,631 [ERROR] Polling thread error: PLC disconnected: timed out
2026-02-11 16:51:21,711 [ERROR] Polling thread error: PLC disconnected: timed out
2026-02-11 16:51:24,791 [ERROR] Polling thread error: PLC disconnected: timed out
2026-02-11 16:51:27,874 [ERROR] Polling thread error: PLC disconnected: timed out
2026-02-11 16:51:30,953 [ERROR] Polling thread error: PLC disconnected: timed out
2026-02-11 16:51:34,033 [ERROR] Polling thread error: PLC disconnected: timed out
2026-02-11 16:51:37,112 [ERROR] Polling thread error: PLC disconnected: timed out
2026-02-11 16:51:40,192 [ERROR] Polling thread error: PLC disconnected: timed out
2026-02-11 16:51:43,275 [ERROR] Polling thread error: PLC disconnected: timed out
2026-02-11 16:51:46,355 [ERROR] Polling thread error: PLC disconnected: timed out
2026-02-11 16:51:49,436 [ERROR] Polling thread error: PLC disconnected: timed out
2026-02-11 16:51:52,515 [ERROR] Polling thread error: PLC disconnected: timed out
2026-02-11 16:51:55,595 [ERROR] Polling thread error: PLC disconnected: timed out
2026-02-11 16:51:58,674 [ERROR] Polling thread error: PLC disconnected: timed out
2026-02-11 16:52:01,756 [ERROR] Polling thread error: PLC disconnected: timed out
2026-02-11 16:52:04,834 [ERROR] Polling thread error: PLC disconnected: timed out
2026-02-11 16:52:07,916 [ERROR] Polling thread error: PLC disconnected: timed out
2026-02-11 16:52:10,996 [ERROR] Polling thread error: PLC disconnected: timed out
2026-02-11 16:52:14,075 [ERROR] Polling thread error: PLC disconnected: timed out
2026-02-11 16:52:17,156 [ERROR] Polling thread error: PLC disconnected: timed out
2026-02-11 16:52:20,234 [ERROR] Polling thread error: PLC disconnected: timed out
2026-02-11 16:52:23,318 [ERROR] Polling thread error: PLC disconnected: timed out
2026-02-11 16:52:26,399 [ERROR] Polling thread error: PLC disconnected: timed out
2026-02-11 16:52:29,479 [ERROR] Polling thread error: PLC disconnected: timed out
2026-02-11 16:52:32,557 [ERROR] Polling thread error: PLC disconnected: timed out
2026-02-11 16:52:35,635 [ERROR] Polling thread error: PLC disconnected: timed out
2026-02-11 16:52:38,714 [ERROR] Polling thread error: PLC disconnected: timed out
2026-02-11 16:52:41,797 [ERROR] Polling thread error: PLC disconnected: timed out
2026-02-11 16:52:44,880 [ERROR] Polling thread error: PLC disconnected: timed out
2026-02-11 16:52:47,962 [ERROR] Polling thread error: PLC disconnected: timed out
2026-02-11 16:52:51,043 [ERROR] Polling thread error: PLC disconnected: timed out
2026-02-11 16:52:54,124 [ERROR] Polling thread error: PLC disconnected: timed out
2026-02-11 16:52:57,202 [ERROR] Polling thread error: PLC disconnected: timed out
2026-02-11 16:53:00,282 [ERROR] Polling thread error: PLC disconnected: timed out
2026-02-11 16:53:03,366 [ERROR] Polling thread error: PLC disconnected: timed out
2026-02-11 16:53:06,446 [ERROR] Polling thread error: PLC disconnected: timed out
2026-02-11 16:53:09,524 [ERROR] Polling thread error: PLC disconnected: timed out
2026-02-11 16:53:12,604 [ERROR] Polling thread error: PLC disconnected: timed out
2026-02-11 16:53:15,684 [ERROR] Polling thread error: PLC disconnected: timed out
2026-02-11 16:53:18,764 [ERROR] Polling thread error: PLC disconnected: timed out
2026-02-11 16:53:21,846 [ERROR] Polling thread error: PLC disconnected: timed out
2026-02-11 16:53:24,925 [ERROR] Polling thread error: PLC disconnected: timed out
2026-02-11 16:53:28,006 [ERROR] Polling thread error: PLC disconnected: timed out
2026-02-11 16:53:31,086 [ERROR] Polling thread error: PLC disconnected: timed out
2026-02-11 16:53:34,165 [ERROR] Polling thread error: PLC disconnected: timed out
2026-02-11 16:53:37,244 [ERROR] Polling thread error: PLC disconnected: timed out
2026-02-11 16:53:40,321 [ERROR] Polling thread error: PLC disconnected: timed out
2026-02-11 16:53:43,399 [ERROR] Polling thread error: PLC disconnected: timed out
2026-02-11 16:53:46,480 [ERROR] Polling thread error: PLC disconnected: timed out
2026-02-11 16:53:49,558 [ERROR] Polling thread error: PLC disconnected: timed out
2026-02-11 16:53:52,638 [ERROR] Polling thread error: PLC disconnected: timed out
2026-02-11 16:53:55,718 [ERROR] Polling thread error: PLC disconnected: timed out
2026-02-11 16:53:58,799 [ERROR] Polling thread error: PLC disconnected: timed out
2026-02-11 16:54:01,879 [ERROR] Polling thread error: PLC disconnected: timed out
2026-02-11 16:54:04,959 [ERROR] Polling thread error: PLC disconnected: timed out
2026-02-11 16:54:08,040 [ERROR] Polling thread error: PLC disconnected: timed out
2026-02-11 16:54:11,118 [ERROR] Polling thread error: PLC disconnected: timed out
2026-02-11 16:54:14,199 [ERROR] Polling thread error: PLC disconnected: timed out
2026-02-11 16:54:17,278 [ERROR] Polling thread error: PLC disconnected: timed out
2026-02-11 16:54:20,358 [ERROR] Polling thread error: PLC disconnected: timed out
2026-02-11 16:54:23,440 [ERROR] Polling thread error: PLC disconnected: timed out
2026-02-11 16:54:26,519 [ERROR] Polling thread error: PLC disconnected: timed out
2026-02-11 16:54:29,597 [ERROR] Polling thread error: PLC disconnected: timed out
2026-02-11 16:54:32,679 [ERROR] Polling thread error: PLC disconnected: timed out
2026-02-11 16:54:35,757 [ERROR] Polling thread error: PLC disconnected: timed out
2026-02-11 16:54:38,837 [ERROR] Polling thread error: PLC disconnected: timed out
2026-02-11 16:54:41,918 [ERROR] Polling thread error: PLC disconnected: timed out
2026-02-11 16:54:44,997 [ERROR] Polling thread error: PLC disconnected: timed out
2026-02-11 16:54:48,078 [ERROR] Polling thread error: PLC disconnected: timed out
2026-02-11 16:54:51,158 [ERROR] Polling thread error: PLC disconnected: timed out
2026-02-11 16:54:54,237 [ERROR] Polling thread error: PLC disconnected: timed out
2026-02-11 16:54:57,317 [ERROR] Polling thread error: PLC disconnected: timed out
2026-02-11 16:55:00,396 [ERROR] Polling thread error: PLC disconnected: timed out
2026-02-11 16:55:03,474 [ERROR] Polling thread error: PLC disconnected: timed out
2026-02-11 16:55:06,553 [ERROR] Polling thread error: PLC disconnected: timed out
2026-02-11 16:55:09,633 [ERROR] Polling thread error: PLC disconnected: timed out
2026-02-11 16:55:12,713 [ERROR] Polling thread error: PLC disconnected: timed out
2026-02-11 16:55:15,792 [ERROR] Polling thread error: PLC disconnected: timed out
2026-02-11 16:55:18,872 [ERROR] Polling thread error: PLC disconnected: timed out
2026-02-11 16:55:21,952 [ERROR] Polling thread error: PLC disconnected: timed out
2026-02-11 16:55:25,030 [ERROR] Polling thread error: PLC disconnected: timed out
2026-02-11 16:55:28,108 [ERROR] Polling thread error: PLC disconnected: timed out
2026-02-11 16:55:31,186 [ERROR] Polling thread error: PLC disconnected: timed out
2026-02-11 16:55:34,264 [ERROR] Polling thread error: PLC disconnected: timed out
2026-02-11 16:55:37,343 [ERROR] Polling thread error: PLC disconnected: timed out
2026-02-11 16:55:40,420 [ERROR] Polling thread error: PLC disconnected: timed out
2026-02-11 16:55:43,499 [ERROR] Polling thread error: PLC disconnected: timed out
2026-02-11 16:55:46,579 [ERROR] Polling thread error: PLC disconnected: timed out
2026-02-11 16:55:49,661 [ERROR] Polling thread error: PLC disconnected: timed out
2026-02-11 16:55:52,742 [ERROR] Polling thread error: PLC disconnected: timed out
2026-02-11 16:55:55,822 [ERROR] Polling thread error: PLC disconnected: timed out
2026-02-11 16:55:58,900 [ERROR] Polling thread error: PLC disconnected: timed out
2026-02-11 16:56:01,979 [ERROR] Polling thread error: PLC disconnected: timed out
2026-02-11 16:56:05,058 [ERROR] Polling thread error: PLC disconnected: timed out
2026-02-11 16:56:08,138 [ERROR] Polling thread error: PLC disconnected: timed out
2026-02-11 16:56:11,216 [ERROR] Polling thread error: PLC disconnected: timed out
2026-02-11 16:56:14,296 [ERROR] Polling thread error: PLC disconnected: timed out
2026-02-11 16:56:17,379 [ERROR] Polling thread error: PLC disconnected: timed out
2026-02-11 16:56:20,459 [ERROR] Polling thread error: PLC disconnected: timed out
2026-02-11 16:56:23,553 [ERROR] Polling thread error: PLC disconnected: timed out
2026-02-11 16:56:26,647 [ERROR] Polling thread error: PLC disconnected: timed out
2026-02-11 16:56:29,739 [ERROR] Polling thread error: PLC disconnected: timed out
2026-02-11 16:56:32,820 [ERROR] Polling thread error: PLC disconnected: timed out
2026-02-11 16:56:35,898 [ERROR] Polling thread error: PLC disconnected: timed out
2026-02-11 16:56:38,978 [ERROR] Polling thread error: PLC disconnected: timed out
2026-02-11 16:56:42,056 [ERROR] Polling thread error: PLC disconnected: timed out
2026-02-11 16:56:45,138 [ERROR] Polling thread error: PLC disconnected: timed out
2026-02-11 16:56:48,216 [ERROR] Polling thread error: PLC disconnected: timed out
2026-02-11 16:56:51,295 [ERROR] Polling thread error: PLC disconnected: timed out
2026-02-11 16:56:54,377 [ERROR] Polling thread error: PLC disconnected: timed out
2026-02-11 16:56:57,457 [ERROR] Polling thread error: PLC disconnected: timed out
2026-02-11 16:57:00,537 [ERROR] Polling thread error: PLC disconnected: timed out
2026-02-11 16:57:03,617 [ERROR] Polling thread error: PLC disconnected: timed out
2026-02-11 16:57:06,698 [ERROR] Polling thread error: PLC disconnected: timed out
2026-02-11 16:57:09,777 [ERROR] Polling thread error: PLC disconnected: timed out
2026-02-11 16:57:12,857 [ERROR] Polling thread error: PLC disconnected: timed out
2026-02-11 16:57:15,937 [ERROR] Polling thread error: PLC disconnected: timed out
2026-02-11 16:57:19,017 [ERROR] Polling thread error: PLC disconnected: timed out
2026-02-11 16:57:22,096 [ERROR] Polling thread error: PLC disconnected: timed out
2026-02-11 16:57:25,178 [ERROR] Polling thread error: PLC disconnected: timed out
2026-02-11 16:57:28,258 [ERROR] Polling thread error: PLC disconnected: timed out
2026-02-11 16:57:31,336 [ERROR] Polling thread error: PLC disconnected: timed out
2026-02-11 16:57:34,416 [ERROR] Polling thread error: PLC disconnected: timed out
2026-02-11 16:57:37,498 [ERROR] Polling thread error: PLC disconnected: timed out
2026-02-11 16:57:40,575 [ERROR] Polling thread error: PLC disconnected: timed out
2026-02-11 16:57:43,653 [ERROR] Polling thread error: PLC disconnected: timed out
2026-02-11 16:57:46,731 [ERROR] Polling thread error: PLC disconnected: timed out
2026-02-11 16:57:49,809 [ERROR] Polling thread error: PLC disconnected: timed out
2026-02-11 16:57:52,887 [ERROR] Polling thread error: PLC disconnected: timed out
2026-02-11 16:57:55,965 [ERROR] Polling thread error: PLC disconnected: timed out
2026-02-11 16:57:59,044 [ERROR] Polling thread error: PLC disconnected: timed out
2026-02-11 16:58:02,128 [ERROR] Polling thread error: PLC disconnected: timed out
2026-02-11 16:58:05,206 [ERROR] Polling thread error: PLC disconnected: timed out
2026-02-11 16:58:08,285 [ERROR] Polling thread error: PLC disconnected: timed out
2026-02-11 16:58:11,367 [ERROR] Polling thread error: PLC disconnected: timed out
2026-02-11 16:58:14,446 [ERROR] Polling thread error: PLC disconnected: timed out
2026-02-11 16:58:17,528 [ERROR] Polling thread error: PLC disconnected: timed out
2026-02-11 16:58:20,606 [ERROR] Polling thread error: PLC disconnected: timed out
2026-02-11 16:58:23,686 [ERROR] Polling thread error: PLC disconnected: timed out
2026-02-11 16:58:26,764 [ERROR] Polling thread error: PLC disconnected: timed out
2026-02-11 16:58:29,843 [ERROR] Polling thread error: PLC disconnected: timed out
2026-02-11 16:58:32,922 [ERROR] Polling thread error: PLC disconnected: timed out
2026-02-11 16:58:36,002 [ERROR] Polling thread error: PLC disconnected: timed out
2026-02-11 16:58:39,082 [ERROR] Polling thread error: PLC disconnected: timed out
2026-02-11 16:58:42,163 [ERROR] Polling thread error: PLC disconnected: timed out
2026-02-11 16:58:45,241 [ERROR] Polling thread error: PLC disconnected: timed out
2026-02-11 16:58:48,319 [ERROR] Polling thread error: PLC disconnected: timed out
2026-02-11 16:58:51,399 [ERROR] Polling thread error: PLC disconnected: timed out
2026-02-11 16:58:54,481 [ERROR] Polling thread error: PLC disconnected: timed out
2026-02-11 16:58:57,562 [ERROR] Polling thread error: PLC disconnected: timed out
2026-02-11 16:59:00,641 [ERROR] Polling thread error: PLC disconnected: timed out
2026-02-11 16:59:03,722 [ERROR] Polling thread error: PLC disconnected: timed out
2026-02-11 16:59:06,801 [ERROR] Polling thread error: PLC disconnected: timed out
2026-02-11 16:59:09,879 [ERROR] Polling thread error: PLC disconnected: timed out
2026-02-11 16:59:12,958 [ERROR] Polling thread error: PLC disconnected: timed out
2026-02-11 16:59:16,038 [ERROR] Polling thread error: PLC disconnected: timed out
2026-02-11 16:59:19,118 [ERROR] Polling thread error: PLC disconnected: timed out
2026-02-11 16:59:22,196 [ERROR] Polling thread error: PLC disconnected: timed out
2026-02-11 16:59:25,281 [ERROR] Polling thread error: PLC disconnected: timed out
2026-02-11 16:59:28,361 [ERROR] Polling thread error: PLC disconnected: timed out
2026-02-11 16:59:31,441 [ERROR] Polling thread error: PLC disconnected: timed out
2026-02-11 16:59:34,521 [ERROR] Polling thread error: PLC disconnected: timed out
2026-02-11 16:59:37,599 [ERROR] Polling thread error: PLC disconnected: timed out
2026-02-11 16:59:40,679 [ERROR] Polling thread error: PLC disconnected: timed out
2026-02-11 16:59:43,757 [ERROR] Polling thread error: PLC disconnected: timed out
2026-02-11 16:59:46,837 [ERROR] Polling thread error: PLC disconnected: timed out
2026-02-11 16:59:49,917 [ERROR] Polling thread error: PLC disconnected: timed out
2026-02-11 16:59:52,996 [ERROR] Polling thread error: PLC disconnected: timed out
2026-02-11 16:59:56,077 [ERROR] Polling thread error: PLC disconnected: timed out
2026-02-11 16:59:59,156 [ERROR] Polling thread error: PLC disconnected: timed out
2026-02-11 17:00:02,235 [ERROR] Polling thread error: PLC disconnected: timed out
2026-02-11 17:00:05,315 [ERROR] Polling thread error: PLC disconnected: timed out
2026-02-11 17:00:08,394 [ERROR] Polling thread error: PLC disconnected: timed out
2026-02-11 17:00:11,473 [ERROR] Polling thread error: PLC disconnected: timed out
2026-02-11 17:00:14,552 [ERROR] Polling thread error: PLC disconnected: timed out
2026-02-11 17:00:17,631 [ERROR] Polling thread error: PLC disconnected: timed out
2026-02-11 17:00:20,714 [ERROR] Polling thread error: PLC disconnected: timed out
<<<<<<< HEAD
2026-02-11 17:13:04,426 [WARNING] [Inference] TensorRT or cuda-python not installed: No module named 'tensorrt'
2026-02-11 17:13:04,996 [INFO] [Inference] Using GPU
2026-02-11 17:13:04,996 [INFO] [Inference] Loading OpenVINO model from C:\Users\Priyanshu\OneDrive\Desktop\MECup\backend\inference\openvino_model\model.xml
2026-02-11 17:13:07,844 [INFO] [Inference] Using CPU backend (ONNX Runtime)
2026-02-11 17:13:11,271 [INFO] [Inference] Model ready (cpu_onnx)
2026-02-11 17:13:11,272 [ERROR] Error in inference process: [Errno 2] No such file or directory: 'C:\\MyStuff\\VS\\MECup\\backend\\inference\\stitched_result2.jpg'
2026-02-11 17:28:52,107 [WARNING] [Inference] TensorRT or cuda-python not installed: No module named 'tensorrt'
2026-02-11 17:28:52,493 [INFO] [Inference] Using GPU
2026-02-11 17:28:52,494 [INFO] [Inference] Loading OpenVINO model from C:\Users\Priyanshu\OneDrive\Desktop\MECup\backend\inference\openvino_model\model.xml
2026-02-11 17:28:55,322 [INFO] [Inference] Using CPU backend (ONNX Runtime)
2026-02-11 17:29:00,368 [INFO] [Inference] Model ready (cpu_onnx)
2026-02-11 17:29:00,369 [ERROR] Error in inference process: [Errno 2] No such file or directory: 'C:\\MyStuff\\VS\\MECup\\backend\\inference\\stitched_result2.jpg'
2026-02-11 17:39:53,663 [WARNING] [Inference] TensorRT or cuda-python not installed: No module named 'tensorrt'
2026-02-11 17:39:53,885 [INFO] [Inference] Using GPU
2026-02-11 17:39:53,886 [INFO] [Inference] Loading OpenVINO model from C:\Users\Priyanshu\OneDrive\Desktop\MECup\backend\inference\openvino_model\model.xml
2026-02-11 17:39:55,393 [INFO] [Inference] Using CPU backend (ONNX Runtime)
2026-02-11 17:39:58,408 [INFO] [Inference] Model ready (cpu_onnx)
2026-02-11 17:39:58,409 [ERROR] Error in inference process: [Errno 2] No such file or directory: 'C:\\MyStuff\\VS\\MECup\\backend\\inference\\stitched_result2.jpg'
2026-02-11 18:51:30,089 [WARNING] [Inference] TensorRT or cuda-python not installed: No module named 'tensorrt'
2026-02-11 18:51:30,514 [INFO] [Inference] Using GPU
2026-02-11 18:51:30,514 [INFO] [Inference] Loading OpenVINO model from C:\Users\Priyanshu\OneDrive\Desktop\MECup\backend\inference\openvino_model\model.xml
2026-02-11 18:51:33,308 [INFO] [Inference] Using CPU backend (ONNX Runtime)
2026-02-11 18:51:36,493 [INFO] [Inference] Model ready (cpu_onnx)
2026-02-11 18:51:36,493 [ERROR] Error in inference process: [Errno 2] No such file or directory: 'C:\\MyStuff\\VS\\MECup\\backend\\inference\\stitched_result2.jpg'
2026-02-11 18:52:15,921 [WARNING] [Inference] TensorRT or cuda-python not installed: No module named 'tensorrt'
2026-02-11 18:52:16,186 [INFO] [Inference] Using GPU
2026-02-11 18:52:16,186 [INFO] [Inference] Loading OpenVINO model from C:\Users\Priyanshu\OneDrive\Desktop\MECup\backend\inference\openvino_model\model.xml
2026-02-11 18:52:17,893 [INFO] [Inference] Using CPU backend (ONNX Runtime)
2026-02-11 18:52:21,260 [INFO] [Inference] Model ready (cpu_onnx)
2026-02-11 18:52:21,261 [ERROR] Error in inference process: [Errno 2] No such file or directory: 'C:\\MyStuff\\VS\\MECup\\backend\\inference\\stitched_result2.jpg'
2026-02-11 18:52:51,211 [WARNING] [Inference] TensorRT or cuda-python not installed: No module named 'tensorrt'
2026-02-11 18:52:51,444 [INFO] [Inference] Using GPU
2026-02-11 18:52:51,444 [INFO] [Inference] Loading OpenVINO model from C:\Users\Priyanshu\OneDrive\Desktop\MECup\backend\inference\openvino_model\model.xml
2026-02-11 18:52:52,157 [ERROR] Polling thread error: PLC disconnected: timed out
2026-02-11 18:52:53,247 [INFO] [Inference] Using CPU backend (ONNX Runtime)
2026-02-11 18:52:55,236 [ERROR] Polling thread error: PLC disconnected: timed out
2026-02-11 18:52:56,610 [INFO] [Inference] Model ready (cpu_onnx)
2026-02-11 18:52:56,611 [ERROR] Error in inference process: [Errno 2] No such file or directory: 'C:\\MyStuff\\VS\\MECup\\backend\\inference\\stitched_result2.jpg'
2026-02-11 18:52:58,323 [ERROR] Polling thread error: PLC disconnected: timed out
2026-02-11 18:53:01,407 [ERROR] Polling thread error: PLC disconnected: timed out
2026-02-11 18:53:04,491 [ERROR] Polling thread error: PLC disconnected: timed out
2026-02-11 18:53:07,574 [ERROR] Polling thread error: PLC disconnected: timed out
2026-02-11 18:53:10,656 [ERROR] Polling thread error: PLC disconnected: timed out
2026-02-11 18:53:13,740 [ERROR] Polling thread error: PLC disconnected: timed out
2026-02-11 18:53:16,822 [ERROR] Polling thread error: PLC disconnected: timed out
2026-02-11 18:53:19,913 [ERROR] Polling thread error: PLC disconnected: timed out
2026-02-11 18:53:23,000 [ERROR] Polling thread error: PLC disconnected: timed out
2026-02-11 18:53:26,084 [ERROR] Polling thread error: PLC disconnected: timed out
2026-02-11 18:53:29,168 [ERROR] Polling thread error: PLC disconnected: timed out
2026-02-11 18:53:32,252 [ERROR] Polling thread error: PLC disconnected: timed out
2026-02-11 18:53:35,333 [ERROR] Polling thread error: PLC disconnected: timed out
2026-02-11 18:53:38,418 [ERROR] Polling thread error: PLC disconnected: timed out
2026-02-11 18:53:41,501 [ERROR] Polling thread error: PLC disconnected: timed out
2026-02-11 18:53:44,584 [ERROR] Polling thread error: PLC disconnected: timed out
2026-02-11 18:53:47,667 [ERROR] Polling thread error: PLC disconnected: timed out
2026-02-11 18:53:50,749 [ERROR] Polling thread error: PLC disconnected: timed out
2026-02-11 18:53:53,827 [ERROR] Polling thread error: PLC disconnected: timed out
2026-02-11 18:53:56,906 [ERROR] Polling thread error: PLC disconnected: timed out
2026-02-11 18:53:59,988 [ERROR] Polling thread error: PLC disconnected: timed out
2026-02-11 18:54:03,072 [ERROR] Polling thread error: PLC disconnected: timed out
2026-02-11 18:54:06,155 [ERROR] Polling thread error: PLC disconnected: timed out
2026-02-11 18:54:09,238 [ERROR] Polling thread error: PLC disconnected: timed out
2026-02-11 18:54:12,322 [ERROR] Polling thread error: PLC disconnected: timed out
2026-02-11 18:54:15,406 [ERROR] Polling thread error: PLC disconnected: timed out
2026-02-11 18:54:18,489 [ERROR] Polling thread error: PLC disconnected: timed out
2026-02-11 18:54:21,569 [ERROR] Polling thread error: PLC disconnected: timed out
2026-02-11 18:54:24,655 [ERROR] Polling thread error: PLC disconnected: timed out
2026-02-11 18:54:27,738 [ERROR] Polling thread error: PLC disconnected: timed out
2026-02-11 18:54:30,829 [ERROR] Polling thread error: PLC disconnected: timed out
2026-02-11 18:54:33,906 [ERROR] Polling thread error: PLC disconnected: timed out
2026-02-11 18:54:36,988 [ERROR] Polling thread error: PLC disconnected: timed out
2026-02-11 18:54:40,076 [ERROR] Polling thread error: PLC disconnected: timed out
2026-02-11 18:54:43,154 [ERROR] Polling thread error: PLC disconnected: timed out
2026-02-11 18:54:46,238 [ERROR] Polling thread error: PLC disconnected: timed out
2026-02-11 18:54:49,322 [ERROR] Polling thread error: PLC disconnected: timed out
2026-02-11 19:02:14,366 [WARNING] [Inference] TensorRT or cuda-python not installed: No module named 'tensorrt'
2026-02-11 19:02:15,989 [INFO] [Inference] Using GPU
2026-02-11 19:02:15,989 [INFO] [Inference] Loading OpenVINO model from C:\Users\Priyanshu\OneDrive\Desktop\MECup\backend\inference\openvino_model\model.xml
2026-02-11 19:02:25,851 [INFO] [Inference] Using OpenVINO backend on GPU
2026-02-11 19:02:31,742 [INFO] [Inference] Model ready (openvino)
2026-02-11 19:02:31,742 [ERROR] Error in inference process: [Errno 2] No such file or directory: 'C:\\MyStuff\\VS\\MECup\\backend\\inference\\stitched_result2.jpg'
2026-02-11 19:04:17,184 [WARNING] [Inference] TensorRT or cuda-python not installed: No module named 'tensorrt'
2026-02-11 19:04:17,667 [INFO] [Inference] Using GPU
2026-02-11 19:04:17,667 [INFO] [Inference] Loading OpenVINO model from C:\Users\Priyanshu\OneDrive\Desktop\MECup\backend\inference\openvino_model\model.xml
2026-02-11 19:04:18,484 [INFO] [Inference] Using OpenVINO backend on GPU
2026-02-11 19:04:24,431 [INFO] [Inference] Model ready (openvino)
2026-02-11 19:04:24,433 [ERROR] Error in inference process: [Errno 2] No such file or directory: 'C:\\MyStuff\\VS\\MECup\\backend\\inference\\stitched_result2.jpg'
2026-02-11 19:11:41,686 [ERROR] Homing Error: PLC disconnected: PLC IP/Port not configured
2026-02-11 19:11:54,500 [ERROR] Homing Error: PLC disconnected: PLC IP/Port not configured
=======
2026-02-11 17:22:54,492 [WARNING] [Inference] TensorRT or cuda-python not installed: No module named 'tensorrt'
2026-02-11 17:22:55,108 [INFO] [Inference] Using GPU
2026-02-11 17:22:55,109 [INFO] [Inference] Loading OpenVINO model from C:\MyStuff\VS\MECup\backend\inference\openvino_model\model.xml
2026-02-11 17:22:56,852 [INFO] [Inference] Using OpenVINO backend on GPU
2026-02-11 17:22:57,059 [INFO] [Inference] Model ready (openvino)
2026-02-11 17:22:57,060 [ERROR] Error in inference process: [Errno 2] No such file or directory: 'C:\\MyStuff\\VS\\MECup\\backend\\inference\\stitched_result2.jpg'
2026-02-11 17:23:07,679 [WARNING] [Inference] TensorRT or cuda-python not installed: No module named 'tensorrt'
2026-02-11 17:23:08,318 [INFO] [Inference] Using GPU
2026-02-11 17:23:08,318 [INFO] [Inference] Loading OpenVINO model from C:\MyStuff\VS\MECup\backend\inference\openvino_model\model.xml
2026-02-11 17:23:09,921 [INFO] [Inference] Using OpenVINO backend on GPU
2026-02-11 17:23:10,143 [INFO] [Inference] Model ready (openvino)
2026-02-11 17:23:10,143 [ERROR] Error in inference process: [Errno 2] No such file or directory: 'C:\\MyStuff\\VS\\MECup\\backend\\inference\\stitched_result2.jpg'
2026-02-11 17:29:59,586 [WARNING] [Inference] TensorRT or cuda-python not installed: No module named 'tensorrt'
2026-02-11 17:29:59,846 [INFO] [Inference] Using GPU
2026-02-11 17:29:59,846 [INFO] [Inference] Loading OpenVINO model from C:\MyStuff\VS\MECup\backend\inference\openvino_model\model.xml
2026-02-11 17:30:00,422 [INFO] [Inference] Using OpenVINO backend on GPU
2026-02-11 17:30:00,615 [INFO] [Inference] Model ready (openvino)
2026-02-11 17:30:00,615 [ERROR] Error in inference process: [Errno 2] No such file or directory: 'C:\\MyStuff\\VS\\MECup\\backend\\inference\\stitched_result2.jpg'
2026-02-11 17:30:04,120 [WARNING] [Inference] TensorRT or cuda-python not installed: No module named 'tensorrt'
2026-02-11 17:30:04,357 [INFO] [Inference] Using GPU
2026-02-11 17:30:04,357 [INFO] [Inference] Loading OpenVINO model from C:\MyStuff\VS\MECup\backend\inference\openvino_model\model.xml
2026-02-11 17:30:04,935 [INFO] [Inference] Using OpenVINO backend on GPU
2026-02-11 17:30:05,143 [INFO] [Inference] Model ready (openvino)
2026-02-11 17:30:05,143 [ERROR] Error in inference process: [Errno 2] No such file or directory: 'C:\\MyStuff\\VS\\MECup\\backend\\inference\\stitched_result2.jpg'
2026-02-11 17:39:16,181 [WARNING] [Inference] TensorRT or cuda-python not installed: No module named 'tensorrt'
2026-02-11 17:39:16,443 [INFO] [Inference] Using GPU
2026-02-11 17:39:16,443 [INFO] [Inference] Loading OpenVINO model from C:\MyStuff\VS\MECup\backend\inference\openvino_model\model.xml
2026-02-11 17:39:17,292 [INFO] [Inference] Using OpenVINO backend on GPU
2026-02-11 17:39:17,407 [ERROR] Polling thread error: PLC disconnected: timed out
2026-02-11 17:39:17,535 [INFO] [Inference] Model ready (openvino)
2026-02-11 17:39:17,537 [ERROR] Error in inference process: [Errno 2] No such file or directory: 'C:\\MyStuff\\VS\\MECup\\backend\\inference\\stitched_result2.jpg'
2026-02-11 17:39:20,484 [ERROR] Polling thread error: PLC disconnected: timed out
2026-02-11 17:39:23,562 [ERROR] Polling thread error: PLC disconnected: timed out
2026-02-11 17:39:26,638 [ERROR] Polling thread error: PLC disconnected: timed out
2026-02-11 17:39:29,714 [ERROR] Polling thread error: PLC disconnected: timed out
2026-02-11 18:41:48,676 [ERROR] Polling thread error: PLC disconnected: timed out
2026-02-11 18:41:49,753 [ERROR] Polling thread error: PLC disconnected: [WinError 10051] A socket operation was attempted to an unreachable network
2026-02-11 18:49:02,875 [ERROR] Polling thread error: PLC disconnected: timed out
2026-02-11 18:49:05,952 [ERROR] Polling thread error: PLC disconnected: timed out
2026-02-11 18:49:09,030 [ERROR] Polling thread error: PLC disconnected: timed out
2026-02-11 18:49:12,108 [ERROR] Polling thread error: PLC disconnected: timed out
2026-02-11 18:49:15,185 [ERROR] Polling thread error: PLC disconnected: timed out
2026-02-11 18:49:18,261 [ERROR] Polling thread error: PLC disconnected: timed out
2026-02-11 18:49:21,338 [ERROR] Polling thread error: PLC disconnected: timed out
2026-02-11 18:49:24,415 [ERROR] Polling thread error: PLC disconnected: timed out
2026-02-11 18:49:27,492 [ERROR] Polling thread error: PLC disconnected: timed out
2026-02-11 18:49:30,569 [ERROR] Polling thread error: PLC disconnected: timed out
2026-02-11 18:49:33,646 [ERROR] Polling thread error: PLC disconnected: timed out
2026-02-11 18:49:36,723 [ERROR] Polling thread error: PLC disconnected: timed out
2026-02-11 18:49:39,801 [ERROR] Polling thread error: PLC disconnected: timed out
2026-02-11 18:49:42,878 [ERROR] Polling thread error: PLC disconnected: timed out
2026-02-11 18:49:45,954 [ERROR] Polling thread error: PLC disconnected: timed out
2026-02-11 18:49:49,031 [ERROR] Polling thread error: PLC disconnected: timed out
2026-02-11 18:49:52,107 [ERROR] Polling thread error: PLC disconnected: timed out
2026-02-11 18:49:55,183 [ERROR] Polling thread error: PLC disconnected: timed out
2026-02-11 18:49:58,259 [ERROR] Polling thread error: PLC disconnected: timed out
2026-02-11 18:50:02,354 [ERROR] Polling thread error: PLC disconnected: timed out
2026-02-11 18:50:05,431 [ERROR] Polling thread error: PLC disconnected: timed out
2026-02-11 18:50:08,507 [ERROR] Polling thread error: PLC disconnected: timed out
2026-02-11 18:50:11,584 [ERROR] Polling thread error: PLC disconnected: timed out
2026-02-11 18:50:14,661 [ERROR] Polling thread error: PLC disconnected: timed out
2026-02-11 18:50:17,738 [ERROR] Polling thread error: PLC disconnected: timed out
2026-02-11 18:50:20,816 [ERROR] Polling thread error: PLC disconnected: timed out
2026-02-11 18:50:23,894 [ERROR] Polling thread error: PLC disconnected: timed out
2026-02-11 18:50:26,970 [ERROR] Polling thread error: PLC disconnected: timed out
2026-02-11 18:50:30,046 [ERROR] Polling thread error: PLC disconnected: timed out
2026-02-11 18:50:33,124 [ERROR] Polling thread error: PLC disconnected: timed out
2026-02-11 18:50:36,201 [ERROR] Polling thread error: PLC disconnected: timed out
2026-02-11 18:50:39,278 [ERROR] Polling thread error: PLC disconnected: timed out
2026-02-11 18:50:42,356 [ERROR] Polling thread error: PLC disconnected: timed out
2026-02-11 18:50:45,433 [ERROR] Polling thread error: PLC disconnected: timed out
2026-02-11 18:50:48,511 [ERROR] Polling thread error: PLC disconnected: timed out
2026-02-11 18:50:51,587 [ERROR] Polling thread error: PLC disconnected: timed out
2026-02-11 18:50:54,665 [ERROR] Polling thread error: PLC disconnected: timed out
2026-02-11 18:50:57,741 [ERROR] Polling thread error: PLC disconnected: timed out
2026-02-11 18:51:00,819 [ERROR] Polling thread error: PLC disconnected: timed out
2026-02-11 18:51:03,898 [ERROR] Polling thread error: PLC disconnected: timed out
2026-02-11 18:51:06,976 [ERROR] Polling thread error: PLC disconnected: timed out
2026-02-11 18:51:10,054 [ERROR] Polling thread error: PLC disconnected: timed out
2026-02-11 18:51:13,131 [ERROR] Polling thread error: PLC disconnected: timed out
2026-02-11 18:51:16,208 [ERROR] Polling thread error: PLC disconnected: timed out
2026-02-11 18:51:19,284 [ERROR] Polling thread error: PLC disconnected: timed out
2026-02-11 18:51:22,361 [ERROR] Polling thread error: PLC disconnected: timed out
2026-02-11 18:51:25,439 [ERROR] Polling thread error: PLC disconnected: timed out
2026-02-11 18:51:28,516 [ERROR] Polling thread error: PLC disconnected: timed out
2026-02-11 18:51:31,594 [ERROR] Polling thread error: PLC disconnected: timed out
2026-02-11 18:51:34,670 [ERROR] Polling thread error: PLC disconnected: timed out
2026-02-11 18:51:37,747 [ERROR] Polling thread error: PLC disconnected: timed out
2026-02-11 18:51:40,824 [ERROR] Polling thread error: PLC disconnected: timed out
2026-02-11 18:51:43,902 [ERROR] Polling thread error: PLC disconnected: timed out
2026-02-11 18:51:46,979 [ERROR] Polling thread error: PLC disconnected: timed out
2026-02-11 18:51:50,057 [ERROR] Polling thread error: PLC disconnected: timed out
2026-02-11 18:51:53,132 [ERROR] Polling thread error: PLC disconnected: timed out
2026-02-11 18:51:56,208 [ERROR] Polling thread error: PLC disconnected: timed out
2026-02-11 18:51:59,286 [ERROR] Polling thread error: PLC disconnected: timed out
2026-02-11 18:52:02,364 [ERROR] Polling thread error: PLC disconnected: timed out
2026-02-11 18:52:05,441 [ERROR] Polling thread error: PLC disconnected: timed out
2026-02-11 18:52:08,518 [ERROR] Polling thread error: PLC disconnected: timed out
2026-02-11 18:52:11,595 [ERROR] Polling thread error: PLC disconnected: timed out
2026-02-11 18:52:14,671 [ERROR] Polling thread error: PLC disconnected: timed out
2026-02-11 18:52:17,749 [ERROR] Polling thread error: PLC disconnected: timed out
2026-02-11 18:52:20,827 [ERROR] Polling thread error: PLC disconnected: timed out
2026-02-11 18:52:23,904 [ERROR] Polling thread error: PLC disconnected: timed out
2026-02-11 18:52:26,981 [ERROR] Polling thread error: PLC disconnected: timed out
2026-02-11 18:52:30,057 [ERROR] Polling thread error: PLC disconnected: timed out
2026-02-11 18:52:33,134 [ERROR] Polling thread error: PLC disconnected: timed out
2026-02-11 18:52:36,211 [ERROR] Polling thread error: PLC disconnected: timed out
2026-02-11 18:52:39,290 [ERROR] Polling thread error: PLC disconnected: timed out
2026-02-11 18:52:42,366 [ERROR] Polling thread error: PLC disconnected: timed out
2026-02-11 18:52:45,445 [ERROR] Polling thread error: PLC disconnected: timed out
2026-02-11 18:52:48,523 [ERROR] Polling thread error: PLC disconnected: timed out
2026-02-11 18:52:51,599 [ERROR] Polling thread error: PLC disconnected: timed out
2026-02-11 18:52:54,677 [ERROR] Polling thread error: PLC disconnected: timed out
2026-02-11 18:52:57,754 [ERROR] Polling thread error: PLC disconnected: timed out
2026-02-11 18:53:00,831 [ERROR] Polling thread error: PLC disconnected: timed out
2026-02-11 18:53:03,909 [ERROR] Polling thread error: PLC disconnected: timed out
2026-02-11 18:53:06,986 [ERROR] Polling thread error: PLC disconnected: timed out
2026-02-11 18:53:10,065 [ERROR] Polling thread error: PLC disconnected: timed out
2026-02-11 18:53:13,142 [ERROR] Polling thread error: PLC disconnected: timed out
2026-02-11 18:53:16,218 [ERROR] Polling thread error: PLC disconnected: timed out
2026-02-11 18:53:19,294 [ERROR] Polling thread error: PLC disconnected: timed out
2026-02-11 18:53:22,371 [ERROR] Polling thread error: PLC disconnected: timed out
2026-02-11 18:53:25,448 [ERROR] Polling thread error: PLC disconnected: timed out
2026-02-11 18:53:28,525 [ERROR] Polling thread error: PLC disconnected: timed out
2026-02-11 18:53:31,602 [ERROR] Polling thread error: PLC disconnected: timed out
2026-02-11 18:53:34,679 [ERROR] Polling thread error: PLC disconnected: timed out
2026-02-11 18:53:37,756 [ERROR] Polling thread error: PLC disconnected: timed out
2026-02-11 18:53:40,833 [ERROR] Polling thread error: PLC disconnected: timed out
2026-02-11 18:53:43,910 [ERROR] Polling thread error: PLC disconnected: timed out
2026-02-11 18:53:46,986 [ERROR] Polling thread error: PLC disconnected: timed out
2026-02-11 18:53:50,063 [ERROR] Polling thread error: PLC disconnected: timed out
2026-02-11 18:53:53,140 [ERROR] Polling thread error: PLC disconnected: timed out
2026-02-11 18:53:56,216 [ERROR] Polling thread error: PLC disconnected: timed out
2026-02-11 18:53:59,294 [ERROR] Polling thread error: PLC disconnected: timed out
2026-02-11 18:54:02,371 [ERROR] Polling thread error: PLC disconnected: timed out
2026-02-11 18:54:05,448 [ERROR] Polling thread error: PLC disconnected: timed out
2026-02-11 18:54:08,525 [ERROR] Polling thread error: PLC disconnected: timed out
2026-02-11 18:54:11,601 [ERROR] Polling thread error: PLC disconnected: timed out
2026-02-11 18:54:14,678 [ERROR] Polling thread error: PLC disconnected: timed out
2026-02-11 18:54:17,757 [ERROR] Polling thread error: PLC disconnected: timed out
2026-02-11 18:54:20,834 [ERROR] Polling thread error: PLC disconnected: timed out
2026-02-11 18:54:23,911 [ERROR] Polling thread error: PLC disconnected: timed out
2026-02-11 18:54:26,988 [ERROR] Polling thread error: PLC disconnected: timed out
2026-02-11 18:54:30,064 [ERROR] Polling thread error: PLC disconnected: timed out
2026-02-11 18:54:33,141 [ERROR] Polling thread error: PLC disconnected: timed out
2026-02-11 18:54:36,218 [ERROR] Polling thread error: PLC disconnected: timed out
2026-02-11 18:54:39,295 [ERROR] Polling thread error: PLC disconnected: timed out
2026-02-11 18:54:42,373 [ERROR] Polling thread error: PLC disconnected: timed out
2026-02-11 18:54:45,450 [ERROR] Polling thread error: PLC disconnected: timed out
2026-02-11 18:54:48,527 [ERROR] Polling thread error: PLC disconnected: timed out
2026-02-11 18:54:51,605 [ERROR] Polling thread error: PLC disconnected: timed out
2026-02-11 18:54:54,682 [ERROR] Polling thread error: PLC disconnected: timed out
2026-02-11 18:54:57,758 [ERROR] Polling thread error: PLC disconnected: timed out
2026-02-11 18:55:00,835 [ERROR] Polling thread error: PLC disconnected: timed out
2026-02-11 18:55:03,913 [ERROR] Polling thread error: PLC disconnected: timed out
2026-02-11 18:55:06,990 [ERROR] Polling thread error: PLC disconnected: timed out
2026-02-11 18:55:10,068 [ERROR] Polling thread error: PLC disconnected: timed out
2026-02-11 18:55:13,143 [ERROR] Polling thread error: PLC disconnected: timed out
2026-02-11 18:55:16,221 [ERROR] Polling thread error: PLC disconnected: timed out
2026-02-11 18:55:19,298 [ERROR] Polling thread error: PLC disconnected: timed out
2026-02-11 18:55:22,375 [ERROR] Polling thread error: PLC disconnected: timed out
2026-02-11 18:55:25,452 [ERROR] Polling thread error: PLC disconnected: timed out
2026-02-11 18:55:28,529 [ERROR] Polling thread error: PLC disconnected: timed out
2026-02-11 18:55:31,605 [ERROR] Polling thread error: PLC disconnected: timed out
2026-02-11 18:55:34,683 [ERROR] Polling thread error: PLC disconnected: timed out
2026-02-11 18:55:37,761 [ERROR] Polling thread error: PLC disconnected: timed out
2026-02-11 18:55:40,838 [ERROR] Polling thread error: PLC disconnected: timed out
2026-02-11 18:55:43,914 [ERROR] Polling thread error: PLC disconnected: timed out
2026-02-11 18:55:46,991 [ERROR] Polling thread error: PLC disconnected: timed out
2026-02-11 18:55:50,068 [ERROR] Polling thread error: PLC disconnected: timed out
2026-02-11 18:55:53,146 [ERROR] Polling thread error: PLC disconnected: timed out
2026-02-11 18:55:56,224 [ERROR] Polling thread error: PLC disconnected: timed out
2026-02-11 18:55:59,301 [ERROR] Polling thread error: PLC disconnected: timed out
2026-02-11 18:56:02,378 [ERROR] Polling thread error: PLC disconnected: timed out
2026-02-11 18:56:05,455 [ERROR] Polling thread error: PLC disconnected: timed out
2026-02-11 18:56:08,532 [ERROR] Polling thread error: PLC disconnected: timed out
2026-02-11 18:56:11,609 [ERROR] Polling thread error: PLC disconnected: timed out
2026-02-11 18:56:14,686 [ERROR] Polling thread error: PLC disconnected: timed out
2026-02-11 18:56:17,763 [ERROR] Polling thread error: PLC disconnected: timed out
2026-02-11 18:56:20,839 [ERROR] Polling thread error: PLC disconnected: timed out
2026-02-11 18:56:23,916 [ERROR] Polling thread error: PLC disconnected: timed out
2026-02-11 18:56:26,994 [ERROR] Polling thread error: PLC disconnected: timed out
2026-02-11 18:56:30,071 [ERROR] Polling thread error: PLC disconnected: timed out
2026-02-11 18:56:33,148 [ERROR] Polling thread error: PLC disconnected: timed out
2026-02-11 18:56:36,225 [ERROR] Polling thread error: PLC disconnected: timed out
2026-02-11 18:56:39,301 [ERROR] Polling thread error: PLC disconnected: timed out
2026-02-11 18:56:42,379 [ERROR] Polling thread error: PLC disconnected: timed out
2026-02-11 18:56:45,456 [ERROR] Polling thread error: PLC disconnected: timed out
2026-02-11 18:56:48,533 [ERROR] Polling thread error: PLC disconnected: timed out
2026-02-11 18:56:51,611 [ERROR] Polling thread error: PLC disconnected: timed out
2026-02-11 18:56:54,687 [ERROR] Polling thread error: PLC disconnected: timed out
2026-02-11 18:56:57,764 [ERROR] Polling thread error: PLC disconnected: timed out
2026-02-11 18:57:00,840 [ERROR] Polling thread error: PLC disconnected: timed out
2026-02-11 18:57:03,918 [ERROR] Polling thread error: PLC disconnected: timed out
2026-02-11 18:57:06,995 [ERROR] Polling thread error: PLC disconnected: timed out
2026-02-11 18:57:10,072 [ERROR] Polling thread error: PLC disconnected: timed out
2026-02-11 18:57:13,149 [ERROR] Polling thread error: PLC disconnected: timed out
2026-02-11 18:57:16,226 [ERROR] Polling thread error: PLC disconnected: timed out
2026-02-11 18:57:19,303 [ERROR] Polling thread error: PLC disconnected: timed out
2026-02-11 18:57:22,380 [ERROR] Polling thread error: PLC disconnected: timed out
2026-02-11 18:57:25,456 [ERROR] Polling thread error: PLC disconnected: timed out
2026-02-11 18:57:28,533 [ERROR] Polling thread error: PLC disconnected: timed out
2026-02-11 18:57:31,611 [ERROR] Polling thread error: PLC disconnected: timed out
2026-02-11 18:57:34,688 [ERROR] Polling thread error: PLC disconnected: timed out
2026-02-11 18:57:37,765 [ERROR] Polling thread error: PLC disconnected: timed out
2026-02-11 18:57:40,842 [ERROR] Polling thread error: PLC disconnected: timed out
2026-02-11 18:57:43,920 [ERROR] Polling thread error: PLC disconnected: timed out
2026-02-11 18:57:46,997 [ERROR] Polling thread error: PLC disconnected: timed out
2026-02-11 18:57:50,074 [ERROR] Polling thread error: PLC disconnected: timed out
2026-02-11 18:57:53,151 [ERROR] Polling thread error: PLC disconnected: timed out
2026-02-11 18:57:56,229 [ERROR] Polling thread error: PLC disconnected: timed out
2026-02-11 18:57:59,305 [ERROR] Polling thread error: PLC disconnected: timed out
2026-02-11 18:58:02,382 [ERROR] Polling thread error: PLC disconnected: timed out
2026-02-11 18:58:05,458 [ERROR] Polling thread error: PLC disconnected: timed out
2026-02-11 18:58:08,535 [ERROR] Polling thread error: PLC disconnected: timed out
2026-02-11 18:58:11,612 [ERROR] Polling thread error: PLC disconnected: timed out
2026-02-11 18:58:14,689 [ERROR] Polling thread error: PLC disconnected: timed out
2026-02-11 18:58:17,766 [ERROR] Polling thread error: PLC disconnected: timed out
2026-02-11 18:58:20,843 [ERROR] Polling thread error: PLC disconnected: timed out
2026-02-11 18:58:23,922 [ERROR] Polling thread error: PLC disconnected: timed out
2026-02-11 18:58:27,000 [ERROR] Polling thread error: PLC disconnected: timed out
2026-02-11 18:58:30,078 [ERROR] Polling thread error: PLC disconnected: timed out
2026-02-11 18:58:33,155 [ERROR] Polling thread error: PLC disconnected: timed out
2026-02-11 18:58:36,232 [ERROR] Polling thread error: PLC disconnected: timed out
2026-02-11 18:58:39,309 [ERROR] Polling thread error: PLC disconnected: timed out
2026-02-11 18:58:42,387 [ERROR] Polling thread error: PLC disconnected: timed out
2026-02-11 18:58:45,463 [ERROR] Polling thread error: PLC disconnected: timed out
2026-02-11 18:58:48,539 [ERROR] Polling thread error: PLC disconnected: timed out
2026-02-11 18:58:51,616 [ERROR] Polling thread error: PLC disconnected: timed out
2026-02-11 18:58:54,693 [ERROR] Polling thread error: PLC disconnected: timed out
2026-02-11 18:58:57,769 [ERROR] Polling thread error: PLC disconnected: timed out
2026-02-11 18:59:00,847 [ERROR] Polling thread error: PLC disconnected: timed out
2026-02-11 18:59:03,925 [ERROR] Polling thread error: PLC disconnected: timed out
2026-02-11 18:59:07,002 [ERROR] Polling thread error: PLC disconnected: timed out
2026-02-11 18:59:10,079 [ERROR] Polling thread error: PLC disconnected: timed out
2026-02-11 18:59:13,156 [ERROR] Polling thread error: PLC disconnected: timed out
2026-02-11 18:59:16,233 [ERROR] Polling thread error: PLC disconnected: timed out
2026-02-11 18:59:19,310 [ERROR] Polling thread error: PLC disconnected: timed out
2026-02-11 18:59:22,387 [ERROR] Polling thread error: PLC disconnected: timed out
2026-02-11 18:59:25,464 [ERROR] Polling thread error: PLC disconnected: timed out
2026-02-11 18:59:28,540 [ERROR] Polling thread error: PLC disconnected: timed out
2026-02-11 18:59:31,617 [ERROR] Polling thread error: PLC disconnected: timed out
2026-02-11 18:59:34,694 [ERROR] Polling thread error: PLC disconnected: timed out
2026-02-11 18:59:37,770 [ERROR] Polling thread error: PLC disconnected: timed out
2026-02-11 18:59:40,847 [ERROR] Polling thread error: PLC disconnected: timed out
2026-02-11 18:59:43,924 [ERROR] Polling thread error: PLC disconnected: timed out
2026-02-11 18:59:47,001 [ERROR] Polling thread error: PLC disconnected: timed out
2026-02-11 18:59:50,079 [ERROR] Polling thread error: PLC disconnected: timed out
2026-02-11 18:59:53,155 [ERROR] Polling thread error: PLC disconnected: timed out
2026-02-11 18:59:56,231 [ERROR] Polling thread error: PLC disconnected: timed out
2026-02-11 18:59:59,308 [ERROR] Polling thread error: PLC disconnected: timed out
2026-02-11 19:00:02,387 [ERROR] Polling thread error: PLC disconnected: timed out
2026-02-11 19:00:05,463 [ERROR] Polling thread error: PLC disconnected: timed out
2026-02-11 19:00:08,540 [ERROR] Polling thread error: PLC disconnected: timed out
2026-02-11 19:00:11,617 [ERROR] Polling thread error: PLC disconnected: timed out
2026-02-11 19:00:14,694 [ERROR] Polling thread error: PLC disconnected: timed out
2026-02-11 19:00:17,771 [ERROR] Polling thread error: PLC disconnected: timed out
2026-02-11 19:00:20,849 [ERROR] Polling thread error: PLC disconnected: timed out
2026-02-11 19:00:23,926 [ERROR] Polling thread error: PLC disconnected: timed out
2026-02-11 19:00:27,003 [ERROR] Polling thread error: PLC disconnected: timed out
2026-02-11 19:00:30,080 [ERROR] Polling thread error: PLC disconnected: timed out
2026-02-11 19:00:33,156 [ERROR] Polling thread error: PLC disconnected: timed out
2026-02-11 19:00:36,234 [ERROR] Polling thread error: PLC disconnected: timed out
2026-02-11 19:00:39,312 [ERROR] Polling thread error: PLC disconnected: timed out
2026-02-11 19:00:42,389 [ERROR] Polling thread error: PLC disconnected: timed out
2026-02-11 19:00:45,466 [ERROR] Polling thread error: PLC disconnected: timed out
2026-02-11 19:00:48,544 [ERROR] Polling thread error: PLC disconnected: timed out
2026-02-11 19:00:51,620 [ERROR] Polling thread error: PLC disconnected: timed out
2026-02-11 19:00:54,698 [ERROR] Polling thread error: PLC disconnected: timed out
2026-02-11 19:00:57,775 [ERROR] Polling thread error: PLC disconnected: timed out
2026-02-11 19:01:00,852 [ERROR] Polling thread error: PLC disconnected: timed out
2026-02-11 19:01:03,929 [ERROR] Polling thread error: PLC disconnected: timed out
2026-02-11 19:01:07,006 [ERROR] Polling thread error: PLC disconnected: timed out
2026-02-11 19:01:10,084 [ERROR] Polling thread error: PLC disconnected: timed out
2026-02-11 19:01:13,161 [ERROR] Polling thread error: PLC disconnected: timed out
2026-02-11 19:01:16,238 [ERROR] Polling thread error: PLC disconnected: timed out
2026-02-11 19:01:19,315 [ERROR] Polling thread error: PLC disconnected: timed out
2026-02-11 19:01:22,392 [ERROR] Polling thread error: PLC disconnected: timed out
2026-02-11 19:01:25,470 [ERROR] Polling thread error: PLC disconnected: timed out
2026-02-11 19:01:28,547 [ERROR] Polling thread error: PLC disconnected: timed out
2026-02-11 19:01:31,624 [ERROR] Polling thread error: PLC disconnected: timed out
2026-02-11 19:01:34,701 [ERROR] Polling thread error: PLC disconnected: timed out
2026-02-11 19:01:37,778 [ERROR] Polling thread error: PLC disconnected: timed out
2026-02-11 19:01:40,855 [ERROR] Polling thread error: PLC disconnected: timed out
2026-02-11 19:01:43,932 [ERROR] Polling thread error: PLC disconnected: timed out
2026-02-11 19:01:47,008 [ERROR] Polling thread error: PLC disconnected: timed out
2026-02-11 19:01:50,085 [ERROR] Polling thread error: PLC disconnected: timed out
2026-02-11 19:01:53,161 [ERROR] Polling thread error: PLC disconnected: timed out
2026-02-11 19:01:56,238 [ERROR] Polling thread error: PLC disconnected: timed out
2026-02-11 19:01:59,314 [ERROR] Polling thread error: PLC disconnected: timed out
2026-02-11 19:02:02,391 [ERROR] Polling thread error: PLC disconnected: timed out
2026-02-11 19:02:05,468 [ERROR] Polling thread error: PLC disconnected: timed out
2026-02-11 19:02:08,547 [ERROR] Polling thread error: PLC disconnected: timed out
2026-02-11 19:02:11,623 [ERROR] Polling thread error: PLC disconnected: timed out
2026-02-11 19:02:14,700 [ERROR] Polling thread error: PLC disconnected: timed out
2026-02-11 19:02:17,778 [ERROR] Polling thread error: PLC disconnected: timed out
2026-02-11 19:02:20,856 [ERROR] Polling thread error: PLC disconnected: timed out
2026-02-11 19:02:23,933 [ERROR] Polling thread error: PLC disconnected: timed out
2026-02-11 19:02:27,009 [ERROR] Polling thread error: PLC disconnected: timed out
2026-02-11 19:02:30,086 [ERROR] Polling thread error: PLC disconnected: timed out
2026-02-11 19:02:33,163 [ERROR] Polling thread error: PLC disconnected: timed out
2026-02-11 19:02:36,241 [ERROR] Polling thread error: PLC disconnected: timed out
2026-02-11 19:02:39,319 [ERROR] Polling thread error: PLC disconnected: timed out
2026-02-11 19:02:42,397 [ERROR] Polling thread error: PLC disconnected: timed out
2026-02-11 19:02:45,474 [ERROR] Polling thread error: PLC disconnected: timed out
2026-02-11 19:02:48,550 [ERROR] Polling thread error: PLC disconnected: timed out
2026-02-11 19:02:51,626 [ERROR] Polling thread error: PLC disconnected: timed out
2026-02-11 19:02:54,704 [ERROR] Polling thread error: PLC disconnected: timed out
2026-02-11 19:02:57,782 [ERROR] Polling thread error: PLC disconnected: timed out
2026-02-11 19:03:00,858 [ERROR] Polling thread error: PLC disconnected: timed out
2026-02-11 19:03:03,934 [ERROR] Polling thread error: PLC disconnected: timed out
2026-02-11 19:03:07,011 [ERROR] Polling thread error: PLC disconnected: timed out
2026-02-11 19:03:10,088 [ERROR] Polling thread error: PLC disconnected: timed out
2026-02-11 19:03:13,164 [ERROR] Polling thread error: PLC disconnected: timed out
2026-02-11 19:03:16,241 [ERROR] Polling thread error: PLC disconnected: timed out
2026-02-11 19:03:19,317 [ERROR] Polling thread error: PLC disconnected: timed out
2026-02-11 19:03:22,394 [ERROR] Polling thread error: PLC disconnected: timed out
2026-02-11 19:03:25,471 [ERROR] Polling thread error: PLC disconnected: timed out
2026-02-11 19:03:28,548 [ERROR] Polling thread error: PLC disconnected: timed out
2026-02-11 19:03:31,624 [ERROR] Polling thread error: PLC disconnected: timed out
2026-02-11 19:03:34,701 [ERROR] Polling thread error: PLC disconnected: timed out
2026-02-11 19:03:37,777 [ERROR] Polling thread error: PLC disconnected: timed out
2026-02-11 19:03:40,856 [ERROR] Polling thread error: PLC disconnected: timed out
2026-02-11 19:03:43,934 [ERROR] Polling thread error: PLC disconnected: timed out
2026-02-11 19:03:47,011 [ERROR] Polling thread error: PLC disconnected: timed out
2026-02-11 19:03:50,089 [ERROR] Polling thread error: PLC disconnected: timed out
2026-02-11 19:03:53,167 [ERROR] Polling thread error: PLC disconnected: timed out
2026-02-11 19:03:56,244 [ERROR] Polling thread error: PLC disconnected: timed out
2026-02-11 19:03:59,322 [ERROR] Polling thread error: PLC disconnected: timed out
2026-02-11 19:04:02,400 [ERROR] Polling thread error: PLC disconnected: timed out
2026-02-11 19:04:05,476 [ERROR] Polling thread error: PLC disconnected: timed out
2026-02-11 19:04:08,554 [ERROR] Polling thread error: PLC disconnected: timed out
2026-02-11 19:04:11,630 [ERROR] Polling thread error: PLC disconnected: timed out
2026-02-11 19:04:14,707 [ERROR] Polling thread error: PLC disconnected: timed out
2026-02-11 19:04:17,784 [ERROR] Polling thread error: PLC disconnected: timed out
2026-02-11 19:04:20,861 [ERROR] Polling thread error: PLC disconnected: timed out
2026-02-11 19:04:23,939 [ERROR] Polling thread error: PLC disconnected: timed out
2026-02-11 19:04:27,016 [ERROR] Polling thread error: PLC disconnected: timed out
2026-02-11 19:04:30,094 [ERROR] Polling thread error: PLC disconnected: timed out
2026-02-11 19:04:33,171 [ERROR] Polling thread error: PLC disconnected: timed out
2026-02-11 19:04:36,249 [ERROR] Polling thread error: PLC disconnected: timed out
2026-02-11 19:04:39,326 [ERROR] Polling thread error: PLC disconnected: timed out
2026-02-11 19:04:42,402 [ERROR] Polling thread error: PLC disconnected: timed out
2026-02-11 19:04:45,479 [ERROR] Polling thread error: PLC disconnected: timed out
2026-02-11 19:04:48,557 [ERROR] Polling thread error: PLC disconnected: timed out
2026-02-11 19:04:51,634 [ERROR] Polling thread error: PLC disconnected: timed out
2026-02-11 19:04:54,711 [ERROR] Polling thread error: PLC disconnected: timed out
2026-02-11 19:04:57,787 [ERROR] Polling thread error: PLC disconnected: timed out
2026-02-11 19:05:00,864 [ERROR] Polling thread error: PLC disconnected: timed out
2026-02-11 19:05:03,940 [ERROR] Polling thread error: PLC disconnected: timed out
2026-02-11 19:05:07,017 [ERROR] Polling thread error: PLC disconnected: timed out
2026-02-11 19:05:10,093 [ERROR] Polling thread error: PLC disconnected: timed out
2026-02-11 19:05:13,171 [ERROR] Polling thread error: PLC disconnected: timed out
2026-02-11 19:05:16,248 [ERROR] Polling thread error: PLC disconnected: timed out
2026-02-11 19:05:19,324 [ERROR] Polling thread error: PLC disconnected: timed out
2026-02-11 19:05:22,400 [ERROR] Polling thread error: PLC disconnected: timed out
2026-02-11 19:05:25,477 [ERROR] Polling thread error: PLC disconnected: timed out
2026-02-11 19:05:28,554 [ERROR] Polling thread error: PLC disconnected: timed out
2026-02-11 19:05:31,630 [ERROR] Polling thread error: PLC disconnected: timed out
2026-02-11 19:05:34,707 [ERROR] Polling thread error: PLC disconnected: timed out
2026-02-11 19:05:37,785 [ERROR] Polling thread error: PLC disconnected: timed out
2026-02-11 19:05:40,863 [ERROR] Polling thread error: PLC disconnected: timed out
2026-02-11 19:05:43,941 [ERROR] Polling thread error: PLC disconnected: timed out
2026-02-11 19:05:47,018 [ERROR] Polling thread error: PLC disconnected: timed out
2026-02-11 19:05:50,094 [ERROR] Polling thread error: PLC disconnected: timed out
2026-02-11 19:05:53,171 [ERROR] Polling thread error: PLC disconnected: timed out
2026-02-11 19:05:56,248 [ERROR] Polling thread error: PLC disconnected: timed out
2026-02-11 19:05:59,325 [ERROR] Polling thread error: PLC disconnected: timed out
2026-02-11 19:06:02,402 [ERROR] Polling thread error: PLC disconnected: timed out
2026-02-11 19:06:05,479 [ERROR] Polling thread error: PLC disconnected: timed out
2026-02-11 19:06:08,556 [ERROR] Polling thread error: PLC disconnected: timed out
2026-02-11 19:06:11,633 [ERROR] Polling thread error: PLC disconnected: timed out
2026-02-11 19:06:14,710 [ERROR] Polling thread error: PLC disconnected: timed out
2026-02-11 19:06:17,786 [ERROR] Polling thread error: PLC disconnected: timed out
2026-02-11 19:06:20,864 [ERROR] Polling thread error: PLC disconnected: timed out
2026-02-11 19:06:23,941 [ERROR] Polling thread error: PLC disconnected: timed out
2026-02-11 19:06:27,017 [ERROR] Polling thread error: PLC disconnected: timed out
2026-02-11 19:06:30,094 [ERROR] Polling thread error: PLC disconnected: timed out
2026-02-11 19:06:33,171 [ERROR] Polling thread error: PLC disconnected: timed out
2026-02-11 19:06:36,246 [ERROR] Polling thread error: PLC disconnected: timed out
2026-02-11 19:06:39,323 [ERROR] Polling thread error: PLC disconnected: timed out
2026-02-11 19:06:42,400 [ERROR] Polling thread error: PLC disconnected: timed out
2026-02-11 19:06:45,475 [ERROR] Polling thread error: PLC disconnected: timed out
2026-02-11 19:06:48,553 [ERROR] Polling thread error: PLC disconnected: timed out
2026-02-11 19:06:51,629 [ERROR] Polling thread error: PLC disconnected: timed out
2026-02-11 19:06:54,706 [ERROR] Polling thread error: PLC disconnected: timed out
2026-02-11 19:06:57,781 [ERROR] Polling thread error: PLC disconnected: timed out
2026-02-11 19:07:00,858 [ERROR] Polling thread error: PLC disconnected: timed out
2026-02-11 19:07:03,934 [ERROR] Polling thread error: PLC disconnected: timed out
2026-02-11 19:07:07,012 [ERROR] Polling thread error: PLC disconnected: timed out
2026-02-11 19:07:10,089 [ERROR] Polling thread error: PLC disconnected: timed out
2026-02-11 19:07:13,166 [ERROR] Polling thread error: PLC disconnected: timed out
2026-02-11 19:07:16,244 [ERROR] Polling thread error: PLC disconnected: timed out
2026-02-11 19:07:19,322 [ERROR] Polling thread error: PLC disconnected: timed out
2026-02-11 19:07:22,399 [ERROR] Polling thread error: PLC disconnected: timed out
2026-02-11 19:07:25,476 [ERROR] Polling thread error: PLC disconnected: timed out
2026-02-11 19:07:28,552 [ERROR] Polling thread error: PLC disconnected: timed out
2026-02-11 19:07:31,629 [ERROR] Polling thread error: PLC disconnected: timed out
2026-02-11 19:07:34,707 [ERROR] Polling thread error: PLC disconnected: timed out
2026-02-11 19:07:37,784 [ERROR] Polling thread error: PLC disconnected: timed out
2026-02-11 19:07:40,861 [ERROR] Polling thread error: PLC disconnected: timed out
2026-02-11 19:07:43,939 [ERROR] Polling thread error: PLC disconnected: timed out
2026-02-11 19:07:47,017 [ERROR] Polling thread error: PLC disconnected: timed out
2026-02-11 19:07:50,093 [ERROR] Polling thread error: PLC disconnected: timed out
2026-02-11 19:07:53,171 [ERROR] Polling thread error: PLC disconnected: timed out
2026-02-11 19:07:56,247 [ERROR] Polling thread error: PLC disconnected: timed out
2026-02-11 19:07:59,325 [ERROR] Polling thread error: PLC disconnected: timed out
2026-02-11 19:08:02,402 [ERROR] Polling thread error: PLC disconnected: timed out
2026-02-11 19:08:05,479 [ERROR] Polling thread error: PLC disconnected: timed out
2026-02-11 19:08:08,556 [ERROR] Polling thread error: PLC disconnected: timed out
2026-02-11 19:08:11,633 [ERROR] Polling thread error: PLC disconnected: timed out
2026-02-11 19:08:14,709 [ERROR] Polling thread error: PLC disconnected: timed out
2026-02-11 19:08:17,785 [ERROR] Polling thread error: PLC disconnected: timed out
2026-02-11 19:08:20,863 [ERROR] Polling thread error: PLC disconnected: timed out
2026-02-11 19:08:23,941 [ERROR] Polling thread error: PLC disconnected: timed out
2026-02-11 19:08:27,017 [ERROR] Polling thread error: PLC disconnected: timed out
2026-02-11 19:08:30,095 [ERROR] Polling thread error: PLC disconnected: timed out
2026-02-11 19:08:33,171 [ERROR] Polling thread error: PLC disconnected: timed out
2026-02-11 19:08:36,248 [ERROR] Polling thread error: PLC disconnected: timed out
2026-02-11 19:08:39,325 [ERROR] Polling thread error: PLC disconnected: timed out
2026-02-11 19:08:42,402 [ERROR] Polling thread error: PLC disconnected: timed out
2026-02-11 19:08:45,478 [ERROR] Polling thread error: PLC disconnected: timed out
2026-02-11 19:08:48,555 [ERROR] Polling thread error: PLC disconnected: timed out
2026-02-11 19:08:51,632 [ERROR] Polling thread error: PLC disconnected: timed out
2026-02-11 19:08:54,709 [ERROR] Polling thread error: PLC disconnected: timed out
2026-02-11 19:08:57,786 [ERROR] Polling thread error: PLC disconnected: timed out
2026-02-11 19:09:00,863 [ERROR] Polling thread error: PLC disconnected: timed out
2026-02-11 19:09:03,940 [ERROR] Polling thread error: PLC disconnected: timed out
2026-02-11 19:09:07,018 [ERROR] Polling thread error: PLC disconnected: timed out
2026-02-11 19:09:10,094 [ERROR] Polling thread error: PLC disconnected: timed out
2026-02-11 19:09:13,171 [ERROR] Polling thread error: PLC disconnected: timed out
2026-02-11 19:09:16,249 [ERROR] Polling thread error: PLC disconnected: timed out
2026-02-11 19:09:19,325 [ERROR] Polling thread error: PLC disconnected: timed out
2026-02-11 19:09:22,402 [ERROR] Polling thread error: PLC disconnected: timed out
2026-02-11 19:09:25,479 [ERROR] Polling thread error: PLC disconnected: timed out
2026-02-11 19:09:28,556 [ERROR] Polling thread error: PLC disconnected: timed out
2026-02-11 19:09:31,634 [ERROR] Polling thread error: PLC disconnected: timed out
2026-02-11 19:09:34,711 [ERROR] Polling thread error: PLC disconnected: timed out
2026-02-11 19:09:37,787 [ERROR] Polling thread error: PLC disconnected: timed out
2026-02-11 19:09:40,864 [ERROR] Polling thread error: PLC disconnected: timed out
2026-02-11 19:09:43,941 [ERROR] Polling thread error: PLC disconnected: timed out
2026-02-11 19:09:47,018 [ERROR] Polling thread error: PLC disconnected: timed out
2026-02-11 19:09:50,095 [ERROR] Polling thread error: PLC disconnected: timed out
2026-02-11 19:09:53,173 [ERROR] Polling thread error: PLC disconnected: timed out
2026-02-11 19:09:56,250 [ERROR] Polling thread error: PLC disconnected: timed out
2026-02-11 19:09:59,327 [ERROR] Polling thread error: PLC disconnected: timed out
2026-02-11 19:10:02,404 [ERROR] Polling thread error: PLC disconnected: timed out
2026-02-11 19:10:05,481 [ERROR] Polling thread error: PLC disconnected: timed out
2026-02-11 19:10:08,557 [ERROR] Polling thread error: PLC disconnected: timed out
2026-02-11 19:10:11,634 [ERROR] Polling thread error: PLC disconnected: timed out
2026-02-11 19:10:14,711 [ERROR] Polling thread error: PLC disconnected: timed out
2026-02-11 19:10:17,789 [ERROR] Polling thread error: PLC disconnected: timed out
2026-02-11 19:10:20,866 [ERROR] Polling thread error: PLC disconnected: timed out
2026-02-11 19:10:23,944 [ERROR] Polling thread error: PLC disconnected: timed out
2026-02-11 19:10:27,020 [ERROR] Polling thread error: PLC disconnected: timed out
2026-02-11 19:10:30,096 [ERROR] Polling thread error: PLC disconnected: timed out
2026-02-11 19:10:33,173 [ERROR] Polling thread error: PLC disconnected: timed out
2026-02-11 19:10:36,250 [ERROR] Polling thread error: PLC disconnected: timed out
2026-02-11 19:10:39,326 [ERROR] Polling thread error: PLC disconnected: timed out
2026-02-11 19:10:42,403 [ERROR] Polling thread error: PLC disconnected: timed out
2026-02-11 19:10:45,479 [ERROR] Polling thread error: PLC disconnected: timed out
2026-02-11 19:10:48,555 [ERROR] Polling thread error: PLC disconnected: timed out
2026-02-11 19:10:51,631 [ERROR] Polling thread error: PLC disconnected: timed out
2026-02-11 19:10:54,708 [ERROR] Polling thread error: PLC disconnected: timed out
2026-02-11 19:10:57,784 [ERROR] Polling thread error: PLC disconnected: timed out
2026-02-11 19:11:00,861 [ERROR] Polling thread error: PLC disconnected: timed out
2026-02-11 19:11:03,937 [ERROR] Polling thread error: PLC disconnected: timed out
2026-02-11 19:11:07,014 [ERROR] Polling thread error: PLC disconnected: timed out
2026-02-11 19:11:10,091 [ERROR] Polling thread error: PLC disconnected: timed out
2026-02-11 19:11:13,169 [ERROR] Polling thread error: PLC disconnected: timed out
2026-02-11 19:11:16,245 [ERROR] Polling thread error: PLC disconnected: timed out
2026-02-11 19:11:19,322 [ERROR] Polling thread error: PLC disconnected: timed out
2026-02-11 19:11:22,400 [ERROR] Polling thread error: PLC disconnected: timed out
2026-02-11 19:11:25,477 [ERROR] Polling thread error: PLC disconnected: timed out
2026-02-11 19:11:28,553 [ERROR] Polling thread error: PLC disconnected: timed out
2026-02-11 19:11:31,630 [ERROR] Polling thread error: PLC disconnected: timed out
2026-02-11 19:11:34,707 [ERROR] Polling thread error: PLC disconnected: timed out
2026-02-11 19:11:37,784 [ERROR] Polling thread error: PLC disconnected: timed out
2026-02-11 19:11:40,861 [ERROR] Polling thread error: PLC disconnected: timed out
2026-02-11 19:11:43,937 [ERROR] Polling thread error: PLC disconnected: timed out
2026-02-11 19:11:47,015 [ERROR] Polling thread error: PLC disconnected: timed out
2026-02-11 19:11:50,094 [ERROR] Polling thread error: PLC disconnected: timed out
2026-02-11 19:11:53,171 [ERROR] Polling thread error: PLC disconnected: timed out
2026-02-11 19:11:56,249 [ERROR] Polling thread error: PLC disconnected: timed out
2026-02-11 19:11:59,326 [ERROR] Polling thread error: PLC disconnected: timed out
2026-02-11 19:12:02,403 [ERROR] Polling thread error: PLC disconnected: timed out
2026-02-11 19:12:05,480 [ERROR] Polling thread error: PLC disconnected: timed out
2026-02-11 19:12:08,556 [ERROR] Polling thread error: PLC disconnected: timed out
2026-02-11 19:12:11,634 [ERROR] Polling thread error: PLC disconnected: timed out
2026-02-11 19:12:14,711 [ERROR] Polling thread error: PLC disconnected: timed out
2026-02-11 19:12:17,787 [ERROR] Polling thread error: PLC disconnected: timed out
2026-02-11 19:12:20,864 [ERROR] Polling thread error: PLC disconnected: timed out
2026-02-11 19:12:23,941 [ERROR] Polling thread error: PLC disconnected: timed out
2026-02-11 19:12:27,018 [ERROR] Polling thread error: PLC disconnected: timed out
2026-02-11 19:12:30,095 [ERROR] Polling thread error: PLC disconnected: timed out
2026-02-11 19:12:33,173 [ERROR] Polling thread error: PLC disconnected: timed out
2026-02-11 19:12:36,250 [ERROR] Polling thread error: PLC disconnected: timed out
2026-02-11 19:12:39,327 [ERROR] Polling thread error: PLC disconnected: timed out
2026-02-11 19:12:42,403 [ERROR] Polling thread error: PLC disconnected: timed out
2026-02-11 19:12:45,480 [ERROR] Polling thread error: PLC disconnected: timed out
2026-02-11 19:12:48,556 [ERROR] Polling thread error: PLC disconnected: timed out
2026-02-11 19:12:51,633 [ERROR] Polling thread error: PLC disconnected: timed out
2026-02-11 19:12:54,711 [ERROR] Polling thread error: PLC disconnected: timed out
2026-02-11 19:12:57,788 [ERROR] Polling thread error: PLC disconnected: timed out
2026-02-11 19:13:00,866 [ERROR] Polling thread error: PLC disconnected: timed out
2026-02-11 19:13:03,944 [ERROR] Polling thread error: PLC disconnected: timed out
2026-02-11 19:13:07,019 [ERROR] Polling thread error: PLC disconnected: timed out
2026-02-11 19:13:10,097 [ERROR] Polling thread error: PLC disconnected: timed out
2026-02-11 19:13:13,174 [ERROR] Polling thread error: PLC disconnected: timed out
2026-02-11 19:13:16,251 [ERROR] Polling thread error: PLC disconnected: timed out
2026-02-11 19:13:19,329 [ERROR] Polling thread error: PLC disconnected: timed out
2026-02-11 19:13:22,405 [ERROR] Polling thread error: PLC disconnected: timed out
2026-02-11 19:13:25,482 [ERROR] Polling thread error: PLC disconnected: timed out
2026-02-11 19:13:28,558 [ERROR] Polling thread error: PLC disconnected: timed out
2026-02-11 19:13:31,635 [ERROR] Polling thread error: PLC disconnected: timed out
2026-02-11 19:13:34,711 [ERROR] Polling thread error: PLC disconnected: timed out
2026-02-11 19:13:37,788 [ERROR] Polling thread error: PLC disconnected: timed out
2026-02-11 19:13:40,865 [ERROR] Polling thread error: PLC disconnected: timed out
2026-02-11 19:13:43,942 [ERROR] Polling thread error: PLC disconnected: timed out
2026-02-11 19:13:47,019 [ERROR] Polling thread error: PLC disconnected: timed out
2026-02-11 19:13:50,097 [ERROR] Polling thread error: PLC disconnected: timed out
2026-02-11 19:13:53,174 [ERROR] Polling thread error: PLC disconnected: timed out
2026-02-11 19:13:56,252 [ERROR] Polling thread error: PLC disconnected: timed out
2026-02-11 19:13:59,329 [ERROR] Polling thread error: PLC disconnected: timed out
2026-02-11 19:14:02,407 [ERROR] Polling thread error: PLC disconnected: timed out
2026-02-11 19:14:05,483 [ERROR] Polling thread error: PLC disconnected: timed out
2026-02-11 19:14:08,561 [ERROR] Polling thread error: PLC disconnected: timed out
2026-02-11 19:14:11,637 [ERROR] Polling thread error: PLC disconnected: timed out
2026-02-11 19:14:14,714 [ERROR] Polling thread error: PLC disconnected: timed out
2026-02-11 19:14:17,789 [ERROR] Polling thread error: PLC disconnected: timed out
2026-02-11 19:14:20,866 [ERROR] Polling thread error: PLC disconnected: timed out
2026-02-11 19:14:23,944 [ERROR] Polling thread error: PLC disconnected: timed out
2026-02-11 19:28:58,647 [WARNING] [Inference] TensorRT or cuda-python not installed: No module named 'tensorrt'
2026-02-11 19:28:59,231 [INFO] [Inference] Using GPU
2026-02-11 19:28:59,231 [INFO] [Inference] Loading OpenVINO model from C:\MyStuff\VS\MECup\backend\inference\openvino_model\model.xml
2026-02-11 19:29:00,578 [INFO] [Inference] Using OpenVINO backend on GPU
2026-02-11 19:29:00,756 [INFO] [Inference] Model ready (openvino)
2026-02-11 19:29:00,756 [ERROR] Error in inference process: [Errno 2] No such file or directory: 'C:\\MyStuff\\VS\\MECup\\backend\\inference\\stitched_result2.jpg'
2026-02-11 19:29:13,812 [WARNING] [Inference] TensorRT or cuda-python not installed: No module named 'tensorrt'
2026-02-11 19:29:14,382 [INFO] [Inference] Using GPU
2026-02-11 19:29:14,383 [INFO] [Inference] Loading OpenVINO model from C:\MyStuff\VS\MECup\backend\inference\openvino_model\model.xml
2026-02-11 19:29:16,215 [INFO] [Inference] Using OpenVINO backend on GPU
2026-02-11 19:29:16,416 [INFO] [Inference] Model ready (openvino)
2026-02-11 19:29:16,416 [ERROR] Error in inference process: [Errno 2] No such file or directory: 'C:\\MyStuff\\VS\\MECup\\backend\\inference\\stitched_result2.jpg'
2026-02-11 19:32:54,966 [ERROR] CRITICAL ERROR: High Health Index! X:2621.3 Y:2621.4 Z:1.8
2026-02-11 19:33:03,201 [WARNING] [Inference] TensorRT or cuda-python not installed: No module named 'tensorrt'
2026-02-11 19:33:03,783 [INFO] [Inference] Using GPU
2026-02-11 19:33:03,784 [INFO] [Inference] Loading OpenVINO model from C:\MyStuff\VS\MECup\backend\inference\openvino_model\model.xml
2026-02-11 19:33:05,180 [INFO] [Inference] Using OpenVINO backend on GPU
2026-02-11 19:33:05,358 [INFO] [Inference] Model ready (openvino)
2026-02-11 19:33:05,358 [ERROR] Error in inference process: [Errno 2] No such file or directory: 'C:\\MyStuff\\VS\\MECup\\backend\\inference\\stitched_result2.jpg'
2026-02-11 19:33:14,220 [WARNING] [Inference] TensorRT or cuda-python not installed: No module named 'tensorrt'
2026-02-11 19:33:14,749 [INFO] [Inference] Using GPU
2026-02-11 19:33:14,749 [INFO] [Inference] Loading OpenVINO model from C:\MyStuff\VS\MECup\backend\inference\openvino_model\model.xml
2026-02-11 19:33:16,135 [INFO] [Inference] Using OpenVINO backend on GPU
2026-02-11 19:33:16,318 [INFO] [Inference] Model ready (openvino)
2026-02-11 19:33:16,320 [ERROR] Error in inference process: [Errno 2] No such file or directory: 'C:\\MyStuff\\VS\\MECup\\backend\\inference\\stitched_result2.jpg'
2026-02-11 19:33:30,368 [WARNING] '(MaxRetryError('HTTPSConnectionPool(host=\'huggingface.co\', port=443): Max retries exceeded with url: /BAAI/bge-base-en-v1.5/resolve/main/modules.json (Caused by NameResolutionError("<urllib3.connection.HTTPSConnection object at 0x0000025BFF5740A0>: Failed to resolve \'huggingface.co\' ([Errno 11001] getaddrinfo failed)"))'), '(Request ID: 447ee5b4-d174-4b61-b9c7-7628aa12ba67)')' thrown while requesting HEAD https://huggingface.co/BAAI/bge-base-en-v1.5/resolve/main/./modules.json
2026-02-11 19:33:30,370 [WARNING] Retrying in 1s [Retry 1/5].
2026-02-11 19:33:31,377 [WARNING] '(MaxRetryError('HTTPSConnectionPool(host=\'huggingface.co\', port=443): Max retries exceeded with url: /BAAI/bge-base-en-v1.5/resolve/main/modules.json (Caused by NameResolutionError("<urllib3.connection.HTTPSConnection object at 0x0000025BFFB779A0>: Failed to resolve \'huggingface.co\' ([Errno 11001] getaddrinfo failed)"))'), '(Request ID: 04e18121-3470-4470-8296-10f1ea2da237)')' thrown while requesting HEAD https://huggingface.co/BAAI/bge-base-en-v1.5/resolve/main/./modules.json
2026-02-11 19:33:31,378 [WARNING] Retrying in 2s [Retry 2/5].
2026-02-11 19:33:33,391 [WARNING] '(MaxRetryError('HTTPSConnectionPool(host=\'huggingface.co\', port=443): Max retries exceeded with url: /BAAI/bge-base-en-v1.5/resolve/main/modules.json (Caused by NameResolutionError("<urllib3.connection.HTTPSConnection object at 0x0000025BFFB77430>: Failed to resolve \'huggingface.co\' ([Errno 11001] getaddrinfo failed)"))'), '(Request ID: 38e243e6-edd7-446e-86fb-e2320546cace)')' thrown while requesting HEAD https://huggingface.co/BAAI/bge-base-en-v1.5/resolve/main/./modules.json
2026-02-11 19:33:33,392 [WARNING] Retrying in 4s [Retry 3/5].
2026-02-11 19:33:37,399 [WARNING] '(MaxRetryError('HTTPSConnectionPool(host=\'huggingface.co\', port=443): Max retries exceeded with url: /BAAI/bge-base-en-v1.5/resolve/main/modules.json (Caused by NameResolutionError("<urllib3.connection.HTTPSConnection object at 0x0000025BFF575870>: Failed to resolve \'huggingface.co\' ([Errno 11001] getaddrinfo failed)"))'), '(Request ID: 19f37772-dae7-4810-a376-c758324e126d)')' thrown while requesting HEAD https://huggingface.co/BAAI/bge-base-en-v1.5/resolve/main/./modules.json
2026-02-11 19:33:37,401 [WARNING] Retrying in 8s [Retry 4/5].
2026-02-11 19:33:45,406 [WARNING] '(MaxRetryError('HTTPSConnectionPool(host=\'huggingface.co\', port=443): Max retries exceeded with url: /BAAI/bge-base-en-v1.5/resolve/main/modules.json (Caused by NameResolutionError("<urllib3.connection.HTTPSConnection object at 0x0000025BFFB76110>: Failed to resolve \'huggingface.co\' ([Errno 11001] getaddrinfo failed)"))'), '(Request ID: 491ab891-e290-422b-8888-d7741df3096b)')' thrown while requesting HEAD https://huggingface.co/BAAI/bge-base-en-v1.5/resolve/main/./modules.json
2026-02-11 19:33:45,408 [WARNING] Retrying in 8s [Retry 5/5].
2026-02-11 19:33:53,431 [WARNING] '(MaxRetryError('HTTPSConnectionPool(host=\'huggingface.co\', port=443): Max retries exceeded with url: /BAAI/bge-base-en-v1.5/resolve/main/modules.json (Caused by NameResolutionError("<urllib3.connection.HTTPSConnection object at 0x0000025BFFB77220>: Failed to resolve \'huggingface.co\' ([Errno 11001] getaddrinfo failed)"))'), '(Request ID: aa5c195e-feff-4785-a784-27e22c985666)')' thrown while requesting HEAD https://huggingface.co/BAAI/bge-base-en-v1.5/resolve/main/./modules.json
2026-02-11 19:33:53,439 [WARNING] '(MaxRetryError('HTTPSConnectionPool(host=\'huggingface.co\', port=443): Max retries exceeded with url: /BAAI/bge-base-en-v1.5/resolve/main/config_sentence_transformers.json (Caused by NameResolutionError("<urllib3.connection.HTTPSConnection object at 0x0000025BFFBEB9A0>: Failed to resolve \'huggingface.co\' ([Errno 11001] getaddrinfo failed)"))'), '(Request ID: c5e96f5f-a9a8-4466-b9bc-5ebbefcac5f1)')' thrown while requesting HEAD https://huggingface.co/BAAI/bge-base-en-v1.5/resolve/main/./config_sentence_transformers.json
2026-02-11 19:33:53,440 [WARNING] Retrying in 1s [Retry 1/5].
2026-02-11 19:33:54,446 [WARNING] '(MaxRetryError('HTTPSConnectionPool(host=\'huggingface.co\', port=443): Max retries exceeded with url: /BAAI/bge-base-en-v1.5/resolve/main/config_sentence_transformers.json (Caused by NameResolutionError("<urllib3.connection.HTTPSConnection object at 0x0000025BFFBE9390>: Failed to resolve \'huggingface.co\' ([Errno 11001] getaddrinfo failed)"))'), '(Request ID: cb781732-efee-4951-956c-5135b1ec8237)')' thrown while requesting HEAD https://huggingface.co/BAAI/bge-base-en-v1.5/resolve/main/./config_sentence_transformers.json
2026-02-11 19:33:54,447 [WARNING] Retrying in 2s [Retry 2/5].
2026-02-11 19:33:56,457 [WARNING] '(MaxRetryError('HTTPSConnectionPool(host=\'huggingface.co\', port=443): Max retries exceeded with url: /BAAI/bge-base-en-v1.5/resolve/main/config_sentence_transformers.json (Caused by NameResolutionError("<urllib3.connection.HTTPSConnection object at 0x0000025BFFBE96F0>: Failed to resolve \'huggingface.co\' ([Errno 11001] getaddrinfo failed)"))'), '(Request ID: f87c08b8-8efa-4fcd-9d97-482ca8f3008a)')' thrown while requesting HEAD https://huggingface.co/BAAI/bge-base-en-v1.5/resolve/main/./config_sentence_transformers.json
2026-02-11 19:33:56,459 [WARNING] Retrying in 4s [Retry 3/5].
2026-02-11 19:34:47,100 [WARNING] [Inference] TensorRT or cuda-python not installed: No module named 'tensorrt'
2026-02-11 19:34:47,593 [INFO] [Inference] Using GPU
2026-02-11 19:34:47,594 [INFO] [Inference] Loading OpenVINO model from C:\MyStuff\VS\MECup\backend\inference\openvino_model\model.xml
2026-02-11 19:34:48,911 [INFO] [Inference] Using OpenVINO backend on GPU
2026-02-11 19:34:49,088 [INFO] [Inference] Model ready (openvino)
2026-02-11 19:34:49,089 [ERROR] Error in inference process: [Errno 2] No such file or directory: 'C:\\MyStuff\\VS\\MECup\\backend\\inference\\stitched_result2.jpg'
2026-02-11 19:34:50,991 [WARNING] [Inference] TensorRT or cuda-python not installed: No module named 'tensorrt'
2026-02-11 19:34:51,525 [INFO] [Inference] Using GPU
2026-02-11 19:34:51,525 [INFO] [Inference] Loading OpenVINO model from C:\MyStuff\VS\MECup\backend\inference\openvino_model\model.xml
2026-02-11 19:34:52,848 [INFO] [Inference] Using OpenVINO backend on GPU
2026-02-11 19:34:53,027 [INFO] [Inference] Model ready (openvino)
2026-02-11 19:34:53,028 [ERROR] Error in inference process: [Errno 2] No such file or directory: 'C:\\MyStuff\\VS\\MECup\\backend\\inference\\stitched_result2.jpg'
2026-02-11 19:34:55,087 [WARNING] [Inference] TensorRT or cuda-python not installed: No module named 'tensorrt'
2026-02-11 19:34:55,384 [ERROR] Polling thread error: PLC disconnected: timed out
2026-02-11 19:34:55,606 [INFO] [Inference] Using GPU
2026-02-11 19:34:55,606 [INFO] [Inference] Loading OpenVINO model from C:\MyStuff\VS\MECup\backend\inference\openvino_model\model.xml
2026-02-11 19:34:57,030 [INFO] [Inference] Using OpenVINO backend on GPU
2026-02-11 19:34:57,211 [INFO] [Inference] Model ready (openvino)
2026-02-11 19:34:57,213 [ERROR] Error in inference process: [Errno 2] No such file or directory: 'C:\\MyStuff\\VS\\MECup\\backend\\inference\\stitched_result2.jpg'
2026-02-11 19:34:57,707 [ERROR] CRITICAL ERROR: High Health Index! X:2621.6 Y:15.9 Z:3.5
2026-02-11 19:36:32,573 [ERROR] CRITICAL ERROR: High Health Index! X:2622.8 Y:2623.5 Z:2.6
2026-02-11 19:37:32,471 [ERROR] Polling thread error: timed out
2026-02-11 19:37:36,494 [ERROR] Polling thread error: PLC disconnected: timed out
2026-02-11 19:37:39,595 [ERROR] Polling thread error: PLC disconnected: timed out
2026-02-11 19:37:42,690 [ERROR] Polling thread error: PLC disconnected: timed out
2026-02-11 19:37:45,777 [ERROR] Polling thread error: PLC disconnected: timed out
2026-02-11 19:37:48,882 [ERROR] Polling thread error: PLC disconnected: timed out
2026-02-11 19:37:51,971 [ERROR] Polling thread error: PLC disconnected: timed out
2026-02-11 19:37:55,072 [ERROR] Polling thread error: PLC disconnected: timed out
2026-02-11 19:37:58,151 [ERROR] Polling thread error: PLC disconnected: timed out
2026-02-11 19:38:01,230 [ERROR] Polling thread error: PLC disconnected: timed out
2026-02-11 19:38:04,309 [ERROR] Polling thread error: PLC disconnected: timed out
2026-02-11 19:38:07,388 [ERROR] Polling thread error: PLC disconnected: timed out
2026-02-11 19:38:10,467 [ERROR] Polling thread error: PLC disconnected: timed out
2026-02-11 19:38:13,544 [ERROR] Polling thread error: PLC disconnected: timed out
2026-02-11 19:38:16,622 [ERROR] Polling thread error: PLC disconnected: timed out
2026-02-11 19:38:19,700 [ERROR] Polling thread error: PLC disconnected: timed out
2026-02-11 19:38:22,778 [ERROR] Polling thread error: PLC disconnected: timed out
2026-02-11 19:38:25,857 [ERROR] Polling thread error: PLC disconnected: timed out
2026-02-11 19:38:28,939 [ERROR] Polling thread error: PLC disconnected: timed out
2026-02-11 19:38:32,018 [ERROR] Polling thread error: PLC disconnected: timed out
2026-02-11 19:38:33,097 [ERROR] Polling thread error: PLC disconnected: [WinError 10051] A socket operation was attempted to an unreachable network
2026-02-11 19:38:34,185 [ERROR] Polling thread error: PLC disconnected: [WinError 10051] A socket operation was attempted to an unreachable network
2026-02-11 19:38:35,274 [ERROR] Polling thread error: PLC disconnected: [WinError 10051] A socket operation was attempted to an unreachable network
2026-02-11 19:38:36,352 [ERROR] Polling thread error: PLC disconnected: [WinError 10051] A socket operation was attempted to an unreachable network
2026-02-11 19:38:37,439 [ERROR] Polling thread error: PLC disconnected: [WinError 10051] A socket operation was attempted to an unreachable network
2026-02-11 19:38:40,518 [ERROR] Polling thread error: PLC disconnected: timed out
2026-02-11 19:38:43,596 [ERROR] Polling thread error: PLC disconnected: timed out
2026-02-11 19:38:46,675 [ERROR] Polling thread error: PLC disconnected: timed out
2026-02-11 19:38:49,752 [ERROR] Polling thread error: PLC disconnected: timed out
2026-02-11 19:38:52,834 [ERROR] Polling thread error: PLC disconnected: timed out
2026-02-11 19:38:55,913 [ERROR] Polling thread error: PLC disconnected: timed out
2026-02-11 19:38:58,993 [ERROR] Polling thread error: PLC disconnected: timed out
2026-02-11 19:39:02,071 [ERROR] Polling thread error: PLC disconnected: timed out
2026-02-11 19:39:05,152 [ERROR] Polling thread error: PLC disconnected: timed out
2026-02-11 19:39:08,231 [ERROR] Polling thread error: PLC disconnected: timed out
2026-02-11 19:39:11,308 [ERROR] Polling thread error: PLC disconnected: timed out
2026-02-11 19:39:14,388 [ERROR] Polling thread error: PLC disconnected: timed out
2026-02-11 19:39:17,466 [ERROR] Polling thread error: PLC disconnected: timed out
2026-02-11 19:39:20,544 [ERROR] Polling thread error: PLC disconnected: timed out
2026-02-11 19:39:23,625 [ERROR] Polling thread error: PLC disconnected: timed out
2026-02-11 19:39:26,705 [ERROR] Polling thread error: PLC disconnected: timed out
2026-02-11 19:39:29,784 [ERROR] Polling thread error: PLC disconnected: timed out
2026-02-11 19:39:32,864 [ERROR] Polling thread error: PLC disconnected: timed out
2026-02-11 19:39:35,944 [ERROR] Polling thread error: PLC disconnected: timed out
2026-02-11 19:39:39,023 [ERROR] Polling thread error: PLC disconnected: timed out
2026-02-11 19:39:42,101 [ERROR] Polling thread error: PLC disconnected: timed out
2026-02-11 19:39:45,180 [ERROR] Polling thread error: PLC disconnected: timed out
2026-02-11 19:39:48,258 [ERROR] Polling thread error: PLC disconnected: timed out
2026-02-11 19:39:51,338 [ERROR] Polling thread error: PLC disconnected: timed out
2026-02-11 19:39:54,416 [ERROR] Polling thread error: PLC disconnected: timed out
2026-02-11 19:39:57,495 [ERROR] Polling thread error: PLC disconnected: timed out
2026-02-11 19:40:00,574 [ERROR] Polling thread error: PLC disconnected: timed out
2026-02-11 19:40:03,650 [ERROR] Polling thread error: PLC disconnected: timed out
2026-02-11 19:40:12,231 [ERROR] Polling thread error: [WinError 10054] An existing connection was forcibly closed by the remote host
2026-02-11 19:40:34,842 [ERROR] CRITICAL ERROR: High Health Index! X:2621.4 Y:2.2 Z:2623.2
2026-02-11 19:40:39,365 [ERROR] CRITICAL ERROR: High Health Index! X:2623.2 Y:2.8 Z:1.8
2026-02-11 19:42:06,946 [WARNING] [Inference] TensorRT or cuda-python not installed: No module named 'tensorrt'
2026-02-11 19:42:07,517 [INFO] [Inference] Using GPU
2026-02-11 19:42:07,518 [INFO] [Inference] Loading OpenVINO model from C:\MyStuff\VS\MECup\backend\inference\openvino_model\model.xml
2026-02-11 19:42:08,921 [INFO] [Inference] Using OpenVINO backend on GPU
2026-02-11 19:42:09,104 [INFO] [Inference] Model ready (openvino)
2026-02-11 19:42:09,104 [ERROR] Error in inference process: [Errno 2] No such file or directory: 'C:\\MyStuff\\VS\\MECup\\backend\\inference\\stitched_result2.jpg'
2026-02-11 19:42:11,439 [WARNING] [Inference] TensorRT or cuda-python not installed: No module named 'tensorrt'
2026-02-11 19:42:12,029 [INFO] [Inference] Using GPU
2026-02-11 19:42:12,030 [INFO] [Inference] Loading OpenVINO model from C:\MyStuff\VS\MECup\backend\inference\openvino_model\model.xml
2026-02-11 19:42:13,665 [INFO] [Inference] Using OpenVINO backend on GPU
2026-02-11 19:42:13,873 [INFO] [Inference] Model ready (openvino)
2026-02-11 19:42:13,875 [ERROR] Error in inference process: [Errno 2] No such file or directory: 'C:\\MyStuff\\VS\\MECup\\backend\\inference\\stitched_result2.jpg'
2026-02-11 19:42:16,548 [WARNING] [Inference] TensorRT or cuda-python not installed: No module named 'tensorrt'
2026-02-11 19:42:17,149 [INFO] [Inference] Using GPU
2026-02-11 19:42:17,150 [INFO] [Inference] Loading OpenVINO model from C:\MyStuff\VS\MECup\backend\inference\openvino_model\model.xml
2026-02-11 19:42:19,306 [INFO] [Inference] Using OpenVINO backend on GPU
2026-02-11 19:42:19,539 [INFO] [Inference] Model ready (openvino)
2026-02-11 19:42:19,540 [ERROR] Error in inference process: [Errno 2] No such file or directory: 'C:\\MyStuff\\VS\\MECup\\backend\\inference\\stitched_result2.jpg'
2026-02-11 19:42:23,033 [ERROR] CRITICAL ERROR: High Health Index! X:2616.8 Y:2617.8 Z:3.8
2026-02-11 19:51:53,451 [WARNING] [Inference] TensorRT or cuda-python not installed: No module named 'tensorrt'
2026-02-11 19:51:54,031 [INFO] [Inference] Using GPU
2026-02-11 19:51:54,031 [INFO] [Inference] Loading OpenVINO model from C:\MyStuff\VS\MECup\backend\inference\openvino_model\model.xml
2026-02-11 19:51:55,406 [INFO] [Inference] Using OpenVINO backend on GPU
2026-02-11 19:51:55,582 [INFO] [Inference] Model ready (openvino)
2026-02-11 19:51:55,583 [ERROR] Error in inference process: [Errno 2] No such file or directory: 'C:\\MyStuff\\VS\\MECup\\backend\\inference\\stitched_result2.jpg'
2026-02-11 19:51:57,722 [WARNING] [Inference] TensorRT or cuda-python not installed: No module named 'tensorrt'
2026-02-11 19:51:58,261 [INFO] [Inference] Using GPU
2026-02-11 19:51:58,261 [INFO] [Inference] Loading OpenVINO model from C:\MyStuff\VS\MECup\backend\inference\openvino_model\model.xml
2026-02-11 19:51:59,608 [INFO] [Inference] Using OpenVINO backend on GPU
2026-02-11 19:51:59,796 [INFO] [Inference] Model ready (openvino)
2026-02-11 19:51:59,796 [ERROR] Error in inference process: [Errno 2] No such file or directory: 'C:\\MyStuff\\VS\\MECup\\backend\\inference\\stitched_result2.jpg'
2026-02-11 19:52:00,117 [ERROR] CRITICAL ERROR: High Health Index! X:2621.2 Y:6.9 Z:2.4
2026-02-11 19:52:01,995 [WARNING] [Inference] TensorRT or cuda-python not installed: No module named 'tensorrt'
2026-02-11 19:52:02,651 [INFO] [Inference] Using GPU
2026-02-11 19:52:02,651 [INFO] [Inference] Loading OpenVINO model from C:\MyStuff\VS\MECup\backend\inference\openvino_model\model.xml
2026-02-11 19:52:04,525 [INFO] [Inference] Using OpenVINO backend on GPU
2026-02-11 19:52:04,738 [INFO] [Inference] Model ready (openvino)
2026-02-11 19:52:04,738 [ERROR] Error in inference process: [Errno 2] No such file or directory: 'C:\\MyStuff\\VS\\MECup\\backend\\inference\\stitched_result2.jpg'
2026-02-11 19:53:58,486 [ERROR] CRITICAL ERROR: High Health Index! X:2622.7 Y:7.2 Z:2.3
2026-02-11 19:54:09,167 [ERROR] CRITICAL ERROR: High Health Index! X:2628.3 Y:7.2 Z:2.3
2026-02-11 19:54:21,733 [ERROR] CRITICAL ERROR: High Health Index! X:2624.3 Y:7.2 Z:2.3
2026-02-11 19:58:03,839 [ERROR] Polling thread error: [WinError 10054] An existing connection was forcibly closed by the remote host
2026-02-11 19:58:06,919 [ERROR] Polling thread error: PLC disconnected: timed out
2026-02-11 19:58:10,001 [ERROR] Polling thread error: PLC disconnected: timed out
2026-02-11 19:58:13,080 [ERROR] Polling thread error: PLC disconnected: timed out
2026-02-11 19:58:16,177 [ERROR] Polling thread error: PLC disconnected: timed out
2026-02-11 19:58:19,269 [ERROR] Polling thread error: PLC disconnected: timed out
2026-02-11 19:58:22,369 [ERROR] Polling thread error: PLC disconnected: timed out
2026-02-11 19:58:25,475 [ERROR] Polling thread error: PLC disconnected: timed out
2026-02-11 19:58:28,577 [ERROR] Polling thread error: PLC disconnected: timed out
2026-02-11 19:58:31,670 [ERROR] Polling thread error: PLC disconnected: timed out
2026-02-11 19:58:34,761 [ERROR] Polling thread error: PLC disconnected: timed out
2026-02-11 19:58:37,870 [ERROR] Polling thread error: PLC disconnected: timed out
2026-02-11 19:58:38,973 [ERROR] Polling thread error: PLC Connection Closed
2026-02-11 19:58:40,068 [ERROR] Polling thread error: PLC Connection Closed
2026-02-11 19:58:41,202 [ERROR] Polling thread error: PLC Connection Closed
2026-02-11 19:58:42,295 [ERROR] Polling thread error: PLC Connection Closed
2026-02-11 19:58:43,398 [ERROR] Polling thread error: PLC Connection Closed
2026-02-11 19:58:44,494 [ERROR] Polling thread error: PLC Connection Closed
2026-02-11 19:58:45,603 [ERROR] Polling thread error: PLC Connection Closed
2026-02-11 19:58:46,703 [ERROR] Polling thread error: PLC Connection Closed
2026-02-11 19:58:47,789 [ERROR] Polling thread error: PLC Connection Closed
2026-02-11 19:58:48,887 [ERROR] Polling thread error: PLC Connection Closed
2026-02-11 19:58:49,972 [ERROR] Polling thread error: PLC Connection Closed
2026-02-11 19:58:51,063 [ERROR] Polling thread error: PLC Connection Closed
2026-02-11 19:58:52,150 [ERROR] Polling thread error: PLC Connection Closed
2026-02-11 19:58:53,240 [ERROR] Polling thread error: PLC Connection Closed
2026-02-11 20:04:10,633 [WARNING] [Inference] TensorRT or cuda-python not installed: No module named 'tensorrt'
2026-02-11 20:04:10,967 [INFO] [Inference] Using GPU
2026-02-11 20:04:10,967 [INFO] [Inference] Loading OpenVINO model from C:\MyStuff\VS\MECup\backend\inference\openvino_model\model.xml
2026-02-11 20:04:11,675 [INFO] [Inference] Using OpenVINO backend on GPU
2026-02-11 20:04:11,937 [INFO] [Inference] Model ready (openvino)
2026-02-11 20:04:11,938 [ERROR] Error in inference process: [Errno 2] No such file or directory: 'C:\\MyStuff\\VS\\MECup\\backend\\inference\\stitched_result2.jpg'
2026-02-11 20:04:12,117 [ERROR] CRITICAL ERROR: High Health Index! X:2621.5 Y:2621.4 Z:3.3
2026-02-11 20:04:13,022 [WARNING] [Inference] TensorRT or cuda-python not installed: No module named 'tensorrt'
2026-02-11 20:04:13,316 [INFO] [Inference] Using GPU
2026-02-11 20:04:13,317 [INFO] [Inference] Loading OpenVINO model from C:\MyStuff\VS\MECup\backend\inference\openvino_model\model.xml
2026-02-11 20:04:14,020 [INFO] [Inference] Using OpenVINO backend on GPU
2026-02-11 20:04:14,208 [INFO] [Inference] Model ready (openvino)
2026-02-11 20:04:14,208 [ERROR] Error in inference process: [Errno 2] No such file or directory: 'C:\\MyStuff\\VS\\MECup\\backend\\inference\\stitched_result2.jpg'
2026-02-11 20:06:04,642 [WARNING] [Inference] TensorRT or cuda-python not installed: No module named 'tensorrt'
2026-02-11 20:06:04,939 [INFO] [Inference] Using GPU
2026-02-11 20:06:04,940 [INFO] [Inference] Loading OpenVINO model from C:\MyStuff\VS\MECup\backend\inference\openvino_model\model.xml
2026-02-11 20:06:05,655 [INFO] [Inference] Using OpenVINO backend on GPU
2026-02-11 20:06:05,906 [INFO] [Inference] Model ready (openvino)
2026-02-11 20:06:05,906 [ERROR] Error in inference process: [Errno 2] No such file or directory: 'C:\\MyStuff\\VS\\MECup\\backend\\inference\\stitched_result2.jpg'
2026-02-11 20:06:06,945 [WARNING] [Inference] TensorRT or cuda-python not installed: No module named 'tensorrt'
2026-02-11 20:06:07,225 [INFO] [Inference] Using GPU
2026-02-11 20:06:07,225 [INFO] [Inference] Loading OpenVINO model from C:\MyStuff\VS\MECup\backend\inference\openvino_model\model.xml
2026-02-11 20:06:07,951 [INFO] [Inference] Using OpenVINO backend on GPU
2026-02-11 20:06:08,195 [INFO] [Inference] Model ready (openvino)
2026-02-11 20:06:08,195 [ERROR] Error in inference process: [Errno 2] No such file or directory: 'C:\\MyStuff\\VS\\MECup\\backend\\inference\\stitched_result2.jpg'
2026-02-11 20:11:16,371 [WARNING] [Inference] TensorRT or cuda-python not installed: No module named 'tensorrt'
2026-02-11 20:11:16,642 [INFO] [Inference] Using GPU
2026-02-11 20:11:16,642 [INFO] [Inference] Loading OpenVINO model from C:\MyStuff\VS\MECup\backend\inference\openvino_model\model.xml
2026-02-11 20:11:18,222 [WARNING] [Inference] TensorRT or cuda-python not installed: No module named 'tensorrt'
2026-02-11 20:11:18,493 [INFO] [Inference] Using GPU
2026-02-11 20:11:18,494 [INFO] [Inference] Loading OpenVINO model from C:\MyStuff\VS\MECup\backend\inference\openvino_model\model.xml
2026-02-11 20:11:19,109 [INFO] [Inference] Using OpenVINO backend on GPU
2026-02-11 20:11:19,286 [INFO] [Inference] Model ready (openvino)
2026-02-11 20:11:19,286 [ERROR] Error in inference process: [Errno 2] No such file or directory: 'C:\\MyStuff\\VS\\MECup\\backend\\inference\\stitched_result2.jpg'
2026-02-11 20:11:20,242 [WARNING] [Inference] TensorRT or cuda-python not installed: No module named 'tensorrt'
2026-02-11 20:11:20,522 [INFO] [Inference] Using GPU
2026-02-11 20:11:20,523 [INFO] [Inference] Loading OpenVINO model from C:\MyStuff\VS\MECup\backend\inference\openvino_model\model.xml
2026-02-11 20:11:21,173 [INFO] [Inference] Using OpenVINO backend on GPU
2026-02-11 20:11:21,356 [INFO] [Inference] Model ready (openvino)
2026-02-11 20:11:21,357 [ERROR] Error in inference process: [Errno 2] No such file or directory: 'C:\\MyStuff\\VS\\MECup\\backend\\inference\\stitched_result2.jpg'
2026-02-11 20:12:03,975 [WARNING] [Inference] TensorRT or cuda-python not installed: No module named 'tensorrt'
2026-02-11 20:12:04,234 [INFO] [Inference] Using GPU
2026-02-11 20:12:04,234 [INFO] [Inference] Loading OpenVINO model from C:\MyStuff\VS\MECup\backend\inference\openvino_model\model.xml
2026-02-11 20:12:04,841 [INFO] [Inference] Using OpenVINO backend on GPU
2026-02-11 20:12:05,022 [INFO] [Inference] Model ready (openvino)
2026-02-11 20:12:05,022 [ERROR] Error in inference process: [Errno 2] No such file or directory: 'C:\\MyStuff\\VS\\MECup\\backend\\inference\\stitched_result2.jpg'
2026-02-11 20:12:05,881 [WARNING] [Inference] TensorRT or cuda-python not installed: No module named 'tensorrt'
2026-02-11 20:12:06,150 [INFO] [Inference] Using GPU
2026-02-11 20:12:06,150 [INFO] [Inference] Loading OpenVINO model from C:\MyStuff\VS\MECup\backend\inference\openvino_model\model.xml
2026-02-11 20:12:06,757 [INFO] [Inference] Using OpenVINO backend on GPU
2026-02-11 20:12:06,925 [INFO] [Inference] Model ready (openvino)
2026-02-11 20:12:06,925 [ERROR] Error in inference process: [Errno 2] No such file or directory: 'C:\\MyStuff\\VS\\MECup\\backend\\inference\\stitched_result2.jpg'
2026-02-11 20:12:46,979 [WARNING] [Inference] TensorRT or cuda-python not installed: No module named 'tensorrt'
2026-02-11 20:12:47,257 [INFO] [Inference] Using GPU
2026-02-11 20:12:47,258 [INFO] [Inference] Loading OpenVINO model from C:\MyStuff\VS\MECup\backend\inference\openvino_model\model.xml
2026-02-11 20:12:47,864 [INFO] [Inference] Using OpenVINO backend on GPU
2026-02-11 20:12:48,029 [INFO] [Inference] Model ready (openvino)
2026-02-11 20:12:48,029 [ERROR] Error in inference process: [Errno 2] No such file or directory: 'C:\\MyStuff\\VS\\MECup\\backend\\inference\\stitched_result2.jpg'
2026-02-11 20:12:48,794 [WARNING] [Inference] TensorRT or cuda-python not installed: No module named 'tensorrt'
2026-02-11 20:12:49,056 [INFO] [Inference] Using GPU
2026-02-11 20:12:49,056 [INFO] [Inference] Loading OpenVINO model from C:\MyStuff\VS\MECup\backend\inference\openvino_model\model.xml
2026-02-11 20:12:49,640 [INFO] [Inference] Using OpenVINO backend on GPU
2026-02-11 20:12:49,801 [INFO] [Inference] Model ready (openvino)
2026-02-11 20:12:49,801 [ERROR] Error in inference process: [Errno 2] No such file or directory: 'C:\\MyStuff\\VS\\MECup\\backend\\inference\\stitched_result2.jpg'
2026-02-11 20:12:50,641 [WARNING] [Inference] TensorRT or cuda-python not installed: No module named 'tensorrt'
2026-02-11 20:12:50,892 [INFO] [Inference] Using GPU
2026-02-11 20:12:50,892 [INFO] [Inference] Loading OpenVINO model from C:\MyStuff\VS\MECup\backend\inference\openvino_model\model.xml
2026-02-11 20:12:51,491 [INFO] [Inference] Using OpenVINO backend on GPU
2026-02-11 20:12:51,661 [INFO] [Inference] Model ready (openvino)
2026-02-11 20:12:51,661 [ERROR] Error in inference process: [Errno 2] No such file or directory: 'C:\\MyStuff\\VS\\MECup\\backend\\inference\\stitched_result2.jpg'
2026-02-11 20:14:54,518 [WARNING] [Inference] TensorRT or cuda-python not installed: No module named 'tensorrt'
2026-02-11 20:14:54,783 [INFO] [Inference] Using GPU
2026-02-11 20:14:54,783 [INFO] [Inference] Loading OpenVINO model from C:\MyStuff\VS\MECup\backend\inference\openvino_model\model.xml
2026-02-11 20:14:55,385 [INFO] [Inference] Using OpenVINO backend on GPU
2026-02-11 20:14:55,552 [INFO] [Inference] Model ready (openvino)
2026-02-11 20:14:55,552 [ERROR] Error in inference process: [Errno 2] No such file or directory: 'C:\\MyStuff\\VS\\MECup\\backend\\inference\\stitched_result2.jpg'
2026-02-11 20:14:56,464 [WARNING] [Inference] TensorRT or cuda-python not installed: No module named 'tensorrt'
2026-02-11 20:14:56,744 [INFO] [Inference] Using GPU
2026-02-11 20:14:56,744 [INFO] [Inference] Loading OpenVINO model from C:\MyStuff\VS\MECup\backend\inference\openvino_model\model.xml
2026-02-11 20:14:57,397 [INFO] [Inference] Using OpenVINO backend on GPU
2026-02-11 20:14:57,577 [INFO] [Inference] Model ready (openvino)
2026-02-11 20:14:57,577 [ERROR] Error in inference process: [Errno 2] No such file or directory: 'C:\\MyStuff\\VS\\MECup\\backend\\inference\\stitched_result2.jpg'
2026-02-11 20:15:30,635 [WARNING] [Inference] TensorRT or cuda-python not installed: No module named 'tensorrt'
2026-02-11 20:15:30,935 [INFO] [Inference] Using GPU
2026-02-11 20:15:30,935 [INFO] [Inference] Loading OpenVINO model from C:\MyStuff\VS\MECup\backend\inference\openvino_model\model.xml
2026-02-11 20:15:31,648 [INFO] [Inference] Using OpenVINO backend on GPU
2026-02-11 20:15:31,891 [INFO] [Inference] Model ready (openvino)
2026-02-11 20:15:31,892 [ERROR] Error in inference process: [Errno 2] No such file or directory: 'C:\\MyStuff\\VS\\MECup\\backend\\inference\\stitched_result2.jpg'
2026-02-11 20:15:32,883 [WARNING] [Inference] TensorRT or cuda-python not installed: No module named 'tensorrt'
2026-02-11 20:15:33,167 [INFO] [Inference] Using GPU
2026-02-11 20:15:33,167 [INFO] [Inference] Loading OpenVINO model from C:\MyStuff\VS\MECup\backend\inference\openvino_model\model.xml
2026-02-11 20:15:33,872 [INFO] [Inference] Using OpenVINO backend on GPU
2026-02-11 20:15:34,121 [INFO] [Inference] Model ready (openvino)
2026-02-11 20:15:34,121 [ERROR] Error in inference process: [Errno 2] No such file or directory: 'C:\\MyStuff\\VS\\MECup\\backend\\inference\\stitched_result2.jpg'
>>>>>>> fc87e01346b27708aecbba132b1b100549e307ae
2026-02-12 08:54:27,440 [WARNING] [Inference] TensorRT or cuda-python not installed: No module named 'tensorrt'
2026-02-12 08:54:27,703 [INFO] [Inference] Using GPU
2026-02-12 08:54:27,704 [INFO] [Inference] Loading OpenVINO model from c:\MyStuff\VS\MECup\backend\inference\openvino_model\model.xml
2026-02-12 08:54:28,288 [INFO] [Inference] Using OpenVINO backend on GPU
2026-02-12 08:54:28,457 [INFO] [Inference] Model ready (openvino)
2026-02-12 08:54:28,457 [ERROR] Error in inference process: [Errno 2] No such file or directory: 'C:\\MyStuff\\VS\\MECup\\backend\\inference\\stitched_result2.jpg'
2026-02-12 08:54:29,234 [WARNING] [Inference] TensorRT or cuda-python not installed: No module named 'tensorrt'
2026-02-12 08:54:29,506 [INFO] [Inference] Using GPU
2026-02-12 08:54:29,506 [INFO] [Inference] Loading OpenVINO model from c:\MyStuff\VS\MECup\backend\inference\openvino_model\model.xml
2026-02-12 08:54:30,115 [INFO] [Inference] Using OpenVINO backend on GPU
2026-02-12 08:54:30,278 [INFO] [Inference] Model ready (openvino)
2026-02-12 08:54:30,279 [ERROR] Error in inference process: [Errno 2] No such file or directory: 'C:\\MyStuff\\VS\\MECup\\backend\\inference\\stitched_result2.jpg'
2026-02-12 08:59:47,717 [WARNING] [Inference] TensorRT or cuda-python not installed: No module named 'tensorrt'
2026-02-12 08:59:48,016 [INFO] [Inference] Using GPU
2026-02-12 08:59:48,016 [INFO] [Inference] Loading OpenVINO model from c:\MyStuff\VS\MECup\backend\inference\openvino_model\model.xml
2026-02-12 08:59:48,598 [INFO] [Inference] Using OpenVINO backend on GPU
2026-02-12 08:59:48,761 [INFO] [Inference] Model ready (openvino)
2026-02-12 08:59:48,763 [ERROR] Error in inference process: [Errno 2] No such file or directory: 'C:\\MyStuff\\VS\\MECup\\backend\\inference\\stitched_result2.jpg'
2026-02-12 08:59:49,535 [WARNING] [Inference] TensorRT or cuda-python not installed: No module named 'tensorrt'
2026-02-12 08:59:49,809 [INFO] [Inference] Using GPU
2026-02-12 08:59:49,810 [INFO] [Inference] Loading OpenVINO model from c:\MyStuff\VS\MECup\backend\inference\openvino_model\model.xml
2026-02-12 08:59:50,458 [INFO] [Inference] Using OpenVINO backend on GPU
2026-02-12 08:59:50,642 [INFO] [Inference] Model ready (openvino)
2026-02-12 08:59:50,642 [ERROR] Error in inference process: [Errno 2] No such file or directory: 'C:\\MyStuff\\VS\\MECup\\backend\\inference\\stitched_result2.jpg'
2026-02-12 09:36:02,285 [WARNING] [Inference] TensorRT or cuda-python not installed: No module named 'tensorrt'
2026-02-12 09:36:02,647 [INFO] [Inference] Using GPU
2026-02-12 09:36:02,648 [INFO] [Inference] Loading OpenVINO model from C:\MyStuff\VS\MECup\backend\inference\openvino_model\model.xml
2026-02-12 09:36:03,467 [INFO] [Inference] Using OpenVINO backend on GPU
2026-02-12 09:36:03,654 [INFO] [Inference] Model ready (openvino)
2026-02-12 09:36:03,654 [ERROR] Error in inference process: [Errno 2] No such file or directory: 'C:\\MyStuff\\VS\\MECup\\backend\\inference\\stitched_result2.jpg'
2026-02-12 09:36:07,804 [WARNING] [Inference] TensorRT or cuda-python not installed: No module named 'tensorrt'
2026-02-12 09:36:08,148 [INFO] [Inference] Using GPU
2026-02-12 09:36:08,148 [INFO] [Inference] Loading OpenVINO model from C:\MyStuff\VS\MECup\backend\inference\openvino_model\model.xml
2026-02-12 09:36:08,972 [INFO] [Inference] Using OpenVINO backend on GPU
2026-02-12 09:36:09,154 [INFO] [Inference] Model ready (openvino)
2026-02-12 09:36:09,154 [ERROR] Error in inference process: [Errno 2] No such file or directory: 'C:\\MyStuff\\VS\\MECup\\backend\\inference\\stitched_result2.jpg'
2026-02-12 09:36:11,254 [ERROR] Polling thread error: PLC disconnected: timed out
2026-02-12 09:36:13,398 [WARNING] [Inference] TensorRT or cuda-python not installed: No module named 'tensorrt'
2026-02-12 09:36:13,725 [INFO] [Inference] Using GPU
2026-02-12 09:36:13,725 [INFO] [Inference] Loading OpenVINO model from C:\MyStuff\VS\MECup\backend\inference\openvino_model\model.xml
2026-02-12 09:36:14,332 [ERROR] Polling thread error: PLC disconnected: timed out
2026-02-12 09:36:14,536 [INFO] [Inference] Using OpenVINO backend on GPU
2026-02-12 09:36:14,729 [INFO] [Inference] Model ready (openvino)
2026-02-12 09:36:14,729 [ERROR] Error in inference process: [Errno 2] No such file or directory: 'C:\\MyStuff\\VS\\MECup\\backend\\inference\\stitched_result2.jpg'
2026-02-12 09:36:17,409 [ERROR] Polling thread error: PLC disconnected: timed out
2026-02-12 09:36:20,486 [ERROR] Polling thread error: PLC disconnected: timed out
2026-02-12 09:36:23,563 [ERROR] Polling thread error: PLC disconnected: timed out
2026-02-12 09:36:26,640 [ERROR] Polling thread error: PLC disconnected: timed out
2026-02-12 09:36:29,718 [ERROR] Polling thread error: PLC disconnected: timed out
2026-02-12 09:36:32,795 [ERROR] Polling thread error: PLC disconnected: timed out
2026-02-12 09:36:35,871 [ERROR] Polling thread error: PLC disconnected: timed out
2026-02-12 09:36:38,949 [ERROR] Polling thread error: PLC disconnected: timed out
2026-02-12 09:36:42,027 [ERROR] Polling thread error: PLC disconnected: timed out
2026-02-12 09:36:45,123 [ERROR] Polling thread error: PLC disconnected: timed out
2026-02-12 09:36:48,223 [ERROR] Polling thread error: PLC disconnected: timed out
2026-02-12 09:36:51,311 [ERROR] Polling thread error: PLC disconnected: timed out
2026-02-12 09:36:54,389 [ERROR] Polling thread error: PLC disconnected: timed out
2026-02-12 09:36:57,480 [ERROR] Polling thread error: PLC disconnected: timed out
2026-02-12 09:37:00,571 [ERROR] Polling thread error: PLC disconnected: timed out
2026-02-12 09:37:03,673 [ERROR] Polling thread error: PLC disconnected: timed out
2026-02-12 09:37:06,767 [ERROR] Polling thread error: PLC disconnected: timed out
2026-02-12 09:37:09,861 [ERROR] Polling thread error: PLC disconnected: timed out
2026-02-12 09:37:12,940 [ERROR] Polling thread error: PLC disconnected: timed out
2026-02-12 09:37:16,018 [ERROR] Polling thread error: PLC disconnected: timed out
2026-02-12 09:37:19,096 [ERROR] Polling thread error: PLC disconnected: timed out
2026-02-12 09:37:22,172 [ERROR] Polling thread error: PLC disconnected: timed out
2026-02-12 09:37:25,249 [ERROR] Polling thread error: PLC disconnected: timed out
2026-02-12 09:37:28,328 [ERROR] Polling thread error: PLC disconnected: timed out
2026-02-12 09:37:31,404 [ERROR] Polling thread error: PLC disconnected: timed out
2026-02-12 09:37:34,482 [ERROR] Polling thread error: PLC disconnected: timed out
2026-02-12 09:37:37,559 [ERROR] Polling thread error: PLC disconnected: timed out
2026-02-12 09:37:40,637 [ERROR] Polling thread error: PLC disconnected: timed out
2026-02-12 09:37:43,719 [ERROR] Polling thread error: PLC disconnected: timed out
2026-02-12 09:37:46,812 [ERROR] Polling thread error: PLC disconnected: timed out
2026-02-12 09:37:49,898 [ERROR] Polling thread error: PLC disconnected: timed out
2026-02-12 09:37:52,993 [ERROR] Polling thread error: PLC disconnected: timed out
2026-02-12 09:37:56,090 [ERROR] Polling thread error: PLC disconnected: timed out
2026-02-12 09:37:59,187 [ERROR] Polling thread error: PLC disconnected: timed out
2026-02-12 09:38:02,279 [ERROR] Polling thread error: PLC disconnected: timed out
2026-02-12 09:38:05,375 [ERROR] Polling thread error: PLC disconnected: timed out
2026-02-12 09:38:08,460 [ERROR] Polling thread error: PLC disconnected: timed out
2026-02-12 09:38:11,548 [ERROR] Polling thread error: PLC disconnected: timed out
2026-02-12 09:38:14,643 [ERROR] Polling thread error: PLC disconnected: timed out
2026-02-12 09:38:17,744 [ERROR] Polling thread error: PLC disconnected: timed out
2026-02-12 09:38:20,841 [ERROR] Polling thread error: PLC disconnected: timed out
2026-02-12 09:38:23,933 [ERROR] Polling thread error: PLC disconnected: timed out
2026-02-12 09:38:27,041 [ERROR] Polling thread error: PLC disconnected: timed out
2026-02-12 09:38:30,138 [ERROR] Polling thread error: PLC disconnected: timed out
2026-02-12 09:38:33,233 [ERROR] Polling thread error: PLC disconnected: timed out
2026-02-12 09:38:36,331 [ERROR] Polling thread error: PLC disconnected: timed out
2026-02-12 09:38:39,428 [ERROR] Polling thread error: PLC disconnected: timed out
2026-02-12 09:38:42,515 [ERROR] Polling thread error: PLC disconnected: timed out
2026-02-12 09:38:45,607 [ERROR] Polling thread error: PLC disconnected: timed out
2026-02-12 09:38:48,684 [ERROR] Polling thread error: PLC disconnected: timed out
2026-02-12 09:38:51,762 [ERROR] Polling thread error: PLC disconnected: timed out
2026-02-12 09:38:54,839 [ERROR] Polling thread error: PLC disconnected: timed out
2026-02-12 09:38:57,917 [ERROR] Polling thread error: PLC disconnected: timed out
2026-02-12 09:39:00,996 [ERROR] Polling thread error: PLC disconnected: timed out
2026-02-12 09:39:04,073 [ERROR] Polling thread error: PLC disconnected: timed out
2026-02-12 09:39:07,151 [ERROR] Polling thread error: PLC disconnected: timed out
2026-02-12 09:39:10,227 [ERROR] Polling thread error: PLC disconnected: timed out
2026-02-12 09:39:13,304 [ERROR] Polling thread error: PLC disconnected: timed out
2026-02-12 09:39:16,381 [ERROR] Polling thread error: PLC disconnected: timed out
2026-02-12 09:39:19,458 [ERROR] Polling thread error: PLC disconnected: timed out
2026-02-12 09:39:22,537 [ERROR] Polling thread error: PLC disconnected: timed out
2026-02-12 09:39:25,614 [ERROR] Polling thread error: PLC disconnected: timed out
2026-02-12 09:39:28,693 [ERROR] Polling thread error: PLC disconnected: timed out
2026-02-12 09:39:31,770 [ERROR] Polling thread error: PLC disconnected: timed out
2026-02-12 09:39:34,848 [ERROR] Polling thread error: PLC disconnected: timed out
2026-02-12 09:39:37,925 [ERROR] Polling thread error: PLC disconnected: timed out
2026-02-12 09:39:41,022 [ERROR] Polling thread error: PLC disconnected: timed out
2026-02-12 09:39:44,105 [ERROR] Polling thread error: PLC disconnected: timed out
2026-02-12 09:39:47,194 [ERROR] Polling thread error: PLC disconnected: timed out
2026-02-12 09:39:50,271 [ERROR] Polling thread error: PLC disconnected: timed out
2026-02-12 09:39:57,186 [WARNING] [Inference] TensorRT or cuda-python not installed: No module named 'tensorrt'
2026-02-12 09:39:57,535 [INFO] [Inference] Using GPU
2026-02-12 09:39:57,536 [INFO] [Inference] Loading OpenVINO model from C:\MyStuff\VS\MECup\backend\inference\openvino_model\model.xml
2026-02-12 09:39:58,133 [INFO] [Inference] Using OpenVINO backend on GPU
2026-02-12 09:39:58,294 [INFO] [Inference] Model ready (openvino)
2026-02-12 09:39:58,294 [ERROR] Error in inference process: [Errno 2] No such file or directory: 'C:\\MyStuff\\VS\\MECup\\backend\\inference\\stitched_result2.jpg'
2026-02-12 09:40:00,389 [ERROR] Polling thread error: PLC disconnected: timed out
2026-02-12 09:40:02,312 [WARNING] [Inference] TensorRT or cuda-python not installed: No module named 'tensorrt'
2026-02-12 09:40:02,637 [INFO] [Inference] Using GPU
2026-02-12 09:40:02,637 [INFO] [Inference] Loading OpenVINO model from C:\MyStuff\VS\MECup\backend\inference\openvino_model\model.xml
2026-02-12 09:40:03,249 [INFO] [Inference] Using OpenVINO backend on GPU
2026-02-12 09:40:03,419 [INFO] [Inference] Model ready (openvino)
2026-02-12 09:40:03,419 [ERROR] Error in inference process: [Errno 2] No such file or directory: 'C:\\MyStuff\\VS\\MECup\\backend\\inference\\stitched_result2.jpg'
2026-02-12 09:40:03,466 [ERROR] Polling thread error: PLC disconnected: timed out
2026-02-12 09:40:06,544 [ERROR] Polling thread error: PLC disconnected: timed out
2026-02-12 09:40:09,627 [ERROR] Polling thread error: PLC disconnected: timed out
2026-02-12 09:40:12,739 [ERROR] Polling thread error: PLC disconnected: timed out
2026-02-12 09:40:15,830 [ERROR] Polling thread error: PLC disconnected: timed out
2026-02-12 09:40:18,927 [ERROR] Polling thread error: PLC disconnected: timed out
2026-02-12 09:40:22,017 [ERROR] Polling thread error: PLC disconnected: timed out
2026-02-12 09:40:25,124 [ERROR] Polling thread error: PLC disconnected: timed out
2026-02-12 09:40:28,225 [ERROR] Polling thread error: PLC disconnected: timed out
2026-02-12 09:40:31,338 [ERROR] Polling thread error: PLC disconnected: timed out
2026-02-12 09:40:34,439 [ERROR] Polling thread error: PLC disconnected: timed out
2026-02-12 09:40:37,522 [ERROR] Polling thread error: PLC disconnected: timed out
2026-02-12 09:40:40,610 [ERROR] Polling thread error: PLC disconnected: timed out
2026-02-12 09:40:43,688 [ERROR] Polling thread error: PLC disconnected: timed out
2026-02-12 09:40:46,765 [ERROR] Polling thread error: PLC disconnected: timed out
2026-02-12 09:40:49,843 [ERROR] Polling thread error: PLC disconnected: timed out
2026-02-12 09:40:52,921 [ERROR] Polling thread error: PLC disconnected: timed out
2026-02-12 09:40:56,435 [WARNING] [Inference] TensorRT or cuda-python not installed: No module named 'tensorrt'
2026-02-12 09:40:56,692 [INFO] [Inference] Using GPU
2026-02-12 09:40:56,692 [INFO] [Inference] Loading OpenVINO model from C:\MyStuff\VS\MECup\backend\inference\openvino_model\model.xml
2026-02-12 09:40:57,271 [INFO] [Inference] Using OpenVINO backend on GPU
2026-02-12 09:40:57,435 [INFO] [Inference] Model ready (openvino)
2026-02-12 09:40:57,435 [ERROR] Error in inference process: [Errno 2] No such file or directory: 'C:\\MyStuff\\VS\\MECup\\backend\\inference\\stitched_result2.jpg'
2026-02-12 09:40:58,284 [WARNING] [Inference] TensorRT or cuda-python not installed: No module named 'tensorrt'
2026-02-12 09:40:58,556 [INFO] [Inference] Using GPU
2026-02-12 09:40:58,556 [INFO] [Inference] Loading OpenVINO model from C:\MyStuff\VS\MECup\backend\inference\openvino_model\model.xml
2026-02-12 09:40:59,160 [INFO] [Inference] Using OpenVINO backend on GPU
2026-02-12 09:40:59,356 [INFO] [Inference] Model ready (openvino)
2026-02-12 09:40:59,356 [ERROR] Error in inference process: [Errno 2] No such file or directory: 'C:\\MyStuff\\VS\\MECup\\backend\\inference\\stitched_result2.jpg'
2026-02-12 09:40:59,525 [ERROR] Polling thread error: PLC disconnected: timed out
2026-02-12 09:41:02,601 [ERROR] Polling thread error: PLC disconnected: timed out
2026-02-12 09:41:05,679 [ERROR] Polling thread error: PLC disconnected: timed out
2026-02-12 09:41:08,757 [ERROR] Polling thread error: PLC disconnected: timed out
2026-02-12 09:41:11,834 [ERROR] Polling thread error: PLC disconnected: timed out
2026-02-12 09:41:14,910 [ERROR] Polling thread error: PLC disconnected: timed out
2026-02-12 09:41:17,988 [ERROR] Polling thread error: PLC disconnected: timed out
2026-02-12 09:41:21,093 [ERROR] Polling thread error: PLC disconnected: timed out
2026-02-12 09:41:24,179 [ERROR] Polling thread error: PLC disconnected: timed out
2026-02-12 09:41:27,276 [ERROR] Polling thread error: PLC disconnected: timed out
2026-02-12 09:41:30,375 [ERROR] Polling thread error: PLC disconnected: timed out
2026-02-12 09:41:33,452 [ERROR] Polling thread error: PLC disconnected: timed out
2026-02-12 09:41:36,529 [ERROR] Polling thread error: PLC disconnected: timed out
2026-02-12 09:41:39,608 [ERROR] Polling thread error: PLC disconnected: timed out
2026-02-12 09:41:42,685 [ERROR] Polling thread error: PLC disconnected: timed out
2026-02-12 09:41:45,763 [ERROR] Polling thread error: PLC disconnected: timed out
2026-02-12 09:41:48,839 [ERROR] Polling thread error: PLC disconnected: timed out
2026-02-12 09:41:51,917 [ERROR] Polling thread error: PLC disconnected: timed out
2026-02-12 09:41:54,994 [ERROR] Polling thread error: PLC disconnected: timed out
2026-02-12 09:41:58,072 [ERROR] Polling thread error: PLC disconnected: timed out
2026-02-12 09:42:01,149 [ERROR] Polling thread error: PLC disconnected: timed out
2026-02-12 09:42:04,227 [ERROR] Polling thread error: PLC disconnected: timed out
2026-02-12 09:42:07,304 [ERROR] Polling thread error: PLC disconnected: timed out
2026-02-12 09:42:10,382 [ERROR] Polling thread error: PLC disconnected: timed out
2026-02-12 09:42:12,179 [WARNING] [Inference] TensorRT or cuda-python not installed: No module named 'tensorrt'
2026-02-12 09:42:12,458 [INFO] [Inference] Using GPU
2026-02-12 09:42:12,458 [INFO] [Inference] Loading OpenVINO model from C:\MyStuff\VS\MECup\backend\inference\openvino_model\model.xml
2026-02-12 09:42:13,060 [INFO] [Inference] Using OpenVINO backend on GPU
2026-02-12 09:42:13,232 [INFO] [Inference] Model ready (openvino)
2026-02-12 09:42:13,232 [ERROR] Error in inference process: [Errno 2] No such file or directory: 'C:\\MyStuff\\VS\\MECup\\backend\\inference\\stitched_result2.jpg'
2026-02-12 09:42:14,100 [WARNING] [Inference] TensorRT or cuda-python not installed: No module named 'tensorrt'
2026-02-12 09:42:14,359 [INFO] [Inference] Using GPU
2026-02-12 09:42:14,359 [INFO] [Inference] Loading OpenVINO model from C:\MyStuff\VS\MECup\backend\inference\openvino_model\model.xml
2026-02-12 09:42:14,947 [INFO] [Inference] Using OpenVINO backend on GPU
2026-02-12 09:42:15,113 [INFO] [Inference] Model ready (openvino)
2026-02-12 09:42:15,113 [ERROR] Error in inference process: [Errno 2] No such file or directory: 'C:\\MyStuff\\VS\\MECup\\backend\\inference\\stitched_result2.jpg'
2026-02-12 09:42:15,329 [ERROR] Polling thread error: PLC disconnected: timed out
2026-02-12 09:42:18,406 [ERROR] Polling thread error: PLC disconnected: timed out
2026-02-12 09:42:21,483 [ERROR] Polling thread error: PLC disconnected: timed out
2026-02-12 09:42:24,560 [ERROR] Polling thread error: PLC disconnected: timed out
2026-02-12 09:42:27,958 [WARNING] [Inference] TensorRT or cuda-python not installed: No module named 'tensorrt'
2026-02-12 09:42:28,247 [INFO] [Inference] Using GPU
2026-02-12 09:42:28,247 [INFO] [Inference] Loading OpenVINO model from C:\MyStuff\VS\MECup\backend\inference\openvino_model\model.xml
2026-02-12 09:42:28,897 [INFO] [Inference] Using OpenVINO backend on GPU
2026-02-12 09:42:29,177 [INFO] [Inference] Model ready (openvino)
2026-02-12 09:42:29,178 [ERROR] Error in inference process: [Errno 2] No such file or directory: 'C:\\MyStuff\\VS\\MECup\\backend\\inference\\stitched_result2.jpg'
2026-02-12 09:42:30,227 [WARNING] [Inference] TensorRT or cuda-python not installed: No module named 'tensorrt'
2026-02-12 09:42:30,531 [INFO] [Inference] Using GPU
2026-02-12 09:42:30,531 [INFO] [Inference] Loading OpenVINO model from C:\MyStuff\VS\MECup\backend\inference\openvino_model\model.xml
2026-02-12 09:42:31,233 [INFO] [Inference] Using OpenVINO backend on GPU
2026-02-12 09:42:31,297 [ERROR] Polling thread error: PLC disconnected: timed out
2026-02-12 09:42:31,441 [INFO] [Inference] Model ready (openvino)
2026-02-12 09:42:31,441 [ERROR] Error in inference process: [Errno 2] No such file or directory: 'C:\\MyStuff\\VS\\MECup\\backend\\inference\\stitched_result2.jpg'
2026-02-12 09:42:34,388 [ERROR] Polling thread error: PLC disconnected: timed out
2026-02-12 09:42:37,471 [ERROR] Polling thread error: PLC disconnected: timed out
2026-02-12 09:42:40,575 [ERROR] Polling thread error: PLC disconnected: timed out
2026-02-12 09:42:43,671 [ERROR] Polling thread error: PLC disconnected: timed out
2026-02-12 09:42:46,768 [ERROR] Polling thread error: PLC disconnected: timed out
2026-02-12 09:42:49,861 [ERROR] Polling thread error: PLC disconnected: timed out
2026-02-12 09:42:52,955 [ERROR] Polling thread error: PLC disconnected: timed out
2026-02-12 09:42:56,062 [ERROR] Polling thread error: PLC disconnected: timed out
2026-02-12 09:42:59,166 [ERROR] Polling thread error: PLC disconnected: timed out
2026-02-12 09:43:02,262 [ERROR] Polling thread error: PLC disconnected: timed out
2026-02-12 09:43:05,353 [ERROR] Polling thread error: PLC disconnected: timed out
2026-02-12 09:43:08,447 [ERROR] Polling thread error: PLC disconnected: timed out
2026-02-12 09:43:11,529 [ERROR] Polling thread error: PLC disconnected: timed out
2026-02-12 09:43:14,613 [ERROR] Polling thread error: PLC disconnected: timed out
2026-02-12 09:43:17,691 [ERROR] Polling thread error: PLC disconnected: timed out
2026-02-12 09:43:20,767 [ERROR] Polling thread error: PLC disconnected: timed out
2026-02-12 09:43:23,845 [ERROR] Polling thread error: PLC disconnected: timed out
2026-02-12 09:43:26,921 [ERROR] Polling thread error: PLC disconnected: timed out
2026-02-12 09:43:29,999 [ERROR] Polling thread error: PLC disconnected: timed out
2026-02-12 09:43:33,077 [ERROR] Polling thread error: PLC disconnected: timed out
2026-02-12 09:43:36,154 [ERROR] Polling thread error: PLC disconnected: timed out
2026-02-12 09:43:39,232 [ERROR] Polling thread error: PLC disconnected: timed out
2026-02-12 09:43:42,309 [ERROR] Polling thread error: PLC disconnected: timed out
2026-02-12 09:43:45,387 [ERROR] Polling thread error: PLC disconnected: timed out
2026-02-12 09:43:48,466 [ERROR] Polling thread error: PLC disconnected: timed out
2026-02-12 09:43:51,543 [ERROR] Polling thread error: PLC disconnected: timed out
2026-02-12 09:43:54,622 [ERROR] Polling thread error: PLC disconnected: timed out
2026-02-12 09:43:57,699 [ERROR] Polling thread error: PLC disconnected: timed out
2026-02-12 09:44:00,777 [ERROR] Polling thread error: PLC disconnected: timed out
2026-02-12 09:44:03,854 [ERROR] Polling thread error: PLC disconnected: timed out
2026-02-12 09:44:06,932 [ERROR] Polling thread error: PLC disconnected: timed out
2026-02-12 09:44:10,009 [ERROR] Polling thread error: PLC disconnected: timed out
2026-02-12 09:44:13,087 [ERROR] Polling thread error: PLC disconnected: timed out
2026-02-12 09:44:16,164 [ERROR] Polling thread error: PLC disconnected: timed out
2026-02-12 09:44:19,240 [ERROR] Polling thread error: PLC disconnected: timed out
2026-02-12 09:44:22,319 [ERROR] Polling thread error: PLC disconnected: timed out
2026-02-12 09:44:25,396 [ERROR] Polling thread error: PLC disconnected: timed out
2026-02-12 09:44:28,473 [ERROR] Polling thread error: PLC disconnected: timed out
2026-02-12 09:44:31,550 [ERROR] Polling thread error: PLC disconnected: timed out
2026-02-12 09:44:34,627 [ERROR] Polling thread error: PLC disconnected: timed out
2026-02-12 09:44:36,578 [WARNING] [Inference] TensorRT or cuda-python not installed: No module named 'tensorrt'
2026-02-12 09:44:36,856 [INFO] [Inference] Using GPU
2026-02-12 09:44:36,856 [INFO] [Inference] Loading OpenVINO model from C:\MyStuff\VS\MECup\backend\inference\openvino_model\model.xml
2026-02-12 09:44:37,509 [INFO] [Inference] Using OpenVINO backend on GPU
2026-02-12 09:44:37,691 [INFO] [Inference] Model ready (openvino)
2026-02-12 09:44:37,692 [ERROR] Error in inference process: [Errno 2] No such file or directory: 'C:\\MyStuff\\VS\\MECup\\backend\\inference\\stitched_result2.jpg'
2026-02-12 09:44:38,633 [WARNING] [Inference] TensorRT or cuda-python not installed: No module named 'tensorrt'
2026-02-12 09:44:38,902 [INFO] [Inference] Using GPU
2026-02-12 09:44:38,902 [INFO] [Inference] Loading OpenVINO model from C:\MyStuff\VS\MECup\backend\inference\openvino_model\model.xml
2026-02-12 09:44:39,532 [INFO] [Inference] Using OpenVINO backend on GPU
2026-02-12 09:44:39,719 [INFO] [Inference] Model ready (openvino)
2026-02-12 09:44:39,719 [ERROR] Error in inference process: [Errno 2] No such file or directory: 'C:\\MyStuff\\VS\\MECup\\backend\\inference\\stitched_result2.jpg'
2026-02-12 09:44:39,799 [ERROR] Polling thread error: PLC disconnected: timed out
2026-02-12 09:44:42,877 [ERROR] Polling thread error: PLC disconnected: timed out
2026-02-12 09:44:45,953 [ERROR] Polling thread error: PLC disconnected: timed out
2026-02-12 09:44:49,029 [ERROR] Polling thread error: PLC disconnected: timed out
2026-02-12 09:44:52,106 [ERROR] Polling thread error: PLC disconnected: timed out
2026-02-12 09:44:55,183 [ERROR] Polling thread error: PLC disconnected: timed out
2026-02-12 09:44:58,261 [ERROR] Polling thread error: PLC disconnected: timed out
2026-02-12 09:45:01,339 [ERROR] Polling thread error: PLC disconnected: timed out
2026-02-12 09:45:04,416 [ERROR] Polling thread error: PLC disconnected: timed out
2026-02-12 09:45:07,494 [ERROR] Polling thread error: PLC disconnected: timed out
2026-02-12 09:45:10,571 [ERROR] Polling thread error: PLC disconnected: timed out
2026-02-12 09:45:13,650 [ERROR] Polling thread error: PLC disconnected: timed out
2026-02-12 09:45:16,728 [ERROR] Polling thread error: PLC disconnected: timed out
2026-02-12 09:45:19,807 [ERROR] Polling thread error: PLC disconnected: timed out
2026-02-12 09:45:22,885 [ERROR] Polling thread error: PLC disconnected: timed out
2026-02-12 09:45:26,831 [WARNING] [Inference] TensorRT or cuda-python not installed: No module named 'tensorrt'
2026-02-12 09:45:27,126 [INFO] [Inference] Using GPU
2026-02-12 09:45:27,126 [INFO] [Inference] Loading OpenVINO model from C:\MyStuff\VS\MECup\backend\inference\openvino_model\model.xml
2026-02-12 09:45:27,734 [INFO] [Inference] Using OpenVINO backend on GPU
2026-02-12 09:45:27,894 [INFO] [Inference] Model ready (openvino)
2026-02-12 09:45:27,894 [ERROR] Error in inference process: [Errno 2] No such file or directory: 'C:\\MyStuff\\VS\\MECup\\backend\\inference\\stitched_result2.jpg'
2026-02-12 09:45:28,713 [WARNING] [Inference] TensorRT or cuda-python not installed: No module named 'tensorrt'
2026-02-12 09:45:28,993 [INFO] [Inference] Using GPU
2026-02-12 09:45:28,993 [INFO] [Inference] Loading OpenVINO model from C:\MyStuff\VS\MECup\backend\inference\openvino_model\model.xml
2026-02-12 09:45:29,621 [INFO] [Inference] Using OpenVINO backend on GPU
2026-02-12 09:45:29,809 [INFO] [Inference] Model ready (openvino)
2026-02-12 09:45:29,809 [ERROR] Error in inference process: [Errno 2] No such file or directory: 'C:\\MyStuff\\VS\\MECup\\backend\\inference\\stitched_result2.jpg'
2026-02-12 09:45:29,982 [ERROR] Polling thread error: PLC disconnected: timed out
2026-02-12 09:45:33,060 [ERROR] Polling thread error: PLC disconnected: timed out
2026-02-12 09:45:36,137 [ERROR] Polling thread error: PLC disconnected: timed out
2026-02-12 09:45:39,214 [ERROR] Polling thread error: PLC disconnected: timed out
2026-02-12 09:45:42,291 [ERROR] Polling thread error: PLC disconnected: timed out
2026-02-12 09:45:45,367 [ERROR] Polling thread error: PLC disconnected: timed out
2026-02-12 09:45:48,445 [ERROR] Polling thread error: PLC disconnected: timed out
2026-02-12 09:45:51,522 [ERROR] Polling thread error: PLC disconnected: timed out
2026-02-12 09:45:54,600 [ERROR] Polling thread error: PLC disconnected: timed out
2026-02-12 09:45:57,677 [ERROR] Polling thread error: PLC disconnected: timed out
2026-02-12 09:46:00,753 [ERROR] Polling thread error: PLC disconnected: timed out
2026-02-12 09:46:03,832 [ERROR] Polling thread error: PLC disconnected: timed out
2026-02-12 09:46:06,909 [ERROR] Polling thread error: PLC disconnected: timed out
2026-02-12 09:46:09,986 [ERROR] Polling thread error: PLC disconnected: timed out
2026-02-12 09:46:13,063 [ERROR] Polling thread error: PLC disconnected: timed out
2026-02-12 09:46:16,140 [ERROR] Polling thread error: PLC disconnected: timed out
2026-02-12 09:46:19,219 [ERROR] Polling thread error: PLC disconnected: timed out
2026-02-12 09:46:22,295 [ERROR] Polling thread error: PLC disconnected: timed out
2026-02-12 09:46:25,372 [ERROR] Polling thread error: PLC disconnected: timed out
2026-02-12 09:46:28,451 [ERROR] Polling thread error: PLC disconnected: timed out
2026-02-12 09:46:31,528 [ERROR] Polling thread error: PLC disconnected: timed out
2026-02-12 09:46:34,605 [ERROR] Polling thread error: PLC disconnected: timed out
2026-02-12 09:46:37,683 [ERROR] Polling thread error: PLC disconnected: timed out
2026-02-12 09:46:40,761 [ERROR] Polling thread error: PLC disconnected: timed out
2026-02-12 09:46:43,838 [ERROR] Polling thread error: PLC disconnected: timed out
2026-02-12 09:46:46,914 [ERROR] Polling thread error: PLC disconnected: timed out
2026-02-12 09:46:49,992 [ERROR] Polling thread error: PLC disconnected: timed out
2026-02-12 09:46:53,069 [ERROR] Polling thread error: PLC disconnected: timed out
2026-02-12 09:46:56,145 [ERROR] Polling thread error: PLC disconnected: timed out
2026-02-12 09:46:59,222 [ERROR] Polling thread error: PLC disconnected: timed out
2026-02-12 09:47:02,299 [ERROR] Polling thread error: PLC disconnected: timed out
2026-02-12 09:47:05,377 [ERROR] Polling thread error: PLC disconnected: timed out
2026-02-12 09:47:08,454 [ERROR] Polling thread error: PLC disconnected: timed out
2026-02-12 09:47:11,533 [ERROR] Polling thread error: PLC disconnected: timed out
2026-02-12 09:47:14,612 [ERROR] Polling thread error: PLC disconnected: timed out
2026-02-12 09:47:17,689 [ERROR] Polling thread error: PLC disconnected: timed out
2026-02-12 09:47:20,767 [ERROR] Polling thread error: PLC disconnected: timed out
2026-02-12 09:47:23,852 [ERROR] Polling thread error: PLC disconnected: timed out
2026-02-12 09:47:26,929 [ERROR] Polling thread error: PLC disconnected: timed out
2026-02-12 09:47:30,006 [ERROR] Polling thread error: PLC disconnected: timed out
2026-02-12 09:47:33,084 [ERROR] Polling thread error: PLC disconnected: timed out
2026-02-12 09:47:36,160 [ERROR] Polling thread error: PLC disconnected: timed out
2026-02-12 09:47:39,237 [ERROR] Polling thread error: PLC disconnected: timed out
2026-02-12 09:47:42,314 [ERROR] Polling thread error: PLC disconnected: timed out
2026-02-12 09:47:45,390 [ERROR] Polling thread error: PLC disconnected: timed out
2026-02-12 09:47:48,468 [ERROR] Polling thread error: PLC disconnected: timed out
2026-02-12 09:47:51,545 [ERROR] Polling thread error: PLC disconnected: timed out
2026-02-12 09:47:54,623 [ERROR] Polling thread error: PLC disconnected: timed out
2026-02-12 09:47:57,701 [ERROR] Polling thread error: PLC disconnected: timed out
2026-02-12 09:48:00,779 [ERROR] Polling thread error: PLC disconnected: timed out
2026-02-12 09:48:03,856 [ERROR] Polling thread error: PLC disconnected: timed out
2026-02-12 09:48:06,933 [ERROR] Polling thread error: PLC disconnected: timed out
2026-02-12 09:48:10,026 [ERROR] Polling thread error: PLC disconnected: timed out
2026-02-12 09:48:13,102 [ERROR] Polling thread error: PLC disconnected: timed out
2026-02-12 09:48:16,181 [ERROR] Polling thread error: PLC disconnected: timed out
2026-02-12 09:48:19,259 [ERROR] Polling thread error: PLC disconnected: timed out
2026-02-12 09:48:22,337 [ERROR] Polling thread error: PLC disconnected: timed out
2026-02-12 09:48:25,413 [ERROR] Polling thread error: PLC disconnected: timed out
2026-02-12 09:48:28,491 [ERROR] Polling thread error: PLC disconnected: timed out
2026-02-12 09:48:31,568 [ERROR] Polling thread error: PLC disconnected: timed out
2026-02-12 09:48:34,645 [ERROR] Polling thread error: PLC disconnected: timed out
2026-02-12 09:48:37,722 [ERROR] Polling thread error: PLC disconnected: timed out
2026-02-12 09:48:40,801 [ERROR] Polling thread error: PLC disconnected: timed out
2026-02-12 09:48:43,878 [ERROR] Polling thread error: PLC disconnected: timed out
2026-02-12 09:48:51,036 [ERROR] Polling thread error: PLC disconnected: timed out
2026-02-12 09:48:54,113 [ERROR] Polling thread error: PLC disconnected: timed out
2026-02-12 09:48:57,190 [ERROR] Polling thread error: PLC disconnected: timed out
2026-02-12 09:49:00,269 [ERROR] Polling thread error: PLC disconnected: timed out
2026-02-12 09:49:03,345 [ERROR] Polling thread error: PLC disconnected: timed out
2026-02-12 09:49:06,423 [ERROR] Polling thread error: PLC disconnected: timed out
2026-02-12 09:49:09,501 [ERROR] Polling thread error: PLC disconnected: timed out
2026-02-12 09:49:12,578 [ERROR] Polling thread error: PLC disconnected: timed out
2026-02-12 09:49:15,654 [ERROR] Polling thread error: PLC disconnected: timed out
2026-02-12 09:49:18,732 [ERROR] Polling thread error: PLC disconnected: timed out
2026-02-12 09:49:21,809 [ERROR] Polling thread error: PLC disconnected: timed out
2026-02-12 09:49:24,885 [ERROR] Polling thread error: PLC disconnected: timed out
2026-02-12 09:49:27,961 [ERROR] Polling thread error: PLC disconnected: timed out
2026-02-12 09:49:31,039 [ERROR] Polling thread error: PLC disconnected: timed out
2026-02-12 09:49:34,117 [ERROR] Polling thread error: PLC disconnected: timed out
2026-02-12 09:49:37,195 [ERROR] Polling thread error: PLC disconnected: timed out
2026-02-12 09:49:40,272 [ERROR] Polling thread error: PLC disconnected: timed out
2026-02-12 09:49:43,348 [ERROR] Polling thread error: PLC disconnected: timed out
2026-02-12 09:49:46,425 [ERROR] Polling thread error: PLC disconnected: timed out
2026-02-12 09:49:49,502 [ERROR] Polling thread error: PLC disconnected: timed out
2026-02-12 09:49:52,578 [ERROR] Polling thread error: PLC disconnected: timed out
2026-02-12 09:49:55,655 [ERROR] Polling thread error: PLC disconnected: timed out
2026-02-12 09:49:58,731 [ERROR] Polling thread error: PLC disconnected: timed out
2026-02-12 09:50:01,809 [ERROR] Polling thread error: PLC disconnected: timed out
2026-02-12 09:50:04,886 [ERROR] Polling thread error: PLC disconnected: timed out
2026-02-12 09:50:07,963 [ERROR] Polling thread error: PLC disconnected: timed out
2026-02-12 09:50:11,040 [ERROR] Polling thread error: PLC disconnected: timed out
2026-02-12 09:50:14,117 [ERROR] Polling thread error: PLC disconnected: timed out
2026-02-12 09:50:17,194 [ERROR] Polling thread error: PLC disconnected: timed out
2026-02-12 09:50:20,272 [ERROR] Polling thread error: PLC disconnected: timed out
2026-02-12 09:50:23,350 [ERROR] Polling thread error: PLC disconnected: timed out
2026-02-12 09:50:26,428 [ERROR] Polling thread error: PLC disconnected: timed out
2026-02-12 09:50:29,504 [ERROR] Polling thread error: PLC disconnected: timed out
2026-02-12 09:50:32,581 [ERROR] Polling thread error: PLC disconnected: timed out
2026-02-12 09:50:35,657 [ERROR] Polling thread error: PLC disconnected: timed out
2026-02-12 09:50:38,733 [ERROR] Polling thread error: PLC disconnected: timed out
2026-02-12 09:50:41,810 [ERROR] Polling thread error: PLC disconnected: timed out
2026-02-12 09:50:44,887 [ERROR] Polling thread error: PLC disconnected: timed out
2026-02-12 09:50:47,964 [ERROR] Polling thread error: PLC disconnected: timed out
2026-02-12 09:50:51,040 [ERROR] Polling thread error: PLC disconnected: timed out
2026-02-12 09:50:54,119 [ERROR] Polling thread error: PLC disconnected: timed out
2026-02-12 09:50:57,195 [ERROR] Polling thread error: PLC disconnected: timed out
2026-02-12 09:51:00,272 [ERROR] Polling thread error: PLC disconnected: timed out
2026-02-12 09:51:03,349 [ERROR] Polling thread error: PLC disconnected: timed out
2026-02-12 09:51:06,425 [ERROR] Polling thread error: PLC disconnected: timed out
2026-02-12 09:51:09,503 [ERROR] Polling thread error: PLC disconnected: timed out
2026-02-12 09:51:12,580 [ERROR] Polling thread error: PLC disconnected: timed out
2026-02-12 09:51:15,658 [ERROR] Polling thread error: PLC disconnected: timed out
2026-02-12 09:51:18,735 [ERROR] Polling thread error: PLC disconnected: timed out
2026-02-12 09:51:21,813 [ERROR] Polling thread error: PLC disconnected: timed out
2026-02-12 09:51:24,890 [ERROR] Polling thread error: PLC disconnected: timed out
2026-02-12 09:51:27,968 [ERROR] Polling thread error: PLC disconnected: timed out
2026-02-12 09:51:31,045 [ERROR] Polling thread error: PLC disconnected: timed out
2026-02-12 09:51:34,122 [ERROR] Polling thread error: PLC disconnected: timed out
2026-02-12 09:51:37,199 [ERROR] Polling thread error: PLC disconnected: timed out
2026-02-12 09:51:40,277 [ERROR] Polling thread error: PLC disconnected: timed out
2026-02-12 09:51:43,353 [ERROR] Polling thread error: PLC disconnected: timed out
2026-02-12 09:51:46,431 [ERROR] Polling thread error: PLC disconnected: timed out
2026-02-12 09:51:49,510 [ERROR] Polling thread error: PLC disconnected: timed out
2026-02-12 09:51:52,587 [ERROR] Polling thread error: PLC disconnected: timed out
2026-02-12 09:51:55,664 [ERROR] Polling thread error: PLC disconnected: timed out
2026-02-12 09:51:58,740 [ERROR] Polling thread error: PLC disconnected: timed out
2026-02-12 09:52:01,818 [ERROR] Polling thread error: PLC disconnected: timed out
2026-02-12 09:52:04,896 [ERROR] Polling thread error: PLC disconnected: timed out
2026-02-12 09:52:07,973 [ERROR] Polling thread error: PLC disconnected: timed out
2026-02-12 09:52:11,050 [ERROR] Polling thread error: PLC disconnected: timed out
2026-02-12 09:52:14,129 [ERROR] Polling thread error: PLC disconnected: timed out
2026-02-12 09:52:17,206 [ERROR] Polling thread error: PLC disconnected: timed out
2026-02-12 09:52:20,283 [ERROR] Polling thread error: PLC disconnected: timed out
2026-02-12 09:52:23,360 [ERROR] Polling thread error: PLC disconnected: timed out
2026-02-12 09:52:26,438 [ERROR] Polling thread error: PLC disconnected: timed out
2026-02-12 09:52:29,515 [ERROR] Polling thread error: PLC disconnected: timed out
2026-02-12 09:52:32,597 [ERROR] Polling thread error: PLC disconnected: timed out
2026-02-12 09:52:35,677 [ERROR] Polling thread error: PLC disconnected: timed out
2026-02-12 09:52:38,754 [ERROR] Polling thread error: PLC disconnected: timed out
2026-02-12 09:52:41,832 [ERROR] Polling thread error: PLC disconnected: timed out
2026-02-12 09:52:44,909 [ERROR] Polling thread error: PLC disconnected: timed out
2026-02-12 09:52:47,987 [ERROR] Polling thread error: PLC disconnected: timed out
2026-02-12 09:52:51,065 [ERROR] Polling thread error: PLC disconnected: timed out
2026-02-12 09:52:54,143 [ERROR] Polling thread error: PLC disconnected: timed out
2026-02-12 09:52:57,222 [ERROR] Polling thread error: PLC disconnected: timed out
2026-02-12 09:53:00,298 [ERROR] Polling thread error: PLC disconnected: timed out
2026-02-12 09:53:03,375 [ERROR] Polling thread error: PLC disconnected: timed out
2026-02-12 09:53:06,451 [ERROR] Polling thread error: PLC disconnected: timed out
2026-02-12 09:53:09,527 [ERROR] Polling thread error: PLC disconnected: timed out
2026-02-12 09:53:12,604 [ERROR] Polling thread error: PLC disconnected: timed out
2026-02-12 09:53:15,681 [ERROR] Polling thread error: PLC disconnected: timed out
2026-02-12 09:53:18,760 [ERROR] Polling thread error: PLC disconnected: timed out
2026-02-12 09:53:21,837 [ERROR] Polling thread error: PLC disconnected: timed out
2026-02-12 09:53:24,913 [ERROR] Polling thread error: PLC disconnected: timed out
2026-02-12 09:53:27,990 [ERROR] Polling thread error: PLC disconnected: timed out
2026-02-12 09:53:31,068 [ERROR] Polling thread error: PLC disconnected: timed out
2026-02-12 09:53:34,145 [ERROR] Polling thread error: PLC disconnected: timed out
2026-02-12 09:53:37,221 [ERROR] Polling thread error: PLC disconnected: timed out
2026-02-12 09:53:40,299 [ERROR] Polling thread error: PLC disconnected: timed out
2026-02-12 09:53:43,376 [ERROR] Polling thread error: PLC disconnected: timed out
2026-02-12 09:53:46,453 [ERROR] Polling thread error: PLC disconnected: timed out
2026-02-12 09:53:49,531 [ERROR] Polling thread error: PLC disconnected: timed out
2026-02-12 09:53:52,607 [ERROR] Polling thread error: PLC disconnected: timed out
2026-02-12 09:53:55,685 [ERROR] Polling thread error: PLC disconnected: timed out
2026-02-12 09:53:58,764 [ERROR] Polling thread error: PLC disconnected: timed out
2026-02-12 09:54:01,842 [ERROR] Polling thread error: PLC disconnected: timed out
2026-02-12 09:54:04,918 [ERROR] Polling thread error: PLC disconnected: timed out
2026-02-12 09:54:07,996 [ERROR] Polling thread error: PLC disconnected: timed out
2026-02-12 09:54:11,074 [ERROR] Polling thread error: PLC disconnected: timed out
2026-02-12 09:54:14,151 [ERROR] Polling thread error: PLC disconnected: timed out
2026-02-12 09:54:17,229 [ERROR] Polling thread error: PLC disconnected: timed out
2026-02-12 09:54:20,306 [ERROR] Polling thread error: PLC disconnected: timed out
2026-02-12 09:54:23,383 [ERROR] Polling thread error: PLC disconnected: timed out
2026-02-12 09:54:26,461 [ERROR] Polling thread error: PLC disconnected: timed out
2026-02-12 09:54:29,537 [ERROR] Polling thread error: PLC disconnected: timed out
2026-02-12 09:54:32,613 [ERROR] Polling thread error: PLC disconnected: timed out
2026-02-12 09:54:35,690 [ERROR] Polling thread error: PLC disconnected: timed out
2026-02-12 09:54:38,767 [ERROR] Polling thread error: PLC disconnected: timed out
2026-02-12 09:54:41,845 [ERROR] Polling thread error: PLC disconnected: timed out
2026-02-12 09:54:44,922 [ERROR] Polling thread error: PLC disconnected: timed out
2026-02-12 09:54:47,999 [ERROR] Polling thread error: PLC disconnected: timed out
2026-02-12 09:54:51,077 [ERROR] Polling thread error: PLC disconnected: timed out
2026-02-12 09:54:54,154 [ERROR] Polling thread error: PLC disconnected: timed out
2026-02-12 09:54:57,232 [ERROR] Polling thread error: PLC disconnected: timed out
2026-02-12 09:55:00,309 [ERROR] Polling thread error: PLC disconnected: timed out
2026-02-12 09:55:03,386 [ERROR] Polling thread error: PLC disconnected: timed out
2026-02-12 09:55:06,463 [ERROR] Polling thread error: PLC disconnected: timed out
2026-02-12 09:55:09,539 [ERROR] Polling thread error: PLC disconnected: timed out
2026-02-12 09:55:12,617 [ERROR] Polling thread error: PLC disconnected: timed out
2026-02-12 09:55:15,695 [ERROR] Polling thread error: PLC disconnected: timed out
2026-02-12 09:55:18,772 [ERROR] Polling thread error: PLC disconnected: timed out
2026-02-12 09:55:21,852 [ERROR] Polling thread error: PLC disconnected: timed out
2026-02-12 09:55:24,931 [ERROR] Polling thread error: PLC disconnected: timed out
2026-02-12 09:55:28,007 [ERROR] Polling thread error: PLC disconnected: timed out
2026-02-12 09:55:31,085 [ERROR] Polling thread error: PLC disconnected: timed out
2026-02-12 09:55:34,161 [ERROR] Polling thread error: PLC disconnected: timed out
2026-02-12 09:55:37,238 [ERROR] Polling thread error: PLC disconnected: timed out
2026-02-12 09:55:40,316 [ERROR] Polling thread error: PLC disconnected: timed out
2026-02-12 09:55:43,394 [ERROR] Polling thread error: PLC disconnected: timed out
2026-02-12 09:55:46,471 [ERROR] Polling thread error: PLC disconnected: timed out
2026-02-12 09:55:49,548 [ERROR] Polling thread error: PLC disconnected: timed out
2026-02-12 09:55:52,625 [ERROR] Polling thread error: PLC disconnected: timed out
2026-02-12 09:55:55,702 [ERROR] Polling thread error: PLC disconnected: timed out
2026-02-12 09:55:58,781 [ERROR] Polling thread error: PLC disconnected: timed out
2026-02-12 09:56:01,860 [ERROR] Polling thread error: PLC disconnected: timed out
2026-02-12 09:56:04,937 [ERROR] Polling thread error: PLC disconnected: timed out
2026-02-12 09:56:08,015 [ERROR] Polling thread error: PLC disconnected: timed out
2026-02-12 09:56:11,092 [ERROR] Polling thread error: PLC disconnected: timed out
2026-02-12 09:56:14,169 [ERROR] Polling thread error: PLC disconnected: timed out
2026-02-12 09:56:17,248 [ERROR] Polling thread error: PLC disconnected: timed out
2026-02-12 09:56:20,325 [ERROR] Polling thread error: PLC disconnected: timed out
2026-02-12 09:56:23,404 [ERROR] Polling thread error: PLC disconnected: timed out
2026-02-12 09:56:26,481 [ERROR] Polling thread error: PLC disconnected: timed out
2026-02-12 09:56:29,560 [ERROR] Polling thread error: PLC disconnected: timed out
2026-02-12 09:56:32,637 [ERROR] Polling thread error: PLC disconnected: timed out
2026-02-12 09:56:35,715 [ERROR] Polling thread error: PLC disconnected: timed out
2026-02-12 09:56:38,792 [ERROR] Polling thread error: PLC disconnected: timed out
2026-02-12 09:56:41,869 [ERROR] Polling thread error: PLC disconnected: timed out
2026-02-12 09:56:44,946 [ERROR] Polling thread error: PLC disconnected: timed out
2026-02-12 09:56:48,033 [ERROR] Polling thread error: PLC disconnected: timed out
2026-02-12 09:56:51,110 [ERROR] Polling thread error: PLC disconnected: timed out
2026-02-12 09:56:54,188 [ERROR] Polling thread error: PLC disconnected: timed out
2026-02-12 09:56:57,266 [ERROR] Polling thread error: PLC disconnected: timed out
2026-02-12 09:57:00,344 [ERROR] Polling thread error: PLC disconnected: timed out
2026-02-12 09:57:03,422 [ERROR] Polling thread error: PLC disconnected: timed out
2026-02-12 09:57:06,499 [ERROR] Polling thread error: PLC disconnected: timed out
2026-02-12 09:57:09,575 [ERROR] Polling thread error: PLC disconnected: timed out
2026-02-12 09:57:12,652 [ERROR] Polling thread error: PLC disconnected: timed out
2026-02-12 09:57:15,730 [ERROR] Polling thread error: PLC disconnected: timed out
2026-02-12 09:57:18,808 [ERROR] Polling thread error: PLC disconnected: timed out
2026-02-12 09:57:21,885 [ERROR] Polling thread error: PLC disconnected: timed out
2026-02-12 09:57:24,964 [ERROR] Polling thread error: PLC disconnected: timed out
2026-02-12 09:57:28,042 [ERROR] Polling thread error: PLC disconnected: timed out
2026-02-12 09:57:31,120 [ERROR] Polling thread error: PLC disconnected: timed out
2026-02-12 09:57:34,198 [ERROR] Polling thread error: PLC disconnected: timed out
2026-02-12 09:57:37,275 [ERROR] Polling thread error: PLC disconnected: timed out
2026-02-12 09:57:40,352 [ERROR] Polling thread error: PLC disconnected: timed out
2026-02-12 09:57:43,429 [ERROR] Polling thread error: PLC disconnected: timed out
2026-02-12 09:57:46,506 [ERROR] Polling thread error: PLC disconnected: timed out
2026-02-12 09:57:49,583 [ERROR] Polling thread error: PLC disconnected: timed out
2026-02-12 09:57:52,661 [ERROR] Polling thread error: PLC disconnected: timed out
2026-02-12 09:57:55,738 [ERROR] Polling thread error: PLC disconnected: timed out
2026-02-12 09:57:58,816 [ERROR] Polling thread error: PLC disconnected: timed out
2026-02-12 09:58:01,894 [ERROR] Polling thread error: PLC disconnected: timed out
2026-02-12 09:58:04,970 [ERROR] Polling thread error: PLC disconnected: timed out
2026-02-12 09:58:08,046 [ERROR] Polling thread error: PLC disconnected: timed out
2026-02-12 09:58:11,123 [ERROR] Polling thread error: PLC disconnected: timed out
2026-02-12 09:58:14,200 [ERROR] Polling thread error: PLC disconnected: timed out
2026-02-12 09:58:17,277 [ERROR] Polling thread error: PLC disconnected: timed out
2026-02-12 09:58:20,356 [ERROR] Polling thread error: PLC disconnected: timed out
2026-02-12 09:58:23,433 [ERROR] Polling thread error: PLC disconnected: timed out
2026-02-12 09:58:26,511 [ERROR] Polling thread error: PLC disconnected: timed out
2026-02-12 09:58:29,589 [ERROR] Polling thread error: PLC disconnected: timed out
2026-02-12 09:58:32,666 [ERROR] Polling thread error: PLC disconnected: timed out
2026-02-12 09:58:35,743 [ERROR] Polling thread error: PLC disconnected: timed out
2026-02-12 09:58:38,821 [ERROR] Polling thread error: PLC disconnected: timed out
2026-02-12 09:58:41,898 [ERROR] Polling thread error: PLC disconnected: timed out
2026-02-12 09:58:44,975 [ERROR] Polling thread error: PLC disconnected: timed out
2026-02-12 09:58:48,053 [ERROR] Polling thread error: PLC disconnected: timed out
2026-02-12 09:58:51,131 [ERROR] Polling thread error: PLC disconnected: timed out
2026-02-12 09:58:54,208 [ERROR] Polling thread error: PLC disconnected: timed out
2026-02-12 09:58:57,285 [ERROR] Polling thread error: PLC disconnected: timed out
2026-02-12 09:59:00,362 [ERROR] Polling thread error: PLC disconnected: timed out
2026-02-12 09:59:03,440 [ERROR] Polling thread error: PLC disconnected: timed out
2026-02-12 09:59:06,517 [ERROR] Polling thread error: PLC disconnected: timed out
2026-02-12 09:59:09,596 [ERROR] Polling thread error: PLC disconnected: timed out
2026-02-12 09:59:12,672 [ERROR] Polling thread error: PLC disconnected: timed out
2026-02-12 09:59:15,751 [ERROR] Polling thread error: PLC disconnected: timed out
2026-02-12 09:59:18,829 [ERROR] Polling thread error: PLC disconnected: timed out
2026-02-12 09:59:21,906 [ERROR] Polling thread error: PLC disconnected: timed out
2026-02-12 09:59:24,983 [ERROR] Polling thread error: PLC disconnected: timed out
2026-02-12 09:59:28,060 [ERROR] Polling thread error: PLC disconnected: timed out
2026-02-12 09:59:31,137 [ERROR] Polling thread error: PLC disconnected: timed out
2026-02-12 09:59:34,215 [ERROR] Polling thread error: PLC disconnected: timed out
2026-02-12 09:59:37,292 [ERROR] Polling thread error: PLC disconnected: timed out
2026-02-12 09:59:40,369 [ERROR] Polling thread error: PLC disconnected: timed out
2026-02-12 09:59:43,446 [ERROR] Polling thread error: PLC disconnected: timed out
2026-02-12 09:59:46,521 [ERROR] Polling thread error: PLC disconnected: timed out
2026-02-12 09:59:49,599 [ERROR] Polling thread error: PLC disconnected: timed out
2026-02-12 09:59:52,677 [ERROR] Polling thread error: PLC disconnected: timed out
2026-02-12 09:59:55,753 [ERROR] Polling thread error: PLC disconnected: timed out
2026-02-12 09:59:58,831 [ERROR] Polling thread error: PLC disconnected: timed out
2026-02-12 10:00:01,908 [ERROR] Polling thread error: PLC disconnected: timed out
2026-02-12 10:00:04,984 [ERROR] Polling thread error: PLC disconnected: timed out
2026-02-12 10:00:08,060 [ERROR] Polling thread error: PLC disconnected: timed out
2026-02-12 10:00:11,138 [ERROR] Polling thread error: PLC disconnected: timed out
2026-02-12 10:00:14,216 [ERROR] Polling thread error: PLC disconnected: timed out
2026-02-12 10:00:17,294 [ERROR] Polling thread error: PLC disconnected: timed out
2026-02-12 10:00:20,372 [ERROR] Polling thread error: PLC disconnected: timed out
2026-02-12 10:00:23,449 [ERROR] Polling thread error: PLC disconnected: timed out
2026-02-12 10:00:26,527 [ERROR] Polling thread error: PLC disconnected: timed out
2026-02-12 10:00:29,604 [ERROR] Polling thread error: PLC disconnected: timed out
2026-02-12 10:00:32,681 [ERROR] Polling thread error: PLC disconnected: timed out
2026-02-12 10:00:35,758 [ERROR] Polling thread error: PLC disconnected: timed out
2026-02-12 10:00:38,835 [ERROR] Polling thread error: PLC disconnected: timed out
2026-02-12 10:00:41,913 [ERROR] Polling thread error: PLC disconnected: timed out
2026-02-12 10:00:44,991 [ERROR] Polling thread error: PLC disconnected: timed out
2026-02-12 10:00:48,070 [ERROR] Polling thread error: PLC disconnected: timed out
2026-02-12 10:00:51,148 [ERROR] Polling thread error: PLC disconnected: timed out
2026-02-12 10:00:54,227 [ERROR] Polling thread error: PLC disconnected: timed out
2026-02-12 10:00:57,306 [ERROR] Polling thread error: PLC disconnected: timed out
2026-02-12 10:01:00,382 [ERROR] Polling thread error: PLC disconnected: timed out
2026-02-12 10:01:03,460 [ERROR] Polling thread error: PLC disconnected: timed out
2026-02-12 10:01:06,537 [ERROR] Polling thread error: PLC disconnected: timed out
2026-02-12 10:01:09,614 [ERROR] Polling thread error: PLC disconnected: timed out
2026-02-12 10:01:12,691 [ERROR] Polling thread error: PLC disconnected: timed out
2026-02-12 10:01:15,767 [ERROR] Polling thread error: PLC disconnected: timed out
2026-02-12 10:01:18,846 [ERROR] Polling thread error: PLC disconnected: timed out
2026-02-12 10:01:21,925 [ERROR] Polling thread error: PLC disconnected: timed out
2026-02-12 10:01:25,002 [ERROR] Polling thread error: PLC disconnected: timed out
2026-02-12 10:01:28,080 [ERROR] Polling thread error: PLC disconnected: timed out
2026-02-12 10:01:31,158 [ERROR] Polling thread error: PLC disconnected: timed out
2026-02-12 10:01:34,235 [ERROR] Polling thread error: PLC disconnected: timed out
2026-02-12 10:01:37,312 [ERROR] Polling thread error: PLC disconnected: timed out
2026-02-12 10:01:40,389 [ERROR] Polling thread error: PLC disconnected: timed out
2026-02-12 10:01:43,465 [ERROR] Polling thread error: PLC disconnected: timed out
2026-02-12 10:01:46,542 [ERROR] Polling thread error: PLC disconnected: timed out
2026-02-12 10:01:49,619 [ERROR] Polling thread error: PLC disconnected: timed out
2026-02-12 10:01:52,697 [ERROR] Polling thread error: PLC disconnected: timed out
2026-02-12 10:01:55,775 [ERROR] Polling thread error: PLC disconnected: timed out
2026-02-12 10:01:58,853 [ERROR] Polling thread error: PLC disconnected: timed out
2026-02-12 10:02:01,932 [ERROR] Polling thread error: PLC disconnected: timed out
2026-02-12 10:02:05,009 [ERROR] Polling thread error: PLC disconnected: timed out
2026-02-12 10:02:08,085 [ERROR] Polling thread error: PLC disconnected: timed out
2026-02-12 10:02:11,163 [ERROR] Polling thread error: PLC disconnected: timed out
2026-02-12 10:02:14,240 [ERROR] Polling thread error: PLC disconnected: timed out
2026-02-12 10:02:17,318 [ERROR] Polling thread error: PLC disconnected: timed out
2026-02-12 10:02:20,394 [ERROR] Polling thread error: PLC disconnected: timed out
2026-02-12 10:02:23,471 [ERROR] Polling thread error: PLC disconnected: timed out
2026-02-12 10:02:26,548 [ERROR] Polling thread error: PLC disconnected: timed out
2026-02-12 10:02:29,625 [ERROR] Polling thread error: PLC disconnected: timed out
2026-02-12 10:02:32,701 [ERROR] Polling thread error: PLC disconnected: timed out
2026-02-12 10:02:35,779 [ERROR] Polling thread error: PLC disconnected: timed out
2026-02-12 10:02:38,856 [ERROR] Polling thread error: PLC disconnected: timed out
2026-02-12 10:02:41,933 [ERROR] Polling thread error: PLC disconnected: timed out
2026-02-12 10:02:45,011 [ERROR] Polling thread error: PLC disconnected: timed out
2026-02-12 10:02:48,089 [ERROR] Polling thread error: PLC disconnected: timed out
2026-02-12 10:02:51,167 [ERROR] Polling thread error: PLC disconnected: timed out
2026-02-12 10:02:54,245 [ERROR] Polling thread error: PLC disconnected: timed out
2026-02-12 10:02:57,322 [ERROR] Polling thread error: PLC disconnected: timed out
2026-02-12 10:03:00,399 [ERROR] Polling thread error: PLC disconnected: timed out
2026-02-12 10:03:03,477 [ERROR] Polling thread error: PLC disconnected: timed out
2026-02-12 10:03:06,554 [ERROR] Polling thread error: PLC disconnected: timed out
2026-02-12 10:03:09,631 [ERROR] Polling thread error: PLC disconnected: timed out
2026-02-12 10:03:12,708 [ERROR] Polling thread error: PLC disconnected: timed out
2026-02-12 10:03:15,785 [ERROR] Polling thread error: PLC disconnected: timed out
2026-02-12 10:03:18,862 [ERROR] Polling thread error: PLC disconnected: timed out
2026-02-12 10:03:21,939 [ERROR] Polling thread error: PLC disconnected: timed out
2026-02-12 10:03:25,017 [ERROR] Polling thread error: PLC disconnected: timed out
2026-02-12 10:03:28,095 [ERROR] Polling thread error: PLC disconnected: timed out
2026-02-12 10:03:31,173 [ERROR] Polling thread error: PLC disconnected: timed out
2026-02-12 10:03:34,250 [ERROR] Polling thread error: PLC disconnected: timed out
2026-02-12 10:03:37,328 [ERROR] Polling thread error: PLC disconnected: timed out
2026-02-12 10:03:40,405 [ERROR] Polling thread error: PLC disconnected: timed out
2026-02-12 10:03:43,482 [ERROR] Polling thread error: PLC disconnected: timed out
2026-02-12 10:03:46,561 [ERROR] Polling thread error: PLC disconnected: timed out
2026-02-12 10:03:49,647 [ERROR] Polling thread error: PLC disconnected: timed out
2026-02-12 10:03:52,726 [ERROR] Polling thread error: PLC disconnected: timed out
2026-02-12 10:03:55,802 [ERROR] Polling thread error: PLC disconnected: timed out
2026-02-12 10:03:58,884 [ERROR] Polling thread error: PLC disconnected: timed out
2026-02-12 10:04:01,961 [ERROR] Polling thread error: PLC disconnected: timed out
2026-02-12 10:04:05,039 [ERROR] Polling thread error: PLC disconnected: timed out
2026-02-12 10:04:08,116 [ERROR] Polling thread error: PLC disconnected: timed out
2026-02-12 10:04:11,198 [ERROR] Polling thread error: PLC disconnected: timed out
2026-02-12 10:04:30,339 [ERROR] Polling thread error: PLC disconnected: timed out
2026-02-12 10:04:33,417 [ERROR] Polling thread error: PLC disconnected: timed out
2026-02-12 10:04:36,494 [ERROR] Polling thread error: PLC disconnected: timed out
2026-02-12 10:04:39,575 [ERROR] Polling thread error: PLC disconnected: timed out
2026-02-12 10:04:42,653 [ERROR] Polling thread error: PLC disconnected: timed out
2026-02-12 10:04:45,734 [ERROR] Polling thread error: PLC disconnected: timed out
2026-02-12 10:04:48,812 [ERROR] Polling thread error: PLC disconnected: timed out
2026-02-12 11:14:37,869 [WARNING] [Inference] TensorRT or cuda-python not installed: No module named 'tensorrt'
2026-02-12 11:14:38,451 [INFO] [Inference] Using GPU
2026-02-12 11:14:38,451 [INFO] [Inference] Loading OpenVINO model from C:\MyStuff\VS\MECup\backend\inference\openvino_model\model.xml
2026-02-12 11:14:39,773 [INFO] [Inference] Using OpenVINO backend on GPU
2026-02-12 11:14:39,950 [INFO] [Inference] Model ready (openvino)
2026-02-12 11:14:39,950 [ERROR] Error in inference process: [Errno 2] No such file or directory: 'C:\\MyStuff\\VS\\MECup\\backend\\inference\\stitched_result2.jpg'
2026-02-12 11:14:41,810 [WARNING] [Inference] TensorRT or cuda-python not installed: No module named 'tensorrt'
2026-02-12 11:14:42,405 [INFO] [Inference] Using GPU
2026-02-12 11:14:42,406 [INFO] [Inference] Loading OpenVINO model from C:\MyStuff\VS\MECup\backend\inference\openvino_model\model.xml
2026-02-12 11:14:44,076 [INFO] [Inference] Using OpenVINO backend on GPU
2026-02-12 11:14:44,268 [INFO] [Inference] Model ready (openvino)
2026-02-12 11:14:44,269 [ERROR] Error in inference process: [Errno 2] No such file or directory: 'C:\\MyStuff\\VS\\MECup\\backend\\inference\\stitched_result2.jpg'
2026-02-12 11:14:46,604 [WARNING] [Inference] TensorRT or cuda-python not installed: No module named 'tensorrt'
2026-02-12 11:14:47,130 [INFO] [Inference] Using GPU
2026-02-12 11:14:47,130 [INFO] [Inference] Loading OpenVINO model from C:\MyStuff\VS\MECup\backend\inference\openvino_model\model.xml
2026-02-12 11:14:48,574 [INFO] [Inference] Using OpenVINO backend on GPU
2026-02-12 11:14:48,776 [INFO] [Inference] Model ready (openvino)
2026-02-12 11:14:48,776 [ERROR] Error in inference process: [Errno 2] No such file or directory: 'C:\\MyStuff\\VS\\MECup\\backend\\inference\\stitched_result2.jpg'
2026-02-12 11:16:28,995 [ERROR] CRITICAL ERROR: High Health Index! X:7.0 Y:94.2 Z:2.4
2026-02-12 11:21:03,865 [ERROR] CRITICAL ERROR: High Health Index! X:8.2 Y:167.4 Z:1.6
2026-02-12 11:28:25,732 [ERROR] Polling thread error: [WinError 10054] An existing connection was forcibly closed by the remote host
2026-02-12 11:28:26,823 [ERROR] Polling thread error: PLC disconnected: [WinError 10051] A socket operation was attempted to an unreachable network
2026-02-12 11:28:27,926 [ERROR] Polling thread error: PLC disconnected: [WinError 10051] A socket operation was attempted to an unreachable network
2026-02-12 11:28:29,020 [ERROR] Polling thread error: PLC disconnected: [WinError 10051] A socket operation was attempted to an unreachable network
2026-02-12 11:28:30,125 [ERROR] Polling thread error: PLC disconnected: [WinError 10051] A socket operation was attempted to an unreachable network
2026-02-12 11:28:31,231 [ERROR] Polling thread error: PLC disconnected: [WinError 10051] A socket operation was attempted to an unreachable network
2026-02-12 11:28:32,323 [ERROR] Polling thread error: PLC disconnected: [WinError 10051] A socket operation was attempted to an unreachable network
2026-02-12 11:28:33,424 [ERROR] Polling thread error: PLC disconnected: [WinError 10051] A socket operation was attempted to an unreachable network
2026-02-12 11:28:34,511 [ERROR] Polling thread error: PLC disconnected: [WinError 10051] A socket operation was attempted to an unreachable network
2026-02-12 11:28:35,601 [ERROR] Polling thread error: PLC disconnected: [WinError 10051] A socket operation was attempted to an unreachable network
2026-02-12 11:28:36,710 [ERROR] Polling thread error: PLC disconnected: [WinError 10051] A socket operation was attempted to an unreachable network
2026-02-12 11:28:37,816 [ERROR] Polling thread error: PLC disconnected: [WinError 10051] A socket operation was attempted to an unreachable network
2026-02-12 11:28:38,907 [ERROR] Polling thread error: PLC disconnected: [WinError 10051] A socket operation was attempted to an unreachable network
2026-02-12 11:28:40,008 [ERROR] Polling thread error: PLC disconnected: [WinError 10051] A socket operation was attempted to an unreachable network
2026-02-12 11:28:41,112 [ERROR] Polling thread error: PLC disconnected: [WinError 10051] A socket operation was attempted to an unreachable network
2026-02-12 11:28:42,214 [ERROR] Polling thread error: PLC disconnected: [WinError 10051] A socket operation was attempted to an unreachable network
2026-02-12 11:28:43,317 [ERROR] Polling thread error: PLC disconnected: [WinError 10051] A socket operation was attempted to an unreachable network
2026-02-12 11:28:44,407 [ERROR] Polling thread error: PLC disconnected: [WinError 10051] A socket operation was attempted to an unreachable network
2026-02-12 11:28:45,497 [ERROR] Polling thread error: PLC disconnected: [WinError 10051] A socket operation was attempted to an unreachable network
2026-02-12 11:28:46,601 [ERROR] Polling thread error: PLC disconnected: [WinError 10051] A socket operation was attempted to an unreachable network
2026-02-12 11:28:47,705 [ERROR] Polling thread error: PLC disconnected: [WinError 10051] A socket operation was attempted to an unreachable network
2026-02-12 11:28:48,797 [ERROR] Polling thread error: PLC disconnected: [WinError 10051] A socket operation was attempted to an unreachable network
2026-02-12 11:28:49,900 [ERROR] Polling thread error: PLC disconnected: [WinError 10051] A socket operation was attempted to an unreachable network
2026-02-12 11:28:50,996 [ERROR] Polling thread error: PLC disconnected: [WinError 10051] A socket operation was attempted to an unreachable network
2026-02-12 11:28:52,081 [ERROR] Polling thread error: PLC disconnected: [WinError 10051] A socket operation was attempted to an unreachable network
2026-02-12 11:28:53,203 [ERROR] Polling thread error: PLC disconnected: [WinError 10051] A socket operation was attempted to an unreachable network
2026-02-12 11:28:54,310 [ERROR] Polling thread error: PLC disconnected: [WinError 10051] A socket operation was attempted to an unreachable network
2026-02-12 11:28:55,398 [ERROR] Polling thread error: PLC disconnected: [WinError 10051] A socket operation was attempted to an unreachable network
2026-02-12 11:28:56,513 [ERROR] Polling thread error: PLC disconnected: [WinError 10051] A socket operation was attempted to an unreachable network
2026-02-12 11:28:57,601 [ERROR] Polling thread error: PLC disconnected: [WinError 10051] A socket operation was attempted to an unreachable network
2026-02-12 11:28:58,694 [ERROR] Polling thread error: PLC disconnected: [WinError 10051] A socket operation was attempted to an unreachable network
2026-02-12 11:28:59,796 [ERROR] Polling thread error: PLC disconnected: [WinError 10051] A socket operation was attempted to an unreachable network
2026-02-12 11:29:00,880 [ERROR] Polling thread error: PLC disconnected: [WinError 10051] A socket operation was attempted to an unreachable network
2026-02-12 11:29:01,972 [ERROR] Polling thread error: PLC disconnected: [WinError 10051] A socket operation was attempted to an unreachable network
2026-02-12 11:29:03,062 [ERROR] Polling thread error: PLC disconnected: [WinError 10051] A socket operation was attempted to an unreachable network
2026-02-12 11:29:04,166 [ERROR] Polling thread error: PLC disconnected: [WinError 10051] A socket operation was attempted to an unreachable network
2026-02-12 11:29:05,274 [ERROR] Polling thread error: PLC disconnected: [WinError 10051] A socket operation was attempted to an unreachable network
2026-02-12 11:29:06,383 [ERROR] Polling thread error: PLC disconnected: [WinError 10051] A socket operation was attempted to an unreachable network
2026-02-12 11:29:07,482 [ERROR] Polling thread error: PLC disconnected: [WinError 10051] A socket operation was attempted to an unreachable network
2026-02-12 11:29:08,569 [ERROR] Polling thread error: PLC disconnected: [WinError 10051] A socket operation was attempted to an unreachable network
2026-02-12 11:29:09,674 [ERROR] Polling thread error: PLC disconnected: [WinError 10051] A socket operation was attempted to an unreachable network
2026-02-12 11:29:10,771 [ERROR] Polling thread error: PLC disconnected: [WinError 10051] A socket operation was attempted to an unreachable network
2026-02-12 11:29:11,876 [ERROR] Polling thread error: PLC disconnected: [WinError 10051] A socket operation was attempted to an unreachable network
2026-02-12 11:29:12,984 [ERROR] Polling thread error: PLC disconnected: [WinError 10051] A socket operation was attempted to an unreachable network
2026-02-12 11:29:14,083 [ERROR] Polling thread error: PLC disconnected: [WinError 10051] A socket operation was attempted to an unreachable network
2026-02-12 11:29:15,181 [ERROR] Polling thread error: PLC disconnected: [WinError 10051] A socket operation was attempted to an unreachable network
2026-02-12 11:29:16,267 [ERROR] Polling thread error: PLC disconnected: [WinError 10051] A socket operation was attempted to an unreachable network
2026-02-12 11:29:17,374 [ERROR] Polling thread error: PLC disconnected: [WinError 10051] A socket operation was attempted to an unreachable network
2026-02-12 11:29:18,467 [ERROR] Polling thread error: PLC disconnected: [WinError 10051] A socket operation was attempted to an unreachable network
2026-02-12 11:29:19,572 [ERROR] Polling thread error: PLC disconnected: [WinError 10051] A socket operation was attempted to an unreachable network
2026-02-12 11:29:20,657 [ERROR] Polling thread error: PLC disconnected: [WinError 10051] A socket operation was attempted to an unreachable network
2026-02-12 11:29:21,760 [ERROR] Polling thread error: PLC disconnected: [WinError 10051] A socket operation was attempted to an unreachable network
2026-02-12 11:29:22,848 [ERROR] Polling thread error: PLC disconnected: [WinError 10051] A socket operation was attempted to an unreachable network
2026-02-12 11:29:23,958 [ERROR] Polling thread error: PLC disconnected: [WinError 10051] A socket operation was attempted to an unreachable network
2026-02-12 11:29:25,047 [ERROR] Polling thread error: PLC disconnected: [WinError 10051] A socket operation was attempted to an unreachable network
2026-02-12 11:29:26,141 [ERROR] Polling thread error: PLC disconnected: [WinError 10051] A socket operation was attempted to an unreachable network
2026-02-12 11:29:27,229 [ERROR] Polling thread error: PLC disconnected: [WinError 10051] A socket operation was attempted to an unreachable network
2026-02-12 11:29:28,325 [ERROR] Polling thread error: PLC disconnected: [WinError 10051] A socket operation was attempted to an unreachable network
2026-02-12 11:29:29,421 [ERROR] Polling thread error: PLC disconnected: [WinError 10051] A socket operation was attempted to an unreachable network
2026-02-12 11:29:30,538 [ERROR] Polling thread error: PLC disconnected: [WinError 10051] A socket operation was attempted to an unreachable network
2026-02-12 11:29:31,624 [ERROR] Polling thread error: PLC disconnected: [WinError 10051] A socket operation was attempted to an unreachable network
2026-02-12 11:29:32,727 [ERROR] Polling thread error: PLC disconnected: [WinError 10051] A socket operation was attempted to an unreachable network
2026-02-12 11:32:58,249 [ERROR] Polling thread error: [WinError 10054] An existing connection was forcibly closed by the remote host
2026-02-12 11:32:59,329 [ERROR] Polling thread error: PLC disconnected: [WinError 10051] A socket operation was attempted to an unreachable network
2026-02-12 11:33:00,407 [ERROR] Polling thread error: PLC disconnected: [WinError 10051] A socket operation was attempted to an unreachable network
2026-02-12 11:33:01,495 [ERROR] Polling thread error: PLC disconnected: [WinError 10051] A socket operation was attempted to an unreachable network
2026-02-12 11:33:02,579 [ERROR] Polling thread error: PLC disconnected: [WinError 10051] A socket operation was attempted to an unreachable network
2026-02-12 11:33:03,659 [ERROR] Polling thread error: PLC disconnected: [WinError 10051] A socket operation was attempted to an unreachable network
2026-02-12 11:33:04,738 [ERROR] Polling thread error: PLC disconnected: [WinError 10051] A socket operation was attempted to an unreachable network
2026-02-12 11:33:05,827 [ERROR] Polling thread error: PLC disconnected: [WinError 10051] A socket operation was attempted to an unreachable network
2026-02-12 11:33:06,914 [ERROR] Polling thread error: PLC disconnected: [WinError 10051] A socket operation was attempted to an unreachable network
2026-02-12 11:33:08,002 [ERROR] Polling thread error: PLC disconnected: [WinError 10051] A socket operation was attempted to an unreachable network
2026-02-12 11:33:09,083 [ERROR] Polling thread error: PLC disconnected: [WinError 10051] A socket operation was attempted to an unreachable network
2026-02-12 11:33:10,172 [ERROR] Polling thread error: PLC disconnected: [WinError 10051] A socket operation was attempted to an unreachable network
2026-02-12 11:33:11,260 [ERROR] Polling thread error: PLC disconnected: [WinError 10051] A socket operation was attempted to an unreachable network
2026-02-12 11:33:12,338 [ERROR] Polling thread error: PLC disconnected: [WinError 10051] A socket operation was attempted to an unreachable network
2026-02-12 11:33:13,429 [ERROR] Polling thread error: PLC disconnected: [WinError 10051] A socket operation was attempted to an unreachable network
2026-02-12 11:33:14,522 [ERROR] Polling thread error: PLC disconnected: [WinError 10051] A socket operation was attempted to an unreachable network
2026-02-12 11:33:15,605 [ERROR] Polling thread error: PLC disconnected: [WinError 10051] A socket operation was attempted to an unreachable network
2026-02-12 11:33:16,698 [ERROR] Polling thread error: PLC disconnected: [WinError 10051] A socket operation was attempted to an unreachable network
2026-02-12 11:33:17,780 [ERROR] Polling thread error: PLC disconnected: [WinError 10051] A socket operation was attempted to an unreachable network
2026-02-12 11:33:18,861 [ERROR] Polling thread error: PLC disconnected: [WinError 10051] A socket operation was attempted to an unreachable network
2026-02-12 11:33:19,948 [ERROR] Polling thread error: PLC disconnected: [WinError 10051] A socket operation was attempted to an unreachable network
2026-02-12 11:33:21,036 [ERROR] Polling thread error: PLC disconnected: [WinError 10051] A socket operation was attempted to an unreachable network
2026-02-12 11:33:22,126 [ERROR] Polling thread error: PLC disconnected: [WinError 10051] A socket operation was attempted to an unreachable network
2026-02-12 11:33:23,215 [ERROR] Polling thread error: PLC disconnected: [WinError 10051] A socket operation was attempted to an unreachable network
2026-02-12 11:33:24,296 [ERROR] Polling thread error: PLC disconnected: [WinError 10051] A socket operation was attempted to an unreachable network
2026-02-12 11:33:25,374 [ERROR] Polling thread error: PLC disconnected: [WinError 10051] A socket operation was attempted to an unreachable network
2026-02-12 11:33:26,454 [ERROR] Polling thread error: PLC disconnected: [WinError 10051] A socket operation was attempted to an unreachable network
2026-02-12 11:33:27,537 [ERROR] Polling thread error: PLC disconnected: [WinError 10051] A socket operation was attempted to an unreachable network
2026-02-12 11:33:28,626 [ERROR] Polling thread error: PLC disconnected: [WinError 10051] A socket operation was attempted to an unreachable network
2026-02-12 11:33:29,714 [ERROR] Polling thread error: PLC disconnected: [WinError 10051] A socket operation was attempted to an unreachable network
2026-02-12 11:33:30,792 [ERROR] Polling thread error: PLC disconnected: [WinError 10051] A socket operation was attempted to an unreachable network
2026-02-12 11:33:31,869 [ERROR] Polling thread error: PLC disconnected: [WinError 10051] A socket operation was attempted to an unreachable network
2026-02-12 11:33:32,948 [ERROR] Polling thread error: PLC disconnected: [WinError 10051] A socket operation was attempted to an unreachable network
2026-02-12 11:33:34,038 [ERROR] Polling thread error: PLC disconnected: [WinError 10051] A socket operation was attempted to an unreachable network
2026-02-12 11:33:35,118 [ERROR] Polling thread error: PLC disconnected: [WinError 10051] A socket operation was attempted to an unreachable network
2026-02-12 11:33:36,197 [ERROR] Polling thread error: PLC disconnected: [WinError 10051] A socket operation was attempted to an unreachable network
2026-02-12 11:33:37,286 [ERROR] Polling thread error: PLC disconnected: [WinError 10051] A socket operation was attempted to an unreachable network
2026-02-12 11:33:38,373 [ERROR] Polling thread error: PLC disconnected: [WinError 10051] A socket operation was attempted to an unreachable network
2026-02-12 11:33:39,461 [ERROR] Polling thread error: PLC disconnected: [WinError 10051] A socket operation was attempted to an unreachable network
2026-02-12 11:33:40,540 [ERROR] Polling thread error: PLC disconnected: [WinError 10051] A socket operation was attempted to an unreachable network
2026-02-12 11:33:41,622 [ERROR] Polling thread error: PLC disconnected: [WinError 10051] A socket operation was attempted to an unreachable network
2026-02-12 11:33:42,706 [ERROR] Polling thread error: PLC disconnected: [WinError 10051] A socket operation was attempted to an unreachable network
2026-02-12 11:33:43,785 [ERROR] Polling thread error: PLC disconnected: [WinError 10051] A socket operation was attempted to an unreachable network
2026-02-12 11:33:46,864 [ERROR] Polling thread error: PLC disconnected: timed out
2026-02-12 11:33:49,943 [ERROR] Polling thread error: PLC disconnected: timed out
2026-02-12 11:33:53,021 [ERROR] Polling thread error: PLC disconnected: timed out
2026-02-12 11:33:56,100 [ERROR] Polling thread error: PLC disconnected: timed out
2026-02-12 11:33:57,188 [ERROR] Polling thread error: PLC disconnected: [WinError 10051] A socket operation was attempted to an unreachable network
2026-02-12 11:33:58,276 [ERROR] Polling thread error: PLC disconnected: [WinError 10051] A socket operation was attempted to an unreachable network
2026-02-12 11:33:59,358 [ERROR] Polling thread error: PLC disconnected: [WinError 10051] A socket operation was attempted to an unreachable network
2026-02-12 11:35:02,847 [ERROR] Polling thread error: timed out
2026-02-12 11:35:19,211 [ERROR] Polling thread error: PLC disconnected: timed out
2026-02-12 11:35:20,529 [ERROR] Polling thread error: PLC disconnected: [WinError 10053] An established connection was aborted by the software in your host machine
2026-02-12 11:35:21,621 [ERROR] Polling thread error: PLC disconnected: [WinError 10051] A socket operation was attempted to an unreachable network
2026-02-12 11:35:22,701 [ERROR] Polling thread error: PLC disconnected: [WinError 10051] A socket operation was attempted to an unreachable network
2026-02-12 11:35:25,780 [ERROR] Polling thread error: PLC disconnected: timed out
2026-02-12 11:35:28,860 [ERROR] Polling thread error: PLC disconnected: timed out
2026-02-12 11:35:31,938 [ERROR] Polling thread error: PLC disconnected: timed out
2026-02-12 11:35:35,020 [ERROR] Polling thread error: PLC disconnected: timed out
2026-02-12 11:35:38,098 [ERROR] Polling thread error: PLC disconnected: timed out
2026-02-12 11:35:41,177 [ERROR] Polling thread error: PLC disconnected: timed out
2026-02-12 11:35:44,257 [ERROR] Polling thread error: PLC disconnected: timed out
2026-02-12 11:35:47,336 [ERROR] Polling thread error: PLC disconnected: timed out
2026-02-12 11:35:48,414 [ERROR] Polling thread error: PLC disconnected: [WinError 10065] A socket operation was attempted to an unreachable host
2026-02-12 11:35:49,503 [ERROR] Polling thread error: PLC disconnected: [WinError 10051] A socket operation was attempted to an unreachable network
2026-02-12 11:35:50,579 [ERROR] Polling thread error: PLC disconnected: [WinError 10051] A socket operation was attempted to an unreachable network
2026-02-12 11:35:51,658 [ERROR] Polling thread error: PLC disconnected: [WinError 10051] A socket operation was attempted to an unreachable network
2026-02-12 11:35:54,741 [ERROR] Polling thread error: PLC disconnected: timed out
2026-02-12 11:35:57,820 [ERROR] Polling thread error: PLC disconnected: timed out
2026-02-12 11:36:00,898 [ERROR] Polling thread error: PLC disconnected: timed out
2026-02-12 11:36:03,977 [ERROR] Polling thread error: PLC disconnected: timed out
2026-02-12 11:36:07,057 [ERROR] Polling thread error: PLC disconnected: timed out
2026-02-12 11:36:10,136 [ERROR] Polling thread error: PLC disconnected: timed out
2026-02-12 11:36:13,156 [ERROR] Polling thread error: PLC disconnected: [WinError 10053] An established connection was aborted by the software in your host machine
2026-02-12 11:36:14,236 [ERROR] Polling thread error: PLC disconnected: [WinError 10051] A socket operation was attempted to an unreachable network
2026-02-12 11:36:15,315 [ERROR] Polling thread error: PLC disconnected: [WinError 10051] A socket operation was attempted to an unreachable network
2026-02-12 11:36:18,394 [ERROR] Polling thread error: PLC disconnected: timed out
2026-02-12 11:36:21,471 [ERROR] Polling thread error: PLC disconnected: timed out
2026-02-12 11:36:24,552 [ERROR] Polling thread error: PLC disconnected: timed out
2026-02-12 11:36:27,649 [ERROR] Polling thread error: PLC disconnected: timed out
2026-02-12 11:36:28,746 [ERROR] Polling thread error: PLC disconnected: [WinError 10065] A socket operation was attempted to an unreachable host
2026-02-12 11:36:29,849 [ERROR] Polling thread error: PLC disconnected: [WinError 10065] A socket operation was attempted to an unreachable host
2026-02-12 11:36:30,927 [ERROR] Polling thread error: PLC disconnected: [WinError 10065] A socket operation was attempted to an unreachable host
2026-02-12 11:36:32,015 [ERROR] Polling thread error: PLC disconnected: [WinError 10051] A socket operation was attempted to an unreachable network
2026-02-12 11:36:33,102 [ERROR] Polling thread error: PLC disconnected: [WinError 10051] A socket operation was attempted to an unreachable network
2026-02-12 11:36:34,180 [ERROR] Polling thread error: PLC disconnected: [WinError 10051] A socket operation was attempted to an unreachable network
2026-02-12 11:36:35,261 [ERROR] Polling thread error: PLC disconnected: [WinError 10051] A socket operation was attempted to an unreachable network
2026-02-12 11:36:36,362 [ERROR] Polling thread error: PLC disconnected: [WinError 10051] A socket operation was attempted to an unreachable network
2026-02-12 11:36:37,466 [ERROR] Polling thread error: PLC disconnected: [WinError 10051] A socket operation was attempted to an unreachable network
2026-02-12 11:36:38,572 [ERROR] Polling thread error: PLC disconnected: [WinError 10051] A socket operation was attempted to an unreachable network
2026-02-12 11:36:39,671 [ERROR] Polling thread error: PLC disconnected: [WinError 10051] A socket operation was attempted to an unreachable network
2026-02-12 11:36:40,754 [ERROR] Polling thread error: PLC disconnected: [WinError 10051] A socket operation was attempted to an unreachable network
2026-02-12 11:36:41,843 [ERROR] Polling thread error: PLC disconnected: [WinError 10051] A socket operation was attempted to an unreachable network
2026-02-12 11:36:42,920 [ERROR] Polling thread error: PLC disconnected: [WinError 10051] A socket operation was attempted to an unreachable network
2026-02-12 11:36:44,011 [ERROR] Polling thread error: PLC disconnected: [WinError 10051] A socket operation was attempted to an unreachable network
2026-02-12 11:36:45,092 [ERROR] Polling thread error: PLC disconnected: [WinError 10051] A socket operation was attempted to an unreachable network
2026-02-12 11:36:46,171 [ERROR] Polling thread error: PLC disconnected: [WinError 10051] A socket operation was attempted to an unreachable network
2026-02-12 11:36:47,259 [ERROR] Polling thread error: PLC disconnected: [WinError 10051] A socket operation was attempted to an unreachable network
2026-02-12 11:36:48,346 [ERROR] Polling thread error: PLC disconnected: [WinError 10051] A socket operation was attempted to an unreachable network
2026-02-12 11:36:49,434 [ERROR] Polling thread error: PLC disconnected: [WinError 10051] A socket operation was attempted to an unreachable network
2026-02-12 11:36:50,512 [ERROR] Polling thread error: PLC disconnected: [WinError 10051] A socket operation was attempted to an unreachable network
2026-02-12 11:36:51,600 [ERROR] Polling thread error: PLC disconnected: [WinError 10051] A socket operation was attempted to an unreachable network
2026-02-12 11:36:52,688 [ERROR] Polling thread error: PLC disconnected: [WinError 10051] A socket operation was attempted to an unreachable network
2026-02-12 11:36:53,767 [ERROR] Polling thread error: PLC disconnected: [WinError 10051] A socket operation was attempted to an unreachable network
2026-02-12 11:36:54,855 [ERROR] Polling thread error: PLC disconnected: [WinError 10051] A socket operation was attempted to an unreachable network
2026-02-12 11:36:55,933 [ERROR] Polling thread error: PLC disconnected: [WinError 10051] A socket operation was attempted to an unreachable network
2026-02-12 11:36:57,010 [ERROR] Polling thread error: PLC disconnected: [WinError 10051] A socket operation was attempted to an unreachable network
2026-02-12 11:36:58,100 [ERROR] Polling thread error: PLC disconnected: [WinError 10051] A socket operation was attempted to an unreachable network
2026-02-12 11:36:59,179 [ERROR] Polling thread error: PLC disconnected: [WinError 10051] A socket operation was attempted to an unreachable network
2026-02-12 11:37:00,267 [ERROR] Polling thread error: PLC disconnected: [WinError 10051] A socket operation was attempted to an unreachable network
2026-02-12 11:37:01,356 [ERROR] Polling thread error: PLC disconnected: [WinError 10051] A socket operation was attempted to an unreachable network
2026-02-12 11:37:02,435 [ERROR] Polling thread error: PLC disconnected: [WinError 10051] A socket operation was attempted to an unreachable network
2026-02-12 11:37:03,526 [ERROR] Polling thread error: PLC disconnected: [WinError 10051] A socket operation was attempted to an unreachable network
2026-02-12 11:37:04,604 [ERROR] Polling thread error: PLC disconnected: [WinError 10051] A socket operation was attempted to an unreachable network
2026-02-12 11:37:05,692 [ERROR] Polling thread error: PLC disconnected: [WinError 10051] A socket operation was attempted to an unreachable network
2026-02-12 11:37:06,782 [ERROR] Polling thread error: PLC disconnected: [WinError 10051] A socket operation was attempted to an unreachable network
2026-02-12 11:37:07,873 [ERROR] Polling thread error: PLC disconnected: [WinError 10051] A socket operation was attempted to an unreachable network
2026-02-12 11:37:08,950 [ERROR] Polling thread error: PLC disconnected: [WinError 10051] A socket operation was attempted to an unreachable network
2026-02-12 11:37:12,028 [ERROR] Polling thread error: PLC disconnected: timed out
2026-02-12 11:37:15,106 [ERROR] Polling thread error: PLC disconnected: timed out
2026-02-12 11:37:18,184 [ERROR] Polling thread error: PLC disconnected: timed out
2026-02-12 11:37:21,261 [ERROR] Polling thread error: PLC disconnected: timed out
2026-02-12 11:37:24,349 [ERROR] Polling thread error: PLC disconnected: timed out
2026-02-12 11:37:27,449 [ERROR] Polling thread error: PLC disconnected: timed out
2026-02-12 11:37:30,551 [ERROR] Polling thread error: PLC disconnected: timed out
2026-02-12 11:37:33,638 [ERROR] Polling thread error: PLC disconnected: timed out
2026-02-12 11:37:36,739 [ERROR] Polling thread error: PLC disconnected: timed out
2026-02-12 11:37:39,835 [ERROR] Polling thread error: PLC disconnected: timed out
2026-02-12 11:37:42,931 [ERROR] Polling thread error: PLC disconnected: timed out
2026-02-12 11:37:46,030 [ERROR] Polling thread error: PLC disconnected: timed out
2026-02-12 11:37:49,107 [ERROR] Polling thread error: PLC disconnected: timed out
2026-02-12 11:37:52,185 [ERROR] Polling thread error: PLC disconnected: timed out
2026-02-12 11:37:55,262 [ERROR] Polling thread error: PLC disconnected: timed out
2026-02-12 11:37:58,340 [ERROR] Polling thread error: PLC disconnected: timed out
2026-02-12 11:38:45,594 [WARNING] [Inference] TensorRT or cuda-python not installed: No module named 'tensorrt'
2026-02-12 11:38:46,123 [INFO] [Inference] Using GPU
2026-02-12 11:38:46,124 [INFO] [Inference] Loading OpenVINO model from C:\MyStuff\VS\MECup\backend\inference\openvino_model\model.xml
2026-02-12 11:38:47,357 [INFO] [Inference] Using OpenVINO backend on GPU
2026-02-12 11:38:47,541 [INFO] [Inference] Model ready (openvino)
2026-02-12 11:38:47,541 [ERROR] Error in inference process: [Errno 2] No such file or directory: 'C:\\MyStuff\\VS\\MECup\\backend\\inference\\stitched_result2.jpg'
2026-02-12 11:38:49,432 [WARNING] [Inference] TensorRT or cuda-python not installed: No module named 'tensorrt'
2026-02-12 11:38:49,899 [INFO] [Inference] Using GPU
2026-02-12 11:38:49,902 [INFO] [Inference] Loading OpenVINO model from C:\MyStuff\VS\MECup\backend\inference\openvino_model\model.xml
2026-02-12 11:38:51,112 [INFO] [Inference] Using OpenVINO backend on GPU
2026-02-12 11:38:51,290 [INFO] [Inference] Model ready (openvino)
2026-02-12 11:38:51,292 [ERROR] Error in inference process: [Errno 2] No such file or directory: 'C:\\MyStuff\\VS\\MECup\\backend\\inference\\stitched_result2.jpg'
2026-02-12 11:38:53,385 [WARNING] [Inference] TensorRT or cuda-python not installed: No module named 'tensorrt'
2026-02-12 11:38:53,540 [ERROR] Polling thread error: PLC disconnected: timed out
2026-02-12 11:38:53,909 [INFO] [Inference] Using GPU
2026-02-12 11:38:53,910 [INFO] [Inference] Loading OpenVINO model from C:\MyStuff\VS\MECup\backend\inference\openvino_model\model.xml
2026-02-12 11:38:55,248 [INFO] [Inference] Using OpenVINO backend on GPU
2026-02-12 11:38:55,420 [INFO] [Inference] Model ready (openvino)
2026-02-12 11:38:55,420 [ERROR] Error in inference process: [Errno 2] No such file or directory: 'C:\\MyStuff\\VS\\MECup\\backend\\inference\\stitched_result2.jpg'
2026-02-12 11:38:56,617 [ERROR] Polling thread error: PLC disconnected: timed out
2026-02-12 11:38:59,694 [ERROR] Polling thread error: PLC disconnected: timed out
2026-02-12 11:39:02,772 [ERROR] Polling thread error: PLC disconnected: timed out
2026-02-12 11:39:05,850 [ERROR] Polling thread error: PLC disconnected: timed out
2026-02-12 11:39:08,927 [ERROR] Polling thread error: PLC disconnected: timed out
2026-02-12 11:39:12,005 [ERROR] Polling thread error: PLC disconnected: timed out
2026-02-12 11:39:15,083 [ERROR] Polling thread error: PLC disconnected: timed out
2026-02-12 11:39:18,179 [ERROR] Polling thread error: PLC disconnected: timed out
2026-02-12 11:39:21,271 [ERROR] Polling thread error: PLC disconnected: timed out
2026-02-12 11:39:24,365 [ERROR] Polling thread error: PLC disconnected: timed out
2026-02-12 11:39:27,454 [ERROR] Polling thread error: PLC disconnected: timed out
2026-02-12 11:39:30,547 [ERROR] Polling thread error: PLC disconnected: timed out
2026-02-12 11:39:33,624 [ERROR] Polling thread error: PLC disconnected: timed out
2026-02-12 11:39:36,702 [ERROR] Polling thread error: PLC disconnected: timed out
2026-02-12 11:39:39,778 [ERROR] Polling thread error: PLC disconnected: timed out
2026-02-12 11:39:42,855 [ERROR] Polling thread error: PLC disconnected: timed out
2026-02-12 11:39:45,934 [ERROR] Polling thread error: PLC disconnected: timed out
2026-02-12 11:39:54,970 [WARNING] [Inference] TensorRT or cuda-python not installed: No module named 'tensorrt'
2026-02-12 11:39:55,522 [INFO] [Inference] Using GPU
2026-02-12 11:39:55,523 [INFO] [Inference] Loading OpenVINO model from C:\MyStuff\VS\MECup\backend\inference\openvino_model\model.xml
2026-02-12 11:39:56,788 [INFO] [Inference] Using OpenVINO backend on GPU
2026-02-12 11:39:56,968 [INFO] [Inference] Model ready (openvino)
2026-02-12 11:39:56,968 [ERROR] Error in inference process: [Errno 2] No such file or directory: 'C:\\MyStuff\\VS\\MECup\\backend\\inference\\stitched_result2.jpg'
2026-02-12 11:39:58,775 [WARNING] [Inference] TensorRT or cuda-python not installed: No module named 'tensorrt'
2026-02-12 11:39:59,291 [INFO] [Inference] Using GPU
2026-02-12 11:39:59,291 [INFO] [Inference] Loading OpenVINO model from C:\MyStuff\VS\MECup\backend\inference\openvino_model\model.xml
2026-02-12 11:40:00,543 [INFO] [Inference] Using OpenVINO backend on GPU
2026-02-12 11:40:00,723 [INFO] [Inference] Model ready (openvino)
2026-02-12 11:40:00,724 [ERROR] Error in inference process: [Errno 2] No such file or directory: 'C:\\MyStuff\\VS\\MECup\\backend\\inference\\stitched_result2.jpg'
2026-02-12 11:40:02,723 [WARNING] [Inference] TensorRT or cuda-python not installed: No module named 'tensorrt'
2026-02-12 11:40:02,930 [ERROR] Polling thread error: PLC disconnected: timed out
2026-02-12 11:40:03,367 [INFO] [Inference] Using GPU
2026-02-12 11:40:03,367 [INFO] [Inference] Loading OpenVINO model from C:\MyStuff\VS\MECup\backend\inference\openvino_model\model.xml
2026-02-12 11:40:04,671 [INFO] [Inference] Using OpenVINO backend on GPU
2026-02-12 11:40:04,848 [INFO] [Inference] Model ready (openvino)
2026-02-12 11:40:04,848 [ERROR] Error in inference process: [Errno 2] No such file or directory: 'C:\\MyStuff\\VS\\MECup\\backend\\inference\\stitched_result2.jpg'
2026-02-12 11:40:06,007 [ERROR] Polling thread error: PLC disconnected: timed out
2026-02-12 11:40:09,085 [ERROR] Polling thread error: PLC disconnected: timed out
2026-02-12 11:40:12,164 [ERROR] Polling thread error: PLC disconnected: timed out
2026-02-12 11:40:15,241 [ERROR] Polling thread error: PLC disconnected: timed out
2026-02-12 11:40:18,321 [ERROR] Polling thread error: PLC disconnected: timed out
2026-02-12 11:40:21,399 [ERROR] Polling thread error: PLC disconnected: timed out
2026-02-12 11:40:24,477 [ERROR] Polling thread error: PLC disconnected: timed out
2026-02-12 11:40:27,557 [ERROR] Polling thread error: PLC disconnected: timed out
2026-02-12 11:40:30,636 [ERROR] Polling thread error: PLC disconnected: timed out
2026-02-12 11:40:33,714 [ERROR] Polling thread error: PLC disconnected: timed out
2026-02-12 11:40:36,793 [ERROR] Polling thread error: PLC disconnected: timed out
2026-02-12 11:40:39,871 [ERROR] Polling thread error: PLC disconnected: timed out
2026-02-12 11:40:42,949 [ERROR] Polling thread error: PLC disconnected: timed out
2026-02-12 11:40:46,028 [ERROR] Polling thread error: PLC disconnected: timed out
2026-02-12 11:40:49,107 [ERROR] Polling thread error: PLC disconnected: timed out
2026-02-12 11:40:52,205 [ERROR] Polling thread error: PLC disconnected: timed out
2026-02-12 11:40:55,285 [ERROR] Polling thread error: PLC disconnected: timed out
2026-02-12 11:40:58,364 [ERROR] Polling thread error: PLC disconnected: timed out
2026-02-12 11:41:01,446 [ERROR] Polling thread error: PLC disconnected: timed out
2026-02-12 11:41:04,523 [ERROR] Polling thread error: PLC disconnected: timed out
2026-02-12 11:41:07,601 [ERROR] Polling thread error: PLC disconnected: timed out
2026-02-12 11:41:10,680 [ERROR] Polling thread error: PLC disconnected: timed out
2026-02-12 11:41:13,762 [ERROR] Polling thread error: PLC disconnected: timed out
2026-02-12 11:41:16,840 [ERROR] Polling thread error: PLC disconnected: timed out
2026-02-12 11:41:19,920 [ERROR] Polling thread error: PLC disconnected: timed out
2026-02-12 11:41:23,001 [ERROR] Polling thread error: PLC disconnected: timed out
2026-02-12 11:41:26,079 [ERROR] Polling thread error: PLC disconnected: timed out
2026-02-12 11:41:29,157 [ERROR] Polling thread error: PLC disconnected: timed out
2026-02-12 11:41:32,235 [ERROR] Polling thread error: PLC disconnected: timed out
2026-02-12 11:41:35,314 [ERROR] Polling thread error: PLC disconnected: timed out
2026-02-12 11:41:38,392 [ERROR] Polling thread error: PLC disconnected: timed out
2026-02-12 11:41:41,470 [ERROR] Polling thread error: PLC disconnected: timed out
2026-02-12 11:41:44,552 [ERROR] Polling thread error: PLC disconnected: timed out
2026-02-12 11:41:47,630 [ERROR] Polling thread error: PLC disconnected: timed out
2026-02-12 11:41:50,708 [ERROR] Polling thread error: PLC disconnected: timed out
2026-02-12 11:41:53,787 [ERROR] Polling thread error: PLC disconnected: timed out
2026-02-12 11:41:56,868 [ERROR] Polling thread error: PLC disconnected: timed out
2026-02-12 11:41:59,948 [ERROR] Polling thread error: PLC disconnected: timed out
2026-02-12 11:42:03,027 [ERROR] Polling thread error: PLC disconnected: timed out
2026-02-12 11:42:06,106 [ERROR] Polling thread error: PLC disconnected: timed out
2026-02-12 11:42:09,186 [ERROR] Polling thread error: PLC disconnected: timed out
2026-02-12 11:42:12,265 [ERROR] Polling thread error: PLC disconnected: timed out
2026-02-12 11:42:27,432 [WARNING] [Inference] TensorRT or cuda-python not installed: No module named 'tensorrt'
2026-02-12 11:42:28,008 [INFO] [Inference] Using GPU
2026-02-12 11:42:28,009 [INFO] [Inference] Loading OpenVINO model from C:\MyStuff\VS\MECup\backend\inference\openvino_model\model.xml
2026-02-12 11:42:29,293 [INFO] [Inference] Using OpenVINO backend on GPU
2026-02-12 11:42:29,472 [INFO] [Inference] Model ready (openvino)
2026-02-12 11:42:29,473 [ERROR] Error in inference process: [Errno 2] No such file or directory: 'C:\\MyStuff\\VS\\MECup\\backend\\inference\\stitched_result2.jpg'
2026-02-12 11:42:31,306 [WARNING] [Inference] TensorRT or cuda-python not installed: No module named 'tensorrt'
2026-02-12 11:42:31,819 [INFO] [Inference] Using GPU
2026-02-12 11:42:31,820 [INFO] [Inference] Loading OpenVINO model from C:\MyStuff\VS\MECup\backend\inference\openvino_model\model.xml
2026-02-12 11:42:33,082 [INFO] [Inference] Using OpenVINO backend on GPU
2026-02-12 11:42:33,265 [INFO] [Inference] Model ready (openvino)
2026-02-12 11:42:33,266 [ERROR] Error in inference process: [Errno 2] No such file or directory: 'C:\\MyStuff\\VS\\MECup\\backend\\inference\\stitched_result2.jpg'
2026-02-12 11:42:35,404 [WARNING] [Inference] TensorRT or cuda-python not installed: No module named 'tensorrt'
2026-02-12 11:42:35,505 [ERROR] Polling thread error: PLC disconnected: timed out
2026-02-12 11:42:35,947 [INFO] [Inference] Using GPU
2026-02-12 11:42:35,948 [INFO] [Inference] Loading OpenVINO model from C:\MyStuff\VS\MECup\backend\inference\openvino_model\model.xml
2026-02-12 11:42:37,252 [INFO] [Inference] Using OpenVINO backend on GPU
2026-02-12 11:42:37,427 [INFO] [Inference] Model ready (openvino)
2026-02-12 11:42:37,427 [ERROR] Error in inference process: [Errno 2] No such file or directory: 'C:\\MyStuff\\VS\\MECup\\backend\\inference\\stitched_result2.jpg'
2026-02-12 11:42:38,582 [ERROR] Polling thread error: PLC disconnected: timed out
2026-02-12 11:42:41,660 [ERROR] Polling thread error: PLC disconnected: timed out
2026-02-12 11:42:44,740 [ERROR] Polling thread error: PLC disconnected: timed out
2026-02-12 11:42:47,820 [ERROR] Polling thread error: PLC disconnected: timed out
2026-02-12 11:42:50,900 [ERROR] Polling thread error: PLC disconnected: timed out
2026-02-12 11:42:53,979 [ERROR] Polling thread error: PLC disconnected: timed out
2026-02-12 11:42:57,060 [ERROR] Polling thread error: PLC disconnected: timed out
2026-02-12 11:43:00,141 [ERROR] Polling thread error: PLC disconnected: timed out
2026-02-12 11:43:03,221 [ERROR] Polling thread error: PLC disconnected: timed out
2026-02-12 11:43:06,302 [ERROR] Polling thread error: PLC disconnected: timed out
2026-02-12 11:43:09,382 [ERROR] Polling thread error: PLC disconnected: timed out
2026-02-12 11:43:12,461 [ERROR] Polling thread error: PLC disconnected: timed out
2026-02-12 11:43:15,540 [ERROR] Polling thread error: PLC disconnected: timed out
2026-02-12 11:43:18,619 [ERROR] Polling thread error: PLC disconnected: timed out
2026-02-12 11:43:21,697 [ERROR] Polling thread error: PLC disconnected: timed out
2026-02-12 11:43:24,777 [ERROR] Polling thread error: PLC disconnected: timed out
2026-02-12 11:43:27,858 [ERROR] Polling thread error: PLC disconnected: timed out
2026-02-12 11:43:30,938 [ERROR] Polling thread error: PLC disconnected: timed out
2026-02-12 11:43:34,022 [ERROR] Polling thread error: PLC disconnected: timed out
2026-02-12 11:43:37,102 [ERROR] Polling thread error: PLC disconnected: timed out
2026-02-12 11:43:40,182 [ERROR] Polling thread error: PLC disconnected: timed out
2026-02-12 11:43:43,261 [ERROR] Polling thread error: PLC disconnected: timed out
2026-02-12 11:43:46,339 [ERROR] Polling thread error: PLC disconnected: timed out
2026-02-12 11:43:49,420 [ERROR] Polling thread error: PLC disconnected: timed out
2026-02-12 11:43:52,502 [ERROR] Polling thread error: PLC disconnected: timed out
2026-02-12 11:43:55,579 [ERROR] Polling thread error: PLC disconnected: timed out
2026-02-12 11:43:58,659 [ERROR] Polling thread error: PLC disconnected: timed out
2026-02-12 11:44:01,737 [ERROR] Polling thread error: PLC disconnected: timed out
2026-02-12 11:44:04,816 [ERROR] Polling thread error: PLC disconnected: timed out
2026-02-12 11:44:07,893 [ERROR] Polling thread error: PLC disconnected: timed out
2026-02-12 11:44:10,986 [ERROR] Polling thread error: PLC disconnected: timed out
2026-02-12 11:44:14,066 [ERROR] Polling thread error: PLC disconnected: timed out
2026-02-12 11:44:17,144 [ERROR] Polling thread error: PLC disconnected: timed out
2026-02-12 11:44:20,223 [ERROR] Polling thread error: PLC disconnected: timed out
2026-02-12 11:44:23,301 [ERROR] Polling thread error: PLC disconnected: timed out
2026-02-12 11:44:26,382 [ERROR] Polling thread error: PLC disconnected: timed out
2026-02-12 11:44:29,463 [ERROR] Polling thread error: PLC disconnected: timed out
2026-02-12 11:44:32,542 [ERROR] Polling thread error: PLC disconnected: timed out
2026-02-12 11:44:35,624 [ERROR] Polling thread error: PLC disconnected: timed out
2026-02-12 11:44:38,702 [ERROR] Polling thread error: PLC disconnected: timed out
2026-02-12 11:44:41,793 [ERROR] Polling thread error: PLC disconnected: timed out
2026-02-12 11:44:44,873 [ERROR] Polling thread error: PLC disconnected: timed out
2026-02-12 11:44:47,951 [ERROR] Polling thread error: PLC disconnected: timed out
2026-02-12 11:44:51,031 [ERROR] Polling thread error: PLC disconnected: timed out
2026-02-12 11:44:54,110 [ERROR] Polling thread error: PLC disconnected: timed out
2026-02-12 11:44:57,189 [ERROR] Polling thread error: PLC disconnected: timed out
2026-02-12 11:45:00,267 [ERROR] Polling thread error: PLC disconnected: timed out
2026-02-12 11:45:03,346 [ERROR] Polling thread error: PLC disconnected: timed out
2026-02-12 11:45:06,424 [ERROR] Polling thread error: PLC disconnected: timed out
2026-02-12 11:45:09,507 [ERROR] Polling thread error: PLC disconnected: timed out
2026-02-12 11:45:12,586 [ERROR] Polling thread error: PLC disconnected: timed out
2026-02-12 11:45:15,665 [ERROR] Polling thread error: PLC disconnected: timed out
2026-02-12 11:45:18,748 [ERROR] Polling thread error: PLC disconnected: timed out
2026-02-12 11:45:21,826 [ERROR] Polling thread error: PLC disconnected: timed out
2026-02-12 11:45:24,906 [ERROR] Polling thread error: PLC disconnected: timed out
2026-02-12 11:45:27,985 [ERROR] Polling thread error: PLC disconnected: timed out
2026-02-12 11:45:31,064 [ERROR] Polling thread error: PLC disconnected: timed out
2026-02-12 11:45:34,143 [ERROR] Polling thread error: PLC disconnected: timed out
2026-02-12 11:45:37,222 [ERROR] Polling thread error: PLC disconnected: timed out
2026-02-12 11:45:40,302 [ERROR] Polling thread error: PLC disconnected: timed out
2026-02-12 11:45:43,384 [ERROR] Polling thread error: PLC disconnected: timed out
2026-02-12 11:45:46,463 [ERROR] Polling thread error: PLC disconnected: timed out
2026-02-12 11:45:49,542 [ERROR] Polling thread error: PLC disconnected: timed out
2026-02-12 11:45:52,624 [ERROR] Polling thread error: PLC disconnected: timed out
2026-02-12 11:45:55,702 [ERROR] Polling thread error: PLC disconnected: timed out
2026-02-12 11:45:58,779 [ERROR] Polling thread error: PLC disconnected: timed out
2026-02-12 11:46:01,858 [ERROR] Polling thread error: PLC disconnected: timed out
2026-02-12 11:46:04,937 [ERROR] Polling thread error: PLC disconnected: timed out
2026-02-12 11:46:08,016 [ERROR] Polling thread error: PLC disconnected: timed out
2026-02-12 11:46:11,096 [ERROR] Polling thread error: PLC disconnected: timed out
2026-02-12 11:46:14,175 [ERROR] Polling thread error: PLC disconnected: timed out
2026-02-12 11:46:17,254 [ERROR] Polling thread error: PLC disconnected: timed out
2026-02-12 11:46:20,336 [ERROR] Polling thread error: PLC disconnected: timed out
2026-02-12 11:46:23,415 [ERROR] Polling thread error: PLC disconnected: timed out
2026-02-12 11:46:26,494 [ERROR] Polling thread error: PLC disconnected: timed out
2026-02-12 11:46:29,573 [ERROR] Polling thread error: PLC disconnected: timed out
2026-02-12 11:46:32,656 [ERROR] Polling thread error: PLC disconnected: timed out
2026-02-12 11:46:35,734 [ERROR] Polling thread error: PLC disconnected: timed out
2026-02-12 11:46:38,815 [ERROR] Polling thread error: PLC disconnected: timed out
2026-02-12 11:46:41,895 [ERROR] Polling thread error: PLC disconnected: timed out
2026-02-12 11:46:44,976 [ERROR] Polling thread error: PLC disconnected: timed out
2026-02-12 11:46:48,055 [ERROR] Polling thread error: PLC disconnected: timed out
2026-02-12 11:46:51,134 [ERROR] Polling thread error: PLC disconnected: timed out
2026-02-12 11:46:54,214 [ERROR] Polling thread error: PLC disconnected: timed out
2026-02-12 11:46:57,294 [ERROR] Polling thread error: PLC disconnected: timed out
2026-02-12 11:47:00,373 [ERROR] Polling thread error: PLC disconnected: timed out
2026-02-12 11:47:03,451 [ERROR] Polling thread error: PLC disconnected: timed out
2026-02-12 11:48:17,604 [WARNING] [Inference] TensorRT or cuda-python not installed: No module named 'tensorrt'
2026-02-12 11:48:18,137 [INFO] [Inference] Using GPU
2026-02-12 11:48:18,138 [INFO] [Inference] Loading OpenVINO model from C:\MyStuff\VS\MECup\backend\inference\openvino_model\model.xml
2026-02-12 11:48:19,350 [INFO] [Inference] Using OpenVINO backend on GPU
2026-02-12 11:48:19,532 [INFO] [Inference] Model ready (openvino)
2026-02-12 11:48:19,533 [ERROR] Error in inference process: [Errno 2] No such file or directory: 'C:\\MyStuff\\VS\\MECup\\backend\\inference\\stitched_result2.jpg'
2026-02-12 11:48:21,326 [WARNING] [Inference] TensorRT or cuda-python not installed: No module named 'tensorrt'
2026-02-12 11:48:21,834 [INFO] [Inference] Using GPU
2026-02-12 11:48:21,834 [INFO] [Inference] Loading OpenVINO model from C:\MyStuff\VS\MECup\backend\inference\openvino_model\model.xml
2026-02-12 11:48:23,076 [INFO] [Inference] Using OpenVINO backend on GPU
2026-02-12 11:48:23,254 [INFO] [Inference] Model ready (openvino)
2026-02-12 11:48:23,254 [ERROR] Error in inference process: [Errno 2] No such file or directory: 'C:\\MyStuff\\VS\\MECup\\backend\\inference\\stitched_result2.jpg'
2026-02-12 11:48:25,151 [WARNING] [Inference] TensorRT or cuda-python not installed: No module named 'tensorrt'
2026-02-12 11:48:25,483 [ERROR] Polling thread error: PLC disconnected: timed out
2026-02-12 11:48:25,630 [INFO] [Inference] Using GPU
2026-02-12 11:48:25,631 [INFO] [Inference] Loading OpenVINO model from C:\MyStuff\VS\MECup\backend\inference\openvino_model\model.xml
2026-02-12 11:48:26,970 [INFO] [Inference] Using OpenVINO backend on GPU
2026-02-12 11:48:27,175 [INFO] [Inference] Model ready (openvino)
2026-02-12 11:48:27,176 [ERROR] Error in inference process: [Errno 2] No such file or directory: 'C:\\MyStuff\\VS\\MECup\\backend\\inference\\stitched_result2.jpg'
2026-02-12 11:48:28,560 [ERROR] Polling thread error: PLC disconnected: timed out
2026-02-12 11:48:31,637 [ERROR] Polling thread error: PLC disconnected: timed out
2026-02-12 11:48:34,715 [ERROR] Polling thread error: PLC disconnected: timed out
2026-02-12 11:48:37,794 [ERROR] Polling thread error: PLC disconnected: timed out
2026-02-12 11:48:40,872 [ERROR] Polling thread error: PLC disconnected: timed out
2026-02-12 11:48:43,950 [ERROR] Polling thread error: PLC disconnected: timed out
2026-02-12 11:48:47,027 [ERROR] Polling thread error: PLC disconnected: timed out
2026-02-12 11:48:50,105 [ERROR] Polling thread error: PLC disconnected: timed out
2026-02-12 11:48:53,182 [ERROR] Polling thread error: PLC disconnected: timed out
2026-02-12 11:48:56,259 [ERROR] Polling thread error: PLC disconnected: timed out
2026-02-12 11:48:59,336 [ERROR] Polling thread error: PLC disconnected: timed out
2026-02-12 11:49:02,413 [ERROR] Polling thread error: PLC disconnected: timed out
2026-02-12 11:49:05,492 [ERROR] Polling thread error: PLC disconnected: timed out
2026-02-12 11:49:08,569 [ERROR] Polling thread error: PLC disconnected: timed out
2026-02-12 11:49:11,646 [ERROR] Polling thread error: PLC disconnected: timed out
2026-02-12 11:49:14,724 [ERROR] Polling thread error: PLC disconnected: timed out
2026-02-12 11:49:17,803 [ERROR] Polling thread error: PLC disconnected: timed out
2026-02-12 11:49:20,884 [ERROR] Polling thread error: PLC disconnected: timed out
2026-02-12 11:49:23,962 [ERROR] Polling thread error: PLC disconnected: timed out
2026-02-12 11:49:27,041 [ERROR] Polling thread error: PLC disconnected: timed out
2026-02-12 11:49:30,117 [ERROR] Polling thread error: PLC disconnected: timed out
2026-02-12 11:49:33,197 [ERROR] Polling thread error: PLC disconnected: timed out
2026-02-12 11:49:37,314 [WARNING] [Inference] TensorRT or cuda-python not installed: No module named 'tensorrt'
2026-02-12 11:49:37,849 [INFO] [Inference] Using GPU
2026-02-12 11:49:37,849 [INFO] [Inference] Loading OpenVINO model from C:\MyStuff\VS\MECup\backend\inference\openvino_model\model.xml
2026-02-12 11:49:39,218 [INFO] [Inference] Using OpenVINO backend on GPU
2026-02-12 11:49:39,392 [INFO] [Inference] Model ready (openvino)
2026-02-12 11:49:39,392 [ERROR] Error in inference process: [Errno 2] No such file or directory: 'C:\\MyStuff\\VS\\MECup\\backend\\inference\\stitched_result2.jpg'
2026-02-12 11:49:41,386 [WARNING] [Inference] TensorRT or cuda-python not installed: No module named 'tensorrt'
2026-02-12 11:49:41,616 [ERROR] Polling thread error: PLC disconnected: timed out
2026-02-12 11:49:41,929 [INFO] [Inference] Using GPU
2026-02-12 11:49:41,931 [INFO] [Inference] Loading OpenVINO model from C:\MyStuff\VS\MECup\backend\inference\openvino_model\model.xml
2026-02-12 11:49:43,343 [INFO] [Inference] Using OpenVINO backend on GPU
2026-02-12 11:49:43,523 [INFO] [Inference] Model ready (openvino)
2026-02-12 11:49:43,524 [ERROR] Error in inference process: [Errno 2] No such file or directory: 'C:\\MyStuff\\VS\\MECup\\backend\\inference\\stitched_result2.jpg'
2026-02-12 11:49:44,695 [ERROR] Polling thread error: PLC disconnected: timed out
2026-02-12 11:49:47,774 [ERROR] Polling thread error: PLC disconnected: timed out
2026-02-12 11:49:50,854 [ERROR] Polling thread error: PLC disconnected: timed out
2026-02-12 11:49:53,930 [ERROR] Polling thread error: PLC disconnected: timed out
2026-02-12 11:49:57,010 [ERROR] Polling thread error: PLC disconnected: timed out
2026-02-12 11:50:00,093 [ERROR] Polling thread error: PLC disconnected: timed out
2026-02-12 11:50:03,172 [ERROR] Polling thread error: PLC disconnected: timed out
2026-02-12 11:50:06,251 [ERROR] Polling thread error: PLC disconnected: timed out
2026-02-12 11:50:09,331 [ERROR] Polling thread error: PLC disconnected: timed out
2026-02-12 11:50:12,412 [ERROR] Polling thread error: PLC disconnected: timed out
2026-02-12 11:50:15,491 [ERROR] Polling thread error: PLC disconnected: timed out
2026-02-12 11:50:18,570 [ERROR] Polling thread error: PLC disconnected: timed out
2026-02-12 11:50:21,649 [ERROR] Polling thread error: PLC disconnected: timed out
2026-02-12 11:50:24,727 [ERROR] Polling thread error: PLC disconnected: timed out
2026-02-12 11:50:27,807 [ERROR] Polling thread error: PLC disconnected: timed out
2026-02-12 11:50:30,888 [ERROR] Polling thread error: PLC disconnected: timed out
2026-02-12 11:50:33,968 [ERROR] Polling thread error: PLC disconnected: timed out
2026-02-12 11:50:37,045 [ERROR] Polling thread error: PLC disconnected: timed out
2026-02-12 11:50:40,122 [ERROR] Polling thread error: PLC disconnected: timed out
2026-02-12 11:50:43,200 [ERROR] Polling thread error: PLC disconnected: timed out
2026-02-12 11:50:46,277 [ERROR] Polling thread error: PLC disconnected: timed out
2026-02-12 11:50:49,355 [ERROR] Polling thread error: PLC disconnected: timed out
2026-02-12 11:50:52,433 [ERROR] Polling thread error: PLC disconnected: timed out
2026-02-12 11:50:55,512 [ERROR] Polling thread error: PLC disconnected: timed out
2026-02-12 11:50:58,590 [ERROR] Polling thread error: PLC disconnected: timed out
2026-02-12 11:51:01,672 [ERROR] Polling thread error: PLC disconnected: timed out
2026-02-12 11:51:04,750 [ERROR] Polling thread error: PLC disconnected: timed out
2026-02-12 11:51:07,829 [ERROR] Polling thread error: PLC disconnected: timed out
2026-02-12 11:51:10,907 [ERROR] Polling thread error: PLC disconnected: timed out
2026-02-12 11:51:58,268 [WARNING] [Inference] TensorRT or cuda-python not installed: No module named 'tensorrt'
2026-02-12 11:51:58,816 [INFO] [Inference] Using GPU
2026-02-12 11:51:58,818 [INFO] [Inference] Loading OpenVINO model from C:\MyStuff\VS\MECup\backend\inference\openvino_model\model.xml
2026-02-12 11:52:00,086 [INFO] [Inference] Using OpenVINO backend on GPU
2026-02-12 11:52:00,275 [INFO] [Inference] Model ready (openvino)
2026-02-12 11:52:00,275 [ERROR] Error in inference process: [Errno 2] No such file or directory: 'C:\\MyStuff\\VS\\MECup\\backend\\inference\\stitched_result2.jpg'
2026-02-12 11:52:02,216 [WARNING] [Inference] TensorRT or cuda-python not installed: No module named 'tensorrt'
2026-02-12 11:52:02,731 [INFO] [Inference] Using GPU
2026-02-12 11:52:02,731 [INFO] [Inference] Loading OpenVINO model from C:\MyStuff\VS\MECup\backend\inference\openvino_model\model.xml
2026-02-12 11:52:04,010 [INFO] [Inference] Using OpenVINO backend on GPU
2026-02-12 11:52:04,189 [INFO] [Inference] Model ready (openvino)
2026-02-12 11:52:04,190 [ERROR] Error in inference process: [Errno 2] No such file or directory: 'C:\\MyStuff\\VS\\MECup\\backend\\inference\\stitched_result2.jpg'
2026-02-12 11:52:06,198 [WARNING] [Inference] TensorRT or cuda-python not installed: No module named 'tensorrt'
2026-02-12 11:52:06,477 [INFO] [Inference] Using GPU
2026-02-12 11:52:06,477 [INFO] [Inference] Loading OpenVINO model from C:\MyStuff\VS\MECup\backend\inference\openvino_model\model.xml
2026-02-12 11:52:07,736 [INFO] [Inference] Using OpenVINO backend on GPU
2026-02-12 11:52:07,922 [INFO] [Inference] Model ready (openvino)
2026-02-12 11:52:07,923 [ERROR] Error in inference process: [Errno 2] No such file or directory: 'C:\\MyStuff\\VS\\MECup\\backend\\inference\\stitched_result2.jpg'
2026-02-12 11:54:19,293 [ERROR] Polling thread error: [WinError 10054] An existing connection was forcibly closed by the remote host
2026-02-12 12:01:17,970 [ERROR] Polling thread error: [WinError 10054] An existing connection was forcibly closed by the remote host
2026-02-12 12:01:21,062 [ERROR] Polling thread error: PLC disconnected: timed out
2026-02-12 12:01:24,153 [ERROR] Polling thread error: PLC disconnected: timed out
2026-02-12 12:04:56,794 [ERROR] Polling thread error: PLC disconnected: timed out
2026-02-12 12:04:59,891 [ERROR] Polling thread error: PLC disconnected: timed out
2026-02-12 12:05:02,985 [ERROR] Polling thread error: PLC disconnected: timed out
2026-02-12 12:05:06,076 [ERROR] Polling thread error: PLC disconnected: timed out
2026-02-12 12:05:09,176 [ERROR] Polling thread error: PLC disconnected: timed out
2026-02-12 12:05:12,268 [ERROR] Polling thread error: PLC disconnected: timed out
2026-02-12 12:05:15,367 [ERROR] Polling thread error: PLC disconnected: timed out
2026-02-12 12:05:18,466 [ERROR] Polling thread error: PLC disconnected: timed out
2026-02-12 12:05:21,562 [ERROR] Polling thread error: PLC disconnected: timed out
2026-02-12 12:05:24,658 [ERROR] Polling thread error: PLC disconnected: timed out
2026-02-12 12:05:27,757 [ERROR] Polling thread error: PLC disconnected: timed out
2026-02-12 12:05:30,867 [ERROR] Polling thread error: PLC disconnected: timed out
2026-02-12 12:05:33,959 [ERROR] Polling thread error: PLC disconnected: timed out
2026-02-12 12:05:37,055 [ERROR] Polling thread error: PLC disconnected: timed out
2026-02-12 12:05:40,151 [ERROR] Polling thread error: PLC disconnected: timed out
2026-02-12 12:05:43,251 [ERROR] Polling thread error: PLC disconnected: timed out
2026-02-12 12:05:46,343 [ERROR] Polling thread error: PLC disconnected: timed out
2026-02-12 12:05:49,451 [ERROR] Polling thread error: PLC disconnected: timed out
2026-02-12 12:05:52,555 [ERROR] Polling thread error: PLC disconnected: timed out
2026-02-12 12:05:55,660 [ERROR] Polling thread error: PLC disconnected: timed out
2026-02-12 12:05:58,751 [ERROR] Polling thread error: PLC disconnected: timed out
2026-02-12 12:06:01,849 [ERROR] Polling thread error: PLC disconnected: timed out
2026-02-12 12:06:04,942 [ERROR] Polling thread error: PLC disconnected: timed out
2026-02-12 12:06:08,043 [ERROR] Polling thread error: PLC disconnected: timed out
2026-02-12 12:06:11,138 [ERROR] Polling thread error: PLC disconnected: timed out
2026-02-12 12:06:14,238 [ERROR] Polling thread error: PLC disconnected: timed out
2026-02-12 12:06:17,328 [ERROR] Polling thread error: PLC disconnected: timed out
2026-02-12 12:06:20,423 [ERROR] Polling thread error: PLC disconnected: timed out
2026-02-12 12:06:23,520 [ERROR] Polling thread error: PLC disconnected: timed out
2026-02-12 12:06:26,611 [ERROR] Polling thread error: PLC disconnected: timed out
2026-02-12 12:06:29,709 [ERROR] Polling thread error: PLC disconnected: timed out
2026-02-12 12:06:32,816 [ERROR] Polling thread error: PLC disconnected: timed out
2026-02-12 12:06:35,912 [ERROR] Polling thread error: PLC disconnected: timed out
2026-02-12 12:06:39,008 [ERROR] Polling thread error: PLC disconnected: timed out
2026-02-12 12:06:42,102 [ERROR] Polling thread error: PLC disconnected: timed out
2026-02-12 12:06:45,193 [ERROR] Polling thread error: PLC disconnected: timed out
2026-02-12 12:06:48,301 [ERROR] Polling thread error: PLC disconnected: timed out
2026-02-12 12:06:51,398 [ERROR] Polling thread error: PLC disconnected: timed out
2026-02-12 12:08:41,148 [WARNING] [Inference] TensorRT or cuda-python not installed: No module named 'tensorrt'
2026-02-12 12:08:41,681 [INFO] [Inference] Using GPU
2026-02-12 12:08:41,683 [INFO] [Inference] Loading OpenVINO model from C:\MyStuff\VS\MECup\backend\inference\openvino_model\model.xml
2026-02-12 12:08:42,977 [INFO] [Inference] Using OpenVINO backend on GPU
2026-02-12 12:08:43,159 [INFO] [Inference] Model ready (openvino)
2026-02-12 12:08:43,159 [ERROR] Error in inference process: [Errno 2] No such file or directory: 'C:\\MyStuff\\VS\\MECup\\backend\\inference\\stitched_result2.jpg'
2026-02-12 12:08:45,106 [WARNING] [Inference] TensorRT or cuda-python not installed: No module named 'tensorrt'
2026-02-12 12:08:45,604 [INFO] [Inference] Using GPU
2026-02-12 12:08:45,604 [INFO] [Inference] Loading OpenVINO model from C:\MyStuff\VS\MECup\backend\inference\openvino_model\model.xml
2026-02-12 12:08:46,934 [INFO] [Inference] Using OpenVINO backend on GPU
2026-02-12 12:08:47,110 [INFO] [Inference] Model ready (openvino)
2026-02-12 12:08:47,110 [ERROR] Error in inference process: [Errno 2] No such file or directory: 'C:\\MyStuff\\VS\\MECup\\backend\\inference\\stitched_result2.jpg'
2026-02-12 12:08:49,012 [WARNING] [Inference] TensorRT or cuda-python not installed: No module named 'tensorrt'
2026-02-12 12:08:49,508 [INFO] [Inference] Using GPU
2026-02-12 12:08:49,509 [INFO] [Inference] Loading OpenVINO model from C:\MyStuff\VS\MECup\backend\inference\openvino_model\model.xml
2026-02-12 12:08:50,918 [INFO] [Inference] Using OpenVINO backend on GPU
2026-02-12 12:08:51,096 [INFO] [Inference] Model ready (openvino)
2026-02-12 12:08:51,096 [ERROR] Error in inference process: [Errno 2] No such file or directory: 'C:\\MyStuff\\VS\\MECup\\backend\\inference\\stitched_result2.jpg'
2026-02-12 12:16:09,318 [ERROR] Failed to create DB record for scan: (sqlite3.IntegrityError) UNIQUE constraint failed: scans.id
[SQL: INSERT INTO scans (id, start_time, scanned_by, status, batch_folder, defect_count, image_count) VALUES (?, ?, ?, ?, ?, ?, ?)]
[parameters: ('scan_20260212_121609', '2026-02-12 12:16:09.317093', 'mee', 'pass', 'C:\\MyStuff\\VS\\MECup\\backend\\captured_images\\scan_20260212_121609', 0, 0)]
(Background on this error at: https://sqlalche.me/e/20/gkpj)
2026-02-12 12:20:41,935 [ERROR] Polling thread error: [WinError 10054] An existing connection was forcibly closed by the remote host
2026-02-12 12:20:45,046 [ERROR] Polling thread error: PLC disconnected: timed out
2026-02-12 12:20:48,135 [ERROR] Polling thread error: PLC disconnected: timed out
2026-02-12 12:20:51,231 [ERROR] Polling thread error: PLC disconnected: timed out
2026-02-12 12:20:54,327 [ERROR] Polling thread error: PLC disconnected: timed out
2026-02-12 12:20:57,420 [ERROR] Polling thread error: PLC disconnected: timed out
2026-02-12 12:21:00,517 [ERROR] Polling thread error: PLC disconnected: timed out
2026-02-12 12:21:03,623 [ERROR] Polling thread error: PLC disconnected: timed out
2026-02-12 12:21:06,719 [ERROR] Polling thread error: PLC disconnected: timed out
2026-02-12 12:21:09,808 [ERROR] Polling thread error: PLC disconnected: timed out
2026-02-12 12:21:12,907 [ERROR] Polling thread error: PLC disconnected: timed out
2026-02-12 12:21:16,013 [ERROR] Polling thread error: PLC disconnected: timed out
2026-02-12 12:21:19,105 [ERROR] Polling thread error: PLC disconnected: timed out
2026-02-12 12:21:22,207 [ERROR] Polling thread error: PLC disconnected: timed out
2026-02-12 12:21:25,302 [ERROR] Polling thread error: PLC disconnected: timed out
2026-02-12 12:21:28,408 [ERROR] Polling thread error: PLC disconnected: timed out
2026-02-12 12:21:31,511 [ERROR] Polling thread error: PLC disconnected: timed out
2026-02-12 12:21:34,602 [ERROR] Polling thread error: PLC disconnected: timed out
2026-02-12 12:21:37,698 [ERROR] Polling thread error: PLC disconnected: timed out
2026-02-12 12:21:40,795 [ERROR] Polling thread error: PLC disconnected: timed out
2026-02-12 12:21:43,890 [ERROR] Polling thread error: PLC disconnected: timed out
2026-02-12 12:21:46,983 [ERROR] Polling thread error: PLC disconnected: timed out
2026-02-12 12:21:50,089 [ERROR] Polling thread error: PLC disconnected: timed out
2026-02-12 12:21:53,193 [ERROR] Polling thread error: PLC disconnected: timed out
2026-02-12 12:21:56,290 [ERROR] Polling thread error: PLC disconnected: timed out
2026-02-12 12:21:59,395 [ERROR] Polling thread error: PLC disconnected: timed out
2026-02-12 12:22:02,500 [ERROR] Polling thread error: PLC disconnected: timed out
2026-02-12 12:22:05,601 [ERROR] Polling thread error: PLC disconnected: timed out
2026-02-12 12:22:08,693 [ERROR] Polling thread error: PLC disconnected: timed out
2026-02-12 12:22:11,780 [ERROR] Polling thread error: PLC disconnected: timed out
2026-02-12 12:22:14,885 [ERROR] Polling thread error: PLC disconnected: timed out
2026-02-12 12:22:17,973 [ERROR] Polling thread error: PLC disconnected: timed out
2026-02-12 12:22:21,077 [ERROR] Polling thread error: PLC disconnected: timed out
2026-02-12 12:22:24,168 [ERROR] Polling thread error: PLC disconnected: timed out
2026-02-12 12:22:27,283 [ERROR] Polling thread error: PLC disconnected: timed out
2026-02-12 12:22:30,385 [ERROR] Polling thread error: PLC disconnected: timed out
2026-02-12 12:22:33,484 [ERROR] Polling thread error: PLC disconnected: timed out
2026-02-12 12:22:36,587 [ERROR] Polling thread error: PLC disconnected: timed out
2026-02-12 12:22:39,684 [ERROR] Polling thread error: PLC disconnected: timed out
2026-02-12 12:22:42,782 [ERROR] Polling thread error: PLC disconnected: timed out
2026-02-12 12:22:45,887 [ERROR] Polling thread error: PLC disconnected: timed out
2026-02-12 12:22:49,000 [ERROR] Polling thread error: PLC disconnected: timed out
2026-02-12 12:22:52,102 [ERROR] Polling thread error: PLC disconnected: timed out
2026-02-12 12:22:55,207 [ERROR] Polling thread error: PLC disconnected: timed out
2026-02-12 12:22:58,303 [ERROR] Polling thread error: PLC disconnected: timed out
2026-02-12 12:23:01,392 [ERROR] Polling thread error: PLC disconnected: timed out
2026-02-12 12:23:04,516 [ERROR] Polling thread error: PLC disconnected: timed out
2026-02-12 12:23:07,626 [ERROR] Polling thread error: PLC disconnected: timed out
2026-02-12 12:23:10,723 [ERROR] Polling thread error: PLC disconnected: timed out
2026-02-12 12:23:13,830 [ERROR] Polling thread error: PLC disconnected: timed out
2026-02-12 12:23:16,928 [ERROR] Polling thread error: PLC disconnected: timed out
2026-02-12 12:23:20,031 [ERROR] Polling thread error: PLC disconnected: timed out
2026-02-12 12:23:23,121 [ERROR] Polling thread error: PLC disconnected: timed out
2026-02-12 12:23:26,219 [ERROR] Polling thread error: PLC disconnected: timed out
2026-02-12 12:23:29,323 [ERROR] Polling thread error: PLC disconnected: timed out
2026-02-12 12:23:32,415 [ERROR] Polling thread error: PLC disconnected: timed out
2026-02-12 12:23:35,509 [ERROR] Polling thread error: PLC disconnected: timed out
2026-02-12 12:23:38,603 [ERROR] Polling thread error: PLC disconnected: timed out
2026-02-12 12:23:41,693 [ERROR] Polling thread error: PLC disconnected: timed out
2026-02-12 12:23:44,787 [ERROR] Polling thread error: PLC disconnected: timed out
2026-02-12 12:23:47,888 [ERROR] Polling thread error: PLC disconnected: timed out
2026-02-12 12:23:50,986 [ERROR] Polling thread error: PLC disconnected: timed out
2026-02-12 12:23:54,088 [ERROR] Polling thread error: PLC disconnected: timed out
2026-02-12 12:23:57,189 [ERROR] Polling thread error: PLC disconnected: timed out
2026-02-12 12:24:00,291 [ERROR] Polling thread error: PLC disconnected: timed out
2026-02-12 12:24:03,379 [ERROR] Polling thread error: PLC disconnected: timed out
2026-02-12 12:24:06,474 [ERROR] Polling thread error: PLC disconnected: timed out
2026-02-12 12:24:09,565 [ERROR] Polling thread error: PLC disconnected: timed out
2026-02-12 12:24:12,666 [ERROR] Polling thread error: PLC disconnected: timed out
2026-02-12 12:24:15,767 [ERROR] Polling thread error: PLC disconnected: timed out
2026-02-12 12:24:18,863 [ERROR] Polling thread error: PLC disconnected: timed out
2026-02-12 12:24:21,967 [ERROR] Polling thread error: PLC disconnected: timed out
2026-02-12 12:24:25,061 [ERROR] Polling thread error: PLC disconnected: timed out
2026-02-12 12:24:28,154 [ERROR] Polling thread error: PLC disconnected: timed out
2026-02-12 12:24:31,251 [ERROR] Polling thread error: PLC disconnected: timed out
2026-02-12 12:24:34,344 [ERROR] Polling thread error: PLC disconnected: timed out
2026-02-12 12:24:37,451 [ERROR] Polling thread error: PLC disconnected: timed out
2026-02-12 12:24:40,556 [ERROR] Polling thread error: PLC disconnected: timed out
2026-02-12 12:24:43,641 [ERROR] Polling thread error: PLC disconnected: timed out
2026-02-12 12:24:46,736 [ERROR] Polling thread error: PLC disconnected: timed out
2026-02-12 12:24:49,832 [ERROR] Polling thread error: PLC disconnected: timed out
2026-02-12 12:24:52,930 [ERROR] Polling thread error: PLC disconnected: timed out
2026-02-12 12:24:56,025 [ERROR] Polling thread error: PLC disconnected: timed out
2026-02-12 12:24:59,124 [ERROR] Polling thread error: PLC disconnected: timed out
2026-02-12 12:25:02,214 [ERROR] Polling thread error: PLC disconnected: timed out
2026-02-12 12:25:05,307 [ERROR] Polling thread error: PLC disconnected: timed out
2026-02-12 12:25:08,403 [ERROR] Polling thread error: PLC disconnected: timed out
2026-02-12 12:25:11,495 [ERROR] Polling thread error: PLC disconnected: timed out
2026-02-12 12:25:14,585 [ERROR] Polling thread error: PLC disconnected: timed out
2026-02-12 12:25:17,677 [ERROR] Polling thread error: PLC disconnected: timed out
2026-02-12 12:25:20,783 [ERROR] Polling thread error: PLC disconnected: timed out
2026-02-12 12:25:23,876 [ERROR] Polling thread error: PLC disconnected: timed out
2026-02-12 12:25:26,969 [ERROR] Polling thread error: PLC disconnected: timed out
2026-02-12 12:25:30,068 [ERROR] Polling thread error: PLC disconnected: timed out
2026-02-12 12:25:33,171 [ERROR] Polling thread error: PLC disconnected: timed out
2026-02-12 12:25:36,266 [ERROR] Polling thread error: PLC disconnected: timed out
2026-02-12 12:25:39,376 [ERROR] Polling thread error: PLC disconnected: timed out
2026-02-12 12:25:42,464 [ERROR] Polling thread error: PLC disconnected: timed out
2026-02-12 12:25:45,555 [ERROR] Polling thread error: PLC disconnected: timed out
2026-02-12 12:25:48,646 [ERROR] Polling thread error: PLC disconnected: timed out
2026-02-12 12:25:51,736 [ERROR] Polling thread error: PLC disconnected: timed out
2026-02-12 12:25:54,837 [ERROR] Polling thread error: PLC disconnected: timed out
2026-02-12 12:25:57,923 [ERROR] Polling thread error: PLC disconnected: timed out
2026-02-12 12:26:01,022 [ERROR] Polling thread error: PLC disconnected: timed out
2026-02-12 12:26:04,115 [ERROR] Polling thread error: PLC disconnected: timed out
2026-02-12 12:26:07,211 [ERROR] Polling thread error: PLC disconnected: timed out
2026-02-12 12:26:10,318 [ERROR] Polling thread error: PLC disconnected: timed out
2026-02-12 12:26:13,416 [ERROR] Polling thread error: PLC disconnected: timed out
2026-02-12 12:26:16,512 [ERROR] Polling thread error: PLC disconnected: timed out
2026-02-12 12:26:19,612 [ERROR] Polling thread error: PLC disconnected: timed out
2026-02-12 12:27:00,437 [ERROR] Polling thread error: PLC disconnected: timed out
2026-02-12 12:27:03,542 [ERROR] Polling thread error: PLC disconnected: timed out
2026-02-12 12:27:06,635 [ERROR] Polling thread error: PLC disconnected: timed out
2026-02-12 12:27:09,731 [ERROR] Polling thread error: PLC disconnected: timed out
2026-02-12 12:27:12,823 [ERROR] Polling thread error: PLC disconnected: timed out
2026-02-12 12:27:15,919 [ERROR] Polling thread error: PLC disconnected: timed out
2026-02-12 12:27:19,012 [ERROR] Polling thread error: PLC disconnected: timed out
2026-02-12 12:27:22,113 [ERROR] Polling thread error: PLC disconnected: timed out
2026-02-12 12:27:25,214 [ERROR] Polling thread error: PLC disconnected: timed out
2026-02-12 12:27:28,307 [ERROR] Polling thread error: PLC disconnected: timed out
2026-02-12 12:27:31,399 [ERROR] Polling thread error: PLC disconnected: timed out
2026-02-12 12:27:34,500 [ERROR] Polling thread error: PLC disconnected: timed out
2026-02-12 12:27:37,598 [ERROR] Polling thread error: PLC disconnected: timed out
2026-02-12 12:27:40,699 [ERROR] Polling thread error: PLC disconnected: timed out
2026-02-12 12:27:43,796 [ERROR] Polling thread error: PLC disconnected: timed out
2026-02-12 12:27:46,898 [ERROR] Polling thread error: PLC disconnected: timed out
2026-02-12 12:27:49,990 [ERROR] Polling thread error: PLC disconnected: timed out
2026-02-12 12:27:53,096 [ERROR] Polling thread error: PLC disconnected: timed out
2026-02-12 12:27:56,189 [ERROR] Polling thread error: PLC disconnected: timed out
2026-02-12 12:27:59,285 [ERROR] Polling thread error: PLC disconnected: timed out
2026-02-12 12:28:02,385 [ERROR] Polling thread error: PLC disconnected: timed out
2026-02-12 12:28:05,474 [ERROR] Polling thread error: PLC disconnected: timed out
2026-02-12 12:28:08,565 [ERROR] Polling thread error: PLC disconnected: timed out
2026-02-12 12:28:11,657 [ERROR] Polling thread error: PLC disconnected: timed out
2026-02-12 12:28:14,752 [ERROR] Polling thread error: PLC disconnected: timed out
2026-02-12 12:28:17,846 [ERROR] Polling thread error: PLC disconnected: timed out
2026-02-12 12:28:20,939 [ERROR] Polling thread error: PLC disconnected: timed out
2026-02-12 12:28:24,038 [ERROR] Polling thread error: PLC disconnected: timed out
2026-02-12 12:28:27,134 [ERROR] Polling thread error: PLC disconnected: timed out
2026-02-12 12:28:30,222 [ERROR] Polling thread error: PLC disconnected: timed out
2026-02-12 12:28:33,320 [ERROR] Polling thread error: PLC disconnected: timed out
2026-02-12 12:28:36,408 [ERROR] Polling thread error: PLC disconnected: timed out
2026-02-12 12:28:39,504 [ERROR] Polling thread error: PLC disconnected: timed out
2026-02-12 12:28:42,602 [ERROR] Polling thread error: PLC disconnected: timed out
2026-02-12 12:28:45,702 [ERROR] Polling thread error: PLC disconnected: timed out
2026-02-12 12:28:48,809 [ERROR] Polling thread error: PLC disconnected: timed out
2026-02-12 12:28:51,896 [ERROR] Polling thread error: PLC disconnected: timed out
2026-02-12 12:28:55,000 [ERROR] Polling thread error: PLC disconnected: timed out
2026-02-12 12:28:58,096 [ERROR] Polling thread error: PLC disconnected: timed out
2026-02-12 12:29:01,196 [ERROR] Polling thread error: PLC disconnected: timed out
2026-02-12 12:29:04,288 [ERROR] Polling thread error: PLC disconnected: timed out
2026-02-12 12:29:07,401 [ERROR] Polling thread error: PLC disconnected: timed out
2026-02-12 12:29:10,499 [ERROR] Polling thread error: PLC disconnected: timed out
2026-02-12 12:29:13,593 [ERROR] Polling thread error: PLC disconnected: timed out
2026-02-12 12:29:16,676 [ERROR] Polling thread error: PLC disconnected: timed out
2026-02-12 12:29:19,769 [ERROR] Polling thread error: PLC disconnected: timed out
2026-02-12 12:29:22,872 [ERROR] Polling thread error: PLC disconnected: timed out
2026-02-12 12:29:25,966 [ERROR] Polling thread error: PLC disconnected: timed out
2026-02-12 12:29:29,072 [ERROR] Polling thread error: PLC disconnected: timed out
2026-02-12 12:29:32,169 [ERROR] Polling thread error: PLC disconnected: timed out
2026-02-12 12:29:35,257 [ERROR] Polling thread error: PLC disconnected: timed out
2026-02-12 12:29:38,345 [ERROR] Polling thread error: PLC disconnected: timed out
2026-02-12 12:29:41,436 [ERROR] Polling thread error: PLC disconnected: timed out
2026-02-12 12:29:44,520 [ERROR] Polling thread error: PLC disconnected: timed out
2026-02-12 12:29:47,624 [ERROR] Polling thread error: PLC disconnected: timed out
2026-02-12 12:29:50,714 [ERROR] Polling thread error: PLC disconnected: timed out
2026-02-12 12:29:53,818 [ERROR] Polling thread error: PLC disconnected: timed out
2026-02-12 12:29:56,924 [ERROR] Polling thread error: PLC disconnected: timed out
2026-02-12 12:30:00,023 [ERROR] Polling thread error: PLC disconnected: timed out
2026-02-12 12:30:03,116 [ERROR] Polling thread error: PLC disconnected: timed out
2026-02-12 12:30:06,203 [ERROR] Polling thread error: PLC disconnected: timed out
2026-02-12 12:30:09,296 [ERROR] Polling thread error: PLC disconnected: timed out
2026-02-12 12:30:12,390 [ERROR] Polling thread error: PLC disconnected: timed out
2026-02-12 12:30:15,479 [ERROR] Polling thread error: PLC disconnected: timed out
2026-02-12 12:30:18,579 [ERROR] Polling thread error: PLC disconnected: timed out
2026-02-12 12:30:21,689 [ERROR] Polling thread error: PLC disconnected: timed out
2026-02-12 12:30:24,780 [ERROR] Polling thread error: PLC disconnected: timed out
2026-02-12 12:30:27,878 [ERROR] Polling thread error: PLC disconnected: timed out
2026-02-12 12:30:30,982 [ERROR] Polling thread error: PLC disconnected: timed out
2026-02-12 12:30:34,089 [ERROR] Polling thread error: PLC disconnected: timed out
2026-02-12 12:30:37,185 [ERROR] Polling thread error: PLC disconnected: timed out
2026-02-12 12:30:40,288 [ERROR] Polling thread error: PLC disconnected: timed out
2026-02-12 12:30:43,389 [ERROR] Polling thread error: PLC disconnected: timed out
2026-02-12 12:30:46,479 [ERROR] Polling thread error: PLC disconnected: timed out
2026-02-12 12:30:49,571 [ERROR] Polling thread error: PLC disconnected: timed out
2026-02-12 12:30:52,665 [ERROR] Polling thread error: PLC disconnected: timed out
2026-02-12 12:30:55,766 [ERROR] Polling thread error: PLC disconnected: timed out
2026-02-12 12:30:58,863 [ERROR] Polling thread error: PLC disconnected: timed out
2026-02-12 12:31:01,947 [ERROR] Polling thread error: PLC disconnected: timed out
2026-02-12 12:31:05,045 [ERROR] Polling thread error: PLC disconnected: timed out
2026-02-12 12:31:08,131 [ERROR] Polling thread error: PLC disconnected: timed out
2026-02-12 12:31:11,234 [ERROR] Polling thread error: PLC disconnected: timed out
2026-02-12 12:31:14,327 [ERROR] Polling thread error: PLC disconnected: timed out
2026-02-12 12:31:17,424 [ERROR] Polling thread error: PLC disconnected: timed out
2026-02-12 12:31:20,531 [ERROR] Polling thread error: PLC disconnected: timed out
2026-02-12 12:31:23,636 [ERROR] Polling thread error: PLC disconnected: timed out
2026-02-12 12:31:26,725 [ERROR] Polling thread error: PLC disconnected: timed out
2026-02-12 12:31:29,836 [ERROR] Polling thread error: PLC disconnected: timed out
2026-02-12 12:31:32,936 [ERROR] Polling thread error: PLC disconnected: timed out
2026-02-12 12:31:36,023 [ERROR] Polling thread error: PLC disconnected: timed out
2026-02-12 12:31:39,119 [ERROR] Polling thread error: PLC disconnected: timed out
2026-02-12 12:31:42,223 [ERROR] Polling thread error: PLC disconnected: timed out
2026-02-12 12:31:45,325 [ERROR] Polling thread error: PLC disconnected: timed out
2026-02-12 12:31:48,422 [ERROR] Polling thread error: PLC disconnected: timed out
2026-02-12 12:31:51,520 [ERROR] Polling thread error: PLC disconnected: timed out
2026-02-12 12:31:54,617 [ERROR] Polling thread error: PLC disconnected: timed out
2026-02-12 12:31:57,707 [ERROR] Polling thread error: PLC disconnected: timed out
2026-02-12 12:32:00,798 [ERROR] Polling thread error: PLC disconnected: timed out
2026-02-12 12:32:03,897 [ERROR] Polling thread error: PLC disconnected: timed out
2026-02-12 12:32:06,994 [ERROR] Polling thread error: PLC disconnected: timed out
2026-02-12 12:32:10,084 [ERROR] Polling thread error: PLC disconnected: timed out
2026-02-12 12:32:13,171 [ERROR] Polling thread error: PLC disconnected: timed out
2026-02-12 12:32:16,262 [ERROR] Polling thread error: PLC disconnected: timed out
2026-02-12 12:32:19,358 [ERROR] Polling thread error: PLC disconnected: timed out
2026-02-12 12:32:22,454 [ERROR] Polling thread error: PLC disconnected: timed out
2026-02-12 12:32:25,552 [ERROR] Polling thread error: PLC disconnected: timed out
2026-02-12 12:32:28,659 [ERROR] Polling thread error: PLC disconnected: timed out
2026-02-12 12:32:31,761 [ERROR] Polling thread error: PLC disconnected: timed out
2026-02-12 12:32:34,849 [ERROR] Polling thread error: PLC disconnected: timed out
2026-02-12 12:32:37,949 [ERROR] Polling thread error: PLC disconnected: timed out
2026-02-12 12:32:41,048 [ERROR] Polling thread error: PLC disconnected: timed out
2026-02-12 12:32:44,144 [ERROR] Polling thread error: PLC disconnected: timed out
2026-02-12 12:32:47,247 [ERROR] Polling thread error: PLC disconnected: timed out
2026-02-12 12:32:50,351 [ERROR] Polling thread error: PLC disconnected: timed out
2026-02-12 12:32:53,443 [ERROR] Polling thread error: PLC disconnected: timed out
2026-02-12 12:32:56,535 [ERROR] Polling thread error: PLC disconnected: timed out
2026-02-12 12:32:59,622 [ERROR] Polling thread error: PLC disconnected: timed out
2026-02-12 12:33:02,707 [ERROR] Polling thread error: PLC disconnected: timed out
2026-02-12 12:33:05,792 [ERROR] Polling thread error: PLC disconnected: timed out
2026-02-12 12:33:08,878 [ERROR] Polling thread error: PLC disconnected: timed out
2026-02-12 12:33:11,975 [ERROR] Polling thread error: PLC disconnected: timed out
2026-02-12 12:33:15,070 [ERROR] Polling thread error: PLC disconnected: timed out
2026-02-12 12:33:18,155 [ERROR] Polling thread error: PLC disconnected: timed out
2026-02-12 12:33:21,257 [ERROR] Polling thread error: PLC disconnected: timed out
2026-02-12 12:33:24,346 [ERROR] Polling thread error: PLC disconnected: timed out
2026-02-12 12:33:27,447 [ERROR] Polling thread error: PLC disconnected: timed out
2026-02-12 12:33:30,540 [ERROR] Polling thread error: PLC disconnected: timed out
2026-02-12 12:33:33,637 [ERROR] Polling thread error: PLC disconnected: timed out
2026-02-12 12:33:36,737 [ERROR] Polling thread error: PLC disconnected: timed out
2026-02-12 12:33:39,826 [ERROR] Polling thread error: PLC disconnected: timed out
2026-02-12 12:33:42,921 [ERROR] Polling thread error: PLC disconnected: timed out
2026-02-12 12:33:46,020 [ERROR] Polling thread error: PLC disconnected: timed out
2026-02-12 12:33:49,108 [ERROR] Polling thread error: PLC disconnected: timed out
2026-02-12 12:33:52,198 [ERROR] Polling thread error: PLC disconnected: timed out
2026-02-12 12:33:55,299 [ERROR] Polling thread error: PLC disconnected: timed out
2026-02-12 13:29:09,719 [WARNING] [Inference] TensorRT or cuda-python not installed: No module named 'tensorrt'
2026-02-12 13:29:12,286 [INFO] [Inference] Using GPU.0
2026-02-12 13:29:12,288 [INFO] [Inference] Loading OpenVINO model from C:\Users\Priyanshu\OneDrive\Desktop\MECup\backend\inference\openvino_model\model.xml
2026-02-12 13:29:13,464 [INFO] [Inference] Using OpenVINO backend on GPU.0
2026-02-12 13:29:19,290 [INFO] [Inference] Model ready (openvino)
2026-02-12 13:29:19,290 [ERROR] Error in inference process: [Errno 2] No such file or directory: 'C:\\MyStuff\\VS\\MECup\\backend\\inference\\stitched_result2.jpg'
2026-02-12 13:29:20,386 [WARNING] [Inference] TensorRT or cuda-python not installed: No module named 'tensorrt'
2026-02-12 13:29:21,349 [INFO] [Inference] Using GPU.0
2026-02-12 13:29:21,349 [INFO] [Inference] Loading OpenVINO model from C:\Users\Priyanshu\OneDrive\Desktop\MECup\backend\inference\openvino_model\model.xml
2026-02-12 13:29:21,837 [INFO] [Inference] Using OpenVINO backend on GPU.0
2026-02-12 13:29:27,969 [INFO] [Inference] Model ready (openvino)
2026-02-12 13:29:27,969 [ERROR] Error in inference process: [Errno 2] No such file or directory: 'C:\\MyStuff\\VS\\MECup\\backend\\inference\\stitched_result2.jpg'
2026-02-12 13:29:29,492 [WARNING] [Inference] TensorRT or cuda-python not installed: No module named 'tensorrt'
2026-02-12 13:29:30,361 [INFO] [Inference] Using GPU.0
2026-02-12 13:29:30,361 [INFO] [Inference] Loading OpenVINO model from C:\Users\Priyanshu\OneDrive\Desktop\MECup\backend\inference\openvino_model\model.xml
2026-02-12 13:29:30,362 [ERROR] Polling thread error: PLC disconnected: timed out
2026-02-12 13:29:30,880 [INFO] [Inference] Using OpenVINO backend on GPU.0
2026-02-12 13:29:33,439 [ERROR] Polling thread error: PLC disconnected: timed out
2026-02-12 13:29:36,517 [ERROR] Polling thread error: PLC disconnected: timed out
2026-02-12 13:29:36,695 [INFO] [Inference] Model ready (openvino)
2026-02-12 13:29:36,695 [ERROR] Error in inference process: [Errno 2] No such file or directory: 'C:\\MyStuff\\VS\\MECup\\backend\\inference\\stitched_result2.jpg'
2026-02-12 13:29:39,595 [ERROR] Polling thread error: PLC disconnected: timed out
2026-02-12 13:29:42,682 [ERROR] Polling thread error: PLC disconnected: timed out
2026-02-12 13:29:45,767 [ERROR] Polling thread error: PLC disconnected: timed out
2026-02-12 13:29:48,843 [ERROR] Polling thread error: PLC disconnected: timed out
2026-02-12 13:29:51,924 [ERROR] Polling thread error: PLC disconnected: timed out
2026-02-12 13:29:55,001 [ERROR] Polling thread error: PLC disconnected: timed out
2026-02-12 13:29:58,080 [ERROR] Polling thread error: PLC disconnected: timed out
2026-02-12 13:30:01,162 [ERROR] Polling thread error: PLC disconnected: timed out
2026-02-12 13:30:04,254 [ERROR] Polling thread error: PLC disconnected: timed out
2026-02-12 13:30:07,330 [ERROR] Polling thread error: PLC disconnected: timed out
2026-02-12 13:30:10,407 [ERROR] Polling thread error: PLC disconnected: timed out
2026-02-12 13:30:13,486 [ERROR] Polling thread error: PLC disconnected: timed out
2026-02-12 13:30:16,564 [ERROR] Polling thread error: PLC disconnected: timed out
2026-02-12 13:30:19,644 [ERROR] Polling thread error: PLC disconnected: timed out
2026-02-12 13:30:22,736 [ERROR] Polling thread error: PLC disconnected: timed out
2026-02-12 13:30:25,818 [ERROR] Polling thread error: PLC disconnected: timed out
2026-02-12 13:30:28,907 [ERROR] Polling thread error: PLC disconnected: timed out
2026-02-12 13:30:31,989 [ERROR] Polling thread error: PLC disconnected: timed out
2026-02-12 13:30:35,080 [ERROR] Polling thread error: PLC disconnected: timed out
2026-02-12 13:30:38,166 [ERROR] Polling thread error: PLC disconnected: timed out
2026-02-12 13:30:41,244 [ERROR] Polling thread error: PLC disconnected: timed out
2026-02-12 13:30:44,334 [ERROR] Polling thread error: PLC disconnected: timed out
2026-02-12 13:30:47,419 [ERROR] Polling thread error: PLC disconnected: timed out
2026-02-12 13:30:50,501 [ERROR] Polling thread error: PLC disconnected: timed out
2026-02-12 13:30:53,585 [ERROR] Polling thread error: PLC disconnected: timed out
2026-02-12 13:30:56,662 [ERROR] Polling thread error: PLC disconnected: timed out
2026-02-12 13:30:59,747 [ERROR] Polling thread error: PLC disconnected: timed out
2026-02-12 13:31:02,829 [ERROR] Polling thread error: PLC disconnected: timed out
2026-02-12 13:31:05,909 [ERROR] Polling thread error: PLC disconnected: timed out
2026-02-12 13:31:09,001 [ERROR] Polling thread error: PLC disconnected: timed out
2026-02-12 13:31:12,080 [ERROR] Polling thread error: PLC disconnected: timed out
2026-02-12 13:31:15,158 [ERROR] Polling thread error: PLC disconnected: timed out
2026-02-12 13:31:18,236 [ERROR] Polling thread error: PLC disconnected: timed out
2026-02-12 13:31:21,314 [ERROR] Polling thread error: PLC disconnected: timed out
2026-02-12 13:31:24,401 [ERROR] Polling thread error: PLC disconnected: timed out
2026-02-12 13:31:27,486 [ERROR] Polling thread error: PLC disconnected: timed out
2026-02-12 13:31:30,564 [ERROR] Polling thread error: PLC disconnected: timed out
2026-02-12 13:31:33,643 [ERROR] Polling thread error: PLC disconnected: timed out
2026-02-12 13:31:36,736 [ERROR] Polling thread error: PLC disconnected: timed out
2026-02-12 13:31:39,827 [ERROR] Polling thread error: PLC disconnected: timed out
2026-02-12 13:31:42,916 [ERROR] Polling thread error: PLC disconnected: timed out
2026-02-12 13:31:46,006 [ERROR] Polling thread error: PLC disconnected: timed out
2026-02-12 13:31:49,093 [ERROR] Polling thread error: PLC disconnected: timed out
2026-02-12 13:31:52,171 [ERROR] Polling thread error: PLC disconnected: timed out
2026-02-12 13:31:55,261 [ERROR] Polling thread error: PLC disconnected: timed out
2026-02-12 13:31:58,338 [ERROR] Polling thread error: PLC disconnected: timed out
2026-02-12 13:32:01,420 [ERROR] Polling thread error: PLC disconnected: timed out
2026-02-12 13:32:04,502 [ERROR] Polling thread error: PLC disconnected: timed out
2026-02-12 13:32:07,580 [ERROR] Polling thread error: PLC disconnected: timed out
2026-02-12 13:32:10,669 [ERROR] Polling thread error: PLC disconnected: timed out
2026-02-12 13:32:13,749 [ERROR] Polling thread error: PLC disconnected: timed out
2026-02-12 13:32:16,827 [ERROR] Polling thread error: PLC disconnected: timed out
2026-02-12 13:32:19,907 [ERROR] Polling thread error: PLC disconnected: timed out
2026-02-12 13:32:22,985 [ERROR] Polling thread error: PLC disconnected: timed out
2026-02-12 13:32:26,063 [ERROR] Polling thread error: PLC disconnected: timed out
2026-02-12 13:32:29,140 [ERROR] Polling thread error: PLC disconnected: timed out
2026-02-12 13:32:32,219 [ERROR] Polling thread error: PLC disconnected: timed out
2026-02-12 13:32:35,299 [ERROR] Polling thread error: PLC disconnected: timed out
2026-02-12 13:32:38,382 [ERROR] Polling thread error: PLC disconnected: timed out
2026-02-12 13:32:41,460 [ERROR] Polling thread error: PLC disconnected: timed out
2026-02-12 13:32:44,542 [ERROR] Polling thread error: PLC disconnected: timed out
2026-02-12 13:32:47,630 [ERROR] Polling thread error: PLC disconnected: timed out
2026-02-12 13:32:50,715 [ERROR] Polling thread error: PLC disconnected: timed out
2026-02-12 13:32:53,795 [ERROR] Polling thread error: PLC disconnected: timed out
2026-02-12 13:32:56,881 [ERROR] Polling thread error: PLC disconnected: timed out
2026-02-12 13:32:59,961 [ERROR] Polling thread error: PLC disconnected: timed out
2026-02-12 13:33:03,038 [ERROR] Polling thread error: PLC disconnected: timed out
2026-02-12 13:33:06,123 [ERROR] Polling thread error: PLC disconnected: timed out
2026-02-12 13:33:09,201 [ERROR] Polling thread error: PLC disconnected: timed out
2026-02-12 13:33:12,289 [ERROR] Polling thread error: PLC disconnected: timed out
2026-02-12 13:33:15,374 [ERROR] Polling thread error: PLC disconnected: timed out
2026-02-12 13:33:18,452 [ERROR] Polling thread error: PLC disconnected: timed out
2026-02-12 13:33:21,543 [ERROR] Polling thread error: PLC disconnected: timed out
2026-02-12 13:33:24,624 [ERROR] Polling thread error: PLC disconnected: timed out
2026-02-12 13:33:27,706 [ERROR] Polling thread error: PLC disconnected: timed out
2026-02-12 13:33:30,793 [ERROR] Polling thread error: PLC disconnected: timed out
2026-02-12 13:33:33,881 [ERROR] Polling thread error: PLC disconnected: timed out
2026-02-12 13:33:36,959 [ERROR] Polling thread error: PLC disconnected: timed out
2026-02-12 13:33:40,043 [ERROR] Polling thread error: PLC disconnected: timed out
2026-02-12 13:33:43,130 [ERROR] Polling thread error: PLC disconnected: timed out
2026-02-12 13:33:46,209 [ERROR] Polling thread error: PLC disconnected: timed out
2026-02-12 13:33:49,297 [ERROR] Polling thread error: PLC disconnected: timed out
2026-02-12 13:33:52,381 [ERROR] Polling thread error: PLC disconnected: timed out
2026-02-12 13:33:55,464 [ERROR] Polling thread error: PLC disconnected: timed out
2026-02-12 13:33:58,554 [ERROR] Polling thread error: PLC disconnected: timed out
2026-02-12 13:34:01,645 [ERROR] Polling thread error: PLC disconnected: timed out
2026-02-12 13:34:04,730 [ERROR] Polling thread error: PLC disconnected: timed out
2026-02-12 13:34:07,814 [ERROR] Polling thread error: PLC disconnected: timed out
2026-02-12 13:34:10,903 [ERROR] Polling thread error: PLC disconnected: timed out
2026-02-12 13:34:13,982 [ERROR] Polling thread error: PLC disconnected: timed out
2026-02-12 13:34:17,064 [ERROR] Polling thread error: PLC disconnected: timed out
2026-02-12 13:34:20,148 [ERROR] Polling thread error: PLC disconnected: timed out
2026-02-12 13:34:23,226 [ERROR] Polling thread error: PLC disconnected: timed out
2026-02-12 13:34:26,310 [ERROR] Polling thread error: PLC disconnected: timed out
2026-02-12 13:34:29,389 [ERROR] Polling thread error: PLC disconnected: timed out
2026-02-12 13:34:32,466 [ERROR] Polling thread error: PLC disconnected: timed out
2026-02-12 13:34:35,544 [ERROR] Polling thread error: PLC disconnected: timed out
2026-02-12 13:34:38,628 [ERROR] Polling thread error: PLC disconnected: timed out
2026-02-12 13:34:41,711 [ERROR] Polling thread error: PLC disconnected: timed out
2026-02-12 13:34:44,794 [ERROR] Polling thread error: PLC disconnected: timed out
2026-02-12 13:34:47,878 [ERROR] Polling thread error: PLC disconnected: timed out
2026-02-12 13:34:50,954 [ERROR] Polling thread error: PLC disconnected: timed out
2026-02-12 13:34:54,035 [ERROR] Polling thread error: PLC disconnected: timed out
2026-02-12 13:34:57,111 [ERROR] Polling thread error: PLC disconnected: timed out
2026-02-12 13:35:00,194 [ERROR] Polling thread error: PLC disconnected: timed out
2026-02-12 13:35:03,277 [ERROR] Polling thread error: PLC disconnected: timed out
2026-02-12 13:35:06,356 [ERROR] Polling thread error: PLC disconnected: timed out
2026-02-12 13:35:09,436 [ERROR] Polling thread error: PLC disconnected: timed out
2026-02-12 13:35:12,521 [ERROR] Polling thread error: PLC disconnected: timed out
2026-02-12 13:35:15,602 [ERROR] Polling thread error: PLC disconnected: timed out
2026-02-12 13:35:18,691 [ERROR] Polling thread error: PLC disconnected: timed out
2026-02-12 13:35:21,768 [ERROR] Polling thread error: PLC disconnected: timed out
2026-02-12 13:35:24,852 [ERROR] Polling thread error: PLC disconnected: timed out
2026-02-12 13:35:27,933 [ERROR] Polling thread error: PLC disconnected: timed out
2026-02-12 13:35:31,018 [ERROR] Polling thread error: PLC disconnected: timed out
2026-02-12 13:35:34,109 [ERROR] Polling thread error: PLC disconnected: timed out
2026-02-12 13:35:37,189 [ERROR] Polling thread error: PLC disconnected: timed out
2026-02-12 13:35:40,266 [ERROR] Polling thread error: PLC disconnected: timed out
2026-02-12 13:35:43,354 [ERROR] Polling thread error: PLC disconnected: timed out
2026-02-12 13:35:46,431 [ERROR] Polling thread error: PLC disconnected: timed out
2026-02-12 13:35:49,520 [ERROR] Polling thread error: PLC disconnected: timed out
2026-02-12 13:35:52,610 [ERROR] Polling thread error: PLC disconnected: timed out
2026-02-12 13:35:55,698 [ERROR] Polling thread error: PLC disconnected: timed out
2026-02-12 13:35:58,777 [ERROR] Polling thread error: PLC disconnected: timed out
2026-02-12 13:36:02,796 [WARNING] [Inference] TensorRT or cuda-python not installed: No module named 'tensorrt'
2026-02-12 13:36:03,690 [INFO] [Inference] Using GPU.0
2026-02-12 13:36:03,690 [INFO] [Inference] Loading OpenVINO model from C:\Users\Priyanshu\OneDrive\Desktop\MECup\backend\inference\openvino_model\model.xml
2026-02-12 13:36:04,203 [INFO] [Inference] Using OpenVINO backend on GPU.0
2026-02-12 13:36:10,300 [INFO] [Inference] Model ready (openvino)
2026-02-12 13:36:10,300 [ERROR] Error in inference process: [Errno 2] No such file or directory: 'C:\\MyStuff\\VS\\MECup\\backend\\inference\\stitched_result2.jpg'
2026-02-12 13:36:11,827 [WARNING] [Inference] TensorRT or cuda-python not installed: No module named 'tensorrt'
2026-02-12 13:36:12,493 [ERROR] Polling thread error: PLC disconnected: timed out
2026-02-12 13:36:12,784 [INFO] [Inference] Using GPU.0
2026-02-12 13:36:12,784 [INFO] [Inference] Loading OpenVINO model from C:\Users\Priyanshu\OneDrive\Desktop\MECup\backend\inference\openvino_model\model.xml
2026-02-12 13:36:13,233 [INFO] [Inference] Using OpenVINO backend on GPU.0
2026-02-12 13:36:15,576 [ERROR] Polling thread error: PLC disconnected: timed out
2026-02-12 13:36:18,668 [ERROR] Polling thread error: PLC disconnected: timed out
2026-02-12 13:36:19,159 [INFO] [Inference] Model ready (openvino)
2026-02-12 13:36:19,160 [ERROR] Error in inference process: [Errno 2] No such file or directory: 'C:\\MyStuff\\VS\\MECup\\backend\\inference\\stitched_result2.jpg'
2026-02-12 13:36:21,745 [ERROR] Polling thread error: PLC disconnected: timed out
2026-02-12 13:36:24,836 [ERROR] Polling thread error: PLC disconnected: timed out
2026-02-12 13:36:27,922 [ERROR] Polling thread error: PLC disconnected: timed out
2026-02-12 13:36:31,003 [ERROR] Polling thread error: PLC disconnected: timed out
2026-02-12 13:36:34,091 [ERROR] Polling thread error: PLC disconnected: timed out
2026-02-12 13:36:37,169 [ERROR] Polling thread error: PLC disconnected: timed out
2026-02-12 13:36:40,251 [ERROR] Polling thread error: PLC disconnected: timed out
2026-02-12 13:36:43,328 [ERROR] Polling thread error: PLC disconnected: timed out
2026-02-12 13:36:46,408 [ERROR] Polling thread error: PLC disconnected: timed out
2026-02-12 13:36:49,484 [ERROR] Polling thread error: PLC disconnected: timed out
2026-02-12 13:36:52,567 [ERROR] Polling thread error: PLC disconnected: timed out
2026-02-12 13:36:55,653 [ERROR] Polling thread error: PLC disconnected: timed out
2026-02-12 13:36:58,732 [ERROR] Polling thread error: PLC disconnected: timed out
2026-02-12 13:37:01,809 [ERROR] Polling thread error: PLC disconnected: timed out
2026-02-12 13:37:04,891 [ERROR] Polling thread error: PLC disconnected: timed out
2026-02-12 13:37:07,984 [ERROR] Polling thread error: PLC disconnected: timed out
2026-02-12 13:37:11,071 [ERROR] Polling thread error: PLC disconnected: timed out
2026-02-12 13:37:14,157 [ERROR] Polling thread error: PLC disconnected: timed out
2026-02-12 13:37:17,238 [ERROR] Polling thread error: PLC disconnected: timed out
2026-02-12 13:37:20,315 [ERROR] Polling thread error: PLC disconnected: timed out
2026-02-12 13:37:23,403 [ERROR] Polling thread error: PLC disconnected: timed out
2026-02-12 13:37:26,493 [ERROR] Polling thread error: PLC disconnected: timed out
2026-02-12 13:37:29,574 [ERROR] Polling thread error: PLC disconnected: timed out
2026-02-12 13:37:32,655 [ERROR] Polling thread error: PLC disconnected: timed out
2026-02-12 13:37:35,736 [ERROR] Polling thread error: PLC disconnected: timed out
2026-02-12 13:37:38,818 [ERROR] Polling thread error: PLC disconnected: timed out
2026-02-12 13:37:41,903 [ERROR] Polling thread error: PLC disconnected: timed out
2026-02-12 13:37:44,992 [ERROR] Polling thread error: PLC disconnected: timed out
2026-02-12 13:37:48,073 [ERROR] Polling thread error: PLC disconnected: timed out
2026-02-12 13:37:51,157 [ERROR] Polling thread error: PLC disconnected: timed out
2026-02-12 13:37:54,241 [ERROR] Polling thread error: PLC disconnected: timed out
2026-02-12 13:37:57,323 [ERROR] Polling thread error: PLC disconnected: timed out
2026-02-12 13:38:00,406 [ERROR] Polling thread error: PLC disconnected: timed out
2026-02-12 13:38:03,487 [ERROR] Polling thread error: PLC disconnected: timed out
2026-02-12 13:38:06,566 [ERROR] Polling thread error: PLC disconnected: timed out
2026-02-12 13:38:09,656 [ERROR] Polling thread error: PLC disconnected: timed out
2026-02-12 13:38:12,735 [ERROR] Polling thread error: PLC disconnected: timed out
2026-02-12 13:38:15,822 [ERROR] Polling thread error: PLC disconnected: timed out
2026-02-12 13:38:18,910 [ERROR] Polling thread error: PLC disconnected: timed out
2026-02-12 13:38:21,990 [ERROR] Polling thread error: PLC disconnected: timed out
2026-02-12 13:38:25,069 [ERROR] Polling thread error: PLC disconnected: timed out
2026-02-12 13:38:28,147 [ERROR] Polling thread error: PLC disconnected: timed out
2026-02-12 13:38:31,226 [ERROR] Polling thread error: PLC disconnected: timed out
2026-02-12 13:38:34,303 [ERROR] Polling thread error: PLC disconnected: timed out
2026-02-12 13:38:37,385 [ERROR] Polling thread error: PLC disconnected: timed out
2026-02-12 13:38:40,470 [ERROR] Polling thread error: PLC disconnected: timed out
2026-02-12 13:38:43,561 [ERROR] Polling thread error: PLC disconnected: timed out
2026-02-12 13:38:46,652 [ERROR] Polling thread error: PLC disconnected: timed out
2026-02-12 13:38:49,730 [ERROR] Polling thread error: PLC disconnected: timed out
2026-02-12 13:38:52,810 [ERROR] Polling thread error: PLC disconnected: timed out
2026-02-12 13:38:55,895 [ERROR] Polling thread error: PLC disconnected: timed out
2026-02-12 13:38:58,974 [ERROR] Polling thread error: PLC disconnected: timed out
2026-02-12 13:39:02,056 [ERROR] Polling thread error: PLC disconnected: timed out
2026-02-12 13:39:05,138 [ERROR] Polling thread error: PLC disconnected: timed out
2026-02-12 13:39:08,215 [ERROR] Polling thread error: PLC disconnected: timed out
2026-02-12 13:39:11,297 [ERROR] Polling thread error: PLC disconnected: timed out
2026-02-12 13:39:14,375 [ERROR] Polling thread error: PLC disconnected: timed out
2026-02-12 13:39:17,457 [ERROR] Polling thread error: PLC disconnected: timed out
2026-02-12 13:39:20,539 [ERROR] Polling thread error: PLC disconnected: timed out
2026-02-12 13:39:23,618 [ERROR] Polling thread error: PLC disconnected: timed out
2026-02-12 13:39:26,707 [ERROR] Polling thread error: PLC disconnected: timed out
2026-02-12 13:39:29,788 [ERROR] Polling thread error: PLC disconnected: timed out
2026-02-12 13:39:32,866 [ERROR] Polling thread error: PLC disconnected: timed out
2026-02-12 13:39:35,954 [ERROR] Polling thread error: PLC disconnected: timed out
2026-02-12 13:39:39,030 [ERROR] Polling thread error: PLC disconnected: timed out
2026-02-12 13:39:42,113 [ERROR] Polling thread error: PLC disconnected: timed out
2026-02-12 13:39:45,203 [ERROR] Polling thread error: PLC disconnected: timed out
2026-02-12 13:39:48,279 [ERROR] Polling thread error: PLC disconnected: timed out
2026-02-12 13:39:51,360 [ERROR] Polling thread error: PLC disconnected: timed out
2026-02-12 13:39:54,447 [ERROR] Polling thread error: PLC disconnected: timed out
2026-02-12 13:39:57,535 [ERROR] Polling thread error: PLC disconnected: timed out
2026-02-12 13:40:00,616 [ERROR] Polling thread error: PLC disconnected: timed out
2026-02-12 13:40:03,703 [ERROR] Polling thread error: PLC disconnected: timed out
2026-02-12 13:40:06,793 [ERROR] Polling thread error: PLC disconnected: timed out
2026-02-12 13:40:09,874 [ERROR] Polling thread error: PLC disconnected: timed out
2026-02-12 13:40:12,955 [ERROR] Polling thread error: PLC disconnected: timed out
2026-02-12 13:40:16,034 [ERROR] Polling thread error: PLC disconnected: timed out
2026-02-12 13:40:19,116 [ERROR] Polling thread error: PLC disconnected: timed out
2026-02-12 13:40:22,202 [ERROR] Polling thread error: PLC disconnected: timed out
2026-02-12 13:40:25,281 [ERROR] Polling thread error: PLC disconnected: timed out
2026-02-12 13:40:28,366 [ERROR] Polling thread error: PLC disconnected: timed out
2026-02-12 13:40:31,452 [ERROR] Polling thread error: PLC disconnected: timed out
2026-02-12 13:40:34,543 [ERROR] Polling thread error: PLC disconnected: timed out
2026-02-12 13:40:37,631 [ERROR] Polling thread error: PLC disconnected: timed out
2026-02-12 13:40:40,718 [ERROR] Polling thread error: PLC disconnected: timed out
2026-02-12 13:40:43,803 [ERROR] Polling thread error: PLC disconnected: timed out
2026-02-12 13:40:46,881 [ERROR] Polling thread error: PLC disconnected: timed out
2026-02-12 13:40:49,968 [ERROR] Polling thread error: PLC disconnected: timed out
2026-02-12 13:40:53,056 [ERROR] Polling thread error: PLC disconnected: timed out
2026-02-12 13:40:56,135 [ERROR] Polling thread error: PLC disconnected: timed out
2026-02-12 13:40:59,225 [ERROR] Polling thread error: PLC disconnected: timed out
2026-02-12 13:41:02,311 [ERROR] Polling thread error: PLC disconnected: timed out
2026-02-12 13:41:05,391 [ERROR] Polling thread error: PLC disconnected: timed out
2026-02-12 13:41:08,468 [ERROR] Polling thread error: PLC disconnected: timed out
2026-02-12 13:41:11,546 [ERROR] Polling thread error: PLC disconnected: timed out
2026-02-12 13:41:14,627 [ERROR] Polling thread error: PLC disconnected: timed out
2026-02-12 13:41:17,709 [ERROR] Polling thread error: PLC disconnected: timed out
2026-02-12 13:41:20,800 [ERROR] Polling thread error: PLC disconnected: timed out
2026-02-12 13:41:23,889 [ERROR] Polling thread error: PLC disconnected: timed out
2026-02-12 13:41:26,968 [ERROR] Polling thread error: PLC disconnected: timed out
2026-02-12 13:41:30,055 [ERROR] Polling thread error: PLC disconnected: timed out
2026-02-12 13:41:33,132 [ERROR] Polling thread error: PLC disconnected: timed out
2026-02-12 13:41:36,220 [ERROR] Polling thread error: PLC disconnected: timed out
2026-02-12 13:41:39,303 [ERROR] Polling thread error: PLC disconnected: timed out
2026-02-12 13:41:42,379 [ERROR] Polling thread error: PLC disconnected: timed out
2026-02-12 13:41:45,463 [ERROR] Polling thread error: PLC disconnected: timed out
2026-02-12 13:41:48,553 [ERROR] Polling thread error: PLC disconnected: timed out
2026-02-12 13:41:51,635 [ERROR] Polling thread error: PLC disconnected: timed out
2026-02-12 13:41:54,716 [ERROR] Polling thread error: PLC disconnected: timed out
2026-02-12 13:41:57,793 [ERROR] Polling thread error: PLC disconnected: timed out
2026-02-12 13:42:00,869 [ERROR] Polling thread error: PLC disconnected: timed out
2026-02-12 13:42:03,952 [ERROR] Polling thread error: PLC disconnected: timed out
2026-02-12 13:42:07,035 [ERROR] Polling thread error: PLC disconnected: timed out
2026-02-12 13:42:10,118 [ERROR] Polling thread error: PLC disconnected: timed out
2026-02-12 13:42:13,722 [WARNING] [Inference] TensorRT or cuda-python not installed: No module named 'tensorrt'
2026-02-12 13:42:14,613 [INFO] [Inference] Using GPU.0
2026-02-12 13:42:14,613 [INFO] [Inference] Loading OpenVINO model from C:\Users\Priyanshu\OneDrive\Desktop\MECup\backend\inference\openvino_model\model.xml
2026-02-12 13:42:15,065 [INFO] [Inference] Using OpenVINO backend on GPU.0
2026-02-12 13:42:20,989 [INFO] [Inference] Model ready (openvino)
2026-02-12 13:42:20,989 [ERROR] Error in inference process: [Errno 2] No such file or directory: 'C:\\MyStuff\\VS\\MECup\\backend\\inference\\stitched_result2.jpg'
2026-02-12 13:42:22,276 [WARNING] [Inference] TensorRT or cuda-python not installed: No module named 'tensorrt'
2026-02-12 13:42:23,153 [ERROR] Polling thread error: PLC disconnected: timed out
2026-02-12 13:42:23,203 [INFO] [Inference] Using GPU.0
2026-02-12 13:42:23,203 [INFO] [Inference] Loading OpenVINO model from C:\Users\Priyanshu\OneDrive\Desktop\MECup\backend\inference\openvino_model\model.xml
2026-02-12 13:42:23,667 [INFO] [Inference] Using OpenVINO backend on GPU.0
2026-02-12 13:42:26,236 [ERROR] Polling thread error: PLC disconnected: timed out
2026-02-12 13:42:29,316 [ERROR] Polling thread error: PLC disconnected: timed out
2026-02-12 13:42:29,592 [INFO] [Inference] Model ready (openvino)
2026-02-12 13:42:29,592 [ERROR] Error in inference process: [Errno 2] No such file or directory: 'C:\\MyStuff\\VS\\MECup\\backend\\inference\\stitched_result2.jpg'
2026-02-12 13:42:32,392 [ERROR] Polling thread error: PLC disconnected: timed out
2026-02-12 13:42:35,473 [ERROR] Polling thread error: PLC disconnected: timed out
2026-02-12 13:42:38,551 [ERROR] Polling thread error: PLC disconnected: timed out
2026-02-12 13:42:41,640 [ERROR] Polling thread error: PLC disconnected: timed out
2026-02-12 13:42:44,727 [ERROR] Polling thread error: PLC disconnected: timed out
2026-02-12 13:42:47,810 [ERROR] Polling thread error: PLC disconnected: timed out
2026-02-12 13:42:50,889 [ERROR] Polling thread error: PLC disconnected: timed out
2026-02-12 13:42:53,968 [ERROR] Polling thread error: PLC disconnected: timed out
2026-02-12 13:42:57,050 [ERROR] Polling thread error: PLC disconnected: timed out
2026-02-12 13:43:00,136 [ERROR] Polling thread error: PLC disconnected: timed out
2026-02-12 13:43:03,215 [ERROR] Polling thread error: PLC disconnected: timed out
2026-02-12 13:43:06,304 [ERROR] Polling thread error: PLC disconnected: timed out
2026-02-12 13:43:09,387 [ERROR] Polling thread error: PLC disconnected: timed out
2026-02-12 13:43:12,464 [ERROR] Polling thread error: PLC disconnected: timed out
2026-02-12 13:43:15,545 [ERROR] Polling thread error: PLC disconnected: timed out
2026-02-12 13:43:18,622 [ERROR] Polling thread error: PLC disconnected: timed out
2026-02-12 13:43:21,710 [ERROR] Polling thread error: PLC disconnected: timed out
2026-02-12 13:43:24,801 [ERROR] Polling thread error: PLC disconnected: timed out
2026-02-12 13:43:27,893 [ERROR] Polling thread error: PLC disconnected: timed out
2026-02-12 13:43:30,980 [ERROR] Polling thread error: PLC disconnected: timed out
2026-02-12 13:43:34,059 [ERROR] Polling thread error: PLC disconnected: timed out
2026-02-12 13:43:37,140 [ERROR] Polling thread error: PLC disconnected: timed out
2026-02-12 13:43:40,224 [ERROR] Polling thread error: PLC disconnected: timed out
2026-02-12 13:43:43,309 [ERROR] Polling thread error: PLC disconnected: timed out
2026-02-12 13:43:46,392 [ERROR] Polling thread error: PLC disconnected: timed out
2026-02-12 13:43:49,485 [ERROR] Polling thread error: PLC disconnected: timed out
2026-02-12 13:43:52,564 [ERROR] Polling thread error: PLC disconnected: timed out
2026-02-12 13:43:55,655 [ERROR] Polling thread error: PLC disconnected: timed out
2026-02-12 13:43:58,733 [ERROR] Polling thread error: PLC disconnected: timed out
2026-02-12 13:44:01,816 [ERROR] Polling thread error: PLC disconnected: timed out
2026-02-12 13:44:04,909 [ERROR] Polling thread error: PLC disconnected: timed out
2026-02-12 13:44:07,985 [ERROR] Polling thread error: PLC disconnected: timed out
2026-02-12 13:44:11,068 [ERROR] Polling thread error: PLC disconnected: timed out
2026-02-12 13:44:23,971 [WARNING] [Inference] TensorRT or cuda-python not installed: No module named 'tensorrt'
2026-02-12 13:44:24,915 [INFO] [Inference] Using GPU.0
2026-02-12 13:44:24,915 [INFO] [Inference] Loading OpenVINO model from C:\Users\Priyanshu\OneDrive\Desktop\MECup\backend\inference\openvino_model\model.xml
2026-02-12 13:44:25,395 [INFO] [Inference] Using OpenVINO backend on GPU.0
2026-02-12 13:44:31,399 [INFO] [Inference] Model ready (openvino)
2026-02-12 13:44:31,399 [ERROR] Error in inference process: [Errno 2] No such file or directory: 'C:\\MyStuff\\VS\\MECup\\backend\\inference\\stitched_result2.jpg'
2026-02-12 13:44:32,556 [WARNING] [Inference] TensorRT or cuda-python not installed: No module named 'tensorrt'
2026-02-12 13:44:33,463 [INFO] [Inference] Using GPU.0
2026-02-12 13:44:33,466 [INFO] [Inference] Loading OpenVINO model from C:\Users\Priyanshu\OneDrive\Desktop\MECup\backend\inference\openvino_model\model.xml
2026-02-12 13:44:33,909 [INFO] [Inference] Using OpenVINO backend on GPU.0
2026-02-12 13:44:39,851 [INFO] [Inference] Model ready (openvino)
2026-02-12 13:44:39,851 [ERROR] Error in inference process: [Errno 2] No such file or directory: 'C:\\MyStuff\\VS\\MECup\\backend\\inference\\stitched_result2.jpg'
2026-02-12 13:44:41,097 [WARNING] [Inference] TensorRT or cuda-python not installed: No module named 'tensorrt'
2026-02-12 13:44:41,989 [INFO] [Inference] Using GPU.0
2026-02-12 13:44:41,989 [INFO] [Inference] Loading OpenVINO model from C:\Users\Priyanshu\OneDrive\Desktop\MECup\backend\inference\openvino_model\model.xml
2026-02-12 13:44:42,038 [ERROR] Polling thread error: PLC disconnected: timed out
2026-02-12 13:44:42,423 [INFO] [Inference] Using OpenVINO backend on GPU.0
2026-02-12 13:44:45,119 [ERROR] Polling thread error: PLC disconnected: timed out
2026-02-12 13:44:48,160 [INFO] [Inference] Model ready (openvino)
2026-02-12 13:44:48,160 [ERROR] Error in inference process: [Errno 2] No such file or directory: 'C:\\MyStuff\\VS\\MECup\\backend\\inference\\stitched_result2.jpg'
2026-02-12 13:44:48,207 [ERROR] Polling thread error: PLC disconnected: timed out
2026-02-12 13:44:51,284 [ERROR] Polling thread error: PLC disconnected: timed out
2026-02-12 13:44:54,363 [ERROR] Polling thread error: PLC disconnected: timed out
2026-02-12 13:44:57,454 [ERROR] Polling thread error: PLC disconnected: timed out
2026-02-12 13:45:00,534 [ERROR] Polling thread error: PLC disconnected: timed out
2026-02-12 13:45:03,611 [ERROR] Polling thread error: PLC disconnected: timed out
2026-02-12 13:45:06,690 [ERROR] Polling thread error: PLC disconnected: timed out
2026-02-12 13:45:09,767 [ERROR] Polling thread error: PLC disconnected: timed out
2026-02-12 13:45:12,845 [ERROR] Polling thread error: PLC disconnected: timed out
2026-02-12 13:45:15,923 [ERROR] Polling thread error: PLC disconnected: timed out
2026-02-12 13:45:19,000 [ERROR] Polling thread error: PLC disconnected: timed out
2026-02-12 13:45:22,084 [ERROR] Polling thread error: PLC disconnected: timed out
2026-02-12 13:45:25,174 [ERROR] Polling thread error: PLC disconnected: timed out
2026-02-12 13:45:28,253 [ERROR] Polling thread error: PLC disconnected: timed out
2026-02-12 13:45:31,330 [ERROR] Polling thread error: PLC disconnected: timed out
2026-02-12 13:45:34,409 [ERROR] Polling thread error: PLC disconnected: timed out
2026-02-12 13:45:37,502 [ERROR] Polling thread error: PLC disconnected: timed out
2026-02-12 13:45:40,580 [ERROR] Polling thread error: PLC disconnected: timed out
2026-02-12 13:45:43,659 [ERROR] Polling thread error: PLC disconnected: timed out
2026-02-12 13:45:46,736 [ERROR] Polling thread error: PLC disconnected: timed out
2026-02-12 13:45:48,837 [ERROR] Polling thread error: PLC disconnected: [WinError 10053] An established connection was aborted by the software in your host machine
2026-02-12 13:45:49,939 [ERROR] Polling thread error: PLC disconnected: [WinError 10013] An attempt was made to access a socket in a way forbidden by its access permissions
2026-02-12 13:45:51,016 [ERROR] Polling thread error: PLC disconnected: [WinError 10013] An attempt was made to access a socket in a way forbidden by its access permissions
2026-02-12 13:45:52,112 [ERROR] Polling thread error: PLC disconnected: [WinError 10013] An attempt was made to access a socket in a way forbidden by its access permissions
2026-02-12 13:45:53,205 [ERROR] Polling thread error: PLC disconnected: [WinError 10013] An attempt was made to access a socket in a way forbidden by its access permissions
2026-02-12 13:45:54,299 [ERROR] Polling thread error: PLC disconnected: [WinError 10013] An attempt was made to access a socket in a way forbidden by its access permissions
2026-02-12 13:45:55,375 [ERROR] Polling thread error: PLC disconnected: [WinError 10013] An attempt was made to access a socket in a way forbidden by its access permissions
2026-02-12 13:45:56,452 [ERROR] Polling thread error: PLC disconnected: [WinError 10013] An attempt was made to access a socket in a way forbidden by its access permissions
2026-02-12 13:45:59,543 [ERROR] Polling thread error: PLC disconnected: timed out
2026-02-12 13:46:02,633 [ERROR] Polling thread error: PLC disconnected: timed out
2026-02-12 13:46:05,710 [ERROR] Polling thread error: PLC disconnected: timed out
2026-02-12 13:46:08,801 [ERROR] Polling thread error: PLC disconnected: timed out
2026-02-12 13:46:11,880 [ERROR] Polling thread error: PLC disconnected: timed out
2026-02-12 13:46:14,957 [ERROR] Polling thread error: PLC disconnected: timed out
2026-02-12 13:46:18,034 [ERROR] Polling thread error: PLC disconnected: timed out
2026-02-12 13:46:21,111 [ERROR] Polling thread error: PLC disconnected: timed out
2026-02-12 13:46:24,189 [ERROR] Polling thread error: PLC disconnected: timed out
2026-02-12 13:46:27,278 [ERROR] Polling thread error: PLC disconnected: timed out
2026-02-12 13:46:30,363 [ERROR] Polling thread error: PLC disconnected: timed out
2026-02-12 13:46:33,441 [ERROR] Polling thread error: PLC disconnected: timed out
2026-02-12 13:46:36,527 [ERROR] Polling thread error: PLC disconnected: timed out
2026-02-12 13:46:39,617 [ERROR] Polling thread error: PLC disconnected: timed out
2026-02-12 13:46:42,701 [ERROR] Polling thread error: PLC disconnected: timed out
2026-02-12 13:46:45,782 [ERROR] Polling thread error: PLC disconnected: timed out
2026-02-12 13:46:48,860 [ERROR] Polling thread error: PLC disconnected: timed out
2026-02-12 13:46:51,948 [ERROR] Polling thread error: PLC disconnected: timed out
2026-02-12 13:46:55,027 [ERROR] Polling thread error: PLC disconnected: timed out
2026-02-12 13:46:58,119 [ERROR] Polling thread error: PLC disconnected: timed out
2026-02-12 13:47:01,199 [ERROR] Polling thread error: PLC disconnected: timed out
2026-02-12 13:47:04,276 [ERROR] Polling thread error: PLC disconnected: timed out
2026-02-12 13:47:07,355 [ERROR] Polling thread error: PLC disconnected: timed out
2026-02-12 13:47:10,438 [ERROR] Polling thread error: PLC disconnected: timed out
2026-02-12 13:47:13,525 [ERROR] Polling thread error: PLC disconnected: timed out
2026-02-12 13:47:16,602 [ERROR] Polling thread error: PLC disconnected: timed out
2026-02-12 13:47:19,693 [ERROR] Polling thread error: PLC disconnected: timed out
2026-02-12 13:47:22,783 [ERROR] Polling thread error: PLC disconnected: timed out
2026-02-12 13:47:25,869 [ERROR] Polling thread error: PLC disconnected: timed out
2026-02-12 13:47:28,960 [ERROR] Polling thread error: PLC disconnected: timed out
2026-02-12 13:47:32,040 [ERROR] Polling thread error: PLC disconnected: timed out
2026-02-12 13:47:35,128 [ERROR] Polling thread error: PLC disconnected: timed out
2026-02-12 13:47:38,207 [ERROR] Polling thread error: PLC disconnected: timed out
2026-02-12 13:47:41,288 [ERROR] Polling thread error: PLC disconnected: timed out
2026-02-12 13:47:44,371 [ERROR] Polling thread error: PLC disconnected: timed out
2026-02-12 13:47:47,455 [ERROR] Polling thread error: PLC disconnected: timed out
2026-02-12 13:47:50,532 [ERROR] Polling thread error: PLC disconnected: timed out
2026-02-12 13:47:53,619 [ERROR] Polling thread error: PLC disconnected: timed out
2026-02-12 13:47:56,705 [ERROR] Polling thread error: PLC disconnected: timed out
2026-02-12 13:47:59,788 [ERROR] Polling thread error: PLC disconnected: timed out
2026-02-12 13:48:02,874 [ERROR] Polling thread error: PLC disconnected: timed out
2026-02-12 13:48:05,962 [ERROR] Polling thread error: PLC disconnected: timed out
2026-02-12 13:48:09,051 [ERROR] Polling thread error: PLC disconnected: timed out
2026-02-12 13:48:12,143 [ERROR] Polling thread error: PLC disconnected: timed out
2026-02-12 13:48:15,228 [ERROR] Polling thread error: PLC disconnected: timed out
2026-02-12 13:48:18,318 [ERROR] Polling thread error: PLC disconnected: timed out
2026-02-12 13:48:21,395 [ERROR] Polling thread error: PLC disconnected: timed out
2026-02-12 13:48:24,475 [ERROR] Polling thread error: PLC disconnected: timed out
2026-02-12 13:48:27,563 [ERROR] Polling thread error: PLC disconnected: timed out
2026-02-12 13:48:30,654 [ERROR] Polling thread error: PLC disconnected: timed out
2026-02-12 13:48:33,744 [ERROR] Polling thread error: PLC disconnected: timed out
2026-02-12 13:48:36,835 [ERROR] Polling thread error: PLC disconnected: timed out
2026-02-12 13:48:39,924 [ERROR] Polling thread error: PLC disconnected: timed out
2026-02-12 13:48:43,005 [ERROR] Polling thread error: PLC disconnected: timed out
2026-02-12 13:48:46,090 [ERROR] Polling thread error: PLC disconnected: timed out
2026-02-12 13:48:49,173 [ERROR] Polling thread error: PLC disconnected: timed out
2026-02-12 13:48:52,257 [ERROR] Polling thread error: PLC disconnected: timed out
2026-02-12 13:48:55,339 [ERROR] Polling thread error: PLC disconnected: timed out
2026-02-12 13:48:58,419 [ERROR] Polling thread error: PLC disconnected: timed out
2026-02-12 13:49:01,498 [ERROR] Polling thread error: PLC disconnected: timed out
2026-02-12 13:49:04,578 [ERROR] Polling thread error: PLC disconnected: timed out
2026-02-12 13:49:07,660 [ERROR] Polling thread error: PLC disconnected: timed out
2026-02-12 13:49:10,738 [ERROR] Polling thread error: PLC disconnected: timed out
2026-02-12 13:49:13,816 [ERROR] Polling thread error: PLC disconnected: timed out
2026-02-12 13:49:16,904 [ERROR] Polling thread error: PLC disconnected: timed out
2026-02-12 13:49:19,993 [ERROR] Polling thread error: PLC disconnected: timed out
2026-02-12 13:49:23,069 [ERROR] Polling thread error: PLC disconnected: timed out
2026-02-12 13:49:26,156 [ERROR] Polling thread error: PLC disconnected: timed out
2026-02-12 13:49:29,234 [ERROR] Polling thread error: PLC disconnected: timed out
2026-02-12 13:49:32,315 [ERROR] Polling thread error: PLC disconnected: timed out
2026-02-12 13:49:35,401 [ERROR] Polling thread error: PLC disconnected: timed out
2026-02-12 13:49:38,482 [ERROR] Polling thread error: PLC disconnected: timed out
2026-02-12 13:49:41,570 [ERROR] Polling thread error: PLC disconnected: timed out
2026-02-12 13:49:44,649 [ERROR] Polling thread error: PLC disconnected: timed out
2026-02-12 13:49:47,730 [ERROR] Polling thread error: PLC disconnected: timed out
2026-02-12 13:49:50,808 [ERROR] Polling thread error: PLC disconnected: timed out
2026-02-12 13:49:53,884 [ERROR] Polling thread error: PLC disconnected: timed out
2026-02-12 13:49:56,976 [ERROR] Polling thread error: PLC disconnected: timed out
2026-02-12 13:50:00,066 [ERROR] Polling thread error: PLC disconnected: timed out
2026-02-12 13:50:03,156 [ERROR] Polling thread error: PLC disconnected: timed out
2026-02-12 13:50:06,245 [ERROR] Polling thread error: PLC disconnected: timed out
2026-02-12 13:50:09,322 [ERROR] Polling thread error: PLC disconnected: timed out
2026-02-12 13:50:12,403 [ERROR] Polling thread error: PLC disconnected: timed out
2026-02-12 13:50:15,488 [ERROR] Polling thread error: PLC disconnected: timed out
2026-02-12 13:50:18,567 [ERROR] Polling thread error: PLC disconnected: timed out
2026-02-12 13:50:21,647 [ERROR] Polling thread error: PLC disconnected: timed out
2026-02-12 13:50:24,734 [ERROR] Polling thread error: PLC disconnected: timed out
2026-02-12 13:50:27,816 [ERROR] Polling thread error: PLC disconnected: timed out
2026-02-12 13:50:30,898 [ERROR] Polling thread error: PLC disconnected: timed out
2026-02-12 13:50:33,981 [ERROR] Polling thread error: PLC disconnected: timed out
2026-02-12 13:50:37,058 [ERROR] Polling thread error: PLC disconnected: timed out
2026-02-12 13:50:40,141 [ERROR] Polling thread error: PLC disconnected: timed out
2026-02-12 13:50:43,221 [ERROR] Polling thread error: PLC disconnected: timed out
2026-02-12 13:50:46,311 [ERROR] Polling thread error: PLC disconnected: timed out
2026-02-12 13:50:49,395 [ERROR] Polling thread error: PLC disconnected: timed out
2026-02-12 13:50:52,479 [ERROR] Polling thread error: PLC disconnected: timed out
2026-02-12 13:50:55,567 [ERROR] Polling thread error: PLC disconnected: timed out
2026-02-12 13:50:58,651 [ERROR] Polling thread error: PLC disconnected: timed out
2026-02-12 13:51:01,730 [ERROR] Polling thread error: PLC disconnected: timed out
2026-02-12 13:51:04,820 [ERROR] Polling thread error: PLC disconnected: timed out
2026-02-12 13:51:07,903 [ERROR] Polling thread error: PLC disconnected: timed out
2026-02-12 13:51:10,983 [ERROR] Polling thread error: PLC disconnected: timed out
2026-02-12 13:51:14,066 [ERROR] Polling thread error: PLC disconnected: timed out
2026-02-12 13:51:17,157 [ERROR] Polling thread error: PLC disconnected: timed out
2026-02-12 13:51:20,247 [ERROR] Polling thread error: PLC disconnected: timed out
2026-02-12 13:51:23,330 [ERROR] Polling thread error: PLC disconnected: timed out
2026-02-12 13:51:26,413 [ERROR] Polling thread error: PLC disconnected: timed out
2026-02-12 13:51:29,505 [ERROR] Polling thread error: PLC disconnected: timed out
2026-02-12 13:51:32,594 [ERROR] Polling thread error: PLC disconnected: timed out
2026-02-12 13:51:35,672 [ERROR] Polling thread error: PLC disconnected: timed out
2026-02-12 13:51:38,751 [ERROR] Polling thread error: PLC disconnected: timed out
2026-02-12 13:51:41,839 [ERROR] Polling thread error: PLC disconnected: timed out
2026-02-12 13:51:44,925 [ERROR] Polling thread error: PLC disconnected: timed out
2026-02-12 13:51:48,002 [ERROR] Polling thread error: PLC disconnected: timed out
2026-02-12 13:51:51,080 [ERROR] Polling thread error: PLC disconnected: timed out
2026-02-12 13:51:54,161 [ERROR] Polling thread error: PLC disconnected: timed out
2026-02-12 13:51:57,251 [ERROR] Polling thread error: PLC disconnected: timed out
2026-02-12 13:52:00,337 [ERROR] Polling thread error: PLC disconnected: timed out
2026-02-12 13:52:03,425 [ERROR] Polling thread error: PLC disconnected: timed out
2026-02-12 13:52:06,502 [ERROR] Polling thread error: PLC disconnected: timed out
2026-02-12 13:52:09,592 [ERROR] Polling thread error: PLC disconnected: timed out
2026-02-12 13:52:12,674 [ERROR] Polling thread error: PLC disconnected: timed out
2026-02-12 13:52:15,751 [ERROR] Polling thread error: PLC disconnected: timed out
2026-02-12 13:52:18,839 [ERROR] Polling thread error: PLC disconnected: timed out
2026-02-12 13:52:21,927 [ERROR] Polling thread error: PLC disconnected: timed out
2026-02-12 13:52:25,017 [ERROR] Polling thread error: PLC disconnected: timed out
2026-02-12 13:52:28,095 [ERROR] Polling thread error: PLC disconnected: timed out
2026-02-12 13:52:31,174 [ERROR] Polling thread error: PLC disconnected: timed out
2026-02-12 13:52:34,253 [ERROR] Polling thread error: PLC disconnected: timed out
2026-02-12 13:52:37,337 [ERROR] Polling thread error: PLC disconnected: timed out
2026-02-12 13:52:40,422 [ERROR] Polling thread error: PLC disconnected: timed out
2026-02-12 13:52:43,502 [ERROR] Polling thread error: PLC disconnected: timed out
2026-02-12 13:52:46,580 [ERROR] Polling thread error: PLC disconnected: timed out
2026-02-12 13:52:49,659 [ERROR] Polling thread error: PLC disconnected: timed out
2026-02-12 13:52:52,741 [ERROR] Polling thread error: PLC disconnected: timed out
2026-02-12 13:52:55,829 [ERROR] Polling thread error: PLC disconnected: timed out
2026-02-12 13:52:58,920 [ERROR] Polling thread error: PLC disconnected: timed out
2026-02-12 13:53:02,000 [ERROR] Polling thread error: PLC disconnected: timed out
2026-02-12 13:53:05,080 [ERROR] Polling thread error: PLC disconnected: timed out
2026-02-12 13:53:08,160 [ERROR] Polling thread error: PLC disconnected: timed out
2026-02-12 13:53:11,238 [ERROR] Polling thread error: PLC disconnected: timed out
2026-02-12 13:53:14,325 [ERROR] Polling thread error: PLC disconnected: timed out
2026-02-12 13:53:17,411 [ERROR] Polling thread error: PLC disconnected: timed out
2026-02-12 13:53:20,488 [ERROR] Polling thread error: PLC disconnected: timed out
2026-02-12 13:53:23,575 [ERROR] Polling thread error: PLC disconnected: timed out
2026-02-12 13:53:26,666 [ERROR] Polling thread error: PLC disconnected: timed out
2026-02-12 13:53:29,758 [ERROR] Polling thread error: PLC disconnected: timed out
2026-02-12 13:53:32,847 [ERROR] Polling thread error: PLC disconnected: timed out
2026-02-12 13:53:35,938 [ERROR] Polling thread error: PLC disconnected: timed out
2026-02-12 13:53:39,029 [ERROR] Polling thread error: PLC disconnected: timed out
2026-02-12 13:53:42,108 [ERROR] Polling thread error: PLC disconnected: timed out
2026-02-12 13:53:45,195 [ERROR] Polling thread error: PLC disconnected: timed out
2026-02-12 13:53:48,277 [ERROR] Polling thread error: PLC disconnected: timed out
2026-02-12 13:53:51,360 [ERROR] Polling thread error: PLC disconnected: timed out
2026-02-12 13:53:54,444 [ERROR] Polling thread error: PLC disconnected: timed out
2026-02-12 13:53:57,531 [ERROR] Polling thread error: PLC disconnected: timed out
2026-02-12 13:54:00,610 [ERROR] Polling thread error: PLC disconnected: timed out
2026-02-12 13:54:03,701 [ERROR] Polling thread error: PLC disconnected: timed out
2026-02-12 13:54:06,792 [ERROR] Polling thread error: PLC disconnected: timed out
2026-02-12 13:54:09,880 [ERROR] Polling thread error: PLC disconnected: timed out
2026-02-12 13:54:12,961 [ERROR] Polling thread error: PLC disconnected: timed out
2026-02-12 13:54:16,052 [ERROR] Polling thread error: PLC disconnected: timed out
2026-02-12 13:54:19,140 [ERROR] Polling thread error: PLC disconnected: timed out
2026-02-12 13:54:22,225 [ERROR] Polling thread error: PLC disconnected: timed out
2026-02-12 13:54:25,304 [ERROR] Polling thread error: PLC disconnected: timed out
2026-02-12 13:54:28,383 [ERROR] Polling thread error: PLC disconnected: timed out
2026-02-12 13:54:31,474 [ERROR] Polling thread error: PLC disconnected: timed out
2026-02-12 13:54:34,566 [ERROR] Polling thread error: PLC disconnected: timed out
2026-02-12 13:54:37,656 [ERROR] Polling thread error: PLC disconnected: timed out
2026-02-12 13:54:40,748 [ERROR] Polling thread error: PLC disconnected: timed out
2026-02-12 13:54:43,830 [ERROR] Polling thread error: PLC disconnected: timed out
2026-02-12 13:54:46,919 [ERROR] Polling thread error: PLC disconnected: timed out
2026-02-12 13:54:50,004 [ERROR] Polling thread error: PLC disconnected: timed out
2026-02-12 13:54:53,082 [ERROR] Polling thread error: PLC disconnected: timed out
2026-02-12 13:54:56,170 [ERROR] Polling thread error: PLC disconnected: timed out
2026-02-12 13:54:59,252 [ERROR] Polling thread error: PLC disconnected: timed out
2026-02-12 13:55:02,329 [ERROR] Polling thread error: PLC disconnected: timed out
2026-02-12 13:55:05,420 [ERROR] Polling thread error: PLC disconnected: timed out
2026-02-12 13:55:08,512 [ERROR] Polling thread error: PLC disconnected: timed out
2026-02-12 13:55:11,601 [ERROR] Polling thread error: PLC disconnected: timed out
2026-02-12 13:55:14,679 [ERROR] Polling thread error: PLC disconnected: timed out
2026-02-12 13:55:17,756 [ERROR] Polling thread error: PLC disconnected: timed out
2026-02-12 13:55:20,836 [ERROR] Polling thread error: PLC disconnected: timed out
2026-02-12 13:55:23,914 [ERROR] Polling thread error: PLC disconnected: timed out
2026-02-12 13:55:26,991 [ERROR] Polling thread error: PLC disconnected: timed out
2026-02-12 13:55:30,069 [ERROR] Polling thread error: PLC disconnected: timed out
2026-02-12 13:55:33,157 [ERROR] Polling thread error: PLC disconnected: timed out
2026-02-12 13:55:36,241 [ERROR] Polling thread error: PLC disconnected: timed out
2026-02-12 13:55:39,329 [ERROR] Polling thread error: PLC disconnected: timed out
2026-02-12 13:55:42,421 [ERROR] Polling thread error: PLC disconnected: timed out
2026-02-12 13:55:45,512 [ERROR] Polling thread error: PLC disconnected: timed out
2026-02-12 13:55:48,590 [ERROR] Polling thread error: PLC disconnected: timed out
2026-02-12 13:55:51,677 [ERROR] Polling thread error: PLC disconnected: timed out
2026-02-12 13:55:54,758 [ERROR] Polling thread error: PLC disconnected: timed out
2026-02-12 13:55:57,849 [ERROR] Polling thread error: PLC disconnected: timed out
2026-02-12 13:56:00,927 [ERROR] Polling thread error: PLC disconnected: timed out
2026-02-12 13:56:04,012 [ERROR] Polling thread error: PLC disconnected: timed out
2026-02-12 13:56:07,097 [ERROR] Polling thread error: PLC disconnected: timed out
2026-02-12 13:56:10,176 [ERROR] Polling thread error: PLC disconnected: timed out
2026-02-12 13:56:13,262 [ERROR] Polling thread error: PLC disconnected: timed out
2026-02-12 13:56:16,342 [ERROR] Polling thread error: PLC disconnected: timed out
2026-02-12 13:56:19,434 [ERROR] Polling thread error: PLC disconnected: timed out
2026-02-12 13:56:22,519 [ERROR] Polling thread error: PLC disconnected: timed out
2026-02-12 13:56:25,603 [ERROR] Polling thread error: PLC disconnected: timed out
2026-02-12 13:56:28,696 [ERROR] Polling thread error: PLC disconnected: timed out
2026-02-12 13:56:31,782 [ERROR] Polling thread error: PLC disconnected: timed out
2026-02-12 13:56:34,873 [ERROR] Polling thread error: PLC disconnected: timed out
2026-02-12 13:56:37,959 [ERROR] Polling thread error: PLC disconnected: timed out
2026-02-12 13:56:41,041 [ERROR] Polling thread error: PLC disconnected: timed out
2026-02-12 13:56:44,123 [ERROR] Polling thread error: PLC disconnected: timed out
2026-02-12 13:56:47,209 [ERROR] Polling thread error: PLC disconnected: timed out
2026-02-12 13:56:50,286 [ERROR] Polling thread error: PLC disconnected: timed out
2026-02-12 13:56:53,367 [ERROR] Polling thread error: PLC disconnected: timed out
2026-02-12 13:56:56,445 [ERROR] Polling thread error: PLC disconnected: timed out
2026-02-12 13:56:59,523 [ERROR] Polling thread error: PLC disconnected: timed out
2026-02-12 13:57:02,603 [ERROR] Polling thread error: PLC disconnected: timed out
2026-02-12 13:57:05,686 [ERROR] Polling thread error: PLC disconnected: timed out
2026-02-12 13:57:08,769 [ERROR] Polling thread error: PLC disconnected: timed out
2026-02-12 13:57:11,853 [ERROR] Polling thread error: PLC disconnected: timed out
2026-02-12 13:57:14,942 [ERROR] Polling thread error: PLC disconnected: timed out
2026-02-12 13:57:18,019 [ERROR] Polling thread error: PLC disconnected: timed out
2026-02-12 13:57:21,105 [ERROR] Polling thread error: PLC disconnected: timed out
2026-02-12 13:57:24,188 [ERROR] Polling thread error: PLC disconnected: timed out
2026-02-12 13:57:27,272 [ERROR] Polling thread error: PLC disconnected: timed out
2026-02-12 13:57:30,360 [ERROR] Polling thread error: PLC disconnected: timed out
2026-02-12 13:57:33,439 [ERROR] Polling thread error: PLC disconnected: timed out
2026-02-12 13:57:36,519 [ERROR] Polling thread error: PLC disconnected: timed out
2026-02-12 13:57:39,612 [ERROR] Polling thread error: PLC disconnected: timed out
2026-02-12 13:57:42,690 [ERROR] Polling thread error: PLC disconnected: timed out
2026-02-12 13:57:45,780 [ERROR] Polling thread error: PLC disconnected: timed out
2026-02-12 13:57:48,856 [ERROR] Polling thread error: PLC disconnected: timed out
2026-02-12 13:57:51,939 [ERROR] Polling thread error: PLC disconnected: timed out
2026-02-12 13:57:55,027 [ERROR] Polling thread error: PLC disconnected: timed out
2026-02-12 13:57:58,105 [ERROR] Polling thread error: PLC disconnected: timed out
2026-02-12 13:58:01,196 [ERROR] Polling thread error: PLC disconnected: timed out
2026-02-12 13:58:04,275 [ERROR] Polling thread error: PLC disconnected: timed out
2026-02-12 13:58:07,362 [ERROR] Polling thread error: PLC disconnected: timed out
2026-02-12 13:58:10,445 [ERROR] Polling thread error: PLC disconnected: timed out
2026-02-12 13:58:13,538 [ERROR] Polling thread error: PLC disconnected: timed out
2026-02-12 13:58:16,616 [ERROR] Polling thread error: PLC disconnected: timed out
2026-02-12 13:58:19,695 [ERROR] Polling thread error: PLC disconnected: timed out
2026-02-12 13:58:22,780 [ERROR] Polling thread error: PLC disconnected: timed out
2026-02-12 13:58:25,873 [ERROR] Polling thread error: PLC disconnected: timed out
2026-02-12 13:58:28,951 [ERROR] Polling thread error: PLC disconnected: timed out
2026-02-12 13:58:32,030 [ERROR] Polling thread error: PLC disconnected: timed out
2026-02-12 13:58:35,109 [ERROR] Polling thread error: PLC disconnected: timed out
2026-02-12 13:58:38,190 [ERROR] Polling thread error: PLC disconnected: timed out
2026-02-12 13:58:41,275 [ERROR] Polling thread error: PLC disconnected: timed out
2026-02-12 13:58:44,364 [ERROR] Polling thread error: PLC disconnected: timed out
2026-02-12 13:58:47,447 [ERROR] Polling thread error: PLC disconnected: timed out
2026-02-12 13:58:50,534 [ERROR] Polling thread error: PLC disconnected: timed out
2026-02-12 13:58:53,620 [ERROR] Polling thread error: PLC disconnected: timed out
2026-02-12 13:58:56,699 [ERROR] Polling thread error: PLC disconnected: timed out
2026-02-12 13:58:59,783 [ERROR] Polling thread error: PLC disconnected: timed out
2026-02-12 13:59:02,869 [ERROR] Polling thread error: PLC disconnected: timed out
2026-02-12 13:59:05,957 [ERROR] Polling thread error: PLC disconnected: timed out
2026-02-12 13:59:09,037 [ERROR] Polling thread error: PLC disconnected: timed out
2026-02-12 13:59:12,126 [ERROR] Polling thread error: PLC disconnected: timed out
2026-02-12 13:59:15,211 [ERROR] Polling thread error: PLC disconnected: timed out
2026-02-12 13:59:18,292 [ERROR] Polling thread error: PLC disconnected: timed out
2026-02-12 13:59:21,375 [ERROR] Polling thread error: PLC disconnected: timed out
2026-02-12 13:59:24,460 [ERROR] Polling thread error: PLC disconnected: timed out
2026-02-12 13:59:27,542 [ERROR] Polling thread error: PLC disconnected: timed out
2026-02-12 13:59:30,627 [ERROR] Polling thread error: PLC disconnected: timed out
2026-02-12 13:59:33,711 [ERROR] Polling thread error: PLC disconnected: timed out
2026-02-12 13:59:36,790 [ERROR] Polling thread error: PLC disconnected: timed out
2026-02-12 13:59:39,873 [ERROR] Polling thread error: PLC disconnected: timed out
2026-02-12 13:59:42,955 [ERROR] Polling thread error: PLC disconnected: timed out
2026-02-12 13:59:46,047 [ERROR] Polling thread error: PLC disconnected: timed out
2026-02-12 13:59:49,132 [ERROR] Polling thread error: PLC disconnected: timed out
2026-02-12 13:59:52,223 [ERROR] Polling thread error: PLC disconnected: timed out
2026-02-12 13:59:55,312 [ERROR] Polling thread error: PLC disconnected: timed out
2026-02-12 13:59:58,402 [ERROR] Polling thread error: PLC disconnected: timed out
2026-02-12 14:00:01,483 [ERROR] Polling thread error: PLC disconnected: timed out
2026-02-12 14:00:04,567 [ERROR] Polling thread error: PLC disconnected: timed out
2026-02-12 14:00:07,659 [ERROR] Polling thread error: PLC disconnected: timed out
2026-02-12 14:00:10,747 [ERROR] Polling thread error: PLC disconnected: timed out
2026-02-12 14:00:13,830 [ERROR] Polling thread error: PLC disconnected: timed out
2026-02-12 14:00:16,908 [ERROR] Polling thread error: PLC disconnected: timed out
2026-02-12 14:00:19,986 [ERROR] Polling thread error: PLC disconnected: timed out
2026-02-12 14:00:23,065 [ERROR] Polling thread error: PLC disconnected: timed out
2026-02-12 14:00:26,143 [ERROR] Polling thread error: PLC disconnected: timed out
2026-02-12 14:00:29,221 [ERROR] Polling thread error: PLC disconnected: timed out
2026-02-12 14:00:32,298 [ERROR] Polling thread error: PLC disconnected: timed out
2026-02-12 14:00:35,382 [ERROR] Polling thread error: PLC disconnected: timed out
2026-02-12 14:00:38,463 [ERROR] Polling thread error: PLC disconnected: timed out
2026-02-12 14:00:41,546 [ERROR] Polling thread error: PLC disconnected: timed out
2026-02-12 14:00:44,628 [ERROR] Polling thread error: PLC disconnected: timed out
2026-02-12 14:00:47,708 [ERROR] Polling thread error: PLC disconnected: timed out
2026-02-12 14:00:50,786 [ERROR] Polling thread error: PLC disconnected: timed out
2026-02-12 14:00:53,874 [ERROR] Polling thread error: PLC disconnected: timed out
2026-02-12 14:00:56,955 [ERROR] Polling thread error: PLC disconnected: timed out
2026-02-12 14:01:00,032 [ERROR] Polling thread error: PLC disconnected: timed out
2026-02-12 14:01:03,111 [ERROR] Polling thread error: PLC disconnected: timed out
2026-02-12 14:01:06,190 [ERROR] Polling thread error: PLC disconnected: timed out
2026-02-12 14:01:09,267 [ERROR] Polling thread error: PLC disconnected: timed out
2026-02-12 14:01:12,346 [ERROR] Polling thread error: PLC disconnected: timed out
2026-02-12 14:01:15,425 [ERROR] Polling thread error: PLC disconnected: timed out
2026-02-12 14:01:18,513 [ERROR] Polling thread error: PLC disconnected: timed out
2026-02-12 14:01:21,604 [ERROR] Polling thread error: PLC disconnected: timed out
2026-02-12 14:01:24,694 [ERROR] Polling thread error: PLC disconnected: timed out
2026-02-12 14:01:27,773 [ERROR] Polling thread error: PLC disconnected: timed out
2026-02-12 14:01:30,851 [ERROR] Polling thread error: PLC disconnected: timed out
2026-02-12 14:01:33,938 [ERROR] Polling thread error: PLC disconnected: timed out
2026-02-12 14:01:37,023 [ERROR] Polling thread error: PLC disconnected: timed out
2026-02-12 14:01:40,110 [ERROR] Polling thread error: PLC disconnected: timed out
2026-02-12 14:01:43,201 [ERROR] Polling thread error: PLC disconnected: timed out
2026-02-12 14:01:46,285 [ERROR] Polling thread error: PLC disconnected: timed out
2026-02-12 14:01:49,363 [ERROR] Polling thread error: PLC disconnected: timed out
2026-02-12 14:01:52,450 [ERROR] Polling thread error: PLC disconnected: timed out
2026-02-12 14:01:55,528 [ERROR] Polling thread error: PLC disconnected: timed out
2026-02-12 14:01:58,614 [ERROR] Polling thread error: PLC disconnected: timed out
2026-02-12 14:02:01,706 [ERROR] Polling thread error: PLC disconnected: timed out
2026-02-12 14:02:04,797 [ERROR] Polling thread error: PLC disconnected: timed out
2026-02-12 14:02:07,876 [ERROR] Polling thread error: PLC disconnected: timed out
2026-02-12 14:02:10,965 [ERROR] Polling thread error: PLC disconnected: timed out
2026-02-12 14:02:14,052 [ERROR] Polling thread error: PLC disconnected: timed out
2026-02-12 14:02:17,139 [ERROR] Polling thread error: PLC disconnected: timed out
2026-02-12 14:02:20,223 [ERROR] Polling thread error: PLC disconnected: timed out
2026-02-12 14:02:23,307 [ERROR] Polling thread error: PLC disconnected: timed out
2026-02-12 14:02:26,392 [ERROR] Polling thread error: PLC disconnected: timed out
2026-02-12 14:02:29,469 [ERROR] Polling thread error: PLC disconnected: timed out
2026-02-12 14:02:32,557 [ERROR] Polling thread error: PLC disconnected: timed out
2026-02-12 14:02:35,641 [ERROR] Polling thread error: PLC disconnected: timed out
2026-02-12 14:02:38,722 [ERROR] Polling thread error: PLC disconnected: timed out
2026-02-12 14:02:41,805 [ERROR] Polling thread error: PLC disconnected: timed out
2026-02-12 14:02:44,883 [ERROR] Polling thread error: PLC disconnected: timed out
2026-02-12 14:02:47,960 [ERROR] Polling thread error: PLC disconnected: timed out
2026-02-12 14:02:51,048 [ERROR] Polling thread error: PLC disconnected: timed out
2026-02-12 14:02:54,140 [ERROR] Polling thread error: PLC disconnected: timed out
2026-02-12 14:02:57,222 [ERROR] Polling thread error: PLC disconnected: timed out
2026-02-12 14:03:00,310 [ERROR] Polling thread error: PLC disconnected: timed out
2026-02-12 14:03:03,395 [ERROR] Polling thread error: PLC disconnected: timed out
2026-02-12 14:03:06,476 [ERROR] Polling thread error: PLC disconnected: timed out
2026-02-12 14:03:09,566 [ERROR] Polling thread error: PLC disconnected: timed out
2026-02-12 14:03:12,647 [ERROR] Polling thread error: PLC disconnected: timed out
2026-02-12 14:03:15,731 [ERROR] Polling thread error: PLC disconnected: timed out
2026-02-12 14:03:18,817 [ERROR] Polling thread error: PLC disconnected: timed out
2026-02-12 14:03:21,902 [ERROR] Polling thread error: PLC disconnected: timed out
2026-02-12 14:03:24,983 [ERROR] Polling thread error: PLC disconnected: timed out
2026-02-12 14:03:28,068 [ERROR] Polling thread error: PLC disconnected: timed out
2026-02-12 14:03:31,151 [ERROR] Polling thread error: PLC disconnected: timed out
2026-02-12 14:03:34,230 [ERROR] Polling thread error: PLC disconnected: timed out
2026-02-12 14:03:37,322 [ERROR] Polling thread error: PLC disconnected: timed out
2026-02-12 14:03:40,405 [ERROR] Polling thread error: PLC disconnected: timed out
2026-02-12 14:03:43,485 [ERROR] Polling thread error: PLC disconnected: timed out
2026-02-12 14:03:46,570 [ERROR] Polling thread error: PLC disconnected: timed out
2026-02-12 14:03:49,655 [ERROR] Polling thread error: PLC disconnected: timed out
2026-02-12 14:03:52,734 [ERROR] Polling thread error: PLC disconnected: timed out
2026-02-12 14:03:55,816 [ERROR] Polling thread error: PLC disconnected: timed out
2026-02-12 14:03:58,893 [ERROR] Polling thread error: PLC disconnected: timed out
2026-02-12 14:04:01,982 [ERROR] Polling thread error: PLC disconnected: timed out
2026-02-12 14:04:05,059 [ERROR] Polling thread error: PLC disconnected: timed out
2026-02-12 14:04:08,142 [ERROR] Polling thread error: PLC disconnected: timed out
2026-02-12 14:04:11,220 [ERROR] Polling thread error: PLC disconnected: timed out
2026-02-12 14:04:14,311 [ERROR] Polling thread error: PLC disconnected: timed out
2026-02-12 14:04:17,390 [ERROR] Polling thread error: PLC disconnected: timed out
2026-02-12 14:04:20,469 [ERROR] Polling thread error: PLC disconnected: timed out
2026-02-12 14:04:23,559 [ERROR] Polling thread error: PLC disconnected: timed out
2026-02-12 14:04:26,650 [ERROR] Polling thread error: PLC disconnected: timed out
2026-02-12 14:04:29,737 [ERROR] Polling thread error: PLC disconnected: timed out
2026-02-12 14:04:32,818 [ERROR] Polling thread error: PLC disconnected: timed out
2026-02-12 14:04:35,907 [ERROR] Polling thread error: PLC disconnected: timed out
2026-02-12 14:04:38,984 [ERROR] Polling thread error: PLC disconnected: timed out
2026-02-12 14:04:42,064 [ERROR] Polling thread error: PLC disconnected: timed out
2026-02-12 14:04:45,153 [ERROR] Polling thread error: PLC disconnected: timed out
2026-02-12 14:04:48,240 [ERROR] Polling thread error: PLC disconnected: timed out
2026-02-12 14:04:51,326 [ERROR] Polling thread error: PLC disconnected: timed out
2026-02-12 14:04:54,411 [ERROR] Polling thread error: PLC disconnected: timed out
2026-02-12 14:04:57,488 [ERROR] Polling thread error: PLC disconnected: timed out
2026-02-12 14:05:00,572 [ERROR] Polling thread error: PLC disconnected: timed out
2026-02-12 14:05:03,652 [ERROR] Polling thread error: PLC disconnected: timed out
2026-02-12 14:05:06,741 [ERROR] Polling thread error: PLC disconnected: timed out
2026-02-12 14:05:09,825 [ERROR] Polling thread error: PLC disconnected: timed out
2026-02-12 14:05:12,911 [ERROR] Polling thread error: PLC disconnected: timed out
2026-02-12 14:05:15,988 [ERROR] Polling thread error: PLC disconnected: timed out
2026-02-12 14:05:19,067 [ERROR] Polling thread error: PLC disconnected: timed out
2026-02-12 14:05:22,151 [ERROR] Polling thread error: PLC disconnected: timed out
2026-02-12 14:05:25,236 [ERROR] Polling thread error: PLC disconnected: timed out
2026-02-12 14:05:28,325 [ERROR] Polling thread error: PLC disconnected: timed out
2026-02-12 14:05:31,407 [ERROR] Polling thread error: PLC disconnected: timed out
2026-02-12 14:05:34,489 [ERROR] Polling thread error: PLC disconnected: timed out
2026-02-12 14:05:37,581 [ERROR] Polling thread error: PLC disconnected: timed out
2026-02-12 14:05:40,660 [ERROR] Polling thread error: PLC disconnected: timed out
2026-02-12 14:05:43,739 [ERROR] Polling thread error: PLC disconnected: timed out
2026-02-12 14:05:46,827 [ERROR] Polling thread error: PLC disconnected: timed out
2026-02-12 14:05:49,907 [ERROR] Polling thread error: PLC disconnected: timed out
2026-02-12 14:05:52,984 [ERROR] Polling thread error: PLC disconnected: timed out
2026-02-12 14:05:56,063 [ERROR] Polling thread error: PLC disconnected: timed out
2026-02-12 14:05:59,142 [ERROR] Polling thread error: PLC disconnected: timed out
2026-02-12 14:06:02,222 [ERROR] Polling thread error: PLC disconnected: timed out
2026-02-12 14:06:05,301 [ERROR] Polling thread error: PLC disconnected: timed out
2026-02-12 14:06:08,392 [ERROR] Polling thread error: PLC disconnected: timed out
2026-02-12 14:06:11,478 [ERROR] Polling thread error: PLC disconnected: timed out
2026-02-12 14:06:14,566 [ERROR] Polling thread error: PLC disconnected: timed out
2026-02-12 14:06:17,656 [ERROR] Polling thread error: PLC disconnected: timed out
2026-02-12 14:06:20,736 [ERROR] Polling thread error: PLC disconnected: timed out
2026-02-12 14:06:23,818 [ERROR] Polling thread error: PLC disconnected: timed out
2026-02-12 14:06:26,903 [ERROR] Polling thread error: PLC disconnected: timed out
2026-02-12 14:06:29,995 [ERROR] Polling thread error: PLC disconnected: timed out
2026-02-12 14:06:33,071 [ERROR] Polling thread error: PLC disconnected: timed out
2026-02-12 14:06:36,158 [ERROR] Polling thread error: PLC disconnected: timed out
2026-02-12 14:06:39,236 [ERROR] Polling thread error: PLC disconnected: timed out
2026-02-12 14:06:42,314 [ERROR] Polling thread error: PLC disconnected: timed out
2026-02-12 14:06:45,396 [ERROR] Polling thread error: PLC disconnected: timed out
2026-02-12 14:06:48,478 [ERROR] Polling thread error: PLC disconnected: timed out
2026-02-12 14:06:51,556 [ERROR] Polling thread error: PLC disconnected: timed out
2026-02-12 14:06:54,644 [ERROR] Polling thread error: PLC disconnected: timed out
2026-02-12 14:06:57,724 [ERROR] Polling thread error: PLC disconnected: timed out
2026-02-12 14:07:00,817 [ERROR] Polling thread error: PLC disconnected: timed out
2026-02-12 14:07:03,894 [ERROR] Polling thread error: PLC disconnected: timed out
2026-02-12 14:07:06,971 [ERROR] Polling thread error: PLC disconnected: timed out
2026-02-12 14:07:10,051 [ERROR] Polling thread error: PLC disconnected: timed out
2026-02-12 14:07:13,143 [ERROR] Polling thread error: PLC disconnected: timed out
2026-02-12 14:07:16,224 [ERROR] Polling thread error: PLC disconnected: timed out
2026-02-12 14:07:19,314 [ERROR] Polling thread error: PLC disconnected: timed out
2026-02-12 14:07:22,404 [ERROR] Polling thread error: PLC disconnected: timed out
2026-02-12 14:07:25,489 [ERROR] Polling thread error: PLC disconnected: timed out
2026-02-12 14:07:28,580 [ERROR] Polling thread error: PLC disconnected: timed out
2026-02-12 14:07:31,659 [ERROR] Polling thread error: PLC disconnected: timed out
2026-02-12 14:07:34,743 [ERROR] Polling thread error: PLC disconnected: timed out
2026-02-12 14:07:37,825 [ERROR] Polling thread error: PLC disconnected: timed out
2026-02-12 14:07:40,908 [ERROR] Polling thread error: PLC disconnected: timed out
2026-02-12 14:07:43,985 [ERROR] Polling thread error: PLC disconnected: timed out
2026-02-12 14:07:47,075 [ERROR] Polling thread error: PLC disconnected: timed out
2026-02-12 14:07:50,157 [ERROR] Polling thread error: PLC disconnected: timed out
2026-02-12 14:07:53,243 [ERROR] Polling thread error: PLC disconnected: timed out
2026-02-12 14:07:56,323 [ERROR] Polling thread error: PLC disconnected: timed out
2026-02-12 14:07:59,408 [ERROR] Polling thread error: PLC disconnected: timed out
2026-02-12 14:08:02,491 [ERROR] Polling thread error: PLC disconnected: timed out
2026-02-12 14:08:05,568 [ERROR] Polling thread error: PLC disconnected: timed out
2026-02-12 14:08:07,870 [ERROR] SCAN START ERROR: PLC disconnected: timed out
2026-02-12 14:08:07,870 [ERROR] Failed to write to legacy error log file
2026-02-12 14:08:09,875 [ERROR] Polling thread error: PLC disconnected: timed out
2026-02-12 14:08:12,954 [ERROR] Polling thread error: PLC disconnected: timed out
2026-02-12 14:08:16,032 [ERROR] Polling thread error: PLC disconnected: timed out
2026-02-12 14:08:19,114 [ERROR] Polling thread error: PLC disconnected: timed out
2026-02-12 14:08:22,192 [ERROR] Polling thread error: PLC disconnected: timed out
2026-02-12 14:08:25,272 [ERROR] Polling thread error: PLC disconnected: timed out
2026-02-12 14:08:28,363 [ERROR] Polling thread error: PLC disconnected: timed out
2026-02-12 14:08:31,444 [ERROR] Polling thread error: PLC disconnected: timed out
2026-02-12 14:08:34,520 [ERROR] Polling thread error: PLC disconnected: timed out
2026-02-12 14:08:37,612 [ERROR] Polling thread error: PLC disconnected: timed out
2026-02-12 14:08:40,701 [ERROR] Polling thread error: PLC disconnected: timed out
2026-02-12 14:08:43,788 [ERROR] Polling thread error: PLC disconnected: timed out
2026-02-12 14:08:46,865 [ERROR] Polling thread error: PLC disconnected: timed out
2026-02-12 14:08:49,955 [ERROR] Polling thread error: PLC disconnected: timed out
2026-02-12 14:08:53,035 [ERROR] Polling thread error: PLC disconnected: timed out
2026-02-12 14:08:56,114 [ERROR] Polling thread error: PLC disconnected: timed out
2026-02-12 14:08:59,197 [ERROR] Polling thread error: PLC disconnected: timed out
2026-02-12 14:09:02,282 [ERROR] Polling thread error: PLC disconnected: timed out
2026-02-12 14:09:05,362 [ERROR] Polling thread error: PLC disconnected: timed out
2026-02-12 14:09:08,450 [ERROR] Polling thread error: PLC disconnected: timed out
2026-02-12 14:09:11,527 [ERROR] Polling thread error: PLC disconnected: timed out
2026-02-12 14:09:14,610 [ERROR] Polling thread error: PLC disconnected: timed out
2026-02-12 14:09:17,689 [ERROR] Polling thread error: PLC disconnected: timed out
2026-02-12 14:09:20,769 [ERROR] Polling thread error: PLC disconnected: timed out
2026-02-12 14:09:23,861 [ERROR] Polling thread error: PLC disconnected: timed out
2026-02-12 14:09:26,943 [ERROR] Polling thread error: PLC disconnected: timed out
2026-02-12 14:09:30,027 [ERROR] Polling thread error: PLC disconnected: timed out
2026-02-12 14:09:33,110 [ERROR] Polling thread error: PLC disconnected: timed out
2026-02-12 14:09:36,191 [ERROR] Polling thread error: PLC disconnected: timed out
2026-02-12 14:09:39,278 [ERROR] Polling thread error: PLC disconnected: timed out
2026-02-12 14:09:42,366 [ERROR] Polling thread error: PLC disconnected: timed out
2026-02-12 14:09:45,456 [ERROR] Polling thread error: PLC disconnected: timed out
2026-02-12 14:09:48,536 [ERROR] Polling thread error: PLC disconnected: timed out
2026-02-12 14:09:51,613 [ERROR] Polling thread error: PLC disconnected: timed out
2026-02-12 14:09:54,704 [ERROR] Polling thread error: PLC disconnected: timed out
2026-02-12 14:09:57,784 [ERROR] Polling thread error: PLC disconnected: timed out
2026-02-12 14:10:00,865 [ERROR] Polling thread error: PLC disconnected: timed out
2026-02-12 14:10:03,952 [ERROR] Polling thread error: PLC disconnected: timed out
2026-02-12 14:10:07,041 [ERROR] Polling thread error: PLC disconnected: timed out
2026-02-12 14:10:10,122 [ERROR] Polling thread error: PLC disconnected: timed out
2026-02-12 14:10:13,206 [ERROR] Polling thread error: PLC disconnected: timed out
2026-02-12 14:10:16,289 [ERROR] Polling thread error: PLC disconnected: timed out
2026-02-12 14:10:19,372 [ERROR] Polling thread error: PLC disconnected: timed out
2026-02-12 14:10:22,454 [ERROR] Polling thread error: PLC disconnected: timed out
2026-02-12 14:10:25,539 [ERROR] Polling thread error: PLC disconnected: timed out
2026-02-12 14:10:28,627 [ERROR] Polling thread error: PLC disconnected: timed out
2026-02-12 14:10:31,709 [ERROR] Polling thread error: PLC disconnected: timed out
2026-02-12 14:10:34,801 [ERROR] Polling thread error: PLC disconnected: timed out
2026-02-12 14:10:37,878 [ERROR] Polling thread error: PLC disconnected: timed out
2026-02-12 14:10:40,959 [ERROR] Polling thread error: PLC disconnected: timed out
2026-02-12 14:10:44,041 [ERROR] Polling thread error: PLC disconnected: timed out
2026-02-12 14:10:47,131 [ERROR] Polling thread error: PLC disconnected: timed out
2026-02-12 14:10:50,208 [ERROR] Polling thread error: PLC disconnected: timed out
2026-02-12 14:10:53,298 [ERROR] Polling thread error: PLC disconnected: timed out
2026-02-12 14:10:56,380 [ERROR] Polling thread error: PLC disconnected: timed out
2026-02-12 14:10:59,469 [ERROR] Polling thread error: PLC disconnected: timed out
2026-02-12 14:11:02,550 [ERROR] Polling thread error: PLC disconnected: timed out
2026-02-12 14:11:05,631 [ERROR] Polling thread error: PLC disconnected: timed out
2026-02-12 14:11:08,711 [ERROR] Polling thread error: PLC disconnected: timed out
2026-02-12 14:11:11,787 [ERROR] Polling thread error: PLC disconnected: timed out
2026-02-12 14:11:14,865 [ERROR] Polling thread error: PLC disconnected: timed out
2026-02-12 14:11:17,946 [ERROR] Polling thread error: PLC disconnected: timed out
2026-02-12 14:11:21,024 [ERROR] Polling thread error: PLC disconnected: timed out
2026-02-12 14:11:24,105 [ERROR] Polling thread error: PLC disconnected: timed out
2026-02-12 14:11:27,188 [ERROR] Polling thread error: PLC disconnected: timed out
2026-02-12 14:11:30,277 [ERROR] Polling thread error: PLC disconnected: timed out
2026-02-12 14:11:33,361 [ERROR] Polling thread error: PLC disconnected: timed out
2026-02-12 14:11:36,451 [ERROR] Polling thread error: PLC disconnected: timed out
2026-02-12 14:11:39,542 [ERROR] Polling thread error: PLC disconnected: timed out
2026-02-12 14:11:40,630 [ERROR] Polling thread error: PLC disconnected: [WinError 10013] An attempt was made to access a socket in a way forbidden by its access permissions
2026-02-12 14:11:41,707 [ERROR] Polling thread error: PLC disconnected: [WinError 10013] An attempt was made to access a socket in a way forbidden by its access permissions
2026-02-12 14:11:42,798 [ERROR] Polling thread error: PLC disconnected: [WinError 10013] An attempt was made to access a socket in a way forbidden by its access permissions
2026-02-12 14:11:43,892 [ERROR] Polling thread error: PLC disconnected: [WinError 10013] An attempt was made to access a socket in a way forbidden by its access permissions
2026-02-12 14:11:44,968 [ERROR] Polling thread error: PLC disconnected: [WinError 10013] An attempt was made to access a socket in a way forbidden by its access permissions
2026-02-12 14:11:46,057 [ERROR] Polling thread error: PLC disconnected: [WinError 10013] An attempt was made to access a socket in a way forbidden by its access permissions
2026-02-12 14:11:47,133 [ERROR] Polling thread error: PLC disconnected: [WinError 10013] An attempt was made to access a socket in a way forbidden by its access permissions
2026-02-12 14:11:50,220 [ERROR] Polling thread error: PLC disconnected: timed out
2026-02-12 14:11:53,302 [ERROR] Polling thread error: PLC disconnected: timed out
2026-02-12 14:11:56,379 [ERROR] Polling thread error: PLC disconnected: timed out
2026-02-12 14:11:59,460 [ERROR] Polling thread error: PLC disconnected: timed out
2026-02-12 14:12:02,537 [ERROR] Polling thread error: PLC disconnected: timed out
2026-02-12 14:12:05,620 [ERROR] Polling thread error: PLC disconnected: timed out
2026-02-12 14:12:08,703 [ERROR] Polling thread error: PLC disconnected: timed out
2026-02-12 14:12:11,783 [ERROR] Polling thread error: PLC disconnected: timed out
2026-02-12 14:12:14,863 [ERROR] Polling thread error: PLC disconnected: timed out
2026-02-12 14:12:17,952 [ERROR] Polling thread error: PLC disconnected: timed out
2026-02-12 14:12:21,038 [ERROR] Polling thread error: PLC disconnected: timed out
2026-02-12 14:12:24,117 [ERROR] Polling thread error: PLC disconnected: timed out
2026-02-12 14:12:27,200 [ERROR] Polling thread error: PLC disconnected: timed out
2026-02-12 14:12:30,289 [ERROR] Polling thread error: PLC disconnected: timed out
2026-02-12 14:12:33,367 [ERROR] Polling thread error: PLC disconnected: timed out
2026-02-12 14:12:36,456 [ERROR] Polling thread error: PLC disconnected: timed out
2026-02-12 14:12:39,543 [ERROR] Polling thread error: PLC disconnected: timed out
2026-02-12 14:12:42,631 [ERROR] Polling thread error: PLC disconnected: timed out
2026-02-12 14:12:45,720 [ERROR] Polling thread error: PLC disconnected: timed out
2026-02-12 14:12:48,797 [ERROR] Polling thread error: PLC disconnected: timed out
2026-02-12 14:12:51,887 [ERROR] Polling thread error: PLC disconnected: timed out
2026-02-12 14:12:54,974 [ERROR] Polling thread error: PLC disconnected: timed out
2026-02-12 14:12:58,058 [ERROR] Polling thread error: PLC disconnected: timed out
2026-02-12 14:13:01,146 [ERROR] Polling thread error: PLC disconnected: timed out
2026-02-12 14:13:04,229 [ERROR] Polling thread error: PLC disconnected: timed out
2026-02-12 14:13:07,318 [ERROR] Polling thread error: PLC disconnected: timed out
2026-02-12 14:13:10,404 [ERROR] Polling thread error: PLC disconnected: timed out
2026-02-12 14:13:13,487 [ERROR] Polling thread error: PLC disconnected: timed out
2026-02-12 14:13:16,577 [ERROR] Polling thread error: PLC disconnected: timed out
2026-02-12 14:13:19,656 [ERROR] Polling thread error: PLC disconnected: timed out
2026-02-12 14:13:22,747 [ERROR] Polling thread error: PLC disconnected: timed out
2026-02-12 14:13:25,838 [ERROR] Polling thread error: PLC disconnected: timed out
2026-02-12 14:13:28,919 [ERROR] Polling thread error: PLC disconnected: timed out
2026-02-12 14:13:32,006 [ERROR] Polling thread error: PLC disconnected: timed out
2026-02-12 14:13:35,084 [ERROR] Polling thread error: PLC disconnected: timed out
2026-02-12 14:13:38,174 [ERROR] Polling thread error: PLC disconnected: timed out
2026-02-12 14:13:41,251 [ERROR] Polling thread error: PLC disconnected: timed out
2026-02-12 14:13:44,339 [ERROR] Polling thread error: PLC disconnected: timed out
2026-02-12 14:13:47,417 [ERROR] Polling thread error: PLC disconnected: timed out
2026-02-12 14:13:50,504 [ERROR] Polling thread error: PLC disconnected: timed out
2026-02-12 14:13:53,595 [ERROR] Polling thread error: PLC disconnected: timed out
2026-02-12 14:13:56,677 [ERROR] Polling thread error: PLC disconnected: timed out
2026-02-12 14:13:59,757 [ERROR] Polling thread error: PLC disconnected: timed out
2026-02-12 14:14:02,833 [ERROR] Polling thread error: PLC disconnected: timed out
2026-02-12 14:14:05,924 [ERROR] Polling thread error: PLC disconnected: timed out
2026-02-12 14:14:09,005 [ERROR] Polling thread error: PLC disconnected: timed out
2026-02-12 14:14:12,089 [ERROR] Polling thread error: PLC disconnected: timed out
2026-02-12 14:14:15,174 [ERROR] Polling thread error: PLC disconnected: timed out
2026-02-12 14:14:18,255 [ERROR] Polling thread error: PLC disconnected: timed out
2026-02-12 14:14:21,347 [ERROR] Polling thread error: PLC disconnected: timed out
2026-02-12 14:14:24,429 [ERROR] Polling thread error: PLC disconnected: timed out
2026-02-12 14:14:27,515 [ERROR] Polling thread error: PLC disconnected: timed out
2026-02-12 14:14:30,597 [ERROR] Polling thread error: PLC disconnected: timed out
2026-02-12 14:14:33,690 [ERROR] Polling thread error: PLC disconnected: timed out
2026-02-12 14:14:36,767 [ERROR] Polling thread error: PLC disconnected: timed out
2026-02-12 14:14:39,846 [ERROR] Polling thread error: PLC disconnected: timed out
2026-02-12 14:14:42,923 [ERROR] Polling thread error: PLC disconnected: timed out
2026-02-12 14:14:46,003 [ERROR] Polling thread error: PLC disconnected: timed out
2026-02-12 14:14:49,080 [ERROR] Polling thread error: PLC disconnected: timed out
2026-02-12 14:14:52,159 [ERROR] Polling thread error: PLC disconnected: timed out
2026-02-12 14:14:55,242 [ERROR] Polling thread error: PLC disconnected: timed out
2026-02-12 14:14:58,326 [ERROR] Polling thread error: PLC disconnected: timed out
2026-02-12 14:15:01,406 [ERROR] Polling thread error: PLC disconnected: timed out
2026-02-12 14:15:04,482 [ERROR] Polling thread error: PLC disconnected: timed out
2026-02-12 14:15:07,561 [ERROR] Polling thread error: PLC disconnected: timed out
2026-02-12 14:15:10,642 [ERROR] Polling thread error: PLC disconnected: timed out
2026-02-12 14:15:13,730 [ERROR] Polling thread error: PLC disconnected: timed out
2026-02-12 14:15:16,808 [ERROR] Polling thread error: PLC disconnected: timed out
2026-02-12 14:15:19,894 [ERROR] Polling thread error: PLC disconnected: timed out
2026-02-12 14:15:22,978 [ERROR] Polling thread error: PLC disconnected: timed out
2026-02-12 14:15:26,055 [ERROR] Polling thread error: PLC disconnected: timed out
2026-02-12 14:15:29,144 [ERROR] Polling thread error: PLC disconnected: timed out
2026-02-12 14:15:32,225 [ERROR] Polling thread error: PLC disconnected: timed out
2026-02-12 14:15:35,313 [ERROR] Polling thread error: PLC disconnected: timed out
2026-02-12 14:15:38,391 [ERROR] Polling thread error: PLC disconnected: timed out
2026-02-12 14:15:41,470 [ERROR] Polling thread error: PLC disconnected: timed out
2026-02-12 14:15:44,554 [ERROR] Polling thread error: PLC disconnected: timed out
2026-02-12 14:15:47,407 [WARNING] [Inference] TensorRT or cuda-python not installed: No module named 'tensorrt'
2026-02-12 14:15:48,559 [INFO] [Inference] Using GPU.0
2026-02-12 14:15:48,560 [INFO] [Inference] Loading OpenVINO model from C:\Users\Priyanshu\OneDrive\Desktop\MECup\backend\inference\openvino_model\model.xml
2026-02-12 14:15:49,241 [INFO] [Inference] Using OpenVINO backend on GPU.0
2026-02-12 14:15:54,969 [INFO] [Inference] Model ready (openvino)
2026-02-12 14:15:54,969 [ERROR] Error in inference process: [Errno 2] No such file or directory: 'C:\\MyStuff\\VS\\MECup\\backend\\inference\\stitched_result2.jpg'
2026-02-12 14:15:56,178 [WARNING] [Inference] TensorRT or cuda-python not installed: No module named 'tensorrt'
2026-02-12 14:15:57,090 [INFO] [Inference] Using GPU.0
2026-02-12 14:15:57,090 [INFO] [Inference] Loading OpenVINO model from C:\Users\Priyanshu\OneDrive\Desktop\MECup\backend\inference\openvino_model\model.xml
2026-02-12 14:15:57,142 [ERROR] Polling thread error: PLC disconnected: timed out
2026-02-12 14:15:57,626 [INFO] [Inference] Using OpenVINO backend on GPU.0
2026-02-12 14:16:00,227 [ERROR] Polling thread error: PLC disconnected: timed out
2026-02-12 14:16:03,313 [ERROR] Polling thread error: PLC disconnected: timed out
2026-02-12 14:16:03,440 [INFO] [Inference] Model ready (openvino)
2026-02-12 14:16:03,440 [ERROR] Error in inference process: [Errno 2] No such file or directory: 'C:\\MyStuff\\VS\\MECup\\backend\\inference\\stitched_result2.jpg'
2026-02-12 14:16:06,391 [ERROR] Polling thread error: PLC disconnected: timed out
2026-02-12 14:16:09,482 [ERROR] Polling thread error: PLC disconnected: timed out
2026-02-12 14:16:12,559 [ERROR] Polling thread error: PLC disconnected: timed out
2026-02-12 14:16:15,644 [ERROR] Polling thread error: PLC disconnected: timed out
2026-02-12 14:16:18,734 [ERROR] Polling thread error: PLC disconnected: timed out
2026-02-12 14:16:21,818 [ERROR] Polling thread error: PLC disconnected: timed out
2026-02-12 14:16:24,909 [ERROR] Polling thread error: PLC disconnected: timed out
2026-02-12 14:16:27,996 [ERROR] Polling thread error: PLC disconnected: timed out
2026-02-12 14:16:31,081 [ERROR] Polling thread error: PLC disconnected: timed out
2026-02-12 14:16:34,163 [ERROR] Polling thread error: PLC disconnected: timed out
2026-02-12 14:16:37,243 [ERROR] Polling thread error: PLC disconnected: timed out
2026-02-12 14:16:40,332 [ERROR] Polling thread error: PLC disconnected: timed out
2026-02-12 14:16:43,413 [ERROR] Polling thread error: PLC disconnected: timed out
2026-02-12 14:16:46,493 [ERROR] Polling thread error: PLC disconnected: timed out
2026-02-12 14:16:49,577 [ERROR] Polling thread error: PLC disconnected: timed out
2026-02-12 14:16:52,663 [ERROR] Polling thread error: PLC disconnected: timed out
2026-02-12 14:16:55,744 [ERROR] Polling thread error: PLC disconnected: timed out
2026-02-12 14:16:58,823 [ERROR] Polling thread error: PLC disconnected: timed out
2026-02-12 14:17:01,903 [ERROR] Polling thread error: PLC disconnected: timed out
2026-02-12 14:17:04,982 [ERROR] Polling thread error: PLC disconnected: timed out
2026-02-12 14:17:08,060 [ERROR] Polling thread error: PLC disconnected: timed out
2026-02-12 14:17:11,147 [ERROR] Polling thread error: PLC disconnected: timed out
2026-02-12 14:17:14,230 [ERROR] Polling thread error: PLC disconnected: timed out
2026-02-12 14:17:17,318 [ERROR] Polling thread error: PLC disconnected: timed out
2026-02-12 14:17:20,409 [ERROR] Polling thread error: PLC disconnected: timed out
2026-02-12 14:17:23,489 [ERROR] Polling thread error: PLC disconnected: timed out
2026-02-12 14:17:26,567 [ERROR] Polling thread error: PLC disconnected: timed out
2026-02-12 14:17:29,654 [ERROR] Polling thread error: PLC disconnected: timed out
2026-02-12 14:17:32,736 [ERROR] Polling thread error: PLC disconnected: timed out
2026-02-12 14:17:35,825 [ERROR] Polling thread error: PLC disconnected: timed out
2026-02-12 14:17:38,911 [ERROR] Polling thread error: PLC disconnected: timed out
2026-02-12 14:17:41,997 [ERROR] Polling thread error: PLC disconnected: timed out
2026-02-12 14:17:45,081 [ERROR] Polling thread error: PLC disconnected: timed out
2026-02-12 14:17:48,161 [ERROR] Polling thread error: PLC disconnected: timed out
2026-02-12 14:17:51,251 [ERROR] Polling thread error: PLC disconnected: timed out
2026-02-12 14:17:53,259 [ERROR] SCAN START ERROR: PLC disconnected: timed out
2026-02-12 14:17:53,259 [ERROR] Failed to write to legacy error log file
2026-02-12 14:17:55,271 [ERROR] Polling thread error: PLC disconnected: timed out
2026-02-12 14:17:58,361 [ERROR] Polling thread error: PLC disconnected: timed out
2026-02-12 14:18:01,449 [ERROR] Polling thread error: PLC disconnected: timed out
2026-02-12 14:18:04,532 [ERROR] Polling thread error: PLC disconnected: timed out
2026-02-12 14:18:07,612 [ERROR] Polling thread error: PLC disconnected: timed out
2026-02-12 14:18:10,697 [ERROR] Polling thread error: PLC disconnected: timed out
2026-02-12 14:18:13,781 [ERROR] Polling thread error: PLC disconnected: timed out
2026-02-12 14:18:16,860 [ERROR] Polling thread error: PLC disconnected: timed out
2026-02-12 14:18:19,940 [ERROR] Polling thread error: PLC disconnected: timed out
2026-02-12 14:18:23,031 [ERROR] Polling thread error: PLC disconnected: timed out
2026-02-12 14:18:26,113 [ERROR] Polling thread error: PLC disconnected: timed out
2026-02-12 14:18:29,193 [ERROR] Polling thread error: PLC disconnected: timed out
2026-02-12 14:18:32,285 [ERROR] Polling thread error: PLC disconnected: timed out
2026-02-12 14:18:35,365 [ERROR] Polling thread error: PLC disconnected: timed out
2026-02-12 14:18:38,456 [ERROR] Polling thread error: PLC disconnected: timed out
2026-02-12 14:18:41,535 [ERROR] Polling thread error: PLC disconnected: timed out
2026-02-12 14:18:44,616 [ERROR] Polling thread error: PLC disconnected: timed out
2026-02-12 14:18:47,693 [ERROR] Polling thread error: PLC disconnected: timed out
2026-02-12 14:18:50,774 [ERROR] Polling thread error: PLC disconnected: timed out
2026-02-12 14:18:53,863 [ERROR] Polling thread error: PLC disconnected: timed out
2026-02-12 14:18:56,941 [ERROR] Polling thread error: PLC disconnected: timed out
2026-02-12 14:19:00,020 [ERROR] Polling thread error: PLC disconnected: timed out
2026-02-12 14:19:03,097 [ERROR] Polling thread error: PLC disconnected: timed out
2026-02-12 14:19:06,182 [ERROR] Polling thread error: PLC disconnected: timed out
2026-02-12 14:19:09,260 [ERROR] Polling thread error: PLC disconnected: timed out
2026-02-12 14:19:12,346 [ERROR] Polling thread error: PLC disconnected: timed out
2026-02-12 14:19:15,425 [ERROR] Polling thread error: PLC disconnected: timed out
2026-02-12 14:19:18,517 [ERROR] Polling thread error: PLC disconnected: timed out
2026-02-12 14:19:21,595 [ERROR] Polling thread error: PLC disconnected: timed out
2026-02-12 14:19:24,674 [ERROR] Polling thread error: PLC disconnected: timed out
2026-02-12 14:19:27,755 [ERROR] Polling thread error: PLC disconnected: timed out
2026-02-12 14:19:30,832 [ERROR] Polling thread error: PLC disconnected: timed out
2026-02-12 14:19:33,916 [ERROR] Polling thread error: PLC disconnected: timed out
2026-02-12 14:19:37,004 [ERROR] Polling thread error: PLC disconnected: timed out
2026-02-12 14:19:40,083 [ERROR] Polling thread error: PLC disconnected: timed out
2026-02-12 14:19:43,174 [ERROR] Polling thread error: PLC disconnected: timed out
2026-02-12 14:19:46,254 [ERROR] Polling thread error: PLC disconnected: timed out
2026-02-12 14:19:49,336 [ERROR] Polling thread error: PLC disconnected: timed out
2026-02-12 14:19:52,413 [ERROR] Polling thread error: PLC disconnected: timed out
2026-02-12 14:19:55,504 [ERROR] Polling thread error: PLC disconnected: timed out
2026-02-12 14:19:58,584 [ERROR] Polling thread error: PLC disconnected: timed out
2026-02-12 14:20:01,663 [ERROR] Polling thread error: PLC disconnected: timed out
2026-02-12 14:20:04,739 [ERROR] Polling thread error: PLC disconnected: timed out
2026-02-12 14:20:07,829 [ERROR] Polling thread error: PLC disconnected: timed out
2026-02-12 14:20:10,905 [ERROR] Polling thread error: PLC disconnected: timed out
2026-02-12 14:20:13,988 [ERROR] Polling thread error: PLC disconnected: timed out
2026-02-12 14:20:17,074 [ERROR] Polling thread error: PLC disconnected: timed out
2026-02-12 14:20:20,164 [ERROR] Polling thread error: PLC disconnected: timed out
2026-02-12 14:20:23,253 [ERROR] Polling thread error: PLC disconnected: timed out
2026-02-12 14:20:26,343 [ERROR] Polling thread error: PLC disconnected: timed out
2026-02-12 14:20:29,424 [ERROR] Polling thread error: PLC disconnected: timed out
2026-02-12 14:20:32,515 [ERROR] Polling thread error: PLC disconnected: timed out
2026-02-12 14:20:35,598 [ERROR] Polling thread error: PLC disconnected: timed out
2026-02-12 14:20:38,677 [ERROR] Polling thread error: PLC disconnected: timed out
2026-02-12 14:20:41,760 [ERROR] Polling thread error: PLC disconnected: timed out
2026-02-12 14:20:44,849 [ERROR] Polling thread error: PLC disconnected: timed out
2026-02-12 14:20:47,939 [ERROR] Polling thread error: PLC disconnected: timed out
2026-02-12 14:20:51,017 [ERROR] Polling thread error: PLC disconnected: timed out
2026-02-12 14:20:54,098 [ERROR] Polling thread error: PLC disconnected: timed out
2026-02-12 14:20:57,175 [ERROR] Polling thread error: PLC disconnected: timed out
2026-02-12 14:21:00,259 [ERROR] Polling thread error: PLC disconnected: timed out
2026-02-12 14:21:03,343 [ERROR] Polling thread error: PLC disconnected: timed out
2026-02-12 14:21:06,429 [ERROR] Polling thread error: PLC disconnected: timed out
2026-02-12 14:21:09,518 [ERROR] Polling thread error: PLC disconnected: timed out
2026-02-12 14:21:12,595 [ERROR] Polling thread error: PLC disconnected: timed out
2026-02-12 14:21:15,686 [ERROR] Polling thread error: PLC disconnected: timed out
2026-02-12 14:21:18,768 [ERROR] Polling thread error: PLC disconnected: timed out
2026-02-12 14:21:21,854 [ERROR] Polling thread error: PLC disconnected: timed out
2026-02-12 14:21:24,940 [ERROR] Polling thread error: PLC disconnected: timed out
2026-02-12 14:21:28,024 [ERROR] Polling thread error: PLC disconnected: timed out
2026-02-12 14:21:31,100 [ERROR] Polling thread error: PLC disconnected: timed out
2026-02-12 14:21:34,189 [ERROR] Polling thread error: PLC disconnected: timed out
2026-02-12 14:21:37,273 [ERROR] Polling thread error: PLC disconnected: timed out
2026-02-12 14:21:40,364 [ERROR] Polling thread error: PLC disconnected: timed out
2026-02-12 14:21:43,443 [ERROR] Polling thread error: PLC disconnected: timed out
2026-02-12 14:21:46,535 [ERROR] Polling thread error: PLC disconnected: timed out
2026-02-12 14:21:49,622 [ERROR] Polling thread error: PLC disconnected: timed out
2026-02-12 14:21:52,701 [ERROR] Polling thread error: PLC disconnected: timed out
2026-02-12 14:21:55,790 [ERROR] Polling thread error: PLC disconnected: timed out
2026-02-12 14:21:58,880 [ERROR] Polling thread error: PLC disconnected: timed out
2026-02-12 14:22:01,971 [ERROR] Polling thread error: PLC disconnected: timed out
2026-02-12 14:22:05,056 [ERROR] Polling thread error: PLC disconnected: timed out
2026-02-12 14:22:08,145 [ERROR] Polling thread error: PLC disconnected: timed out
2026-02-12 14:22:11,230 [ERROR] Polling thread error: PLC disconnected: timed out
2026-02-12 14:22:14,312 [ERROR] Polling thread error: PLC disconnected: timed out
2026-02-12 14:22:17,393 [ERROR] Polling thread error: PLC disconnected: timed out
2026-02-12 14:22:20,483 [ERROR] Polling thread error: PLC disconnected: timed out
2026-02-12 14:22:23,564 [ERROR] Polling thread error: PLC disconnected: timed out
2026-02-12 14:22:26,641 [ERROR] Polling thread error: PLC disconnected: timed out
2026-02-12 14:22:29,732 [ERROR] Polling thread error: PLC disconnected: timed out
2026-02-12 14:22:32,812 [ERROR] Polling thread error: PLC disconnected: timed out
2026-02-12 14:22:35,898 [ERROR] Polling thread error: PLC disconnected: timed out
2026-02-12 14:22:38,978 [ERROR] Polling thread error: PLC disconnected: timed out
2026-02-12 14:22:42,059 [ERROR] Polling thread error: PLC disconnected: timed out
2026-02-12 14:22:45,148 [ERROR] Polling thread error: PLC disconnected: timed out
2026-02-12 14:22:48,234 [ERROR] Polling thread error: PLC disconnected: timed out
2026-02-12 14:22:51,322 [ERROR] Polling thread error: PLC disconnected: timed out
2026-02-12 14:22:54,411 [ERROR] Polling thread error: PLC disconnected: timed out
2026-02-12 14:22:57,498 [ERROR] Polling thread error: PLC disconnected: timed out
2026-02-12 14:23:00,578 [ERROR] Polling thread error: PLC disconnected: timed out
2026-02-12 14:23:03,661 [ERROR] Polling thread error: PLC disconnected: timed out
2026-02-12 14:23:06,753 [ERROR] Polling thread error: PLC disconnected: timed out
2026-02-12 14:23:09,840 [ERROR] Polling thread error: PLC disconnected: timed out
2026-02-12 14:23:12,918 [ERROR] Polling thread error: PLC disconnected: timed out
2026-02-12 14:23:15,996 [ERROR] Polling thread error: PLC disconnected: timed out
2026-02-12 14:23:19,083 [ERROR] Polling thread error: PLC disconnected: timed out
2026-02-12 14:23:22,175 [ERROR] Polling thread error: PLC disconnected: timed out
2026-02-12 14:23:25,261 [ERROR] Polling thread error: PLC disconnected: timed out
2026-02-12 14:23:28,346 [ERROR] Polling thread error: PLC disconnected: timed out
2026-02-12 14:23:31,424 [ERROR] Polling thread error: PLC disconnected: timed out
2026-02-12 14:23:34,500 [ERROR] Polling thread error: PLC disconnected: timed out
2026-02-12 14:23:37,586 [ERROR] Polling thread error: PLC disconnected: timed out
2026-02-12 14:23:40,666 [ERROR] Polling thread error: PLC disconnected: timed out
2026-02-12 14:23:43,750 [ERROR] Polling thread error: PLC disconnected: timed out
2026-02-12 14:23:46,827 [ERROR] Polling thread error: PLC disconnected: timed out
2026-02-12 14:23:49,904 [ERROR] Polling thread error: PLC disconnected: timed out
2026-02-12 14:23:52,985 [ERROR] Polling thread error: PLC disconnected: timed out
2026-02-12 14:23:56,069 [ERROR] Polling thread error: PLC disconnected: timed out
2026-02-12 14:23:59,147 [ERROR] Polling thread error: PLC disconnected: timed out
2026-02-12 14:24:02,229 [ERROR] Polling thread error: PLC disconnected: timed out
2026-02-12 14:24:05,313 [ERROR] Polling thread error: PLC disconnected: timed out
2026-02-12 14:24:08,404 [ERROR] Polling thread error: PLC disconnected: timed out
2026-02-12 14:24:11,486 [ERROR] Polling thread error: PLC disconnected: timed out
2026-02-12 14:24:14,574 [ERROR] Polling thread error: PLC disconnected: timed out
2026-02-12 14:24:17,653 [ERROR] Polling thread error: PLC disconnected: timed out
2026-02-12 14:24:20,736 [ERROR] Polling thread error: PLC disconnected: timed out
2026-02-12 14:24:23,816 [ERROR] Polling thread error: PLC disconnected: timed out
2026-02-12 14:24:26,906 [ERROR] Polling thread error: PLC disconnected: timed out
2026-02-12 14:24:29,995 [ERROR] Polling thread error: PLC disconnected: timed out
2026-02-12 14:24:33,077 [ERROR] Polling thread error: PLC disconnected: timed out
2026-02-12 14:24:36,158 [ERROR] Polling thread error: PLC disconnected: timed out
2026-02-12 14:24:39,247 [ERROR] Polling thread error: PLC disconnected: timed out
2026-02-12 14:24:42,336 [ERROR] Polling thread error: PLC disconnected: timed out
2026-02-12 14:24:45,413 [ERROR] Polling thread error: PLC disconnected: timed out
2026-02-12 14:24:48,503 [ERROR] Polling thread error: PLC disconnected: timed out
2026-02-12 14:24:51,595 [ERROR] Polling thread error: PLC disconnected: timed out
2026-02-12 14:24:54,686 [ERROR] Polling thread error: PLC disconnected: timed out
2026-02-12 14:24:57,776 [ERROR] Polling thread error: PLC disconnected: timed out
2026-02-12 14:25:00,860 [ERROR] Polling thread error: PLC disconnected: timed out
2026-02-12 14:25:03,939 [ERROR] Polling thread error: PLC disconnected: timed out
2026-02-12 14:25:07,025 [ERROR] Polling thread error: PLC disconnected: timed out
2026-02-12 14:25:10,116 [ERROR] Polling thread error: PLC disconnected: timed out
2026-02-12 14:25:13,195 [ERROR] Polling thread error: PLC disconnected: timed out
2026-02-12 14:25:16,282 [ERROR] Polling thread error: PLC disconnected: timed out
2026-02-12 14:25:19,368 [ERROR] Polling thread error: PLC disconnected: timed out
2026-02-12 14:25:22,460 [ERROR] Polling thread error: PLC disconnected: timed out
2026-02-12 14:25:25,537 [ERROR] Polling thread error: PLC disconnected: timed out
2026-02-12 14:25:28,617 [ERROR] Polling thread error: PLC disconnected: timed out
2026-02-12 14:25:31,694 [ERROR] Polling thread error: PLC disconnected: timed out
2026-02-12 14:25:34,770 [ERROR] Polling thread error: PLC disconnected: timed out
2026-02-12 14:25:37,863 [ERROR] Polling thread error: PLC disconnected: timed out
2026-02-12 14:25:40,946 [ERROR] Polling thread error: PLC disconnected: timed out
2026-02-12 14:25:44,027 [ERROR] Polling thread error: PLC disconnected: timed out
2026-02-12 14:25:47,105 [ERROR] Polling thread error: PLC disconnected: timed out
2026-02-12 14:25:50,182 [ERROR] Polling thread error: PLC disconnected: timed out
2026-02-12 14:25:53,260 [ERROR] Polling thread error: PLC disconnected: timed out
2026-02-12 14:25:56,343 [ERROR] Polling thread error: PLC disconnected: timed out
2026-02-12 14:25:59,432 [ERROR] Polling thread error: PLC disconnected: timed out
2026-02-12 14:26:02,510 [ERROR] Polling thread error: PLC disconnected: timed out
2026-02-12 14:26:05,589 [ERROR] Polling thread error: PLC disconnected: timed out
2026-02-12 14:26:08,680 [ERROR] Polling thread error: PLC disconnected: timed out
2026-02-12 14:26:11,762 [ERROR] Polling thread error: PLC disconnected: timed out
2026-02-12 14:26:14,849 [ERROR] Polling thread error: PLC disconnected: timed out
2026-02-12 14:26:17,941 [ERROR] Polling thread error: PLC disconnected: timed out
2026-02-12 14:26:21,027 [ERROR] Polling thread error: PLC disconnected: timed out
2026-02-12 14:26:24,117 [ERROR] Polling thread error: PLC disconnected: timed out
2026-02-12 14:26:27,198 [ERROR] Polling thread error: PLC disconnected: timed out
2026-02-12 14:26:30,276 [ERROR] Polling thread error: PLC disconnected: timed out
2026-02-12 14:26:33,359 [ERROR] Polling thread error: PLC disconnected: timed out
2026-02-12 14:26:36,444 [ERROR] Polling thread error: PLC disconnected: timed out
2026-02-12 14:26:39,524 [ERROR] Polling thread error: PLC disconnected: timed out
2026-02-12 14:26:42,609 [ERROR] Polling thread error: PLC disconnected: timed out
2026-02-12 14:26:45,688 [ERROR] Polling thread error: PLC disconnected: timed out
2026-02-12 14:26:48,781 [ERROR] Polling thread error: PLC disconnected: timed out
2026-02-12 14:26:51,866 [ERROR] Polling thread error: PLC disconnected: timed out
2026-02-12 14:26:54,953 [ERROR] Polling thread error: PLC disconnected: timed out
2026-02-12 14:26:58,035 [ERROR] Polling thread error: PLC disconnected: timed out
2026-02-12 14:27:01,117 [ERROR] Polling thread error: PLC disconnected: timed out
2026-02-12 14:27:04,201 [ERROR] Polling thread error: PLC disconnected: timed out
2026-02-12 14:27:07,289 [ERROR] Polling thread error: PLC disconnected: timed out
2026-02-12 14:27:10,373 [ERROR] Polling thread error: PLC disconnected: timed out
2026-02-12 14:27:13,456 [ERROR] Polling thread error: PLC disconnected: timed out
2026-02-12 14:27:16,544 [ERROR] Polling thread error: PLC disconnected: timed out
2026-02-12 14:27:19,629 [ERROR] Polling thread error: PLC disconnected: timed out
2026-02-12 14:27:22,721 [ERROR] Polling thread error: PLC disconnected: timed out
2026-02-12 14:27:25,809 [ERROR] Polling thread error: PLC disconnected: timed out
2026-02-12 14:27:28,900 [ERROR] Polling thread error: PLC disconnected: timed out
2026-02-12 14:27:31,980 [ERROR] Polling thread error: PLC disconnected: timed out
2026-02-12 14:27:35,069 [ERROR] Polling thread error: PLC disconnected: timed out
2026-02-12 14:27:38,153 [ERROR] Polling thread error: PLC disconnected: timed out
2026-02-12 14:27:41,236 [ERROR] Polling thread error: PLC disconnected: timed out
2026-02-12 14:27:44,313 [ERROR] Polling thread error: PLC disconnected: timed out
2026-02-12 14:27:47,392 [ERROR] Polling thread error: PLC disconnected: timed out
2026-02-12 14:27:50,477 [ERROR] Polling thread error: PLC disconnected: timed out
2026-02-12 14:27:53,559 [ERROR] Polling thread error: PLC disconnected: timed out
2026-02-12 14:27:56,643 [ERROR] Polling thread error: PLC disconnected: timed out
2026-02-12 14:27:59,732 [ERROR] Polling thread error: PLC disconnected: timed out
2026-02-12 14:28:02,818 [ERROR] Polling thread error: PLC disconnected: timed out
2026-02-12 14:28:05,895 [ERROR] Polling thread error: PLC disconnected: timed out
2026-02-12 14:28:08,974 [ERROR] Polling thread error: PLC disconnected: timed out
2026-02-12 14:28:12,059 [ERROR] Polling thread error: PLC disconnected: timed out
2026-02-12 14:28:15,151 [ERROR] Polling thread error: PLC disconnected: timed out
2026-02-12 14:28:18,232 [ERROR] Polling thread error: PLC disconnected: timed out
2026-02-12 14:28:21,324 [ERROR] Polling thread error: PLC disconnected: timed out
2026-02-12 14:28:24,402 [ERROR] Polling thread error: PLC disconnected: timed out
2026-02-12 14:28:27,492 [ERROR] Polling thread error: PLC disconnected: timed out
2026-02-12 14:28:30,575 [ERROR] Polling thread error: PLC disconnected: timed out
2026-02-12 14:28:33,660 [ERROR] Polling thread error: PLC disconnected: timed out
2026-02-12 14:28:36,752 [ERROR] Polling thread error: PLC disconnected: timed out
2026-02-12 14:28:39,839 [ERROR] Polling thread error: PLC disconnected: timed out
2026-02-12 14:28:42,918 [ERROR] Polling thread error: PLC disconnected: timed out
2026-02-12 14:28:46,009 [ERROR] Polling thread error: PLC disconnected: timed out
2026-02-12 14:28:49,089 [ERROR] Polling thread error: PLC disconnected: timed out
2026-02-12 14:28:52,174 [ERROR] Polling thread error: PLC disconnected: timed out
2026-02-12 14:28:55,258 [ERROR] Polling thread error: PLC disconnected: timed out
2026-02-12 14:28:58,337 [ERROR] Polling thread error: PLC disconnected: timed out
2026-02-12 14:29:01,422 [ERROR] Polling thread error: PLC disconnected: timed out
2026-02-12 14:29:04,511 [ERROR] Polling thread error: PLC disconnected: timed out
2026-02-12 14:29:07,593 [ERROR] Polling thread error: PLC disconnected: timed out
2026-02-12 14:29:10,671 [ERROR] Polling thread error: PLC disconnected: timed out
2026-02-12 14:29:13,750 [ERROR] Polling thread error: PLC disconnected: timed out
2026-02-12 14:29:16,842 [ERROR] Polling thread error: PLC disconnected: timed out
2026-02-12 14:29:19,929 [ERROR] Polling thread error: PLC disconnected: timed out
2026-02-12 14:29:23,016 [ERROR] Polling thread error: PLC disconnected: timed out
2026-02-12 14:29:26,107 [ERROR] Polling thread error: PLC disconnected: timed out
2026-02-12 14:29:29,195 [ERROR] Polling thread error: PLC disconnected: timed out
2026-02-12 14:29:32,280 [ERROR] Polling thread error: PLC disconnected: timed out
2026-02-12 14:29:35,368 [ERROR] Polling thread error: PLC disconnected: timed out
2026-02-12 14:29:38,446 [ERROR] Polling thread error: PLC disconnected: timed out
2026-02-12 14:29:41,537 [ERROR] Polling thread error: PLC disconnected: timed out
2026-02-12 14:29:44,616 [ERROR] Polling thread error: PLC disconnected: timed out
2026-02-12 14:29:47,699 [ERROR] Polling thread error: PLC disconnected: timed out
2026-02-12 14:29:50,777 [ERROR] Polling thread error: PLC disconnected: timed out
2026-02-12 14:29:53,864 [ERROR] Polling thread error: PLC disconnected: timed out
2026-02-12 14:29:56,951 [ERROR] Polling thread error: PLC disconnected: timed out
2026-02-12 14:30:00,042 [ERROR] Polling thread error: PLC disconnected: timed out
2026-02-12 14:30:03,131 [ERROR] Polling thread error: PLC disconnected: timed out
2026-02-12 14:30:06,213 [ERROR] Polling thread error: PLC disconnected: timed out
2026-02-12 14:30:09,292 [ERROR] Polling thread error: PLC disconnected: timed out
2026-02-12 14:30:12,375 [ERROR] Polling thread error: PLC disconnected: timed out
2026-02-12 14:30:15,459 [ERROR] Polling thread error: PLC disconnected: timed out
2026-02-12 14:30:18,549 [ERROR] Polling thread error: PLC disconnected: timed out
2026-02-12 14:30:21,634 [ERROR] Polling thread error: PLC disconnected: timed out
2026-02-12 14:30:24,711 [ERROR] Polling thread error: PLC disconnected: timed out
2026-02-12 14:30:27,789 [ERROR] Polling thread error: PLC disconnected: timed out
2026-02-12 14:30:30,868 [ERROR] Polling thread error: PLC disconnected: timed out
2026-02-12 14:30:33,954 [ERROR] Polling thread error: PLC disconnected: timed out
2026-02-12 14:30:37,040 [ERROR] Polling thread error: PLC disconnected: timed out
2026-02-12 14:30:40,131 [ERROR] Polling thread error: PLC disconnected: timed out
2026-02-12 14:30:43,220 [ERROR] Polling thread error: PLC disconnected: timed out
2026-02-12 14:30:46,304 [ERROR] Polling thread error: PLC disconnected: timed out
2026-02-12 14:30:49,382 [ERROR] Polling thread error: PLC disconnected: timed out
2026-02-12 14:30:52,472 [ERROR] Polling thread error: PLC disconnected: timed out
2026-02-12 14:30:55,551 [ERROR] Polling thread error: PLC disconnected: timed out
2026-02-12 14:30:58,636 [ERROR] Polling thread error: PLC disconnected: timed out
2026-02-12 14:31:01,726 [ERROR] Polling thread error: PLC disconnected: timed out
2026-02-12 14:31:04,817 [ERROR] Polling thread error: PLC disconnected: timed out
2026-02-12 14:31:07,895 [ERROR] Polling thread error: PLC disconnected: timed out
2026-02-12 14:31:10,986 [ERROR] Polling thread error: PLC disconnected: timed out
2026-02-12 14:31:14,076 [ERROR] Polling thread error: PLC disconnected: timed out
2026-02-12 14:31:17,159 [ERROR] Polling thread error: PLC disconnected: timed out
2026-02-12 14:31:20,244 [ERROR] Polling thread error: PLC disconnected: timed out
2026-02-12 14:31:23,321 [ERROR] Polling thread error: PLC disconnected: timed out
2026-02-12 14:31:26,398 [ERROR] Polling thread error: PLC disconnected: timed out
2026-02-12 14:31:29,477 [ERROR] Polling thread error: PLC disconnected: timed out
2026-02-12 14:31:32,563 [ERROR] Polling thread error: PLC disconnected: timed out
2026-02-12 14:31:35,654 [ERROR] Polling thread error: PLC disconnected: timed out
2026-02-12 14:31:38,743 [ERROR] Polling thread error: PLC disconnected: timed out
2026-02-12 14:31:41,833 [ERROR] Polling thread error: PLC disconnected: timed out
2026-02-12 14:31:44,923 [ERROR] Polling thread error: PLC disconnected: timed out
2026-02-12 14:31:48,008 [ERROR] Polling thread error: PLC disconnected: timed out
2026-02-12 14:31:51,094 [ERROR] Polling thread error: PLC disconnected: timed out
2026-02-12 14:31:54,173 [ERROR] Polling thread error: PLC disconnected: timed out
2026-02-12 14:31:57,259 [ERROR] Polling thread error: PLC disconnected: timed out
2026-02-12 14:32:00,342 [ERROR] Polling thread error: PLC disconnected: timed out
2026-02-12 14:32:03,427 [ERROR] Polling thread error: PLC disconnected: timed out
2026-02-12 14:32:06,513 [ERROR] Polling thread error: PLC disconnected: timed out
2026-02-12 14:32:09,598 [ERROR] Polling thread error: PLC disconnected: timed out
2026-02-12 14:32:12,681 [ERROR] Polling thread error: PLC disconnected: timed out
2026-02-12 14:32:15,758 [ERROR] Polling thread error: PLC disconnected: timed out
2026-02-12 14:32:18,842 [ERROR] Polling thread error: PLC disconnected: timed out
2026-02-12 14:32:21,919 [ERROR] Polling thread error: PLC disconnected: timed out
2026-02-12 14:32:25,006 [ERROR] Polling thread error: PLC disconnected: timed out
2026-02-12 14:32:28,088 [ERROR] Polling thread error: PLC disconnected: timed out
2026-02-12 14:32:31,176 [ERROR] Polling thread error: PLC disconnected: timed out
2026-02-12 14:32:34,263 [ERROR] Polling thread error: PLC disconnected: timed out
2026-02-12 14:32:37,348 [ERROR] Polling thread error: PLC disconnected: timed out
2026-02-12 14:32:40,432 [ERROR] Polling thread error: PLC disconnected: timed out
2026-02-12 14:32:43,510 [ERROR] Polling thread error: PLC disconnected: timed out
2026-02-12 14:32:46,586 [ERROR] Polling thread error: PLC disconnected: timed out
2026-02-12 14:32:49,672 [ERROR] Polling thread error: PLC disconnected: timed out
2026-02-12 14:32:52,760 [ERROR] Polling thread error: PLC disconnected: timed out
2026-02-12 14:32:55,845 [ERROR] Polling thread error: PLC disconnected: timed out
2026-02-12 14:32:58,930 [ERROR] Polling thread error: PLC disconnected: timed out
2026-02-12 14:33:02,018 [ERROR] Polling thread error: PLC disconnected: timed out
2026-02-12 14:33:05,106 [ERROR] Polling thread error: PLC disconnected: timed out
2026-02-12 14:33:08,188 [ERROR] Polling thread error: PLC disconnected: timed out
2026-02-12 14:33:11,266 [ERROR] Polling thread error: PLC disconnected: timed out
2026-02-12 14:33:14,351 [ERROR] Polling thread error: PLC disconnected: timed out
2026-02-12 14:33:17,431 [ERROR] Polling thread error: PLC disconnected: timed out
2026-02-12 14:33:20,514 [ERROR] Polling thread error: PLC disconnected: timed out
2026-02-12 14:33:23,601 [ERROR] Polling thread error: PLC disconnected: timed out
2026-02-12 14:33:26,688 [ERROR] Polling thread error: PLC disconnected: timed out
2026-02-12 14:33:29,765 [ERROR] Polling thread error: PLC disconnected: timed out
2026-02-12 14:33:32,842 [ERROR] Polling thread error: PLC disconnected: timed out
2026-02-12 14:33:35,918 [ERROR] Polling thread error: PLC disconnected: timed out
2026-02-12 14:33:39,009 [ERROR] Polling thread error: PLC disconnected: timed out
2026-02-12 14:33:42,092 [ERROR] Polling thread error: PLC disconnected: timed out
2026-02-12 14:33:45,182 [ERROR] Polling thread error: PLC disconnected: timed out
2026-02-12 14:33:48,270 [ERROR] Polling thread error: PLC disconnected: timed out
2026-02-12 14:33:51,347 [ERROR] Polling thread error: PLC disconnected: timed out
2026-02-12 14:33:54,432 [ERROR] Polling thread error: PLC disconnected: timed out
2026-02-12 14:33:57,517 [ERROR] Polling thread error: PLC disconnected: timed out
2026-02-12 14:34:00,595 [ERROR] Polling thread error: PLC disconnected: timed out
2026-02-12 14:34:03,682 [ERROR] Polling thread error: PLC disconnected: timed out
2026-02-12 14:34:06,758 [ERROR] Polling thread error: PLC disconnected: timed out
2026-02-12 14:34:09,842 [ERROR] Polling thread error: PLC disconnected: timed out
2026-02-12 14:34:12,930 [ERROR] Polling thread error: PLC disconnected: timed out
2026-02-12 14:34:16,011 [ERROR] Polling thread error: PLC disconnected: timed out
2026-02-12 14:34:19,095 [ERROR] Polling thread error: PLC disconnected: timed out
2026-02-12 14:34:22,172 [ERROR] Polling thread error: PLC disconnected: timed out
2026-02-12 14:34:25,257 [ERROR] Polling thread error: PLC disconnected: timed out
2026-02-12 14:34:28,338 [ERROR] Polling thread error: PLC disconnected: timed out
2026-02-12 14:34:31,425 [ERROR] Polling thread error: PLC disconnected: timed out
2026-02-12 14:34:34,513 [ERROR] Polling thread error: PLC disconnected: timed out
2026-02-12 14:34:37,595 [ERROR] Polling thread error: PLC disconnected: timed out
2026-02-12 14:34:40,671 [ERROR] Polling thread error: PLC disconnected: timed out
2026-02-12 14:34:43,756 [ERROR] Polling thread error: PLC disconnected: timed out
2026-02-12 14:34:46,834 [ERROR] Polling thread error: PLC disconnected: timed out
2026-02-12 14:34:49,923 [ERROR] Polling thread error: PLC disconnected: timed out
2026-02-12 14:34:53,003 [ERROR] Polling thread error: PLC disconnected: timed out
2026-02-12 14:34:56,091 [ERROR] Polling thread error: PLC disconnected: timed out
2026-02-12 14:34:59,181 [ERROR] Polling thread error: PLC disconnected: timed out
2026-02-12 14:35:02,268 [ERROR] Polling thread error: PLC disconnected: timed out
2026-02-12 14:35:05,350 [ERROR] Polling thread error: PLC disconnected: timed out
2026-02-12 14:35:08,434 [ERROR] Polling thread error: PLC disconnected: timed out
2026-02-12 14:35:11,518 [ERROR] Polling thread error: PLC disconnected: timed out
2026-02-12 14:35:14,608 [ERROR] Polling thread error: PLC disconnected: timed out
2026-02-12 14:35:17,697 [ERROR] Polling thread error: PLC disconnected: timed out
2026-02-12 14:35:20,785 [ERROR] Polling thread error: PLC disconnected: timed out
2026-02-12 14:35:23,877 [ERROR] Polling thread error: PLC disconnected: timed out
2026-02-12 14:35:26,954 [ERROR] Polling thread error: PLC disconnected: timed out
2026-02-12 14:35:30,032 [ERROR] Polling thread error: PLC disconnected: timed out
2026-02-12 14:35:33,119 [ERROR] Polling thread error: PLC disconnected: timed out
2026-02-12 14:35:36,203 [ERROR] Polling thread error: PLC disconnected: timed out
2026-02-12 14:35:39,287 [ERROR] Polling thread error: PLC disconnected: timed out
2026-02-12 14:35:42,370 [ERROR] Polling thread error: PLC disconnected: timed out
2026-02-12 14:35:45,459 [ERROR] Polling thread error: PLC disconnected: timed out
2026-02-12 14:35:48,540 [ERROR] Polling thread error: PLC disconnected: timed out
2026-02-12 14:35:51,624 [ERROR] Polling thread error: PLC disconnected: timed out
2026-02-12 14:35:54,706 [ERROR] Polling thread error: PLC disconnected: timed out
2026-02-12 14:35:57,792 [ERROR] Polling thread error: PLC disconnected: timed out
2026-02-12 14:36:00,873 [ERROR] Polling thread error: PLC disconnected: timed out
2026-02-12 14:36:03,955 [ERROR] Polling thread error: PLC disconnected: timed out
2026-02-12 14:36:07,038 [ERROR] Polling thread error: PLC disconnected: timed out
2026-02-12 14:36:10,116 [ERROR] Polling thread error: PLC disconnected: timed out
2026-02-12 14:36:13,205 [ERROR] Polling thread error: PLC disconnected: timed out
2026-02-12 14:36:16,287 [ERROR] Polling thread error: PLC disconnected: timed out
2026-02-12 14:36:19,372 [ERROR] Polling thread error: PLC disconnected: timed out
2026-02-12 14:36:22,450 [ERROR] Polling thread error: PLC disconnected: timed out
2026-02-12 14:36:25,540 [ERROR] Polling thread error: PLC disconnected: timed out
2026-02-12 14:36:28,626 [ERROR] Polling thread error: PLC disconnected: timed out
2026-02-12 14:36:31,714 [ERROR] Polling thread error: PLC disconnected: timed out
2026-02-12 14:36:34,791 [ERROR] Polling thread error: PLC disconnected: timed out
2026-02-12 14:36:37,869 [ERROR] Polling thread error: PLC disconnected: timed out
2026-02-12 14:36:40,947 [ERROR] Polling thread error: PLC disconnected: timed out
2026-02-12 14:36:44,027 [ERROR] Polling thread error: PLC disconnected: timed out
2026-02-12 14:36:47,119 [ERROR] Polling thread error: PLC disconnected: timed out
2026-02-12 14:36:50,206 [ERROR] Polling thread error: PLC disconnected: timed out
2026-02-12 14:36:53,289 [ERROR] Polling thread error: PLC disconnected: timed out
2026-02-12 14:36:56,369 [ERROR] Polling thread error: PLC disconnected: timed out
2026-02-12 14:36:59,454 [ERROR] Polling thread error: PLC disconnected: timed out
2026-02-12 14:37:02,532 [ERROR] Polling thread error: PLC disconnected: timed out
2026-02-12 14:37:05,617 [ERROR] Polling thread error: PLC disconnected: timed out
2026-02-12 14:37:08,695 [ERROR] Polling thread error: PLC disconnected: timed out
2026-02-12 14:37:11,773 [ERROR] Polling thread error: PLC disconnected: timed out
2026-02-12 14:37:14,859 [ERROR] Polling thread error: PLC disconnected: timed out
2026-02-12 14:37:17,943 [ERROR] Polling thread error: PLC disconnected: timed out
2026-02-12 14:37:21,029 [ERROR] Polling thread error: PLC disconnected: timed out
2026-02-12 14:37:24,109 [ERROR] Polling thread error: PLC disconnected: timed out
2026-02-12 14:37:27,193 [ERROR] Polling thread error: PLC disconnected: timed out
2026-02-12 14:37:30,280 [ERROR] Polling thread error: PLC disconnected: timed out
2026-02-12 14:37:33,365 [ERROR] Polling thread error: PLC disconnected: timed out
2026-02-12 14:37:36,451 [ERROR] Polling thread error: PLC disconnected: timed out
2026-02-12 14:37:39,536 [ERROR] Polling thread error: PLC disconnected: timed out
2026-02-12 14:37:42,616 [ERROR] Polling thread error: PLC disconnected: timed out
2026-02-12 14:37:45,706 [ERROR] Polling thread error: PLC disconnected: timed out
2026-02-12 14:37:48,786 [ERROR] Polling thread error: PLC disconnected: timed out
2026-02-12 14:37:51,871 [ERROR] Polling thread error: PLC disconnected: timed out
2026-02-12 14:37:54,962 [ERROR] Polling thread error: PLC disconnected: timed out
2026-02-12 14:37:58,042 [ERROR] Polling thread error: PLC disconnected: timed out
2026-02-12 14:38:01,120 [ERROR] Polling thread error: PLC disconnected: timed out
2026-02-12 14:38:04,210 [ERROR] Polling thread error: PLC disconnected: timed out
2026-02-12 14:38:07,290 [ERROR] Polling thread error: PLC disconnected: timed out
2026-02-12 14:38:10,380 [ERROR] Polling thread error: PLC disconnected: timed out
2026-02-12 14:38:13,467 [ERROR] Polling thread error: PLC disconnected: timed out
2026-02-12 14:38:16,547 [ERROR] Polling thread error: PLC disconnected: timed out
2026-02-12 14:38:19,633 [ERROR] Polling thread error: PLC disconnected: timed out
2026-02-12 14:38:22,714 [ERROR] Polling thread error: PLC disconnected: timed out
2026-02-12 14:38:25,793 [ERROR] Polling thread error: PLC disconnected: timed out
2026-02-12 14:38:28,874 [ERROR] Polling thread error: PLC disconnected: timed out
2026-02-12 14:38:31,956 [ERROR] Polling thread error: PLC disconnected: timed out
2026-02-12 14:38:35,044 [ERROR] Polling thread error: PLC disconnected: timed out
2026-02-12 14:38:38,132 [ERROR] Polling thread error: PLC disconnected: timed out
2026-02-12 14:38:41,217 [ERROR] Polling thread error: PLC disconnected: timed out
2026-02-12 14:38:44,307 [ERROR] Polling thread error: PLC disconnected: timed out
2026-02-12 14:38:47,389 [ERROR] Polling thread error: PLC disconnected: timed out
2026-02-12 14:38:50,475 [ERROR] Polling thread error: PLC disconnected: timed out
2026-02-12 14:38:53,560 [ERROR] Polling thread error: PLC disconnected: timed out
2026-02-12 14:38:56,646 [ERROR] Polling thread error: PLC disconnected: timed out
2026-02-12 14:38:59,738 [ERROR] Polling thread error: PLC disconnected: timed out
2026-02-12 14:39:02,817 [ERROR] Polling thread error: PLC disconnected: timed out
2026-02-12 14:39:05,904 [ERROR] Polling thread error: PLC disconnected: timed out
2026-02-12 14:39:08,989 [ERROR] Polling thread error: PLC disconnected: timed out
2026-02-12 14:39:12,073 [ERROR] Polling thread error: PLC disconnected: timed out
2026-02-12 14:39:15,157 [ERROR] Polling thread error: PLC disconnected: timed out
2026-02-12 14:39:18,242 [ERROR] Polling thread error: PLC disconnected: timed out
2026-02-12 14:39:21,322 [ERROR] Polling thread error: PLC disconnected: timed out
2026-02-12 14:39:24,409 [ERROR] Polling thread error: PLC disconnected: timed out
2026-02-12 14:39:27,486 [ERROR] Polling thread error: PLC disconnected: timed out
2026-02-12 14:39:30,577 [ERROR] Polling thread error: PLC disconnected: timed out
2026-02-12 14:39:33,657 [ERROR] Polling thread error: PLC disconnected: timed out
2026-02-12 14:39:36,749 [ERROR] Polling thread error: PLC disconnected: timed out
2026-02-12 14:39:39,838 [ERROR] Polling thread error: PLC disconnected: timed out
2026-02-12 14:39:42,929 [ERROR] Polling thread error: PLC disconnected: timed out
2026-02-12 14:39:46,008 [ERROR] Polling thread error: PLC disconnected: timed out
2026-02-12 14:39:49,085 [ERROR] Polling thread error: PLC disconnected: timed out
2026-02-12 14:39:52,161 [ERROR] Polling thread error: PLC disconnected: timed out
2026-02-12 14:39:55,241 [ERROR] Polling thread error: PLC disconnected: timed out
2026-02-12 14:39:58,331 [ERROR] Polling thread error: PLC disconnected: timed out
2026-02-12 14:40:01,413 [ERROR] Polling thread error: PLC disconnected: timed out
2026-02-12 14:40:04,497 [ERROR] Polling thread error: PLC disconnected: timed out
2026-02-12 14:40:07,577 [ERROR] Polling thread error: PLC disconnected: timed out
2026-02-12 14:40:10,661 [ERROR] Polling thread error: PLC disconnected: timed out
2026-02-12 14:40:13,745 [ERROR] Polling thread error: PLC disconnected: timed out
2026-02-12 14:40:16,827 [ERROR] Polling thread error: PLC disconnected: timed out
2026-02-12 14:40:19,918 [ERROR] Polling thread error: PLC disconnected: timed out
2026-02-12 14:40:23,008 [ERROR] Polling thread error: PLC disconnected: timed out
2026-02-12 14:40:26,098 [ERROR] Polling thread error: PLC disconnected: timed out
2026-02-12 14:40:29,177 [ERROR] Polling thread error: PLC disconnected: timed out
2026-02-12 14:40:32,260 [ERROR] Polling thread error: PLC disconnected: timed out
2026-02-12 14:40:35,346 [ERROR] Polling thread error: PLC disconnected: timed out
2026-02-12 14:40:38,437 [ERROR] Polling thread error: PLC disconnected: timed out
2026-02-12 14:40:41,524 [ERROR] Polling thread error: PLC disconnected: timed out
2026-02-12 14:40:44,604 [ERROR] Polling thread error: PLC disconnected: timed out
2026-02-12 14:40:47,695 [ERROR] Polling thread error: PLC disconnected: timed out
2026-02-12 14:40:50,773 [ERROR] Polling thread error: PLC disconnected: timed out
2026-02-12 14:40:53,851 [ERROR] Polling thread error: PLC disconnected: timed out
2026-02-12 14:40:56,936 [ERROR] Polling thread error: PLC disconnected: timed out
2026-02-12 14:41:00,026 [ERROR] Polling thread error: PLC disconnected: timed out
2026-02-12 14:41:03,115 [ERROR] Polling thread error: PLC disconnected: timed out
2026-02-12 14:41:06,202 [ERROR] Polling thread error: PLC disconnected: timed out
2026-02-12 14:41:09,283 [ERROR] Polling thread error: PLC disconnected: timed out
2026-02-12 14:41:12,374 [ERROR] Polling thread error: PLC disconnected: timed out
2026-02-12 14:41:15,451 [ERROR] Polling thread error: PLC disconnected: timed out
2026-02-12 14:41:18,537 [ERROR] Polling thread error: PLC disconnected: timed out
2026-02-12 14:41:21,615 [ERROR] Polling thread error: PLC disconnected: timed out
2026-02-12 14:41:24,692 [ERROR] Polling thread error: PLC disconnected: timed out
2026-02-12 14:41:27,780 [ERROR] Polling thread error: PLC disconnected: timed out
2026-02-12 14:41:30,863 [ERROR] Polling thread error: PLC disconnected: timed out
2026-02-12 14:41:33,947 [ERROR] Polling thread error: PLC disconnected: timed out
2026-02-12 14:41:37,035 [ERROR] Polling thread error: PLC disconnected: timed out
2026-02-12 14:41:40,122 [ERROR] Polling thread error: PLC disconnected: timed out
2026-02-12 14:41:43,206 [ERROR] Polling thread error: PLC disconnected: timed out
2026-02-12 14:41:46,286 [ERROR] Polling thread error: PLC disconnected: timed out
2026-02-12 14:41:49,367 [ERROR] Polling thread error: PLC disconnected: timed out
2026-02-12 14:41:52,452 [ERROR] Polling thread error: PLC disconnected: timed out
2026-02-12 14:41:55,541 [ERROR] Polling thread error: PLC disconnected: timed out
2026-02-12 14:41:58,627 [ERROR] Polling thread error: PLC disconnected: timed out
2026-02-12 14:42:01,712 [ERROR] Polling thread error: PLC disconnected: timed out
2026-02-12 14:42:04,795 [ERROR] Polling thread error: PLC disconnected: timed out
2026-02-12 14:42:07,873 [ERROR] Polling thread error: PLC disconnected: timed out
2026-02-12 14:42:10,951 [ERROR] Polling thread error: PLC disconnected: timed out
2026-02-12 14:42:14,039 [ERROR] Polling thread error: PLC disconnected: timed out
2026-02-12 14:42:17,125 [ERROR] Polling thread error: PLC disconnected: timed out
2026-02-12 14:42:20,203 [ERROR] Polling thread error: PLC disconnected: timed out
2026-02-12 14:42:23,283 [ERROR] Polling thread error: PLC disconnected: timed out
2026-02-12 14:42:26,366 [ERROR] Polling thread error: PLC disconnected: timed out
2026-02-12 14:42:29,445 [ERROR] Polling thread error: PLC disconnected: timed out
2026-02-12 14:42:32,522 [ERROR] Polling thread error: PLC disconnected: timed out
2026-02-12 14:42:35,600 [ERROR] Polling thread error: PLC disconnected: timed out
2026-02-12 14:42:38,677 [ERROR] Polling thread error: PLC disconnected: timed out
2026-02-12 14:42:41,762 [ERROR] Polling thread error: PLC disconnected: timed out
2026-02-12 14:42:44,842 [ERROR] Polling thread error: PLC disconnected: timed out
2026-02-12 14:42:47,934 [ERROR] Polling thread error: PLC disconnected: timed out
2026-02-12 14:42:51,021 [ERROR] Polling thread error: PLC disconnected: timed out
2026-02-12 14:42:54,107 [ERROR] Polling thread error: PLC disconnected: timed out
2026-02-12 14:42:57,199 [ERROR] Polling thread error: PLC disconnected: timed out
2026-02-12 14:43:00,277 [ERROR] Polling thread error: PLC disconnected: timed out
2026-02-12 14:43:03,356 [ERROR] Polling thread error: PLC disconnected: timed out
2026-02-12 14:43:06,448 [ERROR] Polling thread error: PLC disconnected: timed out
2026-02-12 14:43:09,533 [ERROR] Polling thread error: PLC disconnected: timed out
2026-02-12 14:43:12,619 [ERROR] Polling thread error: PLC disconnected: timed out
2026-02-12 14:43:15,696 [ERROR] Polling thread error: PLC disconnected: timed out
2026-02-12 14:43:18,782 [ERROR] Polling thread error: PLC disconnected: timed out
2026-02-12 14:43:21,868 [ERROR] Polling thread error: PLC disconnected: timed out
2026-02-12 14:43:24,956 [ERROR] Polling thread error: PLC disconnected: timed out
2026-02-12 14:43:28,033 [ERROR] Polling thread error: PLC disconnected: timed out
2026-02-12 14:43:31,111 [ERROR] Polling thread error: PLC disconnected: timed out
2026-02-12 14:43:34,195 [ERROR] Polling thread error: PLC disconnected: timed out
2026-02-12 14:43:37,282 [ERROR] Polling thread error: PLC disconnected: timed out
2026-02-12 14:43:40,359 [ERROR] Polling thread error: PLC disconnected: timed out
2026-02-12 14:43:43,444 [ERROR] Polling thread error: PLC disconnected: timed out
2026-02-12 14:43:46,527 [ERROR] Polling thread error: PLC disconnected: timed out
2026-02-12 14:43:49,607 [ERROR] Polling thread error: PLC disconnected: timed out
2026-02-12 14:43:52,696 [ERROR] Polling thread error: PLC disconnected: timed out
2026-02-12 14:43:55,774 [ERROR] Polling thread error: PLC disconnected: timed out
2026-02-12 14:43:58,850 [ERROR] Polling thread error: PLC disconnected: timed out
2026-02-12 14:44:01,929 [ERROR] Polling thread error: PLC disconnected: timed out
2026-02-12 14:44:05,020 [ERROR] Polling thread error: PLC disconnected: timed out
2026-02-12 14:44:08,098 [ERROR] Polling thread error: PLC disconnected: timed out
2026-02-12 14:44:11,177 [ERROR] Polling thread error: PLC disconnected: timed out
2026-02-12 14:44:14,261 [ERROR] Polling thread error: PLC disconnected: timed out
2026-02-12 14:44:17,347 [ERROR] Polling thread error: PLC disconnected: timed out
2026-02-12 14:44:20,431 [ERROR] Polling thread error: PLC disconnected: timed out
2026-02-12 14:44:23,511 [ERROR] Polling thread error: PLC disconnected: timed out
2026-02-12 14:44:26,590 [ERROR] Polling thread error: PLC disconnected: timed out
2026-02-12 14:44:29,681 [ERROR] Polling thread error: PLC disconnected: timed out
2026-02-12 14:44:32,767 [ERROR] Polling thread error: PLC disconnected: timed out
2026-02-12 14:44:35,846 [ERROR] Polling thread error: PLC disconnected: timed out
2026-02-12 14:44:38,937 [ERROR] Polling thread error: PLC disconnected: timed out
2026-02-12 14:44:42,020 [ERROR] Polling thread error: PLC disconnected: timed out
2026-02-12 14:44:45,109 [ERROR] Polling thread error: PLC disconnected: timed out
2026-02-12 14:44:48,188 [ERROR] Polling thread error: PLC disconnected: timed out
2026-02-12 14:44:51,266 [ERROR] Polling thread error: PLC disconnected: timed out
2026-02-12 14:44:54,348 [ERROR] Polling thread error: PLC disconnected: timed out
2026-02-12 14:44:57,427 [ERROR] Polling thread error: PLC disconnected: timed out
2026-02-12 14:45:00,514 [ERROR] Polling thread error: PLC disconnected: timed out
2026-02-12 14:45:03,593 [ERROR] Polling thread error: PLC disconnected: timed out
2026-02-12 14:45:06,671 [ERROR] Polling thread error: PLC disconnected: timed out
2026-02-12 14:45:09,757 [ERROR] Polling thread error: PLC disconnected: timed out
2026-02-12 14:45:12,845 [ERROR] Polling thread error: PLC disconnected: timed out
2026-02-12 14:45:15,932 [ERROR] Polling thread error: PLC disconnected: timed out
2026-02-12 14:45:19,024 [ERROR] Polling thread error: PLC disconnected: timed out
2026-02-12 14:45:22,114 [ERROR] Polling thread error: PLC disconnected: timed out
2026-02-12 14:45:25,193 [ERROR] Polling thread error: PLC disconnected: timed out
2026-02-12 14:45:28,273 [ERROR] Polling thread error: PLC disconnected: timed out
2026-02-12 14:45:31,356 [ERROR] Polling thread error: PLC disconnected: timed out
2026-02-12 14:45:34,442 [ERROR] Polling thread error: PLC disconnected: timed out
2026-02-12 14:45:37,520 [ERROR] Polling thread error: PLC disconnected: timed out
2026-02-12 14:45:40,604 [ERROR] Polling thread error: PLC disconnected: timed out
2026-02-12 14:45:43,690 [ERROR] Polling thread error: PLC disconnected: timed out
2026-02-12 14:45:46,777 [ERROR] Polling thread error: PLC disconnected: timed out
2026-02-12 14:45:49,863 [ERROR] Polling thread error: PLC disconnected: timed out
2026-02-12 14:45:52,954 [ERROR] Polling thread error: PLC disconnected: timed out
2026-02-12 14:45:56,043 [ERROR] Polling thread error: PLC disconnected: timed out
2026-02-12 14:45:59,125 [ERROR] Polling thread error: PLC disconnected: timed out
2026-02-12 14:46:02,204 [ERROR] Polling thread error: PLC disconnected: timed out
2026-02-12 14:46:05,294 [ERROR] Polling thread error: PLC disconnected: timed out
2026-02-12 14:46:08,376 [ERROR] Polling thread error: PLC disconnected: timed out
2026-02-12 14:46:11,462 [ERROR] Polling thread error: PLC disconnected: timed out
2026-02-12 14:46:14,547 [ERROR] Polling thread error: PLC disconnected: timed out
2026-02-12 14:46:17,632 [ERROR] Polling thread error: PLC disconnected: timed out
2026-02-12 14:46:20,722 [ERROR] Polling thread error: PLC disconnected: timed out
2026-02-12 14:46:23,803 [ERROR] Polling thread error: PLC disconnected: timed out
2026-02-12 14:46:26,889 [ERROR] Polling thread error: PLC disconnected: timed out
2026-02-12 14:46:29,969 [ERROR] Polling thread error: PLC disconnected: timed out
2026-02-12 14:46:33,047 [ERROR] Polling thread error: PLC disconnected: timed out
2026-02-12 14:46:36,128 [ERROR] Polling thread error: PLC disconnected: timed out
2026-02-12 14:46:39,209 [ERROR] Polling thread error: PLC disconnected: timed out
2026-02-12 14:46:42,300 [ERROR] Polling thread error: PLC disconnected: timed out
2026-02-12 14:46:45,380 [ERROR] Polling thread error: PLC disconnected: timed out
2026-02-12 14:46:48,466 [ERROR] Polling thread error: PLC disconnected: timed out
2026-02-12 14:46:51,552 [ERROR] Polling thread error: PLC disconnected: timed out
2026-02-12 14:46:54,635 [ERROR] Polling thread error: PLC disconnected: timed out
2026-02-12 14:46:57,723 [ERROR] Polling thread error: PLC disconnected: timed out
2026-02-12 14:47:00,813 [ERROR] Polling thread error: PLC disconnected: timed out
2026-02-12 14:47:03,892 [ERROR] Polling thread error: PLC disconnected: timed out
2026-02-12 14:47:06,978 [ERROR] Polling thread error: PLC disconnected: timed out
2026-02-12 14:47:10,061 [ERROR] Polling thread error: PLC disconnected: timed out
2026-02-12 14:47:13,148 [ERROR] Polling thread error: PLC disconnected: timed out
2026-02-12 14:47:16,230 [ERROR] Polling thread error: PLC disconnected: timed out
2026-02-12 14:47:19,321 [ERROR] Polling thread error: PLC disconnected: timed out
2026-02-12 14:47:22,399 [ERROR] Polling thread error: PLC disconnected: timed out
2026-02-12 14:47:25,484 [ERROR] Polling thread error: PLC disconnected: timed out
2026-02-12 14:47:28,562 [ERROR] Polling thread error: PLC disconnected: timed out
2026-02-12 14:47:31,640 [ERROR] Polling thread error: PLC disconnected: timed out
2026-02-12 14:47:34,723 [ERROR] Polling thread error: PLC disconnected: timed out
2026-02-12 14:47:37,801 [ERROR] Polling thread error: PLC disconnected: timed out
2026-02-12 14:47:40,882 [ERROR] Polling thread error: PLC disconnected: timed out
2026-02-12 14:47:43,969 [ERROR] Polling thread error: PLC disconnected: timed out
2026-02-12 14:47:47,051 [ERROR] Polling thread error: PLC disconnected: timed out
2026-02-12 14:47:50,129 [ERROR] Polling thread error: PLC disconnected: timed out
2026-02-12 14:47:53,207 [ERROR] Polling thread error: PLC disconnected: timed out
2026-02-12 14:47:56,288 [ERROR] Polling thread error: PLC disconnected: timed out
2026-02-12 14:47:59,378 [ERROR] Polling thread error: PLC disconnected: timed out
2026-02-12 14:48:02,457 [ERROR] Polling thread error: PLC disconnected: timed out
2026-02-12 14:48:05,547 [ERROR] Polling thread error: PLC disconnected: timed out
2026-02-12 14:48:08,638 [ERROR] Polling thread error: PLC disconnected: timed out
2026-02-12 14:48:11,724 [ERROR] Polling thread error: PLC disconnected: timed out
2026-02-12 14:48:14,801 [ERROR] Polling thread error: PLC disconnected: timed out
2026-02-12 14:48:17,891 [ERROR] Polling thread error: PLC disconnected: timed out
2026-02-12 14:48:20,982 [ERROR] Polling thread error: PLC disconnected: timed out
2026-02-12 14:48:24,067 [ERROR] Polling thread error: PLC disconnected: timed out
2026-02-12 14:48:27,153 [ERROR] Polling thread error: PLC disconnected: timed out
2026-02-12 14:48:30,236 [ERROR] Polling thread error: PLC disconnected: timed out
2026-02-12 14:48:33,315 [ERROR] Polling thread error: PLC disconnected: timed out
2026-02-12 14:48:36,401 [ERROR] Polling thread error: PLC disconnected: timed out
2026-02-12 14:48:39,486 [ERROR] Polling thread error: PLC disconnected: timed out
2026-02-12 14:48:42,572 [ERROR] Polling thread error: PLC disconnected: timed out
2026-02-12 14:48:45,657 [ERROR] Polling thread error: PLC disconnected: timed out
2026-02-12 14:48:48,745 [ERROR] Polling thread error: PLC disconnected: timed out
2026-02-12 14:48:51,823 [ERROR] Polling thread error: PLC disconnected: timed out
2026-02-12 14:48:54,906 [ERROR] Polling thread error: PLC disconnected: timed out
2026-02-12 14:48:57,993 [ERROR] Polling thread error: PLC disconnected: timed out
2026-02-12 14:49:01,084 [ERROR] Polling thread error: PLC disconnected: timed out
2026-02-12 14:49:04,171 [ERROR] Polling thread error: PLC disconnected: timed out
2026-02-12 14:49:07,251 [ERROR] Polling thread error: PLC disconnected: timed out
2026-02-12 14:49:10,341 [ERROR] Polling thread error: PLC disconnected: timed out
2026-02-12 14:49:13,430 [ERROR] Polling thread error: PLC disconnected: timed out
2026-02-12 14:49:16,510 [ERROR] Polling thread error: PLC disconnected: timed out
2026-02-12 14:49:19,592 [ERROR] Polling thread error: PLC disconnected: timed out
2026-02-12 14:49:22,677 [ERROR] Polling thread error: PLC disconnected: timed out
2026-02-12 14:49:25,760 [ERROR] Polling thread error: PLC disconnected: timed out
2026-02-12 14:49:28,838 [ERROR] Polling thread error: PLC disconnected: timed out
2026-02-12 14:49:31,921 [ERROR] Polling thread error: PLC disconnected: timed out
2026-02-12 14:49:35,004 [ERROR] Polling thread error: PLC disconnected: timed out
2026-02-12 14:49:38,081 [ERROR] Polling thread error: PLC disconnected: timed out
2026-02-12 14:49:41,159 [ERROR] Polling thread error: PLC disconnected: timed out
2026-02-12 14:49:44,238 [ERROR] Polling thread error: PLC disconnected: timed out
2026-02-12 14:49:47,324 [ERROR] Polling thread error: PLC disconnected: timed out
2026-02-12 14:49:50,401 [ERROR] Polling thread error: PLC disconnected: timed out
2026-02-12 14:49:53,482 [ERROR] Polling thread error: PLC disconnected: timed out
2026-02-12 14:49:56,571 [ERROR] Polling thread error: PLC disconnected: timed out
2026-02-12 14:49:59,654 [ERROR] Polling thread error: PLC disconnected: timed out
2026-02-12 14:50:02,736 [ERROR] Polling thread error: PLC disconnected: timed out
2026-02-12 14:50:05,828 [ERROR] Polling thread error: PLC disconnected: timed out
2026-02-12 14:50:08,914 [ERROR] Polling thread error: PLC disconnected: timed out
2026-02-12 14:50:11,995 [ERROR] Polling thread error: PLC disconnected: timed out
2026-02-12 14:50:15,080 [ERROR] Polling thread error: PLC disconnected: timed out
2026-02-12 14:50:18,169 [ERROR] Polling thread error: PLC disconnected: timed out
2026-02-12 14:50:21,252 [ERROR] Polling thread error: PLC disconnected: timed out
2026-02-12 14:50:24,332 [ERROR] Polling thread error: PLC disconnected: timed out
2026-02-12 14:50:27,414 [ERROR] Polling thread error: PLC disconnected: timed out
2026-02-12 14:50:30,491 [ERROR] Polling thread error: PLC disconnected: timed out
2026-02-12 14:50:33,581 [ERROR] Polling thread error: PLC disconnected: timed out
2026-02-12 14:50:36,664 [ERROR] Polling thread error: PLC disconnected: timed out
2026-02-12 14:50:39,745 [ERROR] Polling thread error: PLC disconnected: timed out
2026-02-12 14:50:42,832 [ERROR] Polling thread error: PLC disconnected: timed out
2026-02-12 14:50:45,918 [ERROR] Polling thread error: PLC disconnected: timed out
2026-02-12 14:50:49,004 [ERROR] Polling thread error: PLC disconnected: timed out
2026-02-12 14:50:52,090 [ERROR] Polling thread error: PLC disconnected: timed out
2026-02-12 14:50:55,176 [ERROR] Polling thread error: PLC disconnected: timed out
2026-02-12 14:50:58,259 [ERROR] Polling thread error: PLC disconnected: timed out
2026-02-12 14:51:01,341 [ERROR] Polling thread error: PLC disconnected: timed out
2026-02-12 14:51:04,432 [ERROR] Polling thread error: PLC disconnected: timed out
2026-02-12 14:51:07,513 [ERROR] Polling thread error: PLC disconnected: timed out
2026-02-12 14:51:10,596 [ERROR] Polling thread error: PLC disconnected: timed out
2026-02-12 14:51:13,681 [ERROR] Polling thread error: PLC disconnected: timed out
2026-02-12 14:51:16,764 [ERROR] Polling thread error: PLC disconnected: timed out
2026-02-12 14:51:19,845 [ERROR] Polling thread error: PLC disconnected: timed out
2026-02-12 14:51:22,924 [ERROR] Polling thread error: PLC disconnected: timed out
2026-02-12 14:51:26,013 [ERROR] Polling thread error: PLC disconnected: timed out
2026-02-12 14:51:29,101 [ERROR] Polling thread error: PLC disconnected: timed out
2026-02-12 14:51:32,178 [ERROR] Polling thread error: PLC disconnected: timed out
2026-02-12 14:51:35,257 [ERROR] Polling thread error: PLC disconnected: timed out
2026-02-12 14:51:38,343 [ERROR] Polling thread error: PLC disconnected: timed out
2026-02-12 14:51:41,427 [ERROR] Polling thread error: PLC disconnected: timed out
2026-02-12 14:51:44,513 [ERROR] Polling thread error: PLC disconnected: timed out
2026-02-12 14:51:47,595 [ERROR] Polling thread error: PLC disconnected: timed out
2026-02-12 14:51:50,678 [ERROR] Polling thread error: PLC disconnected: timed out
2026-02-12 14:51:53,764 [ERROR] Polling thread error: PLC disconnected: timed out
2026-02-12 14:51:56,849 [ERROR] Polling thread error: PLC disconnected: timed out
2026-02-12 14:51:59,931 [ERROR] Polling thread error: PLC disconnected: timed out
2026-02-12 14:52:03,022 [ERROR] Polling thread error: PLC disconnected: timed out
2026-02-12 14:52:06,105 [ERROR] Polling thread error: PLC disconnected: timed out
2026-02-12 14:52:09,192 [ERROR] Polling thread error: PLC disconnected: timed out
2026-02-12 14:52:12,277 [ERROR] Polling thread error: PLC disconnected: timed out
2026-02-12 14:52:15,360 [ERROR] Polling thread error: PLC disconnected: timed out
2026-02-12 14:52:18,438 [ERROR] Polling thread error: PLC disconnected: timed out
2026-02-12 14:52:21,527 [ERROR] Polling thread error: PLC disconnected: timed out
2026-02-12 14:52:24,604 [ERROR] Polling thread error: PLC disconnected: timed out
2026-02-12 14:52:27,682 [ERROR] Polling thread error: PLC disconnected: timed out
2026-02-12 14:52:30,769 [ERROR] Polling thread error: PLC disconnected: timed out
2026-02-12 14:52:33,849 [ERROR] Polling thread error: PLC disconnected: timed out
2026-02-12 14:52:36,932 [ERROR] Polling thread error: PLC disconnected: timed out
2026-02-12 14:52:40,009 [ERROR] Polling thread error: PLC disconnected: timed out
2026-02-12 14:52:43,086 [ERROR] Polling thread error: PLC disconnected: timed out
2026-02-12 14:52:46,167 [ERROR] Polling thread error: PLC disconnected: timed out
2026-02-12 14:52:49,257 [ERROR] Polling thread error: PLC disconnected: timed out
2026-02-12 14:52:52,343 [ERROR] Polling thread error: PLC disconnected: timed out
2026-02-12 14:52:55,435 [ERROR] Polling thread error: PLC disconnected: timed out
2026-02-12 14:52:58,516 [ERROR] Polling thread error: PLC disconnected: timed out
2026-02-12 14:53:01,600 [ERROR] Polling thread error: PLC disconnected: timed out
2026-02-12 14:53:04,693 [ERROR] Polling thread error: PLC disconnected: timed out
2026-02-12 14:53:07,784 [ERROR] Polling thread error: PLC disconnected: timed out
2026-02-12 14:53:10,861 [ERROR] Polling thread error: PLC disconnected: timed out
2026-02-12 14:53:13,941 [ERROR] Polling thread error: PLC disconnected: timed out
2026-02-12 14:53:17,022 [ERROR] Polling thread error: PLC disconnected: timed out
2026-02-12 14:53:20,107 [ERROR] Polling thread error: PLC disconnected: timed out
2026-02-12 14:53:23,187 [ERROR] Polling thread error: PLC disconnected: timed out
2026-02-12 14:53:26,277 [ERROR] Polling thread error: PLC disconnected: timed out
2026-02-12 14:53:29,355 [ERROR] Polling thread error: PLC disconnected: timed out
2026-02-12 14:53:32,447 [ERROR] Polling thread error: PLC disconnected: timed out
2026-02-12 14:53:35,535 [ERROR] Polling thread error: PLC disconnected: timed out
2026-02-12 14:53:38,621 [ERROR] Polling thread error: PLC disconnected: timed out
2026-02-12 14:53:41,712 [ERROR] Polling thread error: PLC disconnected: timed out
2026-02-12 14:53:44,788 [ERROR] Polling thread error: PLC disconnected: timed out
2026-02-12 14:53:47,873 [ERROR] Polling thread error: PLC disconnected: timed out
2026-02-12 14:53:50,963 [ERROR] Polling thread error: PLC disconnected: timed out
2026-02-12 14:53:54,044 [ERROR] Polling thread error: PLC disconnected: timed out
2026-02-12 14:53:57,125 [ERROR] Polling thread error: PLC disconnected: timed out
2026-02-12 14:54:00,204 [ERROR] Polling thread error: PLC disconnected: timed out
2026-02-12 14:54:03,289 [ERROR] Polling thread error: PLC disconnected: timed out
2026-02-12 14:54:06,377 [ERROR] Polling thread error: PLC disconnected: timed out
2026-02-12 14:54:09,461 [ERROR] Polling thread error: PLC disconnected: timed out
2026-02-12 14:54:12,538 [ERROR] Polling thread error: PLC disconnected: timed out
2026-02-12 14:54:15,630 [ERROR] Polling thread error: PLC disconnected: timed out
2026-02-12 14:54:18,706 [ERROR] Polling thread error: PLC disconnected: timed out
2026-02-12 14:54:21,789 [ERROR] Polling thread error: PLC disconnected: timed out
2026-02-12 14:54:24,875 [ERROR] Polling thread error: PLC disconnected: timed out
2026-02-12 14:54:27,952 [ERROR] Polling thread error: PLC disconnected: timed out
2026-02-12 14:54:31,041 [ERROR] Polling thread error: PLC disconnected: timed out
2026-02-12 14:54:34,122 [ERROR] Polling thread error: PLC disconnected: timed out
2026-02-12 14:54:37,201 [ERROR] Polling thread error: PLC disconnected: timed out
2026-02-12 14:54:40,292 [ERROR] Polling thread error: PLC disconnected: timed out
2026-02-12 14:54:43,370 [ERROR] Polling thread error: PLC disconnected: timed out
2026-02-12 14:54:46,458 [ERROR] Polling thread error: PLC disconnected: timed out
2026-02-12 14:54:49,538 [ERROR] Polling thread error: PLC disconnected: timed out
2026-02-12 14:54:52,620 [ERROR] Polling thread error: PLC disconnected: timed out
2026-02-12 14:54:55,700 [ERROR] Polling thread error: PLC disconnected: timed out
2026-02-12 14:54:58,781 [ERROR] Polling thread error: PLC disconnected: timed out
2026-02-12 14:55:01,872 [ERROR] Polling thread error: PLC disconnected: timed out
2026-02-12 14:55:04,961 [ERROR] Polling thread error: PLC disconnected: timed out
2026-02-12 14:55:08,040 [ERROR] Polling thread error: PLC disconnected: timed out
2026-02-12 14:55:11,121 [ERROR] Polling thread error: PLC disconnected: timed out
2026-02-12 14:55:14,198 [ERROR] Polling thread error: PLC disconnected: timed out
2026-02-12 14:55:17,285 [ERROR] Polling thread error: PLC disconnected: timed out
2026-02-12 14:55:20,369 [ERROR] Polling thread error: PLC disconnected: timed out
2026-02-12 14:55:23,454 [ERROR] Polling thread error: PLC disconnected: timed out
2026-02-12 14:55:26,543 [ERROR] Polling thread error: PLC disconnected: timed out
2026-02-12 14:55:29,620 [ERROR] Polling thread error: PLC disconnected: timed out
2026-02-12 14:55:32,703 [ERROR] Polling thread error: PLC disconnected: timed out
2026-02-12 14:55:35,790 [ERROR] Polling thread error: PLC disconnected: timed out
2026-02-12 14:55:38,873 [ERROR] Polling thread error: PLC disconnected: timed out
2026-02-12 14:55:41,958 [ERROR] Polling thread error: PLC disconnected: timed out
2026-02-12 14:55:45,047 [ERROR] Polling thread error: PLC disconnected: timed out
2026-02-12 14:55:48,126 [ERROR] Polling thread error: PLC disconnected: timed out
2026-02-12 14:55:51,217 [ERROR] Polling thread error: PLC disconnected: timed out
2026-02-12 14:55:54,304 [ERROR] Polling thread error: PLC disconnected: timed out
2026-02-12 14:55:57,386 [ERROR] Polling thread error: PLC disconnected: timed out
2026-02-12 14:56:00,473 [ERROR] Polling thread error: PLC disconnected: timed out
2026-02-12 14:56:03,557 [ERROR] Polling thread error: PLC disconnected: timed out
2026-02-12 14:56:06,644 [ERROR] Polling thread error: PLC disconnected: timed out
2026-02-12 14:56:09,721 [ERROR] Polling thread error: PLC disconnected: timed out
2026-02-12 14:56:12,812 [ERROR] Polling thread error: PLC disconnected: timed out
2026-02-12 14:56:15,895 [ERROR] Polling thread error: PLC disconnected: timed out
2026-02-12 14:56:18,985 [ERROR] Polling thread error: PLC disconnected: timed out
2026-02-12 14:56:22,066 [ERROR] Polling thread error: PLC disconnected: timed out
2026-02-12 14:56:25,149 [ERROR] Polling thread error: PLC disconnected: timed out
2026-02-12 14:56:28,232 [ERROR] Polling thread error: PLC disconnected: timed out
2026-02-12 14:56:31,308 [ERROR] Polling thread error: PLC disconnected: timed out
2026-02-12 14:56:34,395 [ERROR] Polling thread error: PLC disconnected: timed out
2026-02-12 14:56:37,476 [ERROR] Polling thread error: PLC disconnected: timed out
2026-02-12 14:56:40,558 [ERROR] Polling thread error: PLC disconnected: timed out
2026-02-12 14:56:43,638 [ERROR] Polling thread error: PLC disconnected: timed out
2026-02-12 14:56:46,723 [ERROR] Polling thread error: PLC disconnected: timed out
2026-02-12 14:56:49,805 [ERROR] Polling thread error: PLC disconnected: timed out
2026-02-12 14:56:52,885 [ERROR] Polling thread error: PLC disconnected: timed out
2026-02-12 14:56:55,964 [ERROR] Polling thread error: PLC disconnected: timed out
2026-02-12 14:56:59,047 [ERROR] Polling thread error: PLC disconnected: timed out
2026-02-12 14:57:02,134 [ERROR] Polling thread error: PLC disconnected: timed out
2026-02-12 14:57:05,222 [ERROR] Polling thread error: PLC disconnected: timed out
2026-02-12 14:57:08,313 [ERROR] Polling thread error: PLC disconnected: timed out
2026-02-12 14:57:11,392 [ERROR] Polling thread error: PLC disconnected: timed out
2026-02-12 14:57:14,483 [ERROR] Polling thread error: PLC disconnected: timed out
2026-02-12 14:57:17,565 [ERROR] Polling thread error: PLC disconnected: timed out
2026-02-12 14:57:20,656 [ERROR] Polling thread error: PLC disconnected: timed out
2026-02-12 14:57:23,739 [ERROR] Polling thread error: PLC disconnected: timed out
2026-02-12 14:57:26,828 [ERROR] Polling thread error: PLC disconnected: timed out
2026-02-12 14:57:29,908 [ERROR] Polling thread error: PLC disconnected: timed out
2026-02-12 14:57:32,989 [ERROR] Polling thread error: PLC disconnected: timed out
2026-02-12 14:57:36,080 [ERROR] Polling thread error: PLC disconnected: timed out
2026-02-12 14:57:39,159 [ERROR] Polling thread error: PLC disconnected: timed out
2026-02-12 14:57:42,251 [ERROR] Polling thread error: PLC disconnected: timed out
2026-02-12 14:57:45,331 [ERROR] Polling thread error: PLC disconnected: timed out
2026-02-12 14:57:48,409 [ERROR] Polling thread error: PLC disconnected: timed out
2026-02-12 14:57:51,486 [ERROR] Polling thread error: PLC disconnected: timed out
2026-02-12 14:57:54,565 [ERROR] Polling thread error: PLC disconnected: timed out
2026-02-12 14:57:57,656 [ERROR] Polling thread error: PLC disconnected: timed out
2026-02-12 14:58:00,735 [ERROR] Polling thread error: PLC disconnected: timed out
2026-02-12 14:58:03,818 [ERROR] Polling thread error: PLC disconnected: timed out
2026-02-12 14:58:06,912 [ERROR] Polling thread error: PLC disconnected: timed out
2026-02-12 14:58:10,003 [ERROR] Polling thread error: PLC disconnected: timed out
2026-02-12 14:58:13,080 [ERROR] Polling thread error: PLC disconnected: timed out
2026-02-12 14:58:16,158 [ERROR] Polling thread error: PLC disconnected: timed out
2026-02-12 14:58:19,240 [ERROR] Polling thread error: PLC disconnected: timed out
2026-02-12 14:58:22,316 [ERROR] Polling thread error: PLC disconnected: timed out
2026-02-12 14:58:25,409 [ERROR] Polling thread error: PLC disconnected: timed out
2026-02-12 14:58:28,487 [ERROR] Polling thread error: PLC disconnected: timed out
2026-02-12 14:58:31,566 [ERROR] Polling thread error: PLC disconnected: timed out
2026-02-12 14:58:34,642 [ERROR] Polling thread error: PLC disconnected: timed out
2026-02-12 14:58:37,721 [ERROR] Polling thread error: PLC disconnected: timed out
2026-02-12 14:58:40,813 [ERROR] Polling thread error: PLC disconnected: timed out
2026-02-12 14:58:43,890 [ERROR] Polling thread error: PLC disconnected: timed out
2026-02-12 14:58:46,972 [ERROR] Polling thread error: PLC disconnected: timed out
2026-02-12 14:58:50,050 [ERROR] Polling thread error: PLC disconnected: timed out
2026-02-12 14:58:53,141 [ERROR] Polling thread error: PLC disconnected: timed out
2026-02-12 14:58:56,221 [ERROR] Polling thread error: PLC disconnected: timed out
2026-02-12 14:58:59,297 [ERROR] Polling thread error: PLC disconnected: timed out
2026-02-12 14:59:02,377 [ERROR] Polling thread error: PLC disconnected: timed out
2026-02-12 14:59:05,456 [ERROR] Polling thread error: PLC disconnected: timed out
2026-02-12 14:59:08,548 [ERROR] Polling thread error: PLC disconnected: timed out
2026-02-12 14:59:11,627 [ERROR] Polling thread error: PLC disconnected: timed out
2026-02-12 14:59:14,707 [ERROR] Polling thread error: PLC disconnected: timed out
2026-02-12 14:59:17,797 [ERROR] Polling thread error: PLC disconnected: timed out
2026-02-12 14:59:20,880 [ERROR] Polling thread error: PLC disconnected: timed out
2026-02-12 14:59:23,971 [ERROR] Polling thread error: PLC disconnected: timed out
2026-02-12 14:59:27,050 [ERROR] Polling thread error: PLC disconnected: timed out
2026-02-12 14:59:30,143 [ERROR] Polling thread error: PLC disconnected: timed out
2026-02-12 14:59:33,220 [ERROR] Polling thread error: PLC disconnected: timed out
2026-02-12 14:59:36,298 [ERROR] Polling thread error: PLC disconnected: timed out
2026-02-12 14:59:39,377 [ERROR] Polling thread error: PLC disconnected: timed out
2026-02-12 14:59:42,456 [ERROR] Polling thread error: PLC disconnected: timed out
2026-02-12 14:59:45,532 [ERROR] Polling thread error: PLC disconnected: timed out
2026-02-12 14:59:48,612 [ERROR] Polling thread error: PLC disconnected: timed out
2026-02-12 14:59:51,689 [ERROR] Polling thread error: PLC disconnected: timed out
2026-02-12 14:59:54,766 [ERROR] Polling thread error: PLC disconnected: timed out
2026-02-12 14:59:57,845 [ERROR] Polling thread error: PLC disconnected: timed out
2026-02-12 15:00:00,925 [ERROR] Polling thread error: PLC disconnected: timed out
2026-02-12 15:00:04,017 [ERROR] Polling thread error: PLC disconnected: timed out
2026-02-12 15:00:07,095 [ERROR] Polling thread error: PLC disconnected: timed out
2026-02-12 15:00:10,173 [ERROR] Polling thread error: PLC disconnected: timed out
2026-02-12 15:00:13,251 [ERROR] Polling thread error: PLC disconnected: timed out
2026-02-12 15:00:16,334 [ERROR] Polling thread error: PLC disconnected: timed out
2026-02-12 15:00:19,422 [ERROR] Polling thread error: PLC disconnected: timed out
2026-02-12 15:00:22,502 [ERROR] Polling thread error: PLC disconnected: timed out
2026-02-12 15:00:25,581 [ERROR] Polling thread error: PLC disconnected: timed out
2026-02-12 15:00:28,659 [ERROR] Polling thread error: PLC disconnected: timed out
2026-02-12 15:00:31,736 [ERROR] Polling thread error: PLC disconnected: timed out
2026-02-12 15:00:34,814 [ERROR] Polling thread error: PLC disconnected: timed out
2026-02-12 15:00:37,893 [ERROR] Polling thread error: PLC disconnected: timed out
2026-02-12 15:00:40,970 [ERROR] Polling thread error: PLC disconnected: timed out
2026-02-12 15:00:44,062 [ERROR] Polling thread error: PLC disconnected: timed out
2026-02-12 15:00:47,143 [ERROR] Polling thread error: PLC disconnected: timed out
2026-02-12 15:00:50,230 [ERROR] Polling thread error: PLC disconnected: timed out
2026-02-12 15:00:53,315 [ERROR] Polling thread error: PLC disconnected: timed out
2026-02-12 15:00:56,392 [ERROR] Polling thread error: PLC disconnected: timed out
2026-02-12 15:00:59,470 [ERROR] Polling thread error: PLC disconnected: timed out
2026-02-12 15:01:02,550 [ERROR] Polling thread error: PLC disconnected: timed out
2026-02-12 15:01:05,642 [ERROR] Polling thread error: PLC disconnected: timed out
2026-02-12 15:01:08,721 [ERROR] Polling thread error: PLC disconnected: timed out
2026-02-12 15:01:11,798 [ERROR] Polling thread error: PLC disconnected: timed out
2026-02-12 15:01:14,877 [ERROR] Polling thread error: PLC disconnected: timed out
2026-02-12 15:01:17,969 [ERROR] Polling thread error: PLC disconnected: timed out
2026-02-12 15:01:21,051 [ERROR] Polling thread error: PLC disconnected: timed out
2026-02-12 15:01:24,133 [ERROR] Polling thread error: PLC disconnected: timed out
2026-02-12 15:01:27,221 [ERROR] Polling thread error: PLC disconnected: timed out
2026-02-12 15:01:30,298 [ERROR] Polling thread error: PLC disconnected: timed out
2026-02-12 15:01:33,376 [ERROR] Polling thread error: PLC disconnected: timed out
2026-02-12 15:01:36,457 [ERROR] Polling thread error: PLC disconnected: timed out
2026-02-12 15:01:39,533 [ERROR] Polling thread error: PLC disconnected: timed out
2026-02-12 15:01:42,611 [ERROR] Polling thread error: PLC disconnected: timed out
2026-02-12 15:01:45,688 [ERROR] Polling thread error: PLC disconnected: timed out
2026-02-12 15:01:48,767 [ERROR] Polling thread error: PLC disconnected: timed out
2026-02-12 15:01:51,847 [ERROR] Polling thread error: PLC disconnected: timed out
2026-02-12 15:01:54,923 [ERROR] Polling thread error: PLC disconnected: timed out
2026-02-12 15:01:58,003 [ERROR] Polling thread error: PLC disconnected: timed out
2026-02-12 15:02:01,080 [ERROR] Polling thread error: PLC disconnected: timed out
2026-02-12 15:02:04,158 [ERROR] Polling thread error: PLC disconnected: timed out
2026-02-12 15:02:07,236 [ERROR] Polling thread error: PLC disconnected: timed out
2026-02-12 15:02:10,330 [ERROR] Polling thread error: PLC disconnected: timed out
2026-02-12 15:02:13,410 [ERROR] Polling thread error: PLC disconnected: timed out
2026-02-12 15:02:16,487 [ERROR] Polling thread error: PLC disconnected: timed out
2026-02-12 15:02:19,565 [ERROR] Polling thread error: PLC disconnected: timed out
2026-02-12 15:02:22,643 [ERROR] Polling thread error: PLC disconnected: timed out
2026-02-12 15:02:25,720 [ERROR] Polling thread error: PLC disconnected: timed out
2026-02-12 15:02:28,798 [ERROR] Polling thread error: PLC disconnected: timed out
2026-02-12 15:02:31,877 [ERROR] Polling thread error: PLC disconnected: timed out
2026-02-12 15:02:34,955 [ERROR] Polling thread error: PLC disconnected: timed out
2026-02-12 15:02:38,034 [ERROR] Polling thread error: PLC disconnected: timed out
2026-02-12 15:02:41,112 [ERROR] Polling thread error: PLC disconnected: timed out
2026-02-12 15:02:44,191 [ERROR] Polling thread error: PLC disconnected: timed out
2026-02-12 15:02:47,271 [ERROR] Polling thread error: PLC disconnected: timed out
2026-02-12 15:02:50,359 [ERROR] Polling thread error: PLC disconnected: timed out
2026-02-12 15:02:53,439 [ERROR] Polling thread error: PLC disconnected: timed out
2026-02-12 15:02:56,517 [ERROR] Polling thread error: PLC disconnected: timed out
2026-02-12 15:02:59,595 [ERROR] Polling thread error: PLC disconnected: timed out
2026-02-12 15:03:02,675 [ERROR] Polling thread error: PLC disconnected: timed out
2026-02-12 15:03:05,767 [ERROR] Polling thread error: PLC disconnected: timed out
2026-02-12 15:03:08,844 [ERROR] Polling thread error: PLC disconnected: timed out
2026-02-12 15:03:11,924 [ERROR] Polling thread error: PLC disconnected: timed out
2026-02-12 15:03:15,001 [ERROR] Polling thread error: PLC disconnected: timed out
2026-02-12 15:03:18,080 [ERROR] Polling thread error: PLC disconnected: timed out
2026-02-12 15:03:21,160 [ERROR] Polling thread error: PLC disconnected: timed out
2026-02-12 15:03:24,252 [ERROR] Polling thread error: PLC disconnected: timed out
2026-02-12 15:03:27,330 [ERROR] Polling thread error: PLC disconnected: timed out
2026-02-12 15:03:30,409 [ERROR] Polling thread error: PLC disconnected: timed out
2026-02-12 15:03:33,492 [ERROR] Polling thread error: PLC disconnected: timed out
2026-02-12 15:03:36,579 [ERROR] Polling thread error: PLC disconnected: timed out
2026-02-12 15:03:39,656 [ERROR] Polling thread error: PLC disconnected: timed out
2026-02-12 15:03:42,736 [ERROR] Polling thread error: PLC disconnected: timed out
2026-02-12 15:03:45,813 [ERROR] Polling thread error: PLC disconnected: timed out
2026-02-12 15:03:48,894 [ERROR] Polling thread error: PLC disconnected: timed out
2026-02-12 15:03:51,972 [ERROR] Polling thread error: PLC disconnected: timed out
2026-02-12 15:03:55,063 [ERROR] Polling thread error: PLC disconnected: timed out
2026-02-12 15:03:58,143 [ERROR] Polling thread error: PLC disconnected: timed out
2026-02-12 15:04:01,221 [ERROR] Polling thread error: PLC disconnected: timed out
2026-02-12 15:04:04,298 [ERROR] Polling thread error: PLC disconnected: timed out
2026-02-12 15:04:07,377 [ERROR] Polling thread error: PLC disconnected: timed out
2026-02-12 15:04:10,454 [ERROR] Polling thread error: PLC disconnected: timed out
2026-02-12 15:04:13,533 [ERROR] Polling thread error: PLC disconnected: timed out
2026-02-12 15:04:16,610 [ERROR] Polling thread error: PLC disconnected: timed out
2026-02-12 15:04:19,690 [ERROR] Polling thread error: PLC disconnected: timed out
2026-02-12 15:04:22,769 [ERROR] Polling thread error: PLC disconnected: timed out
2026-02-12 15:04:25,846 [ERROR] Polling thread error: PLC disconnected: timed out
2026-02-12 15:04:28,924 [ERROR] Polling thread error: PLC disconnected: timed out
2026-02-12 15:04:32,002 [ERROR] Polling thread error: PLC disconnected: timed out
2026-02-12 15:04:35,080 [ERROR] Polling thread error: PLC disconnected: timed out
2026-02-12 15:04:38,159 [ERROR] Polling thread error: PLC disconnected: timed out
2026-02-12 15:04:41,236 [ERROR] Polling thread error: PLC disconnected: timed out
2026-02-12 15:04:44,314 [ERROR] Polling thread error: PLC disconnected: timed out
2026-02-12 15:04:47,394 [ERROR] Polling thread error: PLC disconnected: timed out
2026-02-12 15:04:50,470 [ERROR] Polling thread error: PLC disconnected: timed out
2026-02-12 15:04:53,554 [ERROR] Polling thread error: PLC disconnected: timed out
2026-02-12 15:04:56,642 [ERROR] Polling thread error: PLC disconnected: timed out
2026-02-12 15:04:59,721 [ERROR] Polling thread error: PLC disconnected: timed out
2026-02-12 15:05:02,799 [ERROR] Polling thread error: PLC disconnected: timed out
2026-02-12 15:05:05,877 [ERROR] Polling thread error: PLC disconnected: timed out
2026-02-12 15:05:08,954 [ERROR] Polling thread error: PLC disconnected: timed out
2026-02-12 15:05:12,034 [ERROR] Polling thread error: PLC disconnected: timed out
2026-02-12 15:05:15,112 [ERROR] Polling thread error: PLC disconnected: timed out
2026-02-12 15:05:18,189 [ERROR] Polling thread error: PLC disconnected: timed out
2026-02-12 15:05:21,266 [ERROR] Polling thread error: PLC disconnected: timed out
2026-02-12 15:05:24,345 [ERROR] Polling thread error: PLC disconnected: timed out
2026-02-12 15:05:27,422 [ERROR] Polling thread error: PLC disconnected: timed out
2026-02-12 15:05:30,502 [ERROR] Polling thread error: PLC disconnected: timed out
2026-02-12 15:05:33,580 [ERROR] Polling thread error: PLC disconnected: timed out
2026-02-12 15:05:36,659 [ERROR] Polling thread error: PLC disconnected: timed out
2026-02-12 15:05:39,736 [ERROR] Polling thread error: PLC disconnected: timed out
2026-02-12 15:05:42,821 [ERROR] Polling thread error: PLC disconnected: timed out
2026-02-12 15:05:45,910 [ERROR] Polling thread error: PLC disconnected: timed out
2026-02-12 15:05:48,989 [ERROR] Polling thread error: PLC disconnected: timed out
2026-02-12 15:05:52,081 [ERROR] Polling thread error: PLC disconnected: timed out
2026-02-12 15:05:55,159 [ERROR] Polling thread error: PLC disconnected: timed out
2026-02-12 15:05:58,236 [ERROR] Polling thread error: PLC disconnected: timed out
2026-02-12 15:06:01,314 [ERROR] Polling thread error: PLC disconnected: timed out
2026-02-12 15:06:04,394 [ERROR] Polling thread error: PLC disconnected: timed out
2026-02-12 15:06:07,486 [ERROR] Polling thread error: PLC disconnected: timed out
2026-02-12 15:06:10,565 [ERROR] Polling thread error: PLC disconnected: timed out
2026-02-12 15:06:13,642 [ERROR] Polling thread error: PLC disconnected: timed out
2026-02-12 15:06:16,737 [ERROR] Polling thread error: PLC disconnected: timed out
2026-02-12 15:06:19,828 [ERROR] Polling thread error: PLC disconnected: timed out
2026-02-12 15:06:22,907 [ERROR] Polling thread error: PLC disconnected: timed out
2026-02-12 15:06:25,986 [ERROR] Polling thread error: PLC disconnected: timed out
2026-02-12 15:06:29,065 [ERROR] Polling thread error: PLC disconnected: timed out
2026-02-12 15:06:32,142 [ERROR] Polling thread error: PLC disconnected: timed out
2026-02-12 15:06:35,225 [ERROR] Polling thread error: PLC disconnected: timed out
2026-02-12 15:06:38,314 [ERROR] Polling thread error: PLC disconnected: timed out
2026-02-12 15:06:41,394 [ERROR] Polling thread error: PLC disconnected: timed out
2026-02-12 15:06:44,471 [ERROR] Polling thread error: PLC disconnected: timed out
2026-02-12 15:06:47,550 [ERROR] Polling thread error: PLC disconnected: timed out
2026-02-12 15:06:50,641 [ERROR] Polling thread error: PLC disconnected: timed out
2026-02-12 15:06:53,722 [ERROR] Polling thread error: PLC disconnected: timed out
2026-02-12 15:06:56,813 [ERROR] Polling thread error: PLC disconnected: timed out
2026-02-12 15:06:59,892 [ERROR] Polling thread error: PLC disconnected: timed out
2026-02-12 15:07:02,971 [ERROR] Polling thread error: PLC disconnected: timed out
2026-02-12 15:07:06,056 [ERROR] Polling thread error: PLC disconnected: timed out
2026-02-12 15:07:09,143 [ERROR] Polling thread error: PLC disconnected: timed out
2026-02-12 15:07:12,221 [ERROR] Polling thread error: PLC disconnected: timed out
2026-02-12 15:07:15,297 [ERROR] Polling thread error: PLC disconnected: timed out
2026-02-12 15:07:18,377 [ERROR] Polling thread error: PLC disconnected: timed out
2026-02-12 15:07:21,455 [ERROR] Polling thread error: PLC disconnected: timed out
2026-02-12 15:07:24,532 [ERROR] Polling thread error: PLC disconnected: timed out
2026-02-12 15:07:27,611 [ERROR] Polling thread error: PLC disconnected: timed out
2026-02-12 15:07:30,689 [ERROR] Polling thread error: PLC disconnected: timed out
2026-02-12 15:07:33,768 [ERROR] Polling thread error: PLC disconnected: timed out
2026-02-12 15:07:36,845 [ERROR] Polling thread error: PLC disconnected: timed out
2026-02-12 15:07:39,925 [ERROR] Polling thread error: PLC disconnected: timed out
2026-02-12 15:07:43,016 [ERROR] Polling thread error: PLC disconnected: timed out
2026-02-12 15:07:46,098 [ERROR] Polling thread error: PLC disconnected: timed out
2026-02-12 15:07:49,175 [ERROR] Polling thread error: PLC disconnected: timed out
2026-02-12 15:07:52,268 [ERROR] Polling thread error: PLC disconnected: timed out
2026-02-12 15:07:55,347 [ERROR] Polling thread error: PLC disconnected: timed out
2026-02-12 15:07:58,439 [ERROR] Polling thread error: PLC disconnected: timed out
2026-02-12 15:08:01,517 [ERROR] Polling thread error: PLC disconnected: timed out
2026-02-12 15:08:04,595 [ERROR] Polling thread error: PLC disconnected: timed out
2026-02-12 15:08:07,674 [ERROR] Polling thread error: PLC disconnected: timed out
2026-02-12 15:08:10,751 [ERROR] Polling thread error: PLC disconnected: timed out
2026-02-12 15:08:13,829 [ERROR] Polling thread error: PLC disconnected: timed out
2026-02-12 15:08:16,908 [ERROR] Polling thread error: PLC disconnected: timed out
2026-02-12 15:08:19,986 [ERROR] Polling thread error: PLC disconnected: timed out
2026-02-12 15:08:23,067 [ERROR] Polling thread error: PLC disconnected: timed out
2026-02-12 15:08:26,143 [ERROR] Polling thread error: PLC disconnected: timed out
2026-02-12 15:08:29,221 [ERROR] Polling thread error: PLC disconnected: timed out
2026-02-12 15:08:32,301 [ERROR] Polling thread error: PLC disconnected: timed out
2026-02-12 15:08:35,392 [ERROR] Polling thread error: PLC disconnected: timed out
2026-02-12 15:08:38,470 [ERROR] Polling thread error: PLC disconnected: timed out
2026-02-12 15:08:41,548 [ERROR] Polling thread error: PLC disconnected: timed out
2026-02-12 15:08:44,627 [ERROR] Polling thread error: PLC disconnected: timed out
2026-02-12 15:08:47,704 [ERROR] Polling thread error: PLC disconnected: timed out
2026-02-12 15:08:50,783 [ERROR] Polling thread error: PLC disconnected: timed out
2026-02-12 15:08:53,860 [ERROR] Polling thread error: PLC disconnected: timed out
2026-02-12 15:08:56,939 [ERROR] Polling thread error: PLC disconnected: timed out
2026-02-12 15:09:00,017 [ERROR] Polling thread error: PLC disconnected: timed out
2026-02-12 15:09:03,096 [ERROR] Polling thread error: PLC disconnected: timed out
2026-02-12 15:09:06,176 [ERROR] Polling thread error: PLC disconnected: timed out
2026-02-12 15:09:09,268 [ERROR] Polling thread error: PLC disconnected: timed out
2026-02-12 15:09:12,344 [ERROR] Polling thread error: PLC disconnected: timed out
2026-02-12 15:09:15,425 [ERROR] Polling thread error: PLC disconnected: timed out
2026-02-12 15:09:18,505 [ERROR] Polling thread error: PLC disconnected: timed out
2026-02-12 15:09:21,595 [ERROR] Polling thread error: PLC disconnected: timed out
2026-02-12 15:09:24,673 [ERROR] Polling thread error: PLC disconnected: timed out
2026-02-12 15:09:27,752 [ERROR] Polling thread error: PLC disconnected: timed out
2026-02-12 15:09:30,831 [ERROR] Polling thread error: PLC disconnected: timed out
2026-02-12 15:09:33,909 [ERROR] Polling thread error: PLC disconnected: timed out
2026-02-12 15:09:37,001 [ERROR] Polling thread error: PLC disconnected: timed out
2026-02-12 15:09:40,081 [ERROR] Polling thread error: PLC disconnected: timed out
2026-02-12 15:09:43,158 [ERROR] Polling thread error: PLC disconnected: timed out
2026-02-12 15:09:46,236 [ERROR] Polling thread error: PLC disconnected: timed out
2026-02-12 15:09:49,314 [ERROR] Polling thread error: PLC disconnected: timed out
2026-02-12 15:09:52,392 [ERROR] Polling thread error: PLC disconnected: timed out
2026-02-12 15:09:55,470 [ERROR] Polling thread error: PLC disconnected: timed out
2026-02-12 15:09:58,547 [ERROR] Polling thread error: PLC disconnected: timed out
2026-02-12 15:10:01,628 [ERROR] Polling thread error: PLC disconnected: timed out
2026-02-12 15:10:04,706 [ERROR] Polling thread error: PLC disconnected: timed out
2026-02-12 15:10:07,797 [ERROR] Polling thread error: PLC disconnected: timed out
2026-02-12 15:10:10,877 [ERROR] Polling thread error: PLC disconnected: timed out
2026-02-12 15:10:13,955 [ERROR] Polling thread error: PLC disconnected: timed out
2026-02-12 15:10:17,034 [ERROR] Polling thread error: PLC disconnected: timed out
2026-02-12 15:10:20,111 [ERROR] Polling thread error: PLC disconnected: timed out
2026-02-12 15:10:23,190 [ERROR] Polling thread error: PLC disconnected: timed out
2026-02-12 15:10:26,267 [ERROR] Polling thread error: PLC disconnected: timed out
2026-02-12 15:10:29,346 [ERROR] Polling thread error: PLC disconnected: timed out
2026-02-12 15:10:32,425 [ERROR] Polling thread error: PLC disconnected: timed out
2026-02-12 15:10:35,517 [ERROR] Polling thread error: PLC disconnected: timed out
2026-02-12 15:10:38,595 [ERROR] Polling thread error: PLC disconnected: timed out
2026-02-12 15:10:41,675 [ERROR] Polling thread error: PLC disconnected: timed out
2026-02-12 15:10:44,768 [ERROR] Polling thread error: PLC disconnected: timed out
2026-02-12 15:10:47,845 [ERROR] Polling thread error: PLC disconnected: timed out
2026-02-12 15:10:50,923 [ERROR] Polling thread error: PLC disconnected: timed out
2026-02-12 15:10:54,001 [ERROR] Polling thread error: PLC disconnected: timed out
2026-02-12 15:10:57,079 [ERROR] Polling thread error: PLC disconnected: timed out
2026-02-12 15:11:00,157 [ERROR] Polling thread error: PLC disconnected: timed out
2026-02-12 15:11:03,237 [ERROR] Polling thread error: PLC disconnected: timed out
2026-02-12 15:11:06,314 [ERROR] Polling thread error: PLC disconnected: timed out
2026-02-12 15:11:09,393 [ERROR] Polling thread error: PLC disconnected: timed out
2026-02-12 15:11:12,471 [ERROR] Polling thread error: PLC disconnected: timed out
2026-02-12 15:11:15,549 [ERROR] Polling thread error: PLC disconnected: timed out
2026-02-12 15:11:18,627 [ERROR] Polling thread error: PLC disconnected: timed out
2026-02-12 15:11:21,708 [ERROR] Polling thread error: PLC disconnected: timed out
2026-02-12 15:11:24,789 [ERROR] Polling thread error: PLC disconnected: timed out
2026-02-12 15:11:27,880 [ERROR] Polling thread error: PLC disconnected: timed out
2026-02-12 15:11:30,962 [ERROR] Polling thread error: PLC disconnected: timed out
2026-02-12 15:11:34,045 [ERROR] Polling thread error: PLC disconnected: timed out
2026-02-12 15:11:37,135 [ERROR] Polling thread error: PLC disconnected: timed out
2026-02-12 15:15:57,700 [ERROR] Polling thread error: PLC disconnected: timed out
2026-02-12 15:16:00,788 [ERROR] Polling thread error: PLC disconnected: timed out
2026-02-12 15:16:03,872 [ERROR] Polling thread error: PLC disconnected: timed out
2026-02-12 15:16:06,964 [ERROR] Polling thread error: PLC disconnected: timed out
2026-02-12 15:16:10,044 [ERROR] Polling thread error: PLC disconnected: timed out
2026-02-12 15:16:13,136 [ERROR] Polling thread error: PLC disconnected: timed out
2026-02-12 15:16:16,223 [ERROR] Polling thread error: PLC disconnected: timed out
2026-02-12 15:16:19,309 [ERROR] Polling thread error: PLC disconnected: timed out
2026-02-12 15:16:22,396 [ERROR] Polling thread error: PLC disconnected: timed out
2026-02-12 15:16:25,482 [ERROR] Polling thread error: PLC disconnected: timed out
2026-02-12 15:16:28,566 [ERROR] Polling thread error: PLC disconnected: timed out
2026-02-12 15:16:31,651 [ERROR] Polling thread error: PLC disconnected: timed out
2026-02-12 15:16:34,738 [ERROR] Polling thread error: PLC disconnected: timed out
2026-02-12 15:16:37,827 [ERROR] Polling thread error: PLC disconnected: timed out
2026-02-12 15:16:40,912 [ERROR] Polling thread error: PLC disconnected: timed out
2026-02-12 15:16:43,996 [ERROR] Polling thread error: PLC disconnected: timed out
2026-02-12 15:16:47,074 [ERROR] Polling thread error: PLC disconnected: timed out
2026-02-12 15:16:50,167 [ERROR] Polling thread error: PLC disconnected: timed out
2026-02-12 15:16:53,245 [ERROR] Polling thread error: PLC disconnected: timed out
2026-02-12 15:16:56,327 [ERROR] Polling thread error: PLC disconnected: timed out
2026-02-12 15:16:59,414 [ERROR] Polling thread error: PLC disconnected: timed out
2026-02-12 15:17:02,493 [ERROR] Polling thread error: PLC disconnected: timed out
2026-02-12 15:17:05,577 [ERROR] Polling thread error: PLC disconnected: timed out
2026-02-12 15:17:08,667 [ERROR] Polling thread error: PLC disconnected: timed out
2026-02-12 15:17:11,751 [ERROR] Polling thread error: PLC disconnected: timed out
2026-02-12 15:17:14,843 [ERROR] Polling thread error: PLC disconnected: timed out
2026-02-12 15:17:17,932 [ERROR] Polling thread error: PLC disconnected: timed out
2026-02-12 15:17:21,016 [ERROR] Polling thread error: PLC disconnected: timed out
2026-02-12 15:17:24,094 [ERROR] Polling thread error: PLC disconnected: timed out
2026-02-12 15:17:27,173 [ERROR] Polling thread error: PLC disconnected: timed out
2026-02-12 15:17:30,251 [ERROR] Polling thread error: PLC disconnected: timed out
2026-02-12 15:17:33,341 [ERROR] Polling thread error: PLC disconnected: timed out
2026-02-12 15:17:36,424 [ERROR] Polling thread error: PLC disconnected: timed out
2026-02-12 15:17:39,501 [ERROR] Polling thread error: PLC disconnected: timed out
2026-02-12 15:17:42,580 [ERROR] Polling thread error: PLC disconnected: timed out
2026-02-12 15:17:45,658 [ERROR] Polling thread error: PLC disconnected: timed out
2026-02-12 15:17:48,745 [ERROR] Polling thread error: PLC disconnected: timed out
2026-02-12 15:17:51,831 [ERROR] Polling thread error: PLC disconnected: timed out
2026-02-12 15:17:54,920 [ERROR] Polling thread error: PLC disconnected: timed out
2026-02-12 15:17:58,001 [ERROR] Polling thread error: PLC disconnected: timed out
2026-02-12 15:18:01,085 [ERROR] Polling thread error: PLC disconnected: timed out
2026-02-12 15:18:04,170 [ERROR] Polling thread error: PLC disconnected: timed out
2026-02-12 15:18:07,256 [ERROR] Polling thread error: PLC disconnected: timed out
2026-02-12 15:18:10,338 [ERROR] Polling thread error: PLC disconnected: timed out
2026-02-12 15:18:13,430 [ERROR] Polling thread error: PLC disconnected: timed out
2026-02-12 15:18:16,517 [ERROR] Polling thread error: PLC disconnected: timed out
2026-02-12 15:18:19,605 [ERROR] Polling thread error: PLC disconnected: timed out
2026-02-12 15:18:22,686 [ERROR] Polling thread error: PLC disconnected: timed out
2026-02-12 15:18:25,775 [ERROR] Polling thread error: PLC disconnected: timed out
2026-02-12 15:18:28,860 [ERROR] Polling thread error: PLC disconnected: timed out
2026-02-12 15:18:31,944 [ERROR] Polling thread error: PLC disconnected: timed out
2026-02-12 15:18:35,023 [ERROR] Polling thread error: PLC disconnected: timed out
2026-02-12 15:18:38,104 [ERROR] Polling thread error: PLC disconnected: timed out
2026-02-12 15:18:41,194 [ERROR] Polling thread error: PLC disconnected: timed out
2026-02-12 15:18:44,276 [ERROR] Polling thread error: PLC disconnected: timed out
2026-02-12 15:18:47,360 [ERROR] Polling thread error: PLC disconnected: timed out
2026-02-12 15:18:50,449 [ERROR] Polling thread error: PLC disconnected: timed out
2026-02-12 15:18:53,530 [ERROR] Polling thread error: PLC disconnected: timed out
2026-02-12 15:18:56,621 [ERROR] Polling thread error: PLC disconnected: timed out
2026-02-12 15:18:59,709 [ERROR] Polling thread error: PLC disconnected: timed out
2026-02-12 15:19:02,790 [ERROR] Polling thread error: PLC disconnected: timed out
2026-02-12 15:19:05,871 [ERROR] Polling thread error: PLC disconnected: timed out
2026-02-12 15:19:08,949 [ERROR] Polling thread error: PLC disconnected: timed out
2026-02-12 15:19:12,032 [ERROR] Polling thread error: PLC disconnected: timed out
2026-02-12 15:19:15,115 [ERROR] Polling thread error: PLC disconnected: timed out
2026-02-12 15:19:18,201 [ERROR] Polling thread error: PLC disconnected: timed out
2026-02-12 15:19:21,288 [ERROR] Polling thread error: PLC disconnected: timed out
2026-02-12 15:19:24,367 [ERROR] Polling thread error: PLC disconnected: timed out
2026-02-12 15:19:27,454 [ERROR] Polling thread error: PLC disconnected: timed out
2026-02-12 15:19:30,540 [ERROR] Polling thread error: PLC disconnected: timed out
2026-02-12 15:19:33,622 [ERROR] Polling thread error: PLC disconnected: timed out
2026-02-12 15:19:36,701 [ERROR] Polling thread error: PLC disconnected: timed out
2026-02-12 15:19:39,783 [ERROR] Polling thread error: PLC disconnected: timed out
2026-02-12 15:19:42,867 [ERROR] Polling thread error: PLC disconnected: timed out
2026-02-12 15:19:45,946 [ERROR] Polling thread error: PLC disconnected: timed out
2026-02-12 15:19:49,030 [ERROR] Polling thread error: PLC disconnected: timed out
2026-02-12 15:19:52,119 [ERROR] Polling thread error: PLC disconnected: timed out
2026-02-12 15:19:55,206 [ERROR] Polling thread error: PLC disconnected: timed out
2026-02-12 15:19:58,292 [ERROR] Polling thread error: PLC disconnected: timed out
2026-02-12 15:20:01,372 [ERROR] Polling thread error: PLC disconnected: timed out
2026-02-12 15:20:04,451 [ERROR] Polling thread error: PLC disconnected: timed out
2026-02-12 15:20:07,530 [ERROR] Polling thread error: PLC disconnected: timed out
2026-02-12 15:20:10,615 [ERROR] Polling thread error: PLC disconnected: timed out
2026-02-12 15:20:13,697 [ERROR] Polling thread error: PLC disconnected: timed out
2026-02-12 15:20:16,786 [ERROR] Polling thread error: PLC disconnected: timed out
2026-02-12 15:20:19,867 [ERROR] Polling thread error: PLC disconnected: timed out
2026-02-12 15:20:22,951 [ERROR] Polling thread error: PLC disconnected: timed out
2026-02-12 15:20:26,042 [ERROR] Polling thread error: PLC disconnected: timed out
2026-02-12 15:20:29,125 [ERROR] Polling thread error: PLC disconnected: timed out
2026-02-12 15:20:32,211 [ERROR] Polling thread error: PLC disconnected: timed out
2026-02-12 15:20:35,296 [ERROR] Polling thread error: PLC disconnected: timed out
2026-02-12 15:20:38,383 [ERROR] Polling thread error: PLC disconnected: timed out
2026-02-12 15:20:41,471 [ERROR] Polling thread error: PLC disconnected: timed out
2026-02-12 15:20:44,552 [ERROR] Polling thread error: PLC disconnected: timed out
2026-02-12 15:20:47,631 [ERROR] Polling thread error: PLC disconnected: timed out
2026-02-12 15:20:50,708 [ERROR] Polling thread error: PLC disconnected: timed out
2026-02-12 15:20:53,795 [ERROR] Polling thread error: PLC disconnected: timed out
2026-02-12 15:20:56,874 [ERROR] Polling thread error: PLC disconnected: timed out
2026-02-12 15:20:59,958 [ERROR] Polling thread error: PLC disconnected: timed out
2026-02-12 15:21:03,040 [ERROR] Polling thread error: PLC disconnected: timed out
2026-02-12 15:21:06,133 [ERROR] Polling thread error: PLC disconnected: timed out
2026-02-12 15:21:09,223 [ERROR] Polling thread error: PLC disconnected: timed out
2026-02-12 15:21:12,300 [ERROR] Polling thread error: PLC disconnected: timed out
2026-02-12 15:21:15,377 [ERROR] Polling thread error: PLC disconnected: timed out
2026-02-12 15:21:18,468 [ERROR] Polling thread error: PLC disconnected: timed out
2026-02-12 15:21:21,558 [ERROR] Polling thread error: PLC disconnected: timed out
2026-02-12 15:21:24,641 [ERROR] Polling thread error: PLC disconnected: timed out
2026-02-12 15:21:27,724 [ERROR] Polling thread error: PLC disconnected: timed out
2026-02-12 15:21:30,810 [ERROR] Polling thread error: PLC disconnected: timed out
2026-02-12 15:21:33,890 [ERROR] Polling thread error: PLC disconnected: timed out
2026-02-12 15:21:36,980 [ERROR] Polling thread error: PLC disconnected: timed out
2026-02-12 15:21:40,064 [ERROR] Polling thread error: PLC disconnected: timed out
2026-02-12 15:21:43,151 [ERROR] Polling thread error: PLC disconnected: timed out
2026-02-12 15:21:46,239 [ERROR] Polling thread error: PLC disconnected: timed out
2026-02-12 15:21:49,330 [ERROR] Polling thread error: PLC disconnected: timed out
2026-02-12 15:21:52,417 [ERROR] Polling thread error: PLC disconnected: timed out
2026-02-12 15:21:55,502 [ERROR] Polling thread error: PLC disconnected: timed out
2026-02-12 15:21:58,582 [ERROR] Polling thread error: PLC disconnected: timed out
2026-02-12 15:22:01,670 [ERROR] Polling thread error: PLC disconnected: timed out
2026-02-12 15:22:04,748 [ERROR] Polling thread error: PLC disconnected: timed out
2026-02-12 15:22:07,839 [ERROR] Polling thread error: PLC disconnected: timed out
2026-02-12 15:22:10,929 [ERROR] Polling thread error: PLC disconnected: timed out
2026-02-12 15:22:14,013 [ERROR] Polling thread error: PLC disconnected: timed out
2026-02-12 15:22:17,090 [ERROR] Polling thread error: PLC disconnected: timed out
2026-02-12 15:22:20,174 [ERROR] Polling thread error: PLC disconnected: timed out
2026-02-12 15:22:23,255 [ERROR] Polling thread error: PLC disconnected: timed out
2026-02-12 15:22:26,344 [ERROR] Polling thread error: PLC disconnected: timed out
2026-02-12 15:22:29,433 [ERROR] Polling thread error: PLC disconnected: timed out
2026-02-12 15:22:32,516 [ERROR] Polling thread error: PLC disconnected: timed out
2026-02-12 15:22:35,605 [ERROR] Polling thread error: PLC disconnected: timed out
2026-02-12 15:22:38,694 [ERROR] Polling thread error: PLC disconnected: timed out
2026-02-12 15:22:41,774 [ERROR] Polling thread error: PLC disconnected: timed out
2026-02-12 15:22:44,852 [ERROR] Polling thread error: PLC disconnected: timed out
2026-02-12 15:22:47,936 [ERROR] Polling thread error: PLC disconnected: timed out
2026-02-12 15:22:51,027 [ERROR] Polling thread error: PLC disconnected: timed out
2026-02-12 15:22:54,118 [ERROR] Polling thread error: PLC disconnected: timed out
2026-02-12 15:22:57,210 [ERROR] Polling thread error: PLC disconnected: timed out
2026-02-12 15:23:00,292 [ERROR] Polling thread error: PLC disconnected: timed out
2026-02-12 15:23:03,377 [ERROR] Polling thread error: PLC disconnected: timed out
2026-02-12 15:23:06,467 [ERROR] Polling thread error: PLC disconnected: timed out
2026-02-12 15:23:09,547 [ERROR] Polling thread error: PLC disconnected: timed out
2026-02-12 15:23:12,630 [ERROR] Polling thread error: PLC disconnected: timed out
2026-02-12 15:23:15,711 [ERROR] Polling thread error: PLC disconnected: timed out
2026-02-12 15:23:18,793 [ERROR] Polling thread error: PLC disconnected: timed out
2026-02-12 15:23:21,881 [ERROR] Polling thread error: PLC disconnected: timed out
2026-02-12 15:23:24,962 [ERROR] Polling thread error: PLC disconnected: timed out
2026-02-12 15:23:28,047 [ERROR] Polling thread error: PLC disconnected: timed out
2026-02-12 15:23:31,136 [ERROR] Polling thread error: PLC disconnected: timed out
2026-02-12 15:23:34,227 [ERROR] Polling thread error: PLC disconnected: timed out
2026-02-12 15:23:37,306 [ERROR] Polling thread error: PLC disconnected: timed out
2026-02-12 15:23:40,386 [ERROR] Polling thread error: PLC disconnected: timed out
2026-02-12 15:23:43,471 [ERROR] Polling thread error: PLC disconnected: timed out
2026-02-12 15:23:46,562 [ERROR] Polling thread error: PLC disconnected: timed out
2026-02-12 15:23:49,651 [ERROR] Polling thread error: PLC disconnected: timed out
2026-02-12 15:23:52,730 [ERROR] Polling thread error: PLC disconnected: timed out
2026-02-12 15:23:55,819 [ERROR] Polling thread error: PLC disconnected: timed out
2026-02-12 15:23:58,901 [ERROR] Polling thread error: PLC disconnected: timed out
2026-02-12 15:24:01,990 [ERROR] Polling thread error: PLC disconnected: timed out
2026-02-12 15:24:05,077 [ERROR] Polling thread error: PLC disconnected: timed out
2026-02-12 15:24:08,169 [ERROR] Polling thread error: PLC disconnected: timed out
2026-02-12 15:24:11,255 [ERROR] Polling thread error: PLC disconnected: timed out
2026-02-12 15:24:14,335 [ERROR] Polling thread error: PLC disconnected: timed out
2026-02-12 15:24:17,421 [ERROR] Polling thread error: PLC disconnected: timed out
2026-02-12 15:24:20,504 [ERROR] Polling thread error: PLC disconnected: timed out
2026-02-12 15:24:23,594 [ERROR] Polling thread error: PLC disconnected: timed out
2026-02-12 15:24:26,671 [ERROR] Polling thread error: PLC disconnected: timed out
2026-02-12 15:24:29,748 [ERROR] Polling thread error: PLC disconnected: timed out
2026-02-12 15:24:32,832 [ERROR] Polling thread error: PLC disconnected: timed out
2026-02-12 15:24:35,915 [ERROR] Polling thread error: PLC disconnected: timed out
2026-02-12 15:24:38,994 [ERROR] Polling thread error: PLC disconnected: timed out
2026-02-12 15:24:42,078 [ERROR] Polling thread error: PLC disconnected: timed out
2026-02-12 15:24:45,162 [ERROR] Polling thread error: PLC disconnected: timed out
2026-02-12 15:24:48,239 [ERROR] Polling thread error: PLC disconnected: timed out
2026-02-12 15:24:51,317 [ERROR] Polling thread error: PLC disconnected: timed out
2026-02-12 15:24:54,407 [ERROR] Polling thread error: PLC disconnected: timed out
2026-02-12 15:24:57,485 [ERROR] Polling thread error: PLC disconnected: timed out
2026-02-12 15:25:00,571 [ERROR] Polling thread error: PLC disconnected: timed out
2026-02-12 15:25:03,664 [ERROR] Polling thread error: PLC disconnected: timed out
2026-02-12 15:25:06,745 [ERROR] Polling thread error: PLC disconnected: timed out
2026-02-12 15:25:09,832 [ERROR] Polling thread error: PLC disconnected: timed out
2026-02-12 15:25:12,911 [ERROR] Polling thread error: PLC disconnected: timed out
2026-02-12 15:25:15,993 [ERROR] Polling thread error: PLC disconnected: timed out
2026-02-12 15:25:19,071 [ERROR] Polling thread error: PLC disconnected: timed out
2026-02-12 15:25:22,151 [ERROR] Polling thread error: PLC disconnected: timed out
2026-02-12 15:25:25,236 [ERROR] Polling thread error: PLC disconnected: timed out
2026-02-12 15:25:28,317 [ERROR] Polling thread error: PLC disconnected: timed out
2026-02-12 15:25:31,396 [ERROR] Polling thread error: PLC disconnected: timed out
2026-02-12 15:25:34,478 [ERROR] Polling thread error: PLC disconnected: timed out
2026-02-12 15:25:37,558 [ERROR] Polling thread error: PLC disconnected: timed out
2026-02-12 15:25:40,637 [ERROR] Polling thread error: PLC disconnected: timed out
2026-02-12 15:25:43,722 [ERROR] Polling thread error: PLC disconnected: timed out
2026-02-12 15:25:46,806 [ERROR] Polling thread error: PLC disconnected: timed out
2026-02-12 15:25:49,893 [ERROR] Polling thread error: PLC disconnected: timed out
2026-02-12 15:25:52,981 [ERROR] Polling thread error: PLC disconnected: timed out
2026-02-12 15:25:56,059 [ERROR] Polling thread error: PLC disconnected: timed out
2026-02-12 15:25:59,144 [ERROR] Polling thread error: PLC disconnected: timed out
2026-02-12 15:26:02,227 [ERROR] Polling thread error: PLC disconnected: timed out
2026-02-12 15:26:05,307 [ERROR] Polling thread error: PLC disconnected: timed out
2026-02-12 15:26:08,394 [ERROR] Polling thread error: PLC disconnected: timed out
2026-02-12 15:26:11,477 [ERROR] Polling thread error: PLC disconnected: timed out
2026-02-12 15:26:14,556 [ERROR] Polling thread error: PLC disconnected: timed out
2026-02-12 15:26:17,645 [ERROR] Polling thread error: PLC disconnected: timed out
2026-02-12 15:26:20,737 [ERROR] Polling thread error: PLC disconnected: timed out
2026-02-12 15:26:23,813 [ERROR] Polling thread error: PLC disconnected: timed out
2026-02-12 15:26:26,901 [ERROR] Polling thread error: PLC disconnected: timed out
2026-02-12 15:26:29,981 [ERROR] Polling thread error: PLC disconnected: timed out
2026-02-12 15:26:33,067 [ERROR] Polling thread error: PLC disconnected: timed out
2026-02-12 15:26:36,154 [ERROR] Polling thread error: PLC disconnected: timed out
2026-02-12 15:26:39,238 [ERROR] Polling thread error: PLC disconnected: timed out
2026-02-12 15:26:42,324 [ERROR] Polling thread error: PLC disconnected: timed out
2026-02-12 15:26:45,416 [ERROR] Polling thread error: PLC disconnected: timed out
2026-02-12 15:26:48,507 [ERROR] Polling thread error: PLC disconnected: timed out
2026-02-12 15:26:51,589 [ERROR] Polling thread error: PLC disconnected: timed out
2026-02-12 15:26:54,669 [ERROR] Polling thread error: PLC disconnected: timed out
2026-02-12 15:26:57,749 [ERROR] Polling thread error: PLC disconnected: timed out
2026-02-12 15:27:00,832 [ERROR] Polling thread error: PLC disconnected: timed out
2026-02-12 15:27:03,921 [ERROR] Polling thread error: PLC disconnected: timed out
2026-02-12 15:27:07,001 [ERROR] Polling thread error: PLC disconnected: timed out
2026-02-12 15:27:10,080 [ERROR] Polling thread error: PLC disconnected: timed out
2026-02-12 15:27:13,161 [ERROR] Polling thread error: PLC disconnected: timed out
2026-02-12 15:27:16,242 [ERROR] Polling thread error: PLC disconnected: timed out
2026-02-12 15:27:19,333 [ERROR] Polling thread error: PLC disconnected: timed out
2026-02-12 15:27:22,416 [ERROR] Polling thread error: PLC disconnected: timed out
2026-02-12 15:27:25,500 [ERROR] Polling thread error: PLC disconnected: timed out
2026-02-12 15:27:28,578 [ERROR] Polling thread error: PLC disconnected: timed out
2026-02-12 15:27:31,662 [ERROR] Polling thread error: PLC disconnected: timed out
2026-02-12 15:27:34,745 [ERROR] Polling thread error: PLC disconnected: timed out
2026-02-12 15:27:37,830 [ERROR] Polling thread error: PLC disconnected: timed out
2026-02-12 15:27:40,912 [ERROR] Polling thread error: PLC disconnected: timed out
2026-02-12 15:27:44,001 [ERROR] Polling thread error: PLC disconnected: timed out
2026-02-12 15:27:47,090 [ERROR] Polling thread error: PLC disconnected: timed out
2026-02-12 15:27:50,180 [ERROR] Polling thread error: PLC disconnected: timed out
2026-02-12 15:27:53,261 [ERROR] Polling thread error: PLC disconnected: timed out
2026-02-12 15:27:56,344 [ERROR] Polling thread error: PLC disconnected: timed out
2026-02-12 15:27:59,421 [ERROR] Polling thread error: PLC disconnected: timed out
2026-02-12 15:28:02,511 [ERROR] Polling thread error: PLC disconnected: timed out
2026-02-12 15:28:05,593 [ERROR] Polling thread error: PLC disconnected: timed out
2026-02-12 15:28:08,672 [ERROR] Polling thread error: PLC disconnected: timed out
2026-02-12 15:28:11,751 [ERROR] Polling thread error: PLC disconnected: timed out
2026-02-12 15:28:14,830 [ERROR] Polling thread error: PLC disconnected: timed out
2026-02-12 15:28:17,914 [ERROR] Polling thread error: PLC disconnected: timed out
2026-02-12 15:28:21,002 [ERROR] Polling thread error: PLC disconnected: timed out
2026-02-12 15:28:24,089 [ERROR] Polling thread error: PLC disconnected: timed out
2026-02-12 15:28:27,171 [ERROR] Polling thread error: PLC disconnected: timed out
2026-02-12 15:28:30,257 [ERROR] Polling thread error: PLC disconnected: timed out
2026-02-12 15:28:33,335 [ERROR] Polling thread error: PLC disconnected: timed out
2026-02-12 15:28:36,418 [ERROR] Polling thread error: PLC disconnected: timed out
2026-02-12 15:28:39,495 [ERROR] Polling thread error: PLC disconnected: timed out
2026-02-12 15:28:42,575 [ERROR] Polling thread error: PLC disconnected: timed out
2026-02-12 15:28:45,671 [ERROR] Polling thread error: PLC disconnected: timed out
2026-02-12 15:28:48,753 [ERROR] Polling thread error: PLC disconnected: timed out
2026-02-12 15:28:51,830 [ERROR] Polling thread error: PLC disconnected: timed out
2026-02-12 15:28:54,915 [ERROR] Polling thread error: PLC disconnected: timed out
2026-02-12 15:28:58,006 [ERROR] Polling thread error: PLC disconnected: timed out
2026-02-12 15:29:01,094 [ERROR] Polling thread error: PLC disconnected: timed out
2026-02-12 15:29:04,184 [ERROR] Polling thread error: PLC disconnected: timed out
2026-02-12 15:29:07,265 [ERROR] Polling thread error: PLC disconnected: timed out
2026-02-12 15:29:10,353 [ERROR] Polling thread error: PLC disconnected: timed out
2026-02-12 15:29:13,443 [ERROR] Polling thread error: PLC disconnected: timed out
2026-02-12 15:29:16,536 [ERROR] Polling thread error: PLC disconnected: timed out
2026-02-12 15:29:19,624 [ERROR] Polling thread error: PLC disconnected: timed out
2026-02-12 15:29:22,703 [ERROR] Polling thread error: PLC disconnected: timed out
2026-02-12 15:29:25,785 [ERROR] Polling thread error: PLC disconnected: timed out
2026-02-12 15:29:28,866 [ERROR] Polling thread error: PLC disconnected: timed out
2026-02-12 15:29:31,945 [ERROR] Polling thread error: PLC disconnected: timed out
2026-02-12 15:29:35,025 [ERROR] Polling thread error: PLC disconnected: timed out
2026-02-12 15:29:38,115 [ERROR] Polling thread error: PLC disconnected: timed out
2026-02-12 15:29:41,204 [ERROR] Polling thread error: PLC disconnected: timed out
2026-02-12 15:29:44,294 [ERROR] Polling thread error: PLC disconnected: timed out
2026-02-12 15:29:47,373 [ERROR] Polling thread error: PLC disconnected: timed out
2026-02-12 15:29:50,464 [ERROR] Polling thread error: PLC disconnected: timed out
2026-02-12 15:29:53,545 [ERROR] Polling thread error: PLC disconnected: timed out
2026-02-12 15:29:56,629 [ERROR] Polling thread error: PLC disconnected: timed out
2026-02-12 15:29:59,715 [ERROR] Polling thread error: PLC disconnected: timed out
2026-02-12 15:30:02,799 [ERROR] Polling thread error: PLC disconnected: timed out
2026-02-12 15:30:05,877 [ERROR] Polling thread error: PLC disconnected: timed out
2026-02-12 15:30:08,963 [ERROR] Polling thread error: PLC disconnected: timed out
2026-02-12 15:30:12,046 [ERROR] Polling thread error: PLC disconnected: timed out
2026-02-12 15:30:15,136 [ERROR] Polling thread error: PLC disconnected: timed out
2026-02-12 15:30:18,221 [ERROR] Polling thread error: PLC disconnected: timed out
2026-02-12 15:30:21,305 [ERROR] Polling thread error: PLC disconnected: timed out
2026-02-12 15:30:24,394 [ERROR] Polling thread error: PLC disconnected: timed out
2026-02-12 15:30:27,476 [ERROR] Polling thread error: PLC disconnected: timed out
2026-02-12 15:30:30,557 [ERROR] Polling thread error: PLC disconnected: timed out
2026-02-12 15:30:33,639 [ERROR] Polling thread error: PLC disconnected: timed out
2026-02-12 15:30:36,723 [ERROR] Polling thread error: PLC disconnected: timed out
2026-02-12 15:30:39,814 [ERROR] Polling thread error: PLC disconnected: timed out
2026-02-12 15:30:42,902 [ERROR] Polling thread error: PLC disconnected: timed out
2026-02-12 15:30:45,989 [ERROR] Polling thread error: PLC disconnected: timed out
2026-02-12 15:30:49,072 [ERROR] Polling thread error: PLC disconnected: timed out
2026-02-12 15:30:52,159 [ERROR] Polling thread error: PLC disconnected: timed out
2026-02-12 15:30:55,240 [ERROR] Polling thread error: PLC disconnected: timed out
2026-02-12 15:30:58,325 [ERROR] Polling thread error: PLC disconnected: timed out
2026-02-12 15:31:01,408 [ERROR] Polling thread error: PLC disconnected: timed out
2026-02-12 15:31:04,499 [ERROR] Polling thread error: PLC disconnected: timed out
2026-02-12 15:31:07,590 [ERROR] Polling thread error: PLC disconnected: timed out
2026-02-12 15:31:10,672 [ERROR] Polling thread error: PLC disconnected: timed out
2026-02-12 15:31:13,765 [ERROR] Polling thread error: PLC disconnected: timed out
2026-02-12 15:31:16,851 [ERROR] Polling thread error: PLC disconnected: timed out
2026-02-12 15:31:19,936 [ERROR] Polling thread error: PLC disconnected: timed out
2026-02-12 15:31:23,028 [ERROR] Polling thread error: PLC disconnected: timed out
2026-02-12 15:31:26,116 [ERROR] Polling thread error: PLC disconnected: timed out
2026-02-12 15:31:29,208 [ERROR] Polling thread error: PLC disconnected: timed out
2026-02-12 15:31:32,291 [ERROR] Polling thread error: PLC disconnected: timed out
2026-02-12 15:31:35,380 [ERROR] Polling thread error: PLC disconnected: timed out
2026-02-12 15:31:38,464 [ERROR] Polling thread error: PLC disconnected: timed out
2026-02-12 15:31:41,548 [ERROR] Polling thread error: PLC disconnected: timed out
2026-02-12 15:31:44,632 [ERROR] Polling thread error: PLC disconnected: timed out
2026-02-12 15:31:47,719 [ERROR] Polling thread error: PLC disconnected: timed out
2026-02-12 15:31:50,809 [ERROR] Polling thread error: PLC disconnected: timed out
2026-02-12 15:31:53,890 [ERROR] Polling thread error: PLC disconnected: timed out
2026-02-12 15:31:56,976 [ERROR] Polling thread error: PLC disconnected: timed out
2026-02-12 15:32:00,054 [ERROR] Polling thread error: PLC disconnected: timed out
2026-02-12 15:32:03,146 [ERROR] Polling thread error: PLC disconnected: timed out
2026-02-12 15:32:06,224 [ERROR] Polling thread error: PLC disconnected: timed out
2026-02-12 15:32:09,301 [ERROR] Polling thread error: PLC disconnected: timed out
2026-02-12 15:32:12,390 [ERROR] Polling thread error: PLC disconnected: timed out
2026-02-12 15:32:15,471 [ERROR] Polling thread error: PLC disconnected: timed out
2026-02-12 15:32:18,549 [ERROR] Polling thread error: PLC disconnected: timed out
2026-02-12 15:32:21,634 [ERROR] Polling thread error: PLC disconnected: timed out
2026-02-12 15:32:24,723 [ERROR] Polling thread error: PLC disconnected: timed out
2026-02-12 15:32:27,805 [ERROR] Polling thread error: PLC disconnected: timed out
2026-02-12 15:32:30,882 [ERROR] Polling thread error: PLC disconnected: timed out
2026-02-12 15:32:33,971 [ERROR] Polling thread error: PLC disconnected: timed out
2026-02-12 15:32:37,051 [ERROR] Polling thread error: PLC disconnected: timed out
2026-02-12 15:32:40,137 [ERROR] Polling thread error: PLC disconnected: timed out
2026-02-12 15:32:43,215 [ERROR] Polling thread error: PLC disconnected: timed out
2026-02-12 15:32:46,299 [ERROR] Polling thread error: PLC disconnected: timed out
2026-02-12 15:32:49,388 [ERROR] Polling thread error: PLC disconnected: timed out
2026-02-12 15:32:52,470 [ERROR] Polling thread error: PLC disconnected: timed out
2026-02-12 15:32:55,554 [ERROR] Polling thread error: PLC disconnected: timed out
2026-02-12 15:32:58,646 [ERROR] Polling thread error: PLC disconnected: timed out
2026-02-12 15:33:01,738 [ERROR] Polling thread error: PLC disconnected: timed out
2026-02-12 15:33:04,823 [ERROR] Polling thread error: PLC disconnected: timed out
2026-02-12 15:33:07,907 [ERROR] Polling thread error: PLC disconnected: timed out
2026-02-12 15:33:10,990 [ERROR] Polling thread error: PLC disconnected: timed out
2026-02-12 15:33:14,072 [ERROR] Polling thread error: PLC disconnected: timed out
2026-02-12 15:33:17,156 [ERROR] Polling thread error: PLC disconnected: timed out
2026-02-12 15:33:20,244 [ERROR] Polling thread error: PLC disconnected: timed out
2026-02-12 15:33:23,333 [ERROR] Polling thread error: PLC disconnected: timed out
2026-02-12 15:33:26,419 [ERROR] Polling thread error: PLC disconnected: timed out
2026-02-12 15:33:29,505 [ERROR] Polling thread error: PLC disconnected: timed out
2026-02-12 15:33:32,583 [ERROR] Polling thread error: PLC disconnected: timed out
2026-02-12 15:33:35,672 [ERROR] Polling thread error: PLC disconnected: timed out
2026-02-12 15:33:38,757 [ERROR] Polling thread error: PLC disconnected: timed out
2026-02-12 15:33:41,836 [ERROR] Polling thread error: PLC disconnected: timed out
2026-02-12 15:33:44,917 [ERROR] Polling thread error: PLC disconnected: timed out
2026-02-12 15:33:47,996 [ERROR] Polling thread error: PLC disconnected: timed out
2026-02-12 15:33:51,081 [ERROR] Polling thread error: PLC disconnected: timed out
2026-02-12 15:33:54,164 [ERROR] Polling thread error: PLC disconnected: timed out
2026-02-12 15:33:57,255 [ERROR] Polling thread error: PLC disconnected: timed out
2026-02-12 15:34:00,332 [ERROR] Polling thread error: PLC disconnected: timed out
2026-02-12 15:34:03,417 [ERROR] Polling thread error: PLC disconnected: timed out
2026-02-12 15:34:06,499 [ERROR] Polling thread error: PLC disconnected: timed out
2026-02-12 15:34:09,578 [ERROR] Polling thread error: PLC disconnected: timed out
2026-02-12 15:34:12,658 [ERROR] Polling thread error: PLC disconnected: timed out
2026-02-12 15:34:15,747 [ERROR] Polling thread error: PLC disconnected: timed out
2026-02-12 15:34:18,836 [ERROR] Polling thread error: PLC disconnected: timed out
2026-02-12 15:34:21,928 [ERROR] Polling thread error: PLC disconnected: timed out
2026-02-12 15:34:25,014 [ERROR] Polling thread error: PLC disconnected: timed out
2026-02-12 15:34:28,095 [ERROR] Polling thread error: PLC disconnected: timed out
2026-02-12 15:34:31,186 [ERROR] Polling thread error: PLC disconnected: timed out
2026-02-12 15:34:34,274 [ERROR] Polling thread error: PLC disconnected: timed out
2026-02-12 15:34:37,359 [ERROR] Polling thread error: PLC disconnected: timed out
2026-02-12 15:34:40,441 [ERROR] Polling thread error: PLC disconnected: timed out
2026-02-12 15:34:43,530 [ERROR] Polling thread error: PLC disconnected: timed out
2026-02-12 15:34:46,609 [ERROR] Polling thread error: PLC disconnected: timed out
2026-02-12 15:34:49,690 [ERROR] Polling thread error: PLC disconnected: timed out
2026-02-12 15:34:52,771 [ERROR] Polling thread error: PLC disconnected: timed out
2026-02-12 15:34:55,862 [ERROR] Polling thread error: PLC disconnected: timed out
2026-02-12 15:34:58,946 [ERROR] Polling thread error: PLC disconnected: timed out
2026-02-12 15:35:02,027 [ERROR] Polling thread error: PLC disconnected: timed out
2026-02-12 15:35:05,114 [ERROR] Polling thread error: PLC disconnected: timed out
2026-02-12 15:35:08,205 [ERROR] Polling thread error: PLC disconnected: timed out
2026-02-12 15:35:11,294 [ERROR] Polling thread error: PLC disconnected: timed out
2026-02-12 15:35:14,386 [ERROR] Polling thread error: PLC disconnected: timed out
2026-02-12 15:35:17,471 [ERROR] Polling thread error: PLC disconnected: timed out
2026-02-12 15:35:20,560 [ERROR] Polling thread error: PLC disconnected: timed out
2026-02-12 15:35:23,647 [ERROR] Polling thread error: PLC disconnected: timed out
2026-02-12 15:35:26,739 [ERROR] Polling thread error: PLC disconnected: timed out
2026-02-12 15:35:29,827 [ERROR] Polling thread error: PLC disconnected: timed out
2026-02-12 15:35:32,906 [ERROR] Polling thread error: PLC disconnected: timed out
2026-02-12 15:35:35,990 [ERROR] Polling thread error: PLC disconnected: timed out
2026-02-12 15:35:39,082 [ERROR] Polling thread error: PLC disconnected: timed out
2026-02-12 15:35:42,169 [ERROR] Polling thread error: PLC disconnected: timed out
2026-02-12 15:35:45,248 [ERROR] Polling thread error: PLC disconnected: timed out
2026-02-12 15:35:48,329 [ERROR] Polling thread error: PLC disconnected: timed out
2026-02-12 15:35:51,409 [ERROR] Polling thread error: PLC disconnected: timed out
2026-02-12 15:35:54,495 [ERROR] Polling thread error: PLC disconnected: timed out
2026-02-12 15:35:57,586 [ERROR] Polling thread error: PLC disconnected: timed out
2026-02-12 15:36:00,675 [ERROR] Polling thread error: PLC disconnected: timed out
2026-02-12 15:36:03,763 [ERROR] Polling thread error: PLC disconnected: timed out
2026-02-12 15:36:06,846 [ERROR] Polling thread error: PLC disconnected: timed out
2026-02-12 15:36:09,933 [ERROR] Polling thread error: PLC disconnected: timed out
2026-02-12 15:36:13,017 [ERROR] Polling thread error: PLC disconnected: timed out
2026-02-12 15:36:16,094 [ERROR] Polling thread error: PLC disconnected: timed out
2026-02-12 15:36:19,173 [ERROR] Polling thread error: PLC disconnected: timed out
2026-02-12 15:36:22,260 [ERROR] Polling thread error: PLC disconnected: timed out
2026-02-12 15:36:25,340 [ERROR] Polling thread error: PLC disconnected: timed out
2026-02-12 15:36:28,422 [ERROR] Polling thread error: PLC disconnected: timed out
2026-02-12 15:36:31,504 [ERROR] Polling thread error: PLC disconnected: timed out
2026-02-12 15:36:34,595 [ERROR] Polling thread error: PLC disconnected: timed out
2026-02-12 15:36:37,686 [ERROR] Polling thread error: PLC disconnected: timed out
2026-02-12 15:36:40,776 [ERROR] Polling thread error: PLC disconnected: timed out
2026-02-12 15:36:43,862 [ERROR] Polling thread error: PLC disconnected: timed out
2026-02-12 15:36:46,949 [ERROR] Polling thread error: PLC disconnected: timed out
2026-02-12 15:36:50,035 [ERROR] Polling thread error: PLC disconnected: timed out
2026-02-12 15:36:53,119 [ERROR] Polling thread error: PLC disconnected: timed out
2026-02-12 15:36:56,204 [ERROR] Polling thread error: PLC disconnected: timed out
2026-02-12 15:36:59,290 [ERROR] Polling thread error: PLC disconnected: timed out
2026-02-12 15:37:02,375 [ERROR] Polling thread error: PLC disconnected: timed out
2026-02-12 15:37:05,465 [ERROR] Polling thread error: PLC disconnected: timed out
2026-02-12 15:37:08,554 [ERROR] Polling thread error: PLC disconnected: timed out
2026-02-12 15:37:11,633 [ERROR] Polling thread error: PLC disconnected: timed out
2026-02-12 15:37:14,715 [ERROR] Polling thread error: PLC disconnected: timed out
2026-02-12 15:37:17,801 [ERROR] Polling thread error: PLC disconnected: timed out
2026-02-12 15:37:20,880 [ERROR] Polling thread error: PLC disconnected: timed out
2026-02-12 15:37:23,960 [ERROR] Polling thread error: PLC disconnected: timed out
2026-02-12 15:37:27,046 [ERROR] Polling thread error: PLC disconnected: timed out
2026-02-12 15:37:30,127 [ERROR] Polling thread error: PLC disconnected: timed out
2026-02-12 15:37:33,215 [ERROR] Polling thread error: PLC disconnected: timed out
2026-02-12 15:37:36,294 [ERROR] Polling thread error: PLC disconnected: timed out
2026-02-12 15:37:39,372 [ERROR] Polling thread error: PLC disconnected: timed out
2026-02-12 15:37:42,462 [ERROR] Polling thread error: PLC disconnected: timed out
2026-02-12 15:37:45,544 [ERROR] Polling thread error: PLC disconnected: timed out
2026-02-12 15:37:48,624 [ERROR] Polling thread error: PLC disconnected: timed out
2026-02-12 15:37:51,712 [ERROR] Polling thread error: PLC disconnected: timed out
2026-02-12 15:37:54,802 [ERROR] Polling thread error: PLC disconnected: timed out
2026-02-12 15:37:57,882 [ERROR] Polling thread error: PLC disconnected: timed out
2026-02-12 15:38:00,962 [ERROR] Polling thread error: PLC disconnected: timed out
2026-02-12 15:38:04,051 [ERROR] Polling thread error: PLC disconnected: timed out
2026-02-12 15:38:07,139 [ERROR] Polling thread error: PLC disconnected: timed out
2026-02-12 15:38:10,224 [ERROR] Polling thread error: PLC disconnected: timed out
2026-02-12 15:38:13,304 [ERROR] Polling thread error: PLC disconnected: timed out
2026-02-12 15:38:16,388 [ERROR] Polling thread error: PLC disconnected: timed out
2026-02-12 15:38:19,470 [ERROR] Polling thread error: PLC disconnected: timed out
2026-02-12 15:38:22,555 [ERROR] Polling thread error: PLC disconnected: timed out
2026-02-12 15:38:25,640 [ERROR] Polling thread error: PLC disconnected: timed out
2026-02-12 15:38:28,730 [ERROR] Polling thread error: PLC disconnected: timed out
2026-02-12 15:38:31,817 [ERROR] Polling thread error: PLC disconnected: timed out
2026-02-12 15:38:34,896 [ERROR] Polling thread error: PLC disconnected: timed out
2026-02-12 15:38:37,985 [ERROR] Polling thread error: PLC disconnected: timed out
2026-02-12 15:38:41,078 [ERROR] Polling thread error: PLC disconnected: timed out
2026-02-12 15:38:44,164 [ERROR] Polling thread error: PLC disconnected: timed out
2026-02-12 15:38:47,245 [ERROR] Polling thread error: PLC disconnected: timed out
2026-02-12 15:38:50,325 [ERROR] Polling thread error: PLC disconnected: timed out
2026-02-12 15:38:53,408 [ERROR] Polling thread error: PLC disconnected: timed out
2026-02-12 15:38:56,494 [ERROR] Polling thread error: PLC disconnected: timed out
2026-02-12 15:38:59,586 [ERROR] Polling thread error: PLC disconnected: timed out
2026-02-12 15:39:02,665 [ERROR] Polling thread error: PLC disconnected: timed out
2026-02-12 15:39:05,754 [ERROR] Polling thread error: PLC disconnected: timed out
2026-02-12 15:39:08,841 [ERROR] Polling thread error: PLC disconnected: timed out
2026-02-12 15:39:11,922 [ERROR] Polling thread error: PLC disconnected: timed out
2026-02-12 15:39:15,011 [ERROR] Polling thread error: PLC disconnected: timed out
2026-02-12 15:39:18,093 [ERROR] Polling thread error: PLC disconnected: timed out
2026-02-12 15:39:21,172 [ERROR] Polling thread error: PLC disconnected: timed out
2026-02-12 15:39:24,254 [ERROR] Polling thread error: PLC disconnected: timed out
2026-02-12 15:39:27,338 [ERROR] Polling thread error: PLC disconnected: timed out
2026-02-12 15:39:30,428 [ERROR] Polling thread error: PLC disconnected: timed out
2026-02-12 15:39:33,521 [ERROR] Polling thread error: PLC disconnected: timed out
2026-02-12 15:39:36,604 [ERROR] Polling thread error: PLC disconnected: timed out
2026-02-12 15:39:39,691 [ERROR] Polling thread error: PLC disconnected: timed out
2026-02-12 15:39:42,775 [ERROR] Polling thread error: PLC disconnected: timed out
2026-02-12 15:39:45,854 [ERROR] Polling thread error: PLC disconnected: timed out
2026-02-12 15:39:48,936 [ERROR] Polling thread error: PLC disconnected: timed out
2026-02-12 15:39:52,022 [ERROR] Polling thread error: PLC disconnected: timed out
2026-02-12 15:39:55,112 [ERROR] Polling thread error: PLC disconnected: timed out
2026-02-12 15:39:58,189 [ERROR] Polling thread error: PLC disconnected: timed out
2026-02-12 15:40:01,274 [ERROR] Polling thread error: PLC disconnected: timed out
2026-02-12 15:40:04,352 [ERROR] Polling thread error: PLC disconnected: timed out
2026-02-12 15:40:07,438 [ERROR] Polling thread error: PLC disconnected: timed out
2026-02-12 15:40:10,517 [ERROR] Polling thread error: PLC disconnected: timed out
2026-02-12 15:40:13,603 [ERROR] Polling thread error: PLC disconnected: timed out
2026-02-12 15:40:16,683 [ERROR] Polling thread error: PLC disconnected: timed out
2026-02-12 15:40:19,767 [ERROR] Polling thread error: PLC disconnected: timed out
2026-02-12 15:40:22,848 [ERROR] Polling thread error: PLC disconnected: timed out
2026-02-12 15:40:25,934 [ERROR] Polling thread error: PLC disconnected: timed out
2026-02-12 15:40:29,025 [ERROR] Polling thread error: PLC disconnected: timed out
2026-02-12 15:40:32,110 [ERROR] Polling thread error: PLC disconnected: timed out
2026-02-12 15:40:35,201 [ERROR] Polling thread error: PLC disconnected: timed out
2026-02-12 15:40:38,285 [ERROR] Polling thread error: PLC disconnected: timed out
2026-02-12 15:40:41,371 [ERROR] Polling thread error: PLC disconnected: timed out
2026-02-12 15:40:44,464 [ERROR] Polling thread error: PLC disconnected: timed out
2026-02-12 15:40:47,545 [ERROR] Polling thread error: PLC disconnected: timed out
2026-02-12 15:40:50,636 [ERROR] Polling thread error: PLC disconnected: timed out
2026-02-12 15:40:53,719 [ERROR] Polling thread error: PLC disconnected: timed out
2026-02-12 15:40:56,797 [ERROR] Polling thread error: PLC disconnected: timed out
2026-02-12 15:40:59,875 [ERROR] Polling thread error: PLC disconnected: timed out
2026-02-12 15:41:02,960 [ERROR] Polling thread error: PLC disconnected: timed out
2026-02-12 15:41:06,046 [ERROR] Polling thread error: PLC disconnected: timed out
2026-02-12 15:41:09,138 [ERROR] Polling thread error: PLC disconnected: timed out
2026-02-12 15:41:12,217 [ERROR] Polling thread error: PLC disconnected: timed out
2026-02-12 15:41:15,307 [ERROR] Polling thread error: PLC disconnected: timed out
2026-02-12 15:41:18,400 [ERROR] Polling thread error: PLC disconnected: timed out
2026-02-12 15:41:21,479 [ERROR] Polling thread error: PLC disconnected: timed out
2026-02-12 15:41:24,559 [ERROR] Polling thread error: PLC disconnected: timed out
2026-02-12 15:41:27,637 [ERROR] Polling thread error: PLC disconnected: timed out
2026-02-12 15:41:30,725 [ERROR] Polling thread error: PLC disconnected: timed out
2026-02-12 15:41:33,804 [ERROR] Polling thread error: PLC disconnected: timed out
2026-02-12 15:41:36,887 [ERROR] Polling thread error: PLC disconnected: timed out
2026-02-12 15:41:39,976 [ERROR] Polling thread error: PLC disconnected: timed out
2026-02-12 15:41:43,068 [ERROR] Polling thread error: PLC disconnected: timed out
2026-02-12 15:41:46,158 [ERROR] Polling thread error: PLC disconnected: timed out
2026-02-12 15:41:49,245 [ERROR] Polling thread error: PLC disconnected: timed out
2026-02-12 15:41:52,328 [ERROR] Polling thread error: PLC disconnected: timed out
2026-02-12 15:41:55,418 [ERROR] Polling thread error: PLC disconnected: timed out
2026-02-12 15:41:58,504 [ERROR] Polling thread error: PLC disconnected: timed out
2026-02-12 15:42:01,590 [ERROR] Polling thread error: PLC disconnected: timed out
2026-02-12 15:42:04,671 [ERROR] Polling thread error: PLC disconnected: timed out
2026-02-12 15:42:07,759 [ERROR] Polling thread error: PLC disconnected: timed out
2026-02-12 15:42:10,843 [ERROR] Polling thread error: PLC disconnected: timed out
2026-02-12 15:42:13,925 [ERROR] Polling thread error: PLC disconnected: timed out
2026-02-12 15:42:17,009 [ERROR] Polling thread error: PLC disconnected: timed out
2026-02-12 15:42:20,094 [ERROR] Polling thread error: PLC disconnected: timed out
2026-02-12 15:42:23,174 [ERROR] Polling thread error: PLC disconnected: timed out
2026-02-12 15:42:26,266 [ERROR] Polling thread error: PLC disconnected: timed out
2026-02-12 15:42:29,354 [ERROR] Polling thread error: PLC disconnected: timed out
2026-02-12 15:42:32,445 [ERROR] Polling thread error: PLC disconnected: timed out
2026-02-12 15:42:35,536 [ERROR] Polling thread error: PLC disconnected: timed out
2026-02-12 15:42:38,626 [ERROR] Polling thread error: PLC disconnected: timed out
2026-02-12 15:42:41,709 [ERROR] Polling thread error: PLC disconnected: timed out
2026-02-12 15:42:44,795 [ERROR] Polling thread error: PLC disconnected: timed out
2026-02-12 15:42:47,877 [ERROR] Polling thread error: PLC disconnected: timed out
2026-02-12 15:42:50,963 [ERROR] Polling thread error: PLC disconnected: timed out
2026-02-12 15:42:54,053 [ERROR] Polling thread error: PLC disconnected: timed out
2026-02-12 15:42:57,136 [ERROR] Polling thread error: PLC disconnected: timed out
2026-02-12 15:43:00,217 [ERROR] Polling thread error: PLC disconnected: timed out
2026-02-12 15:43:03,307 [ERROR] Polling thread error: PLC disconnected: timed out
2026-02-12 15:43:06,393 [ERROR] Polling thread error: PLC disconnected: timed out
2026-02-12 15:43:09,470 [ERROR] Polling thread error: PLC disconnected: timed out
2026-02-12 15:43:12,556 [ERROR] Polling thread error: PLC disconnected: timed out
2026-02-12 15:43:15,640 [ERROR] Polling thread error: PLC disconnected: timed out
2026-02-12 15:43:18,719 [ERROR] Polling thread error: PLC disconnected: timed out
2026-02-12 15:43:21,807 [ERROR] Polling thread error: PLC disconnected: timed out
2026-02-12 15:43:24,889 [ERROR] Polling thread error: PLC disconnected: timed out
2026-02-12 15:43:27,975 [ERROR] Polling thread error: PLC disconnected: timed out
2026-02-12 15:43:31,058 [ERROR] Polling thread error: PLC disconnected: timed out
2026-02-12 15:43:34,145 [ERROR] Polling thread error: PLC disconnected: timed out
2026-02-12 15:43:37,227 [ERROR] Polling thread error: PLC disconnected: timed out
2026-02-12 15:43:40,310 [ERROR] Polling thread error: PLC disconnected: timed out
2026-02-12 15:43:43,393 [ERROR] Polling thread error: PLC disconnected: timed out
2026-02-12 15:43:46,474 [ERROR] Polling thread error: PLC disconnected: timed out
2026-02-12 15:43:49,559 [ERROR] Polling thread error: PLC disconnected: timed out
2026-02-12 15:43:52,644 [ERROR] Polling thread error: PLC disconnected: timed out
2026-02-12 15:43:55,735 [ERROR] Polling thread error: PLC disconnected: timed out
2026-02-12 15:43:58,814 [ERROR] Polling thread error: PLC disconnected: timed out
2026-02-12 15:44:01,899 [ERROR] Polling thread error: PLC disconnected: timed out
2026-02-12 15:44:04,988 [ERROR] Polling thread error: PLC disconnected: timed out
2026-02-12 15:44:08,065 [ERROR] Polling thread error: PLC disconnected: timed out
2026-02-12 15:44:11,145 [ERROR] Polling thread error: PLC disconnected: timed out
2026-02-12 15:44:14,224 [ERROR] Polling thread error: PLC disconnected: timed out
2026-02-12 15:44:17,302 [ERROR] Polling thread error: PLC disconnected: timed out
2026-02-12 15:44:20,380 [ERROR] Polling thread error: PLC disconnected: timed out
2026-02-12 15:44:23,469 [ERROR] Polling thread error: PLC disconnected: timed out
2026-02-12 15:44:26,549 [ERROR] Polling thread error: PLC disconnected: timed out
2026-02-12 15:44:29,629 [ERROR] Polling thread error: PLC disconnected: timed out
2026-02-12 15:44:32,715 [ERROR] Polling thread error: PLC disconnected: timed out
2026-02-12 15:44:35,803 [ERROR] Polling thread error: PLC disconnected: timed out
2026-02-12 15:44:38,896 [ERROR] Polling thread error: PLC disconnected: timed out
2026-02-12 15:44:41,982 [ERROR] Polling thread error: PLC disconnected: timed out
2026-02-12 15:44:45,069 [ERROR] Polling thread error: PLC disconnected: timed out
2026-02-12 15:44:48,159 [ERROR] Polling thread error: PLC disconnected: timed out
2026-02-12 15:44:51,240 [ERROR] Polling thread error: PLC disconnected: timed out
2026-02-12 15:44:54,316 [ERROR] Polling thread error: PLC disconnected: timed out
2026-02-12 15:44:57,402 [ERROR] Polling thread error: PLC disconnected: timed out
2026-02-12 15:45:00,480 [ERROR] Polling thread error: PLC disconnected: timed out
2026-02-12 15:45:03,560 [ERROR] Polling thread error: PLC disconnected: timed out
2026-02-12 15:45:06,646 [ERROR] Polling thread error: PLC disconnected: timed out
2026-02-12 15:45:09,733 [ERROR] Polling thread error: PLC disconnected: timed out
2026-02-12 15:45:12,816 [ERROR] Polling thread error: PLC disconnected: timed out
2026-02-12 15:45:15,897 [ERROR] Polling thread error: PLC disconnected: timed out
2026-02-12 15:45:18,981 [ERROR] Polling thread error: PLC disconnected: timed out
2026-02-12 15:45:22,065 [ERROR] Polling thread error: PLC disconnected: timed out
2026-02-12 15:45:25,148 [ERROR] Polling thread error: PLC disconnected: timed out
2026-02-12 15:45:28,227 [ERROR] Polling thread error: PLC disconnected: timed out
2026-02-12 15:45:31,313 [ERROR] Polling thread error: PLC disconnected: timed out
2026-02-12 15:45:34,398 [ERROR] Polling thread error: PLC disconnected: timed out
2026-02-12 15:45:37,482 [ERROR] Polling thread error: PLC disconnected: timed out
2026-02-12 15:45:40,560 [ERROR] Polling thread error: PLC disconnected: timed out
2026-02-12 15:45:43,651 [ERROR] Polling thread error: PLC disconnected: timed out
2026-02-12 15:45:46,732 [ERROR] Polling thread error: PLC disconnected: timed out
2026-02-12 15:45:49,815 [ERROR] Polling thread error: PLC disconnected: timed out
2026-02-12 15:45:52,893 [ERROR] Polling thread error: PLC disconnected: timed out
2026-02-12 15:45:55,977 [ERROR] Polling thread error: PLC disconnected: timed out
2026-02-12 15:45:59,056 [ERROR] Polling thread error: PLC disconnected: timed out
2026-02-12 15:46:02,142 [ERROR] Polling thread error: PLC disconnected: timed out
2026-02-12 15:46:05,223 [ERROR] Polling thread error: PLC disconnected: timed out
2026-02-12 15:46:08,307 [ERROR] Polling thread error: PLC disconnected: timed out
2026-02-12 15:46:11,384 [ERROR] Polling thread error: PLC disconnected: timed out
2026-02-12 15:46:14,472 [ERROR] Polling thread error: PLC disconnected: timed out
2026-02-12 15:46:17,559 [ERROR] Polling thread error: PLC disconnected: timed out
2026-02-12 15:46:20,636 [ERROR] Polling thread error: PLC disconnected: timed out
2026-02-12 15:46:23,724 [ERROR] Polling thread error: PLC disconnected: timed out
2026-02-12 15:46:33,718 [WARNING] [Inference] TensorRT or cuda-python not installed: No module named 'tensorrt'
2026-02-12 15:46:34,536 [INFO] [Inference] Using GPU
2026-02-12 15:46:34,536 [INFO] [Inference] Loading OpenVINO model from C:\Users\Priyanshu\OneDrive\Desktop\MECup\backend\inference\openvino_model\model.xml
2026-02-12 15:46:35,836 [INFO] [Inference] Using OpenVINO backend on GPU
2026-02-12 15:46:43,536 [WARNING] [Inference] TensorRT or cuda-python not installed: No module named 'tensorrt'
2026-02-12 15:46:43,873 [INFO] [Inference] Using GPU
2026-02-12 15:46:43,873 [INFO] [Inference] Loading OpenVINO model from C:\Users\Priyanshu\OneDrive\Desktop\MECup\backend\inference\openvino_model\model.xml
2026-02-12 15:46:44,388 [INFO] [Inference] Using OpenVINO backend on GPU
2026-02-12 15:46:50,449 [INFO] [Inference] Model ready (openvino)
2026-02-12 15:46:50,449 [ERROR] Error in inference process: [Errno 2] No such file or directory: 'C:\\MyStuff\\VS\\MECup\\backend\\inference\\stitched_result2.jpg'
2026-02-12 15:46:51,940 [WARNING] [Inference] TensorRT or cuda-python not installed: No module named 'tensorrt'
2026-02-12 15:46:52,237 [INFO] [Inference] Using GPU
2026-02-12 15:46:52,237 [INFO] [Inference] Loading OpenVINO model from C:\Users\Priyanshu\OneDrive\Desktop\MECup\backend\inference\openvino_model\model.xml
2026-02-12 15:46:52,756 [INFO] [Inference] Using OpenVINO backend on GPU
2026-02-12 15:46:52,871 [ERROR] Polling thread error: PLC disconnected: timed out
2026-02-12 15:46:55,949 [ERROR] Polling thread error: PLC disconnected: timed out
2026-02-12 15:46:58,818 [INFO] [Inference] Model ready (openvino)
2026-02-12 15:46:58,818 [ERROR] Error in inference process: [Errno 2] No such file or directory: 'C:\\MyStuff\\VS\\MECup\\backend\\inference\\stitched_result2.jpg'
2026-02-12 15:46:59,035 [ERROR] Polling thread error: PLC disconnected: timed out
2026-02-12 15:47:02,114 [ERROR] Polling thread error: PLC disconnected: timed out
2026-02-12 15:47:05,201 [ERROR] Polling thread error: PLC disconnected: timed out
2026-02-12 15:47:08,285 [ERROR] Polling thread error: PLC disconnected: timed out
2026-02-12 15:47:11,365 [ERROR] Polling thread error: PLC disconnected: timed out
2026-02-12 15:47:14,451 [ERROR] Polling thread error: PLC disconnected: timed out
2026-02-12 15:47:17,529 [ERROR] Polling thread error: PLC disconnected: timed out
2026-02-12 15:47:20,616 [ERROR] Polling thread error: PLC disconnected: timed out
2026-02-12 15:47:23,695 [ERROR] Polling thread error: PLC disconnected: timed out
2026-02-12 15:47:26,780 [ERROR] Polling thread error: PLC disconnected: timed out
2026-02-12 15:47:29,862 [ERROR] Polling thread error: PLC disconnected: timed out
2026-02-12 15:47:32,943 [ERROR] Polling thread error: PLC disconnected: timed out
2026-02-12 15:47:36,026 [ERROR] Polling thread error: PLC disconnected: timed out
2026-02-12 15:47:39,115 [ERROR] Polling thread error: PLC disconnected: timed out
2026-02-12 15:47:42,194 [ERROR] Polling thread error: PLC disconnected: timed out
2026-02-12 15:47:45,275 [ERROR] Polling thread error: PLC disconnected: timed out
2026-02-12 15:47:48,362 [ERROR] Polling thread error: PLC disconnected: timed out
2026-02-12 15:47:51,444 [ERROR] Polling thread error: PLC disconnected: timed out
2026-02-12 15:47:54,524 [ERROR] Polling thread error: PLC disconnected: timed out
2026-02-12 15:47:57,610 [ERROR] Polling thread error: PLC disconnected: timed out
2026-02-12 15:48:00,693 [ERROR] Polling thread error: PLC disconnected: timed out
2026-02-12 15:48:03,774 [ERROR] Polling thread error: PLC disconnected: timed out
2026-02-12 15:48:06,859 [ERROR] Polling thread error: PLC disconnected: timed out
2026-02-12 15:48:09,942 [ERROR] Polling thread error: PLC disconnected: timed out
2026-02-12 15:48:13,022 [ERROR] Polling thread error: PLC disconnected: timed out
2026-02-12 15:48:16,109 [ERROR] Polling thread error: PLC disconnected: timed out
2026-02-12 15:48:19,199 [ERROR] Polling thread error: PLC disconnected: timed out
2026-02-12 15:48:22,288 [ERROR] Polling thread error: PLC disconnected: timed out
2026-02-12 15:48:25,369 [ERROR] Polling thread error: PLC disconnected: timed out
2026-02-12 15:48:28,447 [ERROR] Polling thread error: PLC disconnected: timed out
2026-02-12 15:48:31,529 [ERROR] Polling thread error: PLC disconnected: timed out
2026-02-12 15:48:34,616 [ERROR] Polling thread error: PLC disconnected: timed out
2026-02-12 15:48:37,700 [ERROR] Polling thread error: PLC disconnected: timed out
2026-02-12 15:48:40,788 [ERROR] Polling thread error: PLC disconnected: timed out
2026-02-12 15:48:49,834 [WARNING] [Inference] TensorRT or cuda-python not installed: No module named 'tensorrt'
2026-02-12 15:48:50,150 [INFO] [Inference] Using GPU
2026-02-12 15:48:50,151 [INFO] [Inference] Loading OpenVINO model from C:\Users\Priyanshu\OneDrive\Desktop\MECup\backend\inference\openvino_model\model.xml
2026-02-12 15:48:50,592 [INFO] [Inference] Using OpenVINO backend on GPU
2026-02-12 15:48:56,377 [INFO] [Inference] Model ready (openvino)
2026-02-12 15:48:56,377 [ERROR] Error in inference process: [Errno 2] No such file or directory: 'C:\\MyStuff\\VS\\MECup\\backend\\inference\\stitched_result2.jpg'
2026-02-12 15:48:57,639 [WARNING] [Inference] TensorRT or cuda-python not installed: No module named 'tensorrt'
2026-02-12 15:48:57,973 [INFO] [Inference] Using GPU
2026-02-12 15:48:57,973 [INFO] [Inference] Loading OpenVINO model from C:\Users\Priyanshu\OneDrive\Desktop\MECup\backend\inference\openvino_model\model.xml
2026-02-12 15:48:58,405 [INFO] [Inference] Using OpenVINO backend on GPU
2026-02-12 15:49:04,262 [INFO] [Inference] Model ready (openvino)
2026-02-12 15:49:04,262 [ERROR] Error in inference process: [Errno 2] No such file or directory: 'C:\\MyStuff\\VS\\MECup\\backend\\inference\\stitched_result2.jpg'
2026-02-12 15:49:05,626 [WARNING] [Inference] TensorRT or cuda-python not installed: No module named 'tensorrt'
2026-02-12 15:49:05,917 [INFO] [Inference] Using GPU
2026-02-12 15:49:05,917 [INFO] [Inference] Loading OpenVINO model from C:\Users\Priyanshu\OneDrive\Desktop\MECup\backend\inference\openvino_model\model.xml
2026-02-12 15:49:06,362 [INFO] [Inference] Using OpenVINO backend on GPU
2026-02-12 15:49:06,423 [ERROR] Polling thread error: PLC disconnected: timed out
2026-02-12 15:49:09,503 [ERROR] Polling thread error: PLC disconnected: timed out
2026-02-12 15:49:12,175 [INFO] [Inference] Model ready (openvino)
2026-02-12 15:49:12,175 [ERROR] Error in inference process: [Errno 2] No such file or directory: 'C:\\MyStuff\\VS\\MECup\\backend\\inference\\stitched_result2.jpg'
2026-02-12 15:49:12,587 [ERROR] Polling thread error: PLC disconnected: timed out
2026-02-12 15:49:15,667 [ERROR] Polling thread error: PLC disconnected: timed out
2026-02-12 15:49:18,747 [ERROR] Polling thread error: PLC disconnected: timed out
2026-02-12 15:49:21,832 [ERROR] Polling thread error: PLC disconnected: timed out
2026-02-12 15:49:24,923 [ERROR] Polling thread error: PLC disconnected: timed out
2026-02-12 15:49:28,001 [ERROR] Polling thread error: PLC disconnected: timed out
2026-02-12 15:49:31,081 [ERROR] Polling thread error: PLC disconnected: timed out
2026-02-12 15:49:34,161 [ERROR] Polling thread error: PLC disconnected: timed out
2026-02-12 15:49:37,240 [ERROR] Polling thread error: PLC disconnected: timed out
2026-02-12 15:49:40,325 [ERROR] Polling thread error: PLC disconnected: timed out
2026-02-12 15:49:42,341 [ERROR] SCAN START ERROR: PLC disconnected: timed out
2026-02-12 15:49:42,341 [ERROR] Failed to write to legacy error log file
2026-02-12 15:49:44,347 [ERROR] Polling thread error: PLC disconnected: timed out
2026-02-12 15:49:47,427 [ERROR] Polling thread error: PLC disconnected: timed out
2026-02-12 15:49:50,514 [ERROR] Polling thread error: PLC disconnected: timed out
2026-02-12 15:49:53,593 [ERROR] Polling thread error: PLC disconnected: timed out
2026-02-12 15:49:56,678 [ERROR] Polling thread error: PLC disconnected: timed out
2026-02-12 15:49:59,767 [ERROR] Polling thread error: PLC disconnected: timed out
2026-02-12 15:50:02,854 [ERROR] Polling thread error: PLC disconnected: timed out
2026-02-12 15:50:05,941 [ERROR] Polling thread error: PLC disconnected: timed out
2026-02-12 15:50:09,025 [ERROR] Polling thread error: PLC disconnected: timed out
2026-02-12 15:50:12,111 [ERROR] Polling thread error: PLC disconnected: timed out
2026-02-12 15:50:15,193 [ERROR] Polling thread error: PLC disconnected: timed out
2026-02-12 15:50:18,274 [ERROR] Polling thread error: PLC disconnected: timed out
2026-02-12 15:50:21,352 [ERROR] Polling thread error: PLC disconnected: timed out
2026-02-12 15:50:24,438 [ERROR] Polling thread error: PLC disconnected: timed out
2026-02-12 15:50:27,523 [ERROR] Polling thread error: PLC disconnected: timed out
2026-02-12 15:50:30,604 [ERROR] Polling thread error: PLC disconnected: timed out
2026-02-12 15:50:33,691 [ERROR] Polling thread error: PLC disconnected: timed out
2026-02-12 15:50:36,782 [ERROR] Polling thread error: PLC disconnected: timed out
2026-02-12 15:50:39,868 [ERROR] Polling thread error: PLC disconnected: timed out
2026-02-12 15:50:42,952 [ERROR] Polling thread error: PLC disconnected: timed out
2026-02-12 15:50:46,036 [ERROR] Polling thread error: PLC disconnected: timed out
2026-02-12 15:50:49,122 [ERROR] Polling thread error: PLC disconnected: timed out
2026-02-12 15:50:52,207 [ERROR] Polling thread error: PLC disconnected: timed out
2026-02-12 15:50:55,298 [ERROR] Polling thread error: PLC disconnected: timed out
2026-02-12 15:50:58,386 [ERROR] Polling thread error: PLC disconnected: timed out
2026-02-12 15:51:01,466 [ERROR] Polling thread error: PLC disconnected: timed out
2026-02-12 15:51:04,549 [ERROR] Polling thread error: PLC disconnected: timed out
2026-02-12 15:51:07,630 [ERROR] Polling thread error: PLC disconnected: timed out
2026-02-12 15:51:10,712 [ERROR] Polling thread error: PLC disconnected: timed out
2026-02-12 15:51:13,795 [ERROR] Polling thread error: PLC disconnected: timed out
2026-02-12 15:51:16,874 [ERROR] Polling thread error: PLC disconnected: timed out
2026-02-12 15:51:19,959 [ERROR] Polling thread error: PLC disconnected: timed out
2026-02-12 15:51:23,040 [ERROR] Polling thread error: PLC disconnected: timed out
2026-02-12 15:51:26,130 [ERROR] Polling thread error: PLC disconnected: timed out
2026-02-12 15:51:29,221 [ERROR] Polling thread error: PLC disconnected: timed out
2026-02-12 15:51:32,311 [ERROR] Polling thread error: PLC disconnected: timed out
2026-02-12 15:51:35,396 [ERROR] Polling thread error: PLC disconnected: timed out
2026-02-12 15:51:38,479 [ERROR] Polling thread error: PLC disconnected: timed out
2026-02-12 15:51:41,566 [ERROR] Polling thread error: PLC disconnected: timed out
2026-02-12 15:51:44,648 [ERROR] Polling thread error: PLC disconnected: timed out
2026-02-12 15:51:47,732 [ERROR] Polling thread error: PLC disconnected: timed out
2026-02-12 15:51:50,811 [ERROR] Polling thread error: PLC disconnected: timed out
2026-02-12 15:51:53,901 [ERROR] Polling thread error: PLC disconnected: timed out
2026-02-12 15:51:56,986 [ERROR] Polling thread error: PLC disconnected: timed out
2026-02-12 15:52:00,064 [ERROR] Polling thread error: PLC disconnected: timed out
2026-02-12 15:52:03,144 [ERROR] Polling thread error: PLC disconnected: timed out
2026-02-12 15:52:06,222 [ERROR] Polling thread error: PLC disconnected: timed out
2026-02-12 15:52:09,307 [ERROR] Polling thread error: PLC disconnected: timed out
2026-02-12 15:52:12,392 [ERROR] Polling thread error: PLC disconnected: timed out
2026-02-12 15:52:15,472 [ERROR] Polling thread error: PLC disconnected: timed out
2026-02-12 15:52:18,558 [ERROR] Polling thread error: PLC disconnected: timed out
2026-02-12 15:52:21,636 [ERROR] Polling thread error: PLC disconnected: timed out
2026-02-12 15:52:24,720 [ERROR] Polling thread error: PLC disconnected: timed out
2026-02-12 15:52:27,803 [ERROR] Polling thread error: PLC disconnected: timed out
2026-02-12 15:52:30,888 [ERROR] Polling thread error: PLC disconnected: timed out
2026-02-12 15:52:33,972 [ERROR] Polling thread error: PLC disconnected: timed out
2026-02-12 15:52:37,051 [ERROR] Polling thread error: PLC disconnected: timed out
2026-02-12 15:52:40,138 [ERROR] Polling thread error: PLC disconnected: timed out
2026-02-12 15:52:43,220 [ERROR] Polling thread error: PLC disconnected: timed out
2026-02-12 15:52:46,304 [ERROR] Polling thread error: PLC disconnected: timed out
2026-02-12 15:52:49,382 [ERROR] Polling thread error: PLC disconnected: timed out
2026-02-12 15:52:52,471 [ERROR] Polling thread error: PLC disconnected: timed out
2026-02-12 15:52:55,563 [ERROR] Polling thread error: PLC disconnected: timed out
2026-02-12 15:52:58,651 [ERROR] Polling thread error: PLC disconnected: timed out
2026-02-12 15:53:01,734 [ERROR] Polling thread error: PLC disconnected: timed out
2026-02-12 15:53:04,816 [ERROR] Polling thread error: PLC disconnected: timed out
2026-02-12 15:53:07,896 [ERROR] Polling thread error: PLC disconnected: timed out
2026-02-12 15:53:10,979 [ERROR] Polling thread error: PLC disconnected: timed out
2026-02-12 15:53:14,064 [ERROR] Polling thread error: PLC disconnected: timed out
2026-02-12 15:53:17,145 [ERROR] Polling thread error: PLC disconnected: timed out
2026-02-12 15:53:20,230 [ERROR] Polling thread error: PLC disconnected: timed out
2026-02-12 15:53:23,309 [ERROR] Polling thread error: PLC disconnected: timed out
2026-02-12 15:53:26,396 [ERROR] Polling thread error: PLC disconnected: timed out
2026-02-12 15:53:29,483 [ERROR] Polling thread error: PLC disconnected: timed out
2026-02-12 15:53:32,562 [ERROR] Polling thread error: PLC disconnected: timed out
2026-02-12 15:53:35,643 [ERROR] Polling thread error: PLC disconnected: timed out
2026-02-12 15:53:38,727 [ERROR] Polling thread error: PLC disconnected: timed out
2026-02-12 15:53:41,809 [ERROR] Polling thread error: PLC disconnected: timed out
2026-02-12 15:53:44,894 [ERROR] Polling thread error: PLC disconnected: timed out
2026-02-12 15:53:47,981 [ERROR] Polling thread error: PLC disconnected: timed out
2026-02-12 15:53:51,062 [ERROR] Polling thread error: PLC disconnected: timed out
2026-02-12 15:53:54,146 [ERROR] Polling thread error: PLC disconnected: timed out
2026-02-12 15:53:57,226 [ERROR] Polling thread error: PLC disconnected: timed out
2026-02-12 15:54:00,306 [ERROR] Polling thread error: PLC disconnected: timed out
2026-02-12 15:54:03,390 [ERROR] Polling thread error: PLC disconnected: timed out
2026-02-12 15:54:06,476 [ERROR] Polling thread error: PLC disconnected: timed out
2026-02-12 15:54:09,556 [ERROR] Polling thread error: PLC disconnected: timed out
2026-02-12 15:54:12,638 [ERROR] Polling thread error: PLC disconnected: timed out
2026-02-12 15:54:15,723 [ERROR] Polling thread error: PLC disconnected: timed out
2026-02-12 15:54:18,804 [ERROR] Polling thread error: PLC disconnected: timed out
2026-02-12 15:54:21,888 [ERROR] Polling thread error: PLC disconnected: timed out
2026-02-12 15:54:24,971 [ERROR] Polling thread error: PLC disconnected: timed out
2026-02-12 15:54:28,051 [ERROR] Polling thread error: PLC disconnected: timed out
2026-02-12 15:54:31,139 [ERROR] Polling thread error: PLC disconnected: timed out
2026-02-12 15:54:34,219 [ERROR] Polling thread error: PLC disconnected: timed out
2026-02-12 15:54:37,300 [ERROR] Polling thread error: PLC disconnected: timed out
2026-02-12 15:54:40,380 [ERROR] Polling thread error: PLC disconnected: timed out
2026-02-12 15:54:43,461 [ERROR] Polling thread error: PLC disconnected: timed out
2026-02-12 15:54:46,553 [ERROR] Polling thread error: PLC disconnected: timed out
2026-02-12 15:54:49,638 [ERROR] Polling thread error: PLC disconnected: timed out
2026-02-12 15:54:52,731 [ERROR] Polling thread error: PLC disconnected: timed out
2026-02-12 15:54:55,811 [ERROR] Polling thread error: PLC disconnected: timed out
2026-02-12 15:54:58,892 [ERROR] Polling thread error: PLC disconnected: timed out
2026-02-12 15:55:01,978 [ERROR] Polling thread error: PLC disconnected: timed out
2026-02-12 15:55:05,069 [ERROR] Polling thread error: PLC disconnected: timed out
2026-02-12 15:55:08,149 [ERROR] Polling thread error: PLC disconnected: timed out
2026-02-12 15:55:11,229 [ERROR] Polling thread error: PLC disconnected: timed out
2026-02-12 15:55:14,312 [ERROR] Polling thread error: PLC disconnected: timed out
2026-02-12 15:55:17,390 [ERROR] Polling thread error: PLC disconnected: timed out
2026-02-12 15:55:20,468 [ERROR] Polling thread error: PLC disconnected: timed out
2026-02-12 15:55:23,548 [ERROR] Polling thread error: PLC disconnected: timed out
2026-02-12 15:55:26,640 [ERROR] Polling thread error: PLC disconnected: timed out
2026-02-12 15:55:29,729 [ERROR] Polling thread error: PLC disconnected: timed out
2026-02-12 15:55:32,813 [ERROR] Polling thread error: PLC disconnected: timed out
2026-02-12 15:55:35,906 [ERROR] Polling thread error: PLC disconnected: timed out
2026-02-12 15:55:38,985 [ERROR] Polling thread error: PLC disconnected: timed out
2026-02-12 15:55:42,062 [ERROR] Polling thread error: PLC disconnected: timed out
2026-02-12 15:55:45,139 [ERROR] Polling thread error: PLC disconnected: timed out
2026-02-12 15:55:48,219 [ERROR] Polling thread error: PLC disconnected: timed out
2026-02-12 15:55:51,302 [ERROR] Polling thread error: PLC disconnected: timed out
2026-02-12 15:55:54,389 [ERROR] Polling thread error: PLC disconnected: timed out
2026-02-12 15:55:57,470 [ERROR] Polling thread error: PLC disconnected: timed out
2026-02-12 15:56:00,561 [ERROR] Polling thread error: PLC disconnected: timed out
2026-02-12 15:56:03,638 [ERROR] Polling thread error: PLC disconnected: timed out
2026-02-12 15:56:06,718 [ERROR] Polling thread error: PLC disconnected: timed out
2026-02-12 15:56:09,810 [ERROR] Polling thread error: PLC disconnected: timed out
2026-02-12 15:56:12,888 [ERROR] Polling thread error: PLC disconnected: timed out
2026-02-12 15:56:15,971 [ERROR] Polling thread error: PLC disconnected: timed out
2026-02-12 15:56:19,052 [ERROR] Polling thread error: PLC disconnected: timed out
2026-02-12 15:56:22,141 [ERROR] Polling thread error: PLC disconnected: timed out
2026-02-12 15:56:25,231 [ERROR] Polling thread error: PLC disconnected: timed out
2026-02-12 15:56:28,308 [ERROR] Polling thread error: PLC disconnected: timed out
2026-02-12 15:56:31,394 [ERROR] Polling thread error: PLC disconnected: timed out
2026-02-12 15:56:34,479 [ERROR] Polling thread error: PLC disconnected: timed out
2026-02-12 15:56:37,568 [ERROR] Polling thread error: PLC disconnected: timed out
2026-02-12 15:56:40,646 [ERROR] Polling thread error: PLC disconnected: timed out
2026-02-12 15:56:43,736 [ERROR] Polling thread error: PLC disconnected: timed out
2026-02-12 15:56:46,817 [ERROR] Polling thread error: PLC disconnected: timed out
2026-02-12 15:56:49,909 [ERROR] Polling thread error: PLC disconnected: timed out
2026-02-12 15:56:52,986 [ERROR] Polling thread error: PLC disconnected: timed out
2026-02-12 15:56:56,070 [ERROR] Polling thread error: PLC disconnected: timed out
2026-02-12 15:56:59,162 [ERROR] Polling thread error: PLC disconnected: timed out
2026-02-12 15:57:02,244 [ERROR] Polling thread error: PLC disconnected: timed out
2026-02-12 15:57:05,336 [ERROR] Polling thread error: PLC disconnected: timed out
2026-02-12 15:57:08,417 [ERROR] Polling thread error: PLC disconnected: timed out
2026-02-12 15:57:11,498 [ERROR] Polling thread error: PLC disconnected: timed out
2026-02-12 15:57:14,588 [ERROR] Polling thread error: PLC disconnected: timed out
2026-02-12 15:57:17,669 [ERROR] Polling thread error: PLC disconnected: timed out
2026-02-12 15:57:20,754 [ERROR] Polling thread error: PLC disconnected: timed out
2026-02-12 15:57:23,833 [ERROR] Polling thread error: PLC disconnected: timed out
2026-02-12 15:57:26,911 [ERROR] Polling thread error: PLC disconnected: timed out
2026-02-12 15:57:29,999 [ERROR] Polling thread error: PLC disconnected: timed out
2026-02-12 15:57:33,085 [ERROR] Polling thread error: PLC disconnected: timed out
2026-02-12 15:57:36,177 [ERROR] Polling thread error: PLC disconnected: timed out
2026-02-12 15:57:39,265 [ERROR] Polling thread error: PLC disconnected: timed out
2026-02-12 15:57:42,344 [ERROR] Polling thread error: PLC disconnected: timed out
2026-02-12 15:57:45,430 [ERROR] Polling thread error: PLC disconnected: timed out
2026-02-12 15:57:48,522 [ERROR] Polling thread error: PLC disconnected: timed out
2026-02-12 15:57:51,609 [ERROR] Polling thread error: PLC disconnected: timed out
2026-02-12 15:57:54,690 [ERROR] Polling thread error: PLC disconnected: timed out
2026-02-12 15:57:57,768 [ERROR] Polling thread error: PLC disconnected: timed out
2026-02-12 15:58:00,857 [ERROR] Polling thread error: PLC disconnected: timed out
2026-02-12 15:58:03,940 [ERROR] Polling thread error: PLC disconnected: timed out
2026-02-12 15:58:07,026 [ERROR] Polling thread error: PLC disconnected: timed out
2026-02-12 15:58:10,107 [ERROR] Polling thread error: PLC disconnected: timed out
2026-02-12 15:58:13,199 [ERROR] Polling thread error: PLC disconnected: timed out
2026-02-12 15:58:16,280 [ERROR] Polling thread error: PLC disconnected: timed out
2026-02-12 15:58:19,362 [ERROR] Polling thread error: PLC disconnected: timed out
2026-02-12 15:58:22,443 [ERROR] Polling thread error: PLC disconnected: timed out
2026-02-12 15:58:25,532 [ERROR] Polling thread error: PLC disconnected: timed out
2026-02-12 15:58:28,621 [ERROR] Polling thread error: PLC disconnected: timed out
2026-02-12 15:58:31,709 [ERROR] Polling thread error: PLC disconnected: timed out
2026-02-12 15:58:34,799 [ERROR] Polling thread error: PLC disconnected: timed out
2026-02-12 15:58:37,878 [ERROR] Polling thread error: PLC disconnected: timed out
2026-02-12 15:58:40,962 [ERROR] Polling thread error: PLC disconnected: timed out
2026-02-12 15:58:44,045 [ERROR] Polling thread error: PLC disconnected: timed out
2026-02-12 15:58:47,136 [ERROR] Polling thread error: PLC disconnected: timed out
2026-02-12 15:58:50,216 [ERROR] Polling thread error: PLC disconnected: timed out
2026-02-12 15:58:53,295 [ERROR] Polling thread error: PLC disconnected: timed out
2026-02-12 15:58:56,379 [ERROR] Polling thread error: PLC disconnected: timed out
2026-02-12 15:58:59,462 [ERROR] Polling thread error: PLC disconnected: timed out
2026-02-12 15:59:02,541 [ERROR] Polling thread error: PLC disconnected: timed out
2026-02-12 15:59:05,623 [ERROR] Polling thread error: PLC disconnected: timed out
2026-02-12 15:59:08,714 [ERROR] Polling thread error: PLC disconnected: timed out
2026-02-12 15:59:11,796 [ERROR] Polling thread error: PLC disconnected: timed out
2026-02-12 15:59:14,882 [ERROR] Polling thread error: PLC disconnected: timed out
2026-02-12 15:59:17,963 [ERROR] Polling thread error: PLC disconnected: timed out
2026-02-12 15:59:21,049 [ERROR] Polling thread error: PLC disconnected: timed out
2026-02-12 15:59:24,135 [ERROR] Polling thread error: PLC disconnected: timed out
2026-02-12 15:59:27,212 [ERROR] Polling thread error: PLC disconnected: timed out
2026-02-12 15:59:30,301 [ERROR] Polling thread error: PLC disconnected: timed out
2026-02-12 15:59:33,391 [ERROR] Polling thread error: PLC disconnected: timed out
2026-02-12 15:59:36,477 [ERROR] Polling thread error: PLC disconnected: timed out
2026-02-12 15:59:39,567 [ERROR] Polling thread error: PLC disconnected: timed out
2026-02-12 15:59:42,654 [ERROR] Polling thread error: PLC disconnected: timed out
2026-02-12 15:59:45,745 [ERROR] Polling thread error: PLC disconnected: timed out
2026-02-12 15:59:48,830 [ERROR] Polling thread error: PLC disconnected: timed out
2026-02-12 15:59:51,909 [ERROR] Polling thread error: PLC disconnected: timed out
2026-02-12 15:59:54,993 [ERROR] Polling thread error: PLC disconnected: timed out
2026-02-12 15:59:58,079 [ERROR] Polling thread error: PLC disconnected: timed out
2026-02-12 16:00:01,158 [ERROR] Polling thread error: PLC disconnected: timed out
2026-02-12 16:00:04,248 [ERROR] Polling thread error: PLC disconnected: timed out
2026-02-12 16:00:07,336 [ERROR] Polling thread error: PLC disconnected: timed out
2026-02-12 16:00:10,418 [ERROR] Polling thread error: PLC disconnected: timed out
2026-02-12 16:00:13,504 [ERROR] Polling thread error: PLC disconnected: timed out
2026-02-12 16:00:16,585 [ERROR] Polling thread error: PLC disconnected: timed out
2026-02-12 16:00:19,667 [ERROR] Polling thread error: PLC disconnected: timed out
2026-02-12 16:00:22,755 [ERROR] Polling thread error: PLC disconnected: timed out
2026-02-12 16:00:25,840 [ERROR] Polling thread error: PLC disconnected: timed out
2026-02-12 16:00:28,922 [ERROR] Polling thread error: PLC disconnected: timed out
2026-02-12 16:00:32,000 [ERROR] Polling thread error: PLC disconnected: timed out
2026-02-12 16:00:35,086 [ERROR] Polling thread error: PLC disconnected: timed out
2026-02-12 16:00:38,175 [ERROR] Polling thread error: PLC disconnected: timed out
2026-02-12 16:00:41,265 [ERROR] Polling thread error: PLC disconnected: timed out
2026-02-12 16:00:44,353 [ERROR] Polling thread error: PLC disconnected: timed out
2026-02-12 16:00:47,431 [ERROR] Polling thread error: PLC disconnected: timed out
2026-02-12 16:00:50,514 [ERROR] Polling thread error: PLC disconnected: timed out
2026-02-12 16:00:53,596 [ERROR] Polling thread error: PLC disconnected: timed out
2026-02-12 16:00:56,684 [ERROR] Polling thread error: PLC disconnected: timed out
2026-02-12 16:00:59,761 [ERROR] Polling thread error: PLC disconnected: timed out
2026-02-12 16:01:02,841 [ERROR] Polling thread error: PLC disconnected: timed out
2026-02-12 16:01:05,926 [ERROR] Polling thread error: PLC disconnected: timed out
2026-02-12 16:01:09,013 [ERROR] Polling thread error: PLC disconnected: timed out
2026-02-12 16:01:12,102 [ERROR] Polling thread error: PLC disconnected: timed out
2026-02-12 16:01:15,184 [ERROR] Polling thread error: PLC disconnected: timed out
2026-02-12 16:01:18,273 [ERROR] Polling thread error: PLC disconnected: timed out
2026-02-12 16:01:21,361 [ERROR] Polling thread error: PLC disconnected: timed out
2026-02-12 16:01:24,453 [ERROR] Polling thread error: PLC disconnected: timed out
2026-02-12 16:01:27,535 [ERROR] Polling thread error: PLC disconnected: timed out
2026-02-12 16:01:30,622 [ERROR] Polling thread error: PLC disconnected: timed out
2026-02-12 16:01:33,711 [ERROR] Polling thread error: PLC disconnected: timed out
2026-02-12 16:01:36,793 [ERROR] Polling thread error: PLC disconnected: timed out
2026-02-12 16:01:39,872 [ERROR] Polling thread error: PLC disconnected: timed out
2026-02-12 16:01:42,956 [ERROR] Polling thread error: PLC disconnected: timed out
2026-02-12 16:01:46,046 [ERROR] Polling thread error: PLC disconnected: timed out
2026-02-12 16:01:49,125 [ERROR] Polling thread error: PLC disconnected: timed out
2026-02-12 16:01:52,217 [ERROR] Polling thread error: PLC disconnected: timed out
2026-02-12 16:01:55,306 [ERROR] Polling thread error: PLC disconnected: timed out
2026-02-12 16:01:58,391 [ERROR] Polling thread error: PLC disconnected: timed out
2026-02-12 16:02:01,483 [ERROR] Polling thread error: PLC disconnected: timed out
2026-02-12 16:02:04,573 [ERROR] Polling thread error: PLC disconnected: timed out
2026-02-12 16:02:07,656 [ERROR] Polling thread error: PLC disconnected: timed out
2026-02-12 16:02:10,739 [ERROR] Polling thread error: PLC disconnected: timed out
2026-02-12 16:02:13,816 [ERROR] Polling thread error: PLC disconnected: timed out
2026-02-12 16:02:16,907 [ERROR] Polling thread error: PLC disconnected: timed out
2026-02-12 16:02:19,990 [ERROR] Polling thread error: PLC disconnected: timed out
2026-02-12 16:02:23,071 [ERROR] Polling thread error: PLC disconnected: timed out
2026-02-12 16:02:26,159 [ERROR] Polling thread error: PLC disconnected: timed out
2026-02-12 16:02:29,245 [ERROR] Polling thread error: PLC disconnected: timed out
2026-02-12 16:02:32,331 [ERROR] Polling thread error: PLC disconnected: timed out
2026-02-12 16:02:35,409 [ERROR] Polling thread error: PLC disconnected: timed out
2026-02-12 16:02:38,491 [ERROR] Polling thread error: PLC disconnected: timed out
2026-02-12 16:02:41,575 [ERROR] Polling thread error: PLC disconnected: timed out
2026-02-12 16:02:44,665 [ERROR] Polling thread error: PLC disconnected: timed out
2026-02-12 16:02:47,748 [ERROR] Polling thread error: PLC disconnected: timed out
2026-02-12 16:02:50,830 [ERROR] Polling thread error: PLC disconnected: timed out
2026-02-12 16:02:53,910 [ERROR] Polling thread error: PLC disconnected: timed out
2026-02-12 16:02:56,992 [ERROR] Polling thread error: PLC disconnected: timed out
2026-02-12 16:03:00,077 [ERROR] Polling thread error: PLC disconnected: timed out
2026-02-12 16:03:03,155 [ERROR] Polling thread error: PLC disconnected: timed out
2026-02-12 16:03:06,245 [ERROR] Polling thread error: PLC disconnected: timed out
2026-02-12 16:03:09,323 [ERROR] Polling thread error: PLC disconnected: timed out
2026-02-12 16:03:12,400 [ERROR] Polling thread error: PLC disconnected: timed out
2026-02-12 16:03:15,480 [ERROR] Polling thread error: PLC disconnected: timed out
2026-02-12 16:03:18,571 [ERROR] Polling thread error: PLC disconnected: timed out
2026-02-12 16:03:21,656 [ERROR] Polling thread error: PLC disconnected: timed out
2026-02-12 16:03:24,742 [ERROR] Polling thread error: PLC disconnected: timed out
2026-02-12 16:03:27,833 [ERROR] Polling thread error: PLC disconnected: timed out
2026-02-12 16:03:30,920 [ERROR] Polling thread error: PLC disconnected: timed out
2026-02-12 16:03:34,007 [ERROR] Polling thread error: PLC disconnected: timed out
2026-02-12 16:03:37,099 [ERROR] Polling thread error: PLC disconnected: timed out
2026-02-12 16:03:40,186 [ERROR] Polling thread error: PLC disconnected: timed out
2026-02-12 16:03:43,268 [ERROR] Polling thread error: PLC disconnected: timed out
2026-02-12 16:03:46,345 [ERROR] Polling thread error: PLC disconnected: timed out
2026-02-12 16:03:49,422 [ERROR] Polling thread error: PLC disconnected: timed out
2026-02-12 16:03:52,513 [ERROR] Polling thread error: PLC disconnected: timed out
2026-02-12 16:03:55,603 [ERROR] Polling thread error: PLC disconnected: timed out
2026-02-12 16:03:58,691 [ERROR] Polling thread error: PLC disconnected: timed out
2026-02-12 16:04:01,775 [ERROR] Polling thread error: PLC disconnected: timed out
2026-02-12 16:04:04,866 [ERROR] Polling thread error: PLC disconnected: timed out
2026-02-12 16:04:07,957 [ERROR] Polling thread error: PLC disconnected: timed out
2026-02-12 16:04:11,038 [ERROR] Polling thread error: PLC disconnected: timed out
2026-02-12 16:04:14,114 [ERROR] Polling thread error: PLC disconnected: timed out
2026-02-12 16:04:17,197 [ERROR] Polling thread error: PLC disconnected: timed out
2026-02-12 16:04:20,283 [ERROR] Polling thread error: PLC disconnected: timed out
2026-02-12 16:04:23,366 [ERROR] Polling thread error: PLC disconnected: timed out
2026-02-12 16:04:26,447 [ERROR] Polling thread error: PLC disconnected: timed out
2026-02-12 16:04:29,538 [ERROR] Polling thread error: PLC disconnected: timed out
2026-02-12 16:04:32,628 [ERROR] Polling thread error: PLC disconnected: timed out
2026-02-12 16:04:35,720 [ERROR] Polling thread error: PLC disconnected: timed out
2026-02-12 16:04:38,810 [ERROR] Polling thread error: PLC disconnected: timed out
2026-02-12 16:04:41,901 [ERROR] Polling thread error: PLC disconnected: timed out
2026-02-12 16:04:44,985 [ERROR] Polling thread error: PLC disconnected: timed out
2026-02-12 16:04:48,067 [ERROR] Polling thread error: PLC disconnected: timed out
2026-02-12 16:04:51,159 [ERROR] Polling thread error: PLC disconnected: timed out
2026-02-12 16:04:54,237 [ERROR] Polling thread error: PLC disconnected: timed out
2026-02-12 16:04:57,324 [ERROR] Polling thread error: PLC disconnected: timed out
2026-02-12 16:05:00,407 [ERROR] Polling thread error: PLC disconnected: timed out
2026-02-12 16:05:03,491 [ERROR] Polling thread error: PLC disconnected: timed out
2026-02-12 16:05:06,571 [ERROR] Polling thread error: PLC disconnected: timed out
2026-02-12 16:05:09,647 [ERROR] Polling thread error: PLC disconnected: timed out
2026-02-12 16:05:12,731 [ERROR] Polling thread error: PLC disconnected: timed out
2026-02-12 16:05:15,810 [ERROR] Polling thread error: PLC disconnected: timed out
2026-02-12 16:05:18,893 [ERROR] Polling thread error: PLC disconnected: timed out
2026-02-12 16:05:21,975 [ERROR] Polling thread error: PLC disconnected: timed out
2026-02-12 16:05:25,063 [ERROR] Polling thread error: PLC disconnected: timed out
2026-02-12 16:05:28,147 [ERROR] Polling thread error: PLC disconnected: timed out
2026-02-12 16:05:31,229 [ERROR] Polling thread error: PLC disconnected: timed out
2026-02-12 16:05:34,314 [ERROR] Polling thread error: PLC disconnected: timed out
2026-02-12 16:05:37,403 [ERROR] Polling thread error: PLC disconnected: timed out
2026-02-12 16:05:40,480 [ERROR] Polling thread error: PLC disconnected: timed out
2026-02-12 16:05:43,570 [ERROR] Polling thread error: PLC disconnected: timed out
2026-02-12 16:05:46,647 [ERROR] Polling thread error: PLC disconnected: timed out
2026-02-12 16:05:49,734 [ERROR] Polling thread error: PLC disconnected: timed out
2026-02-12 16:05:52,822 [ERROR] Polling thread error: PLC disconnected: timed out
2026-02-12 16:05:55,908 [ERROR] Polling thread error: PLC disconnected: timed out
2026-02-12 16:05:58,989 [ERROR] Polling thread error: PLC disconnected: timed out
2026-02-12 16:06:02,077 [ERROR] Polling thread error: PLC disconnected: timed out
2026-02-12 16:06:05,163 [ERROR] Polling thread error: PLC disconnected: timed out
2026-02-12 16:06:08,253 [ERROR] Polling thread error: PLC disconnected: timed out
2026-02-12 16:06:11,334 [ERROR] Polling thread error: PLC disconnected: timed out
2026-02-12 16:06:14,413 [ERROR] Polling thread error: PLC disconnected: timed out
2026-02-12 16:06:17,501 [ERROR] Polling thread error: PLC disconnected: timed out
2026-02-12 16:06:20,589 [ERROR] Polling thread error: PLC disconnected: timed out
2026-02-12 16:06:23,677 [ERROR] Polling thread error: PLC disconnected: timed out
2026-02-12 16:06:26,768 [ERROR] Polling thread error: PLC disconnected: timed out
2026-02-12 16:06:29,853 [ERROR] Polling thread error: PLC disconnected: timed out
2026-02-12 16:06:32,936 [ERROR] Polling thread error: PLC disconnected: timed out
2026-02-12 16:06:36,019 [ERROR] Polling thread error: PLC disconnected: timed out
2026-02-12 16:06:39,110 [ERROR] Polling thread error: PLC disconnected: timed out
2026-02-12 16:06:42,200 [ERROR] Polling thread error: PLC disconnected: timed out
2026-02-12 16:06:45,277 [ERROR] Polling thread error: PLC disconnected: timed out
2026-02-12 16:06:48,358 [ERROR] Polling thread error: PLC disconnected: timed out
2026-02-12 16:06:51,450 [ERROR] Polling thread error: PLC disconnected: timed out
2026-02-12 16:06:54,527 [ERROR] Polling thread error: PLC disconnected: timed out
2026-02-12 16:06:57,609 [ERROR] Polling thread error: PLC disconnected: timed out
2026-02-12 16:07:00,686 [ERROR] Polling thread error: PLC disconnected: timed out
2026-02-12 16:07:03,765 [ERROR] Polling thread error: PLC disconnected: timed out
2026-02-12 16:07:06,850 [ERROR] Polling thread error: PLC disconnected: timed out
2026-02-12 16:07:09,939 [ERROR] Polling thread error: PLC disconnected: timed out
2026-02-12 16:07:13,017 [ERROR] Polling thread error: PLC disconnected: timed out
2026-02-12 16:07:16,107 [ERROR] Polling thread error: PLC disconnected: timed out
2026-02-12 16:07:19,188 [ERROR] Polling thread error: PLC disconnected: timed out
2026-02-12 16:07:22,269 [ERROR] Polling thread error: PLC disconnected: timed out
2026-02-12 16:07:25,354 [ERROR] Polling thread error: PLC disconnected: timed out
2026-02-12 16:07:28,445 [ERROR] Polling thread error: PLC disconnected: timed out
2026-02-12 16:07:31,526 [ERROR] Polling thread error: PLC disconnected: timed out
2026-02-12 16:07:34,603 [ERROR] Polling thread error: PLC disconnected: timed out
2026-02-12 16:07:37,690 [ERROR] Polling thread error: PLC disconnected: timed out
2026-02-12 16:07:40,766 [ERROR] Polling thread error: PLC disconnected: timed out
2026-02-12 16:07:43,845 [ERROR] Polling thread error: PLC disconnected: timed out
2026-02-12 16:07:46,936 [ERROR] Polling thread error: PLC disconnected: timed out
2026-02-12 16:07:50,025 [ERROR] Polling thread error: PLC disconnected: timed out
2026-02-12 16:07:53,105 [ERROR] Polling thread error: PLC disconnected: timed out
2026-02-12 16:07:56,191 [ERROR] Polling thread error: PLC disconnected: timed out
2026-02-12 16:07:59,268 [ERROR] Polling thread error: PLC disconnected: timed out
2026-02-12 16:08:02,358 [ERROR] Polling thread error: PLC disconnected: timed out
2026-02-12 16:08:05,449 [ERROR] Polling thread error: PLC disconnected: timed out
2026-02-12 16:08:08,532 [ERROR] Polling thread error: PLC disconnected: timed out
2026-02-12 16:08:11,614 [ERROR] Polling thread error: PLC disconnected: timed out
2026-02-12 16:08:14,698 [ERROR] Polling thread error: PLC disconnected: timed out
2026-02-12 16:08:17,786 [ERROR] Polling thread error: PLC disconnected: timed out
2026-02-12 16:08:20,877 [ERROR] Polling thread error: PLC disconnected: timed out
2026-02-12 16:08:23,955 [ERROR] Polling thread error: PLC disconnected: timed out
2026-02-12 16:08:27,039 [ERROR] Polling thread error: PLC disconnected: timed out
2026-02-12 16:08:30,128 [ERROR] Polling thread error: PLC disconnected: timed out
2026-02-12 16:08:33,218 [ERROR] Polling thread error: PLC disconnected: timed out
2026-02-12 16:08:36,295 [ERROR] Polling thread error: PLC disconnected: timed out
2026-02-12 16:08:39,382 [ERROR] Polling thread error: PLC disconnected: timed out
2026-02-12 16:08:42,474 [ERROR] Polling thread error: PLC disconnected: timed out
2026-02-12 16:08:45,561 [ERROR] Polling thread error: PLC disconnected: timed out
2026-02-12 16:08:48,653 [ERROR] Polling thread error: PLC disconnected: timed out
2026-02-12 16:08:51,730 [ERROR] Polling thread error: PLC disconnected: timed out
2026-02-12 16:08:54,818 [ERROR] Polling thread error: PLC disconnected: timed out
2026-02-12 16:08:57,900 [ERROR] Polling thread error: PLC disconnected: timed out
2026-02-12 16:09:00,990 [ERROR] Polling thread error: PLC disconnected: timed out
2026-02-12 16:09:04,067 [ERROR] Polling thread error: PLC disconnected: timed out
2026-02-12 16:09:07,156 [ERROR] Polling thread error: PLC disconnected: timed out
2026-02-12 16:09:10,247 [ERROR] Polling thread error: PLC disconnected: timed out
2026-02-12 16:09:13,334 [ERROR] Polling thread error: PLC disconnected: timed out
2026-02-12 16:09:16,418 [ERROR] Polling thread error: PLC disconnected: timed out
2026-02-12 16:09:19,509 [ERROR] Polling thread error: PLC disconnected: timed out
2026-02-12 16:09:22,595 [ERROR] Polling thread error: PLC disconnected: timed out
2026-02-12 16:09:25,676 [ERROR] Polling thread error: PLC disconnected: timed out
2026-02-12 16:09:28,766 [ERROR] Polling thread error: PLC disconnected: timed out
2026-02-12 16:09:31,851 [ERROR] Polling thread error: PLC disconnected: timed out
2026-02-12 16:09:34,931 [ERROR] Polling thread error: PLC disconnected: timed out
2026-02-12 16:09:38,018 [ERROR] Polling thread error: PLC disconnected: timed out
2026-02-12 16:09:41,104 [ERROR] Polling thread error: PLC disconnected: timed out
2026-02-12 16:09:44,182 [ERROR] Polling thread error: PLC disconnected: timed out
2026-02-12 16:09:47,263 [ERROR] Polling thread error: PLC disconnected: timed out
2026-02-12 16:09:50,345 [ERROR] Polling thread error: PLC disconnected: timed out
2026-02-12 16:09:53,434 [ERROR] Polling thread error: PLC disconnected: timed out
2026-02-12 16:09:56,521 [ERROR] Polling thread error: PLC disconnected: timed out
2026-02-12 16:09:59,598 [ERROR] Polling thread error: PLC disconnected: timed out
2026-02-12 16:10:02,676 [ERROR] Polling thread error: PLC disconnected: timed out
2026-02-12 16:10:05,757 [ERROR] Polling thread error: PLC disconnected: timed out
2026-02-12 16:10:08,836 [ERROR] Polling thread error: PLC disconnected: timed out
2026-02-12 16:10:11,924 [ERROR] Polling thread error: PLC disconnected: timed out
2026-02-12 16:10:15,011 [ERROR] Polling thread error: PLC disconnected: timed out
2026-02-12 16:10:18,099 [ERROR] Polling thread error: PLC disconnected: timed out
2026-02-12 16:10:21,188 [ERROR] Polling thread error: PLC disconnected: timed out
2026-02-12 16:10:24,268 [ERROR] Polling thread error: PLC disconnected: timed out
2026-02-12 16:10:27,357 [ERROR] Polling thread error: PLC disconnected: timed out
2026-02-12 16:10:30,433 [ERROR] Polling thread error: PLC disconnected: timed out
2026-02-12 16:10:33,517 [ERROR] Polling thread error: PLC disconnected: timed out
2026-02-12 16:10:36,603 [ERROR] Polling thread error: PLC disconnected: timed out
2026-02-12 16:10:39,684 [ERROR] Polling thread error: PLC disconnected: timed out
2026-02-12 16:10:42,771 [ERROR] Polling thread error: PLC disconnected: timed out
2026-02-12 16:10:45,847 [ERROR] Polling thread error: PLC disconnected: timed out
2026-02-12 16:10:48,938 [ERROR] Polling thread error: PLC disconnected: timed out
2026-02-12 16:10:52,020 [ERROR] Polling thread error: PLC disconnected: timed out
2026-02-12 16:10:55,106 [ERROR] Polling thread error: PLC disconnected: timed out
2026-02-12 16:10:58,189 [ERROR] Polling thread error: PLC disconnected: timed out
2026-02-12 16:11:01,266 [ERROR] Polling thread error: PLC disconnected: timed out
2026-02-12 16:11:04,355 [ERROR] Polling thread error: PLC disconnected: timed out
2026-02-12 16:11:07,442 [ERROR] Polling thread error: PLC disconnected: timed out
2026-02-12 16:11:10,519 [ERROR] Polling thread error: PLC disconnected: timed out
2026-02-12 16:11:13,606 [ERROR] Polling thread error: PLC disconnected: timed out
2026-02-12 16:11:16,691 [ERROR] Polling thread error: PLC disconnected: timed out
2026-02-12 16:11:19,777 [ERROR] Polling thread error: PLC disconnected: timed out
2026-02-12 16:11:22,862 [ERROR] Polling thread error: PLC disconnected: timed out
2026-02-12 16:11:25,953 [ERROR] Polling thread error: PLC disconnected: timed out
2026-02-12 16:11:29,035 [ERROR] Polling thread error: PLC disconnected: timed out
2026-02-12 16:11:32,119 [ERROR] Polling thread error: PLC disconnected: timed out
2026-02-12 16:11:35,209 [ERROR] Polling thread error: PLC disconnected: timed out
2026-02-12 16:11:38,294 [ERROR] Polling thread error: PLC disconnected: timed out
2026-02-12 16:11:41,375 [ERROR] Polling thread error: PLC disconnected: timed out
2026-02-12 16:11:44,461 [ERROR] Polling thread error: PLC disconnected: timed out
2026-02-12 16:11:47,541 [ERROR] Polling thread error: PLC disconnected: timed out
2026-02-12 16:11:50,631 [ERROR] Polling thread error: PLC disconnected: timed out
2026-02-12 16:11:53,715 [ERROR] Polling thread error: PLC disconnected: timed out
2026-02-12 16:11:56,803 [ERROR] Polling thread error: PLC disconnected: timed out
2026-02-12 16:11:59,892 [ERROR] Polling thread error: PLC disconnected: timed out
2026-02-12 16:12:02,971 [ERROR] Polling thread error: PLC disconnected: timed out
2026-02-12 16:12:06,055 [ERROR] Polling thread error: PLC disconnected: timed out
2026-02-12 16:12:09,133 [ERROR] Polling thread error: PLC disconnected: timed out
2026-02-12 16:12:12,214 [ERROR] Polling thread error: PLC disconnected: timed out
2026-02-12 16:12:15,302 [ERROR] Polling thread error: PLC disconnected: timed out
2026-02-12 16:12:18,390 [ERROR] Polling thread error: PLC disconnected: timed out
2026-02-12 16:12:21,479 [ERROR] Polling thread error: PLC disconnected: timed out
2026-02-12 16:12:24,564 [ERROR] Polling thread error: PLC disconnected: timed out
2026-02-12 16:12:27,641 [ERROR] Polling thread error: PLC disconnected: timed out
2026-02-12 16:12:30,732 [ERROR] Polling thread error: PLC disconnected: timed out
2026-02-12 16:12:33,824 [ERROR] Polling thread error: PLC disconnected: timed out
2026-02-12 16:12:36,911 [ERROR] Polling thread error: PLC disconnected: timed out
2026-02-12 16:12:39,997 [ERROR] Polling thread error: PLC disconnected: timed out
2026-02-12 16:12:43,074 [ERROR] Polling thread error: PLC disconnected: timed out
2026-02-12 16:12:46,163 [ERROR] Polling thread error: PLC disconnected: timed out
2026-02-12 16:12:49,240 [ERROR] Polling thread error: PLC disconnected: timed out
2026-02-12 16:12:52,319 [ERROR] Polling thread error: PLC disconnected: timed out
2026-02-12 16:12:55,407 [ERROR] Polling thread error: PLC disconnected: timed out
2026-02-12 16:12:58,499 [ERROR] Polling thread error: PLC disconnected: timed out
2026-02-12 16:13:01,579 [ERROR] Polling thread error: PLC disconnected: timed out
2026-02-12 16:13:04,659 [ERROR] Polling thread error: PLC disconnected: timed out
2026-02-12 16:13:07,740 [ERROR] Polling thread error: PLC disconnected: timed out
2026-02-12 16:13:10,826 [ERROR] Polling thread error: PLC disconnected: timed out
2026-02-12 16:13:13,906 [ERROR] Polling thread error: PLC disconnected: timed out
2026-02-12 16:13:16,997 [ERROR] Polling thread error: PLC disconnected: timed out
2026-02-12 16:13:20,083 [ERROR] Polling thread error: PLC disconnected: timed out
2026-02-12 16:13:23,170 [ERROR] Polling thread error: PLC disconnected: timed out
2026-02-12 16:13:26,257 [ERROR] Polling thread error: PLC disconnected: timed out
2026-02-12 16:13:29,348 [ERROR] Polling thread error: PLC disconnected: timed out
2026-02-12 16:13:32,435 [ERROR] Polling thread error: PLC disconnected: timed out
2026-02-12 16:13:35,526 [ERROR] Polling thread error: PLC disconnected: timed out
2026-02-12 16:13:38,606 [ERROR] Polling thread error: PLC disconnected: timed out
2026-02-12 16:13:41,689 [ERROR] Polling thread error: PLC disconnected: timed out
2026-02-12 16:13:44,775 [ERROR] Polling thread error: PLC disconnected: timed out
2026-02-12 16:13:47,860 [ERROR] Polling thread error: PLC disconnected: timed out
2026-02-12 16:13:50,947 [ERROR] Polling thread error: PLC disconnected: timed out
2026-02-12 16:13:54,033 [ERROR] Polling thread error: PLC disconnected: timed out
2026-02-12 16:13:57,116 [ERROR] Polling thread error: PLC disconnected: timed out
2026-02-12 16:14:00,201 [ERROR] Polling thread error: PLC disconnected: timed out
2026-02-12 16:14:03,278 [ERROR] Polling thread error: PLC disconnected: timed out
2026-02-12 16:14:06,366 [ERROR] Polling thread error: PLC disconnected: timed out
2026-02-12 16:14:09,445 [ERROR] Polling thread error: PLC disconnected: timed out
2026-02-12 16:14:12,522 [ERROR] Polling thread error: PLC disconnected: timed out
2026-02-12 16:14:15,607 [ERROR] Polling thread error: PLC disconnected: timed out
2026-02-12 16:14:18,694 [ERROR] Polling thread error: PLC disconnected: timed out
2026-02-12 16:14:21,784 [ERROR] Polling thread error: PLC disconnected: timed out
2026-02-12 16:14:24,875 [ERROR] Polling thread error: PLC disconnected: timed out
2026-02-12 16:14:27,966 [ERROR] Polling thread error: PLC disconnected: timed out
2026-02-12 16:14:31,050 [ERROR] Polling thread error: PLC disconnected: timed out
2026-02-12 16:14:34,127 [ERROR] Polling thread error: PLC disconnected: timed out
2026-02-12 16:14:37,213 [ERROR] Polling thread error: PLC disconnected: timed out
2026-02-12 16:14:40,304 [ERROR] Polling thread error: PLC disconnected: timed out
2026-02-12 16:14:43,392 [ERROR] Polling thread error: PLC disconnected: timed out
2026-02-12 16:14:46,480 [ERROR] Polling thread error: PLC disconnected: timed out
2026-02-12 16:14:49,567 [ERROR] Polling thread error: PLC disconnected: timed out
2026-02-12 16:14:52,656 [ERROR] Polling thread error: PLC disconnected: timed out
2026-02-12 16:14:55,735 [ERROR] Polling thread error: PLC disconnected: timed out
2026-02-12 16:14:58,822 [ERROR] Polling thread error: PLC disconnected: timed out
2026-02-12 16:15:01,910 [ERROR] Polling thread error: PLC disconnected: timed out
2026-02-12 16:15:04,988 [ERROR] Polling thread error: PLC disconnected: timed out
2026-02-12 16:15:08,080 [ERROR] Polling thread error: PLC disconnected: timed out
2026-02-12 16:15:11,166 [ERROR] Polling thread error: PLC disconnected: timed out
2026-02-12 16:15:14,255 [ERROR] Polling thread error: PLC disconnected: timed out
2026-02-12 16:15:17,336 [ERROR] Polling thread error: PLC disconnected: timed out
2026-02-12 16:15:20,413 [ERROR] Polling thread error: PLC disconnected: timed out
2026-02-12 16:15:23,499 [ERROR] Polling thread error: PLC disconnected: timed out
2026-02-12 16:15:26,587 [ERROR] Polling thread error: PLC disconnected: timed out
2026-02-12 16:15:29,674 [ERROR] Polling thread error: PLC disconnected: timed out
2026-02-12 16:15:32,760 [ERROR] Polling thread error: PLC disconnected: timed out
2026-02-12 16:15:35,853 [ERROR] Polling thread error: PLC disconnected: timed out
2026-02-12 16:15:38,938 [ERROR] Polling thread error: PLC disconnected: timed out
2026-02-12 16:15:42,019 [ERROR] Polling thread error: PLC disconnected: timed out
2026-02-12 16:15:45,106 [ERROR] Polling thread error: PLC disconnected: timed out
2026-02-12 16:15:48,186 [ERROR] Polling thread error: PLC disconnected: timed out
2026-02-12 16:15:51,276 [ERROR] Polling thread error: PLC disconnected: timed out
2026-02-12 16:15:54,367 [ERROR] Polling thread error: PLC disconnected: timed out
2026-02-12 16:15:57,450 [ERROR] Polling thread error: PLC disconnected: timed out
2026-02-12 16:16:00,532 [ERROR] Polling thread error: PLC disconnected: timed out
2026-02-12 16:16:03,610 [ERROR] Polling thread error: PLC disconnected: timed out
2026-02-12 16:16:06,701 [ERROR] Polling thread error: PLC disconnected: timed out
2026-02-12 16:16:09,782 [ERROR] Polling thread error: PLC disconnected: timed out
2026-02-12 16:16:12,870 [ERROR] Polling thread error: PLC disconnected: timed out
2026-02-12 16:16:15,954 [ERROR] Polling thread error: PLC disconnected: timed out
2026-02-12 16:16:19,037 [ERROR] Polling thread error: PLC disconnected: timed out
2026-02-12 16:16:22,123 [ERROR] Polling thread error: PLC disconnected: timed out
2026-02-12 16:16:25,210 [ERROR] Polling thread error: PLC disconnected: timed out
2026-02-12 16:16:28,300 [ERROR] Polling thread error: PLC disconnected: timed out
2026-02-12 16:16:31,378 [ERROR] Polling thread error: PLC disconnected: timed out
2026-02-12 16:16:34,458 [ERROR] Polling thread error: PLC disconnected: timed out
2026-02-12 16:16:37,552 [ERROR] Polling thread error: PLC disconnected: timed out
2026-02-12 16:16:40,632 [ERROR] Polling thread error: PLC disconnected: timed out
2026-02-12 16:16:43,722 [ERROR] Polling thread error: PLC disconnected: timed out
2026-02-12 16:16:46,807 [ERROR] Polling thread error: PLC disconnected: timed out
2026-02-12 16:16:49,900 [ERROR] Polling thread error: PLC disconnected: timed out
2026-02-12 16:16:52,985 [ERROR] Polling thread error: PLC disconnected: timed out
2026-02-12 16:16:56,064 [ERROR] Polling thread error: PLC disconnected: timed out
2026-02-12 16:16:59,141 [ERROR] Polling thread error: PLC disconnected: timed out
2026-02-12 16:17:02,226 [ERROR] Polling thread error: PLC disconnected: timed out
2026-02-12 16:17:05,304 [ERROR] Polling thread error: PLC disconnected: timed out
2026-02-12 16:17:08,394 [ERROR] Polling thread error: PLC disconnected: timed out
2026-02-12 16:17:11,474 [ERROR] Polling thread error: PLC disconnected: timed out
2026-02-12 16:17:14,566 [ERROR] Polling thread error: PLC disconnected: timed out
2026-02-12 16:17:17,647 [ERROR] Polling thread error: PLC disconnected: timed out
2026-02-12 16:17:20,737 [ERROR] Polling thread error: PLC disconnected: timed out
2026-02-12 16:17:23,822 [ERROR] Polling thread error: PLC disconnected: timed out
2026-02-12 16:17:26,906 [ERROR] Polling thread error: PLC disconnected: timed out
2026-02-12 16:17:29,986 [ERROR] Polling thread error: PLC disconnected: timed out
2026-02-12 16:17:33,078 [ERROR] Polling thread error: PLC disconnected: timed out
2026-02-12 16:17:36,162 [ERROR] Polling thread error: PLC disconnected: timed out
2026-02-12 16:17:39,249 [ERROR] Polling thread error: PLC disconnected: timed out
2026-02-12 16:17:42,336 [ERROR] Polling thread error: PLC disconnected: timed out
2026-02-12 16:17:45,415 [ERROR] Polling thread error: PLC disconnected: timed out
2026-02-12 16:17:48,501 [ERROR] Polling thread error: PLC disconnected: timed out
2026-02-12 16:17:51,589 [ERROR] Polling thread error: PLC disconnected: timed out
2026-02-12 16:17:54,670 [ERROR] Polling thread error: PLC disconnected: timed out
2026-02-12 16:17:57,749 [ERROR] Polling thread error: PLC disconnected: timed out
2026-02-12 16:18:00,838 [ERROR] Polling thread error: PLC disconnected: timed out
2026-02-12 16:18:03,931 [ERROR] Polling thread error: PLC disconnected: timed out
2026-02-12 16:18:07,025 [ERROR] Polling thread error: PLC disconnected: timed out
2026-02-12 16:18:10,117 [ERROR] Polling thread error: PLC disconnected: timed out
2026-02-12 16:18:13,216 [ERROR] Polling thread error: PLC disconnected: timed out
2026-02-12 16:18:16,305 [ERROR] Polling thread error: PLC disconnected: timed out
2026-02-12 16:18:19,394 [ERROR] Polling thread error: PLC disconnected: timed out
2026-02-12 16:18:22,480 [ERROR] Polling thread error: PLC disconnected: timed out
2026-02-12 16:18:25,570 [ERROR] Polling thread error: PLC disconnected: timed out
2026-02-12 16:18:28,659 [ERROR] Polling thread error: PLC disconnected: timed out
2026-02-12 16:18:31,748 [ERROR] Polling thread error: PLC disconnected: timed out
2026-02-12 16:18:34,846 [ERROR] Polling thread error: PLC disconnected: timed out
2026-02-12 16:18:37,929 [ERROR] Polling thread error: PLC disconnected: timed out
2026-02-12 16:18:41,008 [ERROR] Polling thread error: PLC disconnected: timed out
2026-02-12 16:18:44,090 [ERROR] Polling thread error: PLC disconnected: timed out
2026-02-12 16:18:47,174 [ERROR] Polling thread error: PLC disconnected: timed out
2026-02-12 16:18:50,257 [ERROR] Polling thread error: PLC disconnected: timed out
2026-02-12 16:18:53,336 [ERROR] Polling thread error: PLC disconnected: timed out
2026-02-12 16:18:56,416 [ERROR] Polling thread error: PLC disconnected: timed out
2026-02-12 16:18:59,504 [ERROR] Polling thread error: PLC disconnected: timed out
2026-02-12 16:19:02,584 [ERROR] Polling thread error: PLC disconnected: timed out
2026-02-12 16:19:05,673 [ERROR] Polling thread error: PLC disconnected: timed out
2026-02-12 16:19:08,765 [ERROR] Polling thread error: PLC disconnected: timed out
2026-02-12 16:19:11,849 [ERROR] Polling thread error: PLC disconnected: timed out
2026-02-12 16:19:14,933 [ERROR] Polling thread error: PLC disconnected: timed out
2026-02-12 16:19:18,017 [ERROR] Polling thread error: PLC disconnected: timed out
2026-02-12 16:19:21,111 [ERROR] Polling thread error: PLC disconnected: timed out
2026-02-12 16:19:24,194 [ERROR] Polling thread error: PLC disconnected: timed out
2026-02-12 16:19:27,274 [ERROR] Polling thread error: PLC disconnected: timed out
2026-02-12 16:19:30,359 [ERROR] Polling thread error: PLC disconnected: timed out
2026-02-12 16:19:33,445 [ERROR] Polling thread error: PLC disconnected: timed out
2026-02-12 16:19:36,529 [ERROR] Polling thread error: PLC disconnected: timed out
2026-02-12 16:19:39,614 [ERROR] Polling thread error: PLC disconnected: timed out
2026-02-12 16:19:42,699 [ERROR] Polling thread error: PLC disconnected: timed out
2026-02-12 16:19:45,784 [ERROR] Polling thread error: PLC disconnected: timed out
2026-02-12 16:19:48,865 [ERROR] Polling thread error: PLC disconnected: timed out
2026-02-12 16:19:51,950 [ERROR] Polling thread error: PLC disconnected: timed out
2026-02-12 16:19:55,040 [ERROR] Polling thread error: PLC disconnected: timed out
2026-02-12 16:19:58,134 [ERROR] Polling thread error: PLC disconnected: timed out
2026-02-12 16:20:01,213 [ERROR] Polling thread error: PLC disconnected: timed out
2026-02-12 16:20:04,307 [ERROR] Polling thread error: PLC disconnected: timed out
2026-02-12 16:20:07,388 [ERROR] Polling thread error: PLC disconnected: timed out
2026-02-12 16:20:10,475 [ERROR] Polling thread error: PLC disconnected: timed out
2026-02-12 16:20:13,565 [ERROR] Polling thread error: PLC disconnected: timed out
2026-02-12 16:20:16,653 [ERROR] Polling thread error: PLC disconnected: timed out
2026-02-12 16:20:19,741 [ERROR] Polling thread error: PLC disconnected: timed out
2026-02-12 16:20:22,835 [ERROR] Polling thread error: PLC disconnected: timed out
2026-02-12 16:20:25,927 [ERROR] Polling thread error: PLC disconnected: timed out
2026-02-12 16:20:29,005 [ERROR] Polling thread error: PLC disconnected: timed out
2026-02-12 16:20:32,095 [ERROR] Polling thread error: PLC disconnected: timed out
2026-02-12 16:20:35,180 [ERROR] Polling thread error: PLC disconnected: timed out
2026-02-12 16:20:38,269 [ERROR] Polling thread error: PLC disconnected: timed out
2026-02-12 16:20:40,357 [ERROR] Polling thread error: PLC disconnected: [WinError 10053] An established connection was aborted by the software in your host machine
2026-02-12 16:20:41,438 [ERROR] Polling thread error: PLC disconnected: [WinError 10013] An attempt was made to access a socket in a way forbidden by its access permissions
2026-02-12 16:20:42,544 [ERROR] Polling thread error: PLC disconnected: [WinError 10013] An attempt was made to access a socket in a way forbidden by its access permissions
2026-02-12 16:20:43,622 [ERROR] Polling thread error: PLC disconnected: [WinError 10013] An attempt was made to access a socket in a way forbidden by its access permissions
2026-02-12 16:20:44,718 [ERROR] Polling thread error: PLC disconnected: [WinError 10013] An attempt was made to access a socket in a way forbidden by its access permissions
2026-02-12 16:20:45,796 [ERROR] Polling thread error: PLC disconnected: [WinError 10013] An attempt was made to access a socket in a way forbidden by its access permissions
2026-02-12 16:20:46,876 [ERROR] Polling thread error: PLC disconnected: [WinError 10013] An attempt was made to access a socket in a way forbidden by its access permissions
2026-02-12 16:20:47,958 [ERROR] Polling thread error: PLC disconnected: [WinError 10013] An attempt was made to access a socket in a way forbidden by its access permissions
2026-02-12 16:20:49,084 [ERROR] Polling thread error: PLC disconnected: [WinError 10013] An attempt was made to access a socket in a way forbidden by its access permissions
2026-02-12 16:20:50,279 [ERROR] Polling thread error: PLC disconnected: [WinError 10013] An attempt was made to access a socket in a way forbidden by its access permissions
2026-02-12 16:20:51,383 [ERROR] Polling thread error: PLC disconnected: [WinError 10013] An attempt was made to access a socket in a way forbidden by its access permissions
2026-02-12 16:20:52,492 [ERROR] Polling thread error: PLC disconnected: [WinError 10013] An attempt was made to access a socket in a way forbidden by its access permissions
2026-02-12 16:20:53,585 [ERROR] Polling thread error: PLC disconnected: [WinError 10013] An attempt was made to access a socket in a way forbidden by its access permissions
2026-02-12 16:20:54,699 [ERROR] Polling thread error: PLC disconnected: [WinError 10013] An attempt was made to access a socket in a way forbidden by its access permissions
2026-02-12 16:20:57,800 [ERROR] Polling thread error: PLC disconnected: timed out
2026-02-12 16:21:00,893 [ERROR] Polling thread error: PLC disconnected: timed out
2026-02-12 16:21:03,983 [ERROR] Polling thread error: PLC disconnected: timed out
2026-02-12 16:21:07,074 [ERROR] Polling thread error: PLC disconnected: timed out
2026-02-12 16:21:10,157 [ERROR] Polling thread error: PLC disconnected: timed out
2026-02-12 16:21:13,251 [ERROR] Polling thread error: PLC disconnected: timed out
2026-02-12 16:21:16,340 [ERROR] Polling thread error: PLC disconnected: timed out
2026-02-12 16:21:19,424 [ERROR] Polling thread error: PLC disconnected: timed out
2026-02-12 16:21:22,517 [ERROR] Polling thread error: PLC disconnected: timed out
2026-02-12 16:21:25,602 [ERROR] Polling thread error: PLC disconnected: timed out
2026-02-12 16:21:28,681 [ERROR] Polling thread error: PLC disconnected: timed out
2026-02-12 16:21:31,777 [ERROR] Polling thread error: PLC disconnected: timed out
2026-02-12 16:21:34,860 [ERROR] Polling thread error: PLC disconnected: timed out
2026-02-12 16:21:37,942 [ERROR] Polling thread error: PLC disconnected: timed out
2026-02-12 16:21:41,023 [ERROR] Polling thread error: PLC disconnected: timed out
2026-02-12 16:21:44,113 [ERROR] Polling thread error: PLC disconnected: timed out
2026-02-12 16:21:47,205 [ERROR] Polling thread error: PLC disconnected: timed out
2026-02-12 16:21:50,286 [ERROR] Polling thread error: PLC disconnected: timed out
2026-02-12 16:21:53,371 [ERROR] Polling thread error: PLC disconnected: timed out
2026-02-12 16:21:56,457 [ERROR] Polling thread error: PLC disconnected: timed out
2026-02-12 16:21:59,552 [ERROR] Polling thread error: PLC disconnected: timed out
2026-02-12 16:22:02,643 [ERROR] Polling thread error: PLC disconnected: timed out
2026-02-12 16:22:05,721 [ERROR] Polling thread error: PLC disconnected: timed out
2026-02-12 16:22:08,801 [ERROR] Polling thread error: PLC disconnected: timed out
2026-02-12 16:22:11,890 [ERROR] Polling thread error: PLC disconnected: timed out
2026-02-12 16:22:14,984 [ERROR] Polling thread error: PLC disconnected: timed out
2026-02-12 16:22:18,072 [ERROR] Polling thread error: PLC disconnected: timed out
2026-02-12 16:22:21,168 [ERROR] Polling thread error: PLC disconnected: timed out
2026-02-12 16:22:24,249 [ERROR] Polling thread error: PLC disconnected: timed out
2026-02-12 16:22:27,337 [ERROR] Polling thread error: PLC disconnected: timed out
2026-02-12 16:22:30,423 [ERROR] Polling thread error: PLC disconnected: timed out
2026-02-12 16:22:33,509 [ERROR] Polling thread error: PLC disconnected: timed out
2026-02-12 16:22:36,590 [ERROR] Polling thread error: PLC disconnected: timed out
2026-02-12 16:22:39,677 [ERROR] Polling thread error: PLC disconnected: timed out
2026-02-12 16:22:42,770 [ERROR] Polling thread error: PLC disconnected: timed out
2026-02-12 16:22:45,852 [ERROR] Polling thread error: PLC disconnected: timed out
2026-02-12 16:22:48,945 [ERROR] Polling thread error: PLC disconnected: timed out
2026-02-12 16:22:52,033 [ERROR] Polling thread error: PLC disconnected: timed out
2026-02-12 16:22:55,123 [ERROR] Polling thread error: PLC disconnected: timed out
2026-02-12 16:22:58,204 [ERROR] Polling thread error: PLC disconnected: timed out
2026-02-12 16:23:01,283 [ERROR] Polling thread error: PLC disconnected: timed out
2026-02-12 16:23:04,373 [ERROR] Polling thread error: PLC disconnected: timed out
2026-02-12 16:23:07,456 [ERROR] Polling thread error: PLC disconnected: timed out
2026-02-12 16:23:10,542 [ERROR] Polling thread error: PLC disconnected: timed out
2026-02-12 16:23:13,624 [ERROR] Polling thread error: PLC disconnected: timed out
2026-02-12 16:23:16,716 [ERROR] Polling thread error: PLC disconnected: timed out
2026-02-12 16:23:19,798 [ERROR] Polling thread error: PLC disconnected: timed out
2026-02-12 16:23:22,880 [ERROR] Polling thread error: PLC disconnected: timed out
2026-02-12 16:23:25,969 [ERROR] Polling thread error: PLC disconnected: timed out
2026-02-12 16:23:29,048 [ERROR] Polling thread error: PLC disconnected: timed out
2026-02-12 16:23:32,132 [ERROR] Polling thread error: PLC disconnected: timed out
2026-02-12 16:23:35,211 [ERROR] Polling thread error: PLC disconnected: timed out
2026-02-12 16:23:38,301 [ERROR] Polling thread error: PLC disconnected: timed out
2026-02-12 16:23:41,381 [ERROR] Polling thread error: PLC disconnected: timed out
2026-02-12 16:23:44,468 [ERROR] Polling thread error: PLC disconnected: timed out
2026-02-12 16:23:47,563 [ERROR] Polling thread error: PLC disconnected: timed out
2026-02-12 16:23:50,648 [ERROR] Polling thread error: PLC disconnected: timed out
2026-02-12 16:23:53,735 [ERROR] Polling thread error: PLC disconnected: timed out
2026-02-12 16:23:56,828 [ERROR] Polling thread error: PLC disconnected: timed out
2026-02-12 16:23:59,914 [ERROR] Polling thread error: PLC disconnected: timed out
2026-02-12 16:24:03,005 [ERROR] Polling thread error: PLC disconnected: timed out
2026-02-12 16:24:06,097 [ERROR] Polling thread error: PLC disconnected: timed out
2026-02-12 16:24:09,193 [ERROR] Polling thread error: PLC disconnected: timed out
2026-02-12 16:24:12,279 [ERROR] Polling thread error: PLC disconnected: timed out
2026-02-12 16:24:15,376 [ERROR] Polling thread error: PLC disconnected: timed out
2026-02-12 16:24:18,466 [ERROR] Polling thread error: PLC disconnected: timed out
2026-02-12 16:24:21,550 [ERROR] Polling thread error: PLC disconnected: timed out
2026-02-12 16:24:24,640 [ERROR] Polling thread error: PLC disconnected: timed out
2026-02-12 16:24:27,732 [ERROR] Polling thread error: PLC disconnected: timed out
2026-02-12 16:24:30,822 [ERROR] Polling thread error: PLC disconnected: timed out
2026-02-12 16:24:33,907 [ERROR] Polling thread error: PLC disconnected: timed out
2026-02-12 16:24:36,991 [ERROR] Polling thread error: PLC disconnected: timed out
2026-02-12 16:24:40,082 [ERROR] Polling thread error: PLC disconnected: timed out
2026-02-12 16:24:43,171 [ERROR] Polling thread error: PLC disconnected: timed out
2026-02-12 16:24:46,262 [ERROR] Polling thread error: PLC disconnected: timed out
2026-02-12 16:24:49,350 [ERROR] Polling thread error: PLC disconnected: timed out
2026-02-12 16:24:52,429 [ERROR] Polling thread error: PLC disconnected: timed out
2026-02-12 16:24:55,509 [ERROR] Polling thread error: PLC disconnected: timed out
2026-02-12 16:24:58,592 [ERROR] Polling thread error: PLC disconnected: timed out
2026-02-12 16:25:01,674 [ERROR] Polling thread error: PLC disconnected: timed out
2026-02-12 16:25:04,755 [ERROR] Polling thread error: PLC disconnected: timed out
2026-02-12 16:25:07,842 [ERROR] Polling thread error: PLC disconnected: timed out
2026-02-12 16:25:10,921 [ERROR] Polling thread error: PLC disconnected: timed out
2026-02-12 16:25:14,009 [ERROR] Polling thread error: PLC disconnected: timed out
2026-02-12 16:25:17,089 [ERROR] Polling thread error: PLC disconnected: timed out
2026-02-12 16:25:20,172 [ERROR] Polling thread error: PLC disconnected: timed out
2026-02-12 16:25:23,260 [ERROR] Polling thread error: PLC disconnected: timed out
2026-02-12 16:25:26,350 [ERROR] Polling thread error: PLC disconnected: timed out
2026-02-12 16:25:29,434 [ERROR] Polling thread error: PLC disconnected: timed out
2026-02-12 16:25:32,520 [ERROR] Polling thread error: PLC disconnected: timed out
2026-02-12 16:25:35,603 [ERROR] Polling thread error: PLC disconnected: timed out
2026-02-12 16:25:38,686 [ERROR] Polling thread error: PLC disconnected: timed out
2026-02-12 16:25:41,770 [ERROR] Polling thread error: PLC disconnected: timed out
2026-02-12 16:25:44,861 [ERROR] Polling thread error: PLC disconnected: timed out
2026-02-12 16:25:47,944 [ERROR] Polling thread error: PLC disconnected: timed out
2026-02-12 16:25:51,032 [ERROR] Polling thread error: PLC disconnected: timed out
2026-02-12 16:25:54,124 [ERROR] Polling thread error: PLC disconnected: timed out
2026-02-12 16:25:57,208 [ERROR] Polling thread error: PLC disconnected: timed out
2026-02-12 16:26:00,292 [ERROR] Polling thread error: PLC disconnected: timed out
2026-02-12 16:26:03,378 [ERROR] Polling thread error: PLC disconnected: timed out
2026-02-12 16:26:06,463 [ERROR] Polling thread error: PLC disconnected: timed out
2026-02-12 16:26:09,548 [ERROR] Polling thread error: PLC disconnected: timed out
2026-02-12 16:26:12,637 [ERROR] Polling thread error: PLC disconnected: timed out
2026-02-12 16:26:15,731 [ERROR] Polling thread error: PLC disconnected: timed out
2026-02-12 16:26:18,819 [ERROR] Polling thread error: PLC disconnected: timed out
2026-02-12 16:26:21,912 [ERROR] Polling thread error: PLC disconnected: timed out
2026-02-12 16:26:24,997 [ERROR] Polling thread error: PLC disconnected: timed out
2026-02-12 16:26:28,082 [ERROR] Polling thread error: PLC disconnected: timed out
2026-02-12 16:26:31,167 [ERROR] Polling thread error: PLC disconnected: timed out
2026-02-12 16:26:34,253 [ERROR] Polling thread error: PLC disconnected: timed out
2026-02-12 16:26:37,335 [ERROR] Polling thread error: PLC disconnected: timed out
2026-02-12 16:26:40,423 [ERROR] Polling thread error: PLC disconnected: timed out
2026-02-12 16:26:43,506 [ERROR] Polling thread error: PLC disconnected: timed out
2026-02-12 16:26:46,594 [ERROR] Polling thread error: PLC disconnected: timed out
2026-02-12 16:26:49,684 [ERROR] Polling thread error: PLC disconnected: timed out
2026-02-12 16:26:52,774 [ERROR] Polling thread error: PLC disconnected: timed out
2026-02-12 16:26:55,857 [ERROR] Polling thread error: PLC disconnected: timed out
2026-02-12 16:26:58,936 [ERROR] Polling thread error: PLC disconnected: timed out
2026-02-12 16:27:02,028 [ERROR] Polling thread error: PLC disconnected: timed out
2026-02-12 16:27:05,117 [ERROR] Polling thread error: PLC disconnected: timed out
2026-02-12 16:27:08,201 [ERROR] Polling thread error: PLC disconnected: timed out
2026-02-12 16:27:11,284 [ERROR] Polling thread error: PLC disconnected: timed out
2026-02-12 16:27:14,378 [ERROR] Polling thread error: PLC disconnected: timed out
2026-02-12 16:27:17,457 [ERROR] Polling thread error: PLC disconnected: timed out
2026-02-12 16:27:20,535 [ERROR] Polling thread error: PLC disconnected: timed out
2026-02-12 16:27:23,617 [ERROR] Polling thread error: PLC disconnected: timed out
2026-02-12 16:27:26,708 [ERROR] Polling thread error: PLC disconnected: timed out
2026-02-12 16:27:29,802 [ERROR] Polling thread error: PLC disconnected: timed out
2026-02-12 16:27:32,886 [ERROR] Polling thread error: PLC disconnected: timed out
2026-02-12 16:27:35,975 [ERROR] Polling thread error: PLC disconnected: timed out
2026-02-12 16:27:39,054 [ERROR] Polling thread error: PLC disconnected: timed out
2026-02-12 16:27:42,148 [ERROR] Polling thread error: PLC disconnected: timed out
2026-02-12 16:27:45,227 [ERROR] Polling thread error: PLC disconnected: timed out
2026-02-12 16:27:48,323 [ERROR] Polling thread error: PLC disconnected: timed out
2026-02-12 16:27:51,406 [ERROR] Polling thread error: PLC disconnected: timed out
2026-02-12 16:27:54,499 [ERROR] Polling thread error: PLC disconnected: timed out
2026-02-12 16:27:57,586 [ERROR] Polling thread error: PLC disconnected: timed out
2026-02-12 16:28:00,682 [ERROR] Polling thread error: PLC disconnected: timed out
2026-02-12 16:28:03,762 [ERROR] Polling thread error: PLC disconnected: timed out
2026-02-12 16:28:06,846 [ERROR] Polling thread error: PLC disconnected: timed out
2026-02-12 16:28:09,931 [ERROR] Polling thread error: PLC disconnected: timed out
2026-02-12 16:28:13,022 [ERROR] Polling thread error: PLC disconnected: timed out
2026-02-12 16:28:16,111 [ERROR] Polling thread error: PLC disconnected: timed out
2026-02-12 16:28:19,199 [ERROR] Polling thread error: PLC disconnected: timed out
2026-02-12 16:28:22,286 [ERROR] Polling thread error: PLC disconnected: timed out
2026-02-12 16:28:25,380 [ERROR] Polling thread error: PLC disconnected: timed out
2026-02-12 16:28:28,467 [ERROR] Polling thread error: PLC disconnected: timed out
2026-02-12 16:28:31,552 [ERROR] Polling thread error: PLC disconnected: timed out
2026-02-12 16:28:34,638 [ERROR] Polling thread error: PLC disconnected: timed out
2026-02-12 16:28:37,725 [ERROR] Polling thread error: PLC disconnected: timed out
2026-02-12 16:28:40,808 [ERROR] Polling thread error: PLC disconnected: timed out
2026-02-12 16:28:43,891 [ERROR] Polling thread error: PLC disconnected: timed out
2026-02-12 16:28:46,975 [ERROR] Polling thread error: PLC disconnected: timed out
2026-02-12 16:28:50,068 [ERROR] Polling thread error: PLC disconnected: timed out
2026-02-12 16:28:53,156 [ERROR] Polling thread error: PLC disconnected: timed out
2026-02-12 16:28:56,243 [ERROR] Polling thread error: PLC disconnected: timed out
2026-02-12 16:28:59,324 [ERROR] Polling thread error: PLC disconnected: timed out
2026-02-12 16:29:02,402 [ERROR] Polling thread error: PLC disconnected: timed out
2026-02-12 16:29:05,488 [ERROR] Polling thread error: PLC disconnected: timed out
2026-02-12 16:29:08,572 [ERROR] Polling thread error: PLC disconnected: timed out
2026-02-12 16:29:11,655 [ERROR] Polling thread error: PLC disconnected: timed out
2026-02-12 16:29:14,743 [ERROR] Polling thread error: PLC disconnected: timed out
2026-02-12 16:29:17,835 [ERROR] Polling thread error: PLC disconnected: timed out
2026-02-12 16:29:20,918 [ERROR] Polling thread error: PLC disconnected: timed out
2026-02-12 16:29:24,005 [ERROR] Polling thread error: PLC disconnected: timed out
2026-02-12 16:29:27,093 [ERROR] Polling thread error: PLC disconnected: timed out
2026-02-12 16:29:30,176 [ERROR] Polling thread error: PLC disconnected: timed out
2026-02-12 16:29:33,262 [ERROR] Polling thread error: PLC disconnected: timed out
2026-02-12 16:29:36,351 [ERROR] Polling thread error: PLC disconnected: timed out
2026-02-12 16:29:39,441 [ERROR] Polling thread error: PLC disconnected: timed out
2026-02-12 16:29:42,532 [ERROR] Polling thread error: PLC disconnected: timed out
2026-02-12 16:29:45,618 [ERROR] Polling thread error: PLC disconnected: timed out
2026-02-12 16:29:48,710 [ERROR] Polling thread error: PLC disconnected: timed out
2026-02-12 16:29:51,790 [ERROR] Polling thread error: PLC disconnected: timed out
2026-02-12 16:29:54,872 [ERROR] Polling thread error: PLC disconnected: timed out
2026-02-12 16:29:57,962 [ERROR] Polling thread error: PLC disconnected: timed out
2026-02-12 16:30:01,047 [ERROR] Polling thread error: PLC disconnected: timed out
2026-02-12 16:30:04,137 [ERROR] Polling thread error: PLC disconnected: timed out
2026-02-12 16:30:07,227 [ERROR] Polling thread error: PLC disconnected: timed out
2026-02-12 16:30:10,313 [ERROR] Polling thread error: PLC disconnected: timed out
2026-02-12 16:30:13,393 [ERROR] Polling thread error: PLC disconnected: timed out
2026-02-12 16:30:16,480 [ERROR] Polling thread error: PLC disconnected: timed out
2026-02-12 16:30:19,567 [ERROR] Polling thread error: PLC disconnected: timed out
2026-02-12 16:30:22,656 [ERROR] Polling thread error: PLC disconnected: timed out
2026-02-12 16:30:25,744 [ERROR] Polling thread error: PLC disconnected: timed out
2026-02-12 16:30:28,825 [ERROR] Polling thread error: PLC disconnected: timed out
2026-02-12 16:30:31,903 [ERROR] Polling thread error: PLC disconnected: timed out
2026-02-12 16:30:34,979 [ERROR] Polling thread error: PLC disconnected: timed out
2026-02-12 16:30:38,067 [ERROR] Polling thread error: PLC disconnected: timed out
2026-02-12 16:30:41,151 [ERROR] Polling thread error: PLC disconnected: timed out
2026-02-12 16:30:44,228 [ERROR] Polling thread error: PLC disconnected: timed out
2026-02-12 16:30:47,312 [ERROR] Polling thread error: PLC disconnected: timed out
2026-02-12 16:30:50,400 [ERROR] Polling thread error: PLC disconnected: timed out
2026-02-12 16:30:53,488 [ERROR] Polling thread error: PLC disconnected: timed out
2026-02-12 16:30:56,574 [ERROR] Polling thread error: PLC disconnected: timed out
2026-02-12 16:30:59,652 [ERROR] Polling thread error: PLC disconnected: timed out
2026-02-12 16:31:02,733 [ERROR] Polling thread error: PLC disconnected: timed out
2026-02-12 16:31:05,815 [ERROR] Polling thread error: PLC disconnected: timed out
2026-02-12 16:31:08,900 [ERROR] Polling thread error: PLC disconnected: timed out
2026-02-12 16:31:11,989 [ERROR] Polling thread error: PLC disconnected: timed out
2026-02-12 16:31:15,078 [ERROR] Polling thread error: PLC disconnected: timed out
2026-02-12 16:31:18,170 [ERROR] Polling thread error: PLC disconnected: timed out
2026-02-12 16:31:21,259 [ERROR] Polling thread error: PLC disconnected: timed out
2026-02-12 16:31:24,335 [ERROR] Polling thread error: PLC disconnected: timed out
2026-02-12 16:31:27,416 [ERROR] Polling thread error: PLC disconnected: timed out
2026-02-12 16:31:30,499 [ERROR] Polling thread error: PLC disconnected: timed out
2026-02-12 16:31:33,588 [ERROR] Polling thread error: PLC disconnected: timed out
2026-02-12 16:31:36,675 [ERROR] Polling thread error: PLC disconnected: timed out
2026-02-12 16:31:39,756 [ERROR] Polling thread error: PLC disconnected: timed out
2026-02-12 16:31:42,833 [ERROR] Polling thread error: PLC disconnected: timed out
2026-02-12 16:31:45,909 [ERROR] Polling thread error: PLC disconnected: timed out
2026-02-12 16:31:48,997 [ERROR] Polling thread error: PLC disconnected: timed out
2026-02-12 16:31:52,081 [ERROR] Polling thread error: PLC disconnected: timed out
2026-02-12 16:31:55,169 [ERROR] Polling thread error: PLC disconnected: timed out
2026-02-12 16:31:58,254 [ERROR] Polling thread error: PLC disconnected: timed out
2026-02-12 16:32:01,343 [ERROR] Polling thread error: PLC disconnected: timed out
2026-02-12 16:32:04,422 [ERROR] Polling thread error: PLC disconnected: timed out
2026-02-12 16:32:07,503 [ERROR] Polling thread error: PLC disconnected: timed out
2026-02-12 16:32:10,591 [ERROR] Polling thread error: PLC disconnected: timed out
2026-02-12 16:32:13,674 [ERROR] Polling thread error: PLC disconnected: timed out
2026-02-12 16:32:16,761 [ERROR] Polling thread error: PLC disconnected: timed out
2026-02-12 16:32:19,840 [ERROR] Polling thread error: PLC disconnected: timed out
2026-02-12 16:32:22,926 [ERROR] Polling thread error: PLC disconnected: timed out
2026-02-12 16:32:26,014 [ERROR] Polling thread error: PLC disconnected: timed out
2026-02-12 16:32:29,101 [ERROR] Polling thread error: PLC disconnected: timed out
2026-02-12 16:32:32,189 [ERROR] Polling thread error: PLC disconnected: timed out
2026-02-12 16:32:35,266 [ERROR] Polling thread error: PLC disconnected: timed out
2026-02-12 16:32:38,347 [ERROR] Polling thread error: PLC disconnected: timed out
2026-02-12 16:32:41,438 [ERROR] Polling thread error: PLC disconnected: timed out
2026-02-12 16:32:44,526 [ERROR] Polling thread error: PLC disconnected: timed out
2026-02-12 16:32:47,608 [ERROR] Polling thread error: PLC disconnected: timed out
2026-02-12 16:32:50,688 [ERROR] Polling thread error: PLC disconnected: timed out
2026-02-12 16:32:53,772 [ERROR] Polling thread error: PLC disconnected: timed out
2026-02-12 16:32:56,851 [ERROR] Polling thread error: PLC disconnected: timed out
2026-02-12 16:32:59,941 [ERROR] Polling thread error: PLC disconnected: timed out
2026-02-12 16:33:03,023 [ERROR] Polling thread error: PLC disconnected: timed out
2026-02-12 16:33:06,113 [ERROR] Polling thread error: PLC disconnected: timed out
2026-02-12 16:33:09,200 [ERROR] Polling thread error: PLC disconnected: timed out
2026-02-12 16:33:12,284 [ERROR] Polling thread error: PLC disconnected: timed out
2026-02-12 16:33:15,361 [ERROR] Polling thread error: PLC disconnected: timed out
2026-02-12 16:33:18,451 [ERROR] Polling thread error: PLC disconnected: timed out
2026-02-12 16:33:21,537 [ERROR] Polling thread error: PLC disconnected: timed out
2026-02-12 16:33:24,622 [ERROR] Polling thread error: PLC disconnected: timed out
2026-02-12 16:33:27,706 [ERROR] Polling thread error: PLC disconnected: timed out
2026-02-12 16:33:30,791 [ERROR] Polling thread error: PLC disconnected: timed out
2026-02-12 16:33:33,878 [ERROR] Polling thread error: PLC disconnected: timed out
2026-02-12 16:33:36,965 [ERROR] Polling thread error: PLC disconnected: timed out
2026-02-12 16:33:40,048 [ERROR] Polling thread error: PLC disconnected: timed out
2026-02-12 16:33:43,134 [ERROR] Polling thread error: PLC disconnected: timed out
2026-02-12 16:33:46,222 [ERROR] Polling thread error: PLC disconnected: timed out
2026-02-12 16:33:49,309 [ERROR] Polling thread error: PLC disconnected: timed out
2026-02-12 16:33:52,394 [ERROR] Polling thread error: PLC disconnected: timed out
2026-02-12 16:33:55,484 [ERROR] Polling thread error: PLC disconnected: timed out
2026-02-12 16:33:58,568 [ERROR] Polling thread error: PLC disconnected: timed out
2026-02-12 16:34:01,649 [ERROR] Polling thread error: PLC disconnected: timed out
2026-02-12 16:34:04,730 [ERROR] Polling thread error: PLC disconnected: timed out
2026-02-12 16:34:07,818 [ERROR] Polling thread error: PLC disconnected: timed out
2026-02-12 16:34:10,897 [ERROR] Polling thread error: PLC disconnected: timed out
2026-02-12 16:34:13,981 [ERROR] Polling thread error: PLC disconnected: timed out
2026-02-12 16:34:17,070 [ERROR] Polling thread error: PLC disconnected: timed out
2026-02-12 16:34:20,157 [ERROR] Polling thread error: PLC disconnected: timed out
2026-02-12 16:34:23,234 [ERROR] Polling thread error: PLC disconnected: timed out
2026-02-12 16:34:26,315 [ERROR] Polling thread error: PLC disconnected: timed out
2026-02-12 16:34:29,399 [ERROR] Polling thread error: PLC disconnected: timed out
2026-02-12 16:34:32,475 [ERROR] Polling thread error: PLC disconnected: timed out
2026-02-12 16:34:35,553 [ERROR] Polling thread error: PLC disconnected: timed out
2026-02-12 16:34:38,641 [ERROR] Polling thread error: PLC disconnected: timed out
2026-02-12 16:34:41,725 [ERROR] Polling thread error: PLC disconnected: timed out
2026-02-12 16:34:44,802 [ERROR] Polling thread error: PLC disconnected: timed out
2026-02-12 16:34:47,890 [ERROR] Polling thread error: PLC disconnected: timed out
2026-02-12 16:34:50,972 [ERROR] Polling thread error: PLC disconnected: timed out
2026-02-12 16:34:54,064 [ERROR] Polling thread error: PLC disconnected: timed out
2026-02-12 16:34:57,156 [ERROR] Polling thread error: PLC disconnected: timed out
2026-02-12 16:35:00,234 [ERROR] Polling thread error: PLC disconnected: timed out
2026-02-12 16:35:03,321 [ERROR] Polling thread error: PLC disconnected: timed out
2026-02-12 16:35:06,412 [ERROR] Polling thread error: PLC disconnected: timed out
2026-02-12 16:35:09,493 [ERROR] Polling thread error: PLC disconnected: timed out
2026-02-12 16:35:12,582 [ERROR] Polling thread error: PLC disconnected: timed out
2026-02-12 16:35:15,671 [ERROR] Polling thread error: PLC disconnected: timed out
2026-02-12 16:35:18,747 [ERROR] Polling thread error: PLC disconnected: timed out
2026-02-12 16:35:21,825 [ERROR] Polling thread error: PLC disconnected: timed out
2026-02-12 16:35:24,917 [ERROR] Polling thread error: PLC disconnected: timed out
2026-02-12 16:35:27,999 [ERROR] Polling thread error: PLC disconnected: timed out
2026-02-12 16:35:31,082 [ERROR] Polling thread error: PLC disconnected: timed out
2026-02-12 16:35:34,159 [ERROR] Polling thread error: PLC disconnected: timed out
2026-02-12 16:35:37,247 [ERROR] Polling thread error: PLC disconnected: timed out
2026-02-12 16:35:40,329 [ERROR] Polling thread error: PLC disconnected: timed out
2026-02-12 16:35:43,418 [ERROR] Polling thread error: PLC disconnected: timed out
2026-02-12 16:35:46,495 [ERROR] Polling thread error: PLC disconnected: timed out
2026-02-12 16:35:49,583 [ERROR] Polling thread error: PLC disconnected: timed out
2026-02-12 16:35:52,671 [ERROR] Polling thread error: PLC disconnected: timed out
2026-02-12 16:35:55,748 [ERROR] Polling thread error: PLC disconnected: timed out
2026-02-12 16:35:58,839 [ERROR] Polling thread error: PLC disconnected: timed out
2026-02-12 16:36:01,928 [ERROR] Polling thread error: PLC disconnected: timed out
2026-02-12 16:36:05,006 [ERROR] Polling thread error: PLC disconnected: timed out
2026-02-12 16:36:08,097 [ERROR] Polling thread error: PLC disconnected: timed out
2026-02-12 16:36:11,187 [ERROR] Polling thread error: PLC disconnected: timed out
2026-02-12 16:36:14,279 [ERROR] Polling thread error: PLC disconnected: timed out
2026-02-12 16:36:17,367 [ERROR] Polling thread error: PLC disconnected: timed out
2026-02-12 16:36:20,449 [ERROR] Polling thread error: PLC disconnected: timed out
2026-02-12 16:36:23,530 [ERROR] Polling thread error: PLC disconnected: timed out
2026-02-12 16:36:26,618 [ERROR] Polling thread error: PLC disconnected: timed out
2026-02-12 16:36:29,697 [ERROR] Polling thread error: PLC disconnected: timed out
2026-02-12 16:36:32,786 [ERROR] Polling thread error: PLC disconnected: timed out
2026-02-12 16:36:35,868 [ERROR] Polling thread error: PLC disconnected: timed out
2026-02-12 16:36:38,957 [ERROR] Polling thread error: PLC disconnected: timed out
2026-02-12 16:36:42,044 [ERROR] Polling thread error: PLC disconnected: timed out
2026-02-12 16:36:45,121 [ERROR] Polling thread error: PLC disconnected: timed out
2026-02-12 16:36:48,203 [ERROR] Polling thread error: PLC disconnected: timed out
2026-02-12 16:36:51,293 [ERROR] Polling thread error: PLC disconnected: timed out
2026-02-12 16:36:54,379 [ERROR] Polling thread error: PLC disconnected: timed out
2026-02-12 16:36:57,465 [ERROR] Polling thread error: PLC disconnected: timed out
2026-02-12 16:37:00,555 [ERROR] Polling thread error: PLC disconnected: timed out
2026-02-12 16:37:03,637 [ERROR] Polling thread error: PLC disconnected: timed out
2026-02-12 16:37:06,727 [ERROR] Polling thread error: PLC disconnected: timed out
2026-02-12 16:37:09,807 [ERROR] Polling thread error: PLC disconnected: timed out
2026-02-12 16:37:12,894 [ERROR] Polling thread error: PLC disconnected: timed out
2026-02-12 16:37:15,984 [ERROR] Polling thread error: PLC disconnected: timed out
2026-02-12 16:37:19,075 [ERROR] Polling thread error: PLC disconnected: timed out
2026-02-12 16:37:22,160 [ERROR] Polling thread error: PLC disconnected: timed out
2026-02-12 16:37:25,237 [ERROR] Polling thread error: PLC disconnected: timed out
2026-02-12 16:37:28,322 [ERROR] Polling thread error: PLC disconnected: timed out
2026-02-12 16:37:31,410 [ERROR] Polling thread error: PLC disconnected: timed out
2026-02-12 16:37:34,497 [ERROR] Polling thread error: PLC disconnected: timed out
2026-02-12 16:37:37,585 [ERROR] Polling thread error: PLC disconnected: timed out
2026-02-12 16:37:40,674 [ERROR] Polling thread error: PLC disconnected: timed out
2026-02-12 16:37:43,754 [ERROR] Polling thread error: PLC disconnected: timed out
2026-02-12 16:37:46,840 [ERROR] Polling thread error: PLC disconnected: timed out
2026-02-12 16:37:49,928 [ERROR] Polling thread error: PLC disconnected: timed out
2026-02-12 16:37:53,019 [ERROR] Polling thread error: PLC disconnected: timed out
2026-02-12 16:37:56,107 [ERROR] Polling thread error: PLC disconnected: timed out
2026-02-12 16:37:59,186 [ERROR] Polling thread error: PLC disconnected: timed out
2026-02-12 16:38:02,275 [ERROR] Polling thread error: PLC disconnected: timed out
2026-02-12 16:38:05,364 [ERROR] Polling thread error: PLC disconnected: timed out
2026-02-12 16:38:08,447 [ERROR] Polling thread error: PLC disconnected: timed out
2026-02-12 16:38:11,530 [ERROR] Polling thread error: PLC disconnected: timed out
2026-02-12 16:38:14,613 [ERROR] Polling thread error: PLC disconnected: timed out
2026-02-12 16:38:17,705 [ERROR] Polling thread error: PLC disconnected: timed out
2026-02-12 16:38:20,783 [ERROR] Polling thread error: PLC disconnected: timed out
2026-02-12 16:38:23,874 [ERROR] Polling thread error: PLC disconnected: timed out
2026-02-12 16:38:26,958 [ERROR] Polling thread error: PLC disconnected: timed out
2026-02-12 16:38:30,044 [ERROR] Polling thread error: PLC disconnected: timed out
2026-02-12 16:38:33,129 [ERROR] Polling thread error: PLC disconnected: timed out
2026-02-12 16:38:36,215 [ERROR] Polling thread error: PLC disconnected: timed out
2026-02-12 16:38:39,303 [ERROR] Polling thread error: PLC disconnected: timed out
2026-02-12 16:38:42,384 [ERROR] Polling thread error: PLC disconnected: timed out
2026-02-12 16:38:45,463 [ERROR] Polling thread error: PLC disconnected: timed out
2026-02-12 16:38:48,550 [ERROR] Polling thread error: PLC disconnected: timed out
2026-02-12 16:38:51,632 [ERROR] Polling thread error: PLC disconnected: timed out
2026-02-12 16:38:54,718 [ERROR] Polling thread error: PLC disconnected: timed out
2026-02-12 16:38:57,803 [ERROR] Polling thread error: PLC disconnected: timed out
2026-02-12 16:39:00,881 [ERROR] Polling thread error: PLC disconnected: timed out
2026-02-12 16:39:03,971 [ERROR] Polling thread error: PLC disconnected: timed out
2026-02-12 16:39:07,061 [ERROR] Polling thread error: PLC disconnected: timed out
2026-02-12 16:39:10,144 [ERROR] Polling thread error: PLC disconnected: timed out
2026-02-12 16:39:13,228 [ERROR] Polling thread error: PLC disconnected: timed out
2026-02-12 16:39:16,313 [ERROR] Polling thread error: PLC disconnected: timed out
2026-02-12 16:39:19,404 [ERROR] Polling thread error: PLC disconnected: timed out
2026-02-12 16:39:22,492 [ERROR] Polling thread error: PLC disconnected: timed out
2026-02-12 16:39:25,575 [ERROR] Polling thread error: PLC disconnected: timed out
2026-02-12 16:39:28,663 [ERROR] Polling thread error: PLC disconnected: timed out
2026-02-12 16:39:31,740 [ERROR] Polling thread error: PLC disconnected: timed out
2026-02-12 16:39:34,825 [ERROR] Polling thread error: PLC disconnected: timed out
2026-02-12 16:39:37,916 [ERROR] Polling thread error: PLC disconnected: timed out
2026-02-12 16:39:41,005 [ERROR] Polling thread error: PLC disconnected: timed out
2026-02-12 16:39:44,090 [ERROR] Polling thread error: PLC disconnected: timed out
2026-02-12 16:39:47,180 [ERROR] Polling thread error: PLC disconnected: timed out
2026-02-12 16:39:50,257 [ERROR] Polling thread error: PLC disconnected: timed out
2026-02-12 16:39:53,339 [ERROR] Polling thread error: PLC disconnected: timed out
2026-02-12 16:39:56,420 [ERROR] Polling thread error: PLC disconnected: timed out
2026-02-12 16:39:59,497 [ERROR] Polling thread error: PLC disconnected: timed out
2026-02-12 16:40:02,588 [ERROR] Polling thread error: PLC disconnected: timed out
2026-02-12 16:40:05,678 [ERROR] Polling thread error: PLC disconnected: timed out
2026-02-12 16:40:08,768 [ERROR] Polling thread error: PLC disconnected: timed out
2026-02-12 16:40:11,846 [ERROR] Polling thread error: PLC disconnected: timed out
2026-02-12 16:40:14,923 [ERROR] Polling thread error: PLC disconnected: timed out
2026-02-12 16:40:18,009 [ERROR] Polling thread error: PLC disconnected: timed out
2026-02-12 16:40:21,085 [ERROR] Polling thread error: PLC disconnected: timed out
2026-02-12 16:40:24,163 [ERROR] Polling thread error: PLC disconnected: timed out
2026-02-12 16:40:27,247 [ERROR] Polling thread error: PLC disconnected: timed out
2026-02-12 16:40:30,331 [ERROR] Polling thread error: PLC disconnected: timed out
2026-02-12 16:40:33,411 [ERROR] Polling thread error: PLC disconnected: timed out
2026-02-12 16:40:36,495 [ERROR] Polling thread error: PLC disconnected: timed out
2026-02-12 16:40:39,572 [ERROR] Polling thread error: PLC disconnected: timed out
2026-02-12 16:40:42,661 [ERROR] Polling thread error: PLC disconnected: timed out
2026-02-12 16:40:45,739 [ERROR] Polling thread error: PLC disconnected: timed out
2026-02-12 16:40:48,822 [ERROR] Polling thread error: PLC disconnected: timed out
2026-02-12 16:40:51,911 [ERROR] Polling thread error: PLC disconnected: timed out
2026-02-12 16:40:54,997 [ERROR] Polling thread error: PLC disconnected: timed out
2026-02-12 16:40:58,080 [ERROR] Polling thread error: PLC disconnected: timed out
2026-02-12 16:41:01,168 [ERROR] Polling thread error: PLC disconnected: timed out
2026-02-12 16:41:04,253 [ERROR] Polling thread error: PLC disconnected: timed out
2026-02-12 16:41:07,331 [ERROR] Polling thread error: PLC disconnected: timed out
2026-02-12 16:41:10,418 [ERROR] Polling thread error: PLC disconnected: timed out
2026-02-12 16:41:13,500 [ERROR] Polling thread error: PLC disconnected: timed out
2026-02-12 16:41:16,591 [ERROR] Polling thread error: PLC disconnected: timed out
2026-02-12 16:41:19,668 [ERROR] Polling thread error: PLC disconnected: timed out
2026-02-12 16:41:22,759 [ERROR] Polling thread error: PLC disconnected: timed out
2026-02-12 16:41:25,845 [ERROR] Polling thread error: PLC disconnected: timed out
2026-02-12 16:41:28,928 [ERROR] Polling thread error: PLC disconnected: timed out
2026-02-12 16:41:32,010 [ERROR] Polling thread error: PLC disconnected: timed out
2026-02-12 16:41:35,094 [ERROR] Polling thread error: PLC disconnected: timed out
2026-02-12 16:41:38,178 [ERROR] Polling thread error: PLC disconnected: timed out
2026-02-12 16:41:41,268 [ERROR] Polling thread error: PLC disconnected: timed out
2026-02-12 16:41:44,354 [ERROR] Polling thread error: PLC disconnected: timed out
2026-02-12 16:41:47,438 [ERROR] Polling thread error: PLC disconnected: timed out
2026-02-12 16:41:50,519 [ERROR] Polling thread error: PLC disconnected: timed out
2026-02-12 16:41:53,597 [ERROR] Polling thread error: PLC disconnected: timed out
2026-02-12 16:41:56,686 [ERROR] Polling thread error: PLC disconnected: timed out
2026-02-12 16:41:59,774 [ERROR] Polling thread error: PLC disconnected: timed out
2026-02-12 16:42:02,864 [ERROR] Polling thread error: PLC disconnected: timed out
2026-02-12 16:42:05,953 [ERROR] Polling thread error: PLC disconnected: timed out
2026-02-12 16:42:09,041 [ERROR] Polling thread error: PLC disconnected: timed out
2026-02-12 16:42:12,129 [ERROR] Polling thread error: PLC disconnected: timed out
2026-02-12 16:42:15,216 [ERROR] Polling thread error: PLC disconnected: timed out
2026-02-12 16:42:18,298 [ERROR] Polling thread error: PLC disconnected: timed out
2026-02-12 16:42:21,381 [ERROR] Polling thread error: PLC disconnected: timed out
2026-02-12 16:42:24,459 [ERROR] Polling thread error: PLC disconnected: timed out
2026-02-12 16:42:27,549 [ERROR] Polling thread error: PLC disconnected: timed out
2026-02-12 16:42:30,625 [ERROR] Polling thread error: PLC disconnected: timed out
2026-02-12 16:42:33,706 [ERROR] Polling thread error: PLC disconnected: timed out
2026-02-12 16:42:36,793 [ERROR] Polling thread error: PLC disconnected: timed out
2026-02-12 16:42:39,870 [ERROR] Polling thread error: PLC disconnected: timed out
2026-02-12 16:42:42,948 [ERROR] Polling thread error: PLC disconnected: timed out
2026-02-12 16:42:46,026 [ERROR] Polling thread error: PLC disconnected: timed out
2026-02-12 16:42:49,112 [ERROR] Polling thread error: PLC disconnected: timed out
2026-02-12 16:42:52,196 [ERROR] Polling thread error: PLC disconnected: timed out
2026-02-12 16:42:55,282 [ERROR] Polling thread error: PLC disconnected: timed out
2026-02-12 16:42:58,370 [ERROR] Polling thread error: PLC disconnected: timed out
2026-02-12 16:43:01,457 [ERROR] Polling thread error: PLC disconnected: timed out
2026-02-12 16:43:04,542 [ERROR] Polling thread error: PLC disconnected: timed out
2026-02-12 16:43:07,626 [ERROR] Polling thread error: PLC disconnected: timed out
2026-02-12 16:43:10,716 [ERROR] Polling thread error: PLC disconnected: timed out
2026-02-12 16:43:13,797 [ERROR] Polling thread error: PLC disconnected: timed out
2026-02-12 16:43:16,888 [ERROR] Polling thread error: PLC disconnected: timed out
2026-02-12 16:43:19,975 [ERROR] Polling thread error: PLC disconnected: timed out
2026-02-12 16:43:23,052 [ERROR] Polling thread error: PLC disconnected: timed out
2026-02-12 16:43:26,139 [ERROR] Polling thread error: PLC disconnected: timed out
2026-02-12 16:43:29,219 [ERROR] Polling thread error: PLC disconnected: timed out
2026-02-12 16:43:32,299 [ERROR] Polling thread error: PLC disconnected: timed out
2026-02-12 16:43:35,388 [ERROR] Polling thread error: PLC disconnected: timed out
2026-02-12 16:43:38,477 [ERROR] Polling thread error: PLC disconnected: timed out
2026-02-12 16:43:41,556 [ERROR] Polling thread error: PLC disconnected: timed out
2026-02-12 16:43:44,647 [ERROR] Polling thread error: PLC disconnected: timed out
2026-02-12 16:43:47,725 [ERROR] Polling thread error: PLC disconnected: timed out
2026-02-12 16:43:50,805 [ERROR] Polling thread error: PLC disconnected: timed out
2026-02-12 16:43:53,894 [ERROR] Polling thread error: PLC disconnected: timed out
2026-02-12 16:43:56,982 [ERROR] Polling thread error: PLC disconnected: timed out
2026-02-12 16:44:00,068 [ERROR] Polling thread error: PLC disconnected: timed out
2026-02-12 16:44:03,154 [ERROR] Polling thread error: PLC disconnected: timed out
2026-02-12 16:44:06,245 [ERROR] Polling thread error: PLC disconnected: timed out
2026-02-12 16:44:09,327 [ERROR] Polling thread error: PLC disconnected: timed out
2026-02-12 16:44:12,410 [ERROR] Polling thread error: PLC disconnected: timed out
2026-02-12 16:44:15,501 [ERROR] Polling thread error: PLC disconnected: timed out
2026-02-12 16:44:18,591 [ERROR] Polling thread error: PLC disconnected: timed out
2026-02-12 16:44:21,681 [ERROR] Polling thread error: PLC disconnected: timed out
2026-02-12 16:44:24,767 [ERROR] Polling thread error: PLC disconnected: timed out
2026-02-12 16:44:27,850 [ERROR] Polling thread error: PLC disconnected: timed out
2026-02-12 16:44:30,932 [ERROR] Polling thread error: PLC disconnected: timed out
2026-02-12 16:44:34,014 [ERROR] Polling thread error: PLC disconnected: timed out
2026-02-12 16:44:37,098 [ERROR] Polling thread error: PLC disconnected: timed out
2026-02-12 16:44:40,188 [ERROR] Polling thread error: PLC disconnected: timed out
2026-02-12 16:44:43,272 [ERROR] Polling thread error: PLC disconnected: timed out
2026-02-12 16:44:46,363 [ERROR] Polling thread error: PLC disconnected: timed out
2026-02-12 16:44:49,453 [ERROR] Polling thread error: PLC disconnected: timed out
2026-02-12 16:44:52,531 [ERROR] Polling thread error: PLC disconnected: timed out
2026-02-12 16:44:55,612 [ERROR] Polling thread error: PLC disconnected: timed out
2026-02-12 16:44:58,703 [ERROR] Polling thread error: PLC disconnected: timed out
2026-02-12 16:45:01,784 [ERROR] Polling thread error: PLC disconnected: timed out
2026-02-12 16:45:04,867 [ERROR] Polling thread error: PLC disconnected: timed out
2026-02-12 16:45:07,953 [ERROR] Polling thread error: PLC disconnected: timed out
2026-02-12 16:45:11,041 [ERROR] Polling thread error: PLC disconnected: timed out
2026-02-12 16:45:14,132 [ERROR] Polling thread error: PLC disconnected: timed out
2026-02-12 16:45:17,222 [ERROR] Polling thread error: PLC disconnected: timed out
2026-02-12 16:45:20,303 [ERROR] Polling thread error: PLC disconnected: timed out
2026-02-12 16:45:23,391 [ERROR] Polling thread error: PLC disconnected: timed out
2026-02-12 16:45:26,474 [ERROR] Polling thread error: PLC disconnected: timed out
2026-02-12 16:45:29,550 [ERROR] Polling thread error: PLC disconnected: timed out
2026-02-12 16:45:32,634 [ERROR] Polling thread error: PLC disconnected: timed out
2026-02-12 16:45:35,712 [ERROR] Polling thread error: PLC disconnected: timed out
2026-02-12 16:45:38,792 [ERROR] Polling thread error: PLC disconnected: timed out
2026-02-12 16:45:41,885 [ERROR] Polling thread error: PLC disconnected: timed out
2026-02-12 16:45:44,967 [ERROR] Polling thread error: PLC disconnected: timed out
2026-02-12 16:45:48,056 [ERROR] Polling thread error: PLC disconnected: timed out
2026-02-12 16:45:51,141 [ERROR] Polling thread error: PLC disconnected: timed out
2026-02-12 16:45:54,226 [ERROR] Polling thread error: PLC disconnected: timed out
2026-02-12 16:45:57,304 [ERROR] Polling thread error: PLC disconnected: timed out
2026-02-12 16:46:00,382 [ERROR] Polling thread error: PLC disconnected: timed out
2026-02-12 16:46:03,460 [ERROR] Polling thread error: PLC disconnected: timed out
2026-02-12 16:46:06,547 [ERROR] Polling thread error: PLC disconnected: timed out
2026-02-12 16:46:09,629 [ERROR] Polling thread error: PLC disconnected: timed out
2026-02-12 16:46:12,709 [ERROR] Polling thread error: PLC disconnected: timed out
2026-02-12 16:46:15,797 [ERROR] Polling thread error: PLC disconnected: timed out
2026-02-12 16:46:18,882 [ERROR] Polling thread error: PLC disconnected: timed out
2026-02-12 16:46:21,972 [ERROR] Polling thread error: PLC disconnected: timed out
2026-02-12 16:46:25,063 [ERROR] Polling thread error: PLC disconnected: timed out
2026-02-12 16:46:28,145 [ERROR] Polling thread error: PLC disconnected: timed out
2026-02-12 16:46:31,227 [ERROR] Polling thread error: PLC disconnected: timed out
2026-02-12 16:46:34,306 [ERROR] Polling thread error: PLC disconnected: timed out
2026-02-12 16:46:37,390 [ERROR] Polling thread error: PLC disconnected: timed out
2026-02-12 16:46:40,465 [ERROR] Polling thread error: PLC disconnected: timed out
2026-02-12 16:46:43,544 [ERROR] Polling thread error: PLC disconnected: timed out
2026-02-12 16:46:46,628 [ERROR] Polling thread error: PLC disconnected: timed out
2026-02-12 16:46:49,713 [ERROR] Polling thread error: PLC disconnected: timed out
2026-02-12 16:46:52,797 [ERROR] Polling thread error: PLC disconnected: timed out
2026-02-12 16:46:55,887 [ERROR] Polling thread error: PLC disconnected: timed out
2026-02-12 16:46:58,966 [ERROR] Polling thread error: PLC disconnected: timed out
2026-02-12 16:47:02,044 [ERROR] Polling thread error: PLC disconnected: timed out
2026-02-12 16:47:05,131 [ERROR] Polling thread error: PLC disconnected: timed out
2026-02-12 16:47:08,209 [ERROR] Polling thread error: PLC disconnected: timed out
2026-02-12 16:47:11,289 [ERROR] Polling thread error: PLC disconnected: timed out
2026-02-12 16:47:14,375 [ERROR] Polling thread error: PLC disconnected: timed out
2026-02-12 16:47:17,459 [ERROR] Polling thread error: PLC disconnected: timed out
2026-02-12 16:47:20,540 [ERROR] Polling thread error: PLC disconnected: timed out
2026-02-12 16:47:23,622 [ERROR] Polling thread error: PLC disconnected: timed out
2026-02-12 16:47:26,699 [ERROR] Polling thread error: PLC disconnected: timed out
2026-02-12 16:47:29,790 [ERROR] Polling thread error: PLC disconnected: timed out
2026-02-12 16:47:32,875 [ERROR] Polling thread error: PLC disconnected: timed out
2026-02-12 16:47:35,953 [ERROR] Polling thread error: PLC disconnected: timed out
2026-02-12 16:47:39,043 [ERROR] Polling thread error: PLC disconnected: timed out
2026-02-12 16:47:42,134 [ERROR] Polling thread error: PLC disconnected: timed out
2026-02-12 16:47:45,212 [ERROR] Polling thread error: PLC disconnected: timed out
2026-02-12 16:47:48,290 [ERROR] Polling thread error: PLC disconnected: timed out
2026-02-12 16:47:51,371 [ERROR] Polling thread error: PLC disconnected: timed out
2026-02-12 16:47:54,447 [ERROR] Polling thread error: PLC disconnected: timed out
2026-02-12 16:47:57,534 [ERROR] Polling thread error: PLC disconnected: timed out
2026-02-12 16:48:00,625 [ERROR] Polling thread error: PLC disconnected: timed out
2026-02-12 16:48:03,704 [ERROR] Polling thread error: PLC disconnected: timed out
2026-02-12 16:48:06,789 [ERROR] Polling thread error: PLC disconnected: timed out
2026-02-12 16:48:09,866 [ERROR] Polling thread error: PLC disconnected: timed out
2026-02-12 16:48:12,957 [ERROR] Polling thread error: PLC disconnected: timed out
2026-02-12 16:48:16,039 [ERROR] Polling thread error: PLC disconnected: timed out
2026-02-12 16:48:19,116 [ERROR] Polling thread error: PLC disconnected: timed out
2026-02-12 16:48:22,207 [ERROR] Polling thread error: PLC disconnected: timed out
2026-02-12 16:48:25,297 [ERROR] Polling thread error: PLC disconnected: timed out
2026-02-12 16:48:28,386 [ERROR] Polling thread error: PLC disconnected: timed out
2026-02-12 16:48:31,474 [ERROR] Polling thread error: PLC disconnected: timed out
2026-02-12 16:48:34,559 [ERROR] Polling thread error: PLC disconnected: timed out
2026-02-12 16:48:37,644 [ERROR] Polling thread error: PLC disconnected: timed out
2026-02-12 16:48:40,725 [ERROR] Polling thread error: PLC disconnected: timed out
2026-02-12 16:48:43,813 [ERROR] Polling thread error: PLC disconnected: timed out
2026-02-12 16:48:46,900 [ERROR] Polling thread error: PLC disconnected: timed out
2026-02-12 16:48:49,986 [ERROR] Polling thread error: PLC disconnected: timed out
2026-02-12 16:48:53,074 [ERROR] Polling thread error: PLC disconnected: timed out
2026-02-12 16:48:56,164 [ERROR] Polling thread error: PLC disconnected: timed out
2026-02-12 16:48:59,251 [ERROR] Polling thread error: PLC disconnected: timed out
2026-02-12 16:49:02,335 [ERROR] Polling thread error: PLC disconnected: timed out
2026-02-12 16:49:05,422 [ERROR] Polling thread error: PLC disconnected: timed out
2026-02-12 16:49:08,500 [ERROR] Polling thread error: PLC disconnected: timed out
2026-02-12 16:49:11,582 [ERROR] Polling thread error: PLC disconnected: timed out
2026-02-12 16:49:14,673 [ERROR] Polling thread error: PLC disconnected: timed out
2026-02-12 16:49:17,751 [ERROR] Polling thread error: PLC disconnected: timed out
2026-02-12 16:49:20,832 [ERROR] Polling thread error: PLC disconnected: timed out
2026-02-12 16:49:23,924 [ERROR] Polling thread error: PLC disconnected: timed out
2026-02-12 16:49:27,000 [ERROR] Polling thread error: PLC disconnected: timed out
2026-02-12 16:49:30,084 [ERROR] Polling thread error: PLC disconnected: timed out
2026-02-12 16:49:33,170 [ERROR] Polling thread error: PLC disconnected: timed out
2026-02-12 16:49:36,252 [ERROR] Polling thread error: PLC disconnected: timed out
2026-02-12 16:49:39,336 [ERROR] Polling thread error: PLC disconnected: timed out
2026-02-12 16:49:42,420 [ERROR] Polling thread error: PLC disconnected: timed out
2026-02-12 16:49:45,500 [ERROR] Polling thread error: PLC disconnected: timed out
2026-02-12 16:49:48,587 [ERROR] Polling thread error: PLC disconnected: timed out
2026-02-12 16:49:51,671 [ERROR] Polling thread error: PLC disconnected: timed out
2026-02-12 16:49:54,760 [ERROR] Polling thread error: PLC disconnected: timed out
2026-02-12 16:49:57,847 [ERROR] Polling thread error: PLC disconnected: timed out
2026-02-12 16:50:00,926 [ERROR] Polling thread error: PLC disconnected: timed out
2026-02-12 16:50:04,017 [ERROR] Polling thread error: PLC disconnected: timed out
2026-02-12 16:50:07,104 [ERROR] Polling thread error: PLC disconnected: timed out
2026-02-12 16:50:10,194 [ERROR] Polling thread error: PLC disconnected: timed out
2026-02-12 16:50:13,280 [ERROR] Polling thread error: PLC disconnected: timed out
2026-02-12 16:50:16,367 [ERROR] Polling thread error: PLC disconnected: timed out
2026-02-12 16:50:19,443 [ERROR] Polling thread error: PLC disconnected: timed out
2026-02-12 16:50:22,535 [ERROR] Polling thread error: PLC disconnected: timed out
2026-02-12 16:50:25,623 [ERROR] Polling thread error: PLC disconnected: timed out
2026-02-12 16:50:28,703 [ERROR] Polling thread error: PLC disconnected: timed out
2026-02-12 16:50:31,793 [ERROR] Polling thread error: PLC disconnected: timed out
2026-02-12 16:50:34,882 [ERROR] Polling thread error: PLC disconnected: timed out
2026-02-12 16:50:37,972 [ERROR] Polling thread error: PLC disconnected: timed out
2026-02-12 16:50:41,059 [ERROR] Polling thread error: PLC disconnected: timed out
2026-02-12 16:50:44,147 [ERROR] Polling thread error: PLC disconnected: timed out
2026-02-12 16:50:47,235 [ERROR] Polling thread error: PLC disconnected: timed out
2026-02-12 16:50:50,318 [ERROR] Polling thread error: PLC disconnected: timed out
2026-02-12 16:50:53,400 [ERROR] Polling thread error: PLC disconnected: timed out
2026-02-12 16:50:56,481 [ERROR] Polling thread error: PLC disconnected: timed out
2026-02-12 16:50:59,572 [ERROR] Polling thread error: PLC disconnected: timed out
2026-02-12 16:51:02,660 [ERROR] Polling thread error: PLC disconnected: timed out
2026-02-12 16:51:05,737 [ERROR] Polling thread error: PLC disconnected: timed out
2026-02-12 16:51:08,816 [ERROR] Polling thread error: PLC disconnected: timed out
2026-02-12 16:51:11,907 [ERROR] Polling thread error: PLC disconnected: timed out
2026-02-12 16:51:14,998 [ERROR] Polling thread error: PLC disconnected: timed out
2026-02-12 16:51:18,084 [ERROR] Polling thread error: PLC disconnected: timed out
2026-02-12 16:51:21,161 [ERROR] Polling thread error: PLC disconnected: timed out
2026-02-12 16:51:24,247 [ERROR] Polling thread error: PLC disconnected: timed out
2026-02-12 16:51:27,334 [ERROR] Polling thread error: PLC disconnected: timed out
2026-02-12 16:51:30,425 [ERROR] Polling thread error: PLC disconnected: timed out
2026-02-12 16:51:33,506 [ERROR] Polling thread error: PLC disconnected: timed out
2026-02-12 16:51:36,588 [ERROR] Polling thread error: PLC disconnected: timed out
2026-02-12 16:51:38,678 [ERROR] Polling thread error: PLC disconnected: [WinError 10053] An established connection was aborted by the software in your host machine
2026-02-12 16:51:39,772 [ERROR] Polling thread error: PLC disconnected: [WinError 10013] An attempt was made to access a socket in a way forbidden by its access permissions
2026-02-12 16:51:40,864 [ERROR] Polling thread error: PLC disconnected: [WinError 10013] An attempt was made to access a socket in a way forbidden by its access permissions
2026-02-12 16:51:41,957 [ERROR] Polling thread error: PLC disconnected: [WinError 10013] An attempt was made to access a socket in a way forbidden by its access permissions
2026-02-12 16:51:43,054 [ERROR] Polling thread error: PLC disconnected: [WinError 10013] An attempt was made to access a socket in a way forbidden by its access permissions
2026-02-12 16:51:44,130 [ERROR] Polling thread error: PLC disconnected: [WinError 10013] An attempt was made to access a socket in a way forbidden by its access permissions
2026-02-12 16:51:47,217 [ERROR] Polling thread error: PLC disconnected: timed out
2026-02-12 16:51:50,301 [ERROR] Polling thread error: PLC disconnected: timed out
2026-02-12 16:51:53,382 [ERROR] Polling thread error: PLC disconnected: timed out
2026-02-12 16:51:56,459 [ERROR] Polling thread error: PLC disconnected: timed out
2026-02-12 16:51:59,549 [ERROR] Polling thread error: PLC disconnected: timed out
2026-02-12 16:52:02,625 [ERROR] Polling thread error: PLC disconnected: timed out
2026-02-12 16:52:05,715 [ERROR] Polling thread error: PLC disconnected: timed out
2026-02-12 16:52:08,801 [ERROR] Polling thread error: PLC disconnected: timed out
2026-02-12 16:52:11,884 [ERROR] Polling thread error: PLC disconnected: timed out
2026-02-12 16:52:14,972 [ERROR] Polling thread error: PLC disconnected: timed out
2026-02-12 16:52:18,061 [ERROR] Polling thread error: PLC disconnected: timed out
2026-02-12 16:52:21,151 [ERROR] Polling thread error: PLC disconnected: timed out
2026-02-12 16:52:24,228 [ERROR] Polling thread error: PLC disconnected: timed out
2026-02-12 16:52:27,309 [ERROR] Polling thread error: PLC disconnected: timed out
2026-02-12 16:52:30,386 [ERROR] Polling thread error: PLC disconnected: timed out
2026-02-12 16:52:33,463 [ERROR] Polling thread error: PLC disconnected: timed out
2026-02-12 16:52:36,543 [ERROR] Polling thread error: PLC disconnected: timed out
2026-02-12 16:52:39,622 [ERROR] Polling thread error: PLC disconnected: timed out
2026-02-12 16:52:42,707 [ERROR] Polling thread error: PLC disconnected: timed out
2026-02-12 16:52:45,791 [ERROR] Polling thread error: PLC disconnected: timed out
2026-02-12 16:52:48,869 [ERROR] Polling thread error: PLC disconnected: timed out
2026-02-12 16:52:51,959 [ERROR] Polling thread error: PLC disconnected: timed out
2026-02-12 16:52:55,043 [ERROR] Polling thread error: PLC disconnected: timed out
2026-02-12 16:52:58,134 [ERROR] Polling thread error: PLC disconnected: timed out
2026-02-12 16:53:01,216 [ERROR] Polling thread error: PLC disconnected: timed out
2026-02-12 16:53:04,298 [ERROR] Polling thread error: PLC disconnected: timed out
2026-02-12 16:53:07,378 [ERROR] Polling thread error: PLC disconnected: timed out
2026-02-12 16:53:10,460 [ERROR] Polling thread error: PLC disconnected: timed out
2026-02-12 16:53:13,536 [ERROR] Polling thread error: PLC disconnected: timed out
2026-02-12 16:53:16,616 [ERROR] Polling thread error: PLC disconnected: timed out
2026-02-12 16:53:19,706 [ERROR] Polling thread error: PLC disconnected: timed out
2026-02-12 16:53:22,794 [ERROR] Polling thread error: PLC disconnected: timed out
2026-02-12 16:53:25,874 [ERROR] Polling thread error: PLC disconnected: timed out
2026-02-12 16:53:28,951 [ERROR] Polling thread error: PLC disconnected: timed out
2026-02-12 16:53:32,035 [ERROR] Polling thread error: PLC disconnected: timed out
2026-02-12 16:53:35,120 [ERROR] Polling thread error: PLC disconnected: timed out
2026-02-12 16:53:38,197 [ERROR] Polling thread error: PLC disconnected: timed out
2026-02-12 16:53:41,275 [ERROR] Polling thread error: PLC disconnected: timed out
2026-02-12 16:53:44,359 [ERROR] Polling thread error: PLC disconnected: timed out
2026-02-12 16:53:47,447 [ERROR] Polling thread error: PLC disconnected: timed out
2026-02-12 16:53:50,533 [ERROR] Polling thread error: PLC disconnected: timed out
2026-02-12 16:53:53,625 [ERROR] Polling thread error: PLC disconnected: timed out
2026-02-12 16:53:56,714 [ERROR] Polling thread error: PLC disconnected: timed out
2026-02-12 16:53:59,791 [ERROR] Polling thread error: PLC disconnected: timed out
2026-02-12 16:54:02,881 [ERROR] Polling thread error: PLC disconnected: timed out
2026-02-12 16:54:05,957 [ERROR] Polling thread error: PLC disconnected: timed out
2026-02-12 16:54:09,033 [ERROR] Polling thread error: PLC disconnected: timed out
2026-02-12 16:54:12,122 [ERROR] Polling thread error: PLC disconnected: timed out
2026-02-12 16:54:15,208 [ERROR] Polling thread error: PLC disconnected: timed out
2026-02-12 16:54:18,294 [ERROR] Polling thread error: PLC disconnected: timed out
2026-02-12 16:54:21,381 [ERROR] Polling thread error: PLC disconnected: timed out
2026-02-12 16:54:24,470 [ERROR] Polling thread error: PLC disconnected: timed out
2026-02-12 16:54:27,547 [ERROR] Polling thread error: PLC disconnected: timed out
2026-02-12 16:54:30,628 [ERROR] Polling thread error: PLC disconnected: timed out
2026-02-12 16:54:33,716 [ERROR] Polling thread error: PLC disconnected: timed out
2026-02-12 16:54:36,804 [ERROR] Polling thread error: PLC disconnected: timed out
2026-02-12 16:54:39,889 [ERROR] Polling thread error: PLC disconnected: timed out
2026-02-12 16:54:42,973 [ERROR] Polling thread error: PLC disconnected: timed out
2026-02-12 16:54:46,057 [ERROR] Polling thread error: PLC disconnected: timed out
2026-02-12 16:54:49,141 [ERROR] Polling thread error: PLC disconnected: timed out
2026-02-12 16:54:52,227 [ERROR] Polling thread error: PLC disconnected: timed out
2026-02-12 16:54:55,316 [ERROR] Polling thread error: PLC disconnected: timed out
2026-02-12 16:54:58,398 [ERROR] Polling thread error: PLC disconnected: timed out
2026-02-12 16:55:01,475 [ERROR] Polling thread error: PLC disconnected: timed out
2026-02-12 16:55:04,563 [ERROR] Polling thread error: PLC disconnected: timed out
2026-02-12 16:55:07,647 [ERROR] Polling thread error: PLC disconnected: timed out
2026-02-12 16:55:10,725 [ERROR] Polling thread error: PLC disconnected: timed out
2026-02-12 16:55:13,805 [ERROR] Polling thread error: PLC disconnected: timed out
2026-02-12 16:55:16,891 [ERROR] Polling thread error: PLC disconnected: timed out
2026-02-12 16:55:19,981 [ERROR] Polling thread error: PLC disconnected: timed out
2026-02-12 16:55:23,071 [ERROR] Polling thread error: PLC disconnected: timed out
2026-02-12 16:55:26,153 [ERROR] Polling thread error: PLC disconnected: timed out
2026-02-12 16:55:29,238 [ERROR] Polling thread error: PLC disconnected: timed out
2026-02-12 16:55:32,323 [ERROR] Polling thread error: PLC disconnected: timed out
2026-02-12 16:55:35,400 [ERROR] Polling thread error: PLC disconnected: timed out
2026-02-12 16:55:38,492 [ERROR] Polling thread error: PLC disconnected: timed out
2026-02-12 16:55:41,578 [ERROR] Polling thread error: PLC disconnected: timed out
2026-02-12 16:55:44,663 [ERROR] Polling thread error: PLC disconnected: timed out
2026-02-12 16:55:47,743 [ERROR] Polling thread error: PLC disconnected: timed out
2026-02-12 16:55:50,829 [ERROR] Polling thread error: PLC disconnected: timed out
2026-02-12 16:55:53,909 [ERROR] Polling thread error: PLC disconnected: timed out
2026-02-12 16:55:56,993 [ERROR] Polling thread error: PLC disconnected: timed out
2026-02-12 16:56:00,078 [ERROR] Polling thread error: PLC disconnected: timed out
2026-02-12 16:56:03,166 [ERROR] Polling thread error: PLC disconnected: timed out
2026-02-12 16:56:06,252 [ERROR] Polling thread error: PLC disconnected: timed out
2026-02-12 16:56:09,339 [ERROR] Polling thread error: PLC disconnected: timed out
2026-02-12 16:56:12,428 [ERROR] Polling thread error: PLC disconnected: timed out
2026-02-12 16:56:15,519 [ERROR] Polling thread error: PLC disconnected: timed out
2026-02-12 16:56:18,597 [ERROR] Polling thread error: PLC disconnected: timed out
2026-02-12 16:56:21,682 [ERROR] Polling thread error: PLC disconnected: timed out
2026-02-12 16:56:24,761 [ERROR] Polling thread error: PLC disconnected: timed out
2026-02-12 16:56:27,847 [ERROR] Polling thread error: PLC disconnected: timed out
2026-02-12 16:56:30,928 [ERROR] Polling thread error: PLC disconnected: timed out
2026-02-12 16:56:34,011 [ERROR] Polling thread error: PLC disconnected: timed out
2026-02-12 16:56:37,095 [ERROR] Polling thread error: PLC disconnected: timed out
2026-02-12 16:56:40,173 [ERROR] Polling thread error: PLC disconnected: timed out
2026-02-12 16:56:43,250 [ERROR] Polling thread error: PLC disconnected: timed out
2026-02-12 16:56:46,335 [ERROR] Polling thread error: PLC disconnected: timed out
2026-02-12 16:56:49,424 [ERROR] Polling thread error: PLC disconnected: timed out
2026-02-12 16:56:52,510 [ERROR] Polling thread error: PLC disconnected: timed out
2026-02-12 16:56:55,591 [ERROR] Polling thread error: PLC disconnected: timed out
2026-02-12 16:56:58,676 [ERROR] Polling thread error: PLC disconnected: timed out
2026-02-12 16:57:01,762 [ERROR] Polling thread error: PLC disconnected: timed out
2026-02-12 16:57:04,844 [ERROR] Polling thread error: PLC disconnected: timed out
2026-02-12 16:57:07,934 [ERROR] Polling thread error: PLC disconnected: timed out
2026-02-12 16:57:11,024 [ERROR] Polling thread error: PLC disconnected: timed out
2026-02-12 16:57:14,104 [ERROR] Polling thread error: PLC disconnected: timed out
2026-02-12 16:57:17,182 [ERROR] Polling thread error: PLC disconnected: timed out
2026-02-12 16:57:20,266 [ERROR] Polling thread error: PLC disconnected: timed out
2026-02-12 16:57:23,356 [ERROR] Polling thread error: PLC disconnected: timed out
2026-02-12 16:57:26,441 [ERROR] Polling thread error: PLC disconnected: timed out
2026-02-12 16:57:29,524 [ERROR] Polling thread error: PLC disconnected: timed out
2026-02-12 16:57:32,607 [ERROR] Polling thread error: PLC disconnected: timed out
2026-02-12 16:57:35,691 [ERROR] Polling thread error: PLC disconnected: timed out
2026-02-12 16:57:38,779 [ERROR] Polling thread error: PLC disconnected: timed out
2026-02-12 16:57:41,856 [ERROR] Polling thread error: PLC disconnected: timed out
2026-02-12 16:57:44,942 [ERROR] Polling thread error: PLC disconnected: timed out
2026-02-12 16:57:48,022 [ERROR] Polling thread error: PLC disconnected: timed out
2026-02-12 16:57:51,101 [ERROR] Polling thread error: PLC disconnected: timed out
2026-02-12 16:57:54,187 [ERROR] Polling thread error: PLC disconnected: timed out
2026-02-12 16:57:57,275 [ERROR] Polling thread error: PLC disconnected: timed out
2026-02-12 16:58:00,359 [ERROR] Polling thread error: PLC disconnected: timed out
2026-02-12 16:58:03,437 [ERROR] Polling thread error: PLC disconnected: timed out
2026-02-12 16:58:06,522 [ERROR] Polling thread error: PLC disconnected: timed out
2026-02-12 16:58:09,607 [ERROR] Polling thread error: PLC disconnected: timed out
2026-02-12 16:58:12,694 [ERROR] Polling thread error: PLC disconnected: timed out
2026-02-12 16:58:15,782 [ERROR] Polling thread error: PLC disconnected: timed out
2026-02-12 16:58:18,864 [ERROR] Polling thread error: PLC disconnected: timed out
2026-02-12 16:58:21,941 [ERROR] Polling thread error: PLC disconnected: timed out
2026-02-12 16:58:25,031 [ERROR] Polling thread error: PLC disconnected: timed out
2026-02-12 16:58:28,118 [ERROR] Polling thread error: PLC disconnected: timed out
2026-02-12 16:58:31,201 [ERROR] Polling thread error: PLC disconnected: timed out
2026-02-12 16:58:34,277 [ERROR] Polling thread error: PLC disconnected: timed out
2026-02-12 16:58:37,360 [ERROR] Polling thread error: PLC disconnected: timed out
2026-02-12 16:58:40,448 [ERROR] Polling thread error: PLC disconnected: timed out
2026-02-12 16:58:43,540 [ERROR] Polling thread error: PLC disconnected: timed out
2026-02-12 16:58:46,619 [ERROR] Polling thread error: PLC disconnected: timed out
2026-02-12 16:58:49,706 [ERROR] Polling thread error: PLC disconnected: timed out
2026-02-12 16:58:52,783 [ERROR] Polling thread error: PLC disconnected: timed out
2026-02-12 16:58:55,860 [ERROR] Polling thread error: PLC disconnected: timed out
2026-02-12 16:58:58,944 [ERROR] Polling thread error: PLC disconnected: timed out
2026-02-12 16:59:02,025 [ERROR] Polling thread error: PLC disconnected: timed out
2026-02-12 16:59:05,101 [ERROR] Polling thread error: PLC disconnected: timed out
2026-02-12 16:59:08,188 [ERROR] Polling thread error: PLC disconnected: timed out
2026-02-12 16:59:11,275 [ERROR] Polling thread error: PLC disconnected: timed out
2026-02-12 16:59:14,363 [ERROR] Polling thread error: PLC disconnected: timed out
2026-02-12 16:59:17,449 [ERROR] Polling thread error: PLC disconnected: timed out
2026-02-12 16:59:20,539 [ERROR] Polling thread error: PLC disconnected: timed out
2026-02-12 16:59:23,616 [ERROR] Polling thread error: PLC disconnected: timed out
2026-02-12 16:59:26,704 [ERROR] Polling thread error: PLC disconnected: timed out
2026-02-12 16:59:29,793 [ERROR] Polling thread error: PLC disconnected: timed out
2026-02-12 16:59:32,881 [ERROR] Polling thread error: PLC disconnected: timed out
2026-02-12 16:59:35,967 [ERROR] Polling thread error: PLC disconnected: timed out
2026-02-12 16:59:39,056 [ERROR] Polling thread error: PLC disconnected: timed out
2026-02-12 16:59:42,147 [ERROR] Polling thread error: PLC disconnected: timed out
2026-02-12 16:59:45,238 [ERROR] Polling thread error: PLC disconnected: timed out
2026-02-12 16:59:48,326 [ERROR] Polling thread error: PLC disconnected: timed out
2026-02-12 16:59:51,414 [ERROR] Polling thread error: PLC disconnected: timed out
2026-02-12 16:59:54,493 [ERROR] Polling thread error: PLC disconnected: timed out
2026-02-12 16:59:57,573 [ERROR] Polling thread error: PLC disconnected: timed out
2026-02-12 17:00:00,659 [ERROR] Polling thread error: PLC disconnected: timed out
2026-02-12 17:00:03,744 [ERROR] Polling thread error: PLC disconnected: timed out
2026-02-12 17:00:06,835 [ERROR] Polling thread error: PLC disconnected: timed out
2026-02-12 17:00:09,912 [ERROR] Polling thread error: PLC disconnected: timed out
2026-02-12 17:00:13,000 [ERROR] Polling thread error: PLC disconnected: timed out
2026-02-12 17:00:16,082 [ERROR] Polling thread error: PLC disconnected: timed out
2026-02-12 17:00:19,172 [ERROR] Polling thread error: PLC disconnected: timed out
2026-02-12 17:00:22,251 [ERROR] Polling thread error: PLC disconnected: timed out
2026-02-12 17:00:25,327 [ERROR] Polling thread error: PLC disconnected: timed out
2026-02-12 17:00:28,413 [ERROR] Polling thread error: PLC disconnected: timed out
2026-02-12 17:00:31,503 [ERROR] Polling thread error: PLC disconnected: timed out
2026-02-12 17:00:34,594 [ERROR] Polling thread error: PLC disconnected: timed out
2026-02-12 17:00:37,682 [ERROR] Polling thread error: PLC disconnected: timed out
2026-02-12 17:00:40,766 [ERROR] Polling thread error: PLC disconnected: timed out
2026-02-12 17:00:43,857 [ERROR] Polling thread error: PLC disconnected: timed out
2026-02-12 17:00:46,943 [ERROR] Polling thread error: PLC disconnected: timed out
2026-02-12 17:00:50,027 [ERROR] Polling thread error: PLC disconnected: timed out
2026-02-12 17:00:53,118 [ERROR] Polling thread error: PLC disconnected: timed out
2026-02-12 17:00:56,204 [ERROR] Polling thread error: PLC disconnected: timed out
2026-02-12 17:00:59,287 [ERROR] Polling thread error: PLC disconnected: timed out
2026-02-12 17:01:02,372 [ERROR] Polling thread error: PLC disconnected: timed out
2026-02-12 17:01:05,449 [ERROR] Polling thread error: PLC disconnected: timed out
2026-02-12 17:01:08,527 [ERROR] Polling thread error: PLC disconnected: timed out
2026-02-12 17:01:11,615 [ERROR] Polling thread error: PLC disconnected: timed out
2026-02-12 17:01:14,707 [ERROR] Polling thread error: PLC disconnected: timed out
2026-02-12 17:01:17,793 [ERROR] Polling thread error: PLC disconnected: timed out
2026-02-12 17:01:20,880 [ERROR] Polling thread error: PLC disconnected: timed out
2026-02-12 17:01:23,962 [ERROR] Polling thread error: PLC disconnected: timed out
2026-02-12 17:01:27,044 [ERROR] Polling thread error: PLC disconnected: timed out
2026-02-12 17:01:30,136 [ERROR] Polling thread error: PLC disconnected: timed out
2026-02-12 17:01:33,219 [ERROR] Polling thread error: PLC disconnected: timed out
2026-02-12 17:01:36,309 [ERROR] Polling thread error: PLC disconnected: timed out
2026-02-12 17:01:39,396 [ERROR] Polling thread error: PLC disconnected: timed out
2026-02-12 17:01:42,482 [ERROR] Polling thread error: PLC disconnected: timed out
2026-02-12 17:01:45,574 [ERROR] Polling thread error: PLC disconnected: timed out
2026-02-12 17:01:48,662 [ERROR] Polling thread error: PLC disconnected: timed out
2026-02-12 17:01:51,741 [ERROR] Polling thread error: PLC disconnected: timed out
2026-02-12 17:01:54,825 [ERROR] Polling thread error: PLC disconnected: timed out
2026-02-12 17:01:57,906 [ERROR] Polling thread error: PLC disconnected: timed out
2026-02-12 17:02:00,984 [ERROR] Polling thread error: PLC disconnected: timed out
2026-02-12 17:02:04,066 [ERROR] Polling thread error: PLC disconnected: timed out
2026-02-12 17:02:07,154 [ERROR] Polling thread error: PLC disconnected: timed out
2026-02-12 17:02:10,241 [ERROR] Polling thread error: PLC disconnected: timed out
2026-02-12 17:02:13,325 [ERROR] Polling thread error: PLC disconnected: timed out
2026-02-12 17:02:16,404 [ERROR] Polling thread error: PLC disconnected: timed out
2026-02-12 17:02:19,491 [ERROR] Polling thread error: PLC disconnected: timed out
2026-02-12 17:02:22,575 [ERROR] Polling thread error: PLC disconnected: timed out
2026-02-12 17:02:25,664 [ERROR] Polling thread error: PLC disconnected: timed out
2026-02-12 17:02:28,752 [ERROR] Polling thread error: PLC disconnected: timed out
2026-02-12 17:02:31,838 [ERROR] Polling thread error: PLC disconnected: timed out
2026-02-12 17:02:34,923 [ERROR] Polling thread error: PLC disconnected: timed out
2026-02-12 17:02:38,011 [ERROR] Polling thread error: PLC disconnected: timed out
2026-02-12 17:02:41,091 [ERROR] Polling thread error: PLC disconnected: timed out
2026-02-12 17:02:44,181 [ERROR] Polling thread error: PLC disconnected: timed out
2026-02-12 17:02:47,257 [ERROR] Polling thread error: PLC disconnected: timed out
2026-02-12 17:02:50,341 [ERROR] Polling thread error: PLC disconnected: timed out
2026-02-12 17:02:53,430 [ERROR] Polling thread error: PLC disconnected: timed out
2026-02-12 17:02:56,517 [ERROR] Polling thread error: PLC disconnected: timed out
2026-02-12 17:02:59,607 [ERROR] Polling thread error: PLC disconnected: timed out
2026-02-12 17:03:02,697 [ERROR] Polling thread error: PLC disconnected: timed out
2026-02-12 17:03:05,782 [ERROR] Polling thread error: PLC disconnected: timed out
2026-02-12 17:03:08,862 [ERROR] Polling thread error: PLC disconnected: timed out
2026-02-12 17:03:11,938 [ERROR] Polling thread error: PLC disconnected: timed out
2026-02-12 17:03:15,025 [ERROR] Polling thread error: PLC disconnected: timed out
2026-02-12 17:03:18,107 [ERROR] Polling thread error: PLC disconnected: timed out
2026-02-12 17:03:21,193 [ERROR] Polling thread error: PLC disconnected: timed out
2026-02-12 17:03:24,282 [ERROR] Polling thread error: PLC disconnected: timed out
2026-02-12 17:03:27,372 [ERROR] Polling thread error: PLC disconnected: timed out
2026-02-12 17:03:30,463 [ERROR] Polling thread error: PLC disconnected: timed out
2026-02-12 17:03:33,554 [ERROR] Polling thread error: PLC disconnected: timed out
2026-02-12 17:03:36,632 [ERROR] Polling thread error: PLC disconnected: timed out
2026-02-12 17:03:39,719 [ERROR] Polling thread error: PLC disconnected: timed out
2026-02-12 17:03:42,807 [ERROR] Polling thread error: PLC disconnected: timed out
2026-02-12 17:03:45,892 [ERROR] Polling thread error: PLC disconnected: timed out
2026-02-12 17:03:48,978 [ERROR] Polling thread error: PLC disconnected: timed out
2026-02-12 17:03:52,068 [ERROR] Polling thread error: PLC disconnected: timed out
2026-02-12 17:03:55,156 [ERROR] Polling thread error: PLC disconnected: timed out
2026-02-12 17:03:58,238 [ERROR] Polling thread error: PLC disconnected: timed out
2026-02-12 17:04:01,325 [ERROR] Polling thread error: PLC disconnected: timed out
2026-02-12 17:04:04,404 [ERROR] Polling thread error: PLC disconnected: timed out
2026-02-12 17:04:07,487 [ERROR] Polling thread error: PLC disconnected: timed out
2026-02-12 17:04:10,568 [ERROR] Polling thread error: PLC disconnected: timed out
2026-02-12 17:04:13,657 [ERROR] Polling thread error: PLC disconnected: timed out
2026-02-12 17:04:16,747 [ERROR] Polling thread error: PLC disconnected: timed out
2026-02-12 17:04:19,825 [ERROR] Polling thread error: PLC disconnected: timed out
2026-02-12 17:04:22,909 [ERROR] Polling thread error: PLC disconnected: timed out
2026-02-12 17:04:25,991 [ERROR] Polling thread error: PLC disconnected: timed out
2026-02-12 17:04:29,082 [ERROR] Polling thread error: PLC disconnected: timed out
2026-02-12 17:04:32,167 [ERROR] Polling thread error: PLC disconnected: timed out
2026-02-12 17:04:35,250 [ERROR] Polling thread error: PLC disconnected: timed out
2026-02-12 17:04:38,341 [ERROR] Polling thread error: PLC disconnected: timed out
2026-02-12 17:04:41,428 [ERROR] Polling thread error: PLC disconnected: timed out
2026-02-12 17:04:44,518 [ERROR] Polling thread error: PLC disconnected: timed out
2026-02-12 17:04:47,600 [ERROR] Polling thread error: PLC disconnected: timed out
2026-02-12 17:04:50,683 [ERROR] Polling thread error: PLC disconnected: timed out
2026-02-12 17:04:53,766 [ERROR] Polling thread error: PLC disconnected: timed out
2026-02-12 17:04:56,850 [ERROR] Polling thread error: PLC disconnected: timed out
2026-02-12 17:04:59,938 [ERROR] Polling thread error: PLC disconnected: timed out
2026-02-12 17:05:03,025 [ERROR] Polling thread error: PLC disconnected: timed out
2026-02-12 17:05:06,116 [ERROR] Polling thread error: PLC disconnected: timed out
2026-02-12 17:05:09,200 [ERROR] Polling thread error: PLC disconnected: timed out
2026-02-12 17:05:12,284 [ERROR] Polling thread error: PLC disconnected: timed out
2026-02-12 17:05:15,372 [ERROR] Polling thread error: PLC disconnected: timed out
2026-02-12 17:05:18,456 [ERROR] Polling thread error: PLC disconnected: timed out
2026-02-12 17:05:21,540 [ERROR] Polling thread error: PLC disconnected: timed out
2026-02-12 17:05:24,629 [ERROR] Polling thread error: PLC disconnected: timed out
2026-02-12 17:05:27,716 [ERROR] Polling thread error: PLC disconnected: timed out
2026-02-12 17:05:30,797 [ERROR] Polling thread error: PLC disconnected: timed out
2026-02-12 17:05:33,889 [ERROR] Polling thread error: PLC disconnected: timed out
2026-02-12 17:05:36,971 [ERROR] Polling thread error: PLC disconnected: timed out
2026-02-12 17:05:40,057 [ERROR] Polling thread error: PLC disconnected: timed out
2026-02-12 17:05:43,144 [ERROR] Polling thread error: PLC disconnected: timed out
2026-02-12 17:05:46,231 [ERROR] Polling thread error: PLC disconnected: timed out
2026-02-12 17:05:49,316 [ERROR] Polling thread error: PLC disconnected: timed out
2026-02-12 17:05:52,394 [ERROR] Polling thread error: PLC disconnected: timed out
2026-02-12 17:05:55,473 [ERROR] Polling thread error: PLC disconnected: timed out
2026-02-12 17:05:58,565 [ERROR] Polling thread error: PLC disconnected: timed out
2026-02-12 17:06:01,647 [ERROR] Polling thread error: PLC disconnected: timed out
2026-02-12 17:06:04,738 [ERROR] Polling thread error: PLC disconnected: timed out
2026-02-12 17:06:07,820 [ERROR] Polling thread error: PLC disconnected: timed out
2026-02-12 17:06:10,897 [ERROR] Polling thread error: PLC disconnected: timed out
2026-02-12 17:06:13,977 [ERROR] Polling thread error: PLC disconnected: timed out
2026-02-12 17:06:17,061 [ERROR] Polling thread error: PLC disconnected: timed out
2026-02-12 17:06:20,138 [ERROR] Polling thread error: PLC disconnected: timed out
2026-02-12 17:06:23,226 [ERROR] Polling thread error: PLC disconnected: timed out
2026-02-12 17:06:26,310 [ERROR] Polling thread error: PLC disconnected: timed out
2026-02-12 17:06:29,387 [ERROR] Polling thread error: PLC disconnected: timed out
2026-02-12 17:06:32,478 [ERROR] Polling thread error: PLC disconnected: timed out
2026-02-12 17:06:35,565 [ERROR] Polling thread error: PLC disconnected: timed out
2026-02-12 17:06:38,644 [ERROR] Polling thread error: PLC disconnected: timed out
2026-02-12 17:06:41,735 [ERROR] Polling thread error: PLC disconnected: timed out
2026-02-12 17:06:44,825 [ERROR] Polling thread error: PLC disconnected: timed out
2026-02-12 17:06:47,909 [ERROR] Polling thread error: PLC disconnected: timed out
2026-02-12 17:06:50,999 [ERROR] Polling thread error: PLC disconnected: timed out
2026-02-12 17:06:54,088 [ERROR] Polling thread error: PLC disconnected: timed out
2026-02-12 17:06:57,172 [ERROR] Polling thread error: PLC disconnected: timed out
2026-02-12 17:07:00,258 [ERROR] Polling thread error: PLC disconnected: timed out
2026-02-12 17:07:03,342 [ERROR] Polling thread error: PLC disconnected: timed out
2026-02-12 17:07:06,431 [ERROR] Polling thread error: PLC disconnected: timed out
2026-02-12 17:07:09,515 [ERROR] Polling thread error: PLC disconnected: timed out
2026-02-12 17:07:12,603 [ERROR] Polling thread error: PLC disconnected: timed out
2026-02-12 17:07:15,690 [ERROR] Polling thread error: PLC disconnected: timed out
2026-02-12 17:07:18,767 [ERROR] Polling thread error: PLC disconnected: timed out
2026-02-12 17:07:21,857 [ERROR] Polling thread error: PLC disconnected: timed out
2026-02-12 17:07:24,942 [ERROR] Polling thread error: PLC disconnected: timed out
2026-02-12 17:07:28,019 [ERROR] Polling thread error: PLC disconnected: timed out
2026-02-12 17:07:31,109 [ERROR] Polling thread error: PLC disconnected: timed out
2026-02-12 17:07:34,193 [ERROR] Polling thread error: PLC disconnected: timed out
2026-02-12 17:07:37,283 [ERROR] Polling thread error: PLC disconnected: timed out
2026-02-12 17:07:40,362 [ERROR] Polling thread error: PLC disconnected: timed out
2026-02-12 17:07:43,444 [ERROR] Polling thread error: PLC disconnected: timed out
2026-02-12 17:07:46,530 [ERROR] Polling thread error: PLC disconnected: timed out
2026-02-12 17:07:49,610 [ERROR] Polling thread error: PLC disconnected: timed out
2026-02-12 17:07:52,697 [ERROR] Polling thread error: PLC disconnected: timed out
2026-02-12 17:07:55,782 [ERROR] Polling thread error: PLC disconnected: timed out
2026-02-12 17:07:58,870 [ERROR] Polling thread error: PLC disconnected: timed out
2026-02-12 17:08:01,948 [ERROR] Polling thread error: PLC disconnected: timed out
2026-02-12 17:08:05,036 [ERROR] Polling thread error: PLC disconnected: timed out
2026-02-12 17:08:08,113 [ERROR] Polling thread error: PLC disconnected: timed out
2026-02-12 17:08:11,196 [ERROR] Polling thread error: PLC disconnected: timed out
2026-02-12 17:08:14,275 [ERROR] Polling thread error: PLC disconnected: timed out
2026-02-12 17:08:17,361 [ERROR] Polling thread error: PLC disconnected: timed out
2026-02-12 17:08:20,447 [ERROR] Polling thread error: PLC disconnected: timed out
2026-02-12 17:08:23,534 [ERROR] Polling thread error: PLC disconnected: timed out
2026-02-12 17:08:26,626 [ERROR] Polling thread error: PLC disconnected: timed out
2026-02-12 17:08:29,716 [ERROR] Polling thread error: PLC disconnected: timed out
2026-02-12 17:08:32,807 [ERROR] Polling thread error: PLC disconnected: timed out
2026-02-12 17:08:35,891 [ERROR] Polling thread error: PLC disconnected: timed out
2026-02-12 17:08:38,980 [ERROR] Polling thread error: PLC disconnected: timed out
2026-02-12 17:08:42,060 [ERROR] Polling thread error: PLC disconnected: timed out
2026-02-12 17:08:45,136 [ERROR] Polling thread error: PLC disconnected: timed out
2026-02-12 17:08:48,222 [ERROR] Polling thread error: PLC disconnected: timed out
2026-02-12 17:08:51,309 [ERROR] Polling thread error: PLC disconnected: timed out
2026-02-12 17:08:54,390 [ERROR] Polling thread error: PLC disconnected: timed out
2026-02-12 17:08:57,466 [ERROR] Polling thread error: PLC disconnected: timed out
2026-02-12 17:09:00,556 [ERROR] Polling thread error: PLC disconnected: timed out
2026-02-12 17:09:03,641 [ERROR] Polling thread error: PLC disconnected: timed out
2026-02-12 17:09:06,722 [ERROR] Polling thread error: PLC disconnected: timed out
2026-02-12 17:09:09,807 [ERROR] Polling thread error: PLC disconnected: timed out
2026-02-12 17:09:12,884 [ERROR] Polling thread error: PLC disconnected: timed out
2026-02-12 17:09:15,966 [ERROR] Polling thread error: PLC disconnected: timed out
2026-02-12 17:09:19,045 [ERROR] Polling thread error: PLC disconnected: timed out
2026-02-12 17:09:22,135 [ERROR] Polling thread error: PLC disconnected: timed out
2026-02-12 17:09:25,219 [ERROR] Polling thread error: PLC disconnected: timed out
2026-02-12 17:09:28,304 [ERROR] Polling thread error: PLC disconnected: timed out
2026-02-12 17:09:31,391 [ERROR] Polling thread error: PLC disconnected: timed out
2026-02-12 17:09:34,469 [ERROR] Polling thread error: PLC disconnected: timed out
2026-02-12 17:09:37,555 [ERROR] Polling thread error: PLC disconnected: timed out
2026-02-12 17:09:40,635 [ERROR] Polling thread error: PLC disconnected: timed out
2026-02-12 17:09:43,712 [ERROR] Polling thread error: PLC disconnected: timed out
2026-02-12 17:09:46,799 [ERROR] Polling thread error: PLC disconnected: timed out
2026-02-12 17:09:49,882 [ERROR] Polling thread error: PLC disconnected: timed out
2026-02-12 17:09:52,972 [ERROR] Polling thread error: PLC disconnected: timed out
2026-02-12 17:09:56,054 [ERROR] Polling thread error: PLC disconnected: timed out
2026-02-12 17:09:59,141 [ERROR] Polling thread error: PLC disconnected: timed out
2026-02-12 17:10:02,224 [ERROR] Polling thread error: PLC disconnected: timed out
2026-02-12 17:10:05,309 [ERROR] Polling thread error: PLC disconnected: timed out
2026-02-12 17:10:08,397 [ERROR] Polling thread error: PLC disconnected: timed out
2026-02-12 17:10:11,482 [ERROR] Polling thread error: PLC disconnected: timed out
2026-02-12 17:10:14,564 [ERROR] Polling thread error: PLC disconnected: timed out
2026-02-12 17:10:17,641 [ERROR] Polling thread error: PLC disconnected: timed out
2026-02-12 17:10:20,731 [ERROR] Polling thread error: PLC disconnected: timed out
2026-02-12 17:10:23,817 [ERROR] Polling thread error: PLC disconnected: timed out
2026-02-12 17:10:26,901 [ERROR] Polling thread error: PLC disconnected: timed out
2026-02-12 17:10:29,985 [ERROR] Polling thread error: PLC disconnected: timed out
2026-02-12 17:10:33,067 [ERROR] Polling thread error: PLC disconnected: timed out
2026-02-12 17:10:36,156 [ERROR] Polling thread error: PLC disconnected: timed out
2026-02-12 17:10:39,243 [ERROR] Polling thread error: PLC disconnected: timed out
2026-02-12 17:10:42,332 [ERROR] Polling thread error: PLC disconnected: timed out
2026-02-12 17:10:45,413 [ERROR] Polling thread error: PLC disconnected: timed out
2026-02-12 17:10:48,503 [ERROR] Polling thread error: PLC disconnected: timed out
2026-02-12 17:10:51,586 [ERROR] Polling thread error: PLC disconnected: timed out
2026-02-12 17:10:54,664 [ERROR] Polling thread error: PLC disconnected: timed out
2026-02-12 17:10:57,743 [ERROR] Polling thread error: PLC disconnected: timed out
2026-02-12 17:11:00,825 [ERROR] Polling thread error: PLC disconnected: timed out
2026-02-12 17:11:03,913 [ERROR] Polling thread error: PLC disconnected: timed out
2026-02-12 17:11:06,995 [ERROR] Polling thread error: PLC disconnected: timed out
2026-02-12 17:11:10,074 [ERROR] Polling thread error: PLC disconnected: timed out
2026-02-12 17:11:13,159 [ERROR] Polling thread error: PLC disconnected: timed out
2026-02-12 17:11:16,250 [ERROR] Polling thread error: PLC disconnected: timed out
2026-02-12 17:11:19,338 [ERROR] Polling thread error: PLC disconnected: timed out
2026-02-12 17:11:22,424 [ERROR] Polling thread error: PLC disconnected: timed out
2026-02-12 17:11:25,511 [ERROR] Polling thread error: PLC disconnected: timed out
2026-02-12 17:11:28,593 [ERROR] Polling thread error: PLC disconnected: timed out
2026-02-12 17:11:31,682 [ERROR] Polling thread error: PLC disconnected: timed out
2026-02-12 17:11:34,770 [ERROR] Polling thread error: PLC disconnected: timed out
2026-02-12 17:11:37,855 [ERROR] Polling thread error: PLC disconnected: timed out
2026-02-12 17:11:40,934 [ERROR] Polling thread error: PLC disconnected: timed out
2026-02-12 17:11:44,013 [ERROR] Polling thread error: PLC disconnected: timed out
2026-02-12 17:11:47,104 [ERROR] Polling thread error: PLC disconnected: timed out
2026-02-12 17:11:50,182 [ERROR] Polling thread error: PLC disconnected: timed out
2026-02-12 17:11:53,263 [ERROR] Polling thread error: PLC disconnected: timed out
2026-02-12 17:11:56,347 [ERROR] Polling thread error: PLC disconnected: timed out
2026-02-12 17:11:59,430 [ERROR] Polling thread error: PLC disconnected: timed out
2026-02-12 17:12:02,516 [ERROR] Polling thread error: PLC disconnected: timed out
2026-02-12 17:12:05,603 [ERROR] Polling thread error: PLC disconnected: timed out
2026-02-12 17:12:08,694 [ERROR] Polling thread error: PLC disconnected: timed out
2026-02-12 17:12:11,784 [ERROR] Polling thread error: PLC disconnected: timed out
2026-02-12 17:12:14,877 [ERROR] Polling thread error: PLC disconnected: timed out
2026-02-12 17:12:17,964 [ERROR] Polling thread error: PLC disconnected: timed out
2026-02-12 17:12:21,041 [ERROR] Polling thread error: PLC disconnected: timed out
2026-02-12 17:12:24,127 [ERROR] Polling thread error: PLC disconnected: timed out
2026-02-12 17:12:27,204 [ERROR] Polling thread error: PLC disconnected: timed out
2026-02-12 17:12:30,281 [ERROR] Polling thread error: PLC disconnected: timed out
2026-02-12 17:12:33,363 [ERROR] Polling thread error: PLC disconnected: timed out
2026-02-12 17:12:36,447 [ERROR] Polling thread error: PLC disconnected: timed out
2026-02-12 17:12:39,532 [ERROR] Polling thread error: PLC disconnected: timed out
2026-02-12 17:12:42,615 [ERROR] Polling thread error: PLC disconnected: timed out
2026-02-12 17:12:45,693 [ERROR] Polling thread error: PLC disconnected: timed out
2026-02-12 17:12:48,781 [ERROR] Polling thread error: PLC disconnected: timed out
2026-02-12 17:12:51,872 [ERROR] Polling thread error: PLC disconnected: timed out
2026-02-12 17:12:54,950 [ERROR] Polling thread error: PLC disconnected: timed out
2026-02-12 17:12:58,034 [ERROR] Polling thread error: PLC disconnected: timed out
2026-02-12 17:13:01,113 [ERROR] Polling thread error: PLC disconnected: timed out
2026-02-12 17:13:04,203 [ERROR] Polling thread error: PLC disconnected: timed out
2026-02-12 17:13:07,289 [ERROR] Polling thread error: PLC disconnected: timed out
2026-02-12 17:13:10,372 [ERROR] Polling thread error: PLC disconnected: timed out
2026-02-12 17:13:13,453 [ERROR] Polling thread error: PLC disconnected: timed out
2026-02-12 17:13:16,539 [ERROR] Polling thread error: PLC disconnected: timed out
2026-02-12 17:13:19,619 [ERROR] Polling thread error: PLC disconnected: timed out
2026-02-12 17:13:22,702 [ERROR] Polling thread error: PLC disconnected: timed out
2026-02-12 17:13:25,787 [ERROR] Polling thread error: PLC disconnected: timed out
2026-02-12 17:13:28,876 [ERROR] Polling thread error: PLC disconnected: timed out
2026-02-12 17:13:31,959 [ERROR] Polling thread error: PLC disconnected: timed out
2026-02-12 17:13:35,035 [ERROR] Polling thread error: PLC disconnected: timed out
2026-02-12 17:13:38,122 [ERROR] Polling thread error: PLC disconnected: timed out
2026-02-12 17:13:41,212 [ERROR] Polling thread error: PLC disconnected: timed out
2026-02-12 17:13:44,297 [ERROR] Polling thread error: PLC disconnected: timed out
2026-02-12 17:13:47,389 [ERROR] Polling thread error: PLC disconnected: timed out
2026-02-12 17:13:50,477 [ERROR] Polling thread error: PLC disconnected: timed out
2026-02-12 17:13:53,563 [ERROR] Polling thread error: PLC disconnected: timed out
2026-02-12 17:13:56,651 [ERROR] Polling thread error: PLC disconnected: timed out
2026-02-12 17:13:59,740 [ERROR] Polling thread error: PLC disconnected: timed out
2026-02-12 17:14:02,822 [ERROR] Polling thread error: PLC disconnected: timed out
2026-02-12 17:14:05,904 [ERROR] Polling thread error: PLC disconnected: timed out
2026-02-12 17:14:08,987 [ERROR] Polling thread error: PLC disconnected: timed out
2026-02-12 17:14:12,076 [ERROR] Polling thread error: PLC disconnected: timed out
2026-02-12 17:14:15,160 [ERROR] Polling thread error: PLC disconnected: timed out
2026-02-12 17:14:18,238 [ERROR] Polling thread error: PLC disconnected: timed out
2026-02-12 17:14:21,318 [ERROR] Polling thread error: PLC disconnected: timed out
2026-02-12 17:14:24,403 [ERROR] Polling thread error: PLC disconnected: timed out
2026-02-12 17:14:27,490 [ERROR] Polling thread error: PLC disconnected: timed out
2026-02-12 17:14:30,567 [ERROR] Polling thread error: PLC disconnected: timed out
2026-02-12 17:14:33,654 [ERROR] Polling thread error: PLC disconnected: timed out
2026-02-12 17:14:36,738 [ERROR] Polling thread error: PLC disconnected: timed out
2026-02-12 17:14:39,818 [ERROR] Polling thread error: PLC disconnected: timed out
2026-02-12 17:14:42,901 [ERROR] Polling thread error: PLC disconnected: timed out
2026-02-12 17:14:45,990 [ERROR] Polling thread error: PLC disconnected: timed out
2026-02-12 17:14:49,067 [ERROR] Polling thread error: PLC disconnected: timed out
2026-02-12 17:14:52,147 [ERROR] Polling thread error: PLC disconnected: timed out
2026-02-12 17:14:55,234 [ERROR] Polling thread error: PLC disconnected: timed out
2026-02-12 17:14:58,313 [ERROR] Polling thread error: PLC disconnected: timed out
2026-02-12 17:15:01,391 [ERROR] Polling thread error: PLC disconnected: timed out
2026-02-12 17:15:04,482 [ERROR] Polling thread error: PLC disconnected: timed out
2026-02-12 17:15:07,565 [ERROR] Polling thread error: PLC disconnected: timed out
2026-02-12 17:15:10,653 [ERROR] Polling thread error: PLC disconnected: timed out
2026-02-12 17:15:13,741 [ERROR] Polling thread error: PLC disconnected: timed out
2026-02-12 17:15:16,824 [ERROR] Polling thread error: PLC disconnected: timed out
2026-02-12 17:15:19,903 [ERROR] Polling thread error: PLC disconnected: timed out
2026-02-12 17:15:22,984 [ERROR] Polling thread error: PLC disconnected: timed out
2026-02-12 17:15:26,066 [ERROR] Polling thread error: PLC disconnected: timed out
2026-02-12 17:15:29,151 [ERROR] Polling thread error: PLC disconnected: timed out
2026-02-12 17:15:32,238 [ERROR] Polling thread error: PLC disconnected: timed out
2026-02-12 17:15:35,325 [ERROR] Polling thread error: PLC disconnected: timed out
2026-02-12 17:15:38,406 [ERROR] Polling thread error: PLC disconnected: timed out
2026-02-12 17:15:41,497 [ERROR] Polling thread error: PLC disconnected: timed out
2026-02-12 17:15:44,586 [ERROR] Polling thread error: PLC disconnected: timed out
2026-02-12 17:15:47,665 [ERROR] Polling thread error: PLC disconnected: timed out
2026-02-12 17:15:50,747 [ERROR] Polling thread error: PLC disconnected: timed out
2026-02-12 17:15:53,824 [ERROR] Polling thread error: PLC disconnected: timed out
2026-02-12 17:15:56,910 [ERROR] Polling thread error: PLC disconnected: timed out
2026-02-12 17:15:59,997 [ERROR] Polling thread error: PLC disconnected: timed out
2026-02-12 17:16:03,080 [ERROR] Polling thread error: PLC disconnected: timed out
2026-02-12 17:16:06,159 [ERROR] Polling thread error: PLC disconnected: timed out
2026-02-12 17:16:09,250 [ERROR] Polling thread error: PLC disconnected: timed out
2026-02-12 17:16:12,335 [ERROR] Polling thread error: PLC disconnected: timed out
2026-02-12 17:16:15,423 [ERROR] Polling thread error: PLC disconnected: timed out
2026-02-12 17:16:18,513 [ERROR] Polling thread error: PLC disconnected: timed out
2026-02-12 17:16:21,592 [ERROR] Polling thread error: PLC disconnected: timed out
2026-02-12 17:16:24,680 [ERROR] Polling thread error: PLC disconnected: timed out
2026-02-12 17:16:27,759 [ERROR] Polling thread error: PLC disconnected: timed out
2026-02-12 17:16:30,847 [ERROR] Polling thread error: PLC disconnected: timed out
2026-02-12 17:16:33,924 [ERROR] Polling thread error: PLC disconnected: timed out
2026-02-12 17:16:37,007 [ERROR] Polling thread error: PLC disconnected: timed out
2026-02-12 17:16:40,095 [ERROR] Polling thread error: PLC disconnected: timed out
2026-02-12 17:16:43,182 [ERROR] Polling thread error: PLC disconnected: timed out
2026-02-12 17:16:46,273 [ERROR] Polling thread error: PLC disconnected: timed out
2026-02-12 17:16:49,355 [ERROR] Polling thread error: PLC disconnected: timed out
2026-02-12 17:16:52,446 [ERROR] Polling thread error: PLC disconnected: timed out
2026-02-12 17:16:55,528 [ERROR] Polling thread error: PLC disconnected: timed out
2026-02-12 17:16:58,614 [ERROR] Polling thread error: PLC disconnected: timed out
2026-02-12 17:17:01,702 [ERROR] Polling thread error: PLC disconnected: timed out
2026-02-12 17:17:04,791 [ERROR] Polling thread error: PLC disconnected: timed out
2026-02-12 17:17:07,878 [ERROR] Polling thread error: PLC disconnected: timed out
2026-02-12 17:17:10,964 [ERROR] Polling thread error: PLC disconnected: timed out
2026-02-12 17:17:14,042 [ERROR] Polling thread error: PLC disconnected: timed out
2026-02-12 17:17:17,120 [ERROR] Polling thread error: PLC disconnected: timed out
2026-02-12 17:17:20,210 [ERROR] Polling thread error: PLC disconnected: timed out
2026-02-12 17:17:23,295 [ERROR] Polling thread error: PLC disconnected: timed out
2026-02-12 17:17:26,382 [ERROR] Polling thread error: PLC disconnected: timed out
2026-02-12 17:17:29,463 [ERROR] Polling thread error: PLC disconnected: timed out
2026-02-12 17:17:32,541 [ERROR] Polling thread error: PLC disconnected: timed out
2026-02-12 17:17:35,620 [ERROR] Polling thread error: PLC disconnected: timed out
2026-02-12 17:17:38,707 [ERROR] Polling thread error: PLC disconnected: timed out
2026-02-12 17:17:41,796 [ERROR] Polling thread error: PLC disconnected: timed out
2026-02-12 17:17:44,876 [ERROR] Polling thread error: PLC disconnected: timed out
2026-02-12 17:17:47,952 [ERROR] Polling thread error: PLC disconnected: timed out
2026-02-12 17:17:51,028 [ERROR] Polling thread error: PLC disconnected: timed out
2026-02-12 17:17:54,109 [ERROR] Polling thread error: PLC disconnected: timed out
2026-02-12 17:17:57,200 [ERROR] Polling thread error: PLC disconnected: timed out
2026-02-12 17:18:00,278 [ERROR] Polling thread error: PLC disconnected: timed out
2026-02-12 17:18:03,367 [ERROR] Polling thread error: PLC disconnected: timed out
2026-02-12 17:18:06,445 [ERROR] Polling thread error: PLC disconnected: timed out
2026-02-12 17:18:09,525 [ERROR] Polling thread error: PLC disconnected: timed out
2026-02-12 17:18:12,602 [ERROR] Polling thread error: PLC disconnected: timed out
2026-02-12 17:18:15,691 [ERROR] Polling thread error: PLC disconnected: timed out
2026-02-12 17:18:18,768 [ERROR] Polling thread error: PLC disconnected: timed out
2026-02-12 17:18:21,859 [ERROR] Polling thread error: PLC disconnected: timed out
2026-02-12 17:18:24,947 [ERROR] Polling thread error: PLC disconnected: timed out
2026-02-12 17:18:28,026 [ERROR] Polling thread error: PLC disconnected: timed out
2026-02-12 17:18:31,117 [ERROR] Polling thread error: PLC disconnected: timed out
2026-02-12 17:18:34,197 [ERROR] Polling thread error: PLC disconnected: timed out
2026-02-12 17:18:37,277 [ERROR] Polling thread error: PLC disconnected: timed out
2026-02-12 17:18:40,363 [ERROR] Polling thread error: PLC disconnected: timed out
2026-02-12 17:18:43,445 [ERROR] Polling thread error: PLC disconnected: timed out
2026-02-12 17:18:46,526 [ERROR] Polling thread error: PLC disconnected: timed out
2026-02-12 17:18:49,605 [ERROR] Polling thread error: PLC disconnected: timed out
2026-02-12 17:18:52,681 [ERROR] Polling thread error: PLC disconnected: timed out
2026-02-12 17:18:55,767 [ERROR] Polling thread error: PLC disconnected: timed out
2026-02-12 17:18:58,843 [ERROR] Polling thread error: PLC disconnected: timed out
2026-02-12 17:19:01,934 [ERROR] Polling thread error: PLC disconnected: timed out
2026-02-12 17:19:05,023 [ERROR] Polling thread error: PLC disconnected: timed out
2026-02-12 17:19:08,113 [ERROR] Polling thread error: PLC disconnected: timed out
2026-02-12 17:19:11,198 [ERROR] Polling thread error: PLC disconnected: timed out
2026-02-12 17:19:14,284 [ERROR] Polling thread error: PLC disconnected: timed out
2026-02-12 17:19:17,366 [ERROR] Polling thread error: PLC disconnected: timed out
2026-02-12 17:19:20,445 [ERROR] Polling thread error: PLC disconnected: timed out
2026-02-12 17:19:23,525 [ERROR] Polling thread error: PLC disconnected: timed out
2026-02-12 17:19:26,612 [ERROR] Polling thread error: PLC disconnected: timed out
2026-02-12 17:19:29,689 [ERROR] Polling thread error: PLC disconnected: timed out
2026-02-12 17:19:32,775 [ERROR] Polling thread error: PLC disconnected: timed out
2026-02-12 17:19:35,863 [ERROR] Polling thread error: PLC disconnected: timed out
2026-02-12 17:19:38,941 [ERROR] Polling thread error: PLC disconnected: timed out
2026-02-12 17:19:42,027 [ERROR] Polling thread error: PLC disconnected: timed out
2026-02-12 17:19:45,106 [ERROR] Polling thread error: PLC disconnected: timed out
2026-02-12 17:19:48,186 [ERROR] Polling thread error: PLC disconnected: timed out
2026-02-12 17:19:51,275 [ERROR] Polling thread error: PLC disconnected: timed out
2026-02-12 17:19:54,363 [ERROR] Polling thread error: PLC disconnected: timed out
2026-02-12 17:19:57,445 [ERROR] Polling thread error: PLC disconnected: timed out
2026-02-12 17:20:00,525 [ERROR] Polling thread error: PLC disconnected: timed out
2026-02-12 17:20:03,613 [ERROR] Polling thread error: PLC disconnected: timed out
2026-02-12 17:20:06,703 [ERROR] Polling thread error: PLC disconnected: timed out
2026-02-12 17:20:09,794 [ERROR] Polling thread error: PLC disconnected: timed out
2026-02-12 17:20:12,882 [ERROR] Polling thread error: PLC disconnected: timed out
2026-02-12 17:20:15,961 [ERROR] Polling thread error: PLC disconnected: timed out
2026-02-12 17:20:19,038 [ERROR] Polling thread error: PLC disconnected: timed out
2026-02-12 17:20:22,128 [ERROR] Polling thread error: PLC disconnected: timed out
2026-02-12 17:20:25,208 [ERROR] Polling thread error: PLC disconnected: timed out
2026-02-12 17:20:28,288 [ERROR] Polling thread error: PLC disconnected: timed out
2026-02-12 17:20:31,366 [ERROR] Polling thread error: PLC disconnected: timed out
2026-02-12 17:20:34,459 [ERROR] Polling thread error: PLC disconnected: timed out
2026-02-12 17:20:37,546 [ERROR] Polling thread error: PLC disconnected: timed out
2026-02-12 17:20:40,627 [ERROR] Polling thread error: PLC disconnected: timed out
2026-02-12 17:20:43,713 [ERROR] Polling thread error: PLC disconnected: timed out
2026-02-12 17:20:46,789 [ERROR] Polling thread error: PLC disconnected: timed out
2026-02-12 17:20:49,880 [ERROR] Polling thread error: PLC disconnected: timed out
2026-02-12 17:20:52,959 [ERROR] Polling thread error: PLC disconnected: timed out
2026-02-12 17:20:56,045 [ERROR] Polling thread error: PLC disconnected: timed out
2026-02-12 17:20:59,130 [ERROR] Polling thread error: PLC disconnected: timed out
2026-02-12 17:21:02,216 [ERROR] Polling thread error: PLC disconnected: timed out
2026-02-12 17:21:05,296 [ERROR] Polling thread error: PLC disconnected: timed out
2026-02-12 17:21:08,375 [ERROR] Polling thread error: PLC disconnected: timed out
2026-02-12 17:21:11,459 [ERROR] Polling thread error: PLC disconnected: timed out
2026-02-12 17:21:14,536 [ERROR] Polling thread error: PLC disconnected: timed out
2026-02-12 17:21:17,613 [ERROR] Polling thread error: PLC disconnected: timed out
2026-02-12 17:21:20,691 [ERROR] Polling thread error: PLC disconnected: timed out
2026-02-12 17:21:23,779 [ERROR] Polling thread error: PLC disconnected: timed out
2026-02-12 17:21:26,865 [ERROR] Polling thread error: PLC disconnected: timed out
2026-02-12 17:21:29,948 [ERROR] Polling thread error: PLC disconnected: timed out
2026-02-12 17:21:33,039 [ERROR] Polling thread error: PLC disconnected: timed out
2026-02-12 17:21:36,116 [ERROR] Polling thread error: PLC disconnected: timed out
2026-02-12 17:21:39,201 [ERROR] Polling thread error: PLC disconnected: timed out
2026-02-12 17:21:42,284 [ERROR] Polling thread error: PLC disconnected: timed out
2026-02-12 17:21:45,362 [ERROR] Polling thread error: PLC disconnected: timed out
2026-02-12 17:21:48,453 [ERROR] Polling thread error: PLC disconnected: timed out
2026-02-12 17:21:51,532 [ERROR] Polling thread error: PLC disconnected: timed out
2026-02-12 17:21:54,616 [ERROR] Polling thread error: PLC disconnected: timed out
2026-02-12 17:21:57,706 [ERROR] Polling thread error: PLC disconnected: timed out
2026-02-12 17:22:00,794 [ERROR] Polling thread error: PLC disconnected: timed out
2026-02-12 17:22:03,877 [ERROR] Polling thread error: PLC disconnected: timed out
2026-02-12 17:22:06,965 [ERROR] Polling thread error: PLC disconnected: timed out
2026-02-12 17:22:10,053 [ERROR] Polling thread error: PLC disconnected: timed out
2026-02-12 17:22:13,140 [ERROR] Polling thread error: PLC disconnected: timed out
2026-02-12 17:22:16,226 [ERROR] Polling thread error: PLC disconnected: timed out
2026-02-12 17:22:19,316 [ERROR] Polling thread error: PLC disconnected: timed out
2026-02-12 17:22:22,393 [ERROR] Polling thread error: PLC disconnected: timed out
2026-02-12 17:22:25,480 [ERROR] Polling thread error: PLC disconnected: timed out
2026-02-12 17:22:28,560 [ERROR] Polling thread error: PLC disconnected: timed out
2026-02-12 17:22:31,640 [ERROR] Polling thread error: PLC disconnected: timed out
2026-02-12 17:22:34,731 [ERROR] Polling thread error: PLC disconnected: timed out
2026-02-12 17:22:37,817 [ERROR] Polling thread error: PLC disconnected: timed out
2026-02-12 17:22:40,893 [ERROR] Polling thread error: PLC disconnected: timed out
2026-02-12 17:22:43,973 [ERROR] Polling thread error: PLC disconnected: timed out
2026-02-12 17:22:47,057 [ERROR] Polling thread error: PLC disconnected: timed out
2026-02-12 17:22:50,146 [ERROR] Polling thread error: PLC disconnected: timed out
2026-02-12 17:22:53,232 [ERROR] Polling thread error: PLC disconnected: timed out
2026-02-12 17:22:56,308 [ERROR] Polling thread error: PLC disconnected: timed out
2026-02-12 17:22:59,394 [ERROR] Polling thread error: PLC disconnected: timed out
2026-02-12 17:23:02,481 [ERROR] Polling thread error: PLC disconnected: timed out
2026-02-12 17:23:05,568 [ERROR] Polling thread error: PLC disconnected: timed out
2026-02-12 17:23:08,653 [ERROR] Polling thread error: PLC disconnected: timed out
2026-02-12 17:23:11,739 [ERROR] Polling thread error: PLC disconnected: timed out
2026-02-12 17:23:14,825 [ERROR] Polling thread error: PLC disconnected: timed out
2026-02-12 17:23:17,916 [ERROR] Polling thread error: PLC disconnected: timed out
2026-02-12 17:23:21,005 [ERROR] Polling thread error: PLC disconnected: timed out
2026-02-12 17:23:24,092 [ERROR] Polling thread error: PLC disconnected: timed out
2026-02-12 17:23:27,182 [ERROR] Polling thread error: PLC disconnected: timed out
2026-02-12 17:23:30,261 [ERROR] Polling thread error: PLC disconnected: timed out
2026-02-12 17:23:33,351 [ERROR] Polling thread error: PLC disconnected: timed out
2026-02-12 17:23:36,428 [ERROR] Polling thread error: PLC disconnected: timed out
2026-02-12 17:23:39,517 [ERROR] Polling thread error: PLC disconnected: timed out
2026-02-12 17:23:42,598 [ERROR] Polling thread error: PLC disconnected: timed out
2026-02-12 17:23:45,686 [ERROR] Polling thread error: PLC disconnected: timed out
2026-02-12 17:23:48,768 [ERROR] Polling thread error: PLC disconnected: timed out
2026-02-12 17:23:51,856 [ERROR] Polling thread error: PLC disconnected: timed out
2026-02-12 17:23:54,941 [ERROR] Polling thread error: PLC disconnected: timed out
2026-02-12 17:23:58,019 [ERROR] Polling thread error: PLC disconnected: timed out
2026-02-12 17:24:01,097 [ERROR] Polling thread error: PLC disconnected: timed out
2026-02-12 17:24:04,186 [ERROR] Polling thread error: PLC disconnected: timed out
2026-02-12 17:24:07,272 [ERROR] Polling thread error: PLC disconnected: timed out
2026-02-12 17:24:10,352 [ERROR] Polling thread error: PLC disconnected: timed out
2026-02-12 17:24:13,436 [ERROR] Polling thread error: PLC disconnected: timed out
2026-02-12 17:24:16,518 [ERROR] Polling thread error: PLC disconnected: timed out
2026-02-12 17:24:19,598 [ERROR] Polling thread error: PLC disconnected: timed out
2026-02-12 17:24:22,675 [ERROR] Polling thread error: PLC disconnected: timed out
2026-02-12 17:24:25,764 [ERROR] Polling thread error: PLC disconnected: timed out
2026-02-12 17:24:28,842 [ERROR] Polling thread error: PLC disconnected: timed out
2026-02-12 17:24:31,929 [ERROR] Polling thread error: PLC disconnected: timed out
2026-02-12 17:24:35,022 [ERROR] Polling thread error: PLC disconnected: timed out
2026-02-12 17:24:38,106 [ERROR] Polling thread error: PLC disconnected: timed out
2026-02-12 17:24:41,192 [ERROR] Polling thread error: PLC disconnected: timed out
2026-02-12 17:24:44,277 [ERROR] Polling thread error: PLC disconnected: timed out
2026-02-12 17:24:47,365 [ERROR] Polling thread error: PLC disconnected: timed out
2026-02-12 17:24:50,448 [ERROR] Polling thread error: PLC disconnected: timed out
2026-02-12 17:24:53,525 [ERROR] Polling thread error: PLC disconnected: timed out
2026-02-12 17:24:56,616 [ERROR] Polling thread error: PLC disconnected: timed out
2026-02-12 17:24:59,698 [ERROR] Polling thread error: PLC disconnected: timed out
2026-02-12 17:25:02,782 [ERROR] Polling thread error: PLC disconnected: timed out
2026-02-12 17:25:05,866 [ERROR] Polling thread error: PLC disconnected: timed out
2026-02-12 17:25:08,944 [ERROR] Polling thread error: PLC disconnected: timed out
2026-02-12 17:25:12,035 [ERROR] Polling thread error: PLC disconnected: timed out
2026-02-12 17:25:15,122 [ERROR] Polling thread error: PLC disconnected: timed out
2026-02-12 17:25:18,213 [ERROR] Polling thread error: PLC disconnected: timed out
2026-02-12 17:25:21,291 [ERROR] Polling thread error: PLC disconnected: timed out
2026-02-12 17:25:24,371 [ERROR] Polling thread error: PLC disconnected: timed out
2026-02-12 17:25:27,449 [ERROR] Polling thread error: PLC disconnected: timed out
2026-02-12 17:25:30,527 [ERROR] Polling thread error: PLC disconnected: timed out
2026-02-12 17:25:33,614 [ERROR] Polling thread error: PLC disconnected: timed out
2026-02-12 17:25:36,695 [ERROR] Polling thread error: PLC disconnected: timed out
2026-02-12 17:25:39,785 [ERROR] Polling thread error: PLC disconnected: timed out
2026-02-12 17:25:42,863 [ERROR] Polling thread error: PLC disconnected: timed out
2026-02-12 17:25:45,942 [ERROR] Polling thread error: PLC disconnected: timed out
2026-02-12 17:25:49,026 [ERROR] Polling thread error: PLC disconnected: timed out
2026-02-12 17:25:52,116 [ERROR] Polling thread error: PLC disconnected: timed out
2026-02-12 17:25:55,201 [ERROR] Polling thread error: PLC disconnected: timed out
2026-02-12 17:25:58,289 [ERROR] Polling thread error: PLC disconnected: timed out
2026-02-12 17:26:01,371 [ERROR] Polling thread error: PLC disconnected: timed out
2026-02-12 17:26:04,459 [ERROR] Polling thread error: PLC disconnected: timed out
2026-02-12 17:26:07,547 [ERROR] Polling thread error: PLC disconnected: timed out
2026-02-12 17:26:10,629 [ERROR] Polling thread error: PLC disconnected: timed out
2026-02-12 17:26:13,720 [ERROR] Polling thread error: PLC disconnected: timed out
2026-02-12 17:26:16,797 [ERROR] Polling thread error: PLC disconnected: timed out
2026-02-12 17:26:19,886 [ERROR] Polling thread error: PLC disconnected: timed out
2026-02-12 17:26:22,975 [ERROR] Polling thread error: PLC disconnected: timed out
2026-02-12 17:26:26,063 [ERROR] Polling thread error: PLC disconnected: timed out
2026-02-12 17:26:29,154 [ERROR] Polling thread error: PLC disconnected: timed out
2026-02-12 17:26:32,234 [ERROR] Polling thread error: PLC disconnected: timed out
2026-02-12 17:26:35,321 [ERROR] Polling thread error: PLC disconnected: timed out
2026-02-12 17:26:38,406 [ERROR] Polling thread error: PLC disconnected: timed out
2026-02-12 17:26:41,490 [ERROR] Polling thread error: PLC disconnected: timed out
2026-02-12 17:26:44,575 [ERROR] Polling thread error: PLC disconnected: timed out
2026-02-12 17:26:47,661 [ERROR] Polling thread error: PLC disconnected: timed out
2026-02-12 17:26:50,752 [ERROR] Polling thread error: PLC disconnected: timed out
2026-02-12 17:26:53,830 [ERROR] Polling thread error: PLC disconnected: timed out
2026-02-12 17:26:56,920 [ERROR] Polling thread error: PLC disconnected: timed out
2026-02-12 17:27:00,006 [ERROR] Polling thread error: PLC disconnected: timed out
2026-02-12 17:27:03,094 [ERROR] Polling thread error: PLC disconnected: timed out
2026-02-12 17:27:06,185 [ERROR] Polling thread error: PLC disconnected: timed out
2026-02-12 17:27:09,272 [ERROR] Polling thread error: PLC disconnected: timed out
2026-02-12 17:27:12,354 [ERROR] Polling thread error: PLC disconnected: timed out
2026-02-12 17:27:15,445 [ERROR] Polling thread error: PLC disconnected: timed out
2026-02-12 17:27:18,536 [ERROR] Polling thread error: PLC disconnected: timed out
2026-02-12 17:27:21,616 [ERROR] Polling thread error: PLC disconnected: timed out
2026-02-12 17:27:24,705 [ERROR] Polling thread error: PLC disconnected: timed out
2026-02-12 17:27:27,792 [ERROR] Polling thread error: PLC disconnected: timed out
2026-02-12 17:27:30,875 [ERROR] Polling thread error: PLC disconnected: timed out
2026-02-12 17:27:33,961 [ERROR] Polling thread error: PLC disconnected: timed out
2026-02-12 17:27:37,051 [ERROR] Polling thread error: PLC disconnected: timed out
2026-02-12 17:27:40,137 [ERROR] Polling thread error: PLC disconnected: timed out
2026-02-12 17:27:43,224 [ERROR] Polling thread error: PLC disconnected: timed out
2026-02-12 17:27:46,309 [ERROR] Polling thread error: PLC disconnected: timed out
2026-02-12 17:27:49,385 [ERROR] Polling thread error: PLC disconnected: timed out
2026-02-12 17:27:52,474 [ERROR] Polling thread error: PLC disconnected: timed out
2026-02-12 17:27:55,564 [ERROR] Polling thread error: PLC disconnected: timed out
2026-02-12 17:27:58,655 [ERROR] Polling thread error: PLC disconnected: timed out
2026-02-12 17:28:01,734 [ERROR] Polling thread error: PLC disconnected: timed out
2026-02-12 17:28:04,811 [ERROR] Polling thread error: PLC disconnected: timed out
2026-02-12 17:28:07,888 [ERROR] Polling thread error: PLC disconnected: timed out
2026-02-12 17:28:10,972 [ERROR] Polling thread error: PLC disconnected: timed out
2026-02-12 17:28:14,054 [ERROR] Polling thread error: PLC disconnected: timed out
2026-02-12 17:28:17,138 [ERROR] Polling thread error: PLC disconnected: timed out
2026-02-12 17:28:20,226 [ERROR] Polling thread error: PLC disconnected: timed out
2026-02-12 17:28:23,306 [ERROR] Polling thread error: PLC disconnected: timed out
2026-02-12 17:28:26,385 [ERROR] Polling thread error: PLC disconnected: timed out
2026-02-12 17:28:29,477 [ERROR] Polling thread error: PLC disconnected: timed out
2026-02-12 17:28:32,566 [ERROR] Polling thread error: PLC disconnected: timed out
2026-02-12 17:28:35,657 [ERROR] Polling thread error: PLC disconnected: timed out
2026-02-12 17:28:38,745 [ERROR] Polling thread error: PLC disconnected: timed out
2026-02-12 17:28:41,827 [ERROR] Polling thread error: PLC disconnected: timed out
2026-02-12 17:28:44,912 [ERROR] Polling thread error: PLC disconnected: timed out
2026-02-12 17:28:47,992 [ERROR] Polling thread error: PLC disconnected: timed out
2026-02-12 17:28:51,080 [ERROR] Polling thread error: PLC disconnected: timed out
2026-02-12 17:28:54,170 [ERROR] Polling thread error: PLC disconnected: timed out
2026-02-12 17:28:57,261 [ERROR] Polling thread error: PLC disconnected: timed out
2026-02-12 17:29:00,340 [ERROR] Polling thread error: PLC disconnected: timed out
2026-02-12 17:29:03,430 [ERROR] Polling thread error: PLC disconnected: timed out
2026-02-12 17:29:06,510 [ERROR] Polling thread error: PLC disconnected: timed out
2026-02-12 17:29:09,595 [ERROR] Polling thread error: PLC disconnected: timed out
2026-02-12 17:29:12,683 [ERROR] Polling thread error: PLC disconnected: timed out
2026-02-12 17:29:15,764 [ERROR] Polling thread error: PLC disconnected: timed out
2026-02-12 17:29:18,856 [ERROR] Polling thread error: PLC disconnected: timed out
2026-02-12 17:29:21,934 [ERROR] Polling thread error: PLC disconnected: timed out
2026-02-12 17:29:25,017 [ERROR] Polling thread error: PLC disconnected: timed out
2026-02-12 17:29:28,106 [ERROR] Polling thread error: PLC disconnected: timed out
2026-02-12 17:29:31,191 [ERROR] Polling thread error: PLC disconnected: timed out
2026-02-12 17:29:34,277 [ERROR] Polling thread error: PLC disconnected: timed out
2026-02-12 17:29:37,365 [ERROR] Polling thread error: PLC disconnected: timed out
2026-02-12 17:29:40,451 [ERROR] Polling thread error: PLC disconnected: timed out
2026-02-12 17:29:43,530 [ERROR] Polling thread error: PLC disconnected: timed out
2026-02-12 17:29:46,610 [ERROR] Polling thread error: PLC disconnected: timed out
2026-02-12 17:29:49,688 [ERROR] Polling thread error: PLC disconnected: timed out
2026-02-12 17:29:52,766 [ERROR] Polling thread error: PLC disconnected: timed out
2026-02-12 17:29:55,846 [ERROR] Polling thread error: PLC disconnected: timed out
2026-02-12 17:29:58,936 [ERROR] Polling thread error: PLC disconnected: timed out
2026-02-12 17:30:02,021 [ERROR] Polling thread error: PLC disconnected: timed out
2026-02-12 17:30:05,110 [ERROR] Polling thread error: PLC disconnected: timed out
2026-02-12 17:30:08,192 [ERROR] Polling thread error: PLC disconnected: timed out
2026-02-12 17:30:11,279 [ERROR] Polling thread error: PLC disconnected: timed out
2026-02-12 17:30:14,363 [ERROR] Polling thread error: PLC disconnected: timed out
2026-02-12 17:30:17,442 [ERROR] Polling thread error: PLC disconnected: timed out
2026-02-12 17:30:20,522 [ERROR] Polling thread error: PLC disconnected: timed out
2026-02-12 17:30:23,606 [ERROR] Polling thread error: PLC disconnected: timed out
2026-02-12 17:30:26,685 [ERROR] Polling thread error: PLC disconnected: timed out
2026-02-12 17:30:29,775 [ERROR] Polling thread error: PLC disconnected: timed out
2026-02-12 17:30:32,856 [ERROR] Polling thread error: PLC disconnected: timed out
2026-02-12 17:30:35,935 [ERROR] Polling thread error: PLC disconnected: timed out
2026-02-12 17:30:39,012 [ERROR] Polling thread error: PLC disconnected: timed out
2026-02-12 17:30:42,099 [ERROR] Polling thread error: PLC disconnected: timed out
2026-02-12 17:30:45,186 [ERROR] Polling thread error: PLC disconnected: timed out
2026-02-12 17:30:48,276 [ERROR] Polling thread error: PLC disconnected: timed out
2026-02-12 17:30:51,366 [ERROR] Polling thread error: PLC disconnected: timed out
2026-02-12 17:30:54,443 [ERROR] Polling thread error: PLC disconnected: timed out
2026-02-12 17:30:57,520 [ERROR] Polling thread error: PLC disconnected: timed out
2026-02-12 17:31:00,599 [ERROR] Polling thread error: PLC disconnected: timed out
2026-02-12 17:31:03,691 [ERROR] Polling thread error: PLC disconnected: timed out
2026-02-12 17:31:06,767 [ERROR] Polling thread error: PLC disconnected: timed out
2026-02-12 17:31:09,856 [ERROR] Polling thread error: PLC disconnected: timed out
2026-02-12 17:31:12,944 [ERROR] Polling thread error: PLC disconnected: timed out
2026-02-12 17:31:16,021 [ERROR] Polling thread error: PLC disconnected: timed out
2026-02-12 17:31:19,098 [ERROR] Polling thread error: PLC disconnected: timed out
2026-02-12 17:31:22,189 [ERROR] Polling thread error: PLC disconnected: timed out
2026-02-12 17:31:25,274 [ERROR] Polling thread error: PLC disconnected: timed out
2026-02-12 17:31:28,351 [ERROR] Polling thread error: PLC disconnected: timed out
2026-02-12 17:31:31,436 [ERROR] Polling thread error: PLC disconnected: timed out
2026-02-12 17:31:34,522 [ERROR] Polling thread error: PLC disconnected: timed out
2026-02-12 17:31:37,602 [ERROR] Polling thread error: PLC disconnected: timed out
2026-02-12 17:31:40,690 [ERROR] Polling thread error: PLC disconnected: timed out
2026-02-12 17:31:43,766 [ERROR] Polling thread error: PLC disconnected: timed out
2026-02-12 17:31:46,854 [ERROR] Polling thread error: PLC disconnected: timed out
2026-02-12 17:31:49,939 [ERROR] Polling thread error: PLC disconnected: timed out
2026-02-12 17:31:53,027 [ERROR] Polling thread error: PLC disconnected: timed out
2026-02-12 17:31:56,112 [ERROR] Polling thread error: PLC disconnected: timed out
2026-02-12 17:31:59,197 [ERROR] Polling thread error: PLC disconnected: timed out
2026-02-12 17:32:02,284 [ERROR] Polling thread error: PLC disconnected: timed out
2026-02-12 17:32:05,363 [ERROR] Polling thread error: PLC disconnected: timed out
2026-02-12 17:32:08,444 [ERROR] Polling thread error: PLC disconnected: timed out
2026-02-12 17:32:11,524 [ERROR] Polling thread error: PLC disconnected: timed out
2026-02-12 17:32:14,613 [ERROR] Polling thread error: PLC disconnected: timed out
2026-02-12 17:32:17,694 [ERROR] Polling thread error: PLC disconnected: timed out
2026-02-12 17:32:20,782 [ERROR] Polling thread error: PLC disconnected: timed out
2026-02-12 17:32:23,869 [ERROR] Polling thread error: PLC disconnected: timed out
2026-02-12 17:32:26,956 [ERROR] Polling thread error: PLC disconnected: timed out
2026-02-12 17:32:30,044 [ERROR] Polling thread error: PLC disconnected: timed out
2026-02-12 17:32:33,124 [ERROR] Polling thread error: PLC disconnected: timed out
2026-02-12 17:32:36,212 [ERROR] Polling thread error: PLC disconnected: timed out
2026-02-12 17:32:39,304 [ERROR] Polling thread error: PLC disconnected: timed out
2026-02-12 17:32:42,384 [ERROR] Polling thread error: PLC disconnected: timed out
2026-02-12 17:32:45,473 [ERROR] Polling thread error: PLC disconnected: timed out
2026-02-12 17:32:48,555 [ERROR] Polling thread error: PLC disconnected: timed out
2026-02-12 17:32:51,632 [ERROR] Polling thread error: PLC disconnected: timed out
2026-02-12 17:32:54,720 [ERROR] Polling thread error: PLC disconnected: timed out
2026-02-12 17:32:57,801 [ERROR] Polling thread error: PLC disconnected: timed out
2026-02-12 17:33:00,886 [ERROR] Polling thread error: PLC disconnected: timed out
2026-02-12 17:33:03,975 [ERROR] Polling thread error: PLC disconnected: timed out
2026-02-12 17:33:07,055 [ERROR] Polling thread error: PLC disconnected: timed out
2026-02-12 17:33:10,134 [ERROR] Polling thread error: PLC disconnected: timed out
2026-02-12 17:33:13,215 [ERROR] Polling thread error: PLC disconnected: timed out
2026-02-12 17:33:16,304 [ERROR] Polling thread error: PLC disconnected: timed out
2026-02-12 17:33:19,391 [ERROR] Polling thread error: PLC disconnected: timed out
2026-02-12 17:33:22,483 [ERROR] Polling thread error: PLC disconnected: timed out
2026-02-12 17:33:25,569 [ERROR] Polling thread error: PLC disconnected: timed out
2026-02-12 17:33:28,650 [ERROR] Polling thread error: PLC disconnected: timed out
2026-02-12 17:33:31,737 [ERROR] Polling thread error: PLC disconnected: timed out
2026-02-12 17:33:34,825 [ERROR] Polling thread error: PLC disconnected: timed out
2026-02-12 17:33:37,906 [ERROR] Polling thread error: PLC disconnected: timed out
2026-02-12 17:33:40,995 [ERROR] Polling thread error: PLC disconnected: timed out
2026-02-12 17:33:44,078 [ERROR] Polling thread error: PLC disconnected: timed out
2026-02-12 17:33:47,164 [ERROR] Polling thread error: PLC disconnected: timed out
2026-02-12 17:33:50,247 [ERROR] Polling thread error: PLC disconnected: timed out
2026-02-12 17:33:53,332 [ERROR] Polling thread error: PLC disconnected: timed out
2026-02-12 17:33:56,412 [ERROR] Polling thread error: PLC disconnected: timed out
2026-02-12 17:33:59,499 [ERROR] Polling thread error: PLC disconnected: timed out
2026-02-12 17:34:02,590 [ERROR] Polling thread error: PLC disconnected: timed out
2026-02-12 17:34:05,681 [ERROR] Polling thread error: PLC disconnected: timed out
2026-02-12 17:34:08,758 [ERROR] Polling thread error: PLC disconnected: timed out
2026-02-12 17:34:11,839 [ERROR] Polling thread error: PLC disconnected: timed out
2026-02-12 17:34:14,927 [ERROR] Polling thread error: PLC disconnected: timed out
2026-02-12 17:34:18,018 [ERROR] Polling thread error: PLC disconnected: timed out
2026-02-12 17:34:21,095 [ERROR] Polling thread error: PLC disconnected: timed out
2026-02-12 17:34:24,181 [ERROR] Polling thread error: PLC disconnected: timed out
2026-02-12 17:34:27,267 [ERROR] Polling thread error: PLC disconnected: timed out
2026-02-12 17:34:30,347 [ERROR] Polling thread error: PLC disconnected: timed out
2026-02-12 17:34:33,436 [ERROR] Polling thread error: PLC disconnected: timed out
2026-02-12 17:34:36,514 [ERROR] Polling thread error: PLC disconnected: timed out
2026-02-12 17:34:39,595 [ERROR] Polling thread error: PLC disconnected: timed out
2026-02-12 17:34:42,676 [ERROR] Polling thread error: PLC disconnected: timed out
2026-02-12 17:34:45,761 [ERROR] Polling thread error: PLC disconnected: timed out
2026-02-12 17:34:48,845 [ERROR] Polling thread error: PLC disconnected: timed out
2026-02-12 17:34:51,925 [ERROR] Polling thread error: PLC disconnected: timed out
2026-02-12 17:34:55,013 [ERROR] Polling thread error: PLC disconnected: timed out
2026-02-12 17:34:58,098 [ERROR] Polling thread error: PLC disconnected: timed out
2026-02-12 17:35:01,175 [ERROR] Polling thread error: PLC disconnected: timed out
2026-02-12 17:35:04,262 [ERROR] Polling thread error: PLC disconnected: timed out
2026-02-12 17:35:07,351 [ERROR] Polling thread error: PLC disconnected: timed out
2026-02-12 17:35:10,435 [ERROR] Polling thread error: PLC disconnected: timed out
2026-02-12 17:35:13,526 [ERROR] Polling thread error: PLC disconnected: timed out
2026-02-12 17:35:16,611 [ERROR] Polling thread error: PLC disconnected: timed out
2026-02-12 17:35:19,700 [ERROR] Polling thread error: PLC disconnected: timed out
2026-02-12 17:35:22,790 [ERROR] Polling thread error: PLC disconnected: timed out
2026-02-12 17:35:25,881 [ERROR] Polling thread error: PLC disconnected: timed out
2026-02-12 17:35:28,964 [ERROR] Polling thread error: PLC disconnected: timed out
2026-02-12 17:35:32,055 [ERROR] Polling thread error: PLC disconnected: timed out
2026-02-12 17:35:35,144 [ERROR] Polling thread error: PLC disconnected: timed out
2026-02-12 17:35:38,222 [ERROR] Polling thread error: PLC disconnected: timed out
2026-02-12 17:35:41,307 [ERROR] Polling thread error: PLC disconnected: timed out
2026-02-12 17:35:44,392 [ERROR] Polling thread error: PLC disconnected: timed out
2026-02-12 17:35:47,479 [ERROR] Polling thread error: PLC disconnected: timed out
2026-02-12 17:35:50,557 [ERROR] Polling thread error: PLC disconnected: timed out
2026-02-12 17:35:53,641 [ERROR] Polling thread error: PLC disconnected: timed out
2026-02-12 17:35:56,725 [ERROR] Polling thread error: PLC disconnected: timed out
2026-02-12 17:35:59,804 [ERROR] Polling thread error: PLC disconnected: timed out
2026-02-12 17:36:02,882 [ERROR] Polling thread error: PLC disconnected: timed out
2026-02-12 17:36:05,974 [ERROR] Polling thread error: PLC disconnected: timed out
2026-02-12 17:36:09,053 [ERROR] Polling thread error: PLC disconnected: timed out
2026-02-12 17:36:12,130 [ERROR] Polling thread error: PLC disconnected: timed out
2026-02-12 17:36:15,221 [ERROR] Polling thread error: PLC disconnected: timed out
2026-02-12 17:36:18,305 [ERROR] Polling thread error: PLC disconnected: timed out
2026-02-12 17:36:21,390 [ERROR] Polling thread error: PLC disconnected: timed out
2026-02-12 17:36:24,467 [ERROR] Polling thread error: PLC disconnected: timed out
2026-02-12 17:36:27,556 [ERROR] Polling thread error: PLC disconnected: timed out
2026-02-12 17:36:30,635 [ERROR] Polling thread error: PLC disconnected: timed out
2026-02-12 17:36:33,718 [ERROR] Polling thread error: PLC disconnected: timed out
2026-02-12 17:36:36,806 [ERROR] Polling thread error: PLC disconnected: timed out
2026-02-12 17:36:39,884 [ERROR] Polling thread error: PLC disconnected: timed out
2026-02-12 17:36:42,975 [ERROR] Polling thread error: PLC disconnected: timed out
2026-02-12 17:36:46,054 [ERROR] Polling thread error: PLC disconnected: timed out
2026-02-12 17:36:49,140 [ERROR] Polling thread error: PLC disconnected: timed out
2026-02-12 17:36:52,218 [ERROR] Polling thread error: PLC disconnected: timed out
2026-02-12 17:36:55,300 [ERROR] Polling thread error: PLC disconnected: timed out
2026-02-12 17:36:58,391 [ERROR] Polling thread error: PLC disconnected: timed out
2026-02-12 17:37:01,469 [ERROR] Polling thread error: PLC disconnected: timed out
2026-02-12 17:37:04,550 [ERROR] Polling thread error: PLC disconnected: timed out
2026-02-12 17:37:07,637 [ERROR] Polling thread error: PLC disconnected: timed out
2026-02-12 17:37:10,724 [ERROR] Polling thread error: PLC disconnected: timed out
2026-02-12 17:37:13,805 [ERROR] Polling thread error: PLC disconnected: timed out
2026-02-12 17:37:16,894 [ERROR] Polling thread error: PLC disconnected: timed out
2026-02-12 17:37:19,972 [ERROR] Polling thread error: PLC disconnected: timed out
2026-02-12 17:37:23,055 [ERROR] Polling thread error: PLC disconnected: timed out
2026-02-12 17:37:26,139 [ERROR] Polling thread error: PLC disconnected: timed out
2026-02-12 17:37:29,226 [ERROR] Polling thread error: PLC disconnected: timed out
2026-02-12 17:37:32,317 [ERROR] Polling thread error: PLC disconnected: timed out
2026-02-12 17:37:35,403 [ERROR] Polling thread error: PLC disconnected: timed out
2026-02-12 17:37:38,484 [ERROR] Polling thread error: PLC disconnected: timed out
2026-02-12 17:37:41,564 [ERROR] Polling thread error: PLC disconnected: timed out
2026-02-12 17:37:44,644 [ERROR] Polling thread error: PLC disconnected: timed out
2026-02-12 17:37:47,730 [ERROR] Polling thread error: PLC disconnected: timed out
2026-02-12 17:37:50,813 [ERROR] Polling thread error: PLC disconnected: timed out
2026-02-12 17:37:53,901 [ERROR] Polling thread error: PLC disconnected: timed out
2026-02-12 17:37:56,980 [ERROR] Polling thread error: PLC disconnected: timed out
2026-02-12 17:38:00,068 [ERROR] Polling thread error: PLC disconnected: timed out
2026-02-12 17:38:03,146 [ERROR] Polling thread error: PLC disconnected: timed out
2026-02-12 17:38:06,234 [ERROR] Polling thread error: PLC disconnected: timed out
2026-02-12 17:38:09,323 [ERROR] Polling thread error: PLC disconnected: timed out
2026-02-12 17:38:12,413 [ERROR] Polling thread error: PLC disconnected: timed out
2026-02-12 17:38:15,491 [ERROR] Polling thread error: PLC disconnected: timed out
2026-02-12 17:38:18,578 [ERROR] Polling thread error: PLC disconnected: timed out
2026-02-12 17:38:21,661 [ERROR] Polling thread error: PLC disconnected: timed out
2026-02-12 17:38:24,747 [ERROR] Polling thread error: PLC disconnected: timed out
2026-02-12 17:38:27,833 [ERROR] Polling thread error: PLC disconnected: timed out
2026-02-12 17:38:30,924 [ERROR] Polling thread error: PLC disconnected: timed out
2026-02-12 17:38:34,014 [ERROR] Polling thread error: PLC disconnected: timed out
2026-02-12 17:38:37,094 [ERROR] Polling thread error: PLC disconnected: timed out
2026-02-12 17:38:40,175 [ERROR] Polling thread error: PLC disconnected: timed out
2026-02-12 17:38:43,266 [ERROR] Polling thread error: PLC disconnected: timed out
2026-02-12 17:38:46,347 [ERROR] Polling thread error: PLC disconnected: timed out
2026-02-12 17:38:49,439 [ERROR] Polling thread error: PLC disconnected: timed out
2026-02-12 17:38:52,517 [ERROR] Polling thread error: PLC disconnected: timed out
2026-02-12 17:38:55,594 [ERROR] Polling thread error: PLC disconnected: timed out
2026-02-12 17:38:58,683 [ERROR] Polling thread error: PLC disconnected: timed out
2026-02-12 17:39:01,761 [ERROR] Polling thread error: PLC disconnected: timed out
2026-02-12 17:39:04,840 [ERROR] Polling thread error: PLC disconnected: timed out
2026-02-12 17:39:07,925 [ERROR] Polling thread error: PLC disconnected: timed out
2026-02-12 17:39:11,016 [ERROR] Polling thread error: PLC disconnected: timed out
2026-02-12 17:39:14,104 [ERROR] Polling thread error: PLC disconnected: timed out
2026-02-12 17:39:17,195 [ERROR] Polling thread error: PLC disconnected: timed out
2026-02-12 17:39:20,279 [ERROR] Polling thread error: PLC disconnected: timed out
2026-02-12 17:39:23,363 [ERROR] Polling thread error: PLC disconnected: timed out
2026-02-12 17:39:26,447 [ERROR] Polling thread error: PLC disconnected: timed out
2026-02-12 17:39:29,532 [ERROR] Polling thread error: PLC disconnected: timed out
2026-02-12 17:39:32,613 [ERROR] Polling thread error: PLC disconnected: timed out
2026-02-12 17:39:35,699 [ERROR] Polling thread error: PLC disconnected: timed out
2026-02-12 17:39:38,778 [ERROR] Polling thread error: PLC disconnected: timed out
2026-02-12 17:39:41,867 [ERROR] Polling thread error: PLC disconnected: timed out
2026-02-12 17:39:44,948 [ERROR] Polling thread error: PLC disconnected: timed out
2026-02-12 17:39:48,032 [ERROR] Polling thread error: PLC disconnected: timed out
2026-02-12 17:39:51,121 [ERROR] Polling thread error: PLC disconnected: timed out
2026-02-12 17:39:54,199 [ERROR] Polling thread error: PLC disconnected: timed out
2026-02-12 17:39:57,289 [ERROR] Polling thread error: PLC disconnected: timed out
2026-02-12 17:40:00,368 [ERROR] Polling thread error: PLC disconnected: timed out
2026-02-12 17:40:03,459 [ERROR] Polling thread error: PLC disconnected: timed out
2026-02-12 17:40:06,547 [ERROR] Polling thread error: PLC disconnected: timed out
2026-02-12 17:40:09,627 [ERROR] Polling thread error: PLC disconnected: timed out
2026-02-12 17:40:12,705 [ERROR] Polling thread error: PLC disconnected: timed out
2026-02-12 17:40:15,795 [ERROR] Polling thread error: PLC disconnected: timed out
2026-02-12 17:40:18,872 [ERROR] Polling thread error: PLC disconnected: timed out
2026-02-12 17:40:21,962 [ERROR] Polling thread error: PLC disconnected: timed out
2026-02-12 17:40:25,053 [ERROR] Polling thread error: PLC disconnected: timed out
2026-02-12 17:40:28,140 [ERROR] Polling thread error: PLC disconnected: timed out
2026-02-12 17:40:31,221 [ERROR] Polling thread error: PLC disconnected: timed out
2026-02-12 17:40:34,299 [ERROR] Polling thread error: PLC disconnected: timed out
2026-02-12 17:40:37,389 [ERROR] Polling thread error: PLC disconnected: timed out
2026-02-12 17:40:40,467 [ERROR] Polling thread error: PLC disconnected: timed out
2026-02-12 17:40:43,548 [ERROR] Polling thread error: PLC disconnected: timed out
2026-02-12 17:40:46,634 [ERROR] Polling thread error: PLC disconnected: timed out
2026-02-12 17:40:49,714 [ERROR] Polling thread error: PLC disconnected: timed out
2026-02-12 17:40:52,794 [ERROR] Polling thread error: PLC disconnected: timed out
2026-02-12 17:40:55,882 [ERROR] Polling thread error: PLC disconnected: timed out
2026-02-12 17:40:58,973 [ERROR] Polling thread error: PLC disconnected: timed out
2026-02-12 17:41:02,056 [ERROR] Polling thread error: PLC disconnected: timed out
2026-02-12 17:41:05,146 [ERROR] Polling thread error: PLC disconnected: timed out
2026-02-12 17:41:08,235 [ERROR] Polling thread error: PLC disconnected: timed out
2026-02-12 17:41:11,326 [ERROR] Polling thread error: PLC disconnected: timed out
2026-02-12 17:41:14,416 [ERROR] Polling thread error: PLC disconnected: timed out
2026-02-12 17:41:17,494 [ERROR] Polling thread error: PLC disconnected: timed out
2026-02-12 17:41:20,584 [ERROR] Polling thread error: PLC disconnected: timed out
2026-02-12 17:41:23,661 [ERROR] Polling thread error: PLC disconnected: timed out
2026-02-12 17:41:26,737 [ERROR] Polling thread error: PLC disconnected: timed out
2026-02-12 17:41:29,816 [ERROR] Polling thread error: PLC disconnected: timed out
2026-02-12 17:41:32,908 [ERROR] Polling thread error: PLC disconnected: timed out
2026-02-12 17:41:35,985 [ERROR] Polling thread error: PLC disconnected: timed out
2026-02-12 17:41:39,077 [ERROR] Polling thread error: PLC disconnected: timed out
2026-02-12 17:41:42,156 [ERROR] Polling thread error: PLC disconnected: timed out
2026-02-12 17:41:45,243 [ERROR] Polling thread error: PLC disconnected: timed out
2026-02-12 17:41:48,332 [ERROR] Polling thread error: PLC disconnected: timed out
2026-02-12 17:41:51,413 [ERROR] Polling thread error: PLC disconnected: timed out
2026-02-12 17:41:54,499 [ERROR] Polling thread error: PLC disconnected: timed out
2026-02-12 17:41:57,586 [ERROR] Polling thread error: PLC disconnected: timed out
2026-02-12 17:42:00,663 [ERROR] Polling thread error: PLC disconnected: timed out
2026-02-12 17:42:03,750 [ERROR] Polling thread error: PLC disconnected: timed out
2026-02-12 17:42:06,839 [ERROR] Polling thread error: PLC disconnected: timed out
2026-02-12 17:42:09,925 [ERROR] Polling thread error: PLC disconnected: timed out
2026-02-12 17:46:05,244 [WARNING] [Inference] TensorRT or cuda-python not installed: No module named 'tensorrt'
2026-02-12 17:46:05,799 [INFO] [Inference] Using GPU
2026-02-12 17:46:05,800 [INFO] [Inference] Loading OpenVINO model from C:\Users\Priyanshu\OneDrive\Desktop\MECup\backend\inference\openvino_model\model.xml
2026-02-12 17:46:06,524 [INFO] [Inference] Using OpenVINO backend on GPU
2026-02-12 17:46:12,253 [INFO] [Inference] Model ready (openvino)
2026-02-12 17:46:12,254 [ERROR] Error in inference process: [Errno 2] No such file or directory: 'C:\\MyStuff\\VS\\MECup\\backend\\inference\\stitched_result2.jpg'
2026-02-12 17:46:13,410 [WARNING] [Inference] TensorRT or cuda-python not installed: No module named 'tensorrt'
2026-02-12 17:46:13,764 [INFO] [Inference] Using GPU
2026-02-12 17:46:13,764 [INFO] [Inference] Loading OpenVINO model from C:\Users\Priyanshu\OneDrive\Desktop\MECup\backend\inference\openvino_model\model.xml
2026-02-12 17:46:14,259 [INFO] [Inference] Using OpenVINO backend on GPU
2026-02-12 17:46:19,939 [INFO] [Inference] Model ready (openvino)
2026-02-12 17:46:19,940 [ERROR] Error in inference process: [Errno 2] No such file or directory: 'C:\\MyStuff\\VS\\MECup\\backend\\inference\\stitched_result2.jpg'
2026-02-12 17:46:21,212 [WARNING] [Inference] TensorRT or cuda-python not installed: No module named 'tensorrt'
2026-02-12 17:46:21,514 [INFO] [Inference] Using GPU
2026-02-12 17:46:21,515 [INFO] [Inference] Loading OpenVINO model from C:\Users\Priyanshu\OneDrive\Desktop\MECup\backend\inference\openvino_model\model.xml
2026-02-12 17:46:22,014 [INFO] [Inference] Using OpenVINO backend on GPU
2026-02-12 17:46:22,135 [ERROR] Polling thread error: PLC disconnected: timed out
2026-02-12 17:46:25,226 [ERROR] Polling thread error: PLC disconnected: timed out
2026-02-12 17:46:28,273 [INFO] [Inference] Model ready (openvino)
2026-02-12 17:46:28,273 [ERROR] Error in inference process: [Errno 2] No such file or directory: 'C:\\MyStuff\\VS\\MECup\\backend\\inference\\stitched_result2.jpg'
2026-02-12 17:46:28,308 [ERROR] Polling thread error: PLC disconnected: timed out
2026-02-12 17:46:31,384 [ERROR] Polling thread error: PLC disconnected: timed out
2026-02-12 17:46:34,462 [ERROR] Polling thread error: PLC disconnected: timed out
2026-02-12 17:46:37,541 [ERROR] Polling thread error: PLC disconnected: timed out
2026-02-12 17:46:40,631 [ERROR] Polling thread error: PLC disconnected: timed out
2026-02-12 17:46:43,716 [ERROR] Polling thread error: PLC disconnected: timed out
2026-02-12 17:46:46,801 [ERROR] Polling thread error: PLC disconnected: timed out
2026-02-12 17:46:49,891 [ERROR] Polling thread error: PLC disconnected: timed out
2026-02-12 17:46:52,969 [ERROR] Polling thread error: PLC disconnected: timed out
2026-02-12 17:46:56,050 [ERROR] Polling thread error: PLC disconnected: timed out
2026-02-12 17:46:59,138 [ERROR] Polling thread error: PLC disconnected: timed out
2026-02-12 17:47:02,216 [ERROR] Polling thread error: PLC disconnected: timed out
2026-02-12 17:47:05,304 [ERROR] Polling thread error: PLC disconnected: timed out
2026-02-12 17:47:08,389 [ERROR] Polling thread error: PLC disconnected: timed out
2026-02-12 17:47:11,476 [ERROR] Polling thread error: PLC disconnected: timed out
2026-02-12 17:47:14,561 [ERROR] Polling thread error: PLC disconnected: timed out
2026-02-12 17:47:17,650 [ERROR] Polling thread error: PLC disconnected: timed out
2026-02-12 17:47:20,739 [ERROR] Polling thread error: PLC disconnected: timed out
2026-02-12 17:47:23,821 [ERROR] Polling thread error: PLC disconnected: timed out
2026-02-12 17:47:26,910 [ERROR] Polling thread error: PLC disconnected: timed out
2026-02-12 17:47:29,998 [ERROR] Polling thread error: PLC disconnected: timed out
2026-02-12 17:47:33,082 [ERROR] Polling thread error: PLC disconnected: timed out
2026-02-12 17:47:36,169 [ERROR] Polling thread error: PLC disconnected: timed out
2026-02-12 17:47:39,252 [ERROR] Polling thread error: PLC disconnected: timed out
2026-02-12 17:47:42,329 [ERROR] Polling thread error: PLC disconnected: timed out
2026-02-12 17:47:45,418 [ERROR] Polling thread error: PLC disconnected: timed out
2026-02-12 17:47:48,503 [ERROR] Polling thread error: PLC disconnected: timed out
2026-02-12 17:47:51,590 [ERROR] Polling thread error: PLC disconnected: timed out
2026-02-12 17:47:54,677 [ERROR] Polling thread error: PLC disconnected: timed out
2026-02-12 17:47:57,767 [ERROR] Polling thread error: PLC disconnected: timed out
2026-02-12 17:48:00,850 [ERROR] Polling thread error: PLC disconnected: timed out
2026-02-12 17:48:03,929 [ERROR] Polling thread error: PLC disconnected: timed out
2026-02-12 17:48:07,011 [ERROR] Polling thread error: PLC disconnected: timed out
2026-02-12 17:48:10,088 [ERROR] Polling thread error: PLC disconnected: timed out
2026-02-12 17:48:13,177 [ERROR] Polling thread error: PLC disconnected: timed out
2026-02-12 17:48:16,258 [ERROR] Polling thread error: PLC disconnected: timed out
2026-02-12 17:48:19,341 [ERROR] Polling thread error: PLC disconnected: timed out
2026-02-12 17:48:22,429 [ERROR] Polling thread error: PLC disconnected: timed out
2026-02-12 17:48:25,508 [ERROR] Polling thread error: PLC disconnected: timed out
2026-02-12 17:48:28,597 [ERROR] Polling thread error: PLC disconnected: timed out
2026-02-12 17:48:31,679 [ERROR] Polling thread error: PLC disconnected: timed out
2026-02-12 17:48:34,759 [ERROR] Polling thread error: PLC disconnected: timed out
2026-02-12 17:48:37,848 [ERROR] Polling thread error: PLC disconnected: timed out
2026-02-12 17:48:40,937 [ERROR] Polling thread error: PLC disconnected: timed out
2026-02-12 17:48:44,026 [ERROR] Polling thread error: PLC disconnected: timed out
2026-02-12 17:48:47,106 [ERROR] Polling thread error: PLC disconnected: timed out
2026-02-12 17:48:50,192 [ERROR] Polling thread error: PLC disconnected: timed out
2026-02-12 17:48:53,270 [ERROR] Polling thread error: PLC disconnected: timed out
2026-02-12 17:48:56,348 [ERROR] Polling thread error: PLC disconnected: timed out
2026-02-12 17:48:59,425 [ERROR] Polling thread error: PLC disconnected: timed out
2026-02-12 17:49:02,504 [ERROR] Polling thread error: PLC disconnected: timed out
2026-02-12 17:49:05,590 [ERROR] Polling thread error: PLC disconnected: timed out
2026-02-12 17:49:08,681 [ERROR] Polling thread error: PLC disconnected: timed out
2026-02-12 17:49:11,765 [ERROR] Polling thread error: PLC disconnected: timed out
2026-02-12 17:49:14,855 [ERROR] Polling thread error: PLC disconnected: timed out
2026-02-12 17:49:17,947 [ERROR] Polling thread error: PLC disconnected: timed out
2026-02-12 17:49:21,030 [ERROR] Polling thread error: PLC disconnected: timed out
2026-02-12 17:49:24,113 [ERROR] Polling thread error: PLC disconnected: timed out
2026-02-12 17:49:27,200 [ERROR] Polling thread error: PLC disconnected: timed out
2026-02-12 17:49:30,291 [ERROR] Polling thread error: PLC disconnected: timed out
2026-02-12 17:49:33,380 [ERROR] Polling thread error: PLC disconnected: timed out
2026-02-12 17:49:36,461 [ERROR] Polling thread error: PLC disconnected: timed out
2026-02-12 17:49:39,547 [ERROR] Polling thread error: PLC disconnected: timed out
2026-02-12 17:49:42,625 [ERROR] Polling thread error: PLC disconnected: timed out
2026-02-12 17:49:45,709 [ERROR] Polling thread error: PLC disconnected: timed out
2026-02-12 17:49:48,795 [ERROR] Polling thread error: PLC disconnected: timed out
2026-02-12 17:49:51,878 [ERROR] Polling thread error: PLC disconnected: timed out
2026-02-12 17:49:54,967 [ERROR] Polling thread error: PLC disconnected: timed out
2026-02-12 17:49:58,047 [ERROR] Polling thread error: PLC disconnected: timed out
2026-02-12 17:50:01,140 [ERROR] Polling thread error: PLC disconnected: timed out
2026-02-12 17:50:04,228 [ERROR] Polling thread error: PLC disconnected: timed out
2026-02-12 17:50:07,311 [ERROR] Polling thread error: PLC disconnected: timed out
2026-02-12 17:50:10,390 [ERROR] Polling thread error: PLC disconnected: timed out
2026-02-12 17:50:13,477 [ERROR] Polling thread error: PLC disconnected: timed out
2026-02-12 17:50:16,568 [ERROR] Polling thread error: PLC disconnected: timed out
2026-02-12 17:50:19,653 [ERROR] Polling thread error: PLC disconnected: timed out
2026-02-12 17:50:22,732 [ERROR] Polling thread error: PLC disconnected: timed out
2026-02-12 17:50:25,817 [ERROR] Polling thread error: PLC disconnected: timed out
2026-02-12 17:50:28,897 [ERROR] Polling thread error: PLC disconnected: timed out
2026-02-12 17:50:31,980 [ERROR] Polling thread error: PLC disconnected: timed out
2026-02-12 17:50:35,069 [ERROR] Polling thread error: PLC disconnected: timed out
2026-02-12 17:50:38,155 [ERROR] Polling thread error: PLC disconnected: timed out
2026-02-12 17:50:41,241 [ERROR] Polling thread error: PLC disconnected: timed out
2026-02-12 17:50:44,328 [ERROR] Polling thread error: PLC disconnected: timed out
2026-02-12 17:50:47,410 [ERROR] Polling thread error: PLC disconnected: timed out
2026-02-12 17:50:50,491 [ERROR] Polling thread error: PLC disconnected: timed out
2026-02-12 17:50:53,579 [ERROR] Polling thread error: PLC disconnected: timed out
2026-02-12 17:50:56,672 [ERROR] Polling thread error: PLC disconnected: timed out
2026-02-12 17:50:59,754 [ERROR] Polling thread error: PLC disconnected: timed out
2026-02-12 17:51:02,843 [ERROR] Polling thread error: PLC disconnected: timed out
2026-02-12 17:51:05,927 [ERROR] Polling thread error: PLC disconnected: timed out
2026-02-12 17:51:09,013 [ERROR] Polling thread error: PLC disconnected: timed out
2026-02-12 17:51:12,093 [ERROR] Polling thread error: PLC disconnected: timed out
2026-02-12 17:51:15,175 [ERROR] Polling thread error: PLC disconnected: timed out
2026-02-12 17:51:18,258 [ERROR] Polling thread error: PLC disconnected: timed out
2026-02-12 17:51:21,334 [ERROR] Polling thread error: PLC disconnected: timed out
2026-02-12 17:51:24,419 [ERROR] Polling thread error: PLC disconnected: timed out
2026-02-12 17:51:27,500 [ERROR] Polling thread error: PLC disconnected: timed out
2026-02-12 17:51:30,589 [ERROR] Polling thread error: PLC disconnected: timed out
2026-02-12 17:51:33,673 [ERROR] Polling thread error: PLC disconnected: timed out
2026-02-12 17:51:36,761 [ERROR] Polling thread error: PLC disconnected: timed out
2026-02-12 17:51:39,849 [ERROR] Polling thread error: PLC disconnected: timed out
2026-02-12 17:51:42,937 [ERROR] Polling thread error: PLC disconnected: timed out
2026-02-12 17:51:46,018 [ERROR] Polling thread error: PLC disconnected: timed out
2026-02-12 17:51:49,101 [ERROR] Polling thread error: PLC disconnected: timed out
2026-02-12 17:51:52,188 [ERROR] Polling thread error: PLC disconnected: timed out
2026-02-12 17:51:55,278 [ERROR] Polling thread error: PLC disconnected: timed out
2026-02-12 17:51:58,360 [ERROR] Polling thread error: PLC disconnected: timed out
2026-02-12 17:52:01,442 [ERROR] Polling thread error: PLC disconnected: timed out
2026-02-12 17:52:04,531 [ERROR] Polling thread error: PLC disconnected: timed out
2026-02-12 17:52:07,615 [ERROR] Polling thread error: PLC disconnected: timed out
2026-02-12 17:52:10,700 [ERROR] Polling thread error: PLC disconnected: timed out
2026-02-12 17:52:13,790 [ERROR] Polling thread error: PLC disconnected: timed out
2026-02-12 17:52:16,875 [ERROR] Polling thread error: PLC disconnected: timed out
2026-02-12 17:52:19,952 [ERROR] Polling thread error: PLC disconnected: timed out
2026-02-12 17:52:23,033 [ERROR] Polling thread error: PLC disconnected: timed out
2026-02-12 17:52:26,120 [ERROR] Polling thread error: PLC disconnected: timed out
2026-02-12 17:52:29,201 [ERROR] Polling thread error: PLC disconnected: timed out
2026-02-12 17:52:32,292 [ERROR] Polling thread error: PLC disconnected: timed out
2026-02-12 17:52:35,370 [ERROR] Polling thread error: PLC disconnected: timed out
2026-02-12 17:52:38,447 [ERROR] Polling thread error: PLC disconnected: timed out
2026-02-12 17:52:41,528 [ERROR] Polling thread error: PLC disconnected: timed out
2026-02-12 17:52:44,611 [ERROR] Polling thread error: PLC disconnected: timed out
2026-02-12 17:52:47,698 [ERROR] Polling thread error: PLC disconnected: timed out
2026-02-12 17:52:50,789 [ERROR] Polling thread error: PLC disconnected: timed out
2026-02-12 17:52:53,873 [ERROR] Polling thread error: PLC disconnected: timed out
2026-02-12 17:52:56,957 [ERROR] Polling thread error: PLC disconnected: timed out
2026-02-12 17:53:00,042 [ERROR] Polling thread error: PLC disconnected: timed out
2026-02-12 17:53:03,126 [ERROR] Polling thread error: PLC disconnected: timed out
2026-02-12 17:53:06,209 [ERROR] Polling thread error: PLC disconnected: timed out
2026-02-12 17:53:09,292 [ERROR] Polling thread error: PLC disconnected: timed out
2026-02-12 17:53:12,383 [ERROR] Polling thread error: PLC disconnected: timed out
2026-02-12 17:53:15,465 [ERROR] Polling thread error: PLC disconnected: timed out
2026-02-12 17:53:18,556 [ERROR] Polling thread error: PLC disconnected: timed out
2026-02-12 17:53:21,640 [ERROR] Polling thread error: PLC disconnected: timed out
2026-02-12 17:53:24,725 [ERROR] Polling thread error: PLC disconnected: timed out
2026-02-12 17:53:27,813 [ERROR] Polling thread error: PLC disconnected: timed out
2026-02-12 17:53:30,895 [ERROR] Polling thread error: PLC disconnected: timed out
2026-02-12 17:53:33,971 [ERROR] Polling thread error: PLC disconnected: timed out
2026-02-12 17:53:37,055 [ERROR] Polling thread error: PLC disconnected: timed out
2026-02-12 17:53:40,144 [ERROR] Polling thread error: PLC disconnected: timed out
2026-02-12 17:53:43,222 [ERROR] Polling thread error: PLC disconnected: timed out
2026-02-12 17:53:46,308 [ERROR] Polling thread error: PLC disconnected: timed out
2026-02-12 17:53:49,388 [ERROR] Polling thread error: PLC disconnected: timed out
2026-02-12 17:53:52,479 [ERROR] Polling thread error: PLC disconnected: timed out
2026-02-12 17:53:55,568 [ERROR] Polling thread error: PLC disconnected: timed out
2026-02-12 17:53:58,658 [ERROR] Polling thread error: PLC disconnected: timed out
2026-02-12 17:54:01,750 [ERROR] Polling thread error: PLC disconnected: timed out
2026-02-12 17:54:04,836 [ERROR] Polling thread error: PLC disconnected: timed out
2026-02-12 17:54:07,919 [ERROR] Polling thread error: PLC disconnected: timed out
2026-02-12 17:54:11,006 [ERROR] Polling thread error: PLC disconnected: timed out
2026-02-12 17:54:14,095 [ERROR] Polling thread error: PLC disconnected: timed out
2026-02-12 17:54:17,172 [ERROR] Polling thread error: PLC disconnected: timed out
2026-02-12 17:54:20,263 [ERROR] Polling thread error: PLC disconnected: timed out
2026-02-12 17:54:23,353 [ERROR] Polling thread error: PLC disconnected: timed out
2026-02-12 17:54:26,437 [ERROR] Polling thread error: PLC disconnected: timed out
2026-02-12 17:54:29,526 [ERROR] Polling thread error: PLC disconnected: timed out
2026-02-12 17:54:32,604 [ERROR] Polling thread error: PLC disconnected: timed out
2026-02-12 17:54:35,689 [ERROR] Polling thread error: PLC disconnected: timed out
2026-02-12 17:54:38,775 [ERROR] Polling thread error: PLC disconnected: timed out
2026-02-12 17:54:41,857 [ERROR] Polling thread error: PLC disconnected: timed out
2026-02-12 17:54:44,938 [ERROR] Polling thread error: PLC disconnected: timed out
2026-02-12 17:54:48,015 [ERROR] Polling thread error: PLC disconnected: timed out
2026-02-12 17:54:51,100 [ERROR] Polling thread error: PLC disconnected: timed out
2026-02-12 17:54:54,189 [ERROR] Polling thread error: PLC disconnected: timed out
2026-02-12 17:54:57,272 [ERROR] Polling thread error: PLC disconnected: timed out
2026-02-12 17:55:00,360 [ERROR] Polling thread error: PLC disconnected: timed out
2026-02-12 17:55:03,441 [ERROR] Polling thread error: PLC disconnected: timed out
2026-02-12 17:55:06,531 [ERROR] Polling thread error: PLC disconnected: timed out
2026-02-12 17:55:09,621 [ERROR] Polling thread error: PLC disconnected: timed out
2026-02-12 17:55:12,700 [ERROR] Polling thread error: PLC disconnected: timed out
2026-02-12 17:55:15,790 [ERROR] Polling thread error: PLC disconnected: timed out
2026-02-12 17:55:18,872 [ERROR] Polling thread error: PLC disconnected: timed out
2026-02-12 17:55:21,956 [ERROR] Polling thread error: PLC disconnected: timed out
2026-02-12 17:55:25,032 [ERROR] Polling thread error: PLC disconnected: timed out
2026-02-12 17:55:28,122 [ERROR] Polling thread error: PLC disconnected: timed out
2026-02-12 17:55:31,212 [ERROR] Polling thread error: PLC disconnected: timed out
2026-02-12 17:55:34,298 [ERROR] Polling thread error: PLC disconnected: timed out
2026-02-12 17:55:37,379 [ERROR] Polling thread error: PLC disconnected: timed out
2026-02-12 17:55:40,464 [ERROR] Polling thread error: PLC disconnected: timed out
2026-02-12 17:55:43,556 [ERROR] Polling thread error: PLC disconnected: timed out
2026-02-12 17:55:46,634 [ERROR] Polling thread error: PLC disconnected: timed out
2026-02-12 17:55:49,720 [ERROR] Polling thread error: PLC disconnected: timed out
2026-02-12 17:55:52,800 [ERROR] Polling thread error: PLC disconnected: timed out
2026-02-12 17:55:55,889 [ERROR] Polling thread error: PLC disconnected: timed out
2026-02-12 17:55:58,976 [ERROR] Polling thread error: PLC disconnected: timed out
2026-02-12 17:56:02,066 [ERROR] Polling thread error: PLC disconnected: timed out
2026-02-12 17:56:05,144 [ERROR] Polling thread error: PLC disconnected: timed out
2026-02-12 17:56:08,225 [ERROR] Polling thread error: PLC disconnected: timed out
2026-02-12 17:56:11,304 [ERROR] Polling thread error: PLC disconnected: timed out
2026-02-12 17:56:14,384 [ERROR] Polling thread error: PLC disconnected: timed out
2026-02-12 17:56:17,463 [ERROR] Polling thread error: PLC disconnected: timed out
2026-02-12 17:56:20,550 [ERROR] Polling thread error: PLC disconnected: timed out
2026-02-12 17:56:23,641 [ERROR] Polling thread error: PLC disconnected: timed out
2026-02-12 17:56:26,725 [ERROR] Polling thread error: PLC disconnected: timed out
2026-02-12 17:56:29,805 [ERROR] Polling thread error: PLC disconnected: timed out
2026-02-12 17:56:32,895 [ERROR] Polling thread error: PLC disconnected: timed out
2026-02-12 17:56:35,986 [ERROR] Polling thread error: PLC disconnected: timed out
2026-02-12 17:56:39,075 [ERROR] Polling thread error: PLC disconnected: timed out
2026-02-12 17:56:42,152 [ERROR] Polling thread error: PLC disconnected: timed out
2026-02-12 17:56:45,242 [ERROR] Polling thread error: PLC disconnected: timed out
2026-02-12 17:56:48,322 [ERROR] Polling thread error: PLC disconnected: timed out
2026-02-12 17:56:51,413 [ERROR] Polling thread error: PLC disconnected: timed out
2026-02-12 17:56:54,499 [ERROR] Polling thread error: PLC disconnected: timed out
2026-02-12 17:56:57,590 [ERROR] Polling thread error: PLC disconnected: timed out
2026-02-12 17:57:00,678 [ERROR] Polling thread error: PLC disconnected: timed out
2026-02-12 17:57:03,766 [ERROR] Polling thread error: PLC disconnected: timed out
2026-02-12 17:57:06,849 [ERROR] Polling thread error: PLC disconnected: timed out
2026-02-12 17:57:09,930 [ERROR] Polling thread error: PLC disconnected: timed out
2026-02-12 17:57:13,014 [ERROR] Polling thread error: PLC disconnected: timed out
2026-02-12 17:57:16,105 [ERROR] Polling thread error: PLC disconnected: timed out
2026-02-12 17:57:19,191 [ERROR] Polling thread error: PLC disconnected: timed out
2026-02-12 17:57:22,278 [ERROR] Polling thread error: PLC disconnected: timed out
2026-02-12 17:57:25,369 [ERROR] Polling thread error: PLC disconnected: timed out
2026-02-12 17:57:28,455 [ERROR] Polling thread error: PLC disconnected: timed out
2026-02-12 17:57:31,536 [ERROR] Polling thread error: PLC disconnected: timed out
2026-02-12 17:57:34,613 [ERROR] Polling thread error: PLC disconnected: timed out
2026-02-12 17:57:37,704 [ERROR] Polling thread error: PLC disconnected: timed out
2026-02-12 17:57:40,784 [ERROR] Polling thread error: PLC disconnected: timed out
2026-02-12 17:57:43,865 [ERROR] Polling thread error: PLC disconnected: timed out
2026-02-12 17:57:46,953 [ERROR] Polling thread error: PLC disconnected: timed out
2026-02-12 17:57:50,042 [ERROR] Polling thread error: PLC disconnected: timed out
2026-02-12 17:57:53,122 [ERROR] Polling thread error: PLC disconnected: timed out
2026-02-12 17:57:56,199 [ERROR] Polling thread error: PLC disconnected: timed out
2026-02-12 17:57:59,275 [ERROR] Polling thread error: PLC disconnected: timed out
2026-02-12 17:58:02,363 [ERROR] Polling thread error: PLC disconnected: timed out
2026-02-12 17:58:05,451 [ERROR] Polling thread error: PLC disconnected: timed out
2026-02-12 17:58:08,541 [ERROR] Polling thread error: PLC disconnected: timed out
2026-02-12 17:58:11,624 [ERROR] Polling thread error: PLC disconnected: timed out
2026-02-12 17:58:14,706 [ERROR] Polling thread error: PLC disconnected: timed out
2026-02-12 17:58:17,784 [ERROR] Polling thread error: PLC disconnected: timed out
2026-02-12 17:58:20,875 [ERROR] Polling thread error: PLC disconnected: timed out
2026-02-12 17:58:23,953 [ERROR] Polling thread error: PLC disconnected: timed out
2026-02-12 17:58:27,045 [ERROR] Polling thread error: PLC disconnected: timed out
2026-02-12 17:58:30,133 [ERROR] Polling thread error: PLC disconnected: timed out
2026-02-12 17:58:33,213 [ERROR] Polling thread error: PLC disconnected: timed out
2026-02-12 17:58:36,293 [ERROR] Polling thread error: PLC disconnected: timed out
2026-02-12 17:58:39,375 [ERROR] Polling thread error: PLC disconnected: timed out
2026-02-12 17:58:42,451 [ERROR] Polling thread error: PLC disconnected: timed out
2026-02-12 17:58:45,541 [ERROR] Polling thread error: PLC disconnected: timed out
2026-02-12 17:58:48,625 [ERROR] Polling thread error: PLC disconnected: timed out
2026-02-12 17:58:51,716 [ERROR] Polling thread error: PLC disconnected: timed out
2026-02-12 17:58:54,807 [ERROR] Polling thread error: PLC disconnected: timed out
2026-02-12 17:58:57,892 [ERROR] Polling thread error: PLC disconnected: timed out
2026-02-12 17:59:00,970 [ERROR] Polling thread error: PLC disconnected: timed out
2026-02-12 17:59:04,055 [ERROR] Polling thread error: PLC disconnected: timed out
2026-02-12 17:59:07,139 [ERROR] Polling thread error: PLC disconnected: timed out
2026-02-12 17:59:10,219 [ERROR] Polling thread error: PLC disconnected: timed out
2026-02-12 17:59:13,297 [ERROR] Polling thread error: PLC disconnected: timed out
2026-02-12 17:59:16,382 [ERROR] Polling thread error: PLC disconnected: timed out
2026-02-12 17:59:19,468 [ERROR] Polling thread error: PLC disconnected: timed out
2026-02-12 17:59:22,559 [ERROR] Polling thread error: PLC disconnected: timed out
2026-02-12 17:59:25,650 [ERROR] Polling thread error: PLC disconnected: timed out
2026-02-12 17:59:28,732 [ERROR] Polling thread error: PLC disconnected: timed out
2026-02-12 17:59:31,809 [ERROR] Polling thread error: PLC disconnected: timed out
2026-02-12 17:59:34,895 [ERROR] Polling thread error: PLC disconnected: timed out
2026-02-12 17:59:37,977 [ERROR] Polling thread error: PLC disconnected: timed out
2026-02-12 17:59:41,053 [ERROR] Polling thread error: PLC disconnected: timed out
2026-02-12 17:59:44,132 [ERROR] Polling thread error: PLC disconnected: timed out
2026-02-12 17:59:47,213 [ERROR] Polling thread error: PLC disconnected: timed out
2026-02-12 17:59:50,297 [ERROR] Polling thread error: PLC disconnected: timed out
2026-02-12 17:59:53,376 [ERROR] Polling thread error: PLC disconnected: timed out
2026-02-12 17:59:56,453 [ERROR] Polling thread error: PLC disconnected: timed out
2026-02-12 17:59:59,541 [ERROR] Polling thread error: PLC disconnected: timed out
2026-02-12 18:00:02,628 [ERROR] Polling thread error: PLC disconnected: timed out
2026-02-12 18:00:05,716 [ERROR] Polling thread error: PLC disconnected: timed out
2026-02-12 18:00:08,795 [ERROR] Polling thread error: PLC disconnected: timed out
2026-02-12 18:00:11,871 [ERROR] Polling thread error: PLC disconnected: timed out
2026-02-12 18:00:14,947 [ERROR] Polling thread error: PLC disconnected: timed out
2026-02-12 18:00:18,036 [ERROR] Polling thread error: PLC disconnected: timed out
2026-02-12 18:00:21,122 [ERROR] Polling thread error: PLC disconnected: timed out
2026-02-12 18:00:24,201 [ERROR] Polling thread error: PLC disconnected: timed out
2026-02-12 18:00:27,290 [ERROR] Polling thread error: PLC disconnected: timed out
2026-02-12 18:00:30,378 [ERROR] Polling thread error: PLC disconnected: timed out
2026-02-12 18:00:33,457 [ERROR] Polling thread error: PLC disconnected: timed out
2026-02-12 18:00:36,539 [ERROR] Polling thread error: PLC disconnected: timed out
2026-02-12 18:00:39,616 [ERROR] Polling thread error: PLC disconnected: timed out
2026-02-12 18:00:42,699 [ERROR] Polling thread error: PLC disconnected: timed out
2026-02-12 18:00:45,787 [ERROR] Polling thread error: PLC disconnected: timed out
2026-02-12 18:00:48,866 [ERROR] Polling thread error: PLC disconnected: timed out
2026-02-12 18:00:51,943 [ERROR] Polling thread error: PLC disconnected: timed out
2026-02-12 18:00:55,020 [ERROR] Polling thread error: PLC disconnected: timed out
2026-02-12 18:00:58,111 [ERROR] Polling thread error: PLC disconnected: timed out
2026-02-12 18:01:01,189 [ERROR] Polling thread error: PLC disconnected: timed out
2026-02-12 18:01:04,275 [ERROR] Polling thread error: PLC disconnected: timed out
2026-02-12 18:01:07,356 [ERROR] Polling thread error: PLC disconnected: timed out
2026-02-12 18:01:10,437 [ERROR] Polling thread error: PLC disconnected: timed out
2026-02-12 18:01:13,528 [ERROR] Polling thread error: PLC disconnected: timed out
2026-02-12 18:01:16,609 [ERROR] Polling thread error: PLC disconnected: timed out
2026-02-12 18:01:19,685 [ERROR] Polling thread error: PLC disconnected: timed out
2026-02-12 18:01:22,773 [ERROR] Polling thread error: PLC disconnected: timed out
2026-02-12 18:01:25,850 [ERROR] Polling thread error: PLC disconnected: timed out
2026-02-12 18:01:28,933 [ERROR] Polling thread error: PLC disconnected: timed out
2026-02-12 18:01:32,018 [ERROR] Polling thread error: PLC disconnected: timed out
2026-02-12 18:01:35,095 [ERROR] Polling thread error: PLC disconnected: timed out
2026-02-12 18:01:38,172 [ERROR] Polling thread error: PLC disconnected: timed out
2026-02-12 18:01:41,260 [ERROR] Polling thread error: PLC disconnected: timed out
2026-02-12 18:01:44,337 [ERROR] Polling thread error: PLC disconnected: timed out
2026-02-12 18:01:47,419 [ERROR] Polling thread error: PLC disconnected: timed out
2026-02-12 18:01:50,504 [ERROR] Polling thread error: PLC disconnected: timed out
2026-02-12 18:01:53,586 [ERROR] Polling thread error: PLC disconnected: timed out
2026-02-12 18:01:56,666 [ERROR] Polling thread error: PLC disconnected: timed out
2026-02-12 18:01:59,753 [ERROR] Polling thread error: PLC disconnected: timed out
2026-02-12 18:02:02,832 [ERROR] Polling thread error: PLC disconnected: timed out
2026-02-12 18:02:05,916 [ERROR] Polling thread error: PLC disconnected: timed out
2026-02-12 18:02:09,006 [ERROR] Polling thread error: PLC disconnected: timed out
2026-02-12 18:02:12,096 [ERROR] Polling thread error: PLC disconnected: timed out
2026-02-12 18:02:15,179 [ERROR] Polling thread error: PLC disconnected: timed out
2026-02-12 18:02:18,264 [ERROR] Polling thread error: PLC disconnected: timed out
2026-02-12 18:02:21,351 [ERROR] Polling thread error: PLC disconnected: timed out
2026-02-12 18:02:24,442 [ERROR] Polling thread error: PLC disconnected: timed out
2026-02-12 18:02:27,519 [ERROR] Polling thread error: PLC disconnected: timed out
2026-02-12 18:02:30,607 [ERROR] Polling thread error: PLC disconnected: timed out
2026-02-12 18:02:33,692 [ERROR] Polling thread error: PLC disconnected: timed out
2026-02-12 18:02:36,783 [ERROR] Polling thread error: PLC disconnected: timed out
2026-02-12 18:02:39,863 [ERROR] Polling thread error: PLC disconnected: timed out
2026-02-12 18:02:42,953 [ERROR] Polling thread error: PLC disconnected: timed out
2026-02-12 18:02:46,041 [ERROR] Polling thread error: PLC disconnected: timed out
2026-02-12 18:02:49,132 [ERROR] Polling thread error: PLC disconnected: timed out
2026-02-12 18:02:52,222 [ERROR] Polling thread error: PLC disconnected: timed out
2026-02-12 18:02:55,298 [ERROR] Polling thread error: PLC disconnected: timed out
2026-02-12 18:02:58,375 [ERROR] Polling thread error: PLC disconnected: timed out
2026-02-12 18:03:01,453 [ERROR] Polling thread error: PLC disconnected: timed out
2026-02-12 18:03:04,532 [ERROR] Polling thread error: PLC disconnected: timed out
2026-02-12 18:03:07,624 [ERROR] Polling thread error: PLC disconnected: timed out
2026-02-12 18:03:10,706 [ERROR] Polling thread error: PLC disconnected: timed out
2026-02-12 18:03:13,792 [ERROR] Polling thread error: PLC disconnected: timed out
2026-02-12 18:03:16,882 [ERROR] Polling thread error: PLC disconnected: timed out
2026-02-12 18:03:19,959 [ERROR] Polling thread error: PLC disconnected: timed out
2026-02-12 18:03:23,046 [ERROR] Polling thread error: PLC disconnected: timed out
2026-02-12 18:03:26,136 [ERROR] Polling thread error: PLC disconnected: timed out
2026-02-12 18:03:29,216 [ERROR] Polling thread error: PLC disconnected: timed out
2026-02-12 18:03:32,304 [ERROR] Polling thread error: PLC disconnected: timed out
2026-02-12 18:03:35,385 [ERROR] Polling thread error: PLC disconnected: timed out
2026-02-12 18:03:38,468 [ERROR] Polling thread error: PLC disconnected: timed out
2026-02-12 18:03:41,548 [ERROR] Polling thread error: PLC disconnected: timed out
2026-02-12 18:03:44,637 [ERROR] Polling thread error: PLC disconnected: timed out
2026-02-12 18:03:47,719 [ERROR] Polling thread error: PLC disconnected: timed out
2026-02-12 18:03:50,802 [ERROR] Polling thread error: PLC disconnected: timed out
2026-02-12 18:03:53,880 [ERROR] Polling thread error: PLC disconnected: timed out
2026-02-12 18:03:56,961 [ERROR] Polling thread error: PLC disconnected: timed out
2026-02-12 18:04:00,046 [ERROR] Polling thread error: PLC disconnected: timed out
2026-02-12 18:04:03,133 [ERROR] Polling thread error: PLC disconnected: timed out
2026-02-12 18:04:06,222 [ERROR] Polling thread error: PLC disconnected: timed out
2026-02-12 18:04:09,299 [ERROR] Polling thread error: PLC disconnected: timed out
2026-02-12 18:04:12,384 [ERROR] Polling thread error: PLC disconnected: timed out
2026-02-12 18:04:15,460 [ERROR] Polling thread error: PLC disconnected: timed out
2026-02-12 18:04:18,551 [ERROR] Polling thread error: PLC disconnected: timed out
2026-02-12 18:04:21,636 [ERROR] Polling thread error: PLC disconnected: timed out
2026-02-12 18:04:24,727 [ERROR] Polling thread error: PLC disconnected: timed out
2026-02-12 18:04:27,803 [ERROR] Polling thread error: PLC disconnected: timed out
2026-02-12 18:04:30,883 [ERROR] Polling thread error: PLC disconnected: timed out
2026-02-12 18:04:33,963 [ERROR] Polling thread error: PLC disconnected: timed out
2026-02-12 18:04:37,053 [ERROR] Polling thread error: PLC disconnected: timed out
2026-02-12 18:04:40,141 [ERROR] Polling thread error: PLC disconnected: timed out
2026-02-12 18:04:43,228 [ERROR] Polling thread error: PLC disconnected: timed out
2026-02-12 18:04:46,304 [ERROR] Polling thread error: PLC disconnected: timed out
2026-02-12 18:04:49,382 [ERROR] Polling thread error: PLC disconnected: timed out
2026-02-12 18:04:52,473 [ERROR] Polling thread error: PLC disconnected: timed out
2026-02-12 18:04:55,550 [ERROR] Polling thread error: PLC disconnected: timed out
2026-02-12 18:04:58,638 [ERROR] Polling thread error: PLC disconnected: timed out
2026-02-12 18:05:01,717 [ERROR] Polling thread error: PLC disconnected: timed out
2026-02-12 18:05:04,799 [ERROR] Polling thread error: PLC disconnected: timed out
2026-02-12 18:05:07,877 [ERROR] Polling thread error: PLC disconnected: timed out
2026-02-12 18:05:10,963 [ERROR] Polling thread error: PLC disconnected: timed out
2026-02-12 18:05:14,040 [ERROR] Polling thread error: PLC disconnected: timed out
2026-02-12 18:05:17,125 [ERROR] Polling thread error: PLC disconnected: timed out
2026-02-12 18:05:20,210 [ERROR] Polling thread error: PLC disconnected: timed out
2026-02-12 18:05:23,299 [ERROR] Polling thread error: PLC disconnected: timed out
2026-02-12 18:05:26,376 [ERROR] Polling thread error: PLC disconnected: timed out
2026-02-12 18:05:29,456 [ERROR] Polling thread error: PLC disconnected: timed out
2026-02-12 18:05:32,540 [ERROR] Polling thread error: PLC disconnected: timed out
2026-02-12 18:05:35,631 [ERROR] Polling thread error: PLC disconnected: timed out
2026-02-12 18:05:38,711 [ERROR] Polling thread error: PLC disconnected: timed out
2026-02-12 18:05:41,801 [ERROR] Polling thread error: PLC disconnected: timed out
2026-02-12 18:05:44,891 [ERROR] Polling thread error: PLC disconnected: timed out
2026-02-12 18:05:47,972 [ERROR] Polling thread error: PLC disconnected: timed out
2026-02-12 18:05:51,054 [ERROR] Polling thread error: PLC disconnected: timed out
2026-02-12 18:05:54,146 [ERROR] Polling thread error: PLC disconnected: timed out
2026-02-12 18:05:57,225 [ERROR] Polling thread error: PLC disconnected: timed out
2026-02-12 18:06:00,306 [ERROR] Polling thread error: PLC disconnected: timed out
2026-02-12 18:06:03,390 [ERROR] Polling thread error: PLC disconnected: timed out
2026-02-12 18:06:06,479 [ERROR] Polling thread error: PLC disconnected: timed out
2026-02-12 18:06:09,569 [ERROR] Polling thread error: PLC disconnected: timed out
2026-02-12 18:06:12,650 [ERROR] Polling thread error: PLC disconnected: timed out
2026-02-12 18:06:15,727 [ERROR] Polling thread error: PLC disconnected: timed out
2026-02-12 18:06:18,818 [ERROR] Polling thread error: PLC disconnected: timed out
2026-02-12 18:06:21,909 [ERROR] Polling thread error: PLC disconnected: timed out
2026-02-12 18:06:24,993 [ERROR] Polling thread error: PLC disconnected: timed out
2026-02-12 18:06:28,079 [ERROR] Polling thread error: PLC disconnected: timed out
2026-02-12 18:06:31,166 [ERROR] Polling thread error: PLC disconnected: timed out
2026-02-12 18:06:34,255 [ERROR] Polling thread error: PLC disconnected: timed out
2026-02-12 18:06:37,336 [ERROR] Polling thread error: PLC disconnected: timed out
2026-02-12 18:06:40,414 [ERROR] Polling thread error: PLC disconnected: timed out
2026-02-12 18:06:43,500 [ERROR] Polling thread error: PLC disconnected: timed out
2026-02-12 18:06:46,587 [ERROR] Polling thread error: PLC disconnected: timed out
2026-02-12 18:06:49,663 [ERROR] Polling thread error: PLC disconnected: timed out
2026-02-12 18:06:52,745 [ERROR] Polling thread error: PLC disconnected: timed out
2026-02-12 18:06:55,837 [ERROR] Polling thread error: PLC disconnected: timed out
2026-02-12 18:06:58,927 [ERROR] Polling thread error: PLC disconnected: timed out
2026-02-12 18:07:02,010 [ERROR] Polling thread error: PLC disconnected: timed out
2026-02-12 18:07:05,100 [ERROR] Polling thread error: PLC disconnected: timed out
2026-02-12 18:07:08,180 [ERROR] Polling thread error: PLC disconnected: timed out
2026-02-12 18:07:11,260 [ERROR] Polling thread error: PLC disconnected: timed out
2026-02-12 18:07:14,340 [ERROR] Polling thread error: PLC disconnected: timed out
2026-02-12 18:07:17,427 [ERROR] Polling thread error: PLC disconnected: timed out
2026-02-12 18:07:20,510 [ERROR] Polling thread error: PLC disconnected: timed out
2026-02-12 18:07:23,586 [ERROR] Polling thread error: PLC disconnected: timed out
2026-02-12 18:07:26,677 [ERROR] Polling thread error: PLC disconnected: timed out
2026-02-12 18:07:29,753 [ERROR] Polling thread error: PLC disconnected: timed out
2026-02-12 18:07:32,837 [ERROR] Polling thread error: PLC disconnected: timed out
2026-02-12 18:07:35,921 [ERROR] Polling thread error: PLC disconnected: timed out
2026-02-12 18:07:38,997 [ERROR] Polling thread error: PLC disconnected: timed out
2026-02-12 18:07:42,080 [ERROR] Polling thread error: PLC disconnected: timed out
2026-02-12 18:07:45,168 [ERROR] Polling thread error: PLC disconnected: timed out
2026-02-12 18:07:48,251 [ERROR] Polling thread error: PLC disconnected: timed out
2026-02-12 18:07:51,340 [ERROR] Polling thread error: PLC disconnected: timed out
2026-02-12 18:07:54,416 [ERROR] Polling thread error: PLC disconnected: timed out
2026-02-12 18:07:57,504 [ERROR] Polling thread error: PLC disconnected: timed out
2026-02-12 18:08:00,584 [ERROR] Polling thread error: PLC disconnected: timed out
2026-02-12 18:08:03,675 [ERROR] Polling thread error: PLC disconnected: timed out
2026-02-12 18:08:06,754 [ERROR] Polling thread error: PLC disconnected: timed out
2026-02-12 18:08:09,843 [ERROR] Polling thread error: PLC disconnected: timed out
2026-02-12 18:08:12,932 [ERROR] Polling thread error: PLC disconnected: timed out
2026-02-12 18:08:16,023 [ERROR] Polling thread error: PLC disconnected: timed out
2026-02-12 18:08:19,114 [ERROR] Polling thread error: PLC disconnected: timed out
2026-02-12 18:08:22,204 [ERROR] Polling thread error: PLC disconnected: timed out
2026-02-12 18:08:25,293 [ERROR] Polling thread error: PLC disconnected: timed out
2026-02-12 18:08:28,379 [ERROR] Polling thread error: PLC disconnected: timed out
2026-02-12 18:08:31,459 [ERROR] Polling thread error: PLC disconnected: timed out
2026-02-12 18:08:34,542 [ERROR] Polling thread error: PLC disconnected: timed out
2026-02-12 18:08:37,628 [ERROR] Polling thread error: PLC disconnected: timed out
2026-02-12 18:08:40,705 [ERROR] Polling thread error: PLC disconnected: timed out
2026-02-12 18:08:43,795 [ERROR] Polling thread error: PLC disconnected: timed out
2026-02-12 18:08:46,880 [ERROR] Polling thread error: PLC disconnected: timed out
2026-02-12 18:08:49,957 [ERROR] Polling thread error: PLC disconnected: timed out
2026-02-12 18:08:53,035 [ERROR] Polling thread error: PLC disconnected: timed out
2026-02-12 18:08:56,126 [ERROR] Polling thread error: PLC disconnected: timed out
2026-02-12 18:08:59,206 [ERROR] Polling thread error: PLC disconnected: timed out
2026-02-12 18:09:02,295 [ERROR] Polling thread error: PLC disconnected: timed out
2026-02-12 18:09:05,377 [ERROR] Polling thread error: PLC disconnected: timed out
2026-02-12 18:09:08,466 [ERROR] Polling thread error: PLC disconnected: timed out
2026-02-12 18:09:11,551 [ERROR] Polling thread error: PLC disconnected: timed out
2026-02-12 18:09:14,632 [ERROR] Polling thread error: PLC disconnected: timed out
2026-02-12 18:09:17,716 [ERROR] Polling thread error: PLC disconnected: timed out
2026-02-12 18:09:20,804 [ERROR] Polling thread error: PLC disconnected: timed out
2026-02-12 18:09:23,885 [ERROR] Polling thread error: PLC disconnected: timed out
2026-02-12 18:09:26,968 [ERROR] Polling thread error: PLC disconnected: timed out
2026-02-12 18:09:30,059 [ERROR] Polling thread error: PLC disconnected: timed out
2026-02-12 18:09:33,139 [ERROR] Polling thread error: PLC disconnected: timed out
2026-02-12 18:09:36,219 [ERROR] Polling thread error: PLC disconnected: timed out
2026-02-12 18:09:39,295 [ERROR] Polling thread error: PLC disconnected: timed out
2026-02-12 18:09:42,384 [ERROR] Polling thread error: PLC disconnected: timed out
2026-02-12 18:09:45,460 [ERROR] Polling thread error: PLC disconnected: timed out
2026-02-12 18:09:48,544 [ERROR] Polling thread error: PLC disconnected: timed out
2026-02-12 18:09:50,543 [WARNING] [Inference] TensorRT or cuda-python not installed: No module named 'tensorrt'
2026-02-12 18:09:52,649 [INFO] [Inference] Using GPU.0
2026-02-12 18:09:52,650 [INFO] [Inference] Loading OpenVINO model from C:\Users\Priyanshu\OneDrive\Desktop\MECup\backend\inference\openvino_model\model.xml
2026-02-12 18:09:53,192 [INFO] [Inference] Using OpenVINO backend on GPU.0
2026-02-12 18:09:59,191 [INFO] [Inference] Model ready (openvino)
2026-02-12 18:09:59,191 [ERROR] Error in inference process: [Errno 2] No such file or directory: 'C:\\MyStuff\\VS\\MECup\\backend\\inference\\stitched_result2.jpg'
2026-02-12 18:10:00,527 [WARNING] [Inference] TensorRT or cuda-python not installed: No module named 'tensorrt'
2026-02-12 18:10:01,353 [ERROR] Polling thread error: PLC disconnected: timed out
2026-02-12 18:10:01,453 [INFO] [Inference] Using GPU.0
2026-02-12 18:10:01,454 [INFO] [Inference] Loading OpenVINO model from C:\Users\Priyanshu\OneDrive\Desktop\MECup\backend\inference\openvino_model\model.xml
2026-02-12 18:10:01,998 [INFO] [Inference] Using OpenVINO backend on GPU.0
2026-02-12 18:10:04,444 [ERROR] Polling thread error: PLC disconnected: timed out
2026-02-12 18:10:07,532 [ERROR] Polling thread error: PLC disconnected: timed out
2026-02-12 18:10:07,917 [INFO] [Inference] Model ready (openvino)
2026-02-12 18:10:07,917 [ERROR] Error in inference process: [Errno 2] No such file or directory: 'C:\\MyStuff\\VS\\MECup\\backend\\inference\\stitched_result2.jpg'
2026-02-12 18:10:10,613 [ERROR] Polling thread error: PLC disconnected: timed out
2026-02-12 18:10:13,703 [ERROR] Polling thread error: PLC disconnected: timed out
2026-02-12 18:10:16,782 [ERROR] Polling thread error: PLC disconnected: timed out
2026-02-12 18:10:19,861 [ERROR] Polling thread error: PLC disconnected: timed out
2026-02-12 18:10:22,951 [ERROR] Polling thread error: PLC disconnected: timed out
2026-02-12 18:10:26,027 [ERROR] Polling thread error: PLC disconnected: timed out
2026-02-12 18:10:29,116 [ERROR] Polling thread error: PLC disconnected: timed out
2026-02-12 18:10:32,197 [ERROR] Polling thread error: PLC disconnected: timed out
2026-02-12 18:10:35,286 [ERROR] Polling thread error: PLC disconnected: timed out
2026-02-12 18:10:38,374 [ERROR] Polling thread error: PLC disconnected: timed out
2026-02-12 18:10:41,464 [ERROR] Polling thread error: PLC disconnected: timed out
2026-02-12 18:10:44,544 [ERROR] Polling thread error: PLC disconnected: timed out
2026-02-12 18:10:47,622 [ERROR] Polling thread error: PLC disconnected: timed out
2026-02-12 18:10:50,713 [ERROR] Polling thread error: PLC disconnected: timed out
2026-02-12 18:10:53,800 [ERROR] Polling thread error: PLC disconnected: timed out
2026-02-12 18:10:56,882 [ERROR] Polling thread error: PLC disconnected: timed out
2026-02-12 18:10:59,964 [ERROR] Polling thread error: PLC disconnected: timed out
2026-02-12 18:11:03,047 [ERROR] Polling thread error: PLC disconnected: timed out
2026-02-12 18:11:06,132 [ERROR] Polling thread error: PLC disconnected: timed out
2026-02-12 18:11:09,222 [ERROR] Polling thread error: PLC disconnected: timed out
2026-02-12 18:11:12,307 [ERROR] Polling thread error: PLC disconnected: timed out
2026-02-12 18:11:15,397 [ERROR] Polling thread error: PLC disconnected: timed out
2026-02-12 18:11:18,474 [ERROR] Polling thread error: PLC disconnected: timed out
2026-02-12 18:11:21,565 [ERROR] Polling thread error: PLC disconnected: timed out
2026-02-12 18:11:24,650 [ERROR] Polling thread error: PLC disconnected: timed out
2026-02-12 18:11:27,730 [ERROR] Polling thread error: PLC disconnected: timed out
2026-02-12 18:11:30,807 [ERROR] Polling thread error: PLC disconnected: timed out
2026-02-12 18:11:33,896 [ERROR] Polling thread error: PLC disconnected: timed out
2026-02-12 18:11:36,984 [ERROR] Polling thread error: PLC disconnected: timed out
2026-02-12 18:11:40,069 [ERROR] Polling thread error: PLC disconnected: timed out
2026-02-12 18:11:43,159 [ERROR] Polling thread error: PLC disconnected: timed out
2026-02-12 18:11:46,241 [ERROR] Polling thread error: PLC disconnected: timed out
2026-02-12 18:11:49,318 [ERROR] Polling thread error: PLC disconnected: timed out
2026-02-12 18:11:52,397 [ERROR] Polling thread error: PLC disconnected: timed out
2026-02-12 18:11:55,485 [ERROR] Polling thread error: PLC disconnected: timed out
2026-02-12 18:11:58,568 [ERROR] Polling thread error: PLC disconnected: timed out
2026-02-12 18:12:01,645 [ERROR] Polling thread error: PLC disconnected: timed out
2026-02-12 18:12:04,730 [ERROR] Polling thread error: PLC disconnected: timed out
2026-02-12 18:12:07,816 [ERROR] Polling thread error: PLC disconnected: timed out
2026-02-12 18:12:12,276 [WARNING] [Inference] TensorRT or cuda-python not installed: No module named 'tensorrt'
2026-02-12 18:12:13,248 [INFO] [Inference] Using GPU.0
2026-02-12 18:12:13,249 [INFO] [Inference] Loading OpenVINO model from C:\Users\Priyanshu\OneDrive\Desktop\MECup\backend\inference\openvino_model\model.xml
2026-02-12 18:12:13,766 [INFO] [Inference] Using OpenVINO backend on GPU.0
2026-02-12 18:12:19,857 [INFO] [Inference] Model ready (openvino)
2026-02-12 18:12:19,857 [ERROR] Error in inference process: [Errno 2] No such file or directory: 'C:\\MyStuff\\VS\\MECup\\backend\\inference\\stitched_result2.jpg'
2026-02-12 18:12:21,234 [WARNING] [Inference] TensorRT or cuda-python not installed: No module named 'tensorrt'
2026-02-12 18:12:22,056 [ERROR] Polling thread error: PLC disconnected: timed out
2026-02-12 18:12:22,183 [INFO] [Inference] Using GPU.0
2026-02-12 18:12:22,184 [INFO] [Inference] Loading OpenVINO model from C:\Users\Priyanshu\OneDrive\Desktop\MECup\backend\inference\openvino_model\model.xml
2026-02-12 18:12:22,714 [INFO] [Inference] Using OpenVINO backend on GPU.0
2026-02-12 18:12:25,142 [ERROR] Polling thread error: PLC disconnected: timed out
2026-02-12 18:12:28,232 [ERROR] Polling thread error: PLC disconnected: timed out
2026-02-12 18:12:28,533 [INFO] [Inference] Model ready (openvino)
2026-02-12 18:12:28,533 [ERROR] Error in inference process: [Errno 2] No such file or directory: 'C:\\MyStuff\\VS\\MECup\\backend\\inference\\stitched_result2.jpg'
2026-02-12 18:12:31,319 [ERROR] Polling thread error: PLC disconnected: timed out
2026-02-12 18:12:34,400 [ERROR] Polling thread error: PLC disconnected: timed out
2026-02-12 18:12:37,477 [ERROR] Polling thread error: PLC disconnected: timed out
2026-02-12 18:12:40,568 [ERROR] Polling thread error: PLC disconnected: timed out
2026-02-12 18:12:43,657 [ERROR] Polling thread error: PLC disconnected: timed out
2026-02-12 18:12:46,736 [ERROR] Polling thread error: PLC disconnected: timed out
2026-02-12 18:12:49,815 [ERROR] Polling thread error: PLC disconnected: timed out
2026-02-12 18:12:52,899 [ERROR] Polling thread error: PLC disconnected: timed out
2026-02-12 18:12:55,978 [ERROR] Polling thread error: PLC disconnected: timed out
2026-02-12 18:12:59,060 [ERROR] Polling thread error: PLC disconnected: timed out
2026-02-12 18:13:02,139 [ERROR] Polling thread error: PLC disconnected: timed out
2026-02-12 18:13:05,222 [ERROR] Polling thread error: PLC disconnected: timed out
2026-02-12 18:13:08,299 [ERROR] Polling thread error: PLC disconnected: timed out
2026-02-12 18:13:11,389 [ERROR] Polling thread error: PLC disconnected: timed out
2026-02-12 18:13:14,474 [ERROR] Polling thread error: PLC disconnected: timed out
2026-02-12 18:13:17,551 [ERROR] Polling thread error: PLC disconnected: timed out
2026-02-12 18:13:20,627 [ERROR] Polling thread error: PLC disconnected: timed out
2026-02-12 18:13:23,711 [ERROR] Polling thread error: PLC disconnected: timed out
2026-02-12 18:13:26,794 [ERROR] Polling thread error: PLC disconnected: timed out
2026-02-12 18:13:29,885 [ERROR] Polling thread error: PLC disconnected: timed out
2026-02-12 18:13:32,966 [ERROR] Polling thread error: PLC disconnected: timed out
2026-02-12 18:13:36,047 [ERROR] Polling thread error: PLC disconnected: timed out
2026-02-12 18:13:39,132 [ERROR] Polling thread error: PLC disconnected: timed out
2026-02-12 18:13:42,220 [ERROR] Polling thread error: PLC disconnected: timed out
2026-02-12 18:13:45,308 [ERROR] Polling thread error: PLC disconnected: timed out
2026-02-12 18:13:48,393 [ERROR] Polling thread error: PLC disconnected: timed out
2026-02-12 18:13:51,475 [ERROR] Polling thread error: PLC disconnected: timed out
2026-02-12 18:13:54,561 [ERROR] Polling thread error: PLC disconnected: timed out
2026-02-12 18:13:57,643 [ERROR] Polling thread error: PLC disconnected: timed out
2026-02-12 18:14:00,729 [ERROR] Polling thread error: PLC disconnected: timed out
2026-02-12 18:14:03,813 [ERROR] Polling thread error: PLC disconnected: timed out
2026-02-12 18:14:06,897 [ERROR] Polling thread error: PLC disconnected: timed out
2026-02-12 18:14:09,974 [ERROR] Polling thread error: PLC disconnected: timed out
2026-02-12 18:14:13,061 [ERROR] Polling thread error: PLC disconnected: timed out
2026-02-12 18:14:16,151 [ERROR] Polling thread error: PLC disconnected: timed out
2026-02-12 18:14:19,230 [ERROR] Polling thread error: PLC disconnected: timed out
2026-02-12 18:14:22,308 [ERROR] Polling thread error: PLC disconnected: timed out
2026-02-12 18:14:25,384 [ERROR] Polling thread error: PLC disconnected: timed out
2026-02-12 18:14:28,462 [ERROR] Polling thread error: PLC disconnected: timed out
2026-02-12 18:14:31,543 [ERROR] Polling thread error: PLC disconnected: timed out
2026-02-12 18:14:34,634 [ERROR] Polling thread error: PLC disconnected: timed out
2026-02-12 18:14:37,722 [ERROR] Polling thread error: PLC disconnected: timed out
2026-02-12 18:14:40,813 [ERROR] Polling thread error: PLC disconnected: timed out
2026-02-12 18:14:43,904 [ERROR] Polling thread error: PLC disconnected: timed out
2026-02-12 18:14:46,981 [ERROR] Polling thread error: PLC disconnected: timed out
2026-02-12 18:14:50,070 [ERROR] Polling thread error: PLC disconnected: timed out
2026-02-12 18:14:53,150 [ERROR] Polling thread error: PLC disconnected: timed out
2026-02-12 18:14:56,237 [ERROR] Polling thread error: PLC disconnected: timed out
2026-02-12 18:14:59,322 [ERROR] Polling thread error: PLC disconnected: timed out
2026-02-12 18:15:02,399 [ERROR] Polling thread error: PLC disconnected: timed out
2026-02-12 18:15:05,485 [ERROR] Polling thread error: PLC disconnected: timed out
2026-02-12 18:15:08,573 [ERROR] Polling thread error: PLC disconnected: timed out
2026-02-12 18:15:11,660 [ERROR] Polling thread error: PLC disconnected: timed out
2026-02-12 18:15:14,737 [ERROR] Polling thread error: PLC disconnected: timed out
2026-02-12 18:15:17,828 [ERROR] Polling thread error: PLC disconnected: timed out
2026-02-12 18:15:20,913 [ERROR] Polling thread error: PLC disconnected: timed out
2026-02-12 18:15:24,000 [ERROR] Polling thread error: PLC disconnected: timed out
2026-02-12 18:15:27,081 [ERROR] Polling thread error: PLC disconnected: timed out
2026-02-12 18:15:30,172 [ERROR] Polling thread error: PLC disconnected: timed out
2026-02-12 18:15:33,259 [ERROR] Polling thread error: PLC disconnected: timed out
2026-02-12 18:15:36,339 [ERROR] Polling thread error: PLC disconnected: timed out
2026-02-12 18:15:39,430 [ERROR] Polling thread error: PLC disconnected: timed out
2026-02-12 18:15:42,520 [ERROR] Polling thread error: PLC disconnected: timed out
2026-02-12 18:15:45,606 [ERROR] Polling thread error: PLC disconnected: timed out
2026-02-12 18:15:48,690 [ERROR] Polling thread error: PLC disconnected: timed out
2026-02-12 18:15:51,768 [ERROR] Polling thread error: PLC disconnected: timed out
2026-02-12 18:15:54,855 [ERROR] Polling thread error: PLC disconnected: timed out
2026-02-12 18:15:57,939 [ERROR] Polling thread error: PLC disconnected: timed out
2026-02-12 18:16:01,017 [ERROR] Polling thread error: PLC disconnected: timed out
2026-02-12 18:16:04,097 [ERROR] Polling thread error: PLC disconnected: timed out
2026-02-12 18:16:07,175 [ERROR] Polling thread error: PLC disconnected: timed out
2026-02-12 18:16:10,258 [ERROR] Polling thread error: PLC disconnected: timed out
2026-02-12 18:16:13,342 [ERROR] Polling thread error: PLC disconnected: timed out
2026-02-12 18:16:16,428 [ERROR] Polling thread error: PLC disconnected: timed out
2026-02-12 18:16:19,509 [ERROR] Polling thread error: PLC disconnected: timed out
2026-02-12 18:16:22,596 [ERROR] Polling thread error: PLC disconnected: timed out
2026-02-12 18:16:25,682 [ERROR] Polling thread error: PLC disconnected: timed out
2026-02-12 18:16:28,761 [ERROR] Polling thread error: PLC disconnected: timed out
2026-02-12 18:16:31,847 [ERROR] Polling thread error: PLC disconnected: timed out
2026-02-12 18:16:34,930 [ERROR] Polling thread error: PLC disconnected: timed out
2026-02-12 18:16:38,020 [ERROR] Polling thread error: PLC disconnected: timed out
2026-02-12 18:16:41,101 [ERROR] Polling thread error: PLC disconnected: timed out
2026-02-12 18:16:44,184 [ERROR] Polling thread error: PLC disconnected: timed out
2026-02-12 18:16:47,272 [ERROR] Polling thread error: PLC disconnected: timed out
2026-02-12 18:16:50,359 [ERROR] Polling thread error: PLC disconnected: timed out
2026-02-12 18:16:53,450 [ERROR] Polling thread error: PLC disconnected: timed out
2026-02-12 18:16:56,537 [ERROR] Polling thread error: PLC disconnected: timed out
2026-02-12 18:16:59,629 [ERROR] Polling thread error: PLC disconnected: timed out
2026-02-12 18:17:02,711 [ERROR] Polling thread error: PLC disconnected: timed out
2026-02-12 18:17:05,792 [ERROR] Polling thread error: PLC disconnected: timed out
2026-02-12 18:17:08,877 [ERROR] Polling thread error: PLC disconnected: timed out
2026-02-12 18:17:11,969 [ERROR] Polling thread error: PLC disconnected: timed out
2026-02-12 18:17:15,060 [ERROR] Polling thread error: PLC disconnected: timed out
2026-02-12 18:17:18,145 [ERROR] Polling thread error: PLC disconnected: timed out
2026-02-12 18:17:21,225 [ERROR] Polling thread error: PLC disconnected: timed out
2026-02-12 18:17:24,314 [ERROR] Polling thread error: PLC disconnected: timed out
2026-02-12 18:17:27,391 [ERROR] Polling thread error: PLC disconnected: timed out
2026-02-12 18:17:30,475 [ERROR] Polling thread error: PLC disconnected: timed out
2026-02-12 18:17:33,554 [ERROR] Polling thread error: PLC disconnected: timed out
2026-02-12 18:17:36,642 [ERROR] Polling thread error: PLC disconnected: timed out
2026-02-12 18:17:39,722 [ERROR] Polling thread error: PLC disconnected: timed out
2026-02-12 18:17:42,803 [ERROR] Polling thread error: PLC disconnected: timed out
2026-02-12 18:17:45,885 [ERROR] Polling thread error: PLC disconnected: timed out
2026-02-12 18:17:48,971 [ERROR] Polling thread error: PLC disconnected: timed out
2026-02-12 18:17:52,061 [ERROR] Polling thread error: PLC disconnected: timed out
2026-02-12 18:17:55,137 [ERROR] Polling thread error: PLC disconnected: timed out
2026-02-12 18:17:58,224 [ERROR] Polling thread error: PLC disconnected: timed out
2026-02-12 18:18:01,311 [ERROR] Polling thread error: PLC disconnected: timed out
2026-02-12 18:18:04,394 [ERROR] Polling thread error: PLC disconnected: timed out
2026-02-12 18:18:07,481 [ERROR] Polling thread error: PLC disconnected: timed out
2026-02-12 18:18:10,563 [ERROR] Polling thread error: PLC disconnected: timed out
2026-02-12 18:18:13,652 [ERROR] Polling thread error: PLC disconnected: timed out
2026-02-12 18:18:16,742 [ERROR] Polling thread error: PLC disconnected: timed out
2026-02-12 18:18:19,832 [ERROR] Polling thread error: PLC disconnected: timed out
2026-02-12 18:18:22,921 [ERROR] Polling thread error: PLC disconnected: timed out
2026-02-12 18:18:26,010 [ERROR] Polling thread error: PLC disconnected: timed out
2026-02-12 18:18:29,096 [ERROR] Polling thread error: PLC disconnected: timed out
2026-02-12 18:18:32,181 [ERROR] Polling thread error: PLC disconnected: timed out
2026-02-12 18:18:35,263 [ERROR] Polling thread error: PLC disconnected: timed out
2026-02-12 18:18:38,351 [ERROR] Polling thread error: PLC disconnected: timed out
2026-02-12 18:18:41,438 [ERROR] Polling thread error: PLC disconnected: timed out
2026-02-12 18:18:44,528 [ERROR] Polling thread error: PLC disconnected: timed out
2026-02-12 18:18:47,613 [ERROR] Polling thread error: PLC disconnected: timed out
2026-02-12 18:18:50,700 [ERROR] Polling thread error: PLC disconnected: timed out
2026-02-12 18:18:53,784 [ERROR] Polling thread error: PLC disconnected: timed out
2026-02-12 18:18:56,865 [ERROR] Polling thread error: PLC disconnected: timed out
2026-02-12 18:18:59,953 [ERROR] Polling thread error: PLC disconnected: timed out
2026-02-12 18:19:03,034 [ERROR] Polling thread error: PLC disconnected: timed out
2026-02-12 18:19:06,120 [ERROR] Polling thread error: PLC disconnected: timed out
2026-02-12 18:19:09,210 [ERROR] Polling thread error: PLC disconnected: timed out
2026-02-12 18:19:12,286 [ERROR] Polling thread error: PLC disconnected: timed out
2026-02-12 18:19:15,375 [ERROR] Polling thread error: PLC disconnected: timed out
2026-02-12 18:19:18,461 [ERROR] Polling thread error: PLC disconnected: timed out
2026-02-12 18:19:21,549 [ERROR] Polling thread error: PLC disconnected: timed out
2026-02-12 18:19:24,639 [ERROR] Polling thread error: PLC disconnected: timed out
2026-02-12 18:19:27,729 [ERROR] Polling thread error: PLC disconnected: timed out
2026-02-12 18:19:30,810 [ERROR] Polling thread error: PLC disconnected: timed out
2026-02-12 18:19:33,889 [ERROR] Polling thread error: PLC disconnected: timed out
2026-02-12 18:19:36,980 [ERROR] Polling thread error: PLC disconnected: timed out
2026-02-12 18:19:40,070 [ERROR] Polling thread error: PLC disconnected: timed out
2026-02-12 18:19:43,157 [ERROR] Polling thread error: PLC disconnected: timed out
2026-02-12 18:19:46,238 [ERROR] Polling thread error: PLC disconnected: timed out
2026-02-12 18:19:49,321 [ERROR] Polling thread error: PLC disconnected: timed out
2026-02-12 18:19:52,403 [ERROR] Polling thread error: PLC disconnected: timed out
2026-02-12 18:19:55,481 [ERROR] Polling thread error: PLC disconnected: timed out
2026-02-12 18:19:58,560 [ERROR] Polling thread error: PLC disconnected: timed out
2026-02-12 18:20:01,640 [ERROR] Polling thread error: PLC disconnected: timed out
2026-02-12 18:20:04,719 [ERROR] Polling thread error: PLC disconnected: timed out
2026-02-12 18:20:07,807 [ERROR] Polling thread error: PLC disconnected: timed out
2026-02-12 18:20:10,897 [ERROR] Polling thread error: PLC disconnected: timed out
2026-02-12 18:20:13,976 [ERROR] Polling thread error: PLC disconnected: timed out
2026-02-12 18:20:17,054 [ERROR] Polling thread error: PLC disconnected: timed out
2026-02-12 18:20:20,143 [ERROR] Polling thread error: PLC disconnected: timed out
2026-02-12 18:20:23,225 [ERROR] Polling thread error: PLC disconnected: timed out
2026-02-12 18:20:26,310 [ERROR] Polling thread error: PLC disconnected: timed out
2026-02-12 18:20:29,400 [ERROR] Polling thread error: PLC disconnected: timed out
2026-02-12 18:20:32,481 [ERROR] Polling thread error: PLC disconnected: timed out
2026-02-12 18:20:35,563 [ERROR] Polling thread error: PLC disconnected: timed out
2026-02-12 18:20:38,648 [ERROR] Polling thread error: PLC disconnected: timed out
2026-02-12 18:20:41,729 [ERROR] Polling thread error: PLC disconnected: timed out
2026-02-12 18:20:44,815 [ERROR] Polling thread error: PLC disconnected: timed out
2026-02-12 18:20:47,892 [ERROR] Polling thread error: PLC disconnected: timed out
2026-02-12 18:20:50,972 [ERROR] Polling thread error: PLC disconnected: timed out
2026-02-12 18:20:54,058 [ERROR] Polling thread error: PLC disconnected: timed out
2026-02-12 18:20:57,145 [ERROR] Polling thread error: PLC disconnected: timed out
2026-02-12 18:21:00,232 [ERROR] Polling thread error: PLC disconnected: timed out
2026-02-12 18:21:03,320 [ERROR] Polling thread error: PLC disconnected: timed out
2026-02-12 18:21:06,408 [ERROR] Polling thread error: PLC disconnected: timed out
2026-02-12 18:21:09,494 [ERROR] Polling thread error: PLC disconnected: timed out
2026-02-12 18:21:12,581 [ERROR] Polling thread error: PLC disconnected: timed out
2026-02-12 18:21:15,659 [ERROR] Polling thread error: PLC disconnected: timed out
2026-02-12 18:21:18,740 [ERROR] Polling thread error: PLC disconnected: timed out
2026-02-12 18:21:21,829 [ERROR] Polling thread error: PLC disconnected: timed out
2026-02-12 18:21:24,916 [ERROR] Polling thread error: PLC disconnected: timed out
2026-02-12 18:21:27,993 [ERROR] Polling thread error: PLC disconnected: timed out
2026-02-12 18:21:31,073 [ERROR] Polling thread error: PLC disconnected: timed out
2026-02-12 18:21:34,153 [ERROR] Polling thread error: PLC disconnected: timed out
2026-02-12 18:21:37,259 [WARNING] [Inference] TensorRT or cuda-python not installed: No module named 'tensorrt'
2026-02-12 18:21:38,259 [INFO] [Inference] Using GPU.0
2026-02-12 18:21:38,259 [INFO] [Inference] Loading OpenVINO model from C:\Users\Priyanshu\OneDrive\Desktop\MECup\backend\inference\openvino_model\model.xml
2026-02-12 18:21:38,771 [INFO] [Inference] Using OpenVINO backend on GPU.0
2026-02-12 18:21:45,541 [INFO] [Inference] Model ready (openvino)
2026-02-12 18:21:45,541 [ERROR] Error in inference process: [Errno 2] No such file or directory: 'C:\\MyStuff\\VS\\MECup\\backend\\inference\\stitched_result2.jpg'
2026-02-12 18:21:48,946 [WARNING] [Inference] TensorRT or cuda-python not installed: No module named 'tensorrt'
2026-02-12 18:21:49,914 [INFO] [Inference] Using GPU.0
2026-02-12 18:21:49,915 [INFO] [Inference] Loading OpenVINO model from C:\Users\Priyanshu\OneDrive\Desktop\MECup\backend\inference\openvino_model\model.xml
2026-02-12 18:21:50,403 [INFO] [Inference] Using OpenVINO backend on GPU.0
2026-02-12 18:21:56,452 [INFO] [Inference] Model ready (openvino)
2026-02-12 18:21:56,453 [ERROR] Error in inference process: [Errno 2] No such file or directory: 'C:\\MyStuff\\VS\\MECup\\backend\\inference\\stitched_result2.jpg'
2026-02-12 18:21:57,792 [WARNING] [Inference] TensorRT or cuda-python not installed: No module named 'tensorrt'
2026-02-12 18:21:58,624 [ERROR] Polling thread error: PLC disconnected: timed out
2026-02-12 18:21:58,760 [INFO] [Inference] Using GPU.0
2026-02-12 18:21:58,760 [INFO] [Inference] Loading OpenVINO model from C:\Users\Priyanshu\OneDrive\Desktop\MECup\backend\inference\openvino_model\model.xml
2026-02-12 18:21:59,380 [INFO] [Inference] Using OpenVINO backend on GPU.0
2026-02-12 18:22:01,707 [ERROR] Polling thread error: PLC disconnected: timed out
2026-02-12 18:22:04,797 [ERROR] Polling thread error: PLC disconnected: timed out
2026-02-12 18:22:05,562 [INFO] [Inference] Model ready (openvino)
2026-02-12 18:22:05,563 [ERROR] Error in inference process: [Errno 2] No such file or directory: 'C:\\MyStuff\\VS\\MECup\\backend\\inference\\stitched_result2.jpg'
2026-02-12 18:22:07,876 [ERROR] Polling thread error: PLC disconnected: timed out
2026-02-12 18:22:10,959 [ERROR] Polling thread error: PLC disconnected: timed out
2026-02-12 18:22:14,050 [ERROR] Polling thread error: PLC disconnected: timed out
2026-02-12 18:22:17,135 [ERROR] Polling thread error: PLC disconnected: timed out
2026-02-12 18:22:20,227 [ERROR] Polling thread error: PLC disconnected: timed out
2026-02-12 18:22:23,303 [ERROR] Polling thread error: PLC disconnected: timed out
2026-02-12 18:22:26,392 [ERROR] Polling thread error: PLC disconnected: timed out
2026-02-12 18:22:29,468 [ERROR] Polling thread error: PLC disconnected: timed out
2026-02-12 18:22:32,557 [ERROR] Polling thread error: PLC disconnected: timed out
2026-02-12 18:22:35,636 [ERROR] Polling thread error: PLC disconnected: timed out
2026-02-12 18:22:38,386 [WARNING] [Inference] TensorRT or cuda-python not installed: No module named 'tensorrt'
2026-02-12 18:22:39,295 [INFO] [Inference] Using GPU.0
2026-02-12 18:22:39,297 [INFO] [Inference] Loading OpenVINO model from C:\Users\Priyanshu\OneDrive\Desktop\MECup\backend\inference\openvino_model\model.xml
2026-02-12 18:22:39,774 [INFO] [Inference] Using OpenVINO backend on GPU.0
2026-02-12 18:22:47,754 [WARNING] [Inference] TensorRT or cuda-python not installed: No module named 'tensorrt'
2026-02-12 18:22:48,664 [INFO] [Inference] Using GPU.0
2026-02-12 18:22:48,664 [INFO] [Inference] Loading OpenVINO model from C:\Users\Priyanshu\OneDrive\Desktop\MECup\backend\inference\openvino_model\model.xml
2026-02-12 18:22:49,106 [INFO] [Inference] Using OpenVINO backend on GPU.0
2026-02-12 18:22:54,960 [INFO] [Inference] Model ready (openvino)
2026-02-12 18:22:54,960 [ERROR] Error in inference process: [Errno 2] No such file or directory: 'C:\\MyStuff\\VS\\MECup\\backend\\inference\\stitched_result2.jpg'
2026-02-12 18:22:56,256 [WARNING] [Inference] TensorRT or cuda-python not installed: No module named 'tensorrt'
2026-02-12 18:22:57,156 [ERROR] Polling thread error: PLC disconnected: timed out
2026-02-12 18:22:57,203 [INFO] [Inference] Using GPU.0
2026-02-12 18:22:57,203 [INFO] [Inference] Loading OpenVINO model from C:\Users\Priyanshu\OneDrive\Desktop\MECup\backend\inference\openvino_model\model.xml
2026-02-12 18:22:57,643 [INFO] [Inference] Using OpenVINO backend on GPU.0
2026-02-12 18:23:00,241 [ERROR] Polling thread error: PLC disconnected: timed out
2026-02-12 18:23:03,322 [ERROR] Polling thread error: PLC disconnected: timed out
2026-02-12 18:23:03,603 [INFO] [Inference] Model ready (openvino)
2026-02-12 18:23:03,604 [ERROR] Error in inference process: [Errno 2] No such file or directory: 'C:\\MyStuff\\VS\\MECup\\backend\\inference\\stitched_result2.jpg'
2026-02-12 18:23:06,400 [ERROR] Polling thread error: PLC disconnected: timed out
2026-02-12 18:23:09,484 [ERROR] Polling thread error: PLC disconnected: timed out
2026-02-12 18:23:12,570 [ERROR] Polling thread error: PLC disconnected: timed out
2026-02-12 18:23:15,649 [ERROR] Polling thread error: PLC disconnected: timed out
2026-02-12 18:23:18,737 [ERROR] Polling thread error: PLC disconnected: timed out
2026-02-12 18:23:21,828 [ERROR] Polling thread error: PLC disconnected: timed out
2026-02-12 18:23:24,905 [ERROR] Polling thread error: PLC disconnected: timed out
2026-02-12 18:23:27,982 [ERROR] Polling thread error: PLC disconnected: timed out
2026-02-12 18:23:31,059 [ERROR] Polling thread error: PLC disconnected: timed out
2026-02-12 18:23:34,136 [ERROR] Polling thread error: PLC disconnected: timed out
2026-02-12 18:23:37,214 [ERROR] Polling thread error: PLC disconnected: timed out
2026-02-12 18:23:40,291 [ERROR] Polling thread error: PLC disconnected: timed out
2026-02-12 18:23:43,382 [ERROR] Polling thread error: PLC disconnected: timed out
2026-02-12 18:23:46,463 [ERROR] Polling thread error: PLC disconnected: timed out
2026-02-12 18:23:49,544 [ERROR] Polling thread error: PLC disconnected: timed out
2026-02-12 18:23:52,631 [ERROR] Polling thread error: PLC disconnected: timed out
2026-02-12 18:23:55,716 [ERROR] Polling thread error: PLC disconnected: timed out
2026-02-12 18:23:58,798 [ERROR] Polling thread error: PLC disconnected: timed out
2026-02-12 18:24:01,889 [ERROR] Polling thread error: PLC disconnected: timed out
2026-02-12 18:24:04,972 [ERROR] Polling thread error: PLC disconnected: timed out
2026-02-12 18:24:08,050 [ERROR] Polling thread error: PLC disconnected: timed out
2026-02-12 18:24:11,137 [ERROR] Polling thread error: PLC disconnected: timed out
2026-02-12 18:24:14,214 [ERROR] Polling thread error: PLC disconnected: timed out
2026-02-12 18:24:17,298 [ERROR] Polling thread error: PLC disconnected: timed out
2026-02-12 18:24:20,387 [ERROR] Polling thread error: PLC disconnected: timed out
2026-02-12 18:24:23,477 [ERROR] Polling thread error: PLC disconnected: timed out
2026-02-12 18:24:26,565 [ERROR] Polling thread error: PLC disconnected: timed out
2026-02-12 18:24:29,644 [ERROR] Polling thread error: PLC disconnected: timed out
2026-02-12 18:24:32,725 [ERROR] Polling thread error: PLC disconnected: timed out
2026-02-12 18:24:35,807 [ERROR] Polling thread error: PLC disconnected: timed out
2026-02-12 18:24:38,894 [ERROR] Polling thread error: PLC disconnected: timed out
2026-02-12 18:24:41,982 [ERROR] Polling thread error: PLC disconnected: timed out
2026-02-12 18:24:45,061 [ERROR] Polling thread error: PLC disconnected: timed out
2026-02-12 18:24:48,141 [ERROR] Polling thread error: PLC disconnected: timed out
2026-02-12 18:24:51,225 [ERROR] Polling thread error: PLC disconnected: timed out
2026-02-12 18:24:54,316 [ERROR] Polling thread error: PLC disconnected: timed out
2026-02-12 18:24:57,392 [ERROR] Polling thread error: PLC disconnected: timed out
2026-02-12 18:25:00,475 [ERROR] Polling thread error: PLC disconnected: timed out
2026-02-12 18:25:03,563 [ERROR] Polling thread error: PLC disconnected: timed out
2026-02-12 18:25:06,648 [ERROR] Polling thread error: PLC disconnected: timed out
2026-02-12 18:25:09,737 [ERROR] Polling thread error: PLC disconnected: timed out
2026-02-12 18:25:12,814 [ERROR] Polling thread error: PLC disconnected: timed out
2026-02-12 18:25:15,892 [ERROR] Polling thread error: PLC disconnected: timed out
2026-02-12 18:25:18,974 [ERROR] Polling thread error: PLC disconnected: timed out
2026-02-12 18:25:22,050 [ERROR] Polling thread error: PLC disconnected: timed out
2026-02-12 18:25:25,139 [ERROR] Polling thread error: PLC disconnected: timed out
2026-02-12 18:25:28,226 [ERROR] Polling thread error: PLC disconnected: timed out
2026-02-12 18:25:31,316 [ERROR] Polling thread error: PLC disconnected: timed out
2026-02-12 18:25:34,399 [ERROR] Polling thread error: PLC disconnected: timed out
2026-02-12 18:25:37,476 [ERROR] Polling thread error: PLC disconnected: timed out
2026-02-12 18:25:40,558 [ERROR] Polling thread error: PLC disconnected: timed out
2026-02-12 18:25:43,635 [ERROR] Polling thread error: PLC disconnected: timed out
2026-02-12 18:25:46,720 [ERROR] Polling thread error: PLC disconnected: timed out
2026-02-12 18:25:49,803 [ERROR] Polling thread error: PLC disconnected: timed out
2026-02-12 18:25:52,888 [ERROR] Polling thread error: PLC disconnected: timed out
2026-02-12 18:25:55,978 [ERROR] Polling thread error: PLC disconnected: timed out
2026-02-12 18:25:59,056 [ERROR] Polling thread error: PLC disconnected: timed out
2026-02-12 18:26:02,144 [ERROR] Polling thread error: PLC disconnected: timed out
2026-02-12 18:26:05,227 [ERROR] Polling thread error: PLC disconnected: timed out
2026-02-12 18:26:08,305 [ERROR] Polling thread error: PLC disconnected: timed out
2026-02-12 18:26:11,395 [ERROR] Polling thread error: PLC disconnected: timed out
2026-02-12 18:26:14,479 [ERROR] Polling thread error: PLC disconnected: timed out
2026-02-12 18:26:17,556 [ERROR] Polling thread error: PLC disconnected: timed out
2026-02-12 18:26:20,640 [ERROR] Polling thread error: PLC disconnected: timed out
2026-02-12 18:26:23,718 [ERROR] Polling thread error: PLC disconnected: timed out
2026-02-12 18:26:26,798 [ERROR] Polling thread error: PLC disconnected: timed out
2026-02-12 18:26:29,889 [ERROR] Polling thread error: PLC disconnected: timed out
2026-02-12 18:26:32,976 [ERROR] Polling thread error: PLC disconnected: timed out
2026-02-12 18:26:36,063 [ERROR] Polling thread error: PLC disconnected: timed out
2026-02-12 18:26:39,141 [ERROR] Polling thread error: PLC disconnected: timed out
2026-02-12 18:26:42,229 [ERROR] Polling thread error: PLC disconnected: timed out
2026-02-12 18:26:45,320 [ERROR] Polling thread error: PLC disconnected: timed out
2026-02-12 18:26:48,397 [ERROR] Polling thread error: PLC disconnected: timed out
2026-02-12 18:26:51,489 [ERROR] Polling thread error: PLC disconnected: timed out
2026-02-12 18:26:54,578 [ERROR] Polling thread error: PLC disconnected: timed out
2026-02-12 18:26:57,665 [ERROR] Polling thread error: PLC disconnected: timed out
2026-02-12 18:27:00,744 [ERROR] Polling thread error: PLC disconnected: timed out
2026-02-12 18:27:03,830 [ERROR] Polling thread error: PLC disconnected: timed out
2026-02-12 18:27:06,913 [ERROR] Polling thread error: PLC disconnected: timed out
2026-02-12 18:27:10,000 [ERROR] Polling thread error: PLC disconnected: timed out
2026-02-12 18:27:13,080 [ERROR] Polling thread error: PLC disconnected: timed out
2026-02-12 18:27:16,163 [ERROR] Polling thread error: PLC disconnected: timed out
2026-02-12 18:27:19,247 [ERROR] Polling thread error: PLC disconnected: timed out
2026-02-12 18:27:22,328 [ERROR] Polling thread error: PLC disconnected: timed out
2026-02-12 18:27:25,404 [ERROR] Polling thread error: PLC disconnected: timed out
2026-02-12 18:27:28,493 [ERROR] Polling thread error: PLC disconnected: timed out
2026-02-12 18:27:31,572 [ERROR] Polling thread error: PLC disconnected: timed out
2026-02-12 18:27:34,652 [ERROR] Polling thread error: PLC disconnected: timed out
2026-02-12 18:27:37,729 [ERROR] Polling thread error: PLC disconnected: timed out
2026-02-12 18:27:40,809 [ERROR] Polling thread error: PLC disconnected: timed out
2026-02-12 18:27:43,894 [ERROR] Polling thread error: PLC disconnected: timed out
2026-02-12 18:27:46,977 [ERROR] Polling thread error: PLC disconnected: timed out
2026-02-12 18:27:50,062 [ERROR] Polling thread error: PLC disconnected: timed out
2026-02-12 18:27:53,140 [ERROR] Polling thread error: PLC disconnected: timed out
2026-02-12 18:27:56,218 [ERROR] Polling thread error: PLC disconnected: timed out
2026-02-12 18:27:59,304 [ERROR] Polling thread error: PLC disconnected: timed out
2026-02-12 18:28:02,393 [ERROR] Polling thread error: PLC disconnected: timed out
2026-02-12 18:28:05,481 [ERROR] Polling thread error: PLC disconnected: timed out
2026-02-12 18:28:08,571 [ERROR] Polling thread error: PLC disconnected: timed out
2026-02-12 18:28:11,655 [ERROR] Polling thread error: PLC disconnected: timed out
2026-02-12 18:28:14,738 [ERROR] Polling thread error: PLC disconnected: timed out
2026-02-12 18:28:17,825 [ERROR] Polling thread error: PLC disconnected: timed out
2026-02-12 18:28:20,903 [ERROR] Polling thread error: PLC disconnected: timed out
2026-02-12 18:28:23,982 [ERROR] Polling thread error: PLC disconnected: timed out
2026-02-12 18:28:27,063 [ERROR] Polling thread error: PLC disconnected: timed out
2026-02-12 18:28:30,145 [ERROR] Polling thread error: PLC disconnected: timed out
2026-02-12 18:28:33,235 [ERROR] Polling thread error: PLC disconnected: timed out
2026-02-12 18:28:36,313 [ERROR] Polling thread error: PLC disconnected: timed out
2026-02-12 18:28:39,392 [ERROR] Polling thread error: PLC disconnected: timed out
2026-02-12 18:28:42,483 [ERROR] Polling thread error: PLC disconnected: timed out
2026-02-12 18:28:45,572 [ERROR] Polling thread error: PLC disconnected: timed out
2026-02-12 18:28:48,651 [ERROR] Polling thread error: PLC disconnected: timed out
2026-02-12 18:28:51,729 [ERROR] Polling thread error: PLC disconnected: timed out
2026-02-12 18:28:54,820 [ERROR] Polling thread error: PLC disconnected: timed out
2026-02-12 18:28:57,899 [ERROR] Polling thread error: PLC disconnected: timed out
2026-02-12 18:29:00,988 [ERROR] Polling thread error: PLC disconnected: timed out
2026-02-12 18:29:04,069 [ERROR] Polling thread error: PLC disconnected: timed out
2026-02-12 18:29:07,156 [ERROR] Polling thread error: PLC disconnected: timed out
2026-02-12 18:29:10,241 [ERROR] Polling thread error: PLC disconnected: timed out
2026-02-12 18:29:13,329 [ERROR] Polling thread error: PLC disconnected: timed out
2026-02-12 18:29:16,411 [ERROR] Polling thread error: PLC disconnected: timed out
2026-02-12 18:29:19,499 [ERROR] Polling thread error: PLC disconnected: timed out
2026-02-12 18:29:22,575 [ERROR] Polling thread error: PLC disconnected: timed out
2026-02-12 18:29:25,652 [ERROR] Polling thread error: PLC disconnected: timed out
2026-02-12 18:29:28,736 [ERROR] Polling thread error: PLC disconnected: timed out
2026-02-12 18:29:31,813 [ERROR] Polling thread error: PLC disconnected: timed out
2026-02-12 18:29:34,900 [ERROR] Polling thread error: PLC disconnected: timed out
2026-02-12 18:29:37,979 [ERROR] Polling thread error: PLC disconnected: timed out
2026-02-12 18:29:41,059 [ERROR] Polling thread error: PLC disconnected: timed out
2026-02-12 18:29:44,136 [ERROR] Polling thread error: PLC disconnected: timed out
2026-02-12 18:29:47,216 [ERROR] Polling thread error: PLC disconnected: timed out
2026-02-12 18:29:50,303 [ERROR] Polling thread error: PLC disconnected: timed out
2026-02-12 18:29:53,393 [ERROR] Polling thread error: PLC disconnected: timed out
2026-02-12 18:29:56,482 [ERROR] Polling thread error: PLC disconnected: timed out
2026-02-12 18:29:59,567 [ERROR] Polling thread error: PLC disconnected: timed out
2026-02-12 18:30:02,652 [ERROR] Polling thread error: PLC disconnected: timed out
2026-02-12 18:30:05,735 [ERROR] Polling thread error: PLC disconnected: timed out
2026-02-12 18:30:08,825 [ERROR] Polling thread error: PLC disconnected: timed out
2026-02-12 18:30:11,903 [ERROR] Polling thread error: PLC disconnected: timed out
2026-02-12 18:30:14,982 [ERROR] Polling thread error: PLC disconnected: timed out
2026-02-12 18:30:18,065 [ERROR] Polling thread error: PLC disconnected: timed out
2026-02-12 18:30:21,155 [ERROR] Polling thread error: PLC disconnected: timed out
2026-02-12 18:30:24,244 [ERROR] Polling thread error: PLC disconnected: timed out
2026-02-12 18:30:27,331 [ERROR] Polling thread error: PLC disconnected: timed out
2026-02-12 18:30:30,410 [ERROR] Polling thread error: PLC disconnected: timed out
2026-02-12 18:30:33,491 [ERROR] Polling thread error: PLC disconnected: timed out
2026-02-12 18:30:36,578 [ERROR] Polling thread error: PLC disconnected: timed out
2026-02-12 18:30:39,666 [ERROR] Polling thread error: PLC disconnected: timed out
2026-02-12 18:30:42,745 [ERROR] Polling thread error: PLC disconnected: timed out
2026-02-12 18:30:45,835 [ERROR] Polling thread error: PLC disconnected: timed out
2026-02-12 18:30:48,925 [ERROR] Polling thread error: PLC disconnected: timed out
2026-02-12 18:30:52,003 [ERROR] Polling thread error: PLC disconnected: timed out
2026-02-12 18:30:55,084 [ERROR] Polling thread error: PLC disconnected: timed out
2026-02-12 18:30:58,167 [ERROR] Polling thread error: PLC disconnected: timed out
2026-02-12 18:31:01,256 [ERROR] Polling thread error: PLC disconnected: timed out
2026-02-12 18:31:04,336 [ERROR] Polling thread error: PLC disconnected: timed out
2026-02-12 18:31:07,424 [ERROR] Polling thread error: PLC disconnected: timed out
2026-02-12 18:31:10,511 [ERROR] Polling thread error: PLC disconnected: timed out
2026-02-12 18:31:13,588 [ERROR] Polling thread error: PLC disconnected: timed out
2026-02-12 18:31:16,664 [ERROR] Polling thread error: PLC disconnected: timed out
2026-02-12 18:31:19,754 [ERROR] Polling thread error: PLC disconnected: timed out
2026-02-12 18:31:22,832 [ERROR] Polling thread error: PLC disconnected: timed out
2026-02-12 18:31:25,913 [ERROR] Polling thread error: PLC disconnected: timed out
2026-02-12 18:31:29,000 [ERROR] Polling thread error: PLC disconnected: timed out
2026-02-12 18:31:32,082 [ERROR] Polling thread error: PLC disconnected: timed out
2026-02-12 18:31:35,170 [ERROR] Polling thread error: PLC disconnected: timed out
2026-02-12 18:31:38,250 [ERROR] Polling thread error: PLC disconnected: timed out
2026-02-12 18:31:41,335 [ERROR] Polling thread error: PLC disconnected: timed out
2026-02-12 18:31:44,413 [ERROR] Polling thread error: PLC disconnected: timed out
2026-02-12 18:31:47,498 [ERROR] Polling thread error: PLC disconnected: timed out
2026-02-12 18:31:50,574 [ERROR] Polling thread error: PLC disconnected: timed out
2026-02-12 18:31:53,660 [ERROR] Polling thread error: PLC disconnected: timed out
2026-02-12 18:31:56,747 [ERROR] Polling thread error: PLC disconnected: timed out
2026-02-12 18:31:59,832 [ERROR] Polling thread error: PLC disconnected: timed out
2026-02-12 18:32:02,917 [ERROR] Polling thread error: PLC disconnected: timed out
2026-02-12 18:32:05,997 [ERROR] Polling thread error: PLC disconnected: timed out
2026-02-12 18:32:09,082 [ERROR] Polling thread error: PLC disconnected: timed out
2026-02-12 18:32:12,173 [ERROR] Polling thread error: PLC disconnected: timed out
2026-02-12 18:32:15,261 [ERROR] Polling thread error: PLC disconnected: timed out
2026-02-12 18:32:18,351 [ERROR] Polling thread error: PLC disconnected: timed out
2026-02-12 18:32:21,434 [ERROR] Polling thread error: PLC disconnected: timed out
2026-02-12 18:32:24,513 [ERROR] Polling thread error: PLC disconnected: timed out
2026-02-12 18:32:27,600 [ERROR] Polling thread error: PLC disconnected: timed out
2026-02-12 18:32:30,683 [ERROR] Polling thread error: PLC disconnected: timed out
2026-02-12 18:32:33,769 [ERROR] Polling thread error: PLC disconnected: timed out
2026-02-12 18:32:36,846 [ERROR] Polling thread error: PLC disconnected: timed out
2026-02-12 18:32:39,934 [ERROR] Polling thread error: PLC disconnected: timed out
2026-02-12 18:32:43,014 [ERROR] Polling thread error: PLC disconnected: timed out
2026-02-12 18:32:46,101 [ERROR] Polling thread error: PLC disconnected: timed out
2026-02-12 18:32:49,181 [ERROR] Polling thread error: PLC disconnected: timed out
2026-02-12 18:32:52,260 [ERROR] Polling thread error: PLC disconnected: timed out
2026-02-12 18:32:55,343 [ERROR] Polling thread error: PLC disconnected: timed out
2026-02-13 10:46:23,213 [WARNING] [Inference] TensorRT or cuda-python not installed: No module named 'tensorrt'
2026-02-13 10:46:23,410 [INFO] [Inference] Using GPU
2026-02-13 10:46:23,412 [INFO] [Inference] Loading OpenVINO model from C:\Users\Priyanshu\OneDrive\Desktop\MECup\backend\inference\openvino_model\model.xml
2026-02-13 10:46:24,877 [INFO] [Inference] Using CPU backend (ONNX Runtime)
2026-02-13 10:46:27,819 [INFO] [Inference] Model ready (cpu_onnx)
2026-02-13 10:46:27,819 [ERROR] Error in inference process: [Errno 2] No such file or directory: 'C:\\MyStuff\\VS\\MECup\\backend\\inference\\stitched_result2.jpg'
2026-02-13 10:46:29,100 [WARNING] [Inference] TensorRT or cuda-python not installed: No module named 'tensorrt'
2026-02-13 10:46:29,321 [INFO] [Inference] Using GPU
2026-02-13 10:46:29,321 [INFO] [Inference] Loading OpenVINO model from C:\Users\Priyanshu\OneDrive\Desktop\MECup\backend\inference\openvino_model\model.xml
2026-02-13 10:46:30,736 [INFO] [Inference] Using CPU backend (ONNX Runtime)
2026-02-13 10:46:33,806 [INFO] [Inference] Model ready (cpu_onnx)
2026-02-13 10:46:33,806 [ERROR] Error in inference process: [Errno 2] No such file or directory: 'C:\\MyStuff\\VS\\MECup\\backend\\inference\\stitched_result2.jpg'
2026-02-13 10:46:35,156 [WARNING] [Inference] TensorRT or cuda-python not installed: No module named 'tensorrt'
2026-02-13 10:46:35,377 [INFO] [Inference] Using GPU
2026-02-13 10:46:35,377 [INFO] [Inference] Loading OpenVINO model from C:\Users\Priyanshu\OneDrive\Desktop\MECup\backend\inference\openvino_model\model.xml
2026-02-13 10:46:35,970 [ERROR] Polling thread error: PLC disconnected: timed out
2026-02-13 10:46:36,880 [INFO] [Inference] Using CPU backend (ONNX Runtime)
2026-02-13 10:46:39,073 [ERROR] Polling thread error: PLC disconnected: timed out
2026-02-13 10:46:40,126 [INFO] [Inference] Model ready (cpu_onnx)
2026-02-13 10:46:40,127 [ERROR] Error in inference process: [Errno 2] No such file or directory: 'C:\\MyStuff\\VS\\MECup\\backend\\inference\\stitched_result2.jpg'
2026-02-13 10:46:42,157 [ERROR] Polling thread error: PLC disconnected: timed out
2026-02-13 10:46:45,236 [ERROR] Polling thread error: PLC disconnected: timed out
2026-02-13 10:46:48,322 [ERROR] Polling thread error: PLC disconnected: timed out
2026-02-13 10:46:51,400 [ERROR] Polling thread error: PLC disconnected: timed out
2026-02-13 10:46:54,477 [ERROR] Polling thread error: PLC disconnected: timed out
2026-02-13 10:47:06,694 [WARNING] [Inference] TensorRT or cuda-python not installed: No module named 'tensorrt'
2026-02-13 10:47:07,075 [INFO] [Inference] Using GPU
2026-02-13 10:47:07,075 [INFO] [Inference] Loading OpenVINO model from C:\Users\Priyanshu\OneDrive\Desktop\MECup\backend\inference\openvino_model\model.xml
2026-02-13 10:47:08,489 [INFO] [Inference] Using CPU backend (ONNX Runtime)
2026-02-13 10:47:11,347 [INFO] [Inference] Model ready (cpu_onnx)
2026-02-13 10:47:11,347 [ERROR] Error in inference process: [Errno 2] No such file or directory: 'C:\\MyStuff\\VS\\MECup\\backend\\inference\\stitched_result2.jpg'
2026-02-13 11:03:44,112 [ERROR] Polling thread error: PLC disconnected: timed out
2026-02-13 11:03:47,197 [ERROR] Polling thread error: PLC disconnected: timed out
2026-02-13 11:03:50,283 [ERROR] Polling thread error: PLC disconnected: timed out
2026-02-13 11:03:53,375 [ERROR] Polling thread error: PLC disconnected: timed out
2026-02-13 11:03:56,457 [ERROR] Polling thread error: PLC disconnected: timed out
2026-02-13 11:03:59,548 [ERROR] Polling thread error: PLC disconnected: timed out
2026-02-13 11:04:02,641 [ERROR] Polling thread error: PLC disconnected: timed out
2026-02-13 11:04:05,728 [ERROR] Polling thread error: PLC disconnected: timed out
2026-02-13 11:04:08,808 [ERROR] Polling thread error: PLC disconnected: timed out
2026-02-13 11:04:11,895 [ERROR] Polling thread error: PLC disconnected: timed out
2026-02-13 11:04:13,560 [WARNING] [Inference] TensorRT or cuda-python not installed: No module named 'tensorrt'
2026-02-13 11:04:14,422 [INFO] [Inference] Using GPU
2026-02-13 11:04:14,423 [INFO] [Inference] Loading OpenVINO model from C:\Users\Priyanshu\OneDrive\Desktop\MECup\backend\inference\openvino_model\model.xml
2026-02-13 11:04:14,972 [ERROR] Polling thread error: PLC disconnected: timed out
2026-02-13 11:04:18,049 [ERROR] Polling thread error: PLC disconnected: timed out
2026-02-13 11:04:20,500 [INFO] [Inference] Using CPU backend (ONNX Runtime)
2026-02-13 11:04:21,132 [ERROR] Polling thread error: PLC disconnected: timed out
2026-02-13 11:04:24,230 [ERROR] Polling thread error: PLC disconnected: timed out
2026-02-13 11:04:27,315 [ERROR] Polling thread error: PLC disconnected: timed out
2026-02-13 11:04:30,409 [ERROR] Polling thread error: PLC disconnected: timed out
2026-02-13 11:04:33,504 [ERROR] Polling thread error: PLC disconnected: timed out
2026-02-13 11:04:36,591 [ERROR] Polling thread error: PLC disconnected: timed out
2026-02-13 11:04:39,691 [ERROR] Polling thread error: PLC disconnected: timed out
2026-02-13 11:04:42,786 [ERROR] Polling thread error: PLC disconnected: timed out
2026-02-13 11:04:45,878 [ERROR] Polling thread error: PLC disconnected: timed out
2026-02-13 11:04:48,208 [INFO] [Inference] Model ready (cpu_onnx)
2026-02-13 11:04:48,216 [ERROR] Error in inference process: [Errno 2] No such file or directory: 'C:\\MyStuff\\VS\\MECup\\backend\\inference\\stitched_result2.jpg'
2026-02-13 11:04:48,973 [ERROR] Polling thread error: PLC disconnected: timed out
2026-02-13 11:04:52,063 [ERROR] Polling thread error: PLC disconnected: timed out
2026-02-13 11:04:55,148 [ERROR] Polling thread error: PLC disconnected: timed out
2026-02-13 11:04:58,240 [ERROR] Polling thread error: PLC disconnected: timed out
2026-02-13 11:05:01,337 [ERROR] Polling thread error: PLC disconnected: timed out
2026-02-13 11:05:04,416 [ERROR] Polling thread error: PLC disconnected: timed out
2026-02-13 11:05:07,500 [ERROR] Polling thread error: PLC disconnected: timed out
2026-02-13 11:05:10,580 [ERROR] Polling thread error: PLC disconnected: timed out
2026-02-13 11:05:13,659 [ERROR] Polling thread error: PLC disconnected: timed out
2026-02-13 11:05:16,739 [ERROR] Polling thread error: PLC disconnected: timed out
2026-02-13 11:05:19,821 [ERROR] Polling thread error: PLC disconnected: timed out
2026-02-13 11:05:22,901 [ERROR] Polling thread error: PLC disconnected: timed out
2026-02-13 11:05:25,988 [ERROR] Polling thread error: PLC disconnected: timed out
2026-02-13 11:05:29,077 [ERROR] Polling thread error: PLC disconnected: timed out
2026-02-13 11:05:32,159 [ERROR] Polling thread error: PLC disconnected: timed out
2026-02-13 11:05:35,248 [ERROR] Polling thread error: PLC disconnected: timed out
2026-02-13 11:05:38,326 [ERROR] Polling thread error: PLC disconnected: timed out
2026-02-13 11:05:41,418 [ERROR] Polling thread error: PLC disconnected: timed out
2026-02-13 11:05:44,504 [ERROR] Polling thread error: PLC disconnected: timed out
2026-02-13 11:05:47,586 [ERROR] Polling thread error: PLC disconnected: timed out
2026-02-13 11:05:50,675 [ERROR] Polling thread error: PLC disconnected: timed out
2026-02-13 11:05:53,761 [ERROR] Polling thread error: PLC disconnected: timed out
2026-02-13 11:05:56,851 [ERROR] Polling thread error: PLC disconnected: timed out
2026-02-13 11:05:59,928 [ERROR] Polling thread error: PLC disconnected: timed out
2026-02-13 11:06:03,006 [ERROR] Polling thread error: PLC disconnected: timed out
2026-02-13 11:06:06,091 [ERROR] Polling thread error: PLC disconnected: timed out
2026-02-13 11:06:09,177 [ERROR] Polling thread error: PLC disconnected: timed out
2026-02-13 11:06:12,269 [ERROR] Polling thread error: PLC disconnected: timed out
2026-02-13 11:06:15,352 [ERROR] Polling thread error: PLC disconnected: timed out
2026-02-13 11:06:18,439 [ERROR] Polling thread error: PLC disconnected: timed out
2026-02-13 11:06:21,530 [ERROR] Polling thread error: PLC disconnected: timed out
2026-02-13 11:06:24,615 [ERROR] Polling thread error: PLC disconnected: timed out
2026-02-13 11:06:27,698 [ERROR] Polling thread error: PLC disconnected: timed out
2026-02-13 11:06:30,780 [ERROR] Polling thread error: PLC disconnected: timed out
2026-02-13 11:06:33,865 [ERROR] Polling thread error: PLC disconnected: timed out
2026-02-13 11:06:36,954 [ERROR] Polling thread error: PLC disconnected: timed out
2026-02-13 11:06:40,032 [ERROR] Polling thread error: PLC disconnected: timed out
2026-02-13 11:06:43,112 [ERROR] Polling thread error: PLC disconnected: timed out
2026-02-13 11:06:46,194 [ERROR] Polling thread error: PLC disconnected: timed out
2026-02-13 11:06:49,283 [ERROR] Polling thread error: PLC disconnected: timed out
2026-02-13 11:06:52,361 [ERROR] Polling thread error: PLC disconnected: timed out
2026-02-13 11:06:55,443 [ERROR] Polling thread error: PLC disconnected: timed out
2026-02-13 11:06:58,522 [ERROR] Polling thread error: PLC disconnected: timed out
2026-02-13 11:07:01,614 [ERROR] Polling thread error: PLC disconnected: timed out
2026-02-13 11:07:04,702 [ERROR] Polling thread error: PLC disconnected: timed out
2026-02-13 11:07:07,780 [ERROR] Polling thread error: PLC disconnected: timed out
2026-02-13 11:07:10,868 [ERROR] Polling thread error: PLC disconnected: timed out
2026-02-13 11:07:13,946 [ERROR] Polling thread error: PLC disconnected: timed out
2026-02-13 11:07:17,030 [ERROR] Polling thread error: PLC disconnected: timed out
2026-02-13 11:07:20,119 [ERROR] Polling thread error: PLC disconnected: timed out
2026-02-13 11:07:23,205 [ERROR] Polling thread error: PLC disconnected: timed out
2026-02-13 11:07:26,291 [ERROR] Polling thread error: PLC disconnected: timed out
2026-02-13 11:07:29,385 [ERROR] Polling thread error: PLC disconnected: timed out
2026-02-13 11:07:32,466 [ERROR] Polling thread error: PLC disconnected: timed out
2026-02-13 11:07:35,556 [ERROR] Polling thread error: PLC disconnected: timed out
2026-02-13 11:07:38,638 [ERROR] Polling thread error: PLC disconnected: timed out
2026-02-13 11:07:41,716 [ERROR] Polling thread error: PLC disconnected: timed out
2026-02-13 11:07:44,800 [ERROR] Polling thread error: PLC disconnected: timed out
2026-02-13 11:07:47,879 [ERROR] Polling thread error: PLC disconnected: timed out
2026-02-13 11:07:50,960 [ERROR] Polling thread error: PLC disconnected: timed out
2026-02-13 11:07:54,052 [ERROR] Polling thread error: PLC disconnected: timed out
2026-02-13 11:07:57,142 [ERROR] Polling thread error: PLC disconnected: timed out
2026-02-13 11:08:00,232 [ERROR] Polling thread error: PLC disconnected: timed out
2026-02-13 11:08:03,321 [ERROR] Polling thread error: PLC disconnected: timed out
2026-02-13 11:08:06,408 [ERROR] Polling thread error: PLC disconnected: timed out
2026-02-13 11:08:09,491 [ERROR] Polling thread error: PLC disconnected: timed out
2026-02-13 11:08:12,574 [ERROR] Polling thread error: PLC disconnected: timed out
2026-02-13 11:08:15,660 [ERROR] Polling thread error: PLC disconnected: timed out
2026-02-13 11:08:18,738 [ERROR] Polling thread error: PLC disconnected: timed out
2026-02-13 11:08:21,822 [ERROR] Polling thread error: PLC disconnected: timed out
2026-02-13 11:08:24,910 [ERROR] Polling thread error: PLC disconnected: timed out
2026-02-13 11:08:27,989 [ERROR] Polling thread error: PLC disconnected: timed out
2026-02-13 11:08:31,069 [ERROR] Polling thread error: PLC disconnected: timed out
2026-02-13 11:08:34,147 [ERROR] Polling thread error: PLC disconnected: timed out
2026-02-13 11:08:37,238 [ERROR] Polling thread error: PLC disconnected: timed out
2026-02-13 11:08:40,318 [ERROR] Polling thread error: PLC disconnected: timed out
2026-02-13 11:08:43,406 [ERROR] Polling thread error: PLC disconnected: timed out
2026-02-13 11:08:46,487 [ERROR] Polling thread error: PLC disconnected: timed out
2026-02-13 11:08:49,569 [ERROR] Polling thread error: PLC disconnected: timed out
2026-02-13 11:08:52,649 [ERROR] Polling thread error: PLC disconnected: timed out
2026-02-13 11:08:55,728 [ERROR] Polling thread error: PLC disconnected: timed out
2026-02-13 11:08:58,808 [ERROR] Polling thread error: PLC disconnected: timed out
2026-02-13 11:09:01,887 [ERROR] Polling thread error: PLC disconnected: timed out
2026-02-13 11:09:04,979 [ERROR] Polling thread error: PLC disconnected: timed out
2026-02-13 11:09:08,073 [ERROR] Polling thread error: PLC disconnected: timed out
2026-02-13 11:09:11,150 [ERROR] Polling thread error: PLC disconnected: timed out
2026-02-13 11:09:14,235 [ERROR] Polling thread error: PLC disconnected: timed out
2026-02-13 11:09:17,325 [ERROR] Polling thread error: PLC disconnected: timed out
2026-02-13 11:09:20,403 [ERROR] Polling thread error: PLC disconnected: timed out
2026-02-13 11:09:23,486 [ERROR] Polling thread error: PLC disconnected: timed out
2026-02-13 11:09:26,576 [ERROR] Polling thread error: PLC disconnected: timed out
2026-02-13 11:09:29,669 [ERROR] Polling thread error: PLC disconnected: timed out
2026-02-13 11:09:32,765 [ERROR] Polling thread error: PLC disconnected: timed out
2026-02-13 11:09:35,859 [ERROR] Polling thread error: PLC disconnected: timed out
2026-02-13 11:09:38,944 [ERROR] Polling thread error: PLC disconnected: timed out
2026-02-13 11:09:42,025 [ERROR] Polling thread error: PLC disconnected: timed out
2026-02-13 11:09:45,107 [ERROR] Polling thread error: PLC disconnected: timed out
2026-02-13 11:09:48,203 [ERROR] Polling thread error: PLC disconnected: timed out
2026-02-13 11:09:51,296 [ERROR] Polling thread error: PLC disconnected: timed out
2026-02-13 11:09:54,379 [ERROR] Polling thread error: PLC disconnected: timed out
2026-02-13 11:09:57,461 [ERROR] Polling thread error: PLC disconnected: timed out
2026-02-13 11:10:00,543 [ERROR] Polling thread error: PLC disconnected: timed out
2026-02-13 11:10:03,631 [ERROR] Polling thread error: PLC disconnected: timed out
2026-02-13 11:10:06,709 [ERROR] Polling thread error: PLC disconnected: timed out
2026-02-13 11:10:09,793 [ERROR] Polling thread error: PLC disconnected: timed out
2026-02-13 11:10:12,876 [ERROR] Polling thread error: PLC disconnected: timed out
2026-02-13 11:10:15,954 [ERROR] Polling thread error: PLC disconnected: timed out
2026-02-13 11:10:19,042 [ERROR] Polling thread error: PLC disconnected: timed out
2026-02-13 11:10:22,126 [ERROR] Polling thread error: PLC disconnected: timed out
2026-02-13 11:10:25,216 [ERROR] Polling thread error: PLC disconnected: timed out
2026-02-13 11:10:28,301 [ERROR] Polling thread error: PLC disconnected: timed out
2026-02-13 11:10:31,392 [ERROR] Polling thread error: PLC disconnected: timed out
2026-02-13 11:10:34,471 [ERROR] Polling thread error: PLC disconnected: timed out
2026-02-13 11:10:37,557 [ERROR] Polling thread error: PLC disconnected: timed out
2026-02-13 11:10:40,638 [ERROR] Polling thread error: PLC disconnected: timed out
2026-02-13 11:10:43,730 [ERROR] Polling thread error: PLC disconnected: timed out
2026-02-13 11:10:46,808 [ERROR] Polling thread error: PLC disconnected: timed out
2026-02-13 11:10:49,892 [ERROR] Polling thread error: PLC disconnected: timed out
2026-02-13 11:10:52,982 [ERROR] Polling thread error: PLC disconnected: timed out
2026-02-13 11:10:56,072 [ERROR] Polling thread error: PLC disconnected: timed out
2026-02-13 11:10:59,161 [ERROR] Polling thread error: PLC disconnected: timed out
2026-02-13 11:11:02,239 [ERROR] Polling thread error: PLC disconnected: timed out
2026-02-13 11:11:05,322 [ERROR] Polling thread error: PLC disconnected: timed out
2026-02-13 11:11:08,406 [ERROR] Polling thread error: PLC disconnected: timed out
2026-02-13 11:11:11,496 [ERROR] Polling thread error: PLC disconnected: timed out
2026-02-13 11:11:14,588 [ERROR] Polling thread error: PLC disconnected: timed out
2026-02-13 11:11:17,665 [ERROR] Polling thread error: PLC disconnected: timed out
2026-02-13 11:11:20,755 [ERROR] Polling thread error: PLC disconnected: timed out
2026-02-13 11:11:23,846 [ERROR] Polling thread error: PLC disconnected: timed out
2026-02-13 11:11:26,923 [ERROR] Polling thread error: PLC disconnected: timed out
2026-02-13 11:11:30,001 [ERROR] Polling thread error: PLC disconnected: timed out
2026-02-13 11:11:33,088 [ERROR] Polling thread error: PLC disconnected: timed out
2026-02-13 11:11:36,166 [ERROR] Polling thread error: PLC disconnected: timed out
2026-02-13 11:11:39,247 [ERROR] Polling thread error: PLC disconnected: timed out
2026-02-13 11:11:42,336 [ERROR] Polling thread error: PLC disconnected: timed out
2026-02-13 11:11:45,424 [ERROR] Polling thread error: PLC disconnected: timed out
2026-02-13 11:11:48,510 [ERROR] Polling thread error: PLC disconnected: timed out
2026-02-13 11:11:51,598 [ERROR] Polling thread error: PLC disconnected: timed out
2026-02-13 11:11:54,684 [ERROR] Polling thread error: PLC disconnected: timed out
2026-02-13 11:11:57,770 [ERROR] Polling thread error: PLC disconnected: timed out
2026-02-13 11:12:00,854 [ERROR] Polling thread error: PLC disconnected: timed out
2026-02-13 11:12:03,932 [ERROR] Polling thread error: PLC disconnected: timed out
2026-02-13 11:12:07,020 [ERROR] Polling thread error: PLC disconnected: timed out
2026-02-13 11:12:10,104 [ERROR] Polling thread error: PLC disconnected: timed out
2026-02-13 11:12:13,186 [ERROR] Polling thread error: PLC disconnected: timed out
2026-02-13 11:12:16,263 [ERROR] Polling thread error: PLC disconnected: timed out
2026-02-13 11:12:19,355 [ERROR] Polling thread error: PLC disconnected: timed out
2026-02-13 11:12:22,437 [ERROR] Polling thread error: PLC disconnected: timed out
2026-02-13 11:12:25,528 [ERROR] Polling thread error: PLC disconnected: timed out
2026-02-13 11:12:28,609 [ERROR] Polling thread error: PLC disconnected: timed out
2026-02-13 11:12:31,690 [ERROR] Polling thread error: PLC disconnected: timed out
2026-02-13 11:12:34,776 [ERROR] Polling thread error: PLC disconnected: timed out
2026-02-13 11:12:37,858 [ERROR] Polling thread error: PLC disconnected: timed out
2026-02-13 11:12:40,948 [ERROR] Polling thread error: PLC disconnected: timed out
2026-02-13 11:12:44,030 [ERROR] Polling thread error: PLC disconnected: timed out
2026-02-13 11:12:47,113 [ERROR] Polling thread error: PLC disconnected: timed out
2026-02-13 11:12:50,203 [ERROR] Polling thread error: PLC disconnected: timed out
2026-02-13 11:12:53,283 [ERROR] Polling thread error: PLC disconnected: timed out
2026-02-13 11:12:56,366 [ERROR] Polling thread error: PLC disconnected: timed out
2026-02-13 11:12:59,453 [ERROR] Polling thread error: PLC disconnected: timed out
2026-02-13 11:13:02,538 [ERROR] Polling thread error: PLC disconnected: timed out
2026-02-13 11:13:05,629 [ERROR] Polling thread error: PLC disconnected: timed out
2026-02-13 11:13:08,721 [ERROR] Polling thread error: PLC disconnected: timed out
2026-02-13 11:13:11,809 [ERROR] Polling thread error: PLC disconnected: timed out
2026-02-13 11:13:14,892 [ERROR] Polling thread error: PLC disconnected: timed out
2026-02-13 11:13:17,982 [ERROR] Polling thread error: PLC disconnected: timed out
2026-02-13 11:13:21,063 [ERROR] Polling thread error: PLC disconnected: timed out
2026-02-13 11:13:24,149 [ERROR] Polling thread error: PLC disconnected: timed out
2026-02-13 11:13:27,239 [ERROR] Polling thread error: PLC disconnected: timed out
2026-02-13 11:13:30,329 [ERROR] Polling thread error: PLC disconnected: timed out
2026-02-13 11:13:33,408 [ERROR] Polling thread error: PLC disconnected: timed out
2026-02-13 11:13:36,493 [ERROR] Polling thread error: PLC disconnected: timed out
2026-02-13 11:13:39,579 [ERROR] Polling thread error: PLC disconnected: timed out
2026-02-13 11:13:42,660 [ERROR] Polling thread error: PLC disconnected: timed out
2026-02-13 11:13:45,753 [ERROR] Polling thread error: PLC disconnected: timed out
2026-02-13 11:13:48,837 [ERROR] Polling thread error: PLC disconnected: timed out
2026-02-13 11:13:51,928 [ERROR] Polling thread error: PLC disconnected: timed out
2026-02-13 11:13:55,006 [ERROR] Polling thread error: PLC disconnected: timed out
2026-02-13 11:13:58,095 [ERROR] Polling thread error: PLC disconnected: timed out
2026-02-13 11:14:01,176 [ERROR] Polling thread error: PLC disconnected: timed out
2026-02-13 11:14:04,263 [ERROR] Polling thread error: PLC disconnected: timed out
2026-02-13 11:14:07,341 [ERROR] Polling thread error: PLC disconnected: timed out
2026-02-13 11:14:10,432 [ERROR] Polling thread error: PLC disconnected: timed out
2026-02-13 11:14:13,518 [ERROR] Polling thread error: PLC disconnected: timed out
2026-02-13 11:14:16,611 [ERROR] Polling thread error: PLC disconnected: timed out
2026-02-13 11:14:19,689 [ERROR] Polling thread error: PLC disconnected: timed out
2026-02-13 11:14:22,771 [ERROR] Polling thread error: PLC disconnected: timed out
2026-02-13 11:14:25,854 [ERROR] Polling thread error: PLC disconnected: timed out
2026-02-13 11:14:28,945 [ERROR] Polling thread error: PLC disconnected: timed out
2026-02-13 11:14:32,031 [ERROR] Polling thread error: PLC disconnected: timed out
2026-02-13 11:14:35,119 [ERROR] Polling thread error: PLC disconnected: timed out
2026-02-13 11:14:38,210 [ERROR] Polling thread error: PLC disconnected: timed out
2026-02-13 11:14:41,288 [ERROR] Polling thread error: PLC disconnected: timed out
2026-02-13 11:14:44,368 [ERROR] Polling thread error: PLC disconnected: timed out
2026-02-13 11:14:47,455 [ERROR] Polling thread error: PLC disconnected: timed out
2026-02-13 11:14:50,546 [ERROR] Polling thread error: PLC disconnected: timed out
2026-02-13 11:14:53,628 [ERROR] Polling thread error: PLC disconnected: timed out
2026-02-13 11:14:56,709 [ERROR] Polling thread error: PLC disconnected: timed out
2026-02-13 11:14:59,795 [ERROR] Polling thread error: PLC disconnected: timed out
2026-02-13 11:15:02,877 [ERROR] Polling thread error: PLC disconnected: timed out
2026-02-13 11:15:05,956 [ERROR] Polling thread error: PLC disconnected: timed out
2026-02-13 11:15:09,046 [ERROR] Polling thread error: PLC disconnected: timed out
2026-02-13 11:15:12,130 [ERROR] Polling thread error: PLC disconnected: timed out
2026-02-13 11:15:15,216 [ERROR] Polling thread error: PLC disconnected: timed out
2026-02-13 11:15:18,308 [ERROR] Polling thread error: PLC disconnected: timed out
2026-02-13 11:15:21,386 [ERROR] Polling thread error: PLC disconnected: timed out
2026-02-13 11:15:24,462 [ERROR] Polling thread error: PLC disconnected: timed out
2026-02-13 11:15:27,539 [ERROR] Polling thread error: PLC disconnected: timed out
2026-02-13 11:15:30,625 [ERROR] Polling thread error: PLC disconnected: timed out
2026-02-13 11:15:33,705 [ERROR] Polling thread error: PLC disconnected: timed out
2026-02-13 11:15:36,785 [ERROR] Polling thread error: PLC disconnected: timed out
2026-02-13 11:15:39,872 [ERROR] Polling thread error: PLC disconnected: timed out
2026-02-13 11:15:42,951 [ERROR] Polling thread error: PLC disconnected: timed out
2026-02-13 11:15:46,030 [ERROR] Polling thread error: PLC disconnected: timed out
2026-02-13 11:15:49,119 [ERROR] Polling thread error: PLC disconnected: timed out
2026-02-13 11:15:52,208 [ERROR] Polling thread error: PLC disconnected: timed out
2026-02-13 11:15:55,291 [ERROR] Polling thread error: PLC disconnected: timed out
2026-02-13 11:15:58,374 [ERROR] Polling thread error: PLC disconnected: timed out
2026-02-13 11:16:01,457 [ERROR] Polling thread error: PLC disconnected: timed out
2026-02-13 11:16:04,546 [ERROR] Polling thread error: PLC disconnected: timed out
2026-02-13 11:16:07,635 [ERROR] Polling thread error: PLC disconnected: timed out
2026-02-13 11:16:10,725 [ERROR] Polling thread error: PLC disconnected: timed out
2026-02-13 11:16:13,810 [ERROR] Polling thread error: PLC disconnected: timed out
2026-02-13 11:16:14,901 [ERROR] Polling thread error: PLC disconnected: [WinError 10013] An attempt was made to access a socket in a way forbidden by its access permissions
2026-02-13 11:18:59,706 [WARNING] [Inference] TensorRT or cuda-python not installed: No module named 'tensorrt'
2026-02-13 11:19:00,424 [INFO] [Inference] Using GPU
2026-02-13 11:19:00,425 [INFO] [Inference] Loading OpenVINO model from C:\Users\Priyanshu\OneDrive\Desktop\MECup\backend\inference\openvino_model\model.xml
2026-02-13 11:19:02,270 [INFO] [Inference] Using CPU backend (ONNX Runtime)
2026-02-13 11:19:05,070 [INFO] [Inference] Model ready (cpu_onnx)
2026-02-13 11:19:05,071 [ERROR] Error in inference process: [Errno 2] No such file or directory: 'C:\\MyStuff\\VS\\MECup\\backend\\inference\\stitched_result2.jpg'
2026-02-13 11:19:14,061 [WARNING] [Inference] TensorRT or cuda-python not installed: No module named 'tensorrt'
2026-02-13 11:19:14,468 [INFO] [Inference] Using GPU
2026-02-13 11:19:14,468 [INFO] [Inference] Loading OpenVINO model from C:\Users\Priyanshu\OneDrive\Desktop\MECup\backend\inference\openvino_model\model.xml
2026-02-13 11:19:15,931 [INFO] [Inference] Using CPU backend (ONNX Runtime)
2026-02-13 11:19:18,776 [INFO] [Inference] Model ready (cpu_onnx)
2026-02-13 11:19:18,776 [ERROR] Error in inference process: [Errno 2] No such file or directory: 'C:\\MyStuff\\VS\\MECup\\backend\\inference\\stitched_result2.jpg'
2026-02-13 11:23:55,726 [ERROR] Polling thread error: PLC disconnected: timed out
2026-02-13 11:23:58,815 [ERROR] Polling thread error: PLC disconnected: timed out
2026-02-13 11:24:01,531 [WARNING] [Inference] TensorRT or cuda-python not installed: No module named 'tensorrt'
2026-02-13 11:24:01,891 [ERROR] Polling thread error: PLC disconnected: timed out
2026-02-13 11:24:01,897 [INFO] [Inference] Using GPU
2026-02-13 11:24:01,898 [INFO] [Inference] Loading OpenVINO model from C:\Users\Priyanshu\OneDrive\Desktop\MECup\backend\inference\openvino_model\model.xml
2026-02-13 11:24:03,572 [INFO] [Inference] Using CPU backend (ONNX Runtime)
2026-02-13 11:24:04,980 [ERROR] Polling thread error: PLC disconnected: timed out
2026-02-13 11:24:07,065 [INFO] [Inference] Model ready (cpu_onnx)
2026-02-13 11:24:07,065 [ERROR] Error in inference process: [Errno 2] No such file or directory: 'C:\\MyStuff\\VS\\MECup\\backend\\inference\\stitched_result2.jpg'
2026-02-13 11:24:08,066 [ERROR] Polling thread error: PLC disconnected: timed out
2026-02-13 11:24:11,144 [ERROR] Polling thread error: PLC disconnected: timed out
2026-02-13 11:24:14,228 [ERROR] Polling thread error: PLC disconnected: timed out
2026-02-13 11:24:17,305 [ERROR] Polling thread error: PLC disconnected: timed out
2026-02-13 11:24:20,391 [ERROR] Polling thread error: PLC disconnected: timed out
2026-02-13 11:24:23,474 [ERROR] Polling thread error: PLC disconnected: timed out
2026-02-13 11:24:26,554 [ERROR] Polling thread error: PLC disconnected: timed out
2026-02-13 11:24:29,643 [ERROR] Polling thread error: PLC disconnected: timed out
2026-02-13 11:24:32,726 [ERROR] Polling thread error: PLC disconnected: timed out
2026-02-13 11:24:35,810 [ERROR] Polling thread error: PLC disconnected: timed out
2026-02-13 11:24:38,889 [ERROR] Polling thread error: PLC disconnected: timed out
2026-02-13 11:24:41,977 [ERROR] Polling thread error: PLC disconnected: timed out
2026-02-13 11:24:45,066 [ERROR] Polling thread error: PLC disconnected: timed out
2026-02-13 11:24:48,155 [ERROR] Polling thread error: PLC disconnected: timed out
2026-02-13 11:24:51,232 [ERROR] Polling thread error: PLC disconnected: timed out
2026-02-13 11:24:54,315 [ERROR] Polling thread error: PLC disconnected: timed out
2026-02-13 11:24:57,403 [ERROR] Polling thread error: PLC disconnected: timed out
2026-02-13 11:25:00,489 [ERROR] Polling thread error: PLC disconnected: timed out
2026-02-13 11:25:03,570 [ERROR] Polling thread error: PLC disconnected: timed out
2026-02-13 11:25:06,660 [ERROR] Polling thread error: PLC disconnected: timed out
2026-02-13 11:25:09,746 [ERROR] Polling thread error: PLC disconnected: timed out
2026-02-13 11:25:12,834 [ERROR] Polling thread error: PLC disconnected: timed out
2026-02-13 11:25:15,921 [ERROR] Polling thread error: PLC disconnected: timed out
2026-02-13 11:25:19,015 [ERROR] Polling thread error: PLC disconnected: timed out
2026-02-13 11:25:22,093 [ERROR] Polling thread error: PLC disconnected: timed out
2026-02-13 11:25:25,183 [ERROR] Polling thread error: PLC disconnected: timed out
2026-02-13 11:25:28,264 [ERROR] Polling thread error: PLC disconnected: timed out
2026-02-13 11:25:31,342 [ERROR] Polling thread error: PLC disconnected: timed out
2026-02-13 11:25:34,427 [ERROR] Polling thread error: PLC disconnected: timed out
2026-02-13 11:25:37,510 [ERROR] Polling thread error: PLC disconnected: timed out
2026-02-13 11:25:40,594 [ERROR] Polling thread error: PLC disconnected: timed out
2026-02-13 11:25:43,682 [ERROR] Polling thread error: PLC disconnected: timed out
2026-02-13 11:25:53,529 [WARNING] [Inference] TensorRT or cuda-python not installed: No module named 'tensorrt'
2026-02-13 11:25:53,903 [INFO] [Inference] Using GPU
2026-02-13 11:25:53,904 [INFO] [Inference] Loading OpenVINO model from C:\Users\Priyanshu\OneDrive\Desktop\MECup\backend\inference\openvino_model\model.xml
2026-02-13 11:25:55,372 [INFO] [Inference] Using CPU backend (ONNX Runtime)
2026-02-13 11:25:58,373 [INFO] [Inference] Model ready (cpu_onnx)
2026-02-13 11:25:58,373 [ERROR] Error in inference process: [Errno 2] No such file or directory: 'C:\\MyStuff\\VS\\MECup\\backend\\inference\\stitched_result2.jpg'
2026-02-13 11:44:35,645 [ERROR] Polling thread error: PLC disconnected: timed out
2026-02-13 11:44:38,739 [ERROR] Polling thread error: PLC disconnected: timed out
2026-02-13 11:44:41,825 [ERROR] Polling thread error: PLC disconnected: timed out
2026-02-13 11:44:44,914 [ERROR] Polling thread error: PLC disconnected: timed out
2026-02-13 11:44:47,999 [ERROR] Polling thread error: PLC disconnected: timed out
2026-02-13 11:44:51,083 [ERROR] Polling thread error: PLC disconnected: timed out
2026-02-13 11:44:54,169 [ERROR] Polling thread error: PLC disconnected: timed out
2026-02-13 11:44:55,251 [WARNING] [Inference] TensorRT or cuda-python not installed: No module named 'tensorrt'
2026-02-13 11:44:56,301 [INFO] [Inference] Using GPU
2026-02-13 11:44:56,302 [INFO] [Inference] Loading OpenVINO model from C:\Users\Priyanshu\OneDrive\Desktop\MECup\backend\inference\openvino_model\model.xml
2026-02-13 11:44:57,253 [ERROR] Polling thread error: PLC disconnected: timed out
2026-02-13 11:45:00,333 [ERROR] Polling thread error: PLC disconnected: timed out
2026-02-13 11:45:01,585 [INFO] [Inference] Using CPU backend (ONNX Runtime)
2026-02-13 11:45:03,415 [ERROR] Polling thread error: PLC disconnected: timed out
2026-02-13 11:45:05,460 [INFO] [Inference] Model ready (cpu_onnx)
2026-02-13 11:45:05,461 [ERROR] Error in inference process: [Errno 2] No such file or directory: 'C:\\MyStuff\\VS\\MECup\\backend\\inference\\stitched_result2.jpg'
2026-02-13 11:45:06,501 [ERROR] Polling thread error: PLC disconnected: timed out
2026-02-13 11:45:09,588 [ERROR] Polling thread error: PLC disconnected: timed out
2026-02-13 11:45:12,668 [ERROR] Polling thread error: PLC disconnected: timed out
2026-02-13 11:45:15,747 [ERROR] Polling thread error: PLC disconnected: timed out
2026-02-13 11:45:18,830 [ERROR] Polling thread error: PLC disconnected: timed out
2026-02-13 11:45:21,908 [ERROR] Polling thread error: PLC disconnected: timed out
2026-02-13 11:45:24,985 [ERROR] Polling thread error: PLC disconnected: timed out
2026-02-13 11:45:28,066 [ERROR] Polling thread error: PLC disconnected: timed out
2026-02-13 11:45:31,150 [ERROR] Polling thread error: PLC disconnected: timed out
2026-02-13 11:45:34,228 [ERROR] Polling thread error: PLC disconnected: timed out
2026-02-13 11:45:37,308 [ERROR] Polling thread error: PLC disconnected: timed out
2026-02-13 11:45:40,397 [ERROR] Polling thread error: PLC disconnected: timed out
2026-02-13 11:45:43,487 [ERROR] Polling thread error: PLC disconnected: timed out
2026-02-13 11:45:46,565 [ERROR] Polling thread error: PLC disconnected: timed out
2026-02-13 11:45:49,657 [ERROR] Polling thread error: PLC disconnected: timed out
2026-02-13 11:45:52,745 [ERROR] Polling thread error: PLC disconnected: timed out
2026-02-13 11:45:55,829 [ERROR] Polling thread error: PLC disconnected: timed out
2026-02-13 11:45:58,914 [ERROR] Polling thread error: PLC disconnected: timed out
2026-02-13 11:46:02,002 [ERROR] Polling thread error: PLC disconnected: timed out
2026-02-13 11:46:05,095 [ERROR] Polling thread error: PLC disconnected: timed out
2026-02-13 11:46:08,173 [ERROR] Polling thread error: PLC disconnected: timed out
2026-02-13 11:46:11,263 [ERROR] Polling thread error: PLC disconnected: timed out
2026-02-13 11:46:14,341 [ERROR] Polling thread error: PLC disconnected: timed out
2026-02-13 11:46:17,425 [ERROR] Polling thread error: PLC disconnected: timed out
2026-02-13 11:46:20,513 [ERROR] Polling thread error: PLC disconnected: timed out
2026-02-13 11:46:23,607 [ERROR] Polling thread error: PLC disconnected: timed out
2026-02-13 11:46:26,698 [ERROR] Polling thread error: PLC disconnected: timed out
2026-02-13 11:46:29,775 [ERROR] Polling thread error: PLC disconnected: timed out
2026-02-13 11:46:32,852 [ERROR] Polling thread error: PLC disconnected: timed out
2026-02-13 11:46:35,943 [ERROR] Polling thread error: PLC disconnected: timed out
2026-02-13 11:46:39,034 [ERROR] Polling thread error: PLC disconnected: timed out
2026-02-13 11:46:42,112 [ERROR] Polling thread error: PLC disconnected: timed out
2026-02-13 11:46:45,205 [ERROR] Polling thread error: PLC disconnected: timed out
2026-02-13 11:46:48,283 [ERROR] Polling thread error: PLC disconnected: timed out
2026-02-13 11:46:51,361 [ERROR] Polling thread error: PLC disconnected: timed out
2026-02-13 11:46:54,451 [ERROR] Polling thread error: PLC disconnected: timed out
2026-02-13 11:46:57,537 [ERROR] Polling thread error: PLC disconnected: timed out
2026-02-13 11:47:00,627 [ERROR] Polling thread error: PLC disconnected: timed out
2026-02-13 11:47:03,719 [ERROR] Polling thread error: PLC disconnected: timed out
2026-02-13 11:47:06,810 [ERROR] Polling thread error: PLC disconnected: timed out
2026-02-13 11:47:09,898 [ERROR] Polling thread error: PLC disconnected: timed out
2026-02-13 11:47:12,978 [ERROR] Polling thread error: PLC disconnected: timed out
2026-02-13 11:47:16,061 [ERROR] Polling thread error: PLC disconnected: timed out
2026-02-13 11:47:19,151 [ERROR] Polling thread error: PLC disconnected: timed out
2026-02-13 11:47:22,230 [ERROR] Polling thread error: PLC disconnected: timed out
2026-02-13 11:47:25,317 [ERROR] Polling thread error: PLC disconnected: timed out
2026-02-13 11:47:28,409 [ERROR] Polling thread error: PLC disconnected: timed out
2026-02-13 11:47:31,501 [ERROR] Polling thread error: PLC disconnected: timed out
2026-02-13 11:47:34,589 [ERROR] Polling thread error: PLC disconnected: timed out
2026-02-13 11:47:37,666 [ERROR] Polling thread error: PLC disconnected: timed out
2026-02-13 11:47:40,752 [ERROR] Polling thread error: PLC disconnected: timed out
2026-02-13 11:47:43,838 [ERROR] Polling thread error: PLC disconnected: timed out
2026-02-13 11:47:46,922 [ERROR] Polling thread error: PLC disconnected: timed out
2026-02-13 11:47:50,006 [ERROR] Polling thread error: PLC disconnected: timed out
2026-02-13 11:47:53,096 [ERROR] Polling thread error: PLC disconnected: timed out
2026-02-13 11:47:56,181 [ERROR] Polling thread error: PLC disconnected: timed out
2026-02-13 11:47:59,258 [ERROR] Polling thread error: PLC disconnected: timed out
2026-02-13 11:48:02,345 [ERROR] Polling thread error: PLC disconnected: timed out
2026-02-13 11:48:05,424 [ERROR] Polling thread error: PLC disconnected: timed out
2026-02-13 11:48:08,507 [ERROR] Polling thread error: PLC disconnected: timed out
2026-02-13 11:48:11,584 [ERROR] Polling thread error: PLC disconnected: timed out
2026-02-13 11:48:14,667 [ERROR] Polling thread error: PLC disconnected: timed out
2026-02-13 11:48:17,752 [ERROR] Polling thread error: PLC disconnected: timed out
2026-02-13 11:48:20,842 [ERROR] Polling thread error: PLC disconnected: timed out
2026-02-13 11:48:23,923 [ERROR] Polling thread error: PLC disconnected: timed out
2026-02-13 11:48:27,005 [ERROR] Polling thread error: PLC disconnected: timed out
2026-02-13 11:48:30,085 [ERROR] Polling thread error: PLC disconnected: timed out
2026-02-13 11:48:33,166 [ERROR] Polling thread error: PLC disconnected: timed out
2026-02-13 11:48:36,251 [ERROR] Polling thread error: PLC disconnected: timed out
2026-02-13 11:48:39,333 [ERROR] Polling thread error: PLC disconnected: timed out
2026-02-13 12:02:50,068 [WARNING] [Inference] TensorRT or cuda-python not installed: No module named 'tensorrt'
2026-02-13 12:02:50,423 [INFO] [Inference] Using GPU
2026-02-13 12:02:50,423 [INFO] [Inference] Loading OpenVINO model from C:\Users\Priyanshu\OneDrive\Desktop\MECup\backend\inference\openvino_model\model.xml
2026-02-13 12:02:52,021 [INFO] [Inference] Using CPU backend (ONNX Runtime)
2026-02-13 12:03:13,207 [INFO] [Inference] Model ready (cpu_onnx)
2026-02-13 12:03:13,211 [ERROR] Error in inference process: [Errno 2] No such file or directory: 'C:\\MyStuff\\VS\\MECup\\backend\\inference\\stitched_result2.jpg'
2026-02-13 12:03:28,665 [WARNING] [Inference] TensorRT or cuda-python not installed: No module named 'tensorrt'
2026-02-13 12:03:29,318 [INFO] [Inference] Using GPU
2026-02-13 12:03:29,318 [INFO] [Inference] Loading OpenVINO model from C:\Users\Priyanshu\OneDrive\Desktop\MECup\backend\inference\openvino_model\model.xml
2026-02-13 12:03:33,406 [INFO] [Inference] Using CPU backend (ONNX Runtime)
2026-02-13 12:03:53,325 [INFO] [Inference] Model ready (cpu_onnx)
2026-02-13 12:03:53,326 [ERROR] Error in inference process: [Errno 2] No such file or directory: 'C:\\MyStuff\\VS\\MECup\\backend\\inference\\stitched_result2.jpg'
2026-02-17 14:23:54,909 [WARNING] [Inference] TensorRT or cuda-python not installed: No module named 'tensorrt'
2026-02-17 14:23:56,414 [INFO] [Inference] Using GPU
2026-02-17 14:23:56,414 [INFO] [Inference] Loading OpenVINO model from C:\Users\Priyanshu\OneDrive\Desktop\MECup\backend\inference\openvino_model\model.xml
2026-02-17 14:24:02,406 [INFO] [Inference] Using CPU backend (ONNX Runtime)
2026-02-17 14:24:05,920 [INFO] [Inference] Model ready (cpu_onnx)
2026-02-17 14:24:05,920 [ERROR] Error in inference process: [Errno 2] No such file or directory: 'C:\\MyStuff\\VS\\MECup\\backend\\inference\\stitched_result2.jpg'
2026-02-17 14:24:17,978 [WARNING] [Inference] TensorRT or cuda-python not installed: No module named 'tensorrt'
2026-02-17 14:24:18,320 [INFO] [Inference] Using GPU
2026-02-17 14:24:18,320 [INFO] [Inference] Loading OpenVINO model from C:\Users\Priyanshu\OneDrive\Desktop\MECup\backend\inference\openvino_model\model.xml
2026-02-17 14:24:19,825 [INFO] [Inference] Using CPU backend (ONNX Runtime)
2026-02-17 14:24:22,916 [INFO] [Inference] Model ready (cpu_onnx)
2026-02-17 14:24:22,916 [ERROR] Error in inference process: [Errno 2] No such file or directory: 'C:\\MyStuff\\VS\\MECup\\backend\\inference\\stitched_result2.jpg'
2026-02-17 14:25:30,570 [ERROR] Polling thread error: PLC disconnected: timed out
2026-02-17 14:25:33,648 [ERROR] Polling thread error: PLC disconnected: timed out
2026-02-17 14:25:34,891 [WARNING] [Inference] TensorRT or cuda-python not installed: No module named 'tensorrt'
2026-02-17 14:25:35,197 [INFO] [Inference] Using GPU
2026-02-17 14:25:35,198 [INFO] [Inference] Loading OpenVINO model from C:\Users\Priyanshu\OneDrive\Desktop\MECup\backend\inference\openvino_model\model.xml
2026-02-17 14:25:36,728 [ERROR] Polling thread error: PLC disconnected: timed out
2026-02-17 14:25:39,188 [INFO] [Inference] Using CPU backend (ONNX Runtime)
2026-02-17 14:25:39,822 [ERROR] Polling thread error: PLC disconnected: timed out
2026-02-17 14:25:42,910 [ERROR] Polling thread error: PLC disconnected: timed out
2026-02-17 14:25:46,006 [ERROR] Polling thread error: PLC disconnected: timed out
2026-02-17 14:25:49,095 [ERROR] Polling thread error: PLC disconnected: timed out
2026-02-17 14:25:52,175 [ERROR] Polling thread error: PLC disconnected: timed out
2026-02-17 14:25:55,276 [ERROR] Polling thread error: PLC disconnected: timed out
2026-02-17 14:25:58,364 [ERROR] Polling thread error: PLC disconnected: timed out
2026-02-17 14:25:59,259 [INFO] [Inference] Model ready (cpu_onnx)
2026-02-17 14:25:59,263 [ERROR] Error in inference process: [Errno 2] No such file or directory: 'C:\\MyStuff\\VS\\MECup\\backend\\inference\\stitched_result2.jpg'
2026-02-17 14:26:01,455 [ERROR] Polling thread error: PLC disconnected: timed out
2026-02-17 14:26:04,544 [ERROR] Polling thread error: PLC disconnected: timed out
2026-02-17 14:26:07,636 [ERROR] Polling thread error: PLC disconnected: timed out
2026-02-17 14:26:10,720 [ERROR] Polling thread error: PLC disconnected: timed out
2026-02-17 14:26:13,809 [ERROR] Polling thread error: PLC disconnected: timed out
2026-02-17 14:26:16,887 [ERROR] Polling thread error: PLC disconnected: timed out
2026-02-17 14:26:19,979 [ERROR] Polling thread error: PLC disconnected: timed out
2026-02-17 14:26:23,067 [ERROR] Polling thread error: PLC disconnected: timed out
2026-02-17 14:26:26,145 [ERROR] Polling thread error: PLC disconnected: timed out
2026-02-17 14:26:29,231 [ERROR] Polling thread error: PLC disconnected: timed out
2026-02-17 14:26:32,320 [ERROR] Polling thread error: PLC disconnected: timed out
2026-02-17 14:26:35,402 [ERROR] Polling thread error: PLC disconnected: timed out
2026-02-17 14:26:38,492 [ERROR] Polling thread error: PLC disconnected: timed out
2026-02-17 14:26:41,577 [ERROR] Polling thread error: PLC disconnected: timed out
2026-02-17 14:26:44,655 [ERROR] Polling thread error: PLC disconnected: timed out
2026-02-17 14:26:47,744 [ERROR] Polling thread error: PLC disconnected: timed out
2026-02-17 14:26:50,831 [ERROR] Polling thread error: PLC disconnected: timed out
2026-02-17 14:26:53,924 [ERROR] Polling thread error: PLC disconnected: timed out
2026-02-17 14:26:57,008 [ERROR] Polling thread error: PLC disconnected: timed out
2026-02-17 14:27:00,086 [ERROR] Polling thread error: PLC disconnected: timed out
2026-02-17 14:27:03,175 [ERROR] Polling thread error: PLC disconnected: timed out
2026-02-17 14:27:06,257 [ERROR] Polling thread error: PLC disconnected: timed out
2026-02-17 14:27:09,346 [ERROR] Polling thread error: PLC disconnected: timed out
2026-02-17 14:27:12,432 [ERROR] Polling thread error: PLC disconnected: timed out
2026-02-17 14:27:15,520 [ERROR] Polling thread error: PLC disconnected: timed out
2026-02-17 14:27:18,601 [ERROR] Polling thread error: PLC disconnected: timed out
2026-02-17 14:27:21,689 [ERROR] Polling thread error: PLC disconnected: timed out
2026-02-17 14:27:24,777 [ERROR] Polling thread error: PLC disconnected: timed out
2026-02-17 14:27:27,867 [ERROR] Polling thread error: PLC disconnected: timed out
2026-02-17 14:27:30,944 [ERROR] Polling thread error: PLC disconnected: timed out
2026-02-17 14:27:34,026 [ERROR] Polling thread error: PLC disconnected: timed out
2026-02-17 14:27:37,113 [ERROR] Polling thread error: PLC disconnected: timed out
2026-02-17 14:27:40,203 [ERROR] Polling thread error: PLC disconnected: timed out
2026-02-17 14:27:43,280 [ERROR] Polling thread error: PLC disconnected: timed out
2026-02-17 14:27:46,367 [ERROR] Polling thread error: PLC disconnected: timed out
2026-02-17 14:27:49,454 [ERROR] Polling thread error: PLC disconnected: timed out
2026-02-17 14:27:52,531 [ERROR] Polling thread error: PLC disconnected: timed out
2026-02-17 14:27:55,615 [ERROR] Polling thread error: PLC disconnected: timed out
2026-02-17 14:27:58,701 [ERROR] Polling thread error: PLC disconnected: timed out
2026-02-17 14:28:01,789 [ERROR] Polling thread error: PLC disconnected: timed out
2026-02-17 14:28:04,877 [ERROR] Polling thread error: PLC disconnected: timed out
2026-02-17 14:28:07,957 [ERROR] Polling thread error: PLC disconnected: timed out
2026-02-17 14:28:11,045 [ERROR] Polling thread error: PLC disconnected: timed out
2026-02-17 14:28:14,123 [ERROR] Polling thread error: PLC disconnected: timed out
2026-02-17 14:28:17,204 [ERROR] Polling thread error: PLC disconnected: timed out
2026-02-17 14:28:20,295 [ERROR] Polling thread error: PLC disconnected: timed out
2026-02-17 14:28:23,383 [ERROR] Polling thread error: PLC disconnected: timed out
2026-02-17 14:28:26,467 [ERROR] Polling thread error: PLC disconnected: timed out
2026-02-17 14:28:29,551 [ERROR] Polling thread error: PLC disconnected: timed out
2026-02-17 14:28:32,635 [ERROR] Polling thread error: PLC disconnected: timed out
2026-02-17 14:28:35,712 [ERROR] Polling thread error: PLC disconnected: timed out
2026-02-17 14:28:38,798 [ERROR] Polling thread error: PLC disconnected: timed out
2026-02-17 14:28:41,887 [ERROR] Polling thread error: PLC disconnected: timed out
2026-02-17 14:28:44,967 [ERROR] Polling thread error: PLC disconnected: timed out
2026-02-17 14:28:48,054 [ERROR] Polling thread error: PLC disconnected: timed out
2026-02-17 14:28:51,130 [ERROR] Polling thread error: PLC disconnected: timed out
2026-02-17 14:28:54,217 [ERROR] Polling thread error: PLC disconnected: timed out
2026-02-17 14:28:57,302 [ERROR] Polling thread error: PLC disconnected: timed out
2026-02-17 14:29:00,394 [ERROR] Polling thread error: PLC disconnected: timed out
2026-02-17 14:29:03,482 [ERROR] Polling thread error: PLC disconnected: timed out
2026-02-17 14:29:06,571 [ERROR] Polling thread error: PLC disconnected: timed out
2026-02-17 14:29:09,658 [ERROR] Polling thread error: PLC disconnected: timed out
2026-02-17 14:29:12,741 [ERROR] Polling thread error: PLC disconnected: timed out
2026-02-17 14:29:15,824 [ERROR] Polling thread error: PLC disconnected: timed out
2026-02-17 14:29:18,908 [ERROR] Polling thread error: PLC disconnected: timed out
2026-02-17 14:29:21,988 [ERROR] Polling thread error: PLC disconnected: timed out
2026-02-17 14:29:25,066 [ERROR] Polling thread error: PLC disconnected: timed out
2026-02-17 14:29:28,153 [ERROR] Polling thread error: PLC disconnected: timed out
2026-02-17 14:29:31,245 [ERROR] Polling thread error: PLC disconnected: timed out
2026-02-17 14:29:34,326 [ERROR] Polling thread error: PLC disconnected: timed out
2026-02-17 14:29:37,406 [ERROR] Polling thread error: PLC disconnected: timed out
2026-02-17 14:29:40,489 [ERROR] Polling thread error: PLC disconnected: timed out
2026-02-17 14:29:43,576 [ERROR] Polling thread error: PLC disconnected: timed out
2026-02-17 14:29:46,661 [ERROR] Polling thread error: PLC disconnected: timed out
2026-02-17 14:29:49,739 [ERROR] Polling thread error: PLC disconnected: timed out
2026-02-17 14:29:52,820 [ERROR] Polling thread error: PLC disconnected: timed out
2026-02-17 14:29:55,903 [ERROR] Polling thread error: PLC disconnected: timed out
2026-02-17 14:29:58,987 [ERROR] Polling thread error: PLC disconnected: timed out
2026-02-17 14:30:14,053 [WARNING] [Inference] TensorRT or cuda-python not installed: No module named 'tensorrt'
2026-02-17 14:30:14,406 [INFO] [Inference] Using GPU
2026-02-17 14:30:14,406 [INFO] [Inference] Loading OpenVINO model from C:\Users\Priyanshu\OneDrive\Desktop\MECup\backend\inference\openvino_model\model.xml
2026-02-17 14:30:23,793 [WARNING] [Inference] TensorRT or cuda-python not installed: No module named 'tensorrt'
2026-02-17 14:30:24,116 [INFO] [Inference] Using GPU
2026-02-17 14:30:24,118 [INFO] [Inference] Loading OpenVINO model from C:\Users\Priyanshu\OneDrive\Desktop\MECup\backend\inference\openvino_model\model.xml
2026-02-17 14:30:25,648 [INFO] [Inference] Using CPU backend (ONNX Runtime)
2026-02-17 14:30:28,985 [INFO] [Inference] Model ready (cpu_onnx)
2026-02-17 14:30:28,985 [ERROR] Error in inference process: [Errno 2] No such file or directory: 'C:\\MyStuff\\VS\\MECup\\backend\\inference\\stitched_result2.jpg'
2026-02-17 14:30:46,747 [ERROR] Polling thread error: PLC disconnected: timed out
2026-02-17 14:30:49,834 [ERROR] Polling thread error: PLC disconnected: timed out
2026-02-17 14:30:51,960 [WARNING] [Inference] TensorRT or cuda-python not installed: No module named 'tensorrt'
2026-02-17 14:30:52,315 [INFO] [Inference] Using GPU
2026-02-17 14:30:52,315 [INFO] [Inference] Loading OpenVINO model from C:\Users\Priyanshu\OneDrive\Desktop\MECup\backend\inference\openvino_model\model.xml
2026-02-17 14:30:52,916 [ERROR] Polling thread error: PLC disconnected: timed out
2026-02-17 14:30:53,957 [INFO] [Inference] Using CPU backend (ONNX Runtime)
2026-02-17 14:30:56,007 [ERROR] Polling thread error: PLC disconnected: timed out
2026-02-17 14:30:57,420 [INFO] [Inference] Model ready (cpu_onnx)
2026-02-17 14:30:57,421 [ERROR] Error in inference process: [Errno 2] No such file or directory: 'C:\\MyStuff\\VS\\MECup\\backend\\inference\\stitched_result2.jpg'
2026-02-17 14:30:59,085 [ERROR] Polling thread error: PLC disconnected: timed out
2026-02-17 14:31:02,166 [ERROR] Polling thread error: PLC disconnected: timed out
2026-02-17 14:31:05,256 [ERROR] Polling thread error: PLC disconnected: timed out
2026-02-17 14:31:08,339 [ERROR] Polling thread error: PLC disconnected: timed out
